2026-07-18 16:32:55,837 [trainer.py] => config: exps/review/task_incremental_imr5t/tuna.json
2026-07-18 16:32:55,837 [trainer.py] => dataset: imagenetr
2026-07-18 16:32:55,837 [trainer.py] => memory_size: 0
2026-07-18 16:32:55,837 [trainer.py] => memory_per_class: 0
2026-07-18 16:32:55,837 [trainer.py] => fixed_memory: False
2026-07-18 16:32:55,838 [trainer.py] => shuffle: True
2026-07-18 16:32:55,838 [trainer.py] => init_cls: 10
2026-07-18 16:32:55,838 [trainer.py] => increment: 10
2026-07-18 16:32:55,838 [trainer.py] => seed: 1993
2026-07-18 16:32:55,838 [trainer.py] => scenario: cil
2026-07-18 16:32:55,838 [trainer.py] => stop_after_tasks: 5
2026-07-18 16:32:55,838 [trainer.py] => pretrained: True
2026-07-18 16:32:55,838 [trainer.py] => print_forget: True
2026-07-18 16:32:55,838 [trainer.py] => final_metrics: True
2026-07-18 16:32:55,838 [trainer.py] => backbone_type: vit_base_patch16_224_in21k_tuna
2026-07-18 16:32:55,838 [trainer.py] => tuned_epoch: 15
2026-07-18 16:32:55,838 [trainer.py] => init_lr: 0.01
2026-07-18 16:32:55,838 [trainer.py] => batch_size: 16
2026-07-18 16:32:55,838 [trainer.py] => weight_decay: 0.0005
2026-07-18 16:32:55,838 [trainer.py] => min_lr: 0
2026-07-18 16:32:55,838 [trainer.py] => optimizer: sgd
2026-07-18 16:32:55,838 [trainer.py] => scheduler: cosine
2026-07-18 16:32:55,838 [trainer.py] => reinit_optimizer: True
2026-07-18 16:32:55,838 [trainer.py] => init_milestones: [10]
2026-07-18 16:32:55,838 [trainer.py] => init_lr_decay: 0.1
2026-07-18 16:32:55,838 [trainer.py] => model_name: tuna
2026-07-18 16:32:55,838 [trainer.py] => reg: 0.001
2026-07-18 16:32:55,838 [trainer.py] => use_orth: False
2026-07-18 16:32:55,839 [trainer.py] => crct_epochs: 30
2026-07-18 16:32:55,839 [trainer.py] => ca_lr: 0.005
2026-07-18 16:32:55,839 [trainer.py] => ca_storage_efficient_method: covariance
2026-07-18 16:32:55,839 [trainer.py] => ca_storage_efficient_method_choices: ['covariance', 'variance']
2026-07-18 16:32:55,839 [trainer.py] => decay: False
2026-07-18 16:32:55,839 [trainer.py] => drop: 0.0
2026-07-18 16:32:55,839 [trainer.py] => drop_path: 0.0
2026-07-18 16:32:55,839 [trainer.py] => r: 16
2026-07-18 16:32:55,839 [trainer.py] => scale: 20.0
2026-07-18 16:32:55,839 [trainer.py] => m: 0.0
2026-07-18 16:32:55,839 [trainer.py] => device: [device(type='cuda', index=1)]
2026-07-18 16:32:55,839 [trainer.py] => prefix: review_imr5t_tuna
2026-07-18 16:32:55,926 [data_manager.py] => [168, 136, 51, 9, 183, 101, 171, 99, 42, 159, 191, 70, 16, 188, 27, 10, 175, 26, 68, 187, 98, 6, 85, 35, 112, 43, 100, 0, 103, 181, 88, 59, 4, 2, 116, 174, 94, 80, 106, 1, 147, 17, 141, 131, 72, 23, 173, 54, 197, 118, 87, 32, 79, 104, 91, 19, 135, 107, 178, 36, 11, 199, 142, 8, 122, 3, 28, 57, 153, 172, 190, 56, 49, 44, 97, 62, 151, 169, 194, 55, 192, 12, 189, 78, 66, 180, 15, 137, 109, 134, 92, 119, 126, 52, 170, 40, 148, 65, 144, 64, 138, 45, 77, 89, 154, 90, 71, 193, 74, 30, 113, 143, 96, 84, 67, 50, 186, 156, 69, 21, 18, 111, 108, 58, 125, 157, 150, 110, 182, 129, 166, 83, 81, 60, 13, 165, 14, 176, 63, 117, 5, 22, 145, 121, 38, 41, 82, 127, 114, 20, 31, 53, 37, 163, 196, 130, 152, 162, 86, 76, 24, 34, 184, 149, 33, 128, 198, 155, 146, 167, 139, 120, 140, 102, 47, 25, 158, 123, 46, 164, 61, 7, 115, 75, 133, 160, 105, 132, 179, 124, 48, 73, 93, 39, 95, 195, 29, 177, 185, 161]
2026-07-18 16:32:59,116 [tuna.py] => 86,256,776 model total parameters.
2026-07-18 16:32:59,117 [tuna.py] => 458,120 model training parameters.
2026-07-18 16:32:59,117 [tuna.py] => backbone.head.weight: 153600
2026-07-18 16:32:59,117 [tuna.py] => backbone.head.bias: 200
2026-07-18 16:32:59,117 [tuna.py] => backbone.cur_adapter.0.down_proj.weight: 12288
2026-07-18 16:32:59,117 [tuna.py] => backbone.cur_adapter.0.down_proj.bias: 16
2026-07-18 16:32:59,117 [tuna.py] => backbone.cur_adapter.0.up_proj.weight: 12288
2026-07-18 16:32:59,118 [tuna.py] => backbone.cur_adapter.0.up_proj.bias: 768
2026-07-18 16:32:59,118 [tuna.py] => backbone.cur_adapter.1.down_proj.weight: 12288
2026-07-18 16:32:59,118 [tuna.py] => backbone.cur_adapter.1.down_proj.bias: 16
2026-07-18 16:32:59,118 [tuna.py] => backbone.cur_adapter.1.up_proj.weight: 12288
2026-07-18 16:32:59,118 [tuna.py] => backbone.cur_adapter.1.up_proj.bias: 768
2026-07-18 16:32:59,118 [tuna.py] => backbone.cur_adapter.2.down_proj.weight: 12288
2026-07-18 16:32:59,118 [tuna.py] => backbone.cur_adapter.2.down_proj.bias: 16
2026-07-18 16:32:59,118 [tuna.py] => backbone.cur_adapter.2.up_proj.weight: 12288
2026-07-18 16:32:59,118 [tuna.py] => backbone.cur_adapter.2.up_proj.bias: 768
2026-07-18 16:32:59,118 [tuna.py] => backbone.cur_adapter.3.down_proj.weight: 12288
2026-07-18 16:32:59,118 [tuna.py] => backbone.cur_adapter.3.down_proj.bias: 16
2026-07-18 16:32:59,118 [tuna.py] => backbone.cur_adapter.3.up_proj.weight: 12288
2026-07-18 16:32:59,118 [tuna.py] => backbone.cur_adapter.3.up_proj.bias: 768
2026-07-18 16:32:59,118 [tuna.py] => backbone.cur_adapter.4.down_proj.weight: 12288
2026-07-18 16:32:59,118 [tuna.py] => backbone.cur_adapter.4.down_proj.bias: 16
2026-07-18 16:32:59,118 [tuna.py] => backbone.cur_adapter.4.up_proj.weight: 12288
2026-07-18 16:32:59,118 [tuna.py] => backbone.cur_adapter.4.up_proj.bias: 768
2026-07-18 16:32:59,118 [tuna.py] => backbone.cur_adapter.5.down_proj.weight: 12288
2026-07-18 16:32:59,118 [tuna.py] => backbone.cur_adapter.5.down_proj.bias: 16
2026-07-18 16:32:59,118 [tuna.py] => backbone.cur_adapter.5.up_proj.weight: 12288
2026-07-18 16:32:59,118 [tuna.py] => backbone.cur_adapter.5.up_proj.bias: 768
2026-07-18 16:32:59,119 [tuna.py] => backbone.cur_adapter.6.down_proj.weight: 12288
2026-07-18 16:32:59,119 [tuna.py] => backbone.cur_adapter.6.down_proj.bias: 16
2026-07-18 16:32:59,119 [tuna.py] => backbone.cur_adapter.6.up_proj.weight: 12288
2026-07-18 16:32:59,119 [tuna.py] => backbone.cur_adapter.6.up_proj.bias: 768
2026-07-18 16:32:59,119 [tuna.py] => backbone.cur_adapter.7.down_proj.weight: 12288
2026-07-18 16:32:59,119 [tuna.py] => backbone.cur_adapter.7.down_proj.bias: 16
2026-07-18 16:32:59,119 [tuna.py] => backbone.cur_adapter.7.up_proj.weight: 12288
2026-07-18 16:32:59,119 [tuna.py] => backbone.cur_adapter.7.up_proj.bias: 768
2026-07-18 16:32:59,119 [tuna.py] => backbone.cur_adapter.8.down_proj.weight: 12288
2026-07-18 16:32:59,119 [tuna.py] => backbone.cur_adapter.8.down_proj.bias: 16
2026-07-18 16:32:59,119 [tuna.py] => backbone.cur_adapter.8.up_proj.weight: 12288
2026-07-18 16:32:59,119 [tuna.py] => backbone.cur_adapter.8.up_proj.bias: 768
2026-07-18 16:32:59,119 [tuna.py] => backbone.cur_adapter.9.down_proj.weight: 12288
2026-07-18 16:32:59,119 [tuna.py] => backbone.cur_adapter.9.down_proj.bias: 16
2026-07-18 16:32:59,119 [tuna.py] => backbone.cur_adapter.9.up_proj.weight: 12288
2026-07-18 16:32:59,119 [tuna.py] => backbone.cur_adapter.9.up_proj.bias: 768
2026-07-18 16:32:59,119 [tuna.py] => backbone.cur_adapter.10.down_proj.weight: 12288
2026-07-18 16:32:59,119 [tuna.py] => backbone.cur_adapter.10.down_proj.bias: 16
2026-07-18 16:32:59,119 [tuna.py] => backbone.cur_adapter.10.up_proj.weight: 12288
2026-07-18 16:32:59,119 [tuna.py] => backbone.cur_adapter.10.up_proj.bias: 768
2026-07-18 16:32:59,119 [tuna.py] => backbone.cur_adapter.11.down_proj.weight: 12288
2026-07-18 16:32:59,120 [tuna.py] => backbone.cur_adapter.11.down_proj.bias: 16
2026-07-18 16:32:59,120 [tuna.py] => backbone.cur_adapter.11.up_proj.weight: 12288
2026-07-18 16:32:59,120 [tuna.py] => backbone.cur_adapter.11.up_proj.bias: 768
2026-07-18 16:32:59,120 [trainer.py] => stop_after_tasks=5 (of 20 total)
2026-07-18 16:32:59,120 [trainer.py] => All params: 86256776
2026-07-18 16:32:59,121 [trainer.py] => Trainable params: 458120
2026-07-18 16:32:59,122 [tuna.py] => Learning on 0-10
2026-07-18 16:35:16,848 [tuna.py] => Task 0, Epoch 15/15 => Loss 0.227, Train_accy 94.81
2026-07-18 16:35:27,528 [trainer.py] => No NME accuracy.
2026-07-18 16:35:27,529 [trainer.py] => CNN: {'total': 94.62, '00-09': 94.62, 'old': 0, 'new': 94.62}
2026-07-18 16:35:27,529 [trainer.py] => CNN top1 curve: [94.62]
2026-07-18 16:35:27,529 [trainer.py] => CNN top5 curve: [99.68]

2026-07-18 16:35:27,529 [trainer.py] => Average Accuracy (CNN): 94.62 

2026-07-18 16:35:27,529 [trainer.py] => All params: 86568776
2026-07-18 16:35:27,530 [trainer.py] => Trainable params: 770120
2026-07-18 16:35:27,531 [tuna.py] => Learning on 10-20
2026-07-18 16:38:07,968 [tuna.py] => Task 1, Epoch 15/15 => Loss 0.189, Train_accy 92.53
2026-07-18 16:38:20,431 [tuna.py] => Task 1, Epoch 30/30 => Loss 0.090, CA_accy 99.56
2026-07-18 16:38:27,426 [trainer.py] => No NME accuracy.
2026-07-18 16:38:27,426 [trainer.py] => CNN: {'total': 92.9, '00-09': 92.41, '10-19': 93.32, 'old': 92.41, 'new': 93.32}
2026-07-18 16:38:27,426 [trainer.py] => CNN top1 curve: [94.62, 92.9]
2026-07-18 16:38:27,426 [trainer.py] => CNN top5 curve: [99.68, 98.99]

2026-07-18 16:38:27,426 [trainer.py] => Average Accuracy (CNN): 93.76 

2026-07-18 16:38:27,428 [trainer.py] => All params: 87185096
2026-07-18 16:38:27,429 [trainer.py] => Trainable params: 1386440
2026-07-18 16:38:27,430 [tuna.py] => Learning on 20-30
2026-07-18 16:41:28,374 [tuna.py] => Task 2, Epoch 15/15 => Loss 0.196, Train_accy 87.39
2026-07-18 16:41:56,141 [tuna.py] => Task 2, Epoch 30/30 => Loss 0.094, CA_accy 99.38
2026-07-18 16:42:21,912 [trainer.py] => No NME accuracy.
2026-07-18 16:42:21,913 [trainer.py] => CNN: {'total': 90.41, '00-09': 89.56, '10-19': 90.91, '20-29': 90.7, 'old': 90.29, 'new': 90.7}
2026-07-18 16:42:21,913 [trainer.py] => CNN top1 curve: [94.62, 92.9, 90.41]
2026-07-18 16:42:21,913 [trainer.py] => CNN top5 curve: [99.68, 98.99, 98.08]

2026-07-18 16:42:21,913 [trainer.py] => Average Accuracy (CNN): 92.64333333333333 

2026-07-18 16:42:21,915 [trainer.py] => All params: 87497096
2026-07-18 16:42:21,917 [trainer.py] => Trainable params: 1698440
2026-07-18 16:42:21,918 [tuna.py] => Learning on 30-40
2026-07-18 16:48:32,640 [tuna.py] => Task 3, Epoch 15/15 => Loss 0.178, Train_accy 88.00
2026-07-18 16:49:03,254 [tuna.py] => Task 3, Epoch 30/30 => Loss 0.097, CA_accy 99.31
2026-07-18 16:49:45,849 [trainer.py] => No NME accuracy.
2026-07-18 16:49:45,849 [trainer.py] => CNN: {'total': 89.93, '00-09': 89.24, '10-19': 90.37, '20-29': 89.37, '30-39': 90.61, 'old': 89.71, 'new': 90.61}
2026-07-18 16:49:45,849 [trainer.py] => CNN top1 curve: [94.62, 92.9, 90.41, 89.93]
2026-07-18 16:49:45,849 [trainer.py] => CNN top5 curve: [99.68, 98.99, 98.08, 97.88]

2026-07-18 16:49:45,849 [trainer.py] => Average Accuracy (CNN): 91.965 

2026-07-18 16:49:45,851 [trainer.py] => All params: 87809096
2026-07-18 16:49:45,852 [trainer.py] => Trainable params: 2010440
2026-07-18 16:49:45,854 [tuna.py] => Learning on 40-50
2026-07-18 16:54:50,090 [tuna.py] => Task 4, Epoch 15/15 => Loss 0.238, Train_accy 83.75
2026-07-18 16:55:29,061 [tuna.py] => Task 4, Epoch 30/30 => Loss 0.109, CA_accy 99.25
2026-07-18 16:56:28,863 [trainer.py] => No NME accuracy.
2026-07-18 16:56:28,864 [trainer.py] => CNN: {'total': 87.67, '00-09': 86.39, '10-19': 88.77, '20-29': 87.71, '30-39': 89.39, '40-49': 85.56, 'old': 88.12, 'new': 85.56}
2026-07-18 16:56:28,864 [trainer.py] => CNN top1 curve: [94.62, 92.9, 90.41, 89.93, 87.67]
2026-07-18 16:56:28,864 [trainer.py] => CNN top5 curve: [99.68, 98.99, 98.08, 97.88, 96.5]

2026-07-18 16:56:28,864 [trainer.py] => Average Accuracy (CNN): 91.10600000000001 

2026-07-18 16:56:28,864 [metrics_logger.py] => [metrics] Learner has no _deployed_forward; skipping inference-cost measurement
2026-07-18 16:56:28,865 [metrics_logger.py] => [metrics] wrote run_logs/final/tuna/metrics_tuna_imagenetr_review_imr5t_tuna_s1993.json
2026-07-18 16:56:28,866 [trainer.py] => Forgetting (CNN): 4.247500000000002
2026-07-18 16:56:28,866 [trainer.py] => Forgetting (NME): 4.247500000000002
