2026-07-18 17:22:27,189 [trainer.py] => config: exps/review/task_incremental_imr5t/tuna_adamw.json
2026-07-18 17:22:27,189 [trainer.py] => dataset: imagenetr
2026-07-18 17:22:27,189 [trainer.py] => memory_size: 0
2026-07-18 17:22:27,189 [trainer.py] => memory_per_class: 0
2026-07-18 17:22:27,189 [trainer.py] => fixed_memory: False
2026-07-18 17:22:27,189 [trainer.py] => shuffle: True
2026-07-18 17:22:27,189 [trainer.py] => init_cls: 10
2026-07-18 17:22:27,189 [trainer.py] => increment: 10
2026-07-18 17:22:27,189 [trainer.py] => seed: 1993
2026-07-18 17:22:27,189 [trainer.py] => scenario: cil
2026-07-18 17:22:27,189 [trainer.py] => stop_after_tasks: 5
2026-07-18 17:22:27,190 [trainer.py] => pretrained: True
2026-07-18 17:22:27,190 [trainer.py] => print_forget: True
2026-07-18 17:22:27,190 [trainer.py] => final_metrics: True
2026-07-18 17:22:27,190 [trainer.py] => backbone_type: vit_base_patch16_224_in21k_tuna
2026-07-18 17:22:27,190 [trainer.py] => tuned_epoch: 15
2026-07-18 17:22:27,190 [trainer.py] => init_lr: 0.0003
2026-07-18 17:22:27,190 [trainer.py] => batch_size: 16
2026-07-18 17:22:27,190 [trainer.py] => weight_decay: 0.0005
2026-07-18 17:22:27,190 [trainer.py] => min_lr: 0
2026-07-18 17:22:27,190 [trainer.py] => optimizer: adamw
2026-07-18 17:22:27,190 [trainer.py] => scheduler: cosine
2026-07-18 17:22:27,190 [trainer.py] => reinit_optimizer: True
2026-07-18 17:22:27,190 [trainer.py] => init_milestones: [10]
2026-07-18 17:22:27,190 [trainer.py] => init_lr_decay: 0.1
2026-07-18 17:22:27,190 [trainer.py] => model_name: tuna
2026-07-18 17:22:27,190 [trainer.py] => reg: 0.001
2026-07-18 17:22:27,190 [trainer.py] => use_orth: False
2026-07-18 17:22:27,190 [trainer.py] => crct_epochs: 30
2026-07-18 17:22:27,190 [trainer.py] => ca_lr: 0.005
2026-07-18 17:22:27,190 [trainer.py] => ca_storage_efficient_method: covariance
2026-07-18 17:22:27,190 [trainer.py] => ca_storage_efficient_method_choices: ['covariance', 'variance']
2026-07-18 17:22:27,190 [trainer.py] => decay: False
2026-07-18 17:22:27,190 [trainer.py] => drop: 0.0
2026-07-18 17:22:27,190 [trainer.py] => drop_path: 0.0
2026-07-18 17:22:27,190 [trainer.py] => r: 16
2026-07-18 17:22:27,191 [trainer.py] => scale: 20.0
2026-07-18 17:22:27,191 [trainer.py] => m: 0.0
2026-07-18 17:22:27,191 [trainer.py] => device: [device(type='cuda', index=0)]
2026-07-18 17:22:27,191 [trainer.py] => prefix: sensitivity_tuna_adamw_lr0003
2026-07-18 17:22:27,277 [data_manager.py] => [168, 136, 51, 9, 183, 101, 171, 99, 42, 159, 191, 70, 16, 188, 27, 10, 175, 26, 68, 187, 98, 6, 85, 35, 112, 43, 100, 0, 103, 181, 88, 59, 4, 2, 116, 174, 94, 80, 106, 1, 147, 17, 141, 131, 72, 23, 173, 54, 197, 118, 87, 32, 79, 104, 91, 19, 135, 107, 178, 36, 11, 199, 142, 8, 122, 3, 28, 57, 153, 172, 190, 56, 49, 44, 97, 62, 151, 169, 194, 55, 192, 12, 189, 78, 66, 180, 15, 137, 109, 134, 92, 119, 126, 52, 170, 40, 148, 65, 144, 64, 138, 45, 77, 89, 154, 90, 71, 193, 74, 30, 113, 143, 96, 84, 67, 50, 186, 156, 69, 21, 18, 111, 108, 58, 125, 157, 150, 110, 182, 129, 166, 83, 81, 60, 13, 165, 14, 176, 63, 117, 5, 22, 145, 121, 38, 41, 82, 127, 114, 20, 31, 53, 37, 163, 196, 130, 152, 162, 86, 76, 24, 34, 184, 149, 33, 128, 198, 155, 146, 167, 139, 120, 140, 102, 47, 25, 158, 123, 46, 164, 61, 7, 115, 75, 133, 160, 105, 132, 179, 124, 48, 73, 93, 39, 95, 195, 29, 177, 185, 161]
2026-07-18 17:22:30,642 [tuna.py] => 86,256,776 model total parameters.
2026-07-18 17:22:30,642 [tuna.py] => 458,120 model training parameters.
2026-07-18 17:22:30,643 [tuna.py] => backbone.head.weight: 153600
2026-07-18 17:22:30,643 [tuna.py] => backbone.head.bias: 200
2026-07-18 17:22:30,643 [tuna.py] => backbone.cur_adapter.0.down_proj.weight: 12288
2026-07-18 17:22:30,643 [tuna.py] => backbone.cur_adapter.0.down_proj.bias: 16
2026-07-18 17:22:30,643 [tuna.py] => backbone.cur_adapter.0.up_proj.weight: 12288
2026-07-18 17:22:30,643 [tuna.py] => backbone.cur_adapter.0.up_proj.bias: 768
2026-07-18 17:22:30,643 [tuna.py] => backbone.cur_adapter.1.down_proj.weight: 12288
2026-07-18 17:22:30,643 [tuna.py] => backbone.cur_adapter.1.down_proj.bias: 16
2026-07-18 17:22:30,643 [tuna.py] => backbone.cur_adapter.1.up_proj.weight: 12288
2026-07-18 17:22:30,643 [tuna.py] => backbone.cur_adapter.1.up_proj.bias: 768
2026-07-18 17:22:30,643 [tuna.py] => backbone.cur_adapter.2.down_proj.weight: 12288
2026-07-18 17:22:30,643 [tuna.py] => backbone.cur_adapter.2.down_proj.bias: 16
2026-07-18 17:22:30,643 [tuna.py] => backbone.cur_adapter.2.up_proj.weight: 12288
2026-07-18 17:22:30,643 [tuna.py] => backbone.cur_adapter.2.up_proj.bias: 768
2026-07-18 17:22:30,643 [tuna.py] => backbone.cur_adapter.3.down_proj.weight: 12288
2026-07-18 17:22:30,644 [tuna.py] => backbone.cur_adapter.3.down_proj.bias: 16
2026-07-18 17:22:30,644 [tuna.py] => backbone.cur_adapter.3.up_proj.weight: 12288
2026-07-18 17:22:30,644 [tuna.py] => backbone.cur_adapter.3.up_proj.bias: 768
2026-07-18 17:22:30,644 [tuna.py] => backbone.cur_adapter.4.down_proj.weight: 12288
2026-07-18 17:22:30,644 [tuna.py] => backbone.cur_adapter.4.down_proj.bias: 16
2026-07-18 17:22:30,644 [tuna.py] => backbone.cur_adapter.4.up_proj.weight: 12288
2026-07-18 17:22:30,644 [tuna.py] => backbone.cur_adapter.4.up_proj.bias: 768
2026-07-18 17:22:30,644 [tuna.py] => backbone.cur_adapter.5.down_proj.weight: 12288
2026-07-18 17:22:30,644 [tuna.py] => backbone.cur_adapter.5.down_proj.bias: 16
2026-07-18 17:22:30,644 [tuna.py] => backbone.cur_adapter.5.up_proj.weight: 12288
2026-07-18 17:22:30,644 [tuna.py] => backbone.cur_adapter.5.up_proj.bias: 768
2026-07-18 17:22:30,644 [tuna.py] => backbone.cur_adapter.6.down_proj.weight: 12288
2026-07-18 17:22:30,644 [tuna.py] => backbone.cur_adapter.6.down_proj.bias: 16
2026-07-18 17:22:30,644 [tuna.py] => backbone.cur_adapter.6.up_proj.weight: 12288
2026-07-18 17:22:30,644 [tuna.py] => backbone.cur_adapter.6.up_proj.bias: 768
2026-07-18 17:22:30,644 [tuna.py] => backbone.cur_adapter.7.down_proj.weight: 12288
2026-07-18 17:22:30,644 [tuna.py] => backbone.cur_adapter.7.down_proj.bias: 16
2026-07-18 17:22:30,644 [tuna.py] => backbone.cur_adapter.7.up_proj.weight: 12288
2026-07-18 17:22:30,644 [tuna.py] => backbone.cur_adapter.7.up_proj.bias: 768
2026-07-18 17:22:30,644 [tuna.py] => backbone.cur_adapter.8.down_proj.weight: 12288
2026-07-18 17:22:30,644 [tuna.py] => backbone.cur_adapter.8.down_proj.bias: 16
2026-07-18 17:22:30,644 [tuna.py] => backbone.cur_adapter.8.up_proj.weight: 12288
2026-07-18 17:22:30,644 [tuna.py] => backbone.cur_adapter.8.up_proj.bias: 768
2026-07-18 17:22:30,644 [tuna.py] => backbone.cur_adapter.9.down_proj.weight: 12288
2026-07-18 17:22:30,645 [tuna.py] => backbone.cur_adapter.9.down_proj.bias: 16
2026-07-18 17:22:30,645 [tuna.py] => backbone.cur_adapter.9.up_proj.weight: 12288
2026-07-18 17:22:30,645 [tuna.py] => backbone.cur_adapter.9.up_proj.bias: 768
2026-07-18 17:22:30,645 [tuna.py] => backbone.cur_adapter.10.down_proj.weight: 12288
2026-07-18 17:22:30,645 [tuna.py] => backbone.cur_adapter.10.down_proj.bias: 16
2026-07-18 17:22:30,645 [tuna.py] => backbone.cur_adapter.10.up_proj.weight: 12288
2026-07-18 17:22:30,645 [tuna.py] => backbone.cur_adapter.10.up_proj.bias: 768
2026-07-18 17:22:30,645 [tuna.py] => backbone.cur_adapter.11.down_proj.weight: 12288
2026-07-18 17:22:30,645 [tuna.py] => backbone.cur_adapter.11.down_proj.bias: 16
2026-07-18 17:22:30,645 [tuna.py] => backbone.cur_adapter.11.up_proj.weight: 12288
2026-07-18 17:22:30,645 [tuna.py] => backbone.cur_adapter.11.up_proj.bias: 768
2026-07-18 17:22:30,645 [trainer.py] => stop_after_tasks=5 (of 20 total)
2026-07-18 17:22:30,646 [trainer.py] => All params: 86256776
2026-07-18 17:22:30,646 [trainer.py] => Trainable params: 458120
2026-07-18 17:22:30,647 [tuna.py] => Learning on 0-10
2026-07-18 17:31:41,397 [tuna.py] => Task 0, Epoch 15/15 => Loss 0.211, Train_accy 93.57
2026-07-18 17:32:00,783 [trainer.py] => No NME accuracy.
2026-07-18 17:32:00,783 [trainer.py] => CNN: {'total': 96.2, '00-09': 96.2, 'old': 0, 'new': 96.2}
2026-07-18 17:32:00,783 [trainer.py] => CNN top1 curve: [96.2]
2026-07-18 17:32:00,783 [trainer.py] => CNN top5 curve: [99.68]

2026-07-18 17:32:00,783 [trainer.py] => Average Accuracy (CNN): 96.2 

2026-07-18 17:32:00,785 [trainer.py] => All params: 86568776
2026-07-18 17:32:00,786 [trainer.py] => Trainable params: 770120
2026-07-18 17:32:00,791 [tuna.py] => Learning on 10-20
2026-07-18 17:39:53,908 [tuna.py] => Task 1, Epoch 15/15 => Loss 0.202, Train_accy 93.19
2026-07-18 17:40:15,053 [tuna.py] => Task 1, Epoch 30/30 => Loss 0.008, CA_accy 100.00
2026-07-18 17:40:28,071 [trainer.py] => No NME accuracy.
2026-07-18 17:40:28,071 [trainer.py] => CNN: {'total': 93.48, '00-09': 93.04, '10-19': 93.85, 'old': 93.04, 'new': 93.85}
2026-07-18 17:40:28,071 [trainer.py] => CNN top1 curve: [96.2, 93.48]
2026-07-18 17:40:28,071 [trainer.py] => CNN top5 curve: [99.68, 99.13]

2026-07-18 17:40:28,071 [trainer.py] => Average Accuracy (CNN): 94.84 

2026-07-18 17:40:28,072 [trainer.py] => All params: 87185096
2026-07-18 17:40:28,073 [trainer.py] => Trainable params: 1386440
2026-07-18 17:40:28,075 [tuna.py] => Learning on 20-30
2026-07-18 17:45:44,082 [tuna.py] => Task 2, Epoch 15/15 => Loss 0.232, Train_accy 82.39
2026-07-18 17:46:05,496 [tuna.py] => Task 2, Epoch 30/30 => Loss 0.010, CA_accy 100.00
2026-07-18 17:46:28,855 [trainer.py] => No NME accuracy.
2026-07-18 17:46:28,855 [trainer.py] => CNN: {'total': 91.42, '00-09': 90.82, '10-19': 91.71, '20-29': 91.69, 'old': 91.3, 'new': 91.69}
2026-07-18 17:46:28,855 [trainer.py] => CNN top1 curve: [96.2, 93.48, 91.42]
2026-07-18 17:46:28,855 [trainer.py] => CNN top5 curve: [99.68, 99.13, 98.28]

2026-07-18 17:46:28,855 [trainer.py] => Average Accuracy (CNN): 93.7 

2026-07-18 17:46:28,856 [trainer.py] => All params: 87497096
2026-07-18 17:46:28,857 [trainer.py] => Trainable params: 1698440
2026-07-18 17:46:28,857 [tuna.py] => Learning on 30-40
2026-07-18 17:51:52,750 [tuna.py] => Task 3, Epoch 15/15 => Loss 0.220, Train_accy 74.44
2026-07-18 17:52:09,440 [tuna.py] => Task 3, Epoch 30/30 => Loss 0.017, CA_accy 99.69
2026-07-18 17:52:29,512 [trainer.py] => No NME accuracy.
2026-07-18 17:52:29,512 [trainer.py] => CNN: {'total': 90.39, '00-09': 90.51, '10-19': 91.44, '20-29': 89.04, '30-39': 90.3, 'old': 90.41, 'new': 90.3}
2026-07-18 17:52:29,512 [trainer.py] => CNN top1 curve: [96.2, 93.48, 91.42, 90.39]
2026-07-18 17:52:29,513 [trainer.py] => CNN top5 curve: [99.68, 99.13, 98.28, 97.43]

2026-07-18 17:52:29,513 [trainer.py] => Average Accuracy (CNN): 92.8725 

2026-07-18 17:52:29,514 [trainer.py] => All params: 87809096
2026-07-18 17:52:29,516 [trainer.py] => Trainable params: 2010440
2026-07-18 17:52:29,519 [tuna.py] => Learning on 40-50
2026-07-18 17:54:31,824 [tuna.py] => Task 4, Epoch 15/15 => Loss 0.293, Train_accy 78.77
2026-07-18 17:54:50,955 [tuna.py] => Task 4, Epoch 30/30 => Loss 0.020, CA_accy 99.75
2026-07-18 17:55:19,777 [trainer.py] => No NME accuracy.
2026-07-18 17:55:19,778 [trainer.py] => CNN: {'total': 88.8, '00-09': 89.87, '10-19': 90.37, '20-29': 88.37, '30-39': 88.48, '40-49': 86.28, 'old': 89.33, 'new': 86.28}
2026-07-18 17:55:19,778 [trainer.py] => CNN top1 curve: [96.2, 93.48, 91.42, 90.39, 88.8]
2026-07-18 17:55:19,778 [trainer.py] => CNN top5 curve: [99.68, 99.13, 98.28, 97.43, 96.37]

2026-07-18 17:55:19,778 [trainer.py] => Average Accuracy (CNN): 92.058 

2026-07-18 17:55:19,778 [metrics_logger.py] => [metrics] Learner has no _deployed_forward; skipping inference-cost measurement
2026-07-18 17:55:19,779 [metrics_logger.py] => [metrics] wrote run_logs/final/tuna/metrics_tuna_imagenetr_sensitivity_tuna_adamw_lr0003_s1993.json
2026-07-18 17:55:19,779 [trainer.py] => Forgetting (CNN): 3.7374999999999936
2026-07-18 17:55:19,780 [trainer.py] => Forgetting (NME): 3.7374999999999936
