2026-07-20 00:56:25,338 [trainer.py] => config: exps/review/fifty_task_check/cifar224_olora.json
2026-07-20 00:56:25,339 [trainer.py] => dataset: cifar224
2026-07-20 00:56:25,339 [trainer.py] => memory_size: 0
2026-07-20 00:56:25,339 [trainer.py] => memory_per_class: 0
2026-07-20 00:56:25,339 [trainer.py] => fixed_memory: False
2026-07-20 00:56:25,339 [trainer.py] => shuffle: True
2026-07-20 00:56:25,339 [trainer.py] => init_cls: 2
2026-07-20 00:56:25,339 [trainer.py] => increment: 2
2026-07-20 00:56:25,339 [trainer.py] => seed: 1993
2026-07-20 00:56:25,339 [trainer.py] => scenario: cil
2026-07-20 00:56:25,339 [trainer.py] => pretrained: True
2026-07-20 00:56:25,339 [trainer.py] => print_forget: True
2026-07-20 00:56:25,339 [trainer.py] => final_metrics: True
2026-07-20 00:56:25,339 [trainer.py] => backbone_type: vit_base_patch16_224_lora
2026-07-20 00:56:25,339 [trainer.py] => lora_rank: 8
2026-07-20 00:56:25,339 [trainer.py] => lora_alpha: 32
2026-07-20 00:56:25,339 [trainer.py] => tuned_epoch: 10
2026-07-20 00:56:25,339 [trainer.py] => init_lr: 0.0003
2026-07-20 00:56:25,339 [trainer.py] => batch_size: 48
2026-07-20 00:56:25,339 [trainer.py] => weight_decay: 0.0005
2026-07-20 00:56:25,339 [trainer.py] => min_lr: 0.0
2026-07-20 00:56:25,339 [trainer.py] => model_name: olora
2026-07-20 00:56:25,339 [trainer.py] => lora_merge: True
2026-07-20 00:56:25,339 [trainer.py] => lamda_1: 0.5
2026-07-20 00:56:25,339 [trainer.py] => lamda_2: 0.0
2026-07-20 00:56:25,340 [trainer.py] => device: [device(type='cuda', index=0)]
2026-07-20 00:56:25,340 [trainer.py] => prefix: fifty_task_check_cifar224_olora
2026-07-20 00:56:25,340 [trainer.py] => stop_after_tasks: 5
2026-07-20 00:56:27,043 [data_manager.py] => [68, 56, 78, 8, 23, 84, 90, 65, 74, 76, 40, 89, 3, 92, 55, 9, 26, 80, 43, 38, 58, 70, 77, 1, 85, 19, 17, 50, 28, 53, 13, 81, 45, 82, 6, 59, 83, 16, 15, 44, 91, 41, 72, 60, 79, 52, 20, 10, 31, 54, 37, 95, 14, 71, 96, 98, 97, 2, 64, 66, 42, 22, 35, 86, 24, 34, 87, 21, 99, 0, 88, 27, 18, 94, 11, 12, 47, 25, 30, 46, 62, 69, 36, 61, 7, 63, 75, 5, 32, 4, 51, 48, 73, 93, 39, 67, 29, 49, 57, 33]
2026-07-20 00:56:32,117 [trainer.py] => stop_after_tasks=5 (of 50 total)
2026-07-20 00:56:33,610 [trainer.py] => All params: 100544256
2026-07-20 00:56:33,616 [trainer.py] => Trainable params: 14745600
2026-07-20 00:56:33,616 [lora.py] => Learning on 0-2
2026-07-20 00:56:33,630 [lora.py] => Trainable params this task: 296,450 / 100,545,794
2026-07-20 00:57:47,834 [olora.py] => [O-LoRA] Task 0 done. Acc 97.10, final Orth 0.000
2026-07-20 00:57:49,252 [trainer.py] => No NME accuracy.
2026-07-20 00:57:49,252 [trainer.py] => CNN: {'total': 99.5, '00-01': 99.5, 'old': 0, 'new': 99.5}
2026-07-20 00:57:49,252 [trainer.py] => CNN top1 curve: [99.5]
2026-07-20 00:57:49,253 [trainer.py] => CNN top5 curve: [101.5]

2026-07-20 00:57:49,253 [trainer.py] => Average Accuracy (CNN): 99.5 

2026-07-20 00:57:49,261 [trainer.py] => All params: 100545794
2026-07-20 00:57:49,268 [trainer.py] => Trainable params: 296450
2026-07-20 00:57:49,270 [lora.py] => Learning on 2-4
2026-07-20 00:57:49,297 [lora.py] => Trainable params this task: 297,988 / 100,547,332
2026-07-20 00:59:03,898 [olora.py] => [O-LoRA] Task 1 done. Acc 98.10, final Orth 0.018
2026-07-20 00:59:05,967 [trainer.py] => No NME accuracy.
2026-07-20 00:59:05,968 [trainer.py] => CNN: {'total': 95.75, '00-01': 99.5, '02-03': 92.0, 'old': 99.5, 'new': 92.0}
2026-07-20 00:59:05,968 [trainer.py] => CNN top1 curve: [99.5, 95.75]
2026-07-20 00:59:05,968 [trainer.py] => CNN top5 curve: [101.5, 100.0]

2026-07-20 00:59:05,968 [trainer.py] => Average Accuracy (CNN): 97.625 

2026-07-20 00:59:05,976 [trainer.py] => All params: 100547332
2026-07-20 00:59:05,984 [trainer.py] => Trainable params: 297988
2026-07-20 00:59:05,985 [lora.py] => Learning on 4-6
2026-07-20 00:59:06,011 [lora.py] => Trainable params this task: 299,526 / 100,548,870
2026-07-20 01:00:20,645 [olora.py] => [O-LoRA] Task 2 done. Acc 98.80, final Orth 0.025
2026-07-20 01:00:23,428 [trainer.py] => No NME accuracy.
2026-07-20 01:00:23,428 [trainer.py] => CNN: {'total': 87.0, '00-01': 98.0, '02-03': 91.0, '04-05': 72.0, 'old': 94.5, 'new': 72.0}
2026-07-20 01:00:23,428 [trainer.py] => CNN top1 curve: [99.5, 95.75, 87.0]
2026-07-20 01:00:23,428 [trainer.py] => CNN top5 curve: [101.5, 100.0, 100.0]

2026-07-20 01:00:23,428 [trainer.py] => Average Accuracy (CNN): 94.08333333333333 

2026-07-20 01:00:23,437 [trainer.py] => All params: 100548870
2026-07-20 01:00:23,445 [trainer.py] => Trainable params: 299526
2026-07-20 01:00:23,446 [lora.py] => Learning on 6-8
2026-07-20 01:00:23,472 [lora.py] => Trainable params this task: 301,064 / 100,550,408
2026-07-20 01:01:38,208 [olora.py] => [O-LoRA] Task 3 done. Acc 98.40, final Orth 0.031
2026-07-20 01:01:41,658 [trainer.py] => No NME accuracy.
2026-07-20 01:01:41,658 [trainer.py] => CNN: {'total': 82.38, '00-01': 97.5, '02-03': 87.0, '04-05': 68.5, '06-07': 76.5, 'old': 84.33, 'new': 76.5}
2026-07-20 01:01:41,658 [trainer.py] => CNN top1 curve: [99.5, 95.75, 87.0, 82.38]
2026-07-20 01:01:41,658 [trainer.py] => CNN top5 curve: [101.5, 100.0, 100.0, 99.62]

2026-07-20 01:01:41,658 [trainer.py] => Average Accuracy (CNN): 91.1575 

2026-07-20 01:01:41,663 [trainer.py] => All params: 100550408
2026-07-20 01:01:41,668 [trainer.py] => Trainable params: 301064
2026-07-20 01:01:41,669 [lora.py] => Learning on 8-10
2026-07-20 01:01:41,688 [lora.py] => Trainable params this task: 302,602 / 100,551,946
2026-07-20 01:02:56,227 [olora.py] => [O-LoRA] Task 4 done. Acc 99.00, final Orth 0.035
2026-07-20 01:03:00,303 [trainer.py] => No NME accuracy.
2026-07-20 01:03:00,304 [trainer.py] => CNN: {'total': 77.5, '00-01': 96.5, '02-03': 87.5, '04-05': 66.0, '06-07': 59.5, '08-09': 78.0, 'old': 77.38, 'new': 78.0}
2026-07-20 01:03:00,304 [trainer.py] => CNN top1 curve: [99.5, 95.75, 87.0, 82.38, 77.5]
2026-07-20 01:03:00,304 [trainer.py] => CNN top5 curve: [101.5, 100.0, 100.0, 99.62, 99.0]

2026-07-20 01:03:00,304 [trainer.py] => Average Accuracy (CNN): 88.426 

2026-07-20 01:03:03,076 [metrics_logger.py] => [metrics] wrote run_logs/final/olora/metrics_olora_cifar224_fifty_task_check_cifar224_olora_s1993.json
2026-07-20 01:03:03,076 [trainer.py] => Forgetting (CNN): 7.625
2026-07-20 01:03:03,076 [trainer.py] => Forgetting (NME): 7.625
