2026-07-21 17:38:16,557 [trainer.py] => config: exps/review/imagenetr_3task_all_methods/seqlora.json
2026-07-21 17:38:16,558 [trainer.py] => prefix: imagenetr_3task_seqlora
2026-07-21 17:38:16,558 [trainer.py] => dataset: imagenetr
2026-07-21 17:38:16,558 [trainer.py] => memory_size: 0
2026-07-21 17:38:16,558 [trainer.py] => memory_per_class: 0
2026-07-21 17:38:16,558 [trainer.py] => fixed_memory: False
2026-07-21 17:38:16,558 [trainer.py] => shuffle: True
2026-07-21 17:38:16,558 [trainer.py] => init_cls: 10
2026-07-21 17:38:16,558 [trainer.py] => increment: 10
2026-07-21 17:38:16,558 [trainer.py] => model_name: seqlora
2026-07-21 17:38:16,558 [trainer.py] => backbone_type: vit_base_patch16_224_lora
2026-07-21 17:38:16,558 [trainer.py] => device: [device(type='cuda', index=0)]
2026-07-21 17:38:16,558 [trainer.py] => seed: 1993
2026-07-21 17:38:16,558 [trainer.py] => scenario: both
2026-07-21 17:38:16,558 [trainer.py] => lora_rank: 10
2026-07-21 17:38:16,558 [trainer.py] => lora_alpha: None
2026-07-21 17:38:16,558 [trainer.py] => lora_merge: True
2026-07-21 17:38:16,558 [trainer.py] => tuned_epoch: 10
2026-07-21 17:38:16,558 [trainer.py] => init_lr: 0.001
2026-07-21 17:38:16,558 [trainer.py] => batch_size: 48
2026-07-21 17:38:16,558 [trainer.py] => weight_decay: 0.0005
2026-07-21 17:38:16,558 [trainer.py] => min_lr: 0.0
2026-07-21 17:38:16,559 [trainer.py] => pretrained: True
2026-07-21 17:38:16,559 [trainer.py] => print_forget: True
2026-07-21 17:38:16,559 [trainer.py] => stop_after_tasks: 3
2026-07-21 17:38:16,559 [trainer.py] => final_metrics: True
2026-07-21 17:38:16,645 [data_manager.py] => [168, 136, 51, 9, 183, 101, 171, 99, 42, 159, 191, 70, 16, 188, 27, 10, 175, 26, 68, 187, 98, 6, 85, 35, 112, 43, 100, 0, 103, 181, 88, 59, 4, 2, 116, 174, 94, 80, 106, 1, 147, 17, 141, 131, 72, 23, 173, 54, 197, 118, 87, 32, 79, 104, 91, 19, 135, 107, 178, 36, 11, 199, 142, 8, 122, 3, 28, 57, 153, 172, 190, 56, 49, 44, 97, 62, 151, 169, 194, 55, 192, 12, 189, 78, 66, 180, 15, 137, 109, 134, 92, 119, 126, 52, 170, 40, 148, 65, 144, 64, 138, 45, 77, 89, 154, 90, 71, 193, 74, 30, 113, 143, 96, 84, 67, 50, 186, 156, 69, 21, 18, 111, 108, 58, 125, 157, 150, 110, 182, 129, 166, 83, 81, 60, 13, 165, 14, 176, 63, 117, 5, 22, 145, 121, 38, 41, 82, 127, 114, 20, 31, 53, 37, 163, 196, 130, 152, 162, 86, 76, 24, 34, 184, 149, 33, 128, 198, 155, 146, 167, 139, 120, 140, 102, 47, 25, 158, 123, 46, 164, 61, 7, 115, 75, 133, 160, 105, 132, 179, 124, 48, 73, 93, 39, 95, 195, 29, 177, 185, 161]
2026-07-21 17:38:19,337 [trainer.py] => stop_after_tasks=3 (of 20 total)
2026-07-21 17:38:20,126 [trainer.py] => All params: 93171456
2026-07-21 17:38:20,128 [trainer.py] => Trainable params: 7372800
2026-07-21 17:38:20,129 [lora.py] => Learning on 0-10
2026-07-21 17:38:20,135 [lora.py] => Trainable params this task: 376,330 / 93,179,146
2026-07-21 17:39:43,879 [lora.py] => Task 0 finished. Train_accy 94.50
2026-07-21 17:39:47,242 [til_base.py] => TIL top1: 95.89
2026-07-21 17:39:47,242 [til_base.py] => CIL top1: 95.89 | TIL top1: 95.89
2026-07-21 17:39:47,248 [trainer.py] => No NME accuracy.
2026-07-21 17:39:47,248 [trainer.py] => CNN: {'total': 95.89, '00-09': 95.89, 'old': 0, 'new': 95.89}
2026-07-21 17:39:47,248 [trainer.py] => CNN top1 curve: [95.89]
2026-07-21 17:39:47,248 [trainer.py] => CNN top5 curve: [99.68]

2026-07-21 17:39:47,248 [trainer.py] => Average Accuracy (CNN): 95.89 

2026-07-21 17:39:47,250 [trainer.py] => All params: 93179146
2026-07-21 17:39:47,252 [trainer.py] => Trainable params: 376330
2026-07-21 17:39:47,253 [lora.py] => Learning on 10-20
2026-07-21 17:39:47,261 [lora.py] => Trainable params this task: 384,020 / 93,186,836
2026-07-21 17:41:23,869 [lora.py] => Task 1 finished. Train_accy 94.84
2026-07-21 17:41:30,392 [til_base.py] => TIL top1: 94.64
2026-07-21 17:41:30,393 [til_base.py] => CIL top1: 89.57 | TIL top1: 94.64
2026-07-21 17:41:30,405 [trainer.py] => No NME accuracy.
2026-07-21 17:41:30,405 [trainer.py] => CNN: {'total': 89.57, '00-09': 82.59, '10-19': 95.45, 'old': 82.59, 'new': 95.45}
2026-07-21 17:41:30,405 [trainer.py] => CNN top1 curve: [95.89, 89.57]
2026-07-21 17:41:30,405 [trainer.py] => CNN top5 curve: [99.68, 97.68]

2026-07-21 17:41:30,405 [trainer.py] => Average Accuracy (CNN): 92.72999999999999 

2026-07-21 17:41:30,410 [trainer.py] => All params: 93186836
2026-07-21 17:41:30,415 [trainer.py] => Trainable params: 384020
2026-07-21 17:41:30,417 [lora.py] => Learning on 20-30
2026-07-21 17:41:30,432 [lora.py] => Trainable params this task: 391,710 / 93,194,526
2026-07-21 17:42:49,646 [lora.py] => Task 2 finished. Train_accy 94.84
2026-07-21 17:42:58,757 [til_base.py] => TIL top1: 95.76
2026-07-21 17:42:58,757 [til_base.py] => CIL top1: 83.96 | TIL top1: 95.76
2026-07-21 17:42:58,763 [trainer.py] => No NME accuracy.
2026-07-21 17:42:58,763 [trainer.py] => CNN: {'total': 83.96, '00-09': 69.94, '10-19': 88.24, '20-29': 93.36, 'old': 79.86, 'new': 93.36}
2026-07-21 17:42:58,763 [trainer.py] => CNN top1 curve: [95.89, 89.57, 83.96]
2026-07-21 17:42:58,763 [trainer.py] => CNN top5 curve: [99.68, 97.68, 97.68]

2026-07-21 17:42:58,763 [trainer.py] => Average Accuracy (CNN): 89.80666666666666 

2026-07-21 17:43:01,442 [metrics_logger.py] => [metrics] wrote run_logs/final/seqlora/metrics_seqlora_imagenetr_imagenetr_3task_seqlora_s1993.json
2026-07-21 17:43:01,443 [trainer.py] => Forgetting (CNN): 16.580000000000005
2026-07-21 17:43:01,443 [trainer.py] => Forgetting (NME): 16.580000000000005
2026-07-21 17:43:01,443 [trainer.py] => Forgetting (TIL): 1.7349999999999994
