2026-07-28 15:41:58,935 [trainer.py] => config: exps/imagenetr_grid/_patched_seqlora_200mb_s1993_gpu1.json
2026-07-28 15:41:58,935 [trainer.py] => dataset: imagenetr
2026-07-28 15:41:58,935 [trainer.py] => memory_size: 0
2026-07-28 15:41:58,935 [trainer.py] => memory_per_class: 0
2026-07-28 15:41:58,935 [trainer.py] => fixed_memory: False
2026-07-28 15:41:58,935 [trainer.py] => shuffle: True
2026-07-28 15:41:58,935 [trainer.py] => init_cls: 10
2026-07-28 15:41:58,935 [trainer.py] => increment: 10
2026-07-28 15:41:58,935 [trainer.py] => scenario: cil
2026-07-28 15:41:58,935 [trainer.py] => pretrained: True
2026-07-28 15:41:58,935 [trainer.py] => print_forget: False
2026-07-28 15:41:58,935 [trainer.py] => final_metrics: False
2026-07-28 15:41:58,935 [trainer.py] => backbone_type: vit_base_patch16_224_lora
2026-07-28 15:41:58,935 [trainer.py] => lora_rank: 10
2026-07-28 15:41:58,935 [trainer.py] => lora_alpha: None
2026-07-28 15:41:58,935 [trainer.py] => batch_size: 48
2026-07-28 15:41:58,935 [trainer.py] => weight_decay: 0.0005
2026-07-28 15:41:58,936 [trainer.py] => min_lr: 0.0
2026-07-28 15:41:58,936 [trainer.py] => tuned_epoch: 20
2026-07-28 15:41:58,936 [trainer.py] => boundary_mode: bounded_memory
2026-07-28 15:41:58,936 [trainer.py] => device: [device(type='cuda', index=1)]
2026-07-28 15:41:58,936 [trainer.py] => model_name: seqlora
2026-07-28 15:41:58,936 [trainer.py] => lora_merge: False
2026-07-28 15:41:58,936 [trainer.py] => init_lr: 0.0003
2026-07-28 15:41:58,936 [trainer.py] => seed: 1993
2026-07-28 15:41:58,936 [trainer.py] => bm_budget_mb: 200
2026-07-28 15:41:58,936 [trainer.py] => prefix: imagenetr_grid_200mb_seqlora_s1993
2026-07-28 15:41:59,030 [data_manager.py] => [168, 136, 51, 9, 183, 101, 171, 99, 42, 159, 191, 70, 16, 188, 27, 10, 175, 26, 68, 187, 98, 6, 85, 35, 112, 43, 100, 0, 103, 181, 88, 59, 4, 2, 116, 174, 94, 80, 106, 1, 147, 17, 141, 131, 72, 23, 173, 54, 197, 118, 87, 32, 79, 104, 91, 19, 135, 107, 178, 36, 11, 199, 142, 8, 122, 3, 28, 57, 153, 172, 190, 56, 49, 44, 97, 62, 151, 169, 194, 55, 192, 12, 189, 78, 66, 180, 15, 137, 109, 134, 92, 119, 126, 52, 170, 40, 148, 65, 144, 64, 138, 45, 77, 89, 154, 90, 71, 193, 74, 30, 113, 143, 96, 84, 67, 50, 186, 156, 69, 21, 18, 111, 108, 58, 125, 157, 150, 110, 182, 129, 166, 83, 81, 60, 13, 165, 14, 176, 63, 117, 5, 22, 145, 121, 38, 41, 82, 127, 114, 20, 31, 53, 37, 163, 196, 130, 152, 162, 86, 76, 24, 34, 184, 149, 33, 128, 198, 155, 146, 167, 139, 120, 140, 102, 47, 25, 158, 123, 46, 164, 61, 7, 115, 75, 133, 160, 105, 132, 179, 124, 48, 73, 93, 39, 95, 195, 29, 177, 185, 161]
2026-07-28 15:42:06,985 [bounded_memory_mixin.py] => [bounded_mem] budget_mb=200.0 -> cycle=1393 images (mean_task=1203.8 images, so this budget is 1.16x mean task size); 24076 total images -> 18 cycles (T=18 sessions); 20 eval checkpoints
2026-07-28 15:45:18,829 [bounded_memory_mixin.py] => [bounded_mem eval] volume 0.05 | cycle 0 | classes_seen 20 | CIL top1 65.80 | top5 87.25 | (nearest latent task ~1) | param_hash c425ca70f45bd603 | per-task [87.34, 47.59]
2026-07-28 15:48:25,864 [bounded_memory_mixin.py] => [bounded_mem eval] volume 0.10 | cycle 1 | classes_seen 20 | CIL top1 84.93 | top5 95.36 | (nearest latent task ~1) | param_hash a28659ad52a2e946 | per-task [82.59, 86.9]
2026-07-28 15:51:35,879 [bounded_memory_mixin.py] => [bounded_mem eval] volume 0.15 | cycle 2 | classes_seen 40 | CIL top1 66.16 | top5 87.43 | (nearest latent task ~3) | param_hash dced3e397b273e8e | per-task [72.78, 61.23, 82.72, 50.3]
2026-07-28 15:54:46,330 [bounded_memory_mixin.py] => [bounded_mem eval] volume 0.20 | cycle 3 | classes_seen 50 | CIL top1 67.65 | top5 86.92 | (nearest latent task ~4) | param_hash 304bc9986daba39e | per-task [65.82, 59.36, 70.1, 89.7, 51.99]
2026-07-28 15:57:58,104 [bounded_memory_mixin.py] => [bounded_mem eval] volume 0.25 | cycle 4 | classes_seen 60 | CIL top1 69.54 | top5 86.76 | (nearest latent task ~5) | param_hash d0ad987654d3ecf5 | per-task [64.24, 60.96, 60.47, 84.24, 81.59, 67.65]
2026-07-28 16:01:11,744 [bounded_memory_mixin.py] => [bounded_mem eval] volume 0.30 | cycle 5 | classes_seen 70 | CIL top1 67.38 | top5 86.37 | (nearest latent task ~6) | param_hash 80ccd3a3277cd8a2 | per-task [59.49, 57.49, 48.17, 82.12, 72.56, 80.72, 72.73]
2026-07-28 16:04:25,805 [bounded_memory_mixin.py] => [bounded_mem eval] volume 0.35 | cycle 6 | classes_seen 80 | CIL top1 64.48 | top5 84.93 | (nearest latent task ~7) | param_hash 3bf33a5e2ff316ca | per-task [49.05, 51.34, 38.87, 76.36, 66.79, 75.82, 80.13, 82.46]
2026-07-28 16:04:34,835 [bounded_memory_mixin.py] => [bounded_mem eval] volume 0.40 | cycle 6 | classes_seen 80 | CIL top1 64.48 | top5 84.93 | (nearest latent task ~7) | param_hash 3bf33a5e2ff316ca | per-task [49.05, 51.34, 38.87, 76.36, 66.79, 75.82, 80.13, 82.46]
2026-07-28 16:07:49,012 [bounded_memory_mixin.py] => [bounded_mem eval] volume 0.45 | cycle 7 | classes_seen 90 | CIL top1 62.13 | top5 83.64 | (nearest latent task ~8) | param_hash c53360fd5c9d8ef4 | per-task [46.52, 43.85, 37.87, 67.27, 67.15, 72.55, 73.4, 79.1, 76.38]
2026-07-28 16:11:05,379 [bounded_memory_mixin.py] => [bounded_mem eval] volume 0.50 | cycle 8 | classes_seen 110 | CIL top1 61.27 | top5 81.21 | (nearest latent task ~10) | param_hash 850fcc9b0f9ed815 | per-task [42.09, 50.53, 33.22, 68.18, 63.9, 68.63, 69.02, 70.52, 76.38, 70.33, 67.02]
2026-07-28 16:14:23,166 [bounded_memory_mixin.py] => [bounded_mem eval] volume 0.55 | cycle 9 | classes_seen 120 | CIL top1 60.14 | top5 80.00 | (nearest latent task ~11) | param_hash 8b6504570525c022 | per-task [40.19, 44.92, 35.22, 61.82, 60.65, 64.38, 64.65, 68.66, 63.27, 64.84, 83.86, 74.12]
2026-07-28 16:17:42,048 [bounded_memory_mixin.py] => [bounded_mem eval] volume 0.60 | cycle 10 | classes_seen 130 | CIL top1 57.23 | top5 79.58 | (nearest latent task ~12) | param_hash 8d5b6c8edaea02e6 | per-task [29.11, 38.77, 33.55, 57.27, 59.57, 59.8, 63.64, 65.67, 56.27, 54.95, 74.04, 84.64, 69.96]
2026-07-28 16:21:00,981 [bounded_memory_mixin.py] => [bounded_mem eval] volume 0.65 | cycle 11 | classes_seen 140 | CIL top1 57.73 | top5 78.66 | (nearest latent task ~13) | param_hash dfa7bf31ad122751 | per-task [30.38, 45.72, 28.9, 56.97, 55.96, 59.15, 66.67, 63.81, 54.52, 53.3, 74.39, 74.93, 76.95, 71.43]
2026-07-28 16:24:20,775 [bounded_memory_mixin.py] => [bounded_mem eval] volume 0.70 | cycle 12 | classes_seen 150 | CIL top1 55.92 | top5 77.54 | (nearest latent task ~14) | param_hash 0d49a29b519d5145 | per-task [28.16, 36.63, 30.23, 50.61, 59.57, 56.54, 60.61, 61.94, 48.98, 47.25, 66.32, 69.81, 67.08, 76.31, 80.17]
2026-07-28 16:24:35,916 [bounded_memory_mixin.py] => [bounded_mem eval] volume 0.75 | cycle 12 | classes_seen 150 | CIL top1 55.92 | top5 77.54 | (nearest latent task ~14) | param_hash 0d49a29b519d5145 | per-task [28.16, 36.63, 30.23, 50.61, 59.57, 56.54, 60.61, 61.94, 48.98, 47.25, 66.32, 69.81, 67.08, 76.31, 80.17]
2026-07-28 16:27:57,649 [bounded_memory_mixin.py] => [bounded_mem eval] volume 0.80 | cycle 13 | classes_seen 160 | CIL top1 57.36 | top5 78.72 | (nearest latent task ~15) | param_hash 3ab0ad663c2151b8 | per-task [29.43, 37.17, 32.56, 61.21, 62.09, 62.09, 61.62, 60.82, 53.35, 49.45, 63.86, 64.15, 63.79, 72.47, 72.24, 71.43]
2026-07-28 16:31:21,162 [bounded_memory_mixin.py] => [bounded_mem eval] volume 0.85 | cycle 14 | classes_seen 180 | CIL top1 55.01 | top5 75.56 | (nearest latent task ~17) | param_hash d4129889af8a28c4 | per-task [26.27, 40.64, 31.23, 62.12, 55.23, 61.76, 58.92, 58.58, 54.52, 45.6, 60.0, 56.6, 59.26, 65.85, 62.32, 72.0, 75.0, 44.12]
2026-07-28 16:34:45,640 [bounded_memory_mixin.py] => [bounded_mem eval] volume 0.90 | cycle 15 | classes_seen 190 | CIL top1 51.32 | top5 74.00 | (nearest latent task ~18) | param_hash bcfaca2c6aea8d4d | per-task [18.99, 35.56, 28.24, 58.48, 50.54, 59.48, 51.18, 51.49, 48.1, 36.81, 45.96, 57.95, 53.91, 67.6, 51.84, 65.71, 65.0, 82.35, 51.4]
2026-07-28 16:38:22,278 [bounded_memory_mixin.py] => [bounded_mem eval] volume 0.95 | cycle 16 | classes_seen 200 | CIL top1 51.89 | top5 73.89 | (nearest latent task ~19) | param_hash 813611a29d3f2d80 | per-task [24.37, 33.96, 23.92, 53.03, 48.38, 57.84, 53.87, 48.88, 51.02, 35.16, 44.21, 52.02, 53.91, 62.72, 54.67, 64.86, 62.92, 76.47, 72.73, 68.95]
2026-07-28 16:40:50,731 [bounded_memory_mixin.py] => [bounded_mem eval] volume 1.00 | cycle 17 | classes_seen 200 | CIL top1 50.96 | top5 73.41 | (nearest latent task ~19) | param_hash 2c5fece7c4903656 | per-task [24.37, 33.96, 24.25, 51.52, 41.52, 54.25, 47.81, 52.99, 50.15, 31.87, 41.75, 49.87, 54.73, 64.11, 54.11, 63.14, 60.0, 72.69, 70.63, 81.23]
2026-07-28 16:40:54,821 [metrics_logger.py] => [metrics] wrote run_logs/final/seqlora/metrics_seqlora_imagenetr_grid_200mb_seqlora_s1993_s1993.json
2026-07-28 16:40:54,822 [bounded_memory_mixin.py] => [CE metric] seqlora = 1.0 (eps=20, N=18 cycles)
2026-07-28 16:40:54,822 [trainer.py] => [bounded_mem] volume checkpoints: [0.05, 0.1, 0.15, 0.2, 0.25, 0.3, 0.35, 0.4, 0.45, 0.5, 0.55, 0.6, 0.65, 0.7, 0.75, 0.8, 0.85, 0.9, 0.95, 1.0]
2026-07-28 16:40:54,822 [trainer.py] => [bounded_mem] CIL top1 curve: [65.8, 84.93, 66.16, 67.65, 69.54, 67.38, 64.48, 64.48, 62.13, 61.27, 60.14, 57.23, 57.73, 55.92, 55.92, 57.36, 55.01, 51.32, 51.89, 50.96]
2026-07-28 16:40:54,822 [trainer.py] => [bounded_mem] CIL top5 curve: [87.25, 95.36, 87.43, 86.92, 86.76, 86.37, 84.93, 84.93, 83.64, 81.21, 80.0, 79.58, 78.66, 77.54, 77.54, 78.72, 75.56, 74.0, 73.89, 73.41]
2026-07-28 16:40:54,822 [trainer.py] => [bounded_mem] FINAL CIL top1 50.96 | top5 73.41 (at 100% of stream)
