2026-07-01 07:00:38,105 [trainer.py] => config: ./exps/seqlora_inr20t_sample.json
2026-07-01 07:00:38,105 [trainer.py] => dataset: imagenetr
2026-07-01 07:00:38,105 [trainer.py] => memory_size: 0
2026-07-01 07:00:38,105 [trainer.py] => memory_per_class: 0
2026-07-01 07:00:38,105 [trainer.py] => fixed_memory: False
2026-07-01 07:00:38,105 [trainer.py] => shuffle: True
2026-07-01 07:00:38,105 [trainer.py] => init_cls: 10
2026-07-01 07:00:38,105 [trainer.py] => increment: 10
2026-07-01 07:00:38,105 [trainer.py] => backbone_type: vit_base_patch16_224_lora
2026-07-01 07:00:38,105 [trainer.py] => device: [device(type='cuda', index=0)]
2026-07-01 07:00:38,105 [trainer.py] => seed: 1993
2026-07-01 07:00:38,105 [trainer.py] => scenario: both
2026-07-01 07:00:38,105 [trainer.py] => lora_rank: 8
2026-07-01 07:00:38,105 [trainer.py] => n_lora_blocks: 3
2026-07-01 07:00:38,105 [trainer.py] => tuned_epoch: 10
2026-07-01 07:00:38,105 [trainer.py] => init_lr: 0.005
2026-07-01 07:00:38,105 [trainer.py] => batch_size: 48
2026-07-01 07:00:38,105 [trainer.py] => weight_decay: 0.0005
2026-07-01 07:00:38,105 [trainer.py] => min_lr: 0.0
2026-07-01 07:00:38,105 [trainer.py] => pretrained: True
2026-07-01 07:00:38,105 [trainer.py] => print_forget: True
2026-07-01 07:00:38,105 [trainer.py] => model_name: seqlora
2026-07-01 07:00:38,106 [trainer.py] => lora_alpha: 32
2026-07-01 07:00:38,106 [trainer.py] => lora_merge: False
2026-07-01 07:00:38,106 [trainer.py] => prefix: inr20t_sample
2026-07-01 07:00:38,106 [trainer.py] => boundary_mode: sample
2026-07-01 07:00:38,106 [trainer.py] => boundary_mult: 1.5
2026-07-01 07:00:38,188 [data_manager.py] => [168, 136, 51, 9, 183, 101, 171, 99, 42, 159, 191, 70, 16, 188, 27, 10, 175, 26, 68, 187, 98, 6, 85, 35, 112, 43, 100, 0, 103, 181, 88, 59, 4, 2, 116, 174, 94, 80, 106, 1, 147, 17, 141, 131, 72, 23, 173, 54, 197, 118, 87, 32, 79, 104, 91, 19, 135, 107, 178, 36, 11, 199, 142, 8, 122, 3, 28, 57, 153, 172, 190, 56, 49, 44, 97, 62, 151, 169, 194, 55, 192, 12, 189, 78, 66, 180, 15, 137, 109, 134, 92, 119, 126, 52, 170, 40, 148, 65, 144, 64, 138, 45, 77, 89, 154, 90, 71, 193, 74, 30, 113, 143, 96, 84, 67, 50, 186, 156, 69, 21, 18, 111, 108, 58, 125, 157, 150, 110, 182, 129, 166, 83, 81, 60, 13, 165, 14, 176, 63, 117, 5, 22, 145, 121, 38, 41, 82, 127, 114, 20, 31, 53, 37, 163, 196, 130, 152, 162, 86, 76, 24, 34, 184, 149, 33, 128, 198, 155, 146, 167, 139, 120, 140, 102, 47, 25, 158, 123, 46, 164, 61, 7, 115, 75, 133, 160, 105, 132, 179, 124, 48, 73, 93, 39, 95, 195, 29, 177, 185, 161]
2026-07-01 07:00:40,934 [stream_mixin.py] => [stream] adapter event every 15 global epochs (C=1.5 x 10 epochs); eval after each fold on completed tasks
2026-07-01 07:02:47,179 [stream_mixin.py] => [stream eval] completed  1 | CIL 14.56 | TIL 14.56 | TIL/task [14.56]
2026-07-01 07:04:54,748 [stream_mixin.py] => [stream eval] completed  3 | CIL 12.92 | TIL 30.47 | TIL/task [13.29, 34.22, 43.85]
2026-07-01 07:06:59,882 [stream_mixin.py] => [stream eval] completed  4 | CIL 5.30 | TIL 21.04 | TIL/task [14.24, 14.71, 18.6, 36.97]
2026-07-01 07:09:03,742 [stream_mixin.py] => [stream eval] completed  6 | CIL 3.57 | TIL 19.38 | TIL/task [7.91, 18.18, 15.61, 19.7, 19.13, 36.27]
2026-07-01 07:11:08,497 [stream_mixin.py] => [stream eval] completed  7 | CIL 2.23 | TIL 13.95 | TIL/task [10.13, 13.1, 16.61, 14.24, 11.55, 13.07, 19.19]
2026-07-01 07:13:26,090 [stream_mixin.py] => [stream eval] completed  9 | CIL 2.56 | TIL 17.85 | TIL/task [8.86, 14.97, 13.95, 24.85, 11.55, 11.11, 13.8, 23.13, 36.44]
2026-07-01 07:15:12,695 [stream_mixin.py] => [stream eval] completed 10 | CIL 0.97 | TIL 11.66 | TIL/task [10.44, 9.36, 14.95, 15.45, 10.11, 8.82, 7.07, 14.18, 13.99, 12.64]
2026-07-01 07:17:47,470 [stream_mixin.py] => [stream eval] completed 12 | CIL 0.74 | TIL 12.82 | TIL/task [6.33, 9.63, 15.61, 16.06, 9.03, 9.48, 6.73, 22.76, 11.95, 13.19, 9.12, 23.18]
2026-07-01 07:19:54,274 [stream_mixin.py] => [stream eval] completed 13 | CIL 0.67 | TIL 10.56 | TIL/task [9.81, 8.56, 15.28, 7.88, 10.83, 8.17, 10.1, 11.57, 11.66, 16.48, 8.07, 6.47, 17.7]
2026-07-01 07:22:30,488 [stream_mixin.py] => [stream eval] completed 15 | CIL 0.77 | TIL 12.99 | TIL/task [10.13, 9.89, 11.3, 13.33, 10.83, 9.48, 7.07, 19.4, 11.08, 19.23, 9.12, 11.59, 14.81, 11.85, 27.76]
2026-07-01 07:25:03,759 [stream_mixin.py] => [stream eval] completed 16 | CIL 1.35 | TIL 13.41 | TIL/task [9.81, 9.09, 8.31, 9.7, 10.47, 10.78, 9.43, 18.28, 6.71, 18.13, 8.07, 12.4, 6.17, 25.09, 21.25, 30.57]
2026-07-01 07:27:16,572 [stream_mixin.py] => [stream eval] completed 18 | CIL 0.97 | TIL 12.11 | TIL/task [9.81, 8.56, 8.64, 11.52, 6.14, 6.21, 11.11, 17.91, 5.83, 18.13, 8.77, 7.01, 7.41, 19.86, 11.33, 22.57, 19.17, 25.63]
2026-07-01 07:29:46,749 [stream_mixin.py] => [stream eval] completed 19 | CIL 0.71 | TIL 11.49 | TIL/task [9.18, 10.16, 8.64, 10.3, 5.42, 5.88, 11.11, 15.67, 4.66, 18.13, 7.72, 8.63, 5.76, 17.42, 12.18, 16.29, 12.5, 17.65, 26.22]
2026-07-01 07:31:07,496 [stream_mixin.py] => [stream eval] completed 20 | CIL 1.16 | TIL 11.87 | TIL/task [9.49, 8.56, 8.64, 10.61, 6.14, 5.88, 11.11, 17.91, 5.54, 18.13, 8.07, 7.01, 6.17, 17.77, 11.61, 14.0, 15.0, 17.65, 20.63, 25.27]
2026-07-01 07:31:07,497 [trainer.py] => [stream] completed-task checkpoints: [1, 3, 4, 6, 7, 9, 10, 12, 13, 15, 16, 18, 19, 20]
2026-07-01 07:31:07,497 [trainer.py] => [stream] CIL curve: [14.56, 12.92, 5.3, 3.57, 2.23, 2.56, 0.97, 0.74, 0.67, 0.77, 1.35, 0.97, 0.71, 1.16]
2026-07-01 07:31:07,497 [trainer.py] => [stream] TIL curve: [14.56, 30.47, 21.04, 19.38, 13.95, 17.85, 11.66, 12.82, 10.56, 12.99, 13.41, 12.11, 11.49, 11.87]
2026-07-01 07:31:07,497 [trainer.py] => [stream] FINAL  CIL 1.16 | TIL 11.87  (over 20 tasks)
2026-07-03 00:16:45,559 [trainer.py] => config: ./exps/seqlora_inr20t_sample.json
2026-07-03 00:16:45,559 [trainer.py] => dataset: imagenetr
2026-07-03 00:16:45,559 [trainer.py] => memory_size: 0
2026-07-03 00:16:45,559 [trainer.py] => memory_per_class: 0
2026-07-03 00:16:45,559 [trainer.py] => fixed_memory: False
2026-07-03 00:16:45,560 [trainer.py] => shuffle: True
2026-07-03 00:16:45,560 [trainer.py] => init_cls: 10
2026-07-03 00:16:45,560 [trainer.py] => increment: 10
2026-07-03 00:16:45,560 [trainer.py] => backbone_type: vit_base_patch16_224_lora
2026-07-03 00:16:45,560 [trainer.py] => device: [device(type='cuda', index=0)]
2026-07-03 00:16:45,560 [trainer.py] => seed: 1993
2026-07-03 00:16:45,560 [trainer.py] => scenario: both
2026-07-03 00:16:45,560 [trainer.py] => lora_rank: 8
2026-07-03 00:16:45,560 [trainer.py] => tuned_epoch: 10
2026-07-03 00:16:45,560 [trainer.py] => init_lr: 0.0003
2026-07-03 00:16:45,560 [trainer.py] => batch_size: 48
2026-07-03 00:16:45,560 [trainer.py] => weight_decay: 0.0005
2026-07-03 00:16:45,560 [trainer.py] => min_lr: 0.0
2026-07-03 00:16:45,560 [trainer.py] => pretrained: True
2026-07-03 00:16:45,560 [trainer.py] => print_forget: True
2026-07-03 00:16:45,560 [trainer.py] => model_name: seqlora
2026-07-03 00:16:45,560 [trainer.py] => lora_alpha: 32
2026-07-03 00:16:45,560 [trainer.py] => lora_merge: False
2026-07-03 00:16:45,560 [trainer.py] => prefix: inr20t_sample
2026-07-03 00:16:45,560 [trainer.py] => boundary_mode: sample
2026-07-03 00:16:45,560 [trainer.py] => boundary_mult: 1.5
2026-07-03 00:16:45,641 [data_manager.py] => [168, 136, 51, 9, 183, 101, 171, 99, 42, 159, 191, 70, 16, 188, 27, 10, 175, 26, 68, 187, 98, 6, 85, 35, 112, 43, 100, 0, 103, 181, 88, 59, 4, 2, 116, 174, 94, 80, 106, 1, 147, 17, 141, 131, 72, 23, 173, 54, 197, 118, 87, 32, 79, 104, 91, 19, 135, 107, 178, 36, 11, 199, 142, 8, 122, 3, 28, 57, 153, 172, 190, 56, 49, 44, 97, 62, 151, 169, 194, 55, 192, 12, 189, 78, 66, 180, 15, 137, 109, 134, 92, 119, 126, 52, 170, 40, 148, 65, 144, 64, 138, 45, 77, 89, 154, 90, 71, 193, 74, 30, 113, 143, 96, 84, 67, 50, 186, 156, 69, 21, 18, 111, 108, 58, 125, 157, 150, 110, 182, 129, 166, 83, 81, 60, 13, 165, 14, 176, 63, 117, 5, 22, 145, 121, 38, 41, 82, 127, 114, 20, 31, 53, 37, 163, 196, 130, 152, 162, 86, 76, 24, 34, 184, 149, 33, 128, 198, 155, 146, 167, 139, 120, 140, 102, 47, 25, 158, 123, 46, 164, 61, 7, 115, 75, 133, 160, 105, 132, 179, 124, 48, 73, 93, 39, 95, 195, 29, 177, 185, 161]
2026-07-03 00:16:49,921 [stream_mixin.py] => [stream] adapter event every 15 global epochs (C=1.5 x 10 epochs); eval after each fold on completed tasks
2026-07-03 00:18:55,131 [stream_mixin.py] => [stream eval] completed  1 | CIL 89.56 | TIL 89.56 | TIL/task [89.56]
2026-07-03 00:21:01,853 [stream_mixin.py] => [stream eval] completed  3 | CIL 65.79 | TIL 85.67 | TIL/task [77.85, 85.29, 94.35]
2026-07-03 00:23:06,680 [stream_mixin.py] => [stream eval] completed  4 | CIL 48.07 | TIL 74.87 | TIL/task [64.87, 65.78, 81.06, 89.09]
2026-07-03 00:25:10,367 [stream_mixin.py] => [stream eval] completed  6 | CIL 42.65 | TIL 77.89 | TIL/task [65.51, 71.39, 69.77, 84.85, 85.92, 91.83]
2026-07-03 00:27:14,646 [stream_mixin.py] => [stream eval] completed  7 | CIL 28.67 | TIL 65.65 | TIL/task [55.7, 51.34, 51.5, 79.09, 58.12, 79.41, 86.53]
2026-07-03 00:29:31,624 [stream_mixin.py] => [stream eval] completed  9 | CIL 29.13 | TIL 68.74 | TIL/task [61.39, 66.31, 45.51, 76.36, 65.34, 58.82, 64.65, 89.55, 90.09]
2026-07-03 00:31:17,213 [stream_mixin.py] => [stream eval] completed 10 | CIL 18.40 | TIL 55.28 | TIL/task [40.51, 45.45, 47.84, 59.39, 51.62, 52.29, 44.44, 71.64, 70.55, 81.32]
2026-07-03 00:33:51,667 [stream_mixin.py] => [stream eval] completed 12 | CIL 23.73 | TIL 67.21 | TIL/task [48.1, 61.76, 56.15, 58.48, 69.31, 53.27, 58.59, 66.79, 76.97, 70.88, 89.82, 94.61]
2026-07-03 00:35:57,842 [stream_mixin.py] => [stream eval] completed 13 | CIL 17.18 | TIL 61.73 | TIL/task [38.29, 49.73, 41.2, 53.33, 67.87, 44.12, 57.91, 70.9, 67.06, 60.99, 83.51, 85.18, 88.89]
2026-07-03 00:38:33,542 [stream_mixin.py] => [stream eval] completed 15 | CIL 19.17 | TIL 62.19 | TIL/task [33.86, 54.28, 40.53, 54.24, 57.04, 40.2, 43.77, 72.39, 66.18, 64.29, 69.47, 77.36, 77.78, 88.15, 94.05]
2026-07-03 00:41:05,946 [stream_mixin.py] => [stream eval] completed 16 | CIL 16.55 | TIL 56.24 | TIL/task [43.67, 43.58, 34.88, 40.61, 43.32, 35.95, 44.44, 67.16, 43.15, 53.85, 60.7, 70.08, 72.43, 71.08, 82.72, 89.43]
2026-07-03 00:43:17,947 [stream_mixin.py] => [stream eval] completed 18 | CIL 16.41 | TIL 58.09 | TIL/task [38.29, 49.73, 29.24, 45.76, 45.49, 39.54, 48.15, 54.1, 49.27, 56.59, 58.95, 67.39, 56.38, 79.09, 81.02, 83.14, 76.67, 91.6]
2026-07-03 00:45:47,107 [stream_mixin.py] => [stream eval] completed 19 | CIL 12.09 | TIL 50.89 | TIL/task [42.41, 39.84, 28.24, 27.27, 33.94, 39.54, 35.69, 58.96, 36.15, 39.01, 53.68, 49.33, 46.09, 66.55, 71.39, 73.43, 65.83, 74.79, 90.21]
2026-07-03 00:47:06,401 [stream_mixin.py] => [stream eval] completed 20 | CIL 14.13 | TIL 55.55 | TIL/task [51.27, 43.58, 30.23, 35.76, 47.29, 39.54, 34.01, 59.7, 47.23, 47.25, 53.68, 51.75, 51.03, 67.25, 69.12, 69.43, 65.42, 71.85, 90.56, 93.86]
2026-07-03 00:47:06,402 [trainer.py] => [stream] completed-task checkpoints: [1, 3, 4, 6, 7, 9, 10, 12, 13, 15, 16, 18, 19, 20]
2026-07-03 00:47:06,402 [trainer.py] => [stream] CIL curve: [89.56, 65.79, 48.07, 42.65, 28.67, 29.13, 18.4, 23.73, 17.18, 19.17, 16.55, 16.41, 12.09, 14.13]
2026-07-03 00:47:06,402 [trainer.py] => [stream] TIL curve: [89.56, 85.67, 74.87, 77.89, 65.65, 68.74, 55.28, 67.21, 61.73, 62.19, 56.24, 58.09, 50.89, 55.55]
2026-07-03 00:47:06,402 [trainer.py] => [stream] FINAL  CIL 14.13 | TIL 55.55  (over 20 tasks)
