2026-07-01 07:10:32,213 [trainer.py] => config: ./exps/seqlora_inr20t_sample_s1995.json
2026-07-01 07:10:32,213 [trainer.py] => dataset: imagenetr
2026-07-01 07:10:32,213 [trainer.py] => memory_size: 0
2026-07-01 07:10:32,213 [trainer.py] => memory_per_class: 0
2026-07-01 07:10:32,213 [trainer.py] => fixed_memory: False
2026-07-01 07:10:32,213 [trainer.py] => shuffle: True
2026-07-01 07:10:32,213 [trainer.py] => init_cls: 10
2026-07-01 07:10:32,213 [trainer.py] => increment: 10
2026-07-01 07:10:32,213 [trainer.py] => backbone_type: vit_base_patch16_224_lora
2026-07-01 07:10:32,213 [trainer.py] => device: [device(type='cuda', index=0)]
2026-07-01 07:10:32,213 [trainer.py] => seed: 1995
2026-07-01 07:10:32,214 [trainer.py] => scenario: both
2026-07-01 07:10:32,214 [trainer.py] => lora_rank: 8
2026-07-01 07:10:32,214 [trainer.py] => n_lora_blocks: 3
2026-07-01 07:10:32,214 [trainer.py] => tuned_epoch: 10
2026-07-01 07:10:32,214 [trainer.py] => init_lr: 0.005
2026-07-01 07:10:32,214 [trainer.py] => batch_size: 48
2026-07-01 07:10:32,214 [trainer.py] => weight_decay: 0.0005
2026-07-01 07:10:32,214 [trainer.py] => min_lr: 0.0
2026-07-01 07:10:32,214 [trainer.py] => pretrained: True
2026-07-01 07:10:32,214 [trainer.py] => print_forget: True
2026-07-01 07:10:32,214 [trainer.py] => model_name: seqlora
2026-07-01 07:10:32,214 [trainer.py] => lora_alpha: 32
2026-07-01 07:10:32,214 [trainer.py] => lora_merge: False
2026-07-01 07:10:32,214 [trainer.py] => prefix: inr20t_sample
2026-07-01 07:10:32,214 [trainer.py] => boundary_mode: sample
2026-07-01 07:10:32,214 [trainer.py] => boundary_mult: 1.5
2026-07-01 07:10:32,296 [data_manager.py] => [146, 198, 169, 126, 142, 183, 108, 86, 79, 35, 112, 29, 0, 2, 59, 178, 143, 31, 147, 33, 123, 114, 194, 54, 138, 75, 158, 26, 131, 141, 180, 132, 22, 49, 116, 111, 24, 98, 107, 89, 151, 83, 185, 15, 27, 136, 65, 1, 82, 87, 99, 153, 47, 144, 145, 175, 155, 77, 191, 199, 46, 28, 76, 71, 93, 137, 5, 188, 187, 74, 103, 173, 18, 80, 88, 48, 109, 81, 91, 101, 43, 102, 61, 182, 3, 14, 40, 42, 167, 66, 57, 73, 135, 39, 45, 184, 161, 85, 148, 121, 8, 195, 21, 4, 106, 133, 118, 10, 176, 50, 36, 192, 162, 172, 96, 197, 20, 117, 140, 186, 92, 97, 44, 149, 13, 37, 170, 25, 181, 171, 23, 104, 189, 11, 159, 67, 94, 68, 55, 6, 150, 165, 120, 139, 72, 154, 115, 125, 53, 58, 16, 113, 41, 190, 174, 127, 110, 7, 38, 32, 95, 19, 196, 51, 78, 34, 122, 152, 119, 134, 129, 130, 128, 17, 30, 90, 124, 160, 100, 193, 12, 56, 64, 168, 105, 63, 177, 70, 60, 163, 9, 62, 156, 52, 84, 157, 69, 179, 166, 164]
2026-07-01 07:10:34,984 [stream_mixin.py] => [stream] adapter event every 15 global epochs (C=1.5 x 10 epochs); eval after each fold on completed tasks
2026-07-01 07:12:37,156 [stream_mixin.py] => [stream eval] completed  1 | CIL 23.96 | TIL 23.96 | TIL/task [23.96]
2026-07-01 07:14:40,828 [stream_mixin.py] => [stream eval] completed  3 | CIL 6.60 | TIL 22.66 | TIL/task [5.43, 28.66, 33.99]
2026-07-01 07:17:03,475 [stream_mixin.py] => [stream eval] completed  4 | CIL 3.70 | TIL 24.60 | TIL/task [4.79, 26.79, 20.26, 43.7]
2026-07-01 07:19:14,886 [stream_mixin.py] => [stream eval] completed  6 | CIL 3.81 | TIL 19.93 | TIL/task [11.82, 16.82, 10.78, 7.56, 32.58, 41.52]
2026-07-01 07:21:37,500 [stream_mixin.py] => [stream eval] completed  7 | CIL 2.70 | TIL 19.16 | TIL/task [12.78, 20.25, 19.61, 8.12, 19.66, 21.45, 32.11]
2026-07-01 07:23:31,125 [stream_mixin.py] => [stream eval] completed  9 | CIL 2.64 | TIL 13.70 | TIL/task [10.54, 16.2, 10.46, 4.76, 14.89, 9.34, 12.11, 25.25, 24.88]
2026-07-01 07:25:21,371 [stream_mixin.py] => [stream eval] completed 10 | CIL 2.51 | TIL 12.37 | TIL/task [9.58, 23.36, 7.19, 5.6, 11.52, 5.88, 12.39, 17.7, 17.41, 16.93]
2026-07-01 07:27:50,148 [stream_mixin.py] => [stream eval] completed 12 | CIL 1.57 | TIL 13.15 | TIL/task [9.27, 23.36, 4.9, 5.88, 13.2, 5.88, 8.73, 10.82, 16.92, 13.76, 20.0, 26.53]
2026-07-01 07:29:54,287 [stream_mixin.py] => [stream eval] completed 13 | CIL 1.12 | TIL 13.52 | TIL/task [8.95, 23.36, 20.59, 5.88, 13.2, 12.11, 4.79, 4.92, 14.43, 12.7, 15.09, 25.07, 16.44]
2026-07-01 07:32:11,429 [stream_mixin.py] => [stream eval] completed 15 | CIL 1.00 | TIL 12.18 | TIL/task [4.79, 23.36, 4.9, 7.0, 12.08, 12.8, 9.3, 12.46, 9.95, 14.29, 15.44, 9.04, 8.68, 17.59, 23.44]
2026-07-01 07:34:39,043 [stream_mixin.py] => [stream eval] completed 16 | CIL 0.90 | TIL 12.24 | TIL/task [4.47, 23.36, 3.92, 8.68, 12.92, 12.8, 4.23, 16.39, 13.93, 11.64, 14.74, 13.99, 5.48, 11.4, 11.33, 27.7]
2026-07-01 07:37:11,506 [stream_mixin.py] => [stream eval] completed 18 | CIL 0.91 | TIL 10.87 | TIL/task [4.47, 11.84, 4.58, 5.04, 15.73, 12.8, 4.23, 12.13, 6.47, 13.76, 16.14, 6.71, 7.76, 15.31, 7.42, 6.47, 18.69, 27.57]
2026-07-01 07:39:58,973 [stream_mixin.py] => [stream eval] completed 19 | CIL 0.78 | TIL 11.60 | TIL/task [14.38, 20.87, 4.25, 9.24, 16.85, 12.8, 4.23, 9.84, 12.94, 13.23, 15.44, 12.83, 7.76, 5.21, 8.98, 6.12, 14.33, 9.93, 19.58]
2026-07-01 07:41:24,815 [stream_mixin.py] => [stream eval] completed 20 | CIL 1.00 | TIL 11.12 | TIL/task [6.07, 22.12, 3.59, 5.6, 11.52, 12.46, 6.48, 13.44, 6.47, 13.76, 19.3, 6.12, 7.76, 18.57, 6.64, 5.76, 9.97, 8.46, 19.29, 17.52]
2026-07-01 07:41:24,815 [trainer.py] => [stream] completed-task checkpoints: [1, 3, 4, 6, 7, 9, 10, 12, 13, 15, 16, 18, 19, 20]
2026-07-01 07:41:24,815 [trainer.py] => [stream] CIL curve: [23.96, 6.6, 3.7, 3.81, 2.7, 2.64, 2.51, 1.57, 1.12, 1.0, 0.9, 0.91, 0.78, 1.0]
2026-07-01 07:41:24,815 [trainer.py] => [stream] TIL curve: [23.96, 22.66, 24.6, 19.93, 19.16, 13.7, 12.37, 13.15, 13.52, 12.18, 12.24, 10.87, 11.6, 11.12]
2026-07-01 07:41:24,815 [trainer.py] => [stream] FINAL  CIL 1.00 | TIL 11.12  (over 20 tasks)
2026-07-03 00:16:45,548 [trainer.py] => config: ./exps/seqlora_inr20t_sample_s1995.json
2026-07-03 00:16:45,548 [trainer.py] => dataset: imagenetr
2026-07-03 00:16:45,548 [trainer.py] => memory_size: 0
2026-07-03 00:16:45,548 [trainer.py] => memory_per_class: 0
2026-07-03 00:16:45,549 [trainer.py] => fixed_memory: False
2026-07-03 00:16:45,549 [trainer.py] => shuffle: True
2026-07-03 00:16:45,549 [trainer.py] => init_cls: 10
2026-07-03 00:16:45,549 [trainer.py] => increment: 10
2026-07-03 00:16:45,549 [trainer.py] => backbone_type: vit_base_patch16_224_lora
2026-07-03 00:16:45,549 [trainer.py] => device: [device(type='cuda', index=0)]
2026-07-03 00:16:45,549 [trainer.py] => seed: 1995
2026-07-03 00:16:45,549 [trainer.py] => scenario: both
2026-07-03 00:16:45,549 [trainer.py] => lora_rank: 8
2026-07-03 00:16:45,549 [trainer.py] => tuned_epoch: 10
2026-07-03 00:16:45,549 [trainer.py] => init_lr: 0.0003
2026-07-03 00:16:45,549 [trainer.py] => batch_size: 48
2026-07-03 00:16:45,549 [trainer.py] => weight_decay: 0.0005
2026-07-03 00:16:45,549 [trainer.py] => min_lr: 0.0
2026-07-03 00:16:45,549 [trainer.py] => pretrained: True
2026-07-03 00:16:45,549 [trainer.py] => print_forget: True
2026-07-03 00:16:45,549 [trainer.py] => model_name: seqlora
2026-07-03 00:16:45,549 [trainer.py] => lora_alpha: 32
2026-07-03 00:16:45,549 [trainer.py] => lora_merge: False
2026-07-03 00:16:45,549 [trainer.py] => prefix: inr20t_sample
2026-07-03 00:16:45,549 [trainer.py] => boundary_mode: sample
2026-07-03 00:16:45,549 [trainer.py] => boundary_mult: 1.5
2026-07-03 00:16:45,629 [data_manager.py] => [146, 198, 169, 126, 142, 183, 108, 86, 79, 35, 112, 29, 0, 2, 59, 178, 143, 31, 147, 33, 123, 114, 194, 54, 138, 75, 158, 26, 131, 141, 180, 132, 22, 49, 116, 111, 24, 98, 107, 89, 151, 83, 185, 15, 27, 136, 65, 1, 82, 87, 99, 153, 47, 144, 145, 175, 155, 77, 191, 199, 46, 28, 76, 71, 93, 137, 5, 188, 187, 74, 103, 173, 18, 80, 88, 48, 109, 81, 91, 101, 43, 102, 61, 182, 3, 14, 40, 42, 167, 66, 57, 73, 135, 39, 45, 184, 161, 85, 148, 121, 8, 195, 21, 4, 106, 133, 118, 10, 176, 50, 36, 192, 162, 172, 96, 197, 20, 117, 140, 186, 92, 97, 44, 149, 13, 37, 170, 25, 181, 171, 23, 104, 189, 11, 159, 67, 94, 68, 55, 6, 150, 165, 120, 139, 72, 154, 115, 125, 53, 58, 16, 113, 41, 190, 174, 127, 110, 7, 38, 32, 95, 19, 196, 51, 78, 34, 122, 152, 119, 134, 129, 130, 128, 17, 30, 90, 124, 160, 100, 193, 12, 56, 64, 168, 105, 63, 177, 70, 60, 163, 9, 62, 156, 52, 84, 157, 69, 179, 166, 164]
2026-07-03 00:16:49,897 [stream_mixin.py] => [stream] adapter event every 15 global epochs (C=1.5 x 10 epochs); eval after each fold on completed tasks
2026-07-03 00:18:51,452 [stream_mixin.py] => [stream eval] completed  1 | CIL 91.37 | TIL 91.37 | TIL/task [91.37]
2026-07-03 00:20:54,582 [stream_mixin.py] => [stream eval] completed  3 | CIL 61.70 | TIL 81.91 | TIL/task [79.23, 79.13, 87.58]
2026-07-03 00:23:17,706 [stream_mixin.py] => [stream eval] completed  4 | CIL 40.32 | TIL 67.15 | TIL/task [48.88, 66.04, 57.52, 92.44]
2026-07-03 00:25:28,812 [stream_mixin.py] => [stream eval] completed  6 | CIL 44.39 | TIL 74.51 | TIL/task [65.5, 68.22, 50.0, 82.07, 87.64, 91.7]
2026-07-03 00:27:51,376 [stream_mixin.py] => [stream eval] completed  7 | CIL 31.30 | TIL 60.56 | TIL/task [54.31, 40.81, 43.14, 55.46, 70.22, 70.93, 85.92]
2026-07-03 00:29:44,331 [stream_mixin.py] => [stream eval] completed  9 | CIL 30.90 | TIL 70.00 | TIL/task [71.25, 61.06, 47.06, 54.62, 87.08, 63.32, 79.44, 83.61, 86.57]
2026-07-03 00:31:33,845 [stream_mixin.py] => [stream eval] completed 10 | CIL 22.19 | TIL 61.40 | TIL/task [53.99, 48.91, 39.54, 60.78, 73.31, 56.75, 64.51, 69.84, 68.66, 88.89]
2026-07-03 00:34:02,325 [stream_mixin.py] => [stream eval] completed 12 | CIL 28.81 | TIL 71.27 | TIL/task [61.02, 59.19, 44.44, 67.79, 75.28, 67.13, 65.92, 80.0, 70.65, 89.95, 89.12, 91.84]
2026-07-03 00:36:06,100 [stream_mixin.py] => [stream eval] completed 13 | CIL 18.36 | TIL 60.46 | TIL/task [54.31, 42.06, 47.06, 48.46, 51.69, 66.44, 53.24, 66.23, 54.23, 69.31, 84.91, 75.51, 87.21]
2026-07-03 00:38:22,793 [stream_mixin.py] => [stream eval] completed 15 | CIL 19.31 | TIL 63.08 | TIL/task [57.83, 47.04, 37.25, 38.1, 58.71, 58.13, 60.85, 78.36, 51.74, 55.56, 75.09, 78.72, 80.37, 86.32, 89.45]
2026-07-03 00:40:50,059 [stream_mixin.py] => [stream eval] completed 16 | CIL 17.09 | TIL 58.95 | TIL/task [55.27, 42.68, 31.37, 37.25, 46.63, 58.48, 52.68, 60.66, 40.3, 55.56, 74.04, 68.51, 73.52, 74.27, 88.28, 95.68]
2026-07-03 00:43:22,028 [stream_mixin.py] => [stream eval] completed 18 | CIL 17.33 | TIL 57.48 | TIL/task [53.67, 32.09, 35.29, 40.62, 37.92, 49.48, 46.2, 57.38, 36.82, 53.44, 59.65, 67.06, 71.23, 73.62, 75.39, 87.05, 82.87, 85.29]
2026-07-03 00:46:09,023 [stream_mixin.py] => [stream eval] completed 19 | CIL 14.96 | TIL 58.50 | TIL/task [57.83, 32.4, 23.86, 40.62, 58.15, 57.44, 55.21, 57.05, 52.74, 47.09, 59.65, 61.22, 65.75, 71.01, 70.31, 78.06, 66.36, 64.71, 92.88]
2026-07-03 00:47:33,799 [stream_mixin.py] => [stream eval] completed 20 | CIL 17.15 | TIL 60.53 | TIL/task [63.9, 34.89, 24.84, 36.13, 48.88, 56.75, 55.49, 58.36, 59.2, 48.15, 60.0, 61.81, 61.64, 73.29, 70.7, 78.78, 69.47, 62.13, 91.69, 96.18]
2026-07-03 00:47:33,800 [trainer.py] => [stream] completed-task checkpoints: [1, 3, 4, 6, 7, 9, 10, 12, 13, 15, 16, 18, 19, 20]
2026-07-03 00:47:33,800 [trainer.py] => [stream] CIL curve: [91.37, 61.7, 40.32, 44.39, 31.3, 30.9, 22.19, 28.81, 18.36, 19.31, 17.09, 17.33, 14.96, 17.15]
2026-07-03 00:47:33,800 [trainer.py] => [stream] TIL curve: [91.37, 81.91, 67.15, 74.51, 60.56, 70.0, 61.4, 71.27, 60.46, 63.08, 58.95, 57.48, 58.5, 60.53]
2026-07-03 00:47:33,800 [trainer.py] => [stream] FINAL  CIL 17.15 | TIL 60.53  (over 20 tasks)
