2026-07-20 23:40:10,291 [trainer.py] => config: exps/review/scale1_lr1e3_check/seqlora_imagenetr.json
2026-07-20 23:40:10,292 [trainer.py] => prefix: scale1_lr1e3_check_seqlora_imagenetr
2026-07-20 23:40:10,292 [trainer.py] => dataset: imagenetr
2026-07-20 23:40:10,292 [trainer.py] => memory_size: 0
2026-07-20 23:40:10,292 [trainer.py] => memory_per_class: 0
2026-07-20 23:40:10,292 [trainer.py] => fixed_memory: False
2026-07-20 23:40:10,292 [trainer.py] => shuffle: True
2026-07-20 23:40:10,292 [trainer.py] => init_cls: 10
2026-07-20 23:40:10,292 [trainer.py] => increment: 10
2026-07-20 23:40:10,292 [trainer.py] => model_name: seqlora
2026-07-20 23:40:10,292 [trainer.py] => backbone_type: vit_base_patch16_224_lora
2026-07-20 23:40:10,292 [trainer.py] => device: [device(type='cuda', index=0)]
2026-07-20 23:40:10,292 [trainer.py] => seed: 1993
2026-07-20 23:40:10,292 [trainer.py] => scenario: both
2026-07-20 23:40:10,292 [trainer.py] => lora_rank: 10
2026-07-20 23:40:10,292 [trainer.py] => lora_alpha: None
2026-07-20 23:40:10,292 [trainer.py] => lora_merge: True
2026-07-20 23:40:10,292 [trainer.py] => tuned_epoch: 10
2026-07-20 23:40:10,292 [trainer.py] => init_lr: 0.001
2026-07-20 23:40:10,292 [trainer.py] => batch_size: 48
2026-07-20 23:40:10,292 [trainer.py] => weight_decay: 0.0005
2026-07-20 23:40:10,292 [trainer.py] => min_lr: 0.0
2026-07-20 23:40:10,293 [trainer.py] => pretrained: True
2026-07-20 23:40:10,293 [trainer.py] => print_forget: True
2026-07-20 23:40:10,293 [trainer.py] => stop_after_tasks: 3
2026-07-20 23:40:10,293 [trainer.py] => final_metrics: True
2026-07-20 23:40:10,379 [data_manager.py] => [168, 136, 51, 9, 183, 101, 171, 99, 42, 159, 191, 70, 16, 188, 27, 10, 175, 26, 68, 187, 98, 6, 85, 35, 112, 43, 100, 0, 103, 181, 88, 59, 4, 2, 116, 174, 94, 80, 106, 1, 147, 17, 141, 131, 72, 23, 173, 54, 197, 118, 87, 32, 79, 104, 91, 19, 135, 107, 178, 36, 11, 199, 142, 8, 122, 3, 28, 57, 153, 172, 190, 56, 49, 44, 97, 62, 151, 169, 194, 55, 192, 12, 189, 78, 66, 180, 15, 137, 109, 134, 92, 119, 126, 52, 170, 40, 148, 65, 144, 64, 138, 45, 77, 89, 154, 90, 71, 193, 74, 30, 113, 143, 96, 84, 67, 50, 186, 156, 69, 21, 18, 111, 108, 58, 125, 157, 150, 110, 182, 129, 166, 83, 81, 60, 13, 165, 14, 176, 63, 117, 5, 22, 145, 121, 38, 41, 82, 127, 114, 20, 31, 53, 37, 163, 196, 130, 152, 162, 86, 76, 24, 34, 184, 149, 33, 128, 198, 155, 146, 167, 139, 120, 140, 102, 47, 25, 158, 123, 46, 164, 61, 7, 115, 75, 133, 160, 105, 132, 179, 124, 48, 73, 93, 39, 95, 195, 29, 177, 185, 161]
2026-07-20 23:40:13,108 [trainer.py] => stop_after_tasks=3 (of 20 total)
2026-07-20 23:40:13,644 [trainer.py] => All params: 93171456
2026-07-20 23:40:13,646 [trainer.py] => Trainable params: 7372800
2026-07-20 23:40:13,647 [lora.py] => Learning on 0-10
2026-07-20 23:40:13,653 [lora.py] => Trainable params this task: 376,330 / 93,179,146
2026-07-20 23:41:37,042 [lora.py] => Task 0 finished. Train_accy 94.50
2026-07-20 23:41:40,280 [til_base.py] => TIL top1: 95.89
2026-07-20 23:41:40,281 [til_base.py] => CIL top1: 95.89 | TIL top1: 95.89
2026-07-20 23:41:40,286 [trainer.py] => No NME accuracy.
2026-07-20 23:41:40,286 [trainer.py] => CNN: {'total': 95.89, '00-09': 95.89, 'old': 0, 'new': 95.89}
2026-07-20 23:41:40,286 [trainer.py] => CNN top1 curve: [95.89]
2026-07-20 23:41:40,286 [trainer.py] => CNN top5 curve: [99.68]

2026-07-20 23:41:40,286 [trainer.py] => Average Accuracy (CNN): 95.89 

2026-07-20 23:41:40,289 [trainer.py] => All params: 93179146
2026-07-20 23:41:40,291 [trainer.py] => Trainable params: 376330
2026-07-20 23:41:40,292 [lora.py] => Learning on 10-20
2026-07-20 23:41:40,299 [lora.py] => Trainable params this task: 384,020 / 93,186,836
2026-07-20 23:43:16,444 [lora.py] => Task 1 finished. Train_accy 94.84
2026-07-20 23:43:22,777 [til_base.py] => TIL top1: 94.64
2026-07-20 23:43:22,777 [til_base.py] => CIL top1: 89.57 | TIL top1: 94.64
2026-07-20 23:43:22,783 [trainer.py] => No NME accuracy.
2026-07-20 23:43:22,783 [trainer.py] => CNN: {'total': 89.57, '00-09': 82.59, '10-19': 95.45, 'old': 82.59, 'new': 95.45}
2026-07-20 23:43:22,783 [trainer.py] => CNN top1 curve: [95.89, 89.57]
2026-07-20 23:43:22,783 [trainer.py] => CNN top5 curve: [99.68, 97.68]

2026-07-20 23:43:22,783 [trainer.py] => Average Accuracy (CNN): 92.72999999999999 

2026-07-20 23:43:22,785 [trainer.py] => All params: 93186836
2026-07-20 23:43:22,788 [trainer.py] => Trainable params: 384020
2026-07-20 23:43:22,788 [lora.py] => Learning on 20-30
2026-07-20 23:43:22,796 [lora.py] => Trainable params this task: 391,710 / 93,194,526
2026-07-20 23:44:41,566 [lora.py] => Task 2 finished. Train_accy 94.84
2026-07-20 23:44:50,355 [til_base.py] => TIL top1: 95.76
2026-07-20 23:44:50,356 [til_base.py] => CIL top1: 83.96 | TIL top1: 95.76
2026-07-20 23:44:50,361 [trainer.py] => No NME accuracy.
2026-07-20 23:44:50,361 [trainer.py] => CNN: {'total': 83.96, '00-09': 69.94, '10-19': 88.24, '20-29': 93.36, 'old': 79.86, 'new': 93.36}
2026-07-20 23:44:50,362 [trainer.py] => CNN top1 curve: [95.89, 89.57, 83.96]
2026-07-20 23:44:50,362 [trainer.py] => CNN top5 curve: [99.68, 97.68, 97.68]

2026-07-20 23:44:50,362 [trainer.py] => Average Accuracy (CNN): 89.80666666666666 

2026-07-20 23:44:52,927 [metrics_logger.py] => [metrics] wrote run_logs/final/seqlora/metrics_seqlora_imagenetr_scale1_lr1e3_check_seqlora_imagenetr_s1993.json
2026-07-20 23:44:52,928 [trainer.py] => Forgetting (CNN): 16.580000000000005
2026-07-20 23:44:52,928 [trainer.py] => Forgetting (NME): 16.580000000000005
2026-07-20 23:44:52,928 [trainer.py] => Forgetting (TIL): 1.7349999999999994
2026-07-21 00:03:38,377 [trainer.py] => config: exps/review/scale1_lr1e3_check/seqlora_imagenetr.json
2026-07-21 00:03:38,377 [trainer.py] => prefix: scale1_lr1e3_check_seqlora_imagenetr
2026-07-21 00:03:38,377 [trainer.py] => dataset: imagenetr
2026-07-21 00:03:38,377 [trainer.py] => memory_size: 0
2026-07-21 00:03:38,377 [trainer.py] => memory_per_class: 0
2026-07-21 00:03:38,377 [trainer.py] => fixed_memory: False
2026-07-21 00:03:38,377 [trainer.py] => shuffle: True
2026-07-21 00:03:38,377 [trainer.py] => init_cls: 10
2026-07-21 00:03:38,377 [trainer.py] => increment: 10
2026-07-21 00:03:38,377 [trainer.py] => model_name: seqlora
2026-07-21 00:03:38,377 [trainer.py] => backbone_type: vit_base_patch16_224_lora
2026-07-21 00:03:38,377 [trainer.py] => device: [device(type='cuda', index=0)]
2026-07-21 00:03:38,377 [trainer.py] => seed: 1993
2026-07-21 00:03:38,377 [trainer.py] => scenario: both
2026-07-21 00:03:38,377 [trainer.py] => lora_rank: 10
2026-07-21 00:03:38,377 [trainer.py] => lora_alpha: None
2026-07-21 00:03:38,377 [trainer.py] => lora_merge: True
2026-07-21 00:03:38,377 [trainer.py] => tuned_epoch: 10
2026-07-21 00:03:38,377 [trainer.py] => init_lr: 0.001
2026-07-21 00:03:38,378 [trainer.py] => batch_size: 48
2026-07-21 00:03:38,378 [trainer.py] => weight_decay: 0.0005
2026-07-21 00:03:38,378 [trainer.py] => min_lr: 0.0
2026-07-21 00:03:38,378 [trainer.py] => pretrained: True
2026-07-21 00:03:38,378 [trainer.py] => print_forget: True
2026-07-21 00:03:38,378 [trainer.py] => stop_after_tasks: 5
2026-07-21 00:03:38,378 [trainer.py] => final_metrics: True
2026-07-21 00:03:38,465 [data_manager.py] => [168, 136, 51, 9, 183, 101, 171, 99, 42, 159, 191, 70, 16, 188, 27, 10, 175, 26, 68, 187, 98, 6, 85, 35, 112, 43, 100, 0, 103, 181, 88, 59, 4, 2, 116, 174, 94, 80, 106, 1, 147, 17, 141, 131, 72, 23, 173, 54, 197, 118, 87, 32, 79, 104, 91, 19, 135, 107, 178, 36, 11, 199, 142, 8, 122, 3, 28, 57, 153, 172, 190, 56, 49, 44, 97, 62, 151, 169, 194, 55, 192, 12, 189, 78, 66, 180, 15, 137, 109, 134, 92, 119, 126, 52, 170, 40, 148, 65, 144, 64, 138, 45, 77, 89, 154, 90, 71, 193, 74, 30, 113, 143, 96, 84, 67, 50, 186, 156, 69, 21, 18, 111, 108, 58, 125, 157, 150, 110, 182, 129, 166, 83, 81, 60, 13, 165, 14, 176, 63, 117, 5, 22, 145, 121, 38, 41, 82, 127, 114, 20, 31, 53, 37, 163, 196, 130, 152, 162, 86, 76, 24, 34, 184, 149, 33, 128, 198, 155, 146, 167, 139, 120, 140, 102, 47, 25, 158, 123, 46, 164, 61, 7, 115, 75, 133, 160, 105, 132, 179, 124, 48, 73, 93, 39, 95, 195, 29, 177, 185, 161]
2026-07-21 00:03:41,348 [trainer.py] => stop_after_tasks=5 (of 20 total)
2026-07-21 00:03:41,860 [trainer.py] => All params: 93171456
2026-07-21 00:03:41,862 [trainer.py] => Trainable params: 7372800
2026-07-21 00:03:41,863 [lora.py] => Learning on 0-10
2026-07-21 00:03:41,869 [lora.py] => Trainable params this task: 376,330 / 93,179,146
2026-07-21 00:05:06,685 [lora.py] => Task 0 finished. Train_accy 94.50
2026-07-21 00:05:09,903 [til_base.py] => TIL top1: 95.89
2026-07-21 00:05:09,903 [til_base.py] => CIL top1: 95.89 | TIL top1: 95.89
2026-07-21 00:05:09,912 [trainer.py] => No NME accuracy.
2026-07-21 00:05:09,912 [trainer.py] => CNN: {'total': 95.89, '00-09': 95.89, 'old': 0, 'new': 95.89}
2026-07-21 00:05:09,912 [trainer.py] => CNN top1 curve: [95.89]
2026-07-21 00:05:09,912 [trainer.py] => CNN top5 curve: [99.68]

2026-07-21 00:05:09,912 [trainer.py] => Average Accuracy (CNN): 95.89 

2026-07-21 00:05:09,916 [trainer.py] => All params: 93179146
2026-07-21 00:05:09,919 [trainer.py] => Trainable params: 376330
2026-07-21 00:05:09,921 [lora.py] => Learning on 10-20
2026-07-21 00:05:09,933 [lora.py] => Trainable params this task: 384,020 / 93,186,836
2026-07-21 00:06:47,547 [lora.py] => Task 1 finished. Train_accy 94.84
2026-07-21 00:06:53,864 [til_base.py] => TIL top1: 94.64
2026-07-21 00:06:53,864 [til_base.py] => CIL top1: 89.57 | TIL top1: 94.64
2026-07-21 00:06:53,873 [trainer.py] => No NME accuracy.
2026-07-21 00:06:53,873 [trainer.py] => CNN: {'total': 89.57, '00-09': 82.59, '10-19': 95.45, 'old': 82.59, 'new': 95.45}
2026-07-21 00:06:53,873 [trainer.py] => CNN top1 curve: [95.89, 89.57]
2026-07-21 00:06:53,873 [trainer.py] => CNN top5 curve: [99.68, 97.68]

2026-07-21 00:06:53,873 [trainer.py] => Average Accuracy (CNN): 92.72999999999999 

2026-07-21 00:06:53,877 [trainer.py] => All params: 93186836
2026-07-21 00:06:53,881 [trainer.py] => Trainable params: 384020
2026-07-21 00:06:53,882 [lora.py] => Learning on 20-30
2026-07-21 00:06:53,894 [lora.py] => Trainable params this task: 391,710 / 93,194,526
2026-07-21 00:08:13,751 [lora.py] => Task 2 finished. Train_accy 94.84
2026-07-21 00:08:22,617 [til_base.py] => TIL top1: 95.76
2026-07-21 00:08:22,618 [til_base.py] => CIL top1: 83.96 | TIL top1: 95.76
2026-07-21 00:08:22,623 [trainer.py] => No NME accuracy.
2026-07-21 00:08:22,624 [trainer.py] => CNN: {'total': 83.96, '00-09': 69.94, '10-19': 88.24, '20-29': 93.36, 'old': 79.86, 'new': 93.36}
2026-07-21 00:08:22,624 [trainer.py] => CNN top1 curve: [95.89, 89.57, 83.96]
2026-07-21 00:08:22,624 [trainer.py] => CNN top5 curve: [99.68, 97.68, 97.68]

2026-07-21 00:08:22,624 [trainer.py] => Average Accuracy (CNN): 89.80666666666666 

2026-07-21 00:08:22,626 [trainer.py] => All params: 93194526
2026-07-21 00:08:22,628 [trainer.py] => Trainable params: 391710
2026-07-21 00:08:22,629 [lora.py] => Learning on 30-40
2026-07-21 00:08:22,637 [lora.py] => Trainable params this task: 399,400 / 93,202,216
2026-07-21 00:09:49,836 [lora.py] => Task 3 finished. Train_accy 93.82
2026-07-21 00:10:01,646 [til_base.py] => TIL top1: 93.57
2026-07-21 00:10:01,646 [til_base.py] => CIL top1: 79.18 | TIL top1: 93.57
2026-07-21 00:10:01,652 [trainer.py] => No NME accuracy.
2026-07-21 00:10:01,652 [trainer.py] => CNN: {'total': 79.18, '00-09': 59.81, '10-19': 78.34, '20-29': 85.38, '30-39': 93.03, 'old': 74.57, 'new': 93.03}
2026-07-21 00:10:01,652 [trainer.py] => CNN top1 curve: [95.89, 89.57, 83.96, 79.18]
2026-07-21 00:10:01,652 [trainer.py] => CNN top5 curve: [99.68, 97.68, 97.68, 95.0]

2026-07-21 00:10:01,652 [trainer.py] => Average Accuracy (CNN): 87.14999999999999 

2026-07-21 00:10:01,654 [trainer.py] => All params: 93202216
2026-07-21 00:10:01,656 [trainer.py] => Trainable params: 399400
2026-07-21 00:10:01,657 [lora.py] => Learning on 40-50
2026-07-21 00:10:01,665 [lora.py] => Trainable params this task: 407,090 / 93,209,906
2026-07-21 00:11:15,831 [lora.py] => Task 4 finished. Train_accy 92.27
2026-07-21 00:11:30,143 [til_base.py] => TIL top1: 92.3
2026-07-21 00:11:30,144 [til_base.py] => CIL top1: 75.72 | TIL top1: 92.3
2026-07-21 00:11:30,149 [trainer.py] => No NME accuracy.
2026-07-21 00:11:30,149 [trainer.py] => CNN: {'total': 75.72, '00-09': 52.53, '10-19': 76.47, '20-29': 75.75, '30-39': 87.58, '40-49': 87.0, 'old': 73.35, 'new': 87.0}
2026-07-21 00:11:30,149 [trainer.py] => CNN top1 curve: [95.89, 89.57, 83.96, 79.18, 75.72]
2026-07-21 00:11:30,150 [trainer.py] => CNN top5 curve: [99.68, 97.68, 97.68, 95.0, 92.93]

2026-07-21 00:11:30,150 [trainer.py] => Average Accuracy (CNN): 84.86399999999999 

2026-07-21 00:11:33,111 [metrics_logger.py] => [metrics] wrote run_logs/final/seqlora/metrics_seqlora_imagenetr_scale1_lr1e3_check_seqlora_imagenetr_s1993.json
2026-07-21 00:11:33,111 [trainer.py] => Forgetting (CNN): 21.35
2026-07-21 00:11:33,111 [trainer.py] => Forgetting (NME): 21.35
2026-07-21 00:11:33,112 [trainer.py] => Forgetting (TIL): 4.227500000000003
