2026-07-20 19:21:22,140 [trainer.py] => config: exps/review/seqlora_sketchlora_check/seqlora_imagenetr.json
2026-07-20 19:21:22,140 [trainer.py] => prefix: seqlora_check_imagenetr
2026-07-20 19:21:22,140 [trainer.py] => dataset: imagenetr
2026-07-20 19:21:22,140 [trainer.py] => memory_size: 0
2026-07-20 19:21:22,140 [trainer.py] => memory_per_class: 0
2026-07-20 19:21:22,140 [trainer.py] => fixed_memory: False
2026-07-20 19:21:22,140 [trainer.py] => shuffle: True
2026-07-20 19:21:22,140 [trainer.py] => init_cls: 10
2026-07-20 19:21:22,140 [trainer.py] => increment: 10
2026-07-20 19:21:22,140 [trainer.py] => model_name: seqlora
2026-07-20 19:21:22,140 [trainer.py] => backbone_type: vit_base_patch16_224_lora
2026-07-20 19:21:22,140 [trainer.py] => device: [device(type='cuda', index=0)]
2026-07-20 19:21:22,140 [trainer.py] => seed: 1993
2026-07-20 19:21:22,140 [trainer.py] => scenario: both
2026-07-20 19:21:22,140 [trainer.py] => lora_rank: 10
2026-07-20 19:21:22,140 [trainer.py] => lora_alpha: None
2026-07-20 19:21:22,140 [trainer.py] => lora_merge: True
2026-07-20 19:21:22,140 [trainer.py] => tuned_epoch: 10
2026-07-20 19:21:22,141 [trainer.py] => init_lr: 0.0005
2026-07-20 19:21:22,141 [trainer.py] => batch_size: 48
2026-07-20 19:21:22,141 [trainer.py] => weight_decay: 0.0005
2026-07-20 19:21:22,141 [trainer.py] => min_lr: 0.0
2026-07-20 19:21:22,141 [trainer.py] => pretrained: True
2026-07-20 19:21:22,141 [trainer.py] => print_forget: True
2026-07-20 19:21:22,141 [trainer.py] => stop_after_tasks: 3
2026-07-20 19:21:22,141 [trainer.py] => final_metrics: True
2026-07-20 19:21:22,228 [data_manager.py] => [168, 136, 51, 9, 183, 101, 171, 99, 42, 159, 191, 70, 16, 188, 27, 10, 175, 26, 68, 187, 98, 6, 85, 35, 112, 43, 100, 0, 103, 181, 88, 59, 4, 2, 116, 174, 94, 80, 106, 1, 147, 17, 141, 131, 72, 23, 173, 54, 197, 118, 87, 32, 79, 104, 91, 19, 135, 107, 178, 36, 11, 199, 142, 8, 122, 3, 28, 57, 153, 172, 190, 56, 49, 44, 97, 62, 151, 169, 194, 55, 192, 12, 189, 78, 66, 180, 15, 137, 109, 134, 92, 119, 126, 52, 170, 40, 148, 65, 144, 64, 138, 45, 77, 89, 154, 90, 71, 193, 74, 30, 113, 143, 96, 84, 67, 50, 186, 156, 69, 21, 18, 111, 108, 58, 125, 157, 150, 110, 182, 129, 166, 83, 81, 60, 13, 165, 14, 176, 63, 117, 5, 22, 145, 121, 38, 41, 82, 127, 114, 20, 31, 53, 37, 163, 196, 130, 152, 162, 86, 76, 24, 34, 184, 149, 33, 128, 198, 155, 146, 167, 139, 120, 140, 102, 47, 25, 158, 123, 46, 164, 61, 7, 115, 75, 133, 160, 105, 132, 179, 124, 48, 73, 93, 39, 95, 195, 29, 177, 185, 161]
2026-07-20 19:21:25,029 [trainer.py] => stop_after_tasks=3 (of 20 total)
2026-07-20 19:21:25,586 [trainer.py] => All params: 93171456
2026-07-20 19:21:25,589 [trainer.py] => Trainable params: 7372800
2026-07-20 19:21:25,589 [lora.py] => Learning on 0-10
2026-07-20 19:21:25,596 [lora.py] => Trainable params this task: 376,330 / 93,179,146
2026-07-20 19:22:48,906 [lora.py] => Task 0 finished. Train_accy 92.71
2026-07-20 19:22:52,132 [til_base.py] => TIL top1: 96.84
2026-07-20 19:22:52,132 [til_base.py] => CIL top1: 96.84 | TIL top1: 96.84
2026-07-20 19:22:52,138 [trainer.py] => No NME accuracy.
2026-07-20 19:22:52,138 [trainer.py] => CNN: {'total': 96.84, '00-09': 96.84, 'old': 0, 'new': 96.84}
2026-07-20 19:22:52,138 [trainer.py] => CNN top1 curve: [96.84]
2026-07-20 19:22:52,138 [trainer.py] => CNN top5 curve: [99.68]

2026-07-20 19:22:52,138 [trainer.py] => Average Accuracy (CNN): 96.84 

2026-07-20 19:22:52,141 [trainer.py] => All params: 93179146
2026-07-20 19:22:52,143 [trainer.py] => Trainable params: 376330
2026-07-20 19:22:52,144 [lora.py] => Learning on 10-20
2026-07-20 19:22:52,151 [lora.py] => Trainable params this task: 384,020 / 93,186,836
2026-07-20 19:24:28,043 [lora.py] => Task 1 finished. Train_accy 93.19
2026-07-20 19:24:34,389 [til_base.py] => TIL top1: 95.22
2026-07-20 19:24:34,389 [til_base.py] => CIL top1: 89.71 | TIL top1: 95.22
2026-07-20 19:24:34,395 [trainer.py] => No NME accuracy.
2026-07-20 19:24:34,395 [trainer.py] => CNN: {'total': 89.71, '00-09': 82.28, '10-19': 95.99, 'old': 82.28, 'new': 95.99}
2026-07-20 19:24:34,395 [trainer.py] => CNN top1 curve: [96.84, 89.71]
2026-07-20 19:24:34,395 [trainer.py] => CNN top5 curve: [99.68, 97.83]

2026-07-20 19:24:34,395 [trainer.py] => Average Accuracy (CNN): 93.275 

2026-07-20 19:24:34,397 [trainer.py] => All params: 93186836
2026-07-20 19:24:34,399 [trainer.py] => Trainable params: 384020
2026-07-20 19:24:34,400 [lora.py] => Learning on 20-30
2026-07-20 19:24:34,408 [lora.py] => Trainable params this task: 391,710 / 93,194,526
2026-07-20 19:25:52,845 [lora.py] => Task 2 finished. Train_accy 93.04
2026-07-20 19:26:01,650 [til_base.py] => TIL top1: 94.55
2026-07-20 19:26:01,651 [til_base.py] => CIL top1: 84.36 | TIL top1: 94.55
2026-07-20 19:26:01,656 [trainer.py] => No NME accuracy.
2026-07-20 19:26:01,656 [trainer.py] => CNN: {'total': 84.36, '00-09': 73.42, '10-19': 89.3, '20-29': 89.7, 'old': 82.03, 'new': 89.7}
2026-07-20 19:26:01,656 [trainer.py] => CNN top1 curve: [96.84, 89.71, 84.36]
2026-07-20 19:26:01,657 [trainer.py] => CNN top5 curve: [99.68, 97.83, 96.97]

2026-07-20 19:26:01,657 [trainer.py] => Average Accuracy (CNN): 90.30333333333334 

2026-07-20 19:26:04,236 [metrics_logger.py] => [metrics] wrote run_logs/final/seqlora/metrics_seqlora_imagenetr_seqlora_check_imagenetr_s1993.json
2026-07-20 19:26:04,236 [trainer.py] => Forgetting (CNN): 15.055
2026-07-20 19:26:04,237 [trainer.py] => Forgetting (NME): 15.055
2026-07-20 19:26:04,237 [trainer.py] => Forgetting (TIL): 3.7350000000000065
2026-07-20 22:23:45,106 [trainer.py] => config: exps/review/seqlora_sketchlora_check/seqlora_imagenetr.json
2026-07-20 22:23:45,106 [trainer.py] => prefix: seqlora_check_imagenetr
2026-07-20 22:23:45,106 [trainer.py] => dataset: imagenetr
2026-07-20 22:23:45,106 [trainer.py] => memory_size: 0
2026-07-20 22:23:45,106 [trainer.py] => memory_per_class: 0
2026-07-20 22:23:45,106 [trainer.py] => fixed_memory: False
2026-07-20 22:23:45,106 [trainer.py] => shuffle: True
2026-07-20 22:23:45,106 [trainer.py] => init_cls: 10
2026-07-20 22:23:45,106 [trainer.py] => increment: 10
2026-07-20 22:23:45,106 [trainer.py] => model_name: seqlora
2026-07-20 22:23:45,106 [trainer.py] => backbone_type: vit_base_patch16_224_lora
2026-07-20 22:23:45,106 [trainer.py] => device: [device(type='cuda', index=0)]
2026-07-20 22:23:45,106 [trainer.py] => seed: 1993
2026-07-20 22:23:45,106 [trainer.py] => scenario: both
2026-07-20 22:23:45,106 [trainer.py] => lora_rank: 10
2026-07-20 22:23:45,107 [trainer.py] => lora_alpha: 40
2026-07-20 22:23:45,107 [trainer.py] => lora_merge: True
2026-07-20 22:23:45,107 [trainer.py] => tuned_epoch: 10
2026-07-20 22:23:45,107 [trainer.py] => init_lr: 0.0005
2026-07-20 22:23:45,107 [trainer.py] => batch_size: 48
2026-07-20 22:23:45,107 [trainer.py] => weight_decay: 0.0005
2026-07-20 22:23:45,107 [trainer.py] => min_lr: 0.0
2026-07-20 22:23:45,107 [trainer.py] => pretrained: True
2026-07-20 22:23:45,107 [trainer.py] => print_forget: True
2026-07-20 22:23:45,107 [trainer.py] => stop_after_tasks: 3
2026-07-20 22:23:45,107 [trainer.py] => final_metrics: True
2026-07-20 22:23:45,194 [data_manager.py] => [168, 136, 51, 9, 183, 101, 171, 99, 42, 159, 191, 70, 16, 188, 27, 10, 175, 26, 68, 187, 98, 6, 85, 35, 112, 43, 100, 0, 103, 181, 88, 59, 4, 2, 116, 174, 94, 80, 106, 1, 147, 17, 141, 131, 72, 23, 173, 54, 197, 118, 87, 32, 79, 104, 91, 19, 135, 107, 178, 36, 11, 199, 142, 8, 122, 3, 28, 57, 153, 172, 190, 56, 49, 44, 97, 62, 151, 169, 194, 55, 192, 12, 189, 78, 66, 180, 15, 137, 109, 134, 92, 119, 126, 52, 170, 40, 148, 65, 144, 64, 138, 45, 77, 89, 154, 90, 71, 193, 74, 30, 113, 143, 96, 84, 67, 50, 186, 156, 69, 21, 18, 111, 108, 58, 125, 157, 150, 110, 182, 129, 166, 83, 81, 60, 13, 165, 14, 176, 63, 117, 5, 22, 145, 121, 38, 41, 82, 127, 114, 20, 31, 53, 37, 163, 196, 130, 152, 162, 86, 76, 24, 34, 184, 149, 33, 128, 198, 155, 146, 167, 139, 120, 140, 102, 47, 25, 158, 123, 46, 164, 61, 7, 115, 75, 133, 160, 105, 132, 179, 124, 48, 73, 93, 39, 95, 195, 29, 177, 185, 161]
2026-07-20 22:23:48,159 [trainer.py] => stop_after_tasks=3 (of 20 total)
2026-07-20 22:23:49,188 [trainer.py] => All params: 93171456
2026-07-20 22:23:49,190 [trainer.py] => Trainable params: 7372800
2026-07-20 22:23:49,195 [lora.py] => Learning on 0-10
2026-07-20 22:23:49,202 [lora.py] => Trainable params this task: 376,330 / 93,179,146
2026-07-20 22:26:27,986 [lora.py] => Task 0 finished. Train_accy 93.72
2026-07-20 22:26:32,865 [til_base.py] => TIL top1: 96.52
2026-07-20 22:26:32,865 [til_base.py] => CIL top1: 96.52 | TIL top1: 96.52
2026-07-20 22:26:32,870 [trainer.py] => No NME accuracy.
2026-07-20 22:26:32,870 [trainer.py] => CNN: {'total': 96.52, '00-09': 96.52, 'old': 0, 'new': 96.52}
2026-07-20 22:26:32,870 [trainer.py] => CNN top1 curve: [96.52]
2026-07-20 22:26:32,871 [trainer.py] => CNN top5 curve: [99.68]

2026-07-20 22:26:32,871 [trainer.py] => Average Accuracy (CNN): 96.52 

2026-07-20 22:26:32,873 [trainer.py] => All params: 93179146
2026-07-20 22:26:32,875 [trainer.py] => Trainable params: 376330
2026-07-20 22:26:32,880 [lora.py] => Learning on 10-20
2026-07-20 22:26:32,888 [lora.py] => Trainable params this task: 384,020 / 93,186,836
2026-07-20 22:29:04,805 [lora.py] => Task 1 finished. Train_accy 94.65
2026-07-20 22:29:14,908 [til_base.py] => TIL top1: 94.49
2026-07-20 22:29:14,908 [til_base.py] => CIL top1: 87.54 | TIL top1: 94.49
2026-07-20 22:29:14,913 [trainer.py] => No NME accuracy.
2026-07-20 22:29:14,913 [trainer.py] => CNN: {'total': 87.54, '00-09': 78.48, '10-19': 95.19, 'old': 78.48, 'new': 95.19}
2026-07-20 22:29:14,913 [trainer.py] => CNN top1 curve: [96.52, 87.54]
2026-07-20 22:29:14,913 [trainer.py] => CNN top5 curve: [99.68, 97.39]

2026-07-20 22:29:14,914 [trainer.py] => Average Accuracy (CNN): 92.03 

2026-07-20 22:29:14,916 [trainer.py] => All params: 93186836
2026-07-20 22:29:14,918 [trainer.py] => Trainable params: 384020
2026-07-20 22:29:14,921 [lora.py] => Learning on 20-30
2026-07-20 22:29:14,928 [lora.py] => Trainable params this task: 391,710 / 93,194,526
2026-07-20 22:31:43,672 [lora.py] => Task 2 finished. Train_accy 94.51
2026-07-20 22:31:55,973 [til_base.py] => TIL top1: 93.95
2026-07-20 22:31:55,973 [til_base.py] => CIL top1: 81.43 | TIL top1: 93.95
2026-07-20 22:31:55,982 [trainer.py] => No NME accuracy.
2026-07-20 22:31:55,983 [trainer.py] => CNN: {'total': 81.43, '00-09': 64.24, '10-19': 88.24, '20-29': 91.03, 'old': 77.25, 'new': 91.03}
2026-07-20 22:31:55,983 [trainer.py] => CNN top1 curve: [96.52, 87.54, 81.43]
2026-07-20 22:31:55,983 [trainer.py] => CNN top5 curve: [99.68, 97.39, 96.47]

2026-07-20 22:31:55,983 [trainer.py] => Average Accuracy (CNN): 88.49666666666667 

2026-07-20 22:31:58,414 [metrics_logger.py] => [metrics] wrote run_logs/final/seqlora/metrics_seqlora_imagenetr_seqlora_check_imagenetr_s1993.json
2026-07-20 22:31:58,415 [trainer.py] => Forgetting (CNN): 19.615000000000002
2026-07-20 22:31:58,415 [trainer.py] => Forgetting (NME): 19.615000000000002
2026-07-20 22:31:58,415 [trainer.py] => Forgetting (TIL): 3.9200000000000017
