2026-07-28 03:26:04,200 [trainer.py] => config: exps/imagenetr_grid/_patched_olora_50mb_s1993_gpu2.json
2026-07-28 03:26:04,201 [trainer.py] => dataset: imagenetr
2026-07-28 03:26:04,201 [trainer.py] => memory_size: 0
2026-07-28 03:26:04,201 [trainer.py] => memory_per_class: 0
2026-07-28 03:26:04,201 [trainer.py] => fixed_memory: False
2026-07-28 03:26:04,201 [trainer.py] => shuffle: True
2026-07-28 03:26:04,201 [trainer.py] => init_cls: 10
2026-07-28 03:26:04,201 [trainer.py] => increment: 10
2026-07-28 03:26:04,201 [trainer.py] => scenario: cil
2026-07-28 03:26:04,201 [trainer.py] => pretrained: True
2026-07-28 03:26:04,201 [trainer.py] => print_forget: False
2026-07-28 03:26:04,201 [trainer.py] => final_metrics: False
2026-07-28 03:26:04,201 [trainer.py] => backbone_type: vit_base_patch16_224_lora
2026-07-28 03:26:04,201 [trainer.py] => lora_rank: 10
2026-07-28 03:26:04,201 [trainer.py] => lora_alpha: None
2026-07-28 03:26:04,201 [trainer.py] => batch_size: 48
2026-07-28 03:26:04,201 [trainer.py] => weight_decay: 0.0005
2026-07-28 03:26:04,201 [trainer.py] => min_lr: 0.0
2026-07-28 03:26:04,201 [trainer.py] => tuned_epoch: 20
2026-07-28 03:26:04,201 [trainer.py] => boundary_mode: bounded_memory
2026-07-28 03:26:04,201 [trainer.py] => device: [device(type='cuda', index=2)]
2026-07-28 03:26:04,201 [trainer.py] => model_name: olora
2026-07-28 03:26:04,201 [trainer.py] => lora_merge: True
2026-07-28 03:26:04,201 [trainer.py] => lamda_1: 0.5
2026-07-28 03:26:04,201 [trainer.py] => lamda_2: 0.0
2026-07-28 03:26:04,201 [trainer.py] => init_lr: 0.001
2026-07-28 03:26:04,202 [trainer.py] => seed: 1993
2026-07-28 03:26:04,202 [trainer.py] => bm_budget_mb: 50
2026-07-28 03:26:04,202 [trainer.py] => prefix: imagenetr_grid_50mb_olora_s1993
2026-07-28 03:26:04,286 [data_manager.py] => [168, 136, 51, 9, 183, 101, 171, 99, 42, 159, 191, 70, 16, 188, 27, 10, 175, 26, 68, 187, 98, 6, 85, 35, 112, 43, 100, 0, 103, 181, 88, 59, 4, 2, 116, 174, 94, 80, 106, 1, 147, 17, 141, 131, 72, 23, 173, 54, 197, 118, 87, 32, 79, 104, 91, 19, 135, 107, 178, 36, 11, 199, 142, 8, 122, 3, 28, 57, 153, 172, 190, 56, 49, 44, 97, 62, 151, 169, 194, 55, 192, 12, 189, 78, 66, 180, 15, 137, 109, 134, 92, 119, 126, 52, 170, 40, 148, 65, 144, 64, 138, 45, 77, 89, 154, 90, 71, 193, 74, 30, 113, 143, 96, 84, 67, 50, 186, 156, 69, 21, 18, 111, 108, 58, 125, 157, 150, 110, 182, 129, 166, 83, 81, 60, 13, 165, 14, 176, 63, 117, 5, 22, 145, 121, 38, 41, 82, 127, 114, 20, 31, 53, 37, 163, 196, 130, 152, 162, 86, 76, 24, 34, 184, 149, 33, 128, 198, 155, 146, 167, 139, 120, 140, 102, 47, 25, 158, 123, 46, 164, 61, 7, 115, 75, 133, 160, 105, 132, 179, 124, 48, 73, 93, 39, 95, 195, 29, 177, 185, 161]
2026-07-28 03:26:08,343 [bounded_memory_mixin.py] => [bounded_mem] budget_mb=50.0 -> cycle=348 images (mean_task=1203.8 images, so this budget is 0.29x mean task size); 24076 total images -> 70 cycles (T=70 sessions); 20 eval checkpoints
2026-07-28 03:30:13,481 [bounded_memory_mixin.py] => [bounded_mem eval] volume 0.05 | cycle 3 | classes_seen 20 | CIL top1 74.35 | top5 92.17 | (nearest latent task ~1) | param_hash 1a1c62f134f76741 | per-task [85.76, 64.71]
2026-07-28 03:33:15,188 [bounded_memory_mixin.py] => [bounded_mem eval] volume 0.10 | cycle 6 | classes_seen 20 | CIL top1 85.65 | top5 96.67 | (nearest latent task ~1) | param_hash de1ad5a125805b05 | per-task [85.44, 85.83]
2026-07-28 03:37:20,202 [bounded_memory_mixin.py] => [bounded_mem eval] volume 0.15 | cycle 10 | classes_seen 30 | CIL top1 77.80 | top5 92.03 | (nearest latent task ~2) | param_hash a1c11b1b59fd2617 | per-task [83.23, 65.78, 87.04]
2026-07-28 03:40:26,661 [bounded_memory_mixin.py] => [bounded_mem eval] volume 0.20 | cycle 13 | classes_seen 40 | CIL top1 78.27 | top5 93.64 | (nearest latent task ~3) | param_hash 32d133dcc0cfed21 | per-task [80.7, 68.98, 82.72, 82.42]
2026-07-28 03:44:34,320 [bounded_memory_mixin.py] => [bounded_mem eval] volume 0.25 | cycle 17 | classes_seen 50 | CIL top1 74.47 | top5 91.68 | (nearest latent task ~4) | param_hash 73952b14b6f31c9f | per-task [78.8, 58.02, 76.08, 80.91, 82.31]
2026-07-28 03:47:42,049 [bounded_memory_mixin.py] => [bounded_mem eval] volume 0.30 | cycle 20 | classes_seen 60 | CIL top1 74.53 | top5 90.28 | (nearest latent task ~5) | param_hash edaec0cd610ea216 | per-task [75.63, 62.83, 72.43, 80.61, 79.06, 79.08]
2026-07-28 03:51:52,447 [bounded_memory_mixin.py] => [bounded_mem eval] volume 0.35 | cycle 24 | classes_seen 70 | CIL top1 71.97 | top5 89.28 | (nearest latent task ~6) | param_hash 71e3a9cda8008849 | per-task [72.47, 59.36, 70.43, 79.39, 74.01, 71.24, 79.46]
2026-07-28 03:55:04,606 [bounded_memory_mixin.py] => [bounded_mem eval] volume 0.40 | cycle 27 | classes_seen 80 | CIL top1 72.22 | top5 89.23 | (nearest latent task ~7) | param_hash 6cda2a2f80b24a8e | per-task [70.25, 59.36, 68.11, 81.82, 71.84, 71.9, 78.79, 78.73]
2026-07-28 03:59:17,618 [bounded_memory_mixin.py] => [bounded_mem eval] volume 0.45 | cycle 31 | classes_seen 90 | CIL top1 71.44 | top5 88.80 | (nearest latent task ~8) | param_hash dfbb725e5952a041 | per-task [68.04, 58.56, 67.44, 80.0, 70.76, 69.28, 79.12, 84.33, 69.68]
2026-07-28 04:02:31,300 [bounded_memory_mixin.py] => [bounded_mem eval] volume 0.50 | cycle 34 | classes_seen 109 | CIL top1 64.43 | top5 82.74 | (nearest latent task ~10) | param_hash faffb23dd7dd39a5 | per-task [63.92, 53.21, 62.79, 78.79, 66.79, 70.92, 75.42, 82.09, 75.51, 71.43, 3.52]
2026-07-28 04:06:50,140 [bounded_memory_mixin.py] => [bounded_mem eval] volume 0.55 | cycle 38 | classes_seen 120 | CIL top1 67.34 | top5 86.30 | (nearest latent task ~11) | param_hash 4065daafd88e2d4f | per-task [65.19, 56.95, 61.79, 79.09, 67.87, 68.63, 76.77, 80.97, 71.72, 72.53, 58.6, 54.99]
2026-07-28 04:10:04,825 [bounded_memory_mixin.py] => [bounded_mem eval] volume 0.60 | cycle 41 | classes_seen 120 | CIL top1 68.33 | top5 87.29 | (nearest latent task ~11) | param_hash 2d7904d72c17eb75 | per-task [61.71, 56.68, 58.8, 80.3, 68.95, 69.93, 77.1, 79.48, 72.3, 68.13, 55.79, 71.97]
2026-07-28 04:13:21,149 [bounded_memory_mixin.py] => [bounded_mem eval] volume 0.65 | cycle 44 | classes_seen 130 | CIL top1 67.94 | top5 86.77 | (nearest latent task ~12) | param_hash 542542698befc4e3 | per-task [62.03, 54.01, 57.81, 76.97, 67.51, 69.28, 78.11, 79.1, 71.43, 69.78, 55.44, 75.47, 68.31]
2026-07-28 04:17:40,985 [bounded_memory_mixin.py] => [bounded_mem eval] volume 0.70 | cycle 48 | classes_seen 150 | CIL top1 64.68 | top5 84.12 | (nearest latent task ~14) | param_hash 57352f3a3b2a0258 | per-task [61.08, 52.67, 57.14, 76.36, 68.23, 70.59, 76.09, 78.36, 72.01, 67.03, 55.09, 74.66, 65.43, 75.61, 27.76]
2026-07-28 04:20:59,732 [bounded_memory_mixin.py] => [bounded_mem eval] volume 0.75 | cycle 51 | classes_seen 150 | CIL top1 67.06 | top5 85.95 | (nearest latent task ~14) | param_hash 750d5ef524bdc0bc | per-task [56.33, 51.87, 54.82, 76.36, 65.34, 71.24, 74.41, 76.87, 72.01, 68.13, 51.93, 76.82, 65.43, 74.22, 70.54]
2026-07-28 04:25:21,758 [bounded_memory_mixin.py] => [bounded_mem eval] volume 0.80 | cycle 55 | classes_seen 160 | CIL top1 65.55 | top5 84.85 | (nearest latent task ~15) | param_hash c722e08ae517e7e1 | per-task [55.7, 51.34, 54.82, 76.67, 65.34, 70.92, 74.07, 77.24, 72.59, 68.13, 51.58, 74.39, 64.61, 74.56, 76.49, 43.71]
2026-07-28 04:28:44,815 [bounded_memory_mixin.py] => [bounded_mem eval] volume 0.85 | cycle 58 | classes_seen 170 | CIL top1 63.58 | top5 82.72 | (nearest latent task ~16) | param_hash eb4d730449847de3 | per-task [52.85, 51.34, 54.82, 74.24, 63.9, 69.93, 72.05, 77.61, 71.14, 68.13, 50.53, 72.78, 65.43, 73.87, 76.2, 31.43, 59.58]
2026-07-28 04:33:10,909 [bounded_memory_mixin.py] => [bounded_mem eval] volume 0.90 | cycle 62 | classes_seen 190 | CIL top1 61.94 | top5 81.53 | (nearest latent task ~18) | param_hash 0b8342621e5d7c60 | per-task [50.0, 49.73, 53.16, 75.15, 62.09, 70.59, 72.39, 75.75, 71.43, 66.48, 51.93, 72.51, 63.79, 74.22, 75.07, 30.86, 68.75, 73.53, 26.57]
2026-07-28 04:36:34,720 [bounded_memory_mixin.py] => [bounded_mem eval] volume 0.95 | cycle 65 | classes_seen 200 | CIL top1 60.55 | top5 79.42 | (nearest latent task ~19) | param_hash 2288214631bfb1c8 | per-task [49.37, 48.93, 52.49, 75.45, 62.09, 69.61, 71.04, 75.75, 72.01, 65.93, 51.23, 72.78, 64.61, 74.91, 74.5, 30.0, 67.08, 72.27, 60.84, 4.33]
2026-07-28 04:40:22,425 [bounded_memory_mixin.py] => [bounded_mem eval] volume 1.00 | cycle 69 | classes_seen 200 | CIL top1 62.51 | top5 82.17 | (nearest latent task ~19) | param_hash 172196906a53cdb1 | per-task [48.42, 49.73, 51.5, 74.85, 61.37, 69.61, 71.04, 75.0, 71.72, 64.29, 48.42, 72.24, 65.02, 73.87, 74.5, 30.0, 67.5, 71.85, 59.09, 57.04]
2026-07-28 04:40:25,734 [metrics_logger.py] => [metrics] wrote run_logs/final/olora/metrics_olora_imagenetr_grid_50mb_olora_s1993_s1993.json
2026-07-28 04:40:25,735 [bounded_memory_mixin.py] => [CE metric] olora = 0.9999000867791727 (eps=20, N=70 cycles)
2026-07-28 04:40:25,735 [trainer.py] => [bounded_mem] volume checkpoints: [0.05, 0.1, 0.15, 0.2, 0.25, 0.3, 0.35, 0.4, 0.45, 0.5, 0.55, 0.6, 0.65, 0.7, 0.75, 0.8, 0.85, 0.9, 0.95, 1.0]
2026-07-28 04:40:25,735 [trainer.py] => [bounded_mem] CIL top1 curve: [74.35, 85.65, 77.8, 78.27, 74.47, 74.53, 71.97, 72.22, 71.44, 64.43, 67.34, 68.33, 67.94, 64.68, 67.06, 65.55, 63.58, 61.94, 60.55, 62.51]
2026-07-28 04:40:25,735 [trainer.py] => [bounded_mem] CIL top5 curve: [92.17, 96.67, 92.03, 93.64, 91.68, 90.28, 89.28, 89.23, 88.8, 82.74, 86.3, 87.29, 86.77, 84.12, 85.95, 84.85, 82.72, 81.53, 79.42, 82.17]
2026-07-28 04:40:25,735 [trainer.py] => [bounded_mem] FINAL CIL top1 62.51 | top5 82.17 (at 100% of stream)
