2026-07-01 05:37:57,531 [trainer.py] => config: ./exps/olora_inr20t_task_s1994.json
2026-07-01 05:37:57,531 [trainer.py] => dataset: imagenetr
2026-07-01 05:37:57,531 [trainer.py] => memory_size: 0
2026-07-01 05:37:57,531 [trainer.py] => memory_per_class: 0
2026-07-01 05:37:57,531 [trainer.py] => fixed_memory: False
2026-07-01 05:37:57,531 [trainer.py] => shuffle: True
2026-07-01 05:37:57,531 [trainer.py] => init_cls: 10
2026-07-01 05:37:57,531 [trainer.py] => increment: 10
2026-07-01 05:37:57,531 [trainer.py] => backbone_type: vit_base_patch16_224_lora
2026-07-01 05:37:57,531 [trainer.py] => device: [device(type='cuda', index=0)]
2026-07-01 05:37:57,532 [trainer.py] => seed: 1994
2026-07-01 05:37:57,532 [trainer.py] => scenario: both
2026-07-01 05:37:57,532 [trainer.py] => lora_rank: 8
2026-07-01 05:37:57,532 [trainer.py] => n_lora_blocks: 3
2026-07-01 05:37:57,532 [trainer.py] => tuned_epoch: 10
2026-07-01 05:37:57,532 [trainer.py] => init_lr: 0.005
2026-07-01 05:37:57,532 [trainer.py] => batch_size: 48
2026-07-01 05:37:57,532 [trainer.py] => weight_decay: 0.0005
2026-07-01 05:37:57,532 [trainer.py] => min_lr: 0.0
2026-07-01 05:37:57,532 [trainer.py] => pretrained: True
2026-07-01 05:37:57,532 [trainer.py] => print_forget: True
2026-07-01 05:37:57,532 [trainer.py] => model_name: olora
2026-07-01 05:37:57,532 [trainer.py] => lora_alpha: 32
2026-07-01 05:37:57,532 [trainer.py] => lora_merge: True
2026-07-01 05:37:57,532 [trainer.py] => lamda_1: 0.5
2026-07-01 05:37:57,532 [trainer.py] => lamda_2: 0.0
2026-07-01 05:37:57,532 [trainer.py] => prefix: inr20t_task
2026-07-01 05:37:57,612 [data_manager.py] => [85, 41, 23, 28, 70, 87, 134, 151, 51, 159, 178, 119, 50, 117, 73, 95, 86, 147, 63, 22, 79, 175, 40, 155, 174, 54, 132, 72, 124, 157, 93, 26, 196, 74, 44, 15, 169, 122, 88, 171, 184, 6, 18, 145, 48, 197, 64, 172, 126, 96, 11, 55, 193, 66, 128, 21, 77, 113, 140, 116, 141, 133, 120, 29, 115, 14, 103, 127, 114, 19, 9, 38, 33, 195, 81, 35, 69, 181, 47, 129, 112, 168, 198, 71, 101, 188, 68, 90, 158, 163, 52, 8, 185, 59, 154, 92, 56, 183, 32, 136, 65, 45, 46, 173, 189, 108, 102, 144, 0, 107, 187, 100, 98, 192, 43, 161, 104, 75, 150, 166, 121, 60, 160, 3, 143, 153, 62, 142, 61, 110, 194, 97, 25, 177, 179, 17, 49, 31, 94, 111, 16, 53, 91, 58, 135, 83, 2, 12, 13, 165, 42, 36, 186, 105, 1, 7, 149, 170, 27, 24, 78, 167, 137, 138, 118, 10, 139, 164, 20, 57, 123, 199, 89, 130, 82, 162, 176, 148, 109, 125, 67, 106, 37, 146, 131, 180, 156, 39, 5, 84, 4, 190, 152, 191, 30, 76, 80, 34, 99, 182]
2026-07-01 05:38:00,273 [trainer.py] => All params: 91696896
2026-07-01 05:38:00,275 [trainer.py] => Trainable params: 5898240
2026-07-01 05:38:00,946 [lora.py] => Learning on 0-10
2026-07-01 05:38:00,953 [lora.py] => Trainable params this task: 81,418 / 91,704,586
2026-07-01 05:39:34,679 [olora.py] => [O-LoRA] Task 0 done. Acc 86.66, final Orth 0.000
2026-07-01 05:39:38,254 [til_base.py] => TIL top1: 88.37
2026-07-01 05:39:38,254 [til_base.py] => CIL top1: 88.37 | TIL top1: 88.37
2026-07-01 05:39:38,254 [trainer.py] => No NME accuracy.
2026-07-01 05:39:38,254 [trainer.py] => CNN: {'total': np.float64(88.37), '00-09': np.float64(88.37), 'old': 0, 'new': np.float64(88.37)}
2026-07-01 05:39:38,254 [trainer.py] => CNN top1 curve: [np.float64(88.37)]
2026-07-01 05:39:38,254 [trainer.py] => CNN top5 curve: [np.float64(98.34)]

2026-07-01 05:39:38,254 [trainer.py] => Average Accuracy (CNN): 88.37 

2026-07-01 05:39:38,258 [trainer.py] => All params: 91704586
2026-07-01 05:39:38,260 [trainer.py] => Trainable params: 81418
2026-07-01 05:39:38,260 [lora.py] => Learning on 10-20
2026-07-01 05:39:38,267 [lora.py] => Trainable params this task: 89,108 / 91,712,276
2026-07-01 05:41:04,505 [olora.py] => [O-LoRA] Task 1 done. Acc 92.32, final Orth 11.230
2026-07-01 05:41:10,805 [til_base.py] => TIL top1: 88.84
2026-07-01 05:41:10,805 [til_base.py] => CIL top1: 82.67 | TIL top1: 88.84
2026-07-01 05:41:10,805 [trainer.py] => No NME accuracy.
2026-07-01 05:41:10,805 [trainer.py] => CNN: {'total': np.float64(82.67), '00-09': np.float64(77.56), '10-19': np.float64(88.44), 'old': np.float64(77.56), 'new': np.float64(88.44)}
2026-07-01 05:41:10,805 [trainer.py] => CNN top1 curve: [np.float64(88.37), np.float64(82.67)]
2026-07-01 05:41:10,805 [trainer.py] => CNN top5 curve: [np.float64(98.34), np.float64(96.62)]

2026-07-01 05:41:10,805 [trainer.py] => Average Accuracy (CNN): 85.52000000000001 

2026-07-01 05:41:10,808 [trainer.py] => All params: 91712276
2026-07-01 05:41:10,810 [trainer.py] => Trainable params: 89108
2026-07-01 05:41:10,811 [lora.py] => Learning on 20-30
2026-07-01 05:41:10,818 [lora.py] => Trainable params this task: 96,798 / 91,719,966
2026-07-01 05:42:23,879 [olora.py] => [O-LoRA] Task 2 done. Acc 92.46, final Orth 22.566
2026-07-01 05:42:32,599 [til_base.py] => TIL top1: 90.18
2026-07-01 05:42:32,599 [til_base.py] => CIL top1: 81.32 | TIL top1: 90.18
2026-07-01 05:42:32,599 [trainer.py] => No NME accuracy.
2026-07-01 05:42:32,599 [trainer.py] => CNN: {'total': np.float64(81.32), '00-09': np.float64(73.13), '10-19': np.float64(87.19), '20-29': np.float64(85.55), 'old': np.float64(79.74), 'new': np.float64(85.55)}
2026-07-01 05:42:32,599 [trainer.py] => CNN top1 curve: [np.float64(88.37), np.float64(82.67), np.float64(81.32)]
2026-07-01 05:42:32,599 [trainer.py] => CNN top5 curve: [np.float64(98.34), np.float64(96.62), np.float64(94.34)]

2026-07-01 05:42:32,600 [trainer.py] => Average Accuracy (CNN): 84.12 

2026-07-01 05:42:32,602 [trainer.py] => All params: 91719966
2026-07-01 05:42:32,604 [trainer.py] => Trainable params: 96798
2026-07-01 05:42:32,605 [lora.py] => Learning on 30-40
2026-07-01 05:42:32,612 [lora.py] => Trainable params this task: 104,488 / 91,727,656
2026-07-01 05:44:07,510 [olora.py] => [O-LoRA] Task 3 done. Acc 89.80, final Orth 32.726
2026-07-01 05:44:19,230 [til_base.py] => TIL top1: 89.57
2026-07-01 05:44:19,230 [til_base.py] => CIL top1: 74.51 | TIL top1: 89.57
2026-07-01 05:44:19,230 [trainer.py] => No NME accuracy.
2026-07-01 05:44:19,230 [trainer.py] => CNN: {'total': np.float64(74.51), '00-09': np.float64(56.23), '10-19': np.float64(81.25), '20-29': np.float64(73.83), '30-39': np.float64(88.17), 'old': np.float64(69.58), 'new': np.float64(88.17)}
2026-07-01 05:44:19,230 [trainer.py] => CNN top1 curve: [np.float64(88.37), np.float64(82.67), np.float64(81.32), np.float64(74.51)]
2026-07-01 05:44:19,230 [trainer.py] => CNN top5 curve: [np.float64(98.34), np.float64(96.62), np.float64(94.34), np.float64(91.22)]

2026-07-01 05:44:19,230 [trainer.py] => Average Accuracy (CNN): 81.7175 

2026-07-01 05:44:19,233 [trainer.py] => All params: 91727656
2026-07-01 05:44:19,235 [trainer.py] => Trainable params: 104488
2026-07-01 05:44:19,236 [lora.py] => Learning on 40-50
2026-07-01 05:44:19,243 [lora.py] => Trainable params this task: 112,178 / 91,735,346
2026-07-01 05:45:49,259 [olora.py] => [O-LoRA] Task 4 done. Acc 92.30, final Orth 44.290
2026-07-01 05:46:04,037 [til_base.py] => TIL top1: 90.04
2026-07-01 05:46:04,038 [til_base.py] => CIL top1: 73.91 | TIL top1: 90.04
2026-07-01 05:46:04,038 [trainer.py] => No NME accuracy.
2026-07-01 05:46:04,038 [trainer.py] => CNN: {'total': np.float64(73.91), '00-09': np.float64(54.29), '10-19': np.float64(79.38), '20-29': np.float64(75.78), '30-39': np.float64(86.69), '40-49': np.float64(75.64), 'old': np.float64(73.49), 'new': np.float64(75.64)}
2026-07-01 05:46:04,038 [trainer.py] => CNN top1 curve: [np.float64(88.37), np.float64(82.67), np.float64(81.32), np.float64(74.51), np.float64(73.91)]
2026-07-01 05:46:04,038 [trainer.py] => CNN top5 curve: [np.float64(98.34), np.float64(96.62), np.float64(94.34), np.float64(91.22), np.float64(89.6)]

2026-07-01 05:46:04,038 [trainer.py] => Average Accuracy (CNN): 80.15599999999999 

2026-07-01 05:46:04,043 [trainer.py] => All params: 91735346
2026-07-01 05:46:04,046 [trainer.py] => Trainable params: 112178
2026-07-01 05:46:04,047 [lora.py] => Learning on 50-60
2026-07-01 05:46:04,059 [lora.py] => Trainable params this task: 119,868 / 91,743,036
2026-07-01 05:47:31,850 [olora.py] => [O-LoRA] Task 5 done. Acc 92.83, final Orth 56.086
2026-07-01 05:47:49,521 [til_base.py] => TIL top1: 90.17
2026-07-01 05:47:49,521 [til_base.py] => CIL top1: 73.43 | TIL top1: 90.17
2026-07-01 05:47:49,521 [trainer.py] => No NME accuracy.
2026-07-01 05:47:49,521 [trainer.py] => CNN: {'total': np.float64(73.43), '00-09': np.float64(53.19), '10-19': np.float64(78.12), '20-29': np.float64(71.88), '30-39': np.float64(84.02), '40-49': np.float64(73.4), '50-59': np.float64(82.37), 'old': np.float64(71.77), 'new': np.float64(82.37)}
2026-07-01 05:47:49,522 [trainer.py] => CNN top1 curve: [np.float64(88.37), np.float64(82.67), np.float64(81.32), np.float64(74.51), np.float64(73.91), np.float64(73.43)]
2026-07-01 05:47:49,522 [trainer.py] => CNN top5 curve: [np.float64(98.34), np.float64(96.62), np.float64(94.34), np.float64(91.22), np.float64(89.6), np.float64(89.64)]

2026-07-01 05:47:49,522 [trainer.py] => Average Accuracy (CNN): 79.035 

2026-07-01 05:47:49,525 [trainer.py] => All params: 91743036
2026-07-01 05:47:49,527 [trainer.py] => Trainable params: 119868
2026-07-01 05:47:49,528 [lora.py] => Learning on 60-70
2026-07-01 05:47:49,534 [lora.py] => Trainable params this task: 127,558 / 91,750,726
2026-07-01 05:49:08,008 [olora.py] => [O-LoRA] Task 6 done. Acc 90.92, final Orth 67.266
2026-07-01 05:49:28,507 [til_base.py] => TIL top1: 90.27
2026-07-01 05:49:28,508 [til_base.py] => CIL top1: 72.06 | TIL top1: 90.27
2026-07-01 05:49:28,508 [trainer.py] => No NME accuracy.
2026-07-01 05:49:28,508 [trainer.py] => CNN: {'total': np.float64(72.06), '00-09': np.float64(52.35), '10-19': np.float64(76.56), '20-29': np.float64(71.88), '30-39': np.float64(84.91), '40-49': np.float64(73.08), '50-59': np.float64(81.02), '60-69': np.float64(65.88), 'old': np.float64(72.9), 'new': np.float64(65.88)}
2026-07-01 05:49:28,508 [trainer.py] => CNN top1 curve: [np.float64(88.37), np.float64(82.67), np.float64(81.32), np.float64(74.51), np.float64(73.91), np.float64(73.43), np.float64(72.06)]
2026-07-01 05:49:28,508 [trainer.py] => CNN top5 curve: [np.float64(98.34), np.float64(96.62), np.float64(94.34), np.float64(91.22), np.float64(89.6), np.float64(89.64), np.float64(88.02)]

2026-07-01 05:49:28,508 [trainer.py] => Average Accuracy (CNN): 78.03857142857143 

2026-07-01 05:49:28,511 [trainer.py] => All params: 91750726
2026-07-01 05:49:28,513 [trainer.py] => Trainable params: 127558
2026-07-01 05:49:28,514 [lora.py] => Learning on 70-80
2026-07-01 05:49:28,521 [lora.py] => Trainable params this task: 135,248 / 91,758,416
2026-07-01 05:50:42,961 [olora.py] => [O-LoRA] Task 7 done. Acc 90.49, final Orth 77.608
2026-07-01 05:51:06,259 [til_base.py] => TIL top1: 89.71
2026-07-01 05:51:06,259 [til_base.py] => CIL top1: 70.32 | TIL top1: 89.71
2026-07-01 05:51:06,259 [trainer.py] => No NME accuracy.
2026-07-01 05:51:06,259 [trainer.py] => CNN: {'total': np.float64(70.32), '00-09': np.float64(50.97), '10-19': np.float64(76.88), '20-29': np.float64(69.53), '30-39': np.float64(82.25), '40-49': np.float64(72.44), '50-59': np.float64(81.02), '60-69': np.float64(63.14), '70-79': np.float64(66.38), 'old': np.float64(70.75), 'new': np.float64(66.38)}
2026-07-01 05:51:06,259 [trainer.py] => CNN top1 curve: [np.float64(88.37), np.float64(82.67), np.float64(81.32), np.float64(74.51), np.float64(73.91), np.float64(73.43), np.float64(72.06), np.float64(70.32)]
2026-07-01 05:51:06,259 [trainer.py] => CNN top5 curve: [np.float64(98.34), np.float64(96.62), np.float64(94.34), np.float64(91.22), np.float64(89.6), np.float64(89.64), np.float64(88.02), np.float64(87.02)]

2026-07-01 05:51:06,259 [trainer.py] => Average Accuracy (CNN): 77.07374999999999 

2026-07-01 05:51:06,262 [trainer.py] => All params: 91758416
2026-07-01 05:51:06,264 [trainer.py] => Trainable params: 135248
2026-07-01 05:51:06,265 [lora.py] => Learning on 80-90
2026-07-01 05:51:06,271 [lora.py] => Trainable params this task: 142,938 / 91,766,106
2026-07-01 05:52:41,233 [olora.py] => [O-LoRA] Task 8 done. Acc 89.97, final Orth 89.095
2026-07-01 05:53:07,730 [til_base.py] => TIL top1: 89.69
2026-07-01 05:53:07,730 [til_base.py] => CIL top1: 68.33 | TIL top1: 89.69
2026-07-01 05:53:07,730 [trainer.py] => No NME accuracy.
2026-07-01 05:53:07,730 [trainer.py] => CNN: {'total': np.float64(68.33), '00-09': np.float64(48.2), '10-19': np.float64(76.56), '20-29': np.float64(65.62), '30-39': np.float64(81.66), '40-49': np.float64(71.79), '50-59': np.float64(77.97), '60-69': np.float64(61.96), '70-79': np.float64(62.98), '80-89': np.float64(67.57), 'old': np.float64(68.42), 'new': np.float64(67.57)}
2026-07-01 05:53:07,730 [trainer.py] => CNN top1 curve: [np.float64(88.37), np.float64(82.67), np.float64(81.32), np.float64(74.51), np.float64(73.91), np.float64(73.43), np.float64(72.06), np.float64(70.32), np.float64(68.33)]
2026-07-01 05:53:07,730 [trainer.py] => CNN top5 curve: [np.float64(98.34), np.float64(96.62), np.float64(94.34), np.float64(91.22), np.float64(89.6), np.float64(89.64), np.float64(88.02), np.float64(87.02), np.float64(85.38)]

2026-07-01 05:53:07,730 [trainer.py] => Average Accuracy (CNN): 76.10222222222222 

2026-07-01 05:53:07,733 [trainer.py] => All params: 91766106
2026-07-01 05:53:07,735 [trainer.py] => Trainable params: 142938
2026-07-01 05:53:07,736 [lora.py] => Learning on 90-100
2026-07-01 05:53:07,743 [lora.py] => Trainable params this task: 150,628 / 91,773,796
2026-07-01 05:54:30,326 [olora.py] => [O-LoRA] Task 9 done. Acc 93.34, final Orth 99.617
2026-07-01 05:54:59,659 [til_base.py] => TIL top1: 89.68
2026-07-01 05:54:59,659 [til_base.py] => CIL top1: 66.69 | TIL top1: 89.68
2026-07-01 05:54:59,659 [trainer.py] => No NME accuracy.
2026-07-01 05:54:59,659 [trainer.py] => CNN: {'total': np.float64(66.69), '00-09': np.float64(42.94), '10-19': np.float64(76.88), '20-29': np.float64(66.8), '30-39': np.float64(82.84), '40-49': np.float64(60.26), '50-59': np.float64(78.98), '60-69': np.float64(63.53), '70-79': np.float64(57.45), '80-89': np.float64(64.53), '90-99': np.float64(74.0), 'old': np.float64(66.0), 'new': np.float64(74.0)}
2026-07-01 05:54:59,659 [trainer.py] => CNN top1 curve: [np.float64(88.37), np.float64(82.67), np.float64(81.32), np.float64(74.51), np.float64(73.91), np.float64(73.43), np.float64(72.06), np.float64(70.32), np.float64(68.33), np.float64(66.69)]
2026-07-01 05:54:59,659 [trainer.py] => CNN top5 curve: [np.float64(98.34), np.float64(96.62), np.float64(94.34), np.float64(91.22), np.float64(89.6), np.float64(89.64), np.float64(88.02), np.float64(87.02), np.float64(85.38), np.float64(84.99)]

2026-07-01 05:54:59,659 [trainer.py] => Average Accuracy (CNN): 75.16099999999999 

2026-07-01 05:54:59,662 [trainer.py] => All params: 91773796
2026-07-01 05:54:59,664 [trainer.py] => Trainable params: 150628
2026-07-01 05:54:59,665 [lora.py] => Learning on 100-110
2026-07-01 05:54:59,671 [lora.py] => Trainable params this task: 158,318 / 91,781,486
2026-07-01 05:56:29,852 [olora.py] => [O-LoRA] Task 10 done. Acc 89.74, final Orth 110.082
2026-07-01 05:57:02,390 [til_base.py] => TIL top1: 90.0
2026-07-01 05:57:02,390 [til_base.py] => CIL top1: 65.24 | TIL top1: 90.0
2026-07-01 05:57:02,390 [trainer.py] => No NME accuracy.
2026-07-01 05:57:02,390 [trainer.py] => CNN: {'total': np.float64(65.24), '00-09': np.float64(45.15), '10-19': np.float64(76.25), '20-29': np.float64(68.36), '30-39': np.float64(79.59), '40-49': np.float64(60.26), '50-59': np.float64(74.92), '60-69': np.float64(63.53), '70-79': np.float64(60.85), '80-89': np.float64(64.53), '90-99': np.float64(73.2), '100-109': np.float64(52.21), 'old': np.float64(66.45), 'new': np.float64(52.21)}
2026-07-01 05:57:02,390 [trainer.py] => CNN top1 curve: [np.float64(88.37), np.float64(82.67), np.float64(81.32), np.float64(74.51), np.float64(73.91), np.float64(73.43), np.float64(72.06), np.float64(70.32), np.float64(68.33), np.float64(66.69), np.float64(65.24)]
2026-07-01 05:57:02,390 [trainer.py] => CNN top5 curve: [np.float64(98.34), np.float64(96.62), np.float64(94.34), np.float64(91.22), np.float64(89.6), np.float64(89.64), np.float64(88.02), np.float64(87.02), np.float64(85.38), np.float64(84.99), np.float64(85.11)]

2026-07-01 05:57:02,390 [trainer.py] => Average Accuracy (CNN): 74.2590909090909 

2026-07-01 05:57:02,393 [trainer.py] => All params: 91781486
2026-07-01 05:57:02,395 [trainer.py] => Trainable params: 158318
2026-07-01 05:57:02,396 [lora.py] => Learning on 110-120
2026-07-01 05:57:02,403 [lora.py] => Trainable params this task: 166,008 / 91,789,176
2026-07-01 05:58:52,403 [olora.py] => [O-LoRA] Task 11 done. Acc 90.08, final Orth 121.423
2026-07-01 05:59:28,547 [til_base.py] => TIL top1: 89.82
2026-07-01 05:59:28,547 [til_base.py] => CIL top1: 64.75 | TIL top1: 89.82
2026-07-01 05:59:28,547 [trainer.py] => No NME accuracy.
2026-07-01 05:59:28,547 [trainer.py] => CNN: {'total': np.float64(64.75), '00-09': np.float64(39.34), '10-19': np.float64(76.88), '20-29': np.float64(63.28), '30-39': np.float64(79.59), '40-49': np.float64(62.18), '50-59': np.float64(74.58), '60-69': np.float64(63.14), '70-79': np.float64(60.43), '80-89': np.float64(63.51), '90-99': np.float64(74.0), '100-109': np.float64(48.53), '110-119': np.float64(72.31), 'old': np.float64(63.98), 'new': np.float64(72.31)}
2026-07-01 05:59:28,547 [trainer.py] => CNN top1 curve: [np.float64(88.37), np.float64(82.67), np.float64(81.32), np.float64(74.51), np.float64(73.91), np.float64(73.43), np.float64(72.06), np.float64(70.32), np.float64(68.33), np.float64(66.69), np.float64(65.24), np.float64(64.75)]
2026-07-01 05:59:28,547 [trainer.py] => CNN top5 curve: [np.float64(98.34), np.float64(96.62), np.float64(94.34), np.float64(91.22), np.float64(89.6), np.float64(89.64), np.float64(88.02), np.float64(87.02), np.float64(85.38), np.float64(84.99), np.float64(85.11), np.float64(84.67)]

2026-07-01 05:59:28,547 [trainer.py] => Average Accuracy (CNN): 73.46666666666665 

2026-07-01 05:59:28,550 [trainer.py] => All params: 91789176
2026-07-01 05:59:28,552 [trainer.py] => Trainable params: 166008
2026-07-01 05:59:28,553 [lora.py] => Learning on 120-130
2026-07-01 05:59:28,559 [lora.py] => Trainable params this task: 173,698 / 91,796,866
2026-07-01 06:00:54,550 [olora.py] => [O-LoRA] Task 12 done. Acc 91.57, final Orth 133.634
2026-07-01 06:01:33,935 [til_base.py] => TIL top1: 90.08
2026-07-01 06:01:33,936 [til_base.py] => CIL top1: 65.12 | TIL top1: 90.08
2026-07-01 06:01:33,936 [trainer.py] => No NME accuracy.
2026-07-01 06:01:33,936 [trainer.py] => CNN: {'total': np.float64(65.12), '00-09': np.float64(39.61), '10-19': np.float64(75.94), '20-29': np.float64(64.45), '30-39': np.float64(81.07), '40-49': np.float64(61.22), '50-59': np.float64(73.22), '60-69': np.float64(61.96), '70-79': np.float64(58.3), '80-89': np.float64(64.86), '90-99': np.float64(72.4), '100-109': np.float64(49.26), '110-119': np.float64(71.69), '120-129': np.float64(74.18), 'old': np.float64(64.5), 'new': np.float64(74.18)}
2026-07-01 06:01:33,936 [trainer.py] => CNN top1 curve: [np.float64(88.37), np.float64(82.67), np.float64(81.32), np.float64(74.51), np.float64(73.91), np.float64(73.43), np.float64(72.06), np.float64(70.32), np.float64(68.33), np.float64(66.69), np.float64(65.24), np.float64(64.75), np.float64(65.12)]
2026-07-01 06:01:33,936 [trainer.py] => CNN top5 curve: [np.float64(98.34), np.float64(96.62), np.float64(94.34), np.float64(91.22), np.float64(89.6), np.float64(89.64), np.float64(88.02), np.float64(87.02), np.float64(85.38), np.float64(84.99), np.float64(85.11), np.float64(84.67), np.float64(83.96)]

2026-07-01 06:01:33,936 [trainer.py] => Average Accuracy (CNN): 72.82461538461538 

2026-07-01 06:01:33,940 [trainer.py] => All params: 91796866
2026-07-01 06:01:33,944 [trainer.py] => Trainable params: 173698
2026-07-01 06:01:33,946 [lora.py] => Learning on 130-140
2026-07-01 06:01:33,956 [lora.py] => Trainable params this task: 181,388 / 91,804,556
2026-07-01 06:03:27,081 [olora.py] => [O-LoRA] Task 13 done. Acc 89.62, final Orth 145.830
2026-07-01 06:04:10,129 [til_base.py] => TIL top1: 89.26
2026-07-01 06:04:10,129 [til_base.py] => CIL top1: 63.51 | TIL top1: 89.26
2026-07-01 06:04:10,129 [trainer.py] => No NME accuracy.
2026-07-01 06:04:10,129 [trainer.py] => CNN: {'total': np.float64(63.51), '00-09': np.float64(38.23), '10-19': np.float64(73.44), '20-29': np.float64(62.5), '30-39': np.float64(78.7), '40-49': np.float64(59.62), '50-59': np.float64(72.54), '60-69': np.float64(60.0), '70-79': np.float64(56.17), '80-89': np.float64(62.84), '90-99': np.float64(71.6), '100-109': np.float64(44.85), '110-119': np.float64(69.54), '120-129': np.float64(68.85), '130-139': np.float64(70.53), 'old': np.float64(62.92), 'new': np.float64(70.53)}
2026-07-01 06:04:10,129 [trainer.py] => CNN top1 curve: [np.float64(88.37), np.float64(82.67), np.float64(81.32), np.float64(74.51), np.float64(73.91), np.float64(73.43), np.float64(72.06), np.float64(70.32), np.float64(68.33), np.float64(66.69), np.float64(65.24), np.float64(64.75), np.float64(65.12), np.float64(63.51)]
2026-07-01 06:04:10,129 [trainer.py] => CNN top5 curve: [np.float64(98.34), np.float64(96.62), np.float64(94.34), np.float64(91.22), np.float64(89.6), np.float64(89.64), np.float64(88.02), np.float64(87.02), np.float64(85.38), np.float64(84.99), np.float64(85.11), np.float64(84.67), np.float64(83.96), np.float64(83.13)]

2026-07-01 06:04:10,130 [trainer.py] => Average Accuracy (CNN): 72.1592857142857 

2026-07-01 06:04:10,132 [trainer.py] => All params: 91804556
2026-07-01 06:04:10,134 [trainer.py] => Trainable params: 181388
2026-07-01 06:04:10,135 [lora.py] => Learning on 140-150
2026-07-01 06:04:10,142 [lora.py] => Trainable params this task: 189,078 / 91,812,246
2026-07-01 06:05:53,709 [olora.py] => [O-LoRA] Task 14 done. Acc 89.74, final Orth 154.482
2026-07-01 06:06:40,353 [til_base.py] => TIL top1: 89.8
2026-07-01 06:06:40,354 [til_base.py] => CIL top1: 62.76 | TIL top1: 89.8
2026-07-01 06:06:40,354 [trainer.py] => No NME accuracy.
2026-07-01 06:06:40,354 [trainer.py] => CNN: {'total': np.float64(62.76), '00-09': np.float64(35.46), '10-19': np.float64(73.44), '20-29': np.float64(60.94), '30-39': np.float64(77.51), '40-49': np.float64(58.33), '50-59': np.float64(69.15), '60-69': np.float64(57.65), '70-79': np.float64(54.89), '80-89': np.float64(63.18), '90-99': np.float64(66.0), '100-109': np.float64(45.96), '110-119': np.float64(68.92), '120-129': np.float64(71.31), '130-139': np.float64(69.59), '140-149': np.float64(69.58), 'old': np.float64(62.29), 'new': np.float64(69.58)}
2026-07-01 06:06:40,354 [trainer.py] => CNN top1 curve: [np.float64(88.37), np.float64(82.67), np.float64(81.32), np.float64(74.51), np.float64(73.91), np.float64(73.43), np.float64(72.06), np.float64(70.32), np.float64(68.33), np.float64(66.69), np.float64(65.24), np.float64(64.75), np.float64(65.12), np.float64(63.51), np.float64(62.76)]
2026-07-01 06:06:40,354 [trainer.py] => CNN top5 curve: [np.float64(98.34), np.float64(96.62), np.float64(94.34), np.float64(91.22), np.float64(89.6), np.float64(89.64), np.float64(88.02), np.float64(87.02), np.float64(85.38), np.float64(84.99), np.float64(85.11), np.float64(84.67), np.float64(83.96), np.float64(83.13), np.float64(82.93)]

2026-07-01 06:06:40,354 [trainer.py] => Average Accuracy (CNN): 71.53266666666667 

2026-07-01 06:06:40,357 [trainer.py] => All params: 91812246
2026-07-01 06:06:40,359 [trainer.py] => Trainable params: 189078
2026-07-01 06:06:40,360 [lora.py] => Learning on 150-160
2026-07-01 06:06:40,366 [lora.py] => Trainable params this task: 196,768 / 91,819,936
2026-07-01 06:08:53,411 [olora.py] => [O-LoRA] Task 15 done. Acc 90.39, final Orth 165.511
2026-07-01 06:09:44,444 [til_base.py] => TIL top1: 89.77
2026-07-01 06:09:44,444 [til_base.py] => CIL top1: 61.42 | TIL top1: 89.77
2026-07-01 06:09:44,444 [trainer.py] => No NME accuracy.
2026-07-01 06:09:44,444 [trainer.py] => CNN: {'total': np.float64(61.42), '00-09': np.float64(33.52), '10-19': np.float64(72.5), '20-29': np.float64(59.77), '30-39': np.float64(76.04), '40-49': np.float64(54.49), '50-59': np.float64(70.85), '60-69': np.float64(52.94), '70-79': np.float64(55.32), '80-89': np.float64(61.15), '90-99': np.float64(65.2), '100-109': np.float64(40.44), '110-119': np.float64(66.46), '120-129': np.float64(67.62), '130-139': np.float64(69.91), '140-149': np.float64(65.03), '150-159': np.float64(69.48), 'old': np.float64(60.75), 'new': np.float64(69.48)}
2026-07-01 06:09:44,444 [trainer.py] => CNN top1 curve: [np.float64(88.37), np.float64(82.67), np.float64(81.32), np.float64(74.51), np.float64(73.91), np.float64(73.43), np.float64(72.06), np.float64(70.32), np.float64(68.33), np.float64(66.69), np.float64(65.24), np.float64(64.75), np.float64(65.12), np.float64(63.51), np.float64(62.76), np.float64(61.42)]
2026-07-01 06:09:44,444 [trainer.py] => CNN top5 curve: [np.float64(98.34), np.float64(96.62), np.float64(94.34), np.float64(91.22), np.float64(89.6), np.float64(89.64), np.float64(88.02), np.float64(87.02), np.float64(85.38), np.float64(84.99), np.float64(85.11), np.float64(84.67), np.float64(83.96), np.float64(83.13), np.float64(82.93), np.float64(82.24)]

2026-07-01 06:09:44,444 [trainer.py] => Average Accuracy (CNN): 70.900625 

2026-07-01 06:09:44,447 [trainer.py] => All params: 91819936
2026-07-01 06:09:44,449 [trainer.py] => Trainable params: 196768
2026-07-01 06:09:44,451 [lora.py] => Learning on 160-170
2026-07-01 06:09:44,456 [lora.py] => Trainable params this task: 204,458 / 91,827,626
2026-07-01 06:11:32,130 [olora.py] => [O-LoRA] Task 16 done. Acc 90.53, final Orth 177.655
2026-07-01 06:12:27,191 [til_base.py] => TIL top1: 89.97
2026-07-01 06:12:27,192 [til_base.py] => CIL top1: 60.77 | TIL top1: 89.97
2026-07-01 06:12:27,192 [trainer.py] => No NME accuracy.
2026-07-01 06:12:27,192 [trainer.py] => CNN: {'total': np.float64(60.77), '00-09': np.float64(30.19), '10-19': np.float64(71.88), '20-29': np.float64(56.25), '30-39': np.float64(76.92), '40-49': np.float64(56.41), '50-59': np.float64(69.83), '60-69': np.float64(53.73), '70-79': np.float64(52.34), '80-89': np.float64(58.45), '90-99': np.float64(64.4), '100-109': np.float64(42.28), '110-119': np.float64(62.46), '120-129': np.float64(65.57), '130-139': np.float64(67.71), '140-149': np.float64(62.59), '150-159': np.float64(71.12), '160-169': np.float64(68.53), 'old': np.float64(60.3), 'new': np.float64(68.53)}
2026-07-01 06:12:27,192 [trainer.py] => CNN top1 curve: [np.float64(88.37), np.float64(82.67), np.float64(81.32), np.float64(74.51), np.float64(73.91), np.float64(73.43), np.float64(72.06), np.float64(70.32), np.float64(68.33), np.float64(66.69), np.float64(65.24), np.float64(64.75), np.float64(65.12), np.float64(63.51), np.float64(62.76), np.float64(61.42), np.float64(60.77)]
2026-07-01 06:12:27,192 [trainer.py] => CNN top5 curve: [np.float64(98.34), np.float64(96.62), np.float64(94.34), np.float64(91.22), np.float64(89.6), np.float64(89.64), np.float64(88.02), np.float64(87.02), np.float64(85.38), np.float64(84.99), np.float64(85.11), np.float64(84.67), np.float64(83.96), np.float64(83.13), np.float64(82.93), np.float64(82.24), np.float64(82.14)]

2026-07-01 06:12:27,192 [trainer.py] => Average Accuracy (CNN): 70.30470588235295 

2026-07-01 06:12:27,196 [trainer.py] => All params: 91827626
2026-07-01 06:12:27,199 [trainer.py] => Trainable params: 204458
2026-07-01 06:12:27,201 [lora.py] => Learning on 170-180
2026-07-01 06:12:27,211 [lora.py] => Trainable params this task: 212,148 / 91,835,316
2026-07-01 06:14:26,530 [olora.py] => [O-LoRA] Task 17 done. Acc 87.59, final Orth 188.943
2026-07-01 06:15:25,367 [til_base.py] => TIL top1: 89.28
2026-07-01 06:15:25,367 [til_base.py] => CIL top1: 59.97 | TIL top1: 89.28
2026-07-01 06:15:25,368 [trainer.py] => No NME accuracy.
2026-07-01 06:15:25,368 [trainer.py] => CNN: {'total': np.float64(59.97), '00-09': np.float64(29.92), '10-19': np.float64(70.62), '20-29': np.float64(54.69), '30-39': np.float64(73.08), '40-49': np.float64(53.85), '50-59': np.float64(67.8), '60-69': np.float64(53.33), '70-79': np.float64(50.21), '80-89': np.float64(56.42), '90-99': np.float64(65.2), '100-109': np.float64(42.65), '110-119': np.float64(64.0), '120-129': np.float64(65.16), '130-139': np.float64(65.52), '140-149': np.float64(62.24), '150-159': np.float64(69.48), '160-169': np.float64(67.83), '170-179': np.float64(65.27), 'old': np.float64(59.64), 'new': np.float64(65.27)}
2026-07-01 06:15:25,368 [trainer.py] => CNN top1 curve: [np.float64(88.37), np.float64(82.67), np.float64(81.32), np.float64(74.51), np.float64(73.91), np.float64(73.43), np.float64(72.06), np.float64(70.32), np.float64(68.33), np.float64(66.69), np.float64(65.24), np.float64(64.75), np.float64(65.12), np.float64(63.51), np.float64(62.76), np.float64(61.42), np.float64(60.77), np.float64(59.97)]
2026-07-01 06:15:25,368 [trainer.py] => CNN top5 curve: [np.float64(98.34), np.float64(96.62), np.float64(94.34), np.float64(91.22), np.float64(89.6), np.float64(89.64), np.float64(88.02), np.float64(87.02), np.float64(85.38), np.float64(84.99), np.float64(85.11), np.float64(84.67), np.float64(83.96), np.float64(83.13), np.float64(82.93), np.float64(82.24), np.float64(82.14), np.float64(80.26)]

2026-07-01 06:15:25,368 [trainer.py] => Average Accuracy (CNN): 69.73055555555555 

2026-07-01 06:15:25,370 [trainer.py] => All params: 91835316
2026-07-01 06:15:25,372 [trainer.py] => Trainable params: 212148
2026-07-01 06:15:25,374 [lora.py] => Learning on 180-190
2026-07-01 06:15:25,380 [lora.py] => Trainable params this task: 219,838 / 91,843,006
2026-07-01 06:17:09,012 [olora.py] => [O-LoRA] Task 18 done. Acc 91.42, final Orth 198.291
2026-07-01 06:18:12,367 [til_base.py] => TIL top1: 89.6
2026-07-01 06:18:12,367 [til_base.py] => CIL top1: 60.1 | TIL top1: 89.6
2026-07-01 06:18:12,367 [trainer.py] => No NME accuracy.
2026-07-01 06:18:12,367 [trainer.py] => CNN: {'total': np.float64(60.1), '00-09': np.float64(29.64), '10-19': np.float64(70.31), '20-29': np.float64(54.69), '30-39': np.float64(71.89), '40-49': np.float64(54.81), '50-59': np.float64(68.81), '60-69': np.float64(52.16), '70-79': np.float64(52.77), '80-89': np.float64(59.46), '90-99': np.float64(66.0), '100-109': np.float64(43.75), '110-119': np.float64(62.15), '120-129': np.float64(67.21), '130-139': np.float64(64.58), '140-149': np.float64(60.49), '150-159': np.float64(66.76), '160-169': np.float64(66.78), '170-179': np.float64(65.59), '180-189': np.float64(64.37), 'old': np.float64(59.89), 'new': np.float64(64.37)}
2026-07-01 06:18:12,367 [trainer.py] => CNN top1 curve: [np.float64(88.37), np.float64(82.67), np.float64(81.32), np.float64(74.51), np.float64(73.91), np.float64(73.43), np.float64(72.06), np.float64(70.32), np.float64(68.33), np.float64(66.69), np.float64(65.24), np.float64(64.75), np.float64(65.12), np.float64(63.51), np.float64(62.76), np.float64(61.42), np.float64(60.77), np.float64(59.97), np.float64(60.1)]
2026-07-01 06:18:12,367 [trainer.py] => CNN top5 curve: [np.float64(98.34), np.float64(96.62), np.float64(94.34), np.float64(91.22), np.float64(89.6), np.float64(89.64), np.float64(88.02), np.float64(87.02), np.float64(85.38), np.float64(84.99), np.float64(85.11), np.float64(84.67), np.float64(83.96), np.float64(83.13), np.float64(82.93), np.float64(82.24), np.float64(82.14), np.float64(80.26), np.float64(80.44)]

2026-07-01 06:18:12,367 [trainer.py] => Average Accuracy (CNN): 69.22368421052632 

2026-07-01 06:18:12,371 [trainer.py] => All params: 91843006
2026-07-01 06:18:12,374 [trainer.py] => Trainable params: 219838
2026-07-01 06:18:12,377 [lora.py] => Learning on 190-200
2026-07-01 06:18:12,386 [lora.py] => Trainable params this task: 227,528 / 91,850,696
2026-07-01 06:20:24,817 [olora.py] => [O-LoRA] Task 19 done. Acc 92.13, final Orth 209.992
2026-07-01 06:21:32,372 [til_base.py] => TIL top1: 89.85
2026-07-01 06:21:32,372 [til_base.py] => CIL top1: 59.93 | TIL top1: 89.85
2026-07-01 06:21:32,372 [trainer.py] => No NME accuracy.
2026-07-01 06:21:32,372 [trainer.py] => CNN: {'total': np.float64(59.93), '00-09': np.float64(28.25), '10-19': np.float64(70.31), '20-29': np.float64(52.73), '30-39': np.float64(69.23), '40-49': np.float64(55.77), '50-59': np.float64(68.47), '60-69': np.float64(49.41), '70-79': np.float64(48.51), '80-89': np.float64(57.09), '90-99': np.float64(63.6), '100-109': np.float64(43.01), '110-119': np.float64(59.38), '120-129': np.float64(69.26), '130-139': np.float64(64.58), '140-149': np.float64(61.89), '150-159': np.float64(66.49), '160-169': np.float64(63.99), '170-179': np.float64(63.34), '180-189': np.float64(60.92), '190-199': np.float64(79.1), 'old': np.float64(58.78), 'new': np.float64(79.1)}
2026-07-01 06:21:32,372 [trainer.py] => CNN top1 curve: [np.float64(88.37), np.float64(82.67), np.float64(81.32), np.float64(74.51), np.float64(73.91), np.float64(73.43), np.float64(72.06), np.float64(70.32), np.float64(68.33), np.float64(66.69), np.float64(65.24), np.float64(64.75), np.float64(65.12), np.float64(63.51), np.float64(62.76), np.float64(61.42), np.float64(60.77), np.float64(59.97), np.float64(60.1), np.float64(59.93)]
2026-07-01 06:21:32,373 [trainer.py] => CNN top5 curve: [np.float64(98.34), np.float64(96.62), np.float64(94.34), np.float64(91.22), np.float64(89.6), np.float64(89.64), np.float64(88.02), np.float64(87.02), np.float64(85.38), np.float64(84.99), np.float64(85.11), np.float64(84.67), np.float64(83.96), np.float64(83.13), np.float64(82.93), np.float64(82.24), np.float64(82.14), np.float64(80.26), np.float64(80.44), np.float64(80.55)]

2026-07-01 06:21:32,373 [trainer.py] => Average Accuracy (CNN): 68.759 

2026-07-01 06:21:32,375 [trainer.py] => Forgetting (CNN): 14.450526315789475
2026-07-01 06:21:32,376 [trainer.py] => Forgetting (NME): 14.450526315789475
2026-07-01 06:21:32,378 [trainer.py] => Forgetting (TIL): 1.386315789473686
2026-07-01 16:35:39,404 [trainer.py] => config: ./exps/olora_inr20t_task_s1994.json
2026-07-01 16:35:39,404 [trainer.py] => dataset: imagenetr
2026-07-01 16:35:39,404 [trainer.py] => memory_size: 0
2026-07-01 16:35:39,404 [trainer.py] => memory_per_class: 0
2026-07-01 16:35:39,404 [trainer.py] => fixed_memory: False
2026-07-01 16:35:39,404 [trainer.py] => shuffle: True
2026-07-01 16:35:39,404 [trainer.py] => init_cls: 10
2026-07-01 16:35:39,404 [trainer.py] => increment: 10
2026-07-01 16:35:39,404 [trainer.py] => backbone_type: vit_base_patch16_224_lora
2026-07-01 16:35:39,404 [trainer.py] => device: [device(type='cuda', index=0)]
2026-07-01 16:35:39,405 [trainer.py] => seed: 1994
2026-07-01 16:35:39,405 [trainer.py] => scenario: both
2026-07-01 16:35:39,405 [trainer.py] => lora_rank: 8
2026-07-01 16:35:39,405 [trainer.py] => tuned_epoch: 10
2026-07-01 16:35:39,405 [trainer.py] => init_lr: 0.0003
2026-07-01 16:35:39,405 [trainer.py] => batch_size: 48
2026-07-01 16:35:39,405 [trainer.py] => weight_decay: 0.0005
2026-07-01 16:35:39,405 [trainer.py] => min_lr: 0.0
2026-07-01 16:35:39,405 [trainer.py] => pretrained: True
2026-07-01 16:35:39,405 [trainer.py] => print_forget: True
2026-07-01 16:35:39,405 [trainer.py] => model_name: olora
2026-07-01 16:35:39,405 [trainer.py] => lora_alpha: 32
2026-07-01 16:35:39,405 [trainer.py] => lora_merge: True
2026-07-01 16:35:39,405 [trainer.py] => lamda_1: 0.5
2026-07-01 16:35:39,405 [trainer.py] => lamda_2: 0.0
2026-07-01 16:35:39,405 [trainer.py] => prefix: inr20t_task
2026-07-01 16:35:39,487 [data_manager.py] => [85, 41, 23, 28, 70, 87, 134, 151, 51, 159, 178, 119, 50, 117, 73, 95, 86, 147, 63, 22, 79, 175, 40, 155, 174, 54, 132, 72, 124, 157, 93, 26, 196, 74, 44, 15, 169, 122, 88, 171, 184, 6, 18, 145, 48, 197, 64, 172, 126, 96, 11, 55, 193, 66, 128, 21, 77, 113, 140, 116, 141, 133, 120, 29, 115, 14, 103, 127, 114, 19, 9, 38, 33, 195, 81, 35, 69, 181, 47, 129, 112, 168, 198, 71, 101, 188, 68, 90, 158, 163, 52, 8, 185, 59, 154, 92, 56, 183, 32, 136, 65, 45, 46, 173, 189, 108, 102, 144, 0, 107, 187, 100, 98, 192, 43, 161, 104, 75, 150, 166, 121, 60, 160, 3, 143, 153, 62, 142, 61, 110, 194, 97, 25, 177, 179, 17, 49, 31, 94, 111, 16, 53, 91, 58, 135, 83, 2, 12, 13, 165, 42, 36, 186, 105, 1, 7, 149, 170, 27, 24, 78, 167, 137, 138, 118, 10, 139, 164, 20, 57, 123, 199, 89, 130, 82, 162, 176, 148, 109, 125, 67, 106, 37, 146, 131, 180, 156, 39, 5, 84, 4, 190, 152, 191, 30, 76, 80, 34, 99, 182]
2026-07-01 16:35:42,180 [trainer.py] => All params: 91696896
2026-07-01 16:35:42,182 [trainer.py] => Trainable params: 5898240
2026-07-01 16:35:42,994 [lora.py] => Learning on 0-10
2026-07-01 16:35:43,000 [lora.py] => Trainable params this task: 302,602 / 91,704,586
2026-07-01 16:37:18,758 [olora.py] => [O-LoRA] Task 0 done. Acc 89.74, final Orth 0.000
2026-07-01 16:37:22,477 [til_base.py] => TIL top1: 91.41
2026-07-01 16:37:22,477 [til_base.py] => CIL top1: 91.41 | TIL top1: 91.41
2026-07-01 16:37:22,477 [trainer.py] => No NME accuracy.
2026-07-01 16:37:22,478 [trainer.py] => CNN: {'total': np.float64(91.41), '00-09': np.float64(91.41), 'old': 0, 'new': np.float64(91.41)}
2026-07-01 16:37:22,478 [trainer.py] => CNN top1 curve: [np.float64(91.41)]
2026-07-01 16:37:22,478 [trainer.py] => CNN top5 curve: [np.float64(98.61)]

2026-07-01 16:37:22,478 [trainer.py] => Average Accuracy (CNN): 91.41 

2026-07-01 16:37:22,481 [trainer.py] => All params: 91704586
2026-07-01 16:37:22,483 [trainer.py] => Trainable params: 302602
2026-07-01 16:37:22,484 [lora.py] => Learning on 10-20
2026-07-01 16:37:22,491 [lora.py] => Trainable params this task: 310,292 / 91,712,276
2026-07-01 16:38:50,972 [olora.py] => [O-LoRA] Task 1 done. Acc 92.70, final Orth 0.016
2026-07-01 16:38:57,742 [til_base.py] => TIL top1: 91.48
2026-07-01 16:38:57,742 [til_base.py] => CIL top1: 85.61 | TIL top1: 91.48
2026-07-01 16:38:57,742 [trainer.py] => No NME accuracy.
2026-07-01 16:38:57,742 [trainer.py] => CNN: {'total': np.float64(85.61), '00-09': np.float64(80.33), '10-19': np.float64(91.56), 'old': np.float64(80.33), 'new': np.float64(91.56)}
2026-07-01 16:38:57,742 [trainer.py] => CNN top1 curve: [np.float64(91.41), np.float64(85.61)]
2026-07-01 16:38:57,742 [trainer.py] => CNN top5 curve: [np.float64(98.61), np.float64(96.62)]

2026-07-01 16:38:57,742 [trainer.py] => Average Accuracy (CNN): 88.50999999999999 

2026-07-01 16:38:57,745 [trainer.py] => All params: 91712276
2026-07-01 16:38:57,747 [trainer.py] => Trainable params: 310292
2026-07-01 16:38:57,748 [lora.py] => Learning on 20-30
2026-07-01 16:38:57,755 [lora.py] => Trainable params this task: 317,982 / 91,719,966
2026-07-01 16:40:12,643 [olora.py] => [O-LoRA] Task 2 done. Acc 90.55, final Orth 0.025
2026-07-01 16:40:21,656 [til_base.py] => TIL top1: 90.39
2026-07-01 16:40:21,656 [til_base.py] => CIL top1: 80.15 | TIL top1: 90.39
2026-07-01 16:40:21,656 [trainer.py] => No NME accuracy.
2026-07-01 16:40:21,656 [trainer.py] => CNN: {'total': np.float64(80.15), '00-09': np.float64(68.98), '10-19': np.float64(84.38), '20-29': np.float64(90.62), 'old': np.float64(76.21), 'new': np.float64(90.62)}
2026-07-01 16:40:21,656 [trainer.py] => CNN top1 curve: [np.float64(91.41), np.float64(85.61), np.float64(80.15)]
2026-07-01 16:40:21,656 [trainer.py] => CNN top5 curve: [np.float64(98.61), np.float64(96.62), np.float64(93.49)]

2026-07-01 16:40:21,656 [trainer.py] => Average Accuracy (CNN): 85.72333333333331 

2026-07-01 16:40:21,660 [trainer.py] => All params: 91719966
2026-07-01 16:40:21,662 [trainer.py] => Trainable params: 317982
2026-07-01 16:40:21,663 [lora.py] => Learning on 30-40
2026-07-01 16:40:21,670 [lora.py] => Trainable params this task: 325,672 / 91,727,656
2026-07-01 16:41:59,299 [olora.py] => [O-LoRA] Task 3 done. Acc 88.92, final Orth 0.027
2026-07-01 16:42:11,507 [til_base.py] => TIL top1: 88.24
2026-07-01 16:42:11,507 [til_base.py] => CIL top1: 76.08 | TIL top1: 88.24
2026-07-01 16:42:11,507 [trainer.py] => No NME accuracy.
2026-07-01 16:42:11,507 [trainer.py] => CNN: {'total': np.float64(76.08), '00-09': np.float64(63.99), '10-19': np.float64(75.62), '20-29': np.float64(82.03), '30-39': np.float64(84.91), 'old': np.float64(72.89), 'new': np.float64(84.91)}
2026-07-01 16:42:11,507 [trainer.py] => CNN top1 curve: [np.float64(91.41), np.float64(85.61), np.float64(80.15), np.float64(76.08)]
2026-07-01 16:42:11,507 [trainer.py] => CNN top5 curve: [np.float64(98.61), np.float64(96.62), np.float64(93.49), np.float64(89.88)]

2026-07-01 16:42:11,507 [trainer.py] => Average Accuracy (CNN): 83.31249999999999 

2026-07-01 16:42:11,510 [trainer.py] => All params: 91727656
2026-07-01 16:42:11,512 [trainer.py] => Trainable params: 325672
2026-07-01 16:42:11,513 [lora.py] => Learning on 40-50
2026-07-01 16:42:11,520 [lora.py] => Trainable params this task: 333,362 / 91,735,346
2026-07-01 16:43:44,349 [olora.py] => [O-LoRA] Task 4 done. Acc 90.32, final Orth 0.031
2026-07-01 16:43:59,630 [til_base.py] => TIL top1: 89.54
2026-07-01 16:43:59,631 [til_base.py] => CIL top1: 74.61 | TIL top1: 89.54
2026-07-01 16:43:59,631 [trainer.py] => No NME accuracy.
2026-07-01 16:43:59,631 [trainer.py] => CNN: {'total': np.float64(74.61), '00-09': np.float64(64.54), '10-19': np.float64(76.88), '20-29': np.float64(69.53), '30-39': np.float64(76.04), '40-49': np.float64(86.54), 'old': np.float64(71.69), 'new': np.float64(86.54)}
2026-07-01 16:43:59,631 [trainer.py] => CNN top1 curve: [np.float64(91.41), np.float64(85.61), np.float64(80.15), np.float64(76.08), np.float64(74.61)]
2026-07-01 16:43:59,631 [trainer.py] => CNN top5 curve: [np.float64(98.61), np.float64(96.62), np.float64(93.49), np.float64(89.88), np.float64(91.3)]

2026-07-01 16:43:59,631 [trainer.py] => Average Accuracy (CNN): 81.57199999999999 

2026-07-01 16:43:59,634 [trainer.py] => All params: 91735346
2026-07-01 16:43:59,636 [trainer.py] => Trainable params: 333362
2026-07-01 16:43:59,637 [lora.py] => Learning on 50-60
2026-07-01 16:43:59,644 [lora.py] => Trainable params this task: 341,052 / 91,743,036
2026-07-01 16:45:30,375 [olora.py] => [O-LoRA] Task 5 done. Acc 89.42, final Orth 0.036
2026-07-01 16:45:48,644 [til_base.py] => TIL top1: 89.16
2026-07-01 16:45:48,644 [til_base.py] => CIL top1: 69.98 | TIL top1: 89.16
2026-07-01 16:45:48,644 [trainer.py] => No NME accuracy.
2026-07-01 16:45:48,644 [trainer.py] => CNN: {'total': np.float64(69.98), '00-09': np.float64(53.19), '10-19': np.float64(70.0), '20-29': np.float64(71.88), '30-39': np.float64(72.49), '40-49': np.float64(76.92), '50-59': np.float64(78.64), 'old': np.float64(68.37), 'new': np.float64(78.64)}
2026-07-01 16:45:48,644 [trainer.py] => CNN top1 curve: [np.float64(91.41), np.float64(85.61), np.float64(80.15), np.float64(76.08), np.float64(74.61), np.float64(69.98)]
2026-07-01 16:45:48,644 [trainer.py] => CNN top5 curve: [np.float64(98.61), np.float64(96.62), np.float64(93.49), np.float64(89.88), np.float64(91.3), np.float64(89.48)]

2026-07-01 16:45:48,644 [trainer.py] => Average Accuracy (CNN): 79.64 

2026-07-01 16:45:48,647 [trainer.py] => All params: 91743036
2026-07-01 16:45:48,649 [trainer.py] => Trainable params: 341052
2026-07-01 16:45:48,650 [lora.py] => Learning on 60-70
2026-07-01 16:45:48,657 [lora.py] => Trainable params this task: 348,742 / 91,750,726
2026-07-01 16:47:09,805 [olora.py] => [O-LoRA] Task 6 done. Acc 86.76, final Orth 0.042
2026-07-01 16:47:30,903 [til_base.py] => TIL top1: 88.54
2026-07-01 16:47:30,904 [til_base.py] => CIL top1: 69.12 | TIL top1: 88.54
2026-07-01 16:47:30,904 [trainer.py] => No NME accuracy.
2026-07-01 16:47:30,904 [trainer.py] => CNN: {'total': np.float64(69.12), '00-09': np.float64(53.19), '10-19': np.float64(69.69), '20-29': np.float64(71.09), '30-39': np.float64(66.27), '40-49': np.float64(77.24), '50-59': np.float64(78.31), '60-69': np.float64(72.16), 'old': np.float64(68.7), 'new': np.float64(72.16)}
2026-07-01 16:47:30,904 [trainer.py] => CNN top1 curve: [np.float64(91.41), np.float64(85.61), np.float64(80.15), np.float64(76.08), np.float64(74.61), np.float64(69.98), np.float64(69.12)]
2026-07-01 16:47:30,904 [trainer.py] => CNN top5 curve: [np.float64(98.61), np.float64(96.62), np.float64(93.49), np.float64(89.88), np.float64(91.3), np.float64(89.48), np.float64(87.23)]

2026-07-01 16:47:30,904 [trainer.py] => Average Accuracy (CNN): 78.13714285714286 

2026-07-01 16:47:30,909 [trainer.py] => All params: 91750726
2026-07-01 16:47:30,912 [trainer.py] => Trainable params: 348742
2026-07-01 16:47:30,913 [lora.py] => Learning on 70-80
2026-07-01 16:47:30,924 [lora.py] => Trainable params this task: 356,432 / 91,758,416
2026-07-01 16:48:47,975 [olora.py] => [O-LoRA] Task 7 done. Acc 86.21, final Orth 0.048
2026-07-01 16:49:12,232 [til_base.py] => TIL top1: 88.87
2026-07-01 16:49:12,233 [til_base.py] => CIL top1: 65.98 | TIL top1: 88.87
2026-07-01 16:49:12,233 [trainer.py] => No NME accuracy.
2026-07-01 16:49:12,233 [trainer.py] => CNN: {'total': np.float64(65.98), '00-09': np.float64(51.25), '10-19': np.float64(70.0), '20-29': np.float64(67.58), '30-39': np.float64(62.13), '40-49': np.float64(75.0), '50-59': np.float64(74.58), '60-69': np.float64(67.84), '70-79': np.float64(62.13), 'old': np.float64(66.4), 'new': np.float64(62.13)}
2026-07-01 16:49:12,233 [trainer.py] => CNN top1 curve: [np.float64(91.41), np.float64(85.61), np.float64(80.15), np.float64(76.08), np.float64(74.61), np.float64(69.98), np.float64(69.12), np.float64(65.98)]
2026-07-01 16:49:12,233 [trainer.py] => CNN top5 curve: [np.float64(98.61), np.float64(96.62), np.float64(93.49), np.float64(89.88), np.float64(91.3), np.float64(89.48), np.float64(87.23), np.float64(86.68)]

2026-07-01 16:49:12,233 [trainer.py] => Average Accuracy (CNN): 76.6175 

2026-07-01 16:49:12,238 [trainer.py] => All params: 91758416
2026-07-01 16:49:12,242 [trainer.py] => Trainable params: 356432
2026-07-01 16:49:12,243 [lora.py] => Learning on 80-90
2026-07-01 16:49:12,255 [lora.py] => Trainable params this task: 364,122 / 91,766,106
2026-07-01 16:50:50,287 [olora.py] => [O-LoRA] Task 8 done. Acc 88.81, final Orth 0.043
2026-07-01 16:51:17,627 [til_base.py] => TIL top1: 87.74
2026-07-01 16:51:17,627 [til_base.py] => CIL top1: 64.99 | TIL top1: 87.74
2026-07-01 16:51:17,627 [trainer.py] => No NME accuracy.
2026-07-01 16:51:17,627 [trainer.py] => CNN: {'total': np.float64(64.99), '00-09': np.float64(50.42), '10-19': np.float64(66.56), '20-29': np.float64(60.16), '30-39': np.float64(65.98), '40-49': np.float64(66.99), '50-59': np.float64(72.88), '60-69': np.float64(64.31), '70-79': np.float64(59.15), '80-89': np.float64(79.39), 'old': np.float64(63.2), 'new': np.float64(79.39)}
2026-07-01 16:51:17,627 [trainer.py] => CNN top1 curve: [np.float64(91.41), np.float64(85.61), np.float64(80.15), np.float64(76.08), np.float64(74.61), np.float64(69.98), np.float64(69.12), np.float64(65.98), np.float64(64.99)]
2026-07-01 16:51:17,627 [trainer.py] => CNN top5 curve: [np.float64(98.61), np.float64(96.62), np.float64(93.49), np.float64(89.88), np.float64(91.3), np.float64(89.48), np.float64(87.23), np.float64(86.68), np.float64(84.45)]

2026-07-01 16:51:17,627 [trainer.py] => Average Accuracy (CNN): 75.32555555555557 

2026-07-01 16:51:17,630 [trainer.py] => All params: 91766106
2026-07-01 16:51:17,632 [trainer.py] => Trainable params: 364122
2026-07-01 16:51:17,633 [lora.py] => Learning on 90-100
2026-07-01 16:51:17,640 [lora.py] => Trainable params this task: 371,812 / 91,773,796
2026-07-01 16:52:43,310 [olora.py] => [O-LoRA] Task 9 done. Acc 91.67, final Orth 0.051
2026-07-01 16:53:13,726 [til_base.py] => TIL top1: 88.38
2026-07-01 16:53:13,726 [til_base.py] => CIL top1: 62.1 | TIL top1: 88.38
2026-07-01 16:53:13,727 [trainer.py] => No NME accuracy.
2026-07-01 16:53:13,727 [trainer.py] => CNN: {'total': np.float64(62.1), '00-09': np.float64(48.48), '10-19': np.float64(61.88), '20-29': np.float64(64.06), '30-39': np.float64(62.43), '40-49': np.float64(57.69), '50-59': np.float64(72.88), '60-69': np.float64(61.18), '70-79': np.float64(52.34), '80-89': np.float64(70.95), '90-99': np.float64(72.0), 'old': np.float64(61.17), 'new': np.float64(72.0)}
2026-07-01 16:53:13,727 [trainer.py] => CNN top1 curve: [np.float64(91.41), np.float64(85.61), np.float64(80.15), np.float64(76.08), np.float64(74.61), np.float64(69.98), np.float64(69.12), np.float64(65.98), np.float64(64.99), np.float64(62.1)]
2026-07-01 16:53:13,727 [trainer.py] => CNN top5 curve: [np.float64(98.61), np.float64(96.62), np.float64(93.49), np.float64(89.88), np.float64(91.3), np.float64(89.48), np.float64(87.23), np.float64(86.68), np.float64(84.45), np.float64(84.24)]

2026-07-01 16:53:13,727 [trainer.py] => Average Accuracy (CNN): 74.00300000000001 

2026-07-01 16:53:13,730 [trainer.py] => All params: 91773796
2026-07-01 16:53:13,732 [trainer.py] => Trainable params: 371812
2026-07-01 16:53:13,734 [lora.py] => Learning on 100-110
2026-07-01 16:53:13,741 [lora.py] => Trainable params this task: 379,502 / 91,781,486
2026-07-01 16:54:48,039 [olora.py] => [O-LoRA] Task 10 done. Acc 85.92, final Orth 0.052
2026-07-01 16:55:21,630 [til_base.py] => TIL top1: 88.37
2026-07-01 16:55:21,630 [til_base.py] => CIL top1: 62.19 | TIL top1: 88.37
2026-07-01 16:55:21,630 [trainer.py] => No NME accuracy.
2026-07-01 16:55:21,630 [trainer.py] => CNN: {'total': np.float64(62.19), '00-09': np.float64(45.98), '10-19': np.float64(65.62), '20-29': np.float64(65.62), '30-39': np.float64(62.72), '40-49': np.float64(53.85), '50-59': np.float64(69.49), '60-69': np.float64(61.57), '70-79': np.float64(53.62), '80-89': np.float64(72.97), '90-99': np.float64(71.6), '100-109': np.float64(65.07), 'old': np.float64(61.93), 'new': np.float64(65.07)}
2026-07-01 16:55:21,630 [trainer.py] => CNN top1 curve: [np.float64(91.41), np.float64(85.61), np.float64(80.15), np.float64(76.08), np.float64(74.61), np.float64(69.98), np.float64(69.12), np.float64(65.98), np.float64(64.99), np.float64(62.1), np.float64(62.19)]
2026-07-01 16:55:21,630 [trainer.py] => CNN top5 curve: [np.float64(98.61), np.float64(96.62), np.float64(93.49), np.float64(89.88), np.float64(91.3), np.float64(89.48), np.float64(87.23), np.float64(86.68), np.float64(84.45), np.float64(84.24), np.float64(83.89)]

2026-07-01 16:55:21,630 [trainer.py] => Average Accuracy (CNN): 72.92909090909092 

2026-07-01 16:55:21,634 [trainer.py] => All params: 91781486
2026-07-01 16:55:21,636 [trainer.py] => Trainable params: 379502
2026-07-01 16:55:21,637 [lora.py] => Learning on 110-120
2026-07-01 16:55:21,644 [lora.py] => Trainable params this task: 387,192 / 91,789,176
2026-07-01 16:57:17,213 [olora.py] => [O-LoRA] Task 11 done. Acc 87.65, final Orth 0.049
2026-07-01 16:57:54,697 [til_base.py] => TIL top1: 87.43
2026-07-01 16:57:54,697 [til_base.py] => CIL top1: 58.49 | TIL top1: 87.43
2026-07-01 16:57:54,697 [trainer.py] => No NME accuracy.
2026-07-01 16:57:54,697 [trainer.py] => CNN: {'total': np.float64(58.49), '00-09': np.float64(41.0), '10-19': np.float64(60.62), '20-29': np.float64(62.11), '30-39': np.float64(56.51), '40-49': np.float64(54.81), '50-59': np.float64(65.76), '60-69': np.float64(61.18), '70-79': np.float64(45.11), '80-89': np.float64(67.91), '90-99': np.float64(62.4), '100-109': np.float64(60.29), '110-119': np.float64(66.46), 'old': np.float64(57.68), 'new': np.float64(66.46)}
2026-07-01 16:57:54,697 [trainer.py] => CNN top1 curve: [np.float64(91.41), np.float64(85.61), np.float64(80.15), np.float64(76.08), np.float64(74.61), np.float64(69.98), np.float64(69.12), np.float64(65.98), np.float64(64.99), np.float64(62.1), np.float64(62.19), np.float64(58.49)]
2026-07-01 16:57:54,697 [trainer.py] => CNN top5 curve: [np.float64(98.61), np.float64(96.62), np.float64(93.49), np.float64(89.88), np.float64(91.3), np.float64(89.48), np.float64(87.23), np.float64(86.68), np.float64(84.45), np.float64(84.24), np.float64(83.89), np.float64(81.71)]

2026-07-01 16:57:54,698 [trainer.py] => Average Accuracy (CNN): 71.72583333333334 

2026-07-01 16:57:54,701 [trainer.py] => All params: 91789176
2026-07-01 16:57:54,703 [trainer.py] => Trainable params: 387192
2026-07-01 16:57:54,704 [lora.py] => Learning on 120-130
2026-07-01 16:57:54,711 [lora.py] => Trainable params this task: 394,882 / 91,796,866
2026-07-01 16:59:24,978 [olora.py] => [O-LoRA] Task 12 done. Acc 89.37, final Orth 0.060
2026-07-01 17:00:05,577 [til_base.py] => TIL top1: 86.62
2026-07-01 17:00:05,577 [til_base.py] => CIL top1: 56.82 | TIL top1: 86.62
2026-07-01 17:00:05,577 [trainer.py] => No NME accuracy.
2026-07-01 17:00:05,577 [trainer.py] => CNN: {'total': np.float64(56.82), '00-09': np.float64(36.29), '10-19': np.float64(64.69), '20-29': np.float64(63.28), '30-39': np.float64(53.85), '40-49': np.float64(53.21), '50-59': np.float64(62.71), '60-69': np.float64(56.47), '70-79': np.float64(42.13), '80-89': np.float64(64.86), '90-99': np.float64(59.6), '100-109': np.float64(58.09), '110-119': np.float64(54.77), '120-129': np.float64(75.0), 'old': np.float64(55.56), 'new': np.float64(75.0)}
2026-07-01 17:00:05,577 [trainer.py] => CNN top1 curve: [np.float64(91.41), np.float64(85.61), np.float64(80.15), np.float64(76.08), np.float64(74.61), np.float64(69.98), np.float64(69.12), np.float64(65.98), np.float64(64.99), np.float64(62.1), np.float64(62.19), np.float64(58.49), np.float64(56.82)]
2026-07-01 17:00:05,577 [trainer.py] => CNN top5 curve: [np.float64(98.61), np.float64(96.62), np.float64(93.49), np.float64(89.88), np.float64(91.3), np.float64(89.48), np.float64(87.23), np.float64(86.68), np.float64(84.45), np.float64(84.24), np.float64(83.89), np.float64(81.71), np.float64(80.13)]

2026-07-01 17:00:05,577 [trainer.py] => Average Accuracy (CNN): 70.57923076923078 

2026-07-01 17:00:05,580 [trainer.py] => All params: 91796866
2026-07-01 17:00:05,582 [trainer.py] => Trainable params: 394882
2026-07-01 17:00:05,583 [lora.py] => Learning on 130-140
2026-07-01 17:00:05,590 [lora.py] => Trainable params this task: 402,572 / 91,804,556
2026-07-01 17:02:05,379 [olora.py] => [O-LoRA] Task 13 done. Acc 86.46, final Orth 0.054
2026-07-01 17:02:49,956 [til_base.py] => TIL top1: 85.92
2026-07-01 17:02:49,956 [til_base.py] => CIL top1: 54.56 | TIL top1: 85.92
2026-07-01 17:02:49,957 [trainer.py] => No NME accuracy.
2026-07-01 17:02:49,957 [trainer.py] => CNN: {'total': np.float64(54.56), '00-09': np.float64(32.13), '10-19': np.float64(62.81), '20-29': np.float64(54.69), '30-39': np.float64(52.37), '40-49': np.float64(51.6), '50-59': np.float64(60.34), '60-69': np.float64(54.9), '70-79': np.float64(42.98), '80-89': np.float64(58.78), '90-99': np.float64(56.0), '100-109': np.float64(51.1), '110-119': np.float64(49.23), '120-129': np.float64(73.36), '130-139': np.float64(68.65), 'old': np.float64(53.37), 'new': np.float64(68.65)}
2026-07-01 17:02:49,957 [trainer.py] => CNN top1 curve: [np.float64(91.41), np.float64(85.61), np.float64(80.15), np.float64(76.08), np.float64(74.61), np.float64(69.98), np.float64(69.12), np.float64(65.98), np.float64(64.99), np.float64(62.1), np.float64(62.19), np.float64(58.49), np.float64(56.82), np.float64(54.56)]
2026-07-01 17:02:49,957 [trainer.py] => CNN top5 curve: [np.float64(98.61), np.float64(96.62), np.float64(93.49), np.float64(89.88), np.float64(91.3), np.float64(89.48), np.float64(87.23), np.float64(86.68), np.float64(84.45), np.float64(84.24), np.float64(83.89), np.float64(81.71), np.float64(80.13), np.float64(78.37)]

2026-07-01 17:02:49,957 [trainer.py] => Average Accuracy (CNN): 69.43500000000002 

2026-07-01 17:02:49,959 [trainer.py] => All params: 91804556
2026-07-01 17:02:49,961 [trainer.py] => Trainable params: 402572
2026-07-01 17:02:49,963 [lora.py] => Learning on 140-150
2026-07-01 17:02:49,969 [lora.py] => Trainable params this task: 410,262 / 91,812,246
2026-07-01 17:04:39,798 [olora.py] => [O-LoRA] Task 14 done. Acc 88.79, final Orth 0.059
2026-07-01 17:05:28,006 [til_base.py] => TIL top1: 87.08
2026-07-01 17:05:28,007 [til_base.py] => CIL top1: 56.94 | TIL top1: 87.08
2026-07-01 17:05:28,007 [trainer.py] => No NME accuracy.
2026-07-01 17:05:28,007 [trainer.py] => CNN: {'total': np.float64(56.94), '00-09': np.float64(41.55), '10-19': np.float64(70.94), '20-29': np.float64(60.55), '30-39': np.float64(53.25), '40-49': np.float64(54.49), '50-59': np.float64(60.34), '60-69': np.float64(57.25), '70-79': np.float64(44.26), '80-89': np.float64(61.49), '90-99': np.float64(58.8), '100-109': np.float64(52.21), '110-119': np.float64(46.46), '120-129': np.float64(73.77), '130-139': np.float64(64.89), '140-149': np.float64(58.04), 'old': np.float64(56.87), 'new': np.float64(58.04)}
2026-07-01 17:05:28,007 [trainer.py] => CNN top1 curve: [np.float64(91.41), np.float64(85.61), np.float64(80.15), np.float64(76.08), np.float64(74.61), np.float64(69.98), np.float64(69.12), np.float64(65.98), np.float64(64.99), np.float64(62.1), np.float64(62.19), np.float64(58.49), np.float64(56.82), np.float64(54.56), np.float64(56.94)]
2026-07-01 17:05:28,007 [trainer.py] => CNN top5 curve: [np.float64(98.61), np.float64(96.62), np.float64(93.49), np.float64(89.88), np.float64(91.3), np.float64(89.48), np.float64(87.23), np.float64(86.68), np.float64(84.45), np.float64(84.24), np.float64(83.89), np.float64(81.71), np.float64(80.13), np.float64(78.37), np.float64(79.77)]

2026-07-01 17:05:28,007 [trainer.py] => Average Accuracy (CNN): 68.60200000000002 

2026-07-01 17:05:28,012 [trainer.py] => All params: 91812246
2026-07-01 17:05:28,015 [trainer.py] => Trainable params: 410262
2026-07-01 17:05:28,018 [lora.py] => Learning on 150-160
2026-07-01 17:05:28,028 [lora.py] => Trainable params this task: 417,952 / 91,819,936
2026-07-01 17:07:49,480 [olora.py] => [O-LoRA] Task 15 done. Acc 87.43, final Orth 0.054
2026-07-01 17:08:42,293 [til_base.py] => TIL top1: 87.63
2026-07-01 17:08:42,293 [til_base.py] => CIL top1: 55.29 | TIL top1: 87.63
2026-07-01 17:08:42,293 [trainer.py] => No NME accuracy.
2026-07-01 17:08:42,293 [trainer.py] => CNN: {'total': np.float64(55.29), '00-09': np.float64(34.9), '10-19': np.float64(68.44), '20-29': np.float64(59.38), '30-39': np.float64(52.66), '40-49': np.float64(57.37), '50-59': np.float64(56.27), '60-69': np.float64(50.98), '70-79': np.float64(43.4), '80-89': np.float64(59.46), '90-99': np.float64(52.8), '100-109': np.float64(50.0), '110-119': np.float64(49.23), '120-129': np.float64(65.57), '130-139': np.float64(66.14), '140-149': np.float64(52.45), '150-159': np.float64(65.12), 'old': np.float64(54.47), 'new': np.float64(65.12)}
2026-07-01 17:08:42,294 [trainer.py] => CNN top1 curve: [np.float64(91.41), np.float64(85.61), np.float64(80.15), np.float64(76.08), np.float64(74.61), np.float64(69.98), np.float64(69.12), np.float64(65.98), np.float64(64.99), np.float64(62.1), np.float64(62.19), np.float64(58.49), np.float64(56.82), np.float64(54.56), np.float64(56.94), np.float64(55.29)]
2026-07-01 17:08:42,294 [trainer.py] => CNN top5 curve: [np.float64(98.61), np.float64(96.62), np.float64(93.49), np.float64(89.88), np.float64(91.3), np.float64(89.48), np.float64(87.23), np.float64(86.68), np.float64(84.45), np.float64(84.24), np.float64(83.89), np.float64(81.71), np.float64(80.13), np.float64(78.37), np.float64(79.77), np.float64(79.64)]

2026-07-01 17:08:42,294 [trainer.py] => Average Accuracy (CNN): 67.77000000000001 

2026-07-01 17:08:42,298 [trainer.py] => All params: 91819936
2026-07-01 17:08:42,302 [trainer.py] => Trainable params: 417952
2026-07-01 17:08:42,304 [lora.py] => Learning on 160-170
2026-07-01 17:08:42,315 [lora.py] => Trainable params this task: 425,642 / 91,827,626
2026-07-01 17:10:37,235 [olora.py] => [O-LoRA] Task 16 done. Acc 85.46, final Orth 0.064
2026-07-01 17:11:33,687 [til_base.py] => TIL top1: 86.92
2026-07-01 17:11:33,688 [til_base.py] => CIL top1: 52.2 | TIL top1: 86.92
2026-07-01 17:11:33,688 [trainer.py] => No NME accuracy.
2026-07-01 17:11:33,688 [trainer.py] => CNN: {'total': np.float64(52.2), '00-09': np.float64(32.13), '10-19': np.float64(61.25), '20-29': np.float64(51.17), '30-39': np.float64(46.45), '40-49': np.float64(54.81), '50-59': np.float64(56.27), '60-69': np.float64(49.8), '70-79': np.float64(39.15), '80-89': np.float64(62.5), '90-99': np.float64(50.8), '100-109': np.float64(44.49), '110-119': np.float64(44.0), '120-129': np.float64(59.43), '130-139': np.float64(61.76), '140-149': np.float64(50.35), '150-159': np.float64(57.77), '160-169': np.float64(66.08), 'old': np.float64(51.36), 'new': np.float64(66.08)}
2026-07-01 17:11:33,688 [trainer.py] => CNN top1 curve: [np.float64(91.41), np.float64(85.61), np.float64(80.15), np.float64(76.08), np.float64(74.61), np.float64(69.98), np.float64(69.12), np.float64(65.98), np.float64(64.99), np.float64(62.1), np.float64(62.19), np.float64(58.49), np.float64(56.82), np.float64(54.56), np.float64(56.94), np.float64(55.29), np.float64(52.2)]
2026-07-01 17:11:33,688 [trainer.py] => CNN top5 curve: [np.float64(98.61), np.float64(96.62), np.float64(93.49), np.float64(89.88), np.float64(91.3), np.float64(89.48), np.float64(87.23), np.float64(86.68), np.float64(84.45), np.float64(84.24), np.float64(83.89), np.float64(81.71), np.float64(80.13), np.float64(78.37), np.float64(79.77), np.float64(79.64), np.float64(77.2)]

2026-07-01 17:11:33,688 [trainer.py] => Average Accuracy (CNN): 66.85411764705884 

2026-07-01 17:11:33,693 [trainer.py] => All params: 91827626
2026-07-01 17:11:33,696 [trainer.py] => Trainable params: 425642
2026-07-01 17:11:33,699 [lora.py] => Learning on 170-180
2026-07-01 17:11:33,710 [lora.py] => Trainable params this task: 433,332 / 91,835,316
2026-07-01 17:13:41,328 [olora.py] => [O-LoRA] Task 17 done. Acc 84.66, final Orth 0.061
2026-07-01 17:14:42,082 [til_base.py] => TIL top1: 83.35
2026-07-01 17:14:42,082 [til_base.py] => CIL top1: 48.7 | TIL top1: 83.35
2026-07-01 17:14:42,082 [trainer.py] => No NME accuracy.
2026-07-01 17:14:42,082 [trainer.py] => CNN: {'total': np.float64(48.7), '00-09': np.float64(25.48), '10-19': np.float64(61.25), '20-29': np.float64(50.39), '30-39': np.float64(47.93), '40-49': np.float64(53.53), '50-59': np.float64(54.92), '60-69': np.float64(47.45), '70-79': np.float64(38.3), '80-89': np.float64(58.11), '90-99': np.float64(43.6), '100-109': np.float64(39.71), '110-119': np.float64(44.31), '120-129': np.float64(56.97), '130-139': np.float64(55.17), '140-149': np.float64(36.71), '150-159': np.float64(49.86), '160-169': np.float64(52.1), '170-179': np.float64(61.41), 'old': np.float64(47.92), 'new': np.float64(61.41)}
2026-07-01 17:14:42,082 [trainer.py] => CNN top1 curve: [np.float64(91.41), np.float64(85.61), np.float64(80.15), np.float64(76.08), np.float64(74.61), np.float64(69.98), np.float64(69.12), np.float64(65.98), np.float64(64.99), np.float64(62.1), np.float64(62.19), np.float64(58.49), np.float64(56.82), np.float64(54.56), np.float64(56.94), np.float64(55.29), np.float64(52.2), np.float64(48.7)]
2026-07-01 17:14:42,082 [trainer.py] => CNN top5 curve: [np.float64(98.61), np.float64(96.62), np.float64(93.49), np.float64(89.88), np.float64(91.3), np.float64(89.48), np.float64(87.23), np.float64(86.68), np.float64(84.45), np.float64(84.24), np.float64(83.89), np.float64(81.71), np.float64(80.13), np.float64(78.37), np.float64(79.77), np.float64(79.64), np.float64(77.2), np.float64(71.53)]

2026-07-01 17:14:42,082 [trainer.py] => Average Accuracy (CNN): 65.84555555555556 

2026-07-01 17:14:42,085 [trainer.py] => All params: 91835316
2026-07-01 17:14:42,087 [trainer.py] => Trainable params: 433332
2026-07-01 17:14:42,088 [lora.py] => Learning on 180-190
2026-07-01 17:14:42,095 [lora.py] => Trainable params this task: 441,022 / 91,843,006
2026-07-01 17:16:33,362 [olora.py] => [O-LoRA] Task 18 done. Acc 86.98, final Orth 0.075
2026-07-01 17:17:38,048 [til_base.py] => TIL top1: 85.79
2026-07-01 17:17:38,049 [til_base.py] => CIL top1: 51.17 | TIL top1: 85.79
2026-07-01 17:17:38,049 [trainer.py] => No NME accuracy.
2026-07-01 17:17:38,049 [trainer.py] => CNN: {'total': np.float64(51.17), '00-09': np.float64(26.04), '10-19': np.float64(66.88), '20-29': np.float64(53.52), '30-39': np.float64(51.78), '40-49': np.float64(59.94), '50-59': np.float64(57.29), '60-69': np.float64(49.02), '70-79': np.float64(39.57), '80-89': np.float64(53.72), '90-99': np.float64(45.6), '100-109': np.float64(41.54), '110-119': np.float64(44.92), '120-129': np.float64(57.79), '130-139': np.float64(62.38), '140-149': np.float64(39.86), '150-159': np.float64(52.86), '160-169': np.float64(51.05), '170-179': np.float64(57.88), '180-189': np.float64(61.3), 'old': np.float64(50.68), 'new': np.float64(61.3)}
2026-07-01 17:17:38,049 [trainer.py] => CNN top1 curve: [np.float64(91.41), np.float64(85.61), np.float64(80.15), np.float64(76.08), np.float64(74.61), np.float64(69.98), np.float64(69.12), np.float64(65.98), np.float64(64.99), np.float64(62.1), np.float64(62.19), np.float64(58.49), np.float64(56.82), np.float64(54.56), np.float64(56.94), np.float64(55.29), np.float64(52.2), np.float64(48.7), np.float64(51.17)]
2026-07-01 17:17:38,049 [trainer.py] => CNN top5 curve: [np.float64(98.61), np.float64(96.62), np.float64(93.49), np.float64(89.88), np.float64(91.3), np.float64(89.48), np.float64(87.23), np.float64(86.68), np.float64(84.45), np.float64(84.24), np.float64(83.89), np.float64(81.71), np.float64(80.13), np.float64(78.37), np.float64(79.77), np.float64(79.64), np.float64(77.2), np.float64(71.53), np.float64(74.56)]

2026-07-01 17:17:38,049 [trainer.py] => Average Accuracy (CNN): 65.07315789473687 

2026-07-01 17:17:38,051 [trainer.py] => All params: 91843006
2026-07-01 17:17:38,053 [trainer.py] => Trainable params: 441022
2026-07-01 17:17:38,055 [lora.py] => Learning on 190-200
2026-07-01 17:17:38,061 [lora.py] => Trainable params this task: 448,712 / 91,850,696
2026-07-01 17:20:00,579 [olora.py] => [O-LoRA] Task 19 done. Acc 88.09, final Orth 0.063
2026-07-01 17:21:10,017 [til_base.py] => TIL top1: 85.38
2026-07-01 17:21:10,017 [til_base.py] => CIL top1: 50.52 | TIL top1: 85.38
2026-07-01 17:21:10,017 [trainer.py] => No NME accuracy.
2026-07-01 17:21:10,017 [trainer.py] => CNN: {'total': np.float64(50.52), '00-09': np.float64(22.44), '10-19': np.float64(62.19), '20-29': np.float64(56.64), '30-39': np.float64(46.75), '40-49': np.float64(60.26), '50-59': np.float64(56.27), '60-69': np.float64(45.1), '70-79': np.float64(34.04), '80-89': np.float64(50.0), '90-99': np.float64(51.2), '100-109': np.float64(38.6), '110-119': np.float64(46.15), '120-129': np.float64(57.79), '130-139': np.float64(59.56), '140-149': np.float64(43.36), '150-159': np.float64(44.96), '160-169': np.float64(45.45), '170-179': np.float64(55.63), '180-189': np.float64(55.56), '190-199': np.float64(78.21), 'old': np.float64(48.86), 'new': np.float64(78.21)}
2026-07-01 17:21:10,017 [trainer.py] => CNN top1 curve: [np.float64(91.41), np.float64(85.61), np.float64(80.15), np.float64(76.08), np.float64(74.61), np.float64(69.98), np.float64(69.12), np.float64(65.98), np.float64(64.99), np.float64(62.1), np.float64(62.19), np.float64(58.49), np.float64(56.82), np.float64(54.56), np.float64(56.94), np.float64(55.29), np.float64(52.2), np.float64(48.7), np.float64(51.17), np.float64(50.52)]
2026-07-01 17:21:10,017 [trainer.py] => CNN top5 curve: [np.float64(98.61), np.float64(96.62), np.float64(93.49), np.float64(89.88), np.float64(91.3), np.float64(89.48), np.float64(87.23), np.float64(86.68), np.float64(84.45), np.float64(84.24), np.float64(83.89), np.float64(81.71), np.float64(80.13), np.float64(78.37), np.float64(79.77), np.float64(79.64), np.float64(77.2), np.float64(71.53), np.float64(74.56), np.float64(73.9)]

2026-07-01 17:21:10,017 [trainer.py] => Average Accuracy (CNN): 64.34550000000002 

2026-07-01 17:21:10,019 [trainer.py] => Forgetting (CNN): 24.449473684210524
2026-07-01 17:21:10,019 [trainer.py] => Forgetting (NME): 24.449473684210524
2026-07-01 17:21:10,021 [trainer.py] => Forgetting (TIL): 7.934736842105259
