2026-07-01 08:02:45,089 [trainer.py] => config: ./exps/olora_inr20t_sample.json
2026-07-01 08:02:45,089 [trainer.py] => dataset: imagenetr
2026-07-01 08:02:45,089 [trainer.py] => memory_size: 0
2026-07-01 08:02:45,089 [trainer.py] => memory_per_class: 0
2026-07-01 08:02:45,089 [trainer.py] => fixed_memory: False
2026-07-01 08:02:45,089 [trainer.py] => shuffle: True
2026-07-01 08:02:45,089 [trainer.py] => init_cls: 10
2026-07-01 08:02:45,089 [trainer.py] => increment: 10
2026-07-01 08:02:45,089 [trainer.py] => backbone_type: vit_base_patch16_224_lora
2026-07-01 08:02:45,089 [trainer.py] => device: [device(type='cuda', index=0)]
2026-07-01 08:02:45,090 [trainer.py] => seed: 1993
2026-07-01 08:02:45,090 [trainer.py] => scenario: both
2026-07-01 08:02:45,090 [trainer.py] => lora_rank: 8
2026-07-01 08:02:45,090 [trainer.py] => n_lora_blocks: 3
2026-07-01 08:02:45,090 [trainer.py] => tuned_epoch: 10
2026-07-01 08:02:45,090 [trainer.py] => init_lr: 0.005
2026-07-01 08:02:45,090 [trainer.py] => batch_size: 48
2026-07-01 08:02:45,090 [trainer.py] => weight_decay: 0.0005
2026-07-01 08:02:45,090 [trainer.py] => min_lr: 0.0
2026-07-01 08:02:45,090 [trainer.py] => pretrained: True
2026-07-01 08:02:45,090 [trainer.py] => print_forget: True
2026-07-01 08:02:45,090 [trainer.py] => model_name: olora
2026-07-01 08:02:45,090 [trainer.py] => lora_alpha: 32
2026-07-01 08:02:45,090 [trainer.py] => lora_merge: True
2026-07-01 08:02:45,090 [trainer.py] => lamda_1: 0.5
2026-07-01 08:02:45,090 [trainer.py] => lamda_2: 0.0
2026-07-01 08:02:45,090 [trainer.py] => prefix: inr20t_sample
2026-07-01 08:02:45,090 [trainer.py] => boundary_mode: sample
2026-07-01 08:02:45,090 [trainer.py] => boundary_mult: 1.5
2026-07-01 08:02:45,170 [data_manager.py] => [168, 136, 51, 9, 183, 101, 171, 99, 42, 159, 191, 70, 16, 188, 27, 10, 175, 26, 68, 187, 98, 6, 85, 35, 112, 43, 100, 0, 103, 181, 88, 59, 4, 2, 116, 174, 94, 80, 106, 1, 147, 17, 141, 131, 72, 23, 173, 54, 197, 118, 87, 32, 79, 104, 91, 19, 135, 107, 178, 36, 11, 199, 142, 8, 122, 3, 28, 57, 153, 172, 190, 56, 49, 44, 97, 62, 151, 169, 194, 55, 192, 12, 189, 78, 66, 180, 15, 137, 109, 134, 92, 119, 126, 52, 170, 40, 148, 65, 144, 64, 138, 45, 77, 89, 154, 90, 71, 193, 74, 30, 113, 143, 96, 84, 67, 50, 186, 156, 69, 21, 18, 111, 108, 58, 125, 157, 150, 110, 182, 129, 166, 83, 81, 60, 13, 165, 14, 176, 63, 117, 5, 22, 145, 121, 38, 41, 82, 127, 114, 20, 31, 53, 37, 163, 196, 130, 152, 162, 86, 76, 24, 34, 184, 149, 33, 128, 198, 155, 146, 167, 139, 120, 140, 102, 47, 25, 158, 123, 46, 164, 61, 7, 115, 75, 133, 160, 105, 132, 179, 124, 48, 73, 93, 39, 95, 195, 29, 177, 185, 161]
2026-07-01 08:02:47,804 [stream_mixin.py] => [stream] adapter event every 15 global epochs (C=1.5 x 10 epochs); eval after each fold on completed tasks
2026-07-01 08:04:54,954 [stream_mixin.py] => [stream eval] completed  1 | CIL 14.56 | TIL 14.56 | TIL/task [14.56]
2026-07-01 08:07:07,007 [stream_mixin.py] => [stream eval] completed  3 | CIL 4.94 | TIL 24.12 | TIL/task [9.81, 21.12, 42.86]
2026-07-01 08:09:20,339 [stream_mixin.py] => [stream eval] completed  4 | CIL 7.65 | TIL 20.67 | TIL/task [9.81, 22.19, 16.61, 33.03]
2026-07-01 08:11:35,955 [stream_mixin.py] => [stream eval] completed  6 | CIL 3.94 | TIL 22.22 | TIL/task [7.91, 22.46, 14.29, 30.0, 22.02, 36.27]
2026-07-01 08:13:55,251 [stream_mixin.py] => [stream eval] completed  7 | CIL 4.50 | TIL 19.90 | TIL/task [13.61, 22.19, 15.95, 19.39, 23.47, 9.8, 35.35]
2026-07-01 08:16:32,671 [stream_mixin.py] => [stream eval] completed  9 | CIL 3.66 | TIL 21.30 | TIL/task [16.14, 23.26, 14.29, 13.64, 15.52, 12.42, 19.87, 27.24, 46.65]
2026-07-01 08:18:36,650 [stream_mixin.py] => [stream eval] completed 10 | CIL 2.27 | TIL 17.17 | TIL/task [10.44, 18.18, 15.28, 7.88, 15.16, 9.8, 21.55, 28.73, 24.2, 24.73]
2026-07-01 08:21:41,146 [stream_mixin.py] => [stream eval] completed 12 | CIL 2.11 | TIL 19.48 | TIL/task [10.44, 18.18, 14.62, 17.58, 16.25, 9.48, 18.86, 26.12, 17.49, 21.43, 20.0, 40.97]
2026-07-01 08:24:15,714 [stream_mixin.py] => [stream eval] completed 13 | CIL 1.72 | TIL 16.39 | TIL/task [10.13, 14.44, 10.63, 12.12, 15.52, 9.48, 11.45, 20.15, 15.74, 9.89, 25.96, 26.15, 31.69]
2026-07-01 08:27:30,425 [stream_mixin.py] => [stream eval] completed 15 | CIL 1.81 | TIL 19.02 | TIL/task [9.49, 14.17, 11.96, 10.3, 16.97, 12.42, 16.5, 20.9, 12.54, 9.34, 21.75, 28.3, 30.86, 24.04, 41.93]
2026-07-01 08:30:45,032 [stream_mixin.py] => [stream eval] completed 16 | CIL 1.43 | TIL 17.10 | TIL/task [8.54, 15.51, 5.65, 16.67, 14.8, 14.38, 14.14, 20.52, 16.03, 9.89, 25.61, 12.4, 18.93, 12.2, 24.08, 39.43]
2026-07-01 08:33:35,603 [stream_mixin.py] => [stream eval] completed 18 | CIL 1.19 | TIL 16.40 | TIL/task [10.13, 15.24, 12.96, 12.42, 13.0, 13.4, 12.12, 19.4, 15.16, 8.79, 16.49, 6.47, 16.87, 17.77, 26.35, 28.0, 22.5, 28.99]
2026-07-01 08:36:52,148 [stream_mixin.py] => [stream eval] completed 19 | CIL 0.94 | TIL 12.91 | TIL/task [6.33, 12.57, 14.95, 12.73, 10.47, 12.09, 11.11, 21.64, 8.75, 9.89, 5.61, 13.21, 11.93, 17.07, 11.05, 10.57, 15.42, 16.39, 26.22]
2026-07-01 08:38:36,720 [stream_mixin.py] => [stream eval] completed 20 | CIL 2.06 | TIL 17.44 | TIL/task [9.49, 17.11, 12.62, 9.09, 14.8, 12.75, 11.45, 17.91, 14.58, 12.64, 14.04, 14.56, 14.4, 25.44, 13.88, 19.43, 30.0, 17.23, 25.17, 47.65]
2026-07-01 08:38:36,721 [trainer.py] => [stream] completed-task checkpoints: [1, 3, 4, 6, 7, 9, 10, 12, 13, 15, 16, 18, 19, 20]
2026-07-01 08:38:36,721 [trainer.py] => [stream] CIL curve: [14.56, 4.94, 7.65, 3.94, 4.5, 3.66, 2.27, 2.11, 1.72, 1.81, 1.43, 1.19, 0.94, 2.06]
2026-07-01 08:38:36,721 [trainer.py] => [stream] TIL curve: [14.56, 24.12, 20.67, 22.22, 19.9, 21.3, 17.17, 19.48, 16.39, 19.02, 17.1, 16.4, 12.91, 17.44]
2026-07-01 08:38:36,721 [trainer.py] => [stream] FINAL  CIL 2.06 | TIL 17.44  (over 20 tasks)
2026-07-03 01:19:56,146 [trainer.py] => config: ./exps/olora_inr20t_sample.json
2026-07-03 01:19:56,146 [trainer.py] => dataset: imagenetr
2026-07-03 01:19:56,146 [trainer.py] => memory_size: 0
2026-07-03 01:19:56,146 [trainer.py] => memory_per_class: 0
2026-07-03 01:19:56,146 [trainer.py] => fixed_memory: False
2026-07-03 01:19:56,146 [trainer.py] => shuffle: True
2026-07-03 01:19:56,146 [trainer.py] => init_cls: 10
2026-07-03 01:19:56,146 [trainer.py] => increment: 10
2026-07-03 01:19:56,146 [trainer.py] => backbone_type: vit_base_patch16_224_lora
2026-07-03 01:19:56,146 [trainer.py] => device: [device(type='cuda', index=0)]
2026-07-03 01:19:56,146 [trainer.py] => seed: 1993
2026-07-03 01:19:56,146 [trainer.py] => scenario: both
2026-07-03 01:19:56,146 [trainer.py] => lora_rank: 8
2026-07-03 01:19:56,146 [trainer.py] => tuned_epoch: 10
2026-07-03 01:19:56,146 [trainer.py] => init_lr: 0.0003
2026-07-03 01:19:56,146 [trainer.py] => batch_size: 48
2026-07-03 01:19:56,146 [trainer.py] => weight_decay: 0.0005
2026-07-03 01:19:56,146 [trainer.py] => min_lr: 0.0
2026-07-03 01:19:56,146 [trainer.py] => pretrained: True
2026-07-03 01:19:56,146 [trainer.py] => print_forget: True
2026-07-03 01:19:56,147 [trainer.py] => model_name: olora
2026-07-03 01:19:56,147 [trainer.py] => lora_alpha: 32
2026-07-03 01:19:56,147 [trainer.py] => lora_merge: True
2026-07-03 01:19:56,147 [trainer.py] => lamda_1: 0.5
2026-07-03 01:19:56,147 [trainer.py] => lamda_2: 0.0
2026-07-03 01:19:56,147 [trainer.py] => prefix: inr20t_sample
2026-07-03 01:19:56,147 [trainer.py] => boundary_mode: sample
2026-07-03 01:19:56,147 [trainer.py] => boundary_mult: 1.5
2026-07-03 01:19:56,228 [data_manager.py] => [168, 136, 51, 9, 183, 101, 171, 99, 42, 159, 191, 70, 16, 188, 27, 10, 175, 26, 68, 187, 98, 6, 85, 35, 112, 43, 100, 0, 103, 181, 88, 59, 4, 2, 116, 174, 94, 80, 106, 1, 147, 17, 141, 131, 72, 23, 173, 54, 197, 118, 87, 32, 79, 104, 91, 19, 135, 107, 178, 36, 11, 199, 142, 8, 122, 3, 28, 57, 153, 172, 190, 56, 49, 44, 97, 62, 151, 169, 194, 55, 192, 12, 189, 78, 66, 180, 15, 137, 109, 134, 92, 119, 126, 52, 170, 40, 148, 65, 144, 64, 138, 45, 77, 89, 154, 90, 71, 193, 74, 30, 113, 143, 96, 84, 67, 50, 186, 156, 69, 21, 18, 111, 108, 58, 125, 157, 150, 110, 182, 129, 166, 83, 81, 60, 13, 165, 14, 176, 63, 117, 5, 22, 145, 121, 38, 41, 82, 127, 114, 20, 31, 53, 37, 163, 196, 130, 152, 162, 86, 76, 24, 34, 184, 149, 33, 128, 198, 155, 146, 167, 139, 120, 140, 102, 47, 25, 158, 123, 46, 164, 61, 7, 115, 75, 133, 160, 105, 132, 179, 124, 48, 73, 93, 39, 95, 195, 29, 177, 185, 161]
2026-07-03 01:19:58,944 [stream_mixin.py] => [stream] adapter event every 15 global epochs (C=1.5 x 10 epochs); eval after each fold on completed tasks
2026-07-03 01:22:08,054 [stream_mixin.py] => [stream eval] completed  1 | CIL 89.56 | TIL 89.56 | TIL/task [89.56]
2026-07-03 01:24:22,674 [stream_mixin.py] => [stream eval] completed  3 | CIL 73.16 | TIL 89.40 | TIL/task [88.29, 89.3, 90.7]
2026-07-03 01:26:38,516 [stream_mixin.py] => [stream eval] completed  4 | CIL 51.17 | TIL 74.49 | TIL/task [72.47, 71.12, 66.45, 87.58]
2026-07-03 01:28:56,819 [stream_mixin.py] => [stream eval] completed  6 | CIL 50.58 | TIL 75.58 | TIL/task [79.43, 65.51, 60.8, 84.55, 76.53, 87.91]
2026-07-03 01:31:18,790 [stream_mixin.py] => [stream eval] completed  7 | CIL 21.17 | TIL 46.98 | TIL/task [40.19, 42.51, 23.59, 41.52, 57.76, 51.96, 74.41]
2026-07-03 01:33:59,582 [stream_mixin.py] => [stream eval] completed  9 | CIL 36.02 | TIL 71.19 | TIL/task [72.47, 77.54, 64.78, 70.3, 65.7, 57.19, 65.66, 80.22, 84.26]
2026-07-03 01:36:06,340 [stream_mixin.py] => [stream eval] completed 10 | CIL 19.51 | TIL 53.37 | TIL/task [56.65, 61.76, 46.18, 66.97, 54.15, 41.5, 47.47, 44.4, 56.85, 52.75]
2026-07-03 01:39:14,690 [stream_mixin.py] => [stream eval] completed 12 | CIL 19.81 | TIL 52.05 | TIL/task [55.7, 55.61, 47.18, 54.55, 39.71, 30.72, 37.04, 37.69, 44.9, 47.25, 79.3, 84.37]
2026-07-03 01:41:52,339 [stream_mixin.py] => [stream eval] completed 13 | CIL 13.07 | TIL 43.87 | TIL/task [43.04, 41.98, 28.9, 50.3, 28.52, 17.65, 25.59, 33.58, 36.44, 38.46, 72.63, 76.82, 72.43]
2026-07-03 01:45:11,246 [stream_mixin.py] => [stream eval] completed 15 | CIL 17.45 | TIL 54.60 | TIL/task [54.43, 53.74, 42.52, 56.36, 42.6, 42.81, 33.67, 50.37, 50.15, 42.31, 67.02, 58.76, 56.79, 71.08, 86.12]
2026-07-03 01:48:31,196 [stream_mixin.py] => [stream eval] completed 16 | CIL 14.99 | TIL 47.20 | TIL/task [51.27, 33.96, 40.53, 47.88, 43.68, 32.35, 30.64, 44.03, 37.61, 31.32, 58.25, 44.2, 52.67, 57.49, 64.31, 77.43]
2026-07-03 01:51:26,646 [stream_mixin.py] => [stream eval] completed 18 | CIL 13.99 | TIL 50.79 | TIL/task [50.32, 42.78, 34.55, 45.45, 44.77, 40.2, 32.66, 44.78, 44.9, 21.98, 53.33, 58.49, 49.79, 65.51, 63.46, 75.71, 59.17, 76.89]
2026-07-03 01:54:49,902 [stream_mixin.py] => [stream eval] completed 19 | CIL 14.24 | TIL 53.25 | TIL/task [50.95, 39.57, 40.2, 57.58, 52.71, 42.16, 31.31, 51.12, 50.73, 15.93, 57.89, 53.1, 53.5, 71.78, 65.44, 70.0, 49.58, 62.61, 82.87]
2026-07-03 01:56:37,235 [stream_mixin.py] => [stream eval] completed 20 | CIL 19.63 | TIL 61.75 | TIL/task [63.29, 63.64, 59.47, 61.21, 62.45, 47.71, 43.43, 57.84, 59.18, 24.18, 73.68, 53.37, 52.26, 73.17, 68.27, 71.71, 55.42, 57.98, 78.67, 92.42]
2026-07-03 01:56:37,236 [trainer.py] => [stream] completed-task checkpoints: [1, 3, 4, 6, 7, 9, 10, 12, 13, 15, 16, 18, 19, 20]
2026-07-03 01:56:37,236 [trainer.py] => [stream] CIL curve: [89.56, 73.16, 51.17, 50.58, 21.17, 36.02, 19.51, 19.81, 13.07, 17.45, 14.99, 13.99, 14.24, 19.63]
2026-07-03 01:56:37,236 [trainer.py] => [stream] TIL curve: [89.56, 89.4, 74.49, 75.58, 46.98, 71.19, 53.37, 52.05, 43.87, 54.6, 47.2, 50.79, 53.25, 61.75]
2026-07-03 01:56:37,236 [trainer.py] => [stream] FINAL  CIL 19.63 | TIL 61.75  (over 20 tasks)
