2026-07-03 04:43:11,412 [trainer.py] => config: ./exps/olora_inr20t_sample_flat_s1994.json
2026-07-03 04:43:11,412 [trainer.py] => dataset: imagenetr
2026-07-03 04:43:11,412 [trainer.py] => memory_size: 0
2026-07-03 04:43:11,412 [trainer.py] => memory_per_class: 0
2026-07-03 04:43:11,412 [trainer.py] => fixed_memory: False
2026-07-03 04:43:11,412 [trainer.py] => shuffle: True
2026-07-03 04:43:11,412 [trainer.py] => init_cls: 10
2026-07-03 04:43:11,412 [trainer.py] => increment: 10
2026-07-03 04:43:11,412 [trainer.py] => backbone_type: vit_base_patch16_224_lora
2026-07-03 04:43:11,412 [trainer.py] => device: [device(type='cuda', index=0)]
2026-07-03 04:43:11,412 [trainer.py] => seed: 1994
2026-07-03 04:43:11,412 [trainer.py] => scenario: both
2026-07-03 04:43:11,413 [trainer.py] => lora_rank: 8
2026-07-03 04:43:11,413 [trainer.py] => tuned_epoch: 10
2026-07-03 04:43:11,413 [trainer.py] => init_lr: 0.0003
2026-07-03 04:43:11,413 [trainer.py] => batch_size: 48
2026-07-03 04:43:11,413 [trainer.py] => weight_decay: 0.0005
2026-07-03 04:43:11,413 [trainer.py] => min_lr: 0.0
2026-07-03 04:43:11,413 [trainer.py] => pretrained: True
2026-07-03 04:43:11,413 [trainer.py] => print_forget: True
2026-07-03 04:43:11,413 [trainer.py] => model_name: olora
2026-07-03 04:43:11,413 [trainer.py] => lora_alpha: 32
2026-07-03 04:43:11,413 [trainer.py] => lora_merge: True
2026-07-03 04:43:11,413 [trainer.py] => lamda_1: 0.5
2026-07-03 04:43:11,413 [trainer.py] => lamda_2: 0.0
2026-07-03 04:43:11,413 [trainer.py] => prefix: inr20t_sample_flat
2026-07-03 04:43:11,413 [trainer.py] => boundary_mode: sample
2026-07-03 04:43:11,413 [trainer.py] => boundary_mult: 1.5
2026-07-03 04:43:11,413 [trainer.py] => lr_anneal: False
2026-07-03 04:43:11,494 [data_manager.py] => [85, 41, 23, 28, 70, 87, 134, 151, 51, 159, 178, 119, 50, 117, 73, 95, 86, 147, 63, 22, 79, 175, 40, 155, 174, 54, 132, 72, 124, 157, 93, 26, 196, 74, 44, 15, 169, 122, 88, 171, 184, 6, 18, 145, 48, 197, 64, 172, 126, 96, 11, 55, 193, 66, 128, 21, 77, 113, 140, 116, 141, 133, 120, 29, 115, 14, 103, 127, 114, 19, 9, 38, 33, 195, 81, 35, 69, 181, 47, 129, 112, 168, 198, 71, 101, 188, 68, 90, 158, 163, 52, 8, 185, 59, 154, 92, 56, 183, 32, 136, 65, 45, 46, 173, 189, 108, 102, 144, 0, 107, 187, 100, 98, 192, 43, 161, 104, 75, 150, 166, 121, 60, 160, 3, 143, 153, 62, 142, 61, 110, 194, 97, 25, 177, 179, 17, 49, 31, 94, 111, 16, 53, 91, 58, 135, 83, 2, 12, 13, 165, 42, 36, 186, 105, 1, 7, 149, 170, 27, 24, 78, 167, 137, 138, 118, 10, 139, 164, 20, 57, 123, 199, 89, 130, 82, 162, 176, 148, 109, 125, 67, 106, 37, 146, 131, 180, 156, 39, 5, 84, 4, 190, 152, 191, 30, 76, 80, 34, 99, 182]
2026-07-03 04:43:14,301 [stream_mixin.py] => [stream] adapter event every 15 global epochs (C=1.5 x 10 epochs); eval after each fold on completed tasks
2026-07-03 04:47:49,668 [stream_mixin.py] => [stream eval] completed  1 | CIL 79.78 | TIL 79.78 | TIL/task [79.78]
2026-07-03 04:51:43,213 [stream_mixin.py] => [stream eval] completed  3 | CIL 67.13 | TIL 89.22 | TIL/task [81.72, 93.12, 94.92]
2026-07-03 04:56:31,747 [stream_mixin.py] => [stream eval] completed  4 | CIL 54.82 | TIL 76.24 | TIL/task [60.39, 81.25, 77.73, 87.28]
2026-07-03 05:01:08,599 [stream_mixin.py] => [stream eval] completed  6 | CIL 54.52 | TIL 80.07 | TIL/task [56.51, 80.62, 76.17, 86.39, 87.82, 96.27]
2026-07-03 05:05:16,994 [stream_mixin.py] => [stream eval] completed  7 | CIL 36.69 | TIL 66.87 | TIL/task [56.23, 73.44, 63.67, 52.96, 67.63, 83.05, 75.69]
2026-07-03 05:10:01,158 [stream_mixin.py] => [stream eval] completed  9 | CIL 44.30 | TIL 72.64 | TIL/task [53.19, 79.06, 67.19, 58.28, 71.47, 86.1, 76.08, 82.55, 87.5]
2026-07-03 05:14:45,253 [stream_mixin.py] => [stream eval] completed 10 | CIL 23.92 | TIL 57.92 | TIL/task [46.26, 67.81, 39.06, 42.9, 55.77, 68.14, 62.35, 58.3, 67.57, 76.0]
2026-07-03 05:20:22,888 [stream_mixin.py] => [stream eval] completed 12 | CIL 26.86 | TIL 62.19 | TIL/task [46.26, 65.94, 51.95, 43.79, 49.36, 67.46, 55.29, 62.55, 68.58, 73.2, 74.26, 91.69]
2026-07-03 05:25:40,187 [stream_mixin.py] => [stream eval] completed 13 | CIL 19.61 | TIL 55.57 | TIL/task [42.38, 68.44, 47.66, 54.44, 48.72, 76.61, 39.61, 54.47, 63.18, 63.6, 65.07, 35.38, 68.03]
2026-07-03 05:31:48,627 [stream_mixin.py] => [stream eval] completed 15 | CIL 22.64 | TIL 62.83 | TIL/task [52.35, 77.5, 47.27, 50.59, 62.5, 74.24, 53.73, 56.17, 60.81, 68.0, 59.19, 49.23, 66.39, 75.24, 89.86]
2026-07-03 05:38:42,045 [stream_mixin.py] => [stream eval] completed 16 | CIL 13.70 | TIL 52.34 | TIL/task [34.35, 63.12, 47.66, 30.77, 47.12, 57.97, 40.0, 44.68, 44.26, 55.2, 59.19, 35.08, 70.49, 70.85, 61.54, 76.57]
2026-07-03 05:45:19,918 [stream_mixin.py] => [stream eval] completed 18 | CIL 17.36 | TIL 57.36 | TIL/task [35.46, 67.5, 46.09, 35.8, 50.0, 72.2, 50.98, 45.96, 51.69, 48.8, 58.82, 46.15, 72.13, 65.52, 70.63, 61.31, 72.73, 83.92]
2026-07-03 05:52:02,977 [stream_mixin.py] => [stream eval] completed 19 | CIL 7.05 | TIL 39.18 | TIL/task [19.94, 53.75, 43.36, 29.59, 38.14, 46.1, 23.92, 36.6, 36.82, 46.8, 44.12, 14.77, 29.92, 34.8, 36.36, 34.88, 53.85, 62.38, 67.05]
2026-07-03 05:55:41,509 [stream_mixin.py] => [stream eval] completed 20 | CIL 10.82 | TIL 46.25 | TIL/task [23.55, 60.31, 50.39, 34.62, 44.23, 52.2, 29.41, 43.4, 40.88, 49.2, 50.74, 16.62, 33.61, 39.5, 39.86, 40.33, 58.04, 62.38, 66.67, 91.64]
2026-07-03 05:55:41,510 [trainer.py] => [stream] completed-task checkpoints: [1, 3, 4, 6, 7, 9, 10, 12, 13, 15, 16, 18, 19, 20]
2026-07-03 05:55:41,510 [trainer.py] => [stream] CIL curve: [79.78, 67.13, 54.82, 54.52, 36.69, 44.3, 23.92, 26.86, 19.61, 22.64, 13.7, 17.36, 7.05, 10.82]
2026-07-03 05:55:41,510 [trainer.py] => [stream] TIL curve: [79.78, 89.22, 76.24, 80.07, 66.87, 72.64, 57.92, 62.19, 55.57, 62.83, 52.34, 57.36, 39.18, 46.25]
2026-07-03 05:55:41,510 [trainer.py] => [stream] FINAL  CIL 10.82 | TIL 46.25  (over 20 tasks)
