2026-07-01 08:13:27,330 [trainer.py] => config: ./exps/olora_inr20t_sample_s1995.json
2026-07-01 08:13:27,330 [trainer.py] => dataset: imagenetr
2026-07-01 08:13:27,330 [trainer.py] => memory_size: 0
2026-07-01 08:13:27,330 [trainer.py] => memory_per_class: 0
2026-07-01 08:13:27,330 [trainer.py] => fixed_memory: False
2026-07-01 08:13:27,331 [trainer.py] => shuffle: True
2026-07-01 08:13:27,331 [trainer.py] => init_cls: 10
2026-07-01 08:13:27,331 [trainer.py] => increment: 10
2026-07-01 08:13:27,331 [trainer.py] => backbone_type: vit_base_patch16_224_lora
2026-07-01 08:13:27,331 [trainer.py] => device: [device(type='cuda', index=0)]
2026-07-01 08:13:27,331 [trainer.py] => seed: 1995
2026-07-01 08:13:27,331 [trainer.py] => scenario: both
2026-07-01 08:13:27,331 [trainer.py] => lora_rank: 8
2026-07-01 08:13:27,331 [trainer.py] => n_lora_blocks: 3
2026-07-01 08:13:27,331 [trainer.py] => tuned_epoch: 10
2026-07-01 08:13:27,331 [trainer.py] => init_lr: 0.005
2026-07-01 08:13:27,331 [trainer.py] => batch_size: 48
2026-07-01 08:13:27,331 [trainer.py] => weight_decay: 0.0005
2026-07-01 08:13:27,331 [trainer.py] => min_lr: 0.0
2026-07-01 08:13:27,331 [trainer.py] => pretrained: True
2026-07-01 08:13:27,331 [trainer.py] => print_forget: True
2026-07-01 08:13:27,331 [trainer.py] => model_name: olora
2026-07-01 08:13:27,331 [trainer.py] => lora_alpha: 32
2026-07-01 08:13:27,331 [trainer.py] => lora_merge: True
2026-07-01 08:13:27,331 [trainer.py] => lamda_1: 0.5
2026-07-01 08:13:27,331 [trainer.py] => lamda_2: 0.0
2026-07-01 08:13:27,331 [trainer.py] => prefix: inr20t_sample
2026-07-01 08:13:27,331 [trainer.py] => boundary_mode: sample
2026-07-01 08:13:27,331 [trainer.py] => boundary_mult: 1.5
2026-07-01 08:13:27,412 [data_manager.py] => [146, 198, 169, 126, 142, 183, 108, 86, 79, 35, 112, 29, 0, 2, 59, 178, 143, 31, 147, 33, 123, 114, 194, 54, 138, 75, 158, 26, 131, 141, 180, 132, 22, 49, 116, 111, 24, 98, 107, 89, 151, 83, 185, 15, 27, 136, 65, 1, 82, 87, 99, 153, 47, 144, 145, 175, 155, 77, 191, 199, 46, 28, 76, 71, 93, 137, 5, 188, 187, 74, 103, 173, 18, 80, 88, 48, 109, 81, 91, 101, 43, 102, 61, 182, 3, 14, 40, 42, 167, 66, 57, 73, 135, 39, 45, 184, 161, 85, 148, 121, 8, 195, 21, 4, 106, 133, 118, 10, 176, 50, 36, 192, 162, 172, 96, 197, 20, 117, 140, 186, 92, 97, 44, 149, 13, 37, 170, 25, 181, 171, 23, 104, 189, 11, 159, 67, 94, 68, 55, 6, 150, 165, 120, 139, 72, 154, 115, 125, 53, 58, 16, 113, 41, 190, 174, 127, 110, 7, 38, 32, 95, 19, 196, 51, 78, 34, 122, 152, 119, 134, 129, 130, 128, 17, 30, 90, 124, 160, 100, 193, 12, 56, 64, 168, 105, 63, 177, 70, 60, 163, 9, 62, 156, 52, 84, 157, 69, 179, 166, 164]
2026-07-01 08:13:30,059 [stream_mixin.py] => [stream] adapter event every 15 global epochs (C=1.5 x 10 epochs); eval after each fold on completed tasks
2026-07-01 08:15:32,994 [stream_mixin.py] => [stream eval] completed  1 | CIL 23.96 | TIL 23.96 | TIL/task [23.96]
2026-07-01 08:17:40,925 [stream_mixin.py] => [stream eval] completed  3 | CIL 17.13 | TIL 33.30 | TIL/task [32.59, 33.02, 34.31]
2026-07-01 08:20:12,510 [stream_mixin.py] => [stream eval] completed  4 | CIL 8.10 | TIL 21.20 | TIL/task [10.22, 17.45, 22.22, 33.33]
2026-07-01 08:22:35,696 [stream_mixin.py] => [stream eval] completed  6 | CIL 4.84 | TIL 22.81 | TIL/task [8.31, 13.71, 21.9, 27.73, 25.84, 39.79]
2026-07-01 08:25:15,325 [stream_mixin.py] => [stream eval] completed  7 | CIL 3.83 | TIL 18.63 | TIL/task [10.86, 19.94, 19.93, 15.69, 22.75, 20.76, 20.28]
2026-07-01 08:27:24,056 [stream_mixin.py] => [stream eval] completed  9 | CIL 3.64 | TIL 20.23 | TIL/task [7.35, 19.94, 11.11, 11.48, 16.85, 18.69, 25.63, 38.03, 41.79]
2026-07-01 08:29:31,554 [stream_mixin.py] => [stream eval] completed 10 | CIL 1.74 | TIL 15.78 | TIL/task [10.22, 12.15, 14.71, 10.08, 17.7, 11.07, 27.61, 16.39, 13.93, 25.93]
2026-07-01 08:32:28,463 [stream_mixin.py] => [stream eval] completed 12 | CIL 1.80 | TIL 20.36 | TIL/task [9.58, 7.79, 15.36, 19.05, 24.44, 14.19, 22.25, 20.66, 18.91, 16.4, 33.68, 38.48]
2026-07-01 08:34:59,509 [stream_mixin.py] => [stream eval] completed 13 | CIL 1.69 | TIL 16.07 | TIL/task [15.97, 10.28, 20.26, 17.37, 19.66, 16.96, 14.65, 14.75, 6.47, 11.64, 19.65, 16.91, 20.55]
2026-07-01 08:37:49,483 [stream_mixin.py] => [stream eval] completed 15 | CIL 0.82 | TIL 14.58 | TIL/task [7.35, 11.53, 10.13, 19.61, 11.24, 7.27, 12.11, 11.8, 16.92, 13.76, 20.0, 18.95, 9.13, 19.22, 31.25]
2026-07-01 08:40:55,264 [stream_mixin.py] => [stream eval] completed 16 | CIL 0.92 | TIL 14.17 | TIL/task [5.75, 6.54, 12.75, 19.33, 12.64, 12.11, 9.01, 11.8, 17.91, 12.17, 23.51, 16.03, 10.05, 12.7, 19.92, 26.98]
2026-07-01 08:44:10,487 [stream_mixin.py] => [stream eval] completed 18 | CIL 1.80 | TIL 16.84 | TIL/task [12.14, 11.53, 19.61, 16.53, 17.42, 7.61, 8.17, 19.34, 15.92, 9.52, 18.25, 15.74, 9.13, 16.29, 12.5, 29.5, 26.79, 35.29]
2026-07-01 08:47:49,262 [stream_mixin.py] => [stream eval] completed 19 | CIL 0.84 | TIL 16.63 | TIL/task [12.46, 14.64, 8.5, 18.21, 21.91, 13.84, 9.86, 11.48, 16.92, 14.29, 25.26, 11.66, 9.13, 27.04, 14.45, 19.42, 15.89, 20.96, 27.6]
2026-07-01 08:49:40,384 [stream_mixin.py] => [stream eval] completed 20 | CIL 1.60 | TIL 18.65 | TIL/task [12.78, 10.28, 12.42, 16.53, 18.54, 11.76, 10.7, 12.46, 16.92, 11.64, 26.32, 15.74, 14.61, 28.99, 9.77, 27.34, 25.55, 22.79, 29.38, 34.71]
2026-07-01 08:49:40,385 [trainer.py] => [stream] completed-task checkpoints: [1, 3, 4, 6, 7, 9, 10, 12, 13, 15, 16, 18, 19, 20]
2026-07-01 08:49:40,385 [trainer.py] => [stream] CIL curve: [23.96, 17.13, 8.1, 4.84, 3.83, 3.64, 1.74, 1.8, 1.69, 0.82, 0.92, 1.8, 0.84, 1.6]
2026-07-01 08:49:40,385 [trainer.py] => [stream] TIL curve: [23.96, 33.3, 21.2, 22.81, 18.63, 20.23, 15.78, 20.36, 16.07, 14.58, 14.17, 16.84, 16.63, 18.65]
2026-07-01 08:49:40,385 [trainer.py] => [stream] FINAL  CIL 1.60 | TIL 18.65  (over 20 tasks)
2026-07-03 01:20:42,160 [trainer.py] => config: ./exps/olora_inr20t_sample_s1995.json
2026-07-03 01:20:42,160 [trainer.py] => dataset: imagenetr
2026-07-03 01:20:42,160 [trainer.py] => memory_size: 0
2026-07-03 01:20:42,160 [trainer.py] => memory_per_class: 0
2026-07-03 01:20:42,160 [trainer.py] => fixed_memory: False
2026-07-03 01:20:42,160 [trainer.py] => shuffle: True
2026-07-03 01:20:42,161 [trainer.py] => init_cls: 10
2026-07-03 01:20:42,161 [trainer.py] => increment: 10
2026-07-03 01:20:42,161 [trainer.py] => backbone_type: vit_base_patch16_224_lora
2026-07-03 01:20:42,161 [trainer.py] => device: [device(type='cuda', index=0)]
2026-07-03 01:20:42,161 [trainer.py] => seed: 1995
2026-07-03 01:20:42,161 [trainer.py] => scenario: both
2026-07-03 01:20:42,161 [trainer.py] => lora_rank: 8
2026-07-03 01:20:42,161 [trainer.py] => tuned_epoch: 10
2026-07-03 01:20:42,161 [trainer.py] => init_lr: 0.0003
2026-07-03 01:20:42,161 [trainer.py] => batch_size: 48
2026-07-03 01:20:42,161 [trainer.py] => weight_decay: 0.0005
2026-07-03 01:20:42,161 [trainer.py] => min_lr: 0.0
2026-07-03 01:20:42,161 [trainer.py] => pretrained: True
2026-07-03 01:20:42,161 [trainer.py] => print_forget: True
2026-07-03 01:20:42,161 [trainer.py] => model_name: olora
2026-07-03 01:20:42,161 [trainer.py] => lora_alpha: 32
2026-07-03 01:20:42,161 [trainer.py] => lora_merge: True
2026-07-03 01:20:42,161 [trainer.py] => lamda_1: 0.5
2026-07-03 01:20:42,161 [trainer.py] => lamda_2: 0.0
2026-07-03 01:20:42,161 [trainer.py] => prefix: inr20t_sample
2026-07-03 01:20:42,161 [trainer.py] => boundary_mode: sample
2026-07-03 01:20:42,161 [trainer.py] => boundary_mult: 1.5
2026-07-03 01:20:42,241 [data_manager.py] => [146, 198, 169, 126, 142, 183, 108, 86, 79, 35, 112, 29, 0, 2, 59, 178, 143, 31, 147, 33, 123, 114, 194, 54, 138, 75, 158, 26, 131, 141, 180, 132, 22, 49, 116, 111, 24, 98, 107, 89, 151, 83, 185, 15, 27, 136, 65, 1, 82, 87, 99, 153, 47, 144, 145, 175, 155, 77, 191, 199, 46, 28, 76, 71, 93, 137, 5, 188, 187, 74, 103, 173, 18, 80, 88, 48, 109, 81, 91, 101, 43, 102, 61, 182, 3, 14, 40, 42, 167, 66, 57, 73, 135, 39, 45, 184, 161, 85, 148, 121, 8, 195, 21, 4, 106, 133, 118, 10, 176, 50, 36, 192, 162, 172, 96, 197, 20, 117, 140, 186, 92, 97, 44, 149, 13, 37, 170, 25, 181, 171, 23, 104, 189, 11, 159, 67, 94, 68, 55, 6, 150, 165, 120, 139, 72, 154, 115, 125, 53, 58, 16, 113, 41, 190, 174, 127, 110, 7, 38, 32, 95, 19, 196, 51, 78, 34, 122, 152, 119, 134, 129, 130, 128, 17, 30, 90, 124, 160, 100, 193, 12, 56, 64, 168, 105, 63, 177, 70, 60, 163, 9, 62, 156, 52, 84, 157, 69, 179, 166, 164]
2026-07-03 01:20:45,449 [stream_mixin.py] => [stream] adapter event every 15 global epochs (C=1.5 x 10 epochs); eval after each fold on completed tasks
2026-07-03 01:22:50,102 [stream_mixin.py] => [stream eval] completed  1 | CIL 91.37 | TIL 91.37 | TIL/task [91.37]
2026-07-03 01:25:01,221 [stream_mixin.py] => [stream eval] completed  3 | CIL 61.06 | TIL 80.00 | TIL/task [80.83, 81.0, 78.1]
2026-07-03 01:27:35,942 [stream_mixin.py] => [stream eval] completed  4 | CIL 43.10 | TIL 70.39 | TIL/task [61.98, 71.96, 60.13, 85.15]
2026-07-03 01:30:02,012 [stream_mixin.py] => [stream eval] completed  6 | CIL 42.64 | TIL 73.69 | TIL/task [71.25, 71.96, 54.9, 78.71, 78.93, 85.47]
2026-07-03 01:32:44,939 [stream_mixin.py] => [stream eval] completed  7 | CIL 24.64 | TIL 56.29 | TIL/task [51.44, 45.79, 36.6, 66.67, 60.96, 46.37, 80.0]
2026-07-03 01:34:56,185 [stream_mixin.py] => [stream eval] completed  9 | CIL 26.69 | TIL 62.58 | TIL/task [60.7, 60.44, 45.1, 57.14, 68.54, 58.82, 60.85, 83.93, 70.65]
2026-07-03 01:37:06,583 [stream_mixin.py] => [stream eval] completed 10 | CIL 20.55 | TIL 52.17 | TIL/task [50.16, 54.21, 37.58, 62.18, 57.87, 55.02, 41.41, 49.51, 35.82, 83.6]
2026-07-03 01:40:07,531 [stream_mixin.py] => [stream eval] completed 12 | CIL 20.66 | TIL 59.36 | TIL/task [71.57, 40.19, 33.66, 54.06, 61.24, 54.67, 58.03, 65.9, 44.78, 62.96, 76.84, 84.26]
2026-07-03 01:42:41,656 [stream_mixin.py] => [stream eval] completed 13 | CIL 11.98 | TIL 48.09 | TIL/task [56.55, 40.5, 29.41, 48.18, 50.84, 39.79, 45.63, 46.56, 36.82, 34.39, 58.25, 63.27, 70.78]
2026-07-03 01:45:35,627 [stream_mixin.py] => [stream eval] completed 15 | CIL 14.15 | TIL 54.07 | TIL/task [62.62, 40.5, 26.8, 45.66, 57.3, 38.41, 52.68, 57.05, 36.82, 59.26, 62.81, 58.02, 58.45, 78.18, 78.52]
2026-07-03 01:48:46,770 [stream_mixin.py] => [stream eval] completed 16 | CIL 9.17 | TIL 45.49 | TIL/task [64.86, 31.78, 19.93, 42.86, 32.3, 34.6, 39.72, 45.57, 24.38, 39.15, 66.67, 46.65, 38.81, 48.86, 60.16, 91.01]
2026-07-03 01:52:07,872 [stream_mixin.py] => [stream eval] completed 18 | CIL 7.93 | TIL 48.09 | TIL/task [70.61, 41.43, 25.16, 41.18, 26.97, 34.95, 35.21, 38.03, 25.87, 29.1, 54.74, 41.11, 53.42, 46.58, 55.47, 84.89, 83.49, 77.21]
2026-07-03 01:55:55,370 [stream_mixin.py] => [stream eval] completed 19 | CIL 7.49 | TIL 37.36 | TIL/task [63.58, 21.5, 24.84, 33.33, 12.92, 13.84, 26.76, 27.87, 14.43, 26.98, 36.84, 29.45, 45.21, 26.71, 48.83, 69.78, 58.26, 50.74, 75.96]
2026-07-03 01:57:49,756 [stream_mixin.py] => [stream eval] completed 20 | CIL 14.55 | TIL 50.88 | TIL/task [80.51, 38.32, 33.66, 45.94, 30.06, 20.76, 34.08, 41.64, 18.91, 49.74, 56.49, 41.69, 47.95, 45.28, 55.47, 77.7, 68.54, 59.19, 74.78, 91.08]
2026-07-03 01:57:49,756 [trainer.py] => [stream] completed-task checkpoints: [1, 3, 4, 6, 7, 9, 10, 12, 13, 15, 16, 18, 19, 20]
2026-07-03 01:57:49,756 [trainer.py] => [stream] CIL curve: [91.37, 61.06, 43.1, 42.64, 24.64, 26.69, 20.55, 20.66, 11.98, 14.15, 9.17, 7.93, 7.49, 14.55]
2026-07-03 01:57:49,756 [trainer.py] => [stream] TIL curve: [91.37, 80.0, 70.39, 73.69, 56.29, 62.58, 52.17, 59.36, 48.09, 54.07, 45.49, 48.09, 37.36, 50.88]
2026-07-03 01:57:49,756 [trainer.py] => [stream] FINAL  CIL 14.55 | TIL 50.88  (over 20 tasks)
