2026-07-20 01:03:06,648 [trainer.py] => config: exps/review/fifty_task_check/cifar224_sketchlora.json
2026-07-20 01:03:06,648 [trainer.py] => dataset: cifar224
2026-07-20 01:03:06,648 [trainer.py] => memory_size: 0
2026-07-20 01:03:06,648 [trainer.py] => memory_per_class: 0
2026-07-20 01:03:06,649 [trainer.py] => fixed_memory: False
2026-07-20 01:03:06,649 [trainer.py] => shuffle: True
2026-07-20 01:03:06,649 [trainer.py] => init_cls: 2
2026-07-20 01:03:06,649 [trainer.py] => increment: 2
2026-07-20 01:03:06,649 [trainer.py] => seed: 1993
2026-07-20 01:03:06,649 [trainer.py] => scenario: cil
2026-07-20 01:03:06,649 [trainer.py] => pretrained: True
2026-07-20 01:03:06,649 [trainer.py] => print_forget: True
2026-07-20 01:03:06,649 [trainer.py] => final_metrics: True
2026-07-20 01:03:06,649 [trainer.py] => backbone_type: vit_base_patch16_224_lora
2026-07-20 01:03:06,649 [trainer.py] => lora_rank: 8
2026-07-20 01:03:06,649 [trainer.py] => lora_alpha: 32
2026-07-20 01:03:06,649 [trainer.py] => tuned_epoch: 10
2026-07-20 01:03:06,649 [trainer.py] => init_lr: 0.0003
2026-07-20 01:03:06,649 [trainer.py] => batch_size: 48
2026-07-20 01:03:06,649 [trainer.py] => weight_decay: 0.0005
2026-07-20 01:03:06,649 [trainer.py] => min_lr: 0.0
2026-07-20 01:03:06,649 [trainer.py] => model_name: sketchlora
2026-07-20 01:03:06,649 [trainer.py] => lora_merge: True
2026-07-20 01:03:06,649 [trainer.py] => lora_train_merge: True
2026-07-20 01:03:06,649 [trainer.py] => svd_rank: 8
2026-07-20 01:03:06,649 [trainer.py] => svd_oversampling: 10
2026-07-20 01:03:06,649 [trainer.py] => svd_energy_target: 0.01
2026-07-20 01:03:06,649 [trainer.py] => lora_n_slots: 2
2026-07-20 01:03:06,649 [trainer.py] => device: [device(type='cuda', index=0)]
2026-07-20 01:03:06,650 [trainer.py] => prefix: fifty_task_check_cifar224_sketchlora
2026-07-20 01:03:06,650 [trainer.py] => stop_after_tasks: 5
2026-07-20 01:03:08,334 [data_manager.py] => [68, 56, 78, 8, 23, 84, 90, 65, 74, 76, 40, 89, 3, 92, 55, 9, 26, 80, 43, 38, 58, 70, 77, 1, 85, 19, 17, 50, 28, 53, 13, 81, 45, 82, 6, 59, 83, 16, 15, 44, 91, 41, 72, 60, 79, 52, 20, 10, 31, 54, 37, 95, 14, 71, 96, 98, 97, 2, 64, 66, 42, 22, 35, 86, 24, 34, 87, 21, 99, 0, 88, 27, 18, 94, 11, 12, 47, 25, 30, 46, 62, 69, 36, 61, 7, 63, 75, 5, 32, 4, 51, 48, 73, 93, 39, 67, 29, 49, 57, 33]
2026-07-20 01:03:10,988 [trainer.py] => stop_after_tasks=5 (of 50 total)
2026-07-20 01:03:11,788 [trainer.py] => All params: 86388480
2026-07-20 01:03:11,789 [trainer.py] => Trainable params: 589824
2026-07-20 01:03:11,790 [lora.py] => Learning on 0-2
2026-07-20 01:03:11,792 [lora.py] => Trainable params this task: 296,450 / 86,390,018
2026-07-20 01:04:19,787 [lora.py] => Task 0 finished. Train_accy 97.60
2026-07-20 01:04:22,586 [sketchlora.py] => [SketchDiag] task 0: retained-energy mean=0.998 min=0.991 | ||ΔW||_F mean=0.148 | r_hat mean=7.7 total=184
2026-07-20 01:04:23,886 [trainer.py] => No NME accuracy.
2026-07-20 01:04:23,886 [trainer.py] => CNN: {'total': 100.0, '00-01': 100.0, 'old': 0, 'new': 100.0}
2026-07-20 01:04:23,886 [trainer.py] => CNN top1 curve: [100.0]
2026-07-20 01:04:23,886 [trainer.py] => CNN top5 curve: [100.0]

2026-07-20 01:04:23,886 [trainer.py] => Average Accuracy (CNN): 100.0 

2026-07-20 01:04:23,888 [trainer.py] => All params: 86377730
2026-07-20 01:04:23,889 [trainer.py] => Trainable params: 296450
2026-07-20 01:04:23,890 [lora.py] => Learning on 2-4
2026-07-20 01:04:23,893 [lora.py] => Trainable params this task: 297,988 / 86,379,268
2026-07-20 01:05:31,856 [lora.py] => Task 1 finished. Train_accy 98.10
2026-07-20 01:05:34,467 [sketchlora.py] => [SketchDiag] task 1: retained-energy mean=0.995 min=0.990 | ||ΔW||_F mean=0.207 | r_hat mean=14.5 total=349
2026-07-20 01:05:36,409 [trainer.py] => No NME accuracy.
2026-07-20 01:05:36,409 [trainer.py] => CNN: {'total': 97.25, '00-01': 95.5, '02-03': 99.0, 'old': 95.5, 'new': 99.0}
2026-07-20 01:05:36,409 [trainer.py] => CNN top1 curve: [100.0, 97.25]
2026-07-20 01:05:36,410 [trainer.py] => CNN top5 curve: [100.0, 100.25]

2026-07-20 01:05:36,410 [trainer.py] => Average Accuracy (CNN): 98.625 

2026-07-20 01:05:36,411 [trainer.py] => All params: 86632708
2026-07-20 01:05:36,412 [trainer.py] => Trainable params: 297988
2026-07-20 01:05:36,413 [lora.py] => Learning on 4-6
2026-07-20 01:05:36,417 [lora.py] => Trainable params this task: 299,526 / 86,634,246
2026-07-20 01:06:44,640 [lora.py] => Task 2 finished. Train_accy 99.50
2026-07-20 01:06:47,497 [sketchlora.py] => [SketchDiag] task 2: retained-energy mean=0.993 min=0.990 | ||ΔW||_F mean=0.251 | r_hat mean=20.6 total=494
2026-07-20 01:06:50,017 [trainer.py] => No NME accuracy.
2026-07-20 01:06:50,018 [trainer.py] => CNN: {'total': 95.33, '00-01': 95.0, '02-03': 96.0, '04-05': 95.0, 'old': 95.5, 'new': 95.0}
2026-07-20 01:06:50,018 [trainer.py] => CNN top1 curve: [100.0, 97.25, 95.33]
2026-07-20 01:06:50,018 [trainer.py] => CNN top5 curve: [100.0, 100.25, 100.0]

2026-07-20 01:06:50,018 [trainer.py] => Average Accuracy (CNN): 97.52666666666666 

2026-07-20 01:06:50,018 [trainer.py] => All params: 86856966
2026-07-20 01:06:50,019 [trainer.py] => Trainable params: 299526
2026-07-20 01:06:50,020 [lora.py] => Learning on 6-8
2026-07-20 01:06:50,022 [lora.py] => Trainable params this task: 301,064 / 86,858,504
2026-07-20 01:07:58,029 [lora.py] => Task 3 finished. Train_accy 98.10
2026-07-20 01:08:01,031 [sketchlora.py] => [SketchDiag] task 3: retained-energy mean=0.992 min=0.990 | ||ΔW||_F mean=0.294 | r_hat mean=26.1 total=627
2026-07-20 01:08:04,181 [trainer.py] => No NME accuracy.
2026-07-20 01:08:04,181 [trainer.py] => CNN: {'total': 95.25, '00-01': 95.5, '02-03': 97.0, '04-05': 90.5, '06-07': 98.0, 'old': 94.33, 'new': 98.0}
2026-07-20 01:08:04,181 [trainer.py] => CNN top1 curve: [100.0, 97.25, 95.33, 95.25]
2026-07-20 01:08:04,181 [trainer.py] => CNN top5 curve: [100.0, 100.25, 100.0, 100.0]

2026-07-20 01:08:04,181 [trainer.py] => Average Accuracy (CNN): 96.9575 

2026-07-20 01:08:04,183 [trainer.py] => All params: 87062792
2026-07-20 01:08:04,184 [trainer.py] => Trainable params: 301064
2026-07-20 01:08:04,186 [lora.py] => Learning on 8-10
2026-07-20 01:08:04,190 [lora.py] => Trainable params this task: 302,602 / 87,064,330
2026-07-20 01:09:12,640 [lora.py] => Task 4 finished. Train_accy 99.20
2026-07-20 01:09:15,673 [sketchlora.py] => [SketchDiag] task 4: retained-energy mean=0.992 min=0.990 | ||ΔW||_F mean=0.325 | r_hat mean=31.1 total=746
2026-07-20 01:09:19,450 [trainer.py] => No NME accuracy.
2026-07-20 01:09:19,451 [trainer.py] => CNN: {'total': 91.3, '00-01': 90.5, '02-03': 95.0, '04-05': 87.0, '06-07': 97.5, '08-09': 86.5, 'old': 92.5, 'new': 86.5}
2026-07-20 01:09:19,451 [trainer.py] => CNN top1 curve: [100.0, 97.25, 95.33, 95.25, 91.3]
2026-07-20 01:09:19,451 [trainer.py] => CNN top5 curve: [100.0, 100.25, 100.0, 100.0, 99.6]

2026-07-20 01:09:19,451 [trainer.py] => Average Accuracy (CNN): 95.826 

2026-07-20 01:09:22,237 [metrics_logger.py] => [metrics] wrote run_logs/final/sketchlora/metrics_sketchlora_cifar224_fifty_task_check_cifar224_sketchlora_s1993.json
2026-07-20 01:09:22,238 [trainer.py] => Forgetting (CNN): 5.5
2026-07-20 01:09:22,238 [trainer.py] => Forgetting (NME): 5.5
