==== epssweep start (waiting for GPUs 0/1/2 to free) Wed 01 Jul 2026 22:32:55 NZST ====
==== [gpu 2] claimed for seed 1995 Wed 01 Jul 2026 22:32:55 NZST ====
==== START [gpu 2] svdlora_inr20t_task_eps0150_s1995 Wed 01 Jul 2026 22:32:55 NZST ====
==== [gpu 1] claimed for seed 1994 Wed 01 Jul 2026 22:32:55 NZST ====
==== START [gpu 1] svdlora_inr20t_task_eps0150_s1994 Wed 01 Jul 2026 22:32:55 NZST ====
==== [gpu 0] claimed for seed 1993 Wed 01 Jul 2026 22:32:55 NZST ====
==== START [gpu 0] svdlora_inr20t_task_eps0150_s1993 Wed 01 Jul 2026 22:32:55 NZST ====
==== DONE  [gpu 0] svdlora_inr20t_task_eps0150_s1993 Wed 01 Jul 2026 23:09:10 NZST ====
==== START [gpu 0] svdlora_inr20t_task_eps0175_s1993 Wed 01 Jul 2026 23:09:10 NZST ====
==== DONE  [gpu 2] svdlora_inr20t_task_eps0150_s1995 Wed 01 Jul 2026 23:09:39 NZST ====
==== START [gpu 2] svdlora_inr20t_task_eps0175_s1995 Wed 01 Jul 2026 23:09:39 NZST ====
==== DONE  [gpu 1] svdlora_inr20t_task_eps0150_s1994 Wed 01 Jul 2026 23:09:54 NZST ====
==== START [gpu 1] svdlora_inr20t_task_eps0175_s1994 Wed 01 Jul 2026 23:09:54 NZST ====
==== DONE  [gpu 0] svdlora_inr20t_task_eps0175_s1993 Wed 01 Jul 2026 23:45:32 NZST ====
==== START [gpu 0] svdlora_inr20t_task_eps0200_s1993 Wed 01 Jul 2026 23:45:32 NZST ====
==== DONE  [gpu 2] svdlora_inr20t_task_eps0175_s1995 Wed 01 Jul 2026 23:46:32 NZST ====
==== START [gpu 2] svdlora_inr20t_task_eps0200_s1995 Wed 01 Jul 2026 23:46:32 NZST ====
==== DONE  [gpu 1] svdlora_inr20t_task_eps0175_s1994 Wed 01 Jul 2026 23:47:09 NZST ====
==== START [gpu 1] svdlora_inr20t_task_eps0200_s1994 Wed 01 Jul 2026 23:47:09 NZST ====
==== DONE  [gpu 0] svdlora_inr20t_task_eps0200_s1993 Thu 02 Jul 2026 00:22:01 NZST ====
==== DONE  [gpu 2] svdlora_inr20t_task_eps0200_s1995 Thu 02 Jul 2026 00:23:35 NZST ====
==== DONE  [gpu 1] svdlora_inr20t_task_eps0200_s1994 Thu 02 Jul 2026 00:24:35 NZST ====
ALL IMAGENET-R SVD EPS-SWEEP2 RUNS COMPLETE Thu 02 Jul 2026 00:24:35 NZST
