==== lrsweep start: 18 runs Mon 06 Jul 2026 17:06:58 NZST ====
==== START svdlora_omni1k_100t_smoke_lr8e4 Mon 06 Jul 2026 17:06:58 NZST ====
==== DONE  svdlora_omni1k_100t_smoke_lr8e4 Mon 06 Jul 2026 17:27:43 NZST ====
==== START seqlora_omni1k_100t_smoke_lr8e4 Mon 06 Jul 2026 17:27:43 NZST ====
==== DONE  seqlora_omni1k_100t_smoke_lr8e4 Mon 06 Jul 2026 17:47:28 NZST ====
==== START svdlora_omni1k_100t_smoke_lr5e4 Mon 06 Jul 2026 17:47:28 NZST ====
==== DONE  svdlora_omni1k_100t_smoke_lr5e4 Mon 06 Jul 2026 18:08:19 NZST ====
==== START seqlora_omni1k_100t_smoke_lr5e4 Mon 06 Jul 2026 18:08:19 NZST ====
==== DONE  seqlora_omni1k_100t_smoke_lr5e4 Mon 06 Jul 2026 18:28:09 NZST ====
==== START seqlora_omni1k_100t_smoke_lr3e4 Mon 06 Jul 2026 18:28:09 NZST ====
==== DONE  seqlora_omni1k_100t_smoke_lr3e4 Mon 06 Jul 2026 18:47:59 NZST ====
==== START svdlora_omni1k_100t_smoke_lr1e4 Mon 06 Jul 2026 18:47:59 NZST ====
==== DONE  svdlora_omni1k_100t_smoke_lr1e4 Mon 06 Jul 2026 19:08:53 NZST ====
==== START seqlora_omni1k_100t_smoke_lr1e4 Mon 06 Jul 2026 19:08:53 NZST ====
==== DONE  seqlora_omni1k_100t_smoke_lr1e4 Mon 06 Jul 2026 19:28:46 NZST ====
==== START svdlora_omni1k_100t_smoke_lr8e5 Mon 06 Jul 2026 19:28:46 NZST ====
==== DONE  svdlora_omni1k_100t_smoke_lr8e5 Mon 06 Jul 2026 19:49:41 NZST ====
==== START seqlora_omni1k_100t_smoke_lr8e5 Mon 06 Jul 2026 19:49:41 NZST ====
==== DONE  seqlora_omni1k_100t_smoke_lr8e5 Mon 06 Jul 2026 20:09:34 NZST ====
==== START svdlora_omni1k_50t_smoke_lr8e4 Mon 06 Jul 2026 20:09:34 NZST ====
==== START svdlora_omni1k_100t_smoke_lr6e4 Mon 06 Jul 2026 20:18:39 NZST ====
==== DONE  svdlora_omni1k_100t_smoke_lr6e4 Mon 06 Jul 2026 20:39:34 NZST ====
==== START seqlora_omni1k_100t_smoke_lr1e3 Mon 06 Jul 2026 20:39:34 NZST ====
==== DONE  seqlora_omni1k_100t_smoke_lr1e3 Mon 06 Jul 2026 20:59:20 NZST ====
==== START svdlora_omni1k_50t_smoke_lr6e4 Mon 06 Jul 2026 20:59:20 NZST ====
==== DONE  svdlora_omni1k_50t_smoke_lr6e4 Mon 06 Jul 2026 21:17:55 NZST ====
==== START seqlora_omni1k_50t_smoke_lr1e3 Mon 06 Jul 2026 21:17:55 NZST ====
==== DONE  seqlora_omni1k_50t_smoke_lr1e3 Mon 06 Jul 2026 21:35:46 NZST ====
REFINEMENT RUNS COMPLETE Mon 06 Jul 2026 21:35:46 NZST
