2026-06-29 16:58:14,440 [trainer.py] => config: ./exps/smoke_seqlora_stream.json
2026-06-29 16:58:14,440 [trainer.py] => prefix: smoke
2026-06-29 16:58:14,440 [trainer.py] => dataset: cifar224
2026-06-29 16:58:14,440 [trainer.py] => memory_size: 0
2026-06-29 16:58:14,440 [trainer.py] => memory_per_class: 0
2026-06-29 16:58:14,440 [trainer.py] => fixed_memory: False
2026-06-29 16:58:14,440 [trainer.py] => shuffle: True
2026-06-29 16:58:14,440 [trainer.py] => init_cls: 50
2026-06-29 16:58:14,440 [trainer.py] => increment: 50
2026-06-29 16:58:14,440 [trainer.py] => backbone_type: vit_base_patch16_224_lora
2026-06-29 16:58:14,440 [trainer.py] => device: [device(type='cuda', index=0)]
2026-06-29 16:58:14,440 [trainer.py] => seed: 1993
2026-06-29 16:58:14,440 [trainer.py] => scenario: both
2026-06-29 16:58:14,440 [trainer.py] => lora_rank: 10
2026-06-29 16:58:14,440 [trainer.py] => n_lora_blocks: 3
2026-06-29 16:58:14,440 [trainer.py] => tuned_epoch: 2
2026-06-29 16:58:14,440 [trainer.py] => init_lr: 0.005
2026-06-29 16:58:14,440 [trainer.py] => batch_size: 48
2026-06-29 16:58:14,440 [trainer.py] => weight_decay: 0.0005
2026-06-29 16:58:14,440 [trainer.py] => min_lr: 0.0
2026-06-29 16:58:14,440 [trainer.py] => pretrained: True
2026-06-29 16:58:14,440 [trainer.py] => print_forget: True
2026-06-29 16:58:14,440 [trainer.py] => boundary_mode: sample
2026-06-29 16:58:14,440 [trainer.py] => boundary_mult: 1.5
2026-06-29 16:58:14,441 [trainer.py] => model_name: seqlora
2026-06-29 16:58:14,441 [trainer.py] => lora_merge: False
Files already downloaded and verified
Files already downloaded and verified
2026-06-29 16:58:16,070 [data_manager.py] => [68, 56, 78, 8, 23, 84, 90, 65, 74, 76, 40, 89, 3, 92, 55, 9, 26, 80, 43, 38, 58, 70, 77, 1, 85, 19, 17, 50, 28, 53, 13, 81, 45, 82, 6, 59, 83, 16, 15, 44, 91, 41, 72, 60, 79, 52, 20, 10, 31, 54, 37, 95, 14, 71, 96, 98, 97, 2, 64, 66, 42, 22, 35, 86, 24, 34, 87, 21, 99, 0, 88, 27, 18, 94, 11, 12, 47, 25, 30, 46, 62, 69, 36, 61, 7, 63, 75, 5, 32, 4, 51, 48, 73, 93, 39, 67, 29, 49, 57, 33]
/home/gmar762/research/continuous_learning/svd_sketching_vision/LAMDA-PILOT/models/base.py:8: UserWarning: A NumPy version >=1.23.5 and <2.3.0 is required for this version of SciPy (detected version 2.4.6)
  from scipy.spatial.distance import cdist
This is for the BaseNet initialization.
I'm using ViT with per-task LoRA (q,v).
_IncompatibleKeys(missing_keys=['blocks.0.attn.lora_A_q.0.weight', 'blocks.0.attn.lora_A_q.1.weight', 'blocks.0.attn.lora_B_q.0.weight', 'blocks.0.attn.lora_B_q.1.weight', 'blocks.0.attn.lora_A_v.0.weight', 'blocks.0.attn.lora_A_v.1.weight', 'blocks.0.attn.lora_B_v.0.weight', 'blocks.0.attn.lora_B_v.1.weight', 'blocks.1.attn.lora_A_q.0.weight', 'blocks.1.attn.lora_A_q.1.weight', 'blocks.1.attn.lora_B_q.0.weight', 'blocks.1.attn.lora_B_q.1.weight', 'blocks.1.attn.lora_A_v.0.weight', 'blocks.1.attn.lora_A_v.1.weight', 'blocks.1.attn.lora_B_v.0.weight', 'blocks.1.attn.lora_B_v.1.weight', 'blocks.2.attn.lora_A_q.0.weight', 'blocks.2.attn.lora_A_q.1.weight', 'blocks.2.attn.lora_B_q.0.weight', 'blocks.2.attn.lora_B_q.1.weight', 'blocks.2.attn.lora_A_v.0.weight', 'blocks.2.attn.lora_A_v.1.weight', 'blocks.2.attn.lora_B_v.0.weight', 'blocks.2.attn.lora_B_v.1.weight', 'blocks.3.attn.lora_A_q.0.weight', 'blocks.3.attn.lora_A_q.1.weight', 'blocks.3.attn.lora_B_q.0.weight', 'blocks.3.attn.lora_B_q.1.weight', 'blocks.3.attn.lora_A_v.0.weight', 'blocks.3.attn.lora_A_v.1.weight', 'blocks.3.attn.lora_B_v.0.weight', 'blocks.3.attn.lora_B_v.1.weight', 'blocks.4.attn.lora_A_q.0.weight', 'blocks.4.attn.lora_A_q.1.weight', 'blocks.4.attn.lora_B_q.0.weight', 'blocks.4.attn.lora_B_q.1.weight', 'blocks.4.attn.lora_A_v.0.weight', 'blocks.4.attn.lora_A_v.1.weight', 'blocks.4.attn.lora_B_v.0.weight', 'blocks.4.attn.lora_B_v.1.weight', 'blocks.5.attn.lora_A_q.0.weight', 'blocks.5.attn.lora_A_q.1.weight', 'blocks.5.attn.lora_B_q.0.weight', 'blocks.5.attn.lora_B_q.1.weight', 'blocks.5.attn.lora_A_v.0.weight', 'blocks.5.attn.lora_A_v.1.weight', 'blocks.5.attn.lora_B_v.0.weight', 'blocks.5.attn.lora_B_v.1.weight', 'blocks.6.attn.lora_A_q.0.weight', 'blocks.6.attn.lora_A_q.1.weight', 'blocks.6.attn.lora_B_q.0.weight', 'blocks.6.attn.lora_B_q.1.weight', 'blocks.6.attn.lora_A_v.0.weight', 'blocks.6.attn.lora_A_v.1.weight', 'blocks.6.attn.lora_B_v.0.weight', 'blocks.6.attn.lora_B_v.1.weight', 'blocks.7.attn.lora_A_q.0.weight', 'blocks.7.attn.lora_A_q.1.weight', 'blocks.7.attn.lora_B_q.0.weight', 'blocks.7.attn.lora_B_q.1.weight', 'blocks.7.attn.lora_A_v.0.weight', 'blocks.7.attn.lora_A_v.1.weight', 'blocks.7.attn.lora_B_v.0.weight', 'blocks.7.attn.lora_B_v.1.weight', 'blocks.8.attn.lora_A_q.0.weight', 'blocks.8.attn.lora_A_q.1.weight', 'blocks.8.attn.lora_B_q.0.weight', 'blocks.8.attn.lora_B_q.1.weight', 'blocks.8.attn.lora_A_v.0.weight', 'blocks.8.attn.lora_A_v.1.weight', 'blocks.8.attn.lora_B_v.0.weight', 'blocks.8.attn.lora_B_v.1.weight', 'blocks.9.attn.lora_A_q.0.weight', 'blocks.9.attn.lora_A_q.1.weight', 'blocks.9.attn.lora_B_q.0.weight', 'blocks.9.attn.lora_B_q.1.weight', 'blocks.9.attn.lora_A_v.0.weight', 'blocks.9.attn.lora_A_v.1.weight', 'blocks.9.attn.lora_B_v.0.weight', 'blocks.9.attn.lora_B_v.1.weight', 'blocks.10.attn.lora_A_q.0.weight', 'blocks.10.attn.lora_A_q.1.weight', 'blocks.10.attn.lora_B_q.0.weight', 'blocks.10.attn.lora_B_q.1.weight', 'blocks.10.attn.lora_A_v.0.weight', 'blocks.10.attn.lora_A_v.1.weight', 'blocks.10.attn.lora_B_v.0.weight', 'blocks.10.attn.lora_B_v.1.weight', 'blocks.11.attn.lora_A_q.0.weight', 'blocks.11.attn.lora_A_q.1.weight', 'blocks.11.attn.lora_B_q.0.weight', 'blocks.11.attn.lora_B_q.1.weight', 'blocks.11.attn.lora_A_v.0.weight', 'blocks.11.attn.lora_A_v.1.weight', 'blocks.11.attn.lora_B_v.0.weight', 'blocks.11.attn.lora_B_v.1.weight'], unexpected_keys=[])
After BaseNet initialization.
2026-06-29 16:58:18,553 [stream_mixin.py] => [stream] adapter event every 3 global epochs (C=1.5 x 2 epochs); eval after each fold on completed tasks
2026-06-29 17:05:58,209 [stream_mixin.py] => [stream eval] completed  1 | CIL 3.10 | TIL 3.10 | TIL/task [3.1]
2026-06-29 17:09:16,028 [stream_mixin.py] => [stream eval] completed  2 | CIL 81.50 | TIL 87.44 | TIL/task [88.38, 86.5]
2026-06-29 17:09:16,029 [trainer.py] => [stream] completed-task checkpoints: [1, 2]
2026-06-29 17:09:16,029 [trainer.py] => [stream] CIL curve: [3.1, 81.5]
2026-06-29 17:09:16,029 [trainer.py] => [stream] TIL curve: [3.1, 87.44]
2026-06-29 17:09:16,029 [trainer.py] => [stream] FINAL  CIL 81.50 | TIL 87.44  (over 2 tasks)
[stream] checkpoints (completed tasks): [1, 2]
[stream] CIL: [3.1, 81.5]
[stream] TIL: [3.1, 87.44]
[stream] FINAL CIL 81.50 | TIL 87.44
[stream] wrote run_logs/stream_seqlora_smoke_s1993.json
