2026-07-19 23:53:33,257 [trainer.py] => config: exps/review/budget250mb_check/imagenetr_inflora.json
2026-07-19 23:53:33,257 [trainer.py] => dataset: imagenetr
2026-07-19 23:53:33,257 [trainer.py] => memory_size: 0
2026-07-19 23:53:33,257 [trainer.py] => memory_per_class: 0
2026-07-19 23:53:33,257 [trainer.py] => fixed_memory: False
2026-07-19 23:53:33,257 [trainer.py] => shuffle: True
2026-07-19 23:53:33,257 [trainer.py] => init_cls: 10
2026-07-19 23:53:33,258 [trainer.py] => increment: 10
2026-07-19 23:53:33,258 [trainer.py] => seed: 1993
2026-07-19 23:53:33,258 [trainer.py] => scenario: cil
2026-07-19 23:53:33,258 [trainer.py] => pretrained: True
2026-07-19 23:53:33,258 [trainer.py] => print_forget: True
2026-07-19 23:53:33,258 [trainer.py] => backbone_type: vit_base_patch16_224_lora
2026-07-19 23:53:33,258 [trainer.py] => lora_rank: 8
2026-07-19 23:53:33,258 [trainer.py] => lora_alpha: 32
2026-07-19 23:53:33,258 [trainer.py] => tuned_epoch: 10
2026-07-19 23:53:33,258 [trainer.py] => init_lr: 0.0003
2026-07-19 23:53:33,258 [trainer.py] => batch_size: 48
2026-07-19 23:53:33,258 [trainer.py] => weight_decay: 0.0005
2026-07-19 23:53:33,258 [trainer.py] => min_lr: 0.0
2026-07-19 23:53:33,258 [trainer.py] => model_name: inflora
2026-07-19 23:53:33,258 [trainer.py] => lora_merge: True
2026-07-19 23:53:33,258 [trainer.py] => lamb: 0.95
2026-07-19 23:53:33,258 [trainer.py] => lame: 1.0
2026-07-19 23:53:33,258 [trainer.py] => device: [device(type='cuda', index=0)]
2026-07-19 23:53:33,258 [trainer.py] => prefix: budget250mb_check_imagenetr_inflora
2026-07-19 23:53:33,258 [trainer.py] => boundary_mode: sample
2026-07-19 23:53:33,258 [trainer.py] => stream_budget_mb: 250
2026-07-19 23:53:33,258 [trainer.py] => stop_after_tasks: 5
2026-07-19 23:53:33,346 [data_manager.py] => [168, 136, 51, 9, 183, 101, 171, 99, 42, 159, 191, 70, 16, 188, 27, 10, 175, 26, 68, 187, 98, 6, 85, 35, 112, 43, 100, 0, 103, 181, 88, 59, 4, 2, 116, 174, 94, 80, 106, 1, 147, 17, 141, 131, 72, 23, 173, 54, 197, 118, 87, 32, 79, 104, 91, 19, 135, 107, 178, 36, 11, 199, 142, 8, 122, 3, 28, 57, 153, 172, 190, 56, 49, 44, 97, 62, 151, 169, 194, 55, 192, 12, 189, 78, 66, 180, 15, 137, 109, 134, 92, 119, 126, 52, 170, 40, 148, 65, 144, 64, 138, 45, 77, 89, 154, 90, 71, 193, 74, 30, 113, 143, 96, 84, 67, 50, 186, 156, 69, 21, 18, 111, 108, 58, 125, 157, 150, 110, 182, 129, 166, 83, 81, 60, 13, 165, 14, 176, 63, 117, 5, 22, 145, 121, 38, 41, 82, 127, 114, 20, 31, 53, 37, 163, 196, 130, 152, 162, 86, 76, 24, 34, 184, 149, 33, 128, 198, 155, 146, 167, 139, 120, 140, 102, 47, 25, 158, 123, 46, 164, 61, 7, 115, 75, 133, 160, 105, 132, 179, 124, 48, 73, 93, 39, 95, 195, 29, 177, 185, 161]
This is for the BaseNet initialization.
I'm using ViT with per-task LoRA (q,v).
_IncompatibleKeys(missing_keys=['blocks.0.attn.cur_matrix', 'blocks.0.attn.frozen_delta_q', 'blocks.0.attn.frozen_delta_v', 'blocks.0.attn.lora_A_q.0.weight', 'blocks.0.attn.lora_B_q.0.weight', 'blocks.0.attn.lora_A_v.0.weight', 'blocks.0.attn.lora_B_v.0.weight', 'blocks.1.attn.cur_matrix', 'blocks.1.attn.frozen_delta_q', 'blocks.1.attn.frozen_delta_v', 'blocks.1.attn.lora_A_q.0.weight', 'blocks.1.attn.lora_B_q.0.weight', 'blocks.1.attn.lora_A_v.0.weight', 'blocks.1.attn.lora_B_v.0.weight', 'blocks.2.attn.cur_matrix', 'blocks.2.attn.frozen_delta_q', 'blocks.2.attn.frozen_delta_v', 'blocks.2.attn.lora_A_q.0.weight', 'blocks.2.attn.lora_B_q.0.weight', 'blocks.2.attn.lora_A_v.0.weight', 'blocks.2.attn.lora_B_v.0.weight', 'blocks.3.attn.cur_matrix', 'blocks.3.attn.frozen_delta_q', 'blocks.3.attn.frozen_delta_v', 'blocks.3.attn.lora_A_q.0.weight', 'blocks.3.attn.lora_B_q.0.weight', 'blocks.3.attn.lora_A_v.0.weight', 'blocks.3.attn.lora_B_v.0.weight', 'blocks.4.attn.cur_matrix', 'blocks.4.attn.frozen_delta_q', 'blocks.4.attn.frozen_delta_v', 'blocks.4.attn.lora_A_q.0.weight', 'blocks.4.attn.lora_B_q.0.weight', 'blocks.4.attn.lora_A_v.0.weight', 'blocks.4.attn.lora_B_v.0.weight', 'blocks.5.attn.cur_matrix', 'blocks.5.attn.frozen_delta_q', 'blocks.5.attn.frozen_delta_v', 'blocks.5.attn.lora_A_q.0.weight', 'blocks.5.attn.lora_B_q.0.weight', 'blocks.5.attn.lora_A_v.0.weight', 'blocks.5.attn.lora_B_v.0.weight', 'blocks.6.attn.cur_matrix', 'blocks.6.attn.frozen_delta_q', 'blocks.6.attn.frozen_delta_v', 'blocks.6.attn.lora_A_q.0.weight', 'blocks.6.attn.lora_B_q.0.weight', 'blocks.6.attn.lora_A_v.0.weight', 'blocks.6.attn.lora_B_v.0.weight', 'blocks.7.attn.cur_matrix', 'blocks.7.attn.frozen_delta_q', 'blocks.7.attn.frozen_delta_v', 'blocks.7.attn.lora_A_q.0.weight', 'blocks.7.attn.lora_B_q.0.weight', 'blocks.7.attn.lora_A_v.0.weight', 'blocks.7.attn.lora_B_v.0.weight', 'blocks.8.attn.cur_matrix', 'blocks.8.attn.frozen_delta_q', 'blocks.8.attn.frozen_delta_v', 'blocks.8.attn.lora_A_q.0.weight', 'blocks.8.attn.lora_B_q.0.weight', 'blocks.8.attn.lora_A_v.0.weight', 'blocks.8.attn.lora_B_v.0.weight', 'blocks.9.attn.cur_matrix', 'blocks.9.attn.frozen_delta_q', 'blocks.9.attn.frozen_delta_v', 'blocks.9.attn.lora_A_q.0.weight', 'blocks.9.attn.lora_B_q.0.weight', 'blocks.9.attn.lora_A_v.0.weight', 'blocks.9.attn.lora_B_v.0.weight', 'blocks.10.attn.cur_matrix', 'blocks.10.attn.frozen_delta_q', 'blocks.10.attn.frozen_delta_v', 'blocks.10.attn.lora_A_q.0.weight', 'blocks.10.attn.lora_B_q.0.weight', 'blocks.10.attn.lora_A_v.0.weight', 'blocks.10.attn.lora_B_v.0.weight', 'blocks.11.attn.cur_matrix', 'blocks.11.attn.frozen_delta_q', 'blocks.11.attn.frozen_delta_v', 'blocks.11.attn.lora_A_q.0.weight', 'blocks.11.attn.lora_B_q.0.weight', 'blocks.11.attn.lora_A_v.0.weight', 'blocks.11.attn.lora_B_v.0.weight'], unexpected_keys=[])
After BaseNet initialization.
2026-07-19 23:53:35,947 [stream_mixin.py] => [stream] stop_after_tasks=5 (of 20 total)
2026-07-19 23:53:35,950 [stream_mixin.py] => [stream] unique-image budget 1741 images (250.0MB); 6492 total images, 5 tasks -> 4 chunks
2026-07-19 23:55:51,742 [inflora.py] => [InfLoRA] DualGPM threshold: 0.9500
2026-07-19 23:55:52,443 [inflora.py] => [InfLoRA] Layer 1: 6/768 type remove
2026-07-19 23:55:52,443 [inflora.py] => [InfLoRA] Layer 2: 9/768 type remove
2026-07-19 23:55:52,443 [inflora.py] => [InfLoRA] Layer 3: 10/768 type remove
2026-07-19 23:55:52,443 [inflora.py] => [InfLoRA] Layer 4: 11/768 type remove
2026-07-19 23:55:52,443 [inflora.py] => [InfLoRA] Layer 5: 16/768 type remove
2026-07-19 23:55:52,443 [inflora.py] => [InfLoRA] Layer 6: 13/768 type remove
2026-07-19 23:55:52,443 [inflora.py] => [InfLoRA] Layer 7: 12/768 type remove
2026-07-19 23:55:52,443 [inflora.py] => [InfLoRA] Layer 8: 9/768 type remove
2026-07-19 23:55:52,443 [inflora.py] => [InfLoRA] Layer 9: 7/768 type remove
2026-07-19 23:55:52,443 [inflora.py] => [InfLoRA] Layer 10: 5/768 type remove
2026-07-19 23:55:52,443 [inflora.py] => [InfLoRA] Layer 11: 2/768 type remove
2026-07-19 23:55:52,443 [inflora.py] => [InfLoRA] Layer 12: 4/768 type remove
2026-07-19 23:55:54,179 [stream_mixin.py] => [stream eval] completed  1 | chunk   0 | CIL 93.67
2026-07-19 23:58:09,879 [inflora.py] => [InfLoRA] DualGPM threshold: 0.9525
2026-07-19 23:58:11,180 [inflora.py] => [InfLoRA] Layer 1: 7/768 type remove
2026-07-19 23:58:11,180 [inflora.py] => [InfLoRA] Layer 2: 10/768 type remove
2026-07-19 23:58:11,181 [inflora.py] => [InfLoRA] Layer 3: 13/768 type remove
2026-07-19 23:58:11,181 [inflora.py] => [InfLoRA] Layer 4: 14/768 type remove
2026-07-19 23:58:11,181 [inflora.py] => [InfLoRA] Layer 5: 21/768 type remove
2026-07-19 23:58:11,181 [inflora.py] => [InfLoRA] Layer 6: 18/768 type remove
2026-07-19 23:58:11,181 [inflora.py] => [InfLoRA] Layer 7: 17/768 type remove
2026-07-19 23:58:11,181 [inflora.py] => [InfLoRA] Layer 8: 15/768 type remove
2026-07-19 23:58:11,181 [inflora.py] => [InfLoRA] Layer 9: 12/768 type remove
2026-07-19 23:58:11,181 [inflora.py] => [InfLoRA] Layer 10: 9/768 type remove
2026-07-19 23:58:11,181 [inflora.py] => [InfLoRA] Layer 11: 4/768 type remove
2026-07-19 23:58:11,181 [inflora.py] => [InfLoRA] Layer 12: 9/768 type remove
2026-07-19 23:58:15,058 [stream_mixin.py] => [stream eval] completed  2 | chunk   1 | CIL 89.28
2026-07-20 00:00:31,216 [inflora.py] => [InfLoRA] DualGPM threshold: 0.9550
2026-07-20 00:00:32,532 [inflora.py] => [InfLoRA] Layer 1: 7/768 type remove
2026-07-20 00:00:32,532 [inflora.py] => [InfLoRA] Layer 2: 10/768 type remove
2026-07-20 00:00:32,532 [inflora.py] => [InfLoRA] Layer 3: 14/768 type remove
2026-07-20 00:00:32,532 [inflora.py] => [InfLoRA] Layer 4: 16/768 type remove
2026-07-20 00:00:32,532 [inflora.py] => [InfLoRA] Layer 5: 24/768 type remove
2026-07-20 00:00:32,532 [inflora.py] => [InfLoRA] Layer 6: 21/768 type remove
2026-07-20 00:00:32,532 [inflora.py] => [InfLoRA] Layer 7: 21/768 type remove
2026-07-20 00:00:32,532 [inflora.py] => [InfLoRA] Layer 8: 18/768 type remove
2026-07-20 00:00:32,532 [inflora.py] => [InfLoRA] Layer 9: 16/768 type remove
2026-07-20 00:00:32,532 [inflora.py] => [InfLoRA] Layer 10: 13/768 type remove
2026-07-20 00:00:32,532 [inflora.py] => [InfLoRA] Layer 11: 6/768 type remove
2026-07-20 00:00:32,532 [inflora.py] => [InfLoRA] Layer 12: 13/768 type remove
2026-07-20 00:00:38,160 [stream_mixin.py] => [stream eval] completed  3 | chunk   2 | CIL 86.18
2026-07-20 00:02:19,377 [inflora.py] => [InfLoRA] DualGPM threshold: 0.9575
2026-07-20 00:02:20,716 [inflora.py] => [InfLoRA] Layer 1: 7/768 type remove
2026-07-20 00:02:20,716 [inflora.py] => [InfLoRA] Layer 2: 11/768 type remove
2026-07-20 00:02:20,716 [inflora.py] => [InfLoRA] Layer 3: 16/768 type remove
2026-07-20 00:02:20,716 [inflora.py] => [InfLoRA] Layer 4: 18/768 type remove
2026-07-20 00:02:20,716 [inflora.py] => [InfLoRA] Layer 5: 29/768 type remove
2026-07-20 00:02:20,716 [inflora.py] => [InfLoRA] Layer 6: 25/768 type remove
2026-07-20 00:02:20,716 [inflora.py] => [InfLoRA] Layer 7: 25/768 type remove
2026-07-20 00:02:20,716 [inflora.py] => [InfLoRA] Layer 8: 24/768 type remove
2026-07-20 00:02:20,716 [inflora.py] => [InfLoRA] Layer 9: 24/768 type remove
2026-07-20 00:02:20,716 [inflora.py] => [InfLoRA] Layer 10: 22/768 type remove
2026-07-20 00:02:20,716 [inflora.py] => [InfLoRA] Layer 11: 9/768 type remove
2026-07-20 00:02:20,716 [inflora.py] => [InfLoRA] Layer 12: 19/768 type remove
2026-07-20 00:02:30,128 [stream_mixin.py] => [stream eval] completed  5 | chunk   3 | CIL 79.72
2026-07-20 00:02:30,129 [trainer.py] => [stream] completed-task checkpoints: [1, 2, 3, 5]
2026-07-20 00:02:30,130 [trainer.py] => [stream] CIL curve: [93.67, 89.28, 86.18, 79.72]
[stream] checkpoints (completed tasks): [1, 2, 3, 5]
[stream] CIL: [93.67, 89.28, 86.18, 79.72]
2026-07-20 00:02:30,130 [trainer.py] => [stream] FINAL  CIL 79.72  (over 5 tasks) -- TIL not computed (meaningless in the memory-increment setup)
[stream] FINAL CIL 79.72
[stream] wrote run_logs/stream_inflora_budget250mb_check_imagenetr_inflora_s1993.json
