=== starting imagenetr_sketchlora ===
=== finished imagenetr_sketchlora (exit 0) ===
=== starting imagenetr_treelora ===
=== finished imagenetr_treelora (exit 0) ===
=== starting imagenetr_rainbowprompt ===
=== finished imagenetr_rainbowprompt (exit 0) ===
=== starting imagenetr_progprompt ===
=== finished imagenetr_progprompt (exit 0) ===
=== starting imagenetr_ease ===
=== finished imagenetr_ease (exit 0) ===
=== starting imagenetr_tuna ===
=== finished imagenetr_tuna (exit 0) ===
=== starting food101_seqlora ===
=== finished food101_seqlora (exit 0) ===
=== starting food101_olora ===
=== finished food101_olora (exit 0) ===
=== starting food101_inflora ===
=== finished food101_inflora (exit 0) ===
=== starting food101_sketchlora ===
=== finished food101_sketchlora (exit 0) ===
=== starting food101_treelora ===
=== finished food101_treelora (exit 0) ===
=== starting food101_rainbowprompt ===
=== finished food101_rainbowprompt (exit 0) ===
