2026-07-19 17:11:12,440 [trainer.py] => config: exps/review/single_task_check/imagenetr_progprompt.json
2026-07-19 17:11:12,441 [trainer.py] => dataset: imagenetr
2026-07-19 17:11:12,441 [trainer.py] => memory_size: 0
2026-07-19 17:11:12,441 [trainer.py] => memory_per_class: 0
2026-07-19 17:11:12,441 [trainer.py] => fixed_memory: False
2026-07-19 17:11:12,441 [trainer.py] => shuffle: True
2026-07-19 17:11:12,441 [trainer.py] => init_cls: 10
2026-07-19 17:11:12,441 [trainer.py] => increment: 10
2026-07-19 17:11:12,441 [trainer.py] => seed: 1993
2026-07-19 17:11:12,441 [trainer.py] => scenario: cil
2026-07-19 17:11:12,441 [trainer.py] => stop_after_tasks: 1
2026-07-19 17:11:12,441 [trainer.py] => pretrained: True
2026-07-19 17:11:12,441 [trainer.py] => print_forget: True
2026-07-19 17:11:12,441 [trainer.py] => final_metrics: True
2026-07-19 17:11:12,441 [trainer.py] => backbone_type: vit_base_patch16_224_progprompt
2026-07-19 17:11:12,441 [trainer.py] => tuned_epoch: 5
2026-07-19 17:11:12,441 [trainer.py] => init_lr: 0.0015
2026-07-19 17:11:12,441 [trainer.py] => batch_size: 48
2026-07-19 17:11:12,441 [trainer.py] => weight_decay: 0.0
2026-07-19 17:11:12,441 [trainer.py] => min_lr: 0.0
2026-07-19 17:11:12,441 [trainer.py] => model_name: progprompt
2026-07-19 17:11:12,441 [trainer.py] => prompt_len: 10
2026-07-19 17:11:12,441 [trainer.py] => device: [device(type='cuda', index=1)]
2026-07-19 17:11:12,441 [trainer.py] => prefix: single_task_check_imagenetr_progprompt
2026-07-19 17:11:12,527 [data_manager.py] => [168, 136, 51, 9, 183, 101, 171, 99, 42, 159, 191, 70, 16, 188, 27, 10, 175, 26, 68, 187, 98, 6, 85, 35, 112, 43, 100, 0, 103, 181, 88, 59, 4, 2, 116, 174, 94, 80, 106, 1, 147, 17, 141, 131, 72, 23, 173, 54, 197, 118, 87, 32, 79, 104, 91, 19, 135, 107, 178, 36, 11, 199, 142, 8, 122, 3, 28, 57, 153, 172, 190, 56, 49, 44, 97, 62, 151, 169, 194, 55, 192, 12, 189, 78, 66, 180, 15, 137, 109, 134, 92, 119, 126, 52, 170, 40, 148, 65, 144, 64, 138, 45, 77, 89, 154, 90, 71, 193, 74, 30, 113, 143, 96, 84, 67, 50, 186, 156, 69, 21, 18, 111, 108, 58, 125, 157, 150, 110, 182, 129, 166, 83, 81, 60, 13, 165, 14, 176, 63, 117, 5, 22, 145, 121, 38, 41, 82, 127, 114, 20, 31, 53, 37, 163, 196, 130, 152, 162, 86, 76, 24, 34, 184, 149, 33, 128, 198, 155, 146, 167, 139, 120, 140, 102, 47, 25, 158, 123, 46, 164, 61, 7, 115, 75, 133, 160, 105, 132, 179, 124, 48, 73, 93, 39, 95, 195, 29, 177, 185, 161]
This is for the BaseNet initialization.
I'm using ViT with per-task progressive soft prompts.
_IncompatibleKeys(missing_keys=['prompts.0', 'prompts.1', 'prompts.2', 'prompts.3', 'prompts.4', 'prompts.5', 'prompts.6', 'prompts.7', 'prompts.8', 'prompts.9', 'prompts.10', 'prompts.11', 'prompts.12', 'prompts.13', 'prompts.14', 'prompts.15', 'prompts.16', 'prompts.17', 'prompts.18', 'prompts.19'], unexpected_keys=[])
After BaseNet initialization.
2026-07-19 17:11:15,129 [trainer.py] => stop_after_tasks=1 (of 20 total)
2026-07-19 17:11:15,325 [trainer.py] => All params: 85952256
2026-07-19 17:11:15,326 [trainer.py] => Trainable params: 153600
2026-07-19 17:11:15,614 [progprompt.py] => [ProgPrompt] Learning on 0-10
  0%|          | 0/5 [00:00<?, ?it/s][ProgPrompt] Task 0, Epoch 1/5 => Loss 2.399, Acc 44.03:   0%|          | 0/5 [00:08<?, ?it/s][ProgPrompt] Task 0, Epoch 1/5 => Loss 2.399, Acc 44.03:  20%|██        | 1/5 [00:08<00:35,  8.78s/it][ProgPrompt] Task 0, Epoch 2/5 => Loss 0.939, Acc 74.42:  20%|██        | 1/5 [00:17<00:35,  8.78s/it][ProgPrompt] Task 0, Epoch 2/5 => Loss 0.939, Acc 74.42:  40%|████      | 2/5 [00:17<00:25,  8.63s/it][ProgPrompt] Task 0, Epoch 3/5 => Loss 0.656, Acc 79.92:  40%|████      | 2/5 [00:25<00:25,  8.63s/it][ProgPrompt] Task 0, Epoch 3/5 => Loss 0.656, Acc 79.92:  60%|██████    | 3/5 [00:25<00:17,  8.55s/it][ProgPrompt] Task 0, Epoch 4/5 => Loss 0.539, Acc 84.11:  60%|██████    | 3/5 [00:34<00:17,  8.55s/it][ProgPrompt] Task 0, Epoch 4/5 => Loss 0.539, Acc 84.11:  80%|████████  | 4/5 [00:34<00:08,  8.51s/it][ProgPrompt] Task 0, Epoch 5/5 => Loss 0.513, Acc 85.04:  80%|████████  | 4/5 [00:42<00:08,  8.51s/it][ProgPrompt] Task 0, Epoch 5/5 => Loss 0.513, Acc 85.04: 100%|██████████| 5/5 [00:42<00:00,  8.51s/it][ProgPrompt] Task 0, Epoch 5/5 => Loss 0.513, Acc 85.04: 100%|██████████| 5/5 [00:42<00:00,  8.55s/it]
2026-07-19 17:11:58,438 [progprompt.py] => [ProgPrompt] Task 0 done. Acc 85.04
2026-07-19 17:11:59,963 [trainer.py] => No NME accuracy.
2026-07-19 17:11:59,963 [trainer.py] => CNN: {'total': 88.61, '00-09': 88.61, 'old': 0, 'new': 88.61}
2026-07-19 17:11:59,964 [trainer.py] => CNN top1 curve: [88.61]
2026-07-19 17:11:59,964 [trainer.py] => CNN top5 curve: [98.42]

Average Accuracy (CNN): 88.61
2026-07-19 17:11:59,964 [trainer.py] => Average Accuracy (CNN): 88.61 

2026-07-19 17:11:59,964 [metrics_logger.py] => [metrics] Learner has no _deployed_forward; skipping inference-cost measurement
2026-07-19 17:11:59,964 [metrics_logger.py] => [metrics] wrote run_logs/final/progprompt/metrics_progprompt_imagenetr_single_task_check_imagenetr_progprompt_s1993.json
/home/gmar762/.local/lib/python3.10/site-packages/numpy/core/fromnumeric.py:3464: RuntimeWarning: Mean of empty slice.
  return _methods._mean(a, axis=axis, dtype=dtype,
/home/gmar762/.local/lib/python3.10/site-packages/numpy/core/_methods.py:192: RuntimeWarning: invalid value encountered in scalar divide
  ret = ret.dtype.type(ret / rcount)
Accuracy Matrix (CNN):
[[88.61]]
2026-07-19 17:11:59,965 [trainer.py] => Forgetting (CNN): nan
2026-07-19 17:11:59,965 [trainer.py] => Forgetting (NME): nan
