2026-07-19 22:01:16,212 [trainer.py] => config: exps/review/progprompt_epoch15_check/sun397.json
2026-07-19 22:01:16,212 [trainer.py] => dataset: sun397
2026-07-19 22:01:16,212 [trainer.py] => memory_size: 0
2026-07-19 22:01:16,212 [trainer.py] => memory_per_class: 0
2026-07-19 22:01:16,212 [trainer.py] => fixed_memory: False
2026-07-19 22:01:16,212 [trainer.py] => shuffle: True
2026-07-19 22:01:16,212 [trainer.py] => init_cls: 17
2026-07-19 22:01:16,212 [trainer.py] => increment: 20
2026-07-19 22:01:16,212 [trainer.py] => seed: 1993
2026-07-19 22:01:16,212 [trainer.py] => scenario: cil
2026-07-19 22:01:16,212 [trainer.py] => stop_after_tasks: 3
2026-07-19 22:01:16,212 [trainer.py] => pretrained: True
2026-07-19 22:01:16,212 [trainer.py] => print_forget: True
2026-07-19 22:01:16,212 [trainer.py] => final_metrics: True
2026-07-19 22:01:16,212 [trainer.py] => backbone_type: vit_base_patch16_224_progprompt
2026-07-19 22:01:16,213 [trainer.py] => tuned_epoch: 15
2026-07-19 22:01:16,213 [trainer.py] => init_lr: 0.0003
2026-07-19 22:01:16,213 [trainer.py] => batch_size: 48
2026-07-19 22:01:16,213 [trainer.py] => weight_decay: 0.0
2026-07-19 22:01:16,213 [trainer.py] => min_lr: 0.0
2026-07-19 22:01:16,213 [trainer.py] => model_name: progprompt
2026-07-19 22:01:16,213 [trainer.py] => prompt_len: 10
2026-07-19 22:01:16,213 [trainer.py] => device: [device(type='cuda', index=0)]
2026-07-19 22:01:16,213 [trainer.py] => prefix: progprompt_epoch15_check_sun397
2026-07-19 22:01:16,330 [data_manager.py] => [181, 7, 108, 112, 36, 93, 56, 28, 256, 133, 210, 159, 231, 352, 273, 3, 385, 162, 118, 305, 368, 26, 138, 374, 213, 267, 105, 101, 196, 193, 50, 73, 44, 23, 346, 375, 243, 120, 195, 70, 310, 89, 233, 77, 265, 14, 257, 119, 200, 122, 128, 103, 187, 336, 79, 78, 136, 294, 49, 142, 201, 2, 8, 97, 94, 253, 281, 324, 383, 166, 208, 335, 322, 176, 313, 293, 52, 57, 351, 289, 99, 30, 55, 80, 163, 271, 327, 6, 182, 146, 355, 300, 10, 186, 226, 217, 156, 59, 165, 395, 147, 282, 54, 137, 333, 157, 15, 27, 288, 316, 174, 369, 326, 274, 328, 171, 145, 229, 323, 126, 252, 0, 367, 330, 307, 214, 139, 236, 345, 117, 16, 223, 224, 35, 9, 291, 359, 98, 4, 275, 184, 179, 360, 266, 135, 170, 377, 262, 102, 150, 87, 151, 107, 378, 39, 161, 222, 255, 393, 379, 192, 20, 230, 339, 12, 240, 11, 353, 92, 238, 189, 290, 303, 272, 74, 42, 357, 258, 241, 292, 88, 246, 387, 204, 153, 298, 320, 64, 376, 389, 154, 343, 17, 63, 366, 228, 169, 68, 219, 269, 364, 121, 110, 75, 354, 109, 264, 245, 69, 284, 312, 344, 183, 297, 362, 66, 279, 32, 205, 221, 227, 116, 392, 76, 134, 53, 1, 91, 308, 283, 348, 325, 388, 199, 306, 260, 132, 356, 106, 45, 232, 31, 85, 19, 268, 143, 43, 129, 382, 175, 209, 235, 22, 390, 125, 104, 173, 380, 215, 216, 51, 21, 46, 315, 337, 311, 83, 396, 370, 248, 100, 203, 72, 131, 259, 341, 261, 48, 113, 82, 172, 299, 62, 168, 318, 180, 365, 373, 61, 254, 86, 286, 141, 296, 350, 249, 321, 314, 40, 65, 381, 301, 394, 90, 71, 167, 371, 212, 384, 96, 84, 127, 67, 178, 391, 197, 277, 18, 111, 58, 188, 347, 24, 81, 334, 60, 251, 13, 270, 319, 198, 363, 5, 278, 144, 340, 38, 207, 148, 386, 41, 338, 234, 237, 114, 276, 202, 287, 309, 37, 149, 206, 155, 29, 130, 177, 194, 152, 342, 332, 280, 34, 33, 239, 160, 140, 358, 47, 244, 25, 372, 158, 211, 123, 302, 190, 218, 164, 317, 247, 263, 191, 220, 115, 331, 361, 242, 250, 124, 304, 329, 349, 295, 95, 285, 225, 185]
2026-07-19 22:01:19,063 [trainer.py] => stop_after_tasks=3 (of 20 total)
2026-07-19 22:01:19,678 [trainer.py] => All params: 85952256
2026-07-19 22:01:19,678 [trainer.py] => Trainable params: 153600
2026-07-19 22:01:19,679 [progprompt.py] => [ProgPrompt] Learning on 0-17
2026-07-19 22:02:51,492 [progprompt.py] => [ProgPrompt] Task 0 done. Acc 89.53
2026-07-19 22:02:55,308 [trainer.py] => No NME accuracy.
2026-07-19 22:02:55,309 [trainer.py] => CNN: {'total': 90.35, '00-16': 90.35, 'old': 0, 'new': 90.35}
2026-07-19 22:02:55,309 [trainer.py] => CNN top1 curve: [90.35]
2026-07-19 22:02:55,309 [trainer.py] => CNN top5 curve: [98.47]

2026-07-19 22:02:55,309 [trainer.py] => Average Accuracy (CNN): 90.35 

2026-07-19 22:02:55,309 [trainer.py] => All params: 85965329
2026-07-19 22:02:55,309 [trainer.py] => Trainable params: 20753
2026-07-19 22:02:55,310 [progprompt.py] => [ProgPrompt] Learning on 17-37
2026-07-19 22:04:45,460 [progprompt.py] => [ProgPrompt] Task 1 done. Acc 87.70
2026-07-19 22:04:52,482 [trainer.py] => No NME accuracy.
2026-07-19 22:04:52,483 [trainer.py] => CNN: {'total': 71.95, '00-16': 65.41, '17-36': 77.5, 'old': 65.41, 'new': 77.5}
2026-07-19 22:04:52,483 [trainer.py] => CNN top1 curve: [90.35, 71.95]
2026-07-19 22:04:52,483 [trainer.py] => CNN top5 curve: [98.47, 94.86]

2026-07-19 22:04:52,483 [trainer.py] => Average Accuracy (CNN): 81.15 

2026-07-19 22:04:52,484 [trainer.py] => All params: 85980709
2026-07-19 22:04:52,485 [trainer.py] => Trainable params: 36133
2026-07-19 22:04:52,486 [progprompt.py] => [ProgPrompt] Learning on 37-57
2026-07-19 22:06:44,697 [progprompt.py] => [ProgPrompt] Task 2 done. Acc 91.10
2026-07-19 22:06:55,029 [trainer.py] => No NME accuracy.
2026-07-19 22:06:55,029 [trainer.py] => CNN: {'total': 68.49, '00-16': 57.65, '17-36': 70.2, '37-56': 76.0, 'old': 64.43, 'new': 76.0}
2026-07-19 22:06:55,029 [trainer.py] => CNN top1 curve: [90.35, 71.95, 68.49]
2026-07-19 22:06:55,029 [trainer.py] => CNN top5 curve: [98.47, 94.86, 93.58]

2026-07-19 22:06:55,029 [trainer.py] => Average Accuracy (CNN): 76.93 

2026-07-19 22:06:59,252 [metrics_logger.py] => [metrics] wrote run_logs/final/progprompt/metrics_progprompt_sun397_progprompt_epoch15_check_sun397_s1993.json
2026-07-19 22:06:59,253 [trainer.py] => Forgetting (CNN): 19.999999999999996
2026-07-19 22:06:59,253 [trainer.py] => Forgetting (NME): 19.999999999999996
