2026-07-19 20:44:29,020 [trainer.py] => config: exps/review/three_task_check_bs48_lr3e4/sun397_progprompt.json
2026-07-19 20:44:29,020 [trainer.py] => dataset: sun397
2026-07-19 20:44:29,020 [trainer.py] => memory_size: 0
2026-07-19 20:44:29,020 [trainer.py] => memory_per_class: 0
2026-07-19 20:44:29,020 [trainer.py] => fixed_memory: False
2026-07-19 20:44:29,020 [trainer.py] => shuffle: True
2026-07-19 20:44:29,020 [trainer.py] => init_cls: 17
2026-07-19 20:44:29,020 [trainer.py] => increment: 20
2026-07-19 20:44:29,020 [trainer.py] => seed: 1993
2026-07-19 20:44:29,020 [trainer.py] => scenario: cil
2026-07-19 20:44:29,020 [trainer.py] => stop_after_tasks: 3
2026-07-19 20:44:29,020 [trainer.py] => pretrained: True
2026-07-19 20:44:29,020 [trainer.py] => print_forget: True
2026-07-19 20:44:29,020 [trainer.py] => final_metrics: True
2026-07-19 20:44:29,020 [trainer.py] => backbone_type: vit_base_patch16_224_progprompt
2026-07-19 20:44:29,020 [trainer.py] => tuned_epoch: 5
2026-07-19 20:44:29,020 [trainer.py] => init_lr: 0.0003
2026-07-19 20:44:29,020 [trainer.py] => batch_size: 48
2026-07-19 20:44:29,020 [trainer.py] => weight_decay: 0.0
2026-07-19 20:44:29,020 [trainer.py] => min_lr: 0.0
2026-07-19 20:44:29,021 [trainer.py] => model_name: progprompt
2026-07-19 20:44:29,021 [trainer.py] => prompt_len: 10
2026-07-19 20:44:29,021 [trainer.py] => device: [device(type='cuda', index=4)]
2026-07-19 20:44:29,021 [trainer.py] => prefix: three_task_check_bs48lr3e4_sun397_progprompt
2026-07-19 20:44:29,139 [data_manager.py] => [181, 7, 108, 112, 36, 93, 56, 28, 256, 133, 210, 159, 231, 352, 273, 3, 385, 162, 118, 305, 368, 26, 138, 374, 213, 267, 105, 101, 196, 193, 50, 73, 44, 23, 346, 375, 243, 120, 195, 70, 310, 89, 233, 77, 265, 14, 257, 119, 200, 122, 128, 103, 187, 336, 79, 78, 136, 294, 49, 142, 201, 2, 8, 97, 94, 253, 281, 324, 383, 166, 208, 335, 322, 176, 313, 293, 52, 57, 351, 289, 99, 30, 55, 80, 163, 271, 327, 6, 182, 146, 355, 300, 10, 186, 226, 217, 156, 59, 165, 395, 147, 282, 54, 137, 333, 157, 15, 27, 288, 316, 174, 369, 326, 274, 328, 171, 145, 229, 323, 126, 252, 0, 367, 330, 307, 214, 139, 236, 345, 117, 16, 223, 224, 35, 9, 291, 359, 98, 4, 275, 184, 179, 360, 266, 135, 170, 377, 262, 102, 150, 87, 151, 107, 378, 39, 161, 222, 255, 393, 379, 192, 20, 230, 339, 12, 240, 11, 353, 92, 238, 189, 290, 303, 272, 74, 42, 357, 258, 241, 292, 88, 246, 387, 204, 153, 298, 320, 64, 376, 389, 154, 343, 17, 63, 366, 228, 169, 68, 219, 269, 364, 121, 110, 75, 354, 109, 264, 245, 69, 284, 312, 344, 183, 297, 362, 66, 279, 32, 205, 221, 227, 116, 392, 76, 134, 53, 1, 91, 308, 283, 348, 325, 388, 199, 306, 260, 132, 356, 106, 45, 232, 31, 85, 19, 268, 143, 43, 129, 382, 175, 209, 235, 22, 390, 125, 104, 173, 380, 215, 216, 51, 21, 46, 315, 337, 311, 83, 396, 370, 248, 100, 203, 72, 131, 259, 341, 261, 48, 113, 82, 172, 299, 62, 168, 318, 180, 365, 373, 61, 254, 86, 286, 141, 296, 350, 249, 321, 314, 40, 65, 381, 301, 394, 90, 71, 167, 371, 212, 384, 96, 84, 127, 67, 178, 391, 197, 277, 18, 111, 58, 188, 347, 24, 81, 334, 60, 251, 13, 270, 319, 198, 363, 5, 278, 144, 340, 38, 207, 148, 386, 41, 338, 234, 237, 114, 276, 202, 287, 309, 37, 149, 206, 155, 29, 130, 177, 194, 152, 342, 332, 280, 34, 33, 239, 160, 140, 358, 47, 244, 25, 372, 158, 211, 123, 302, 190, 218, 164, 317, 247, 263, 191, 220, 115, 331, 361, 242, 250, 124, 304, 329, 349, 295, 95, 285, 225, 185]
2026-07-19 20:44:32,013 [trainer.py] => stop_after_tasks=3 (of 20 total)
2026-07-19 20:44:32,272 [trainer.py] => All params: 85952256
2026-07-19 20:44:32,273 [trainer.py] => Trainable params: 153600
2026-07-19 20:44:32,610 [progprompt.py] => [ProgPrompt] Learning on 0-17
2026-07-19 20:45:04,082 [progprompt.py] => [ProgPrompt] Task 0 done. Acc 74.59
2026-07-19 20:45:07,970 [trainer.py] => No NME accuracy.
2026-07-19 20:45:07,970 [trainer.py] => CNN: {'total': 77.41, '00-16': 77.41, 'old': 0, 'new': 77.41}
2026-07-19 20:45:07,970 [trainer.py] => CNN top1 curve: [77.41]
2026-07-19 20:45:07,970 [trainer.py] => CNN top5 curve: [95.06]

2026-07-19 20:45:07,970 [trainer.py] => Average Accuracy (CNN): 77.41 

2026-07-19 20:45:07,970 [trainer.py] => All params: 85965329
2026-07-19 20:45:07,971 [trainer.py] => Trainable params: 20753
2026-07-19 20:45:07,972 [progprompt.py] => [ProgPrompt] Learning on 17-37
2026-07-19 20:45:45,998 [progprompt.py] => [ProgPrompt] Task 1 done. Acc 71.30
2026-07-19 20:45:53,170 [trainer.py] => No NME accuracy.
2026-07-19 20:45:53,170 [trainer.py] => CNN: {'total': 58.11, '00-16': 50.71, '17-36': 64.4, 'old': 50.71, 'new': 64.4}
2026-07-19 20:45:53,170 [trainer.py] => CNN top1 curve: [77.41, 58.11]
2026-07-19 20:45:53,170 [trainer.py] => CNN top5 curve: [95.06, 88.22]

2026-07-19 20:45:53,170 [trainer.py] => Average Accuracy (CNN): 67.75999999999999 

2026-07-19 20:45:53,171 [trainer.py] => All params: 85980709
2026-07-19 20:45:53,171 [trainer.py] => Trainable params: 36133
2026-07-19 20:45:53,172 [progprompt.py] => [ProgPrompt] Learning on 37-57
2026-07-19 20:46:31,790 [progprompt.py] => [ProgPrompt] Task 2 done. Acc 79.00
2026-07-19 20:46:42,339 [trainer.py] => No NME accuracy.
2026-07-19 20:46:42,339 [trainer.py] => CNN: {'total': 48.67, '00-16': 40.47, '17-36': 51.1, '37-56': 53.2, 'old': 46.22, 'new': 53.2}
2026-07-19 20:46:42,339 [trainer.py] => CNN top1 curve: [77.41, 58.11, 48.67]
2026-07-19 20:46:42,339 [trainer.py] => CNN top5 curve: [95.06, 88.22, 81.65]

2026-07-19 20:46:42,339 [trainer.py] => Average Accuracy (CNN): 61.39666666666667 

2026-07-19 20:46:46,522 [metrics_logger.py] => [metrics] wrote run_logs/final/progprompt/metrics_progprompt_sun397_three_task_check_bs48lr3e4_sun397_progprompt_s1993.json
2026-07-19 20:46:46,523 [trainer.py] => Forgetting (CNN): 25.12
2026-07-19 20:46:46,523 [trainer.py] => Forgetting (NME): 25.12
