2026-07-25 03:38:56,064 [trainer.py] => config: exps/planc_smoke/seqlora_smoke.json
2026-07-25 03:38:56,064 [trainer.py] => dataset: cifar224
2026-07-25 03:38:56,064 [trainer.py] => memory_size: 0
2026-07-25 03:38:56,064 [trainer.py] => memory_per_class: 0
2026-07-25 03:38:56,064 [trainer.py] => fixed_memory: False
2026-07-25 03:38:56,064 [trainer.py] => shuffle: True
2026-07-25 03:38:56,064 [trainer.py] => init_cls: 10
2026-07-25 03:38:56,064 [trainer.py] => increment: 10
2026-07-25 03:38:56,065 [trainer.py] => seed: 1993
2026-07-25 03:38:56,065 [trainer.py] => scenario: cil
2026-07-25 03:38:56,065 [trainer.py] => pretrained: True
2026-07-25 03:38:56,065 [trainer.py] => print_forget: False
2026-07-25 03:38:56,065 [trainer.py] => final_metrics: False
2026-07-25 03:38:56,065 [trainer.py] => backbone_type: vit_base_patch16_224_lora
2026-07-25 03:38:56,065 [trainer.py] => lora_rank: 10
2026-07-25 03:38:56,065 [trainer.py] => lora_alpha: None
2026-07-25 03:38:56,065 [trainer.py] => lora_merge: False
2026-07-25 03:38:56,065 [trainer.py] => tuned_epoch: 2
2026-07-25 03:38:56,065 [trainer.py] => init_lr: 0.0003
2026-07-25 03:38:56,065 [trainer.py] => batch_size: 48
2026-07-25 03:38:56,065 [trainer.py] => weight_decay: 0.0005
2026-07-25 03:38:56,065 [trainer.py] => min_lr: 0.0
2026-07-25 03:38:56,065 [trainer.py] => model_name: seqlora
2026-07-25 03:38:56,065 [trainer.py] => device: [device(type='cuda', index=2)]
2026-07-25 03:38:56,065 [trainer.py] => boundary_mode: bounded_memory
2026-07-25 03:38:56,065 [trainer.py] => bm_budget_mb: 50
2026-07-25 03:38:56,065 [trainer.py] => stop_after_tasks: 4
2026-07-25 03:38:56,065 [trainer.py] => prefix: planc_smoke_seqlora
2026-07-25 03:38:57,702 [data_manager.py] => [68, 56, 78, 8, 23, 84, 90, 65, 74, 76, 40, 89, 3, 92, 55, 9, 26, 80, 43, 38, 58, 70, 77, 1, 85, 19, 17, 50, 28, 53, 13, 81, 45, 82, 6, 59, 83, 16, 15, 44, 91, 41, 72, 60, 79, 52, 20, 10, 31, 54, 37, 95, 14, 71, 96, 98, 97, 2, 64, 66, 42, 22, 35, 86, 24, 34, 87, 21, 99, 0, 88, 27, 18, 94, 11, 12, 47, 25, 30, 46, 62, 69, 36, 61, 7, 63, 75, 5, 32, 4, 51, 48, 73, 93, 39, 67, 29, 49, 57, 33]
2026-07-25 03:39:00,341 [bounded_memory_mixin.py] => [bounded_mem] stop_after_tasks=4 (of 10 total)
2026-07-25 03:39:00,440 [bounded_memory_mixin.py] => [bounded_mem] budget_mb=50.0 -> cycle=348 images (mean_task=5000.0 images, so this budget is 0.07x mean task size); 20000 total images -> 58 cycles (T=58 sessions); 20 eval checkpoints
2026-07-25 03:39:21,849 [bounded_memory_mixin.py] => [bounded_mem eval] volume 0.05 | cycle 2 | classes_seen 10 | CIL 68.70 | (nearest latent task ~4)
2026-07-25 03:39:42,270 [bounded_memory_mixin.py] => [bounded_mem eval] volume 0.10 | cycle 5 | classes_seen 10 | CIL 95.00 | (nearest latent task ~4)
2026-07-25 03:40:02,805 [bounded_memory_mixin.py] => [bounded_mem eval] volume 0.15 | cycle 8 | classes_seen 10 | CIL 96.90 | (nearest latent task ~4)
2026-07-25 03:40:23,143 [bounded_memory_mixin.py] => [bounded_mem eval] volume 0.20 | cycle 11 | classes_seen 10 | CIL 97.10 | (nearest latent task ~4)
2026-07-25 03:40:46,307 [bounded_memory_mixin.py] => [bounded_mem eval] volume 0.25 | cycle 14 | classes_seen 20 | CIL 49.00 | (nearest latent task ~4)
2026-07-25 03:41:09,464 [bounded_memory_mixin.py] => [bounded_mem eval] volume 0.30 | cycle 17 | classes_seen 20 | CIL 67.40 | (nearest latent task ~4)
2026-07-25 03:41:32,614 [bounded_memory_mixin.py] => [bounded_mem eval] volume 0.35 | cycle 20 | classes_seen 20 | CIL 55.45 | (nearest latent task ~4)
2026-07-25 03:41:50,197 [bounded_memory_mixin.py] => [bounded_mem eval] volume 0.40 | cycle 22 | classes_seen 20 | CIL 52.55 | (nearest latent task ~4)
2026-07-25 03:42:13,282 [bounded_memory_mixin.py] => [bounded_mem eval] volume 0.45 | cycle 25 | classes_seen 20 | CIL 50.50 | (nearest latent task ~4)
2026-07-25 03:42:39,337 [bounded_memory_mixin.py] => [bounded_mem eval] volume 0.50 | cycle 28 | classes_seen 30 | CIL 40.23 | (nearest latent task ~4)
2026-07-25 03:43:05,325 [bounded_memory_mixin.py] => [bounded_mem eval] volume 0.55 | cycle 31 | classes_seen 30 | CIL 39.80 | (nearest latent task ~4)
2026-07-25 03:43:31,451 [bounded_memory_mixin.py] => [bounded_mem eval] volume 0.60 | cycle 34 | classes_seen 30 | CIL 35.20 | (nearest latent task ~4)
2026-07-25 03:43:57,421 [bounded_memory_mixin.py] => [bounded_mem eval] volume 0.65 | cycle 37 | classes_seen 30 | CIL 33.13 | (nearest latent task ~4)
2026-07-25 03:44:23,375 [bounded_memory_mixin.py] => [bounded_mem eval] volume 0.70 | cycle 40 | classes_seen 30 | CIL 33.13 | (nearest latent task ~4)
2026-07-25 03:44:52,115 [bounded_memory_mixin.py] => [bounded_mem eval] volume 0.75 | cycle 43 | classes_seen 40 | CIL 29.32 | (nearest latent task ~4)
2026-07-25 03:45:15,481 [bounded_memory_mixin.py] => [bounded_mem eval] volume 0.80 | cycle 45 | classes_seen 40 | CIL 33.35 | (nearest latent task ~4)
2026-07-25 03:45:44,457 [bounded_memory_mixin.py] => [bounded_mem eval] volume 0.85 | cycle 48 | classes_seen 40 | CIL 28.12 | (nearest latent task ~4)
2026-07-25 03:46:13,299 [bounded_memory_mixin.py] => [bounded_mem eval] volume 0.90 | cycle 51 | classes_seen 40 | CIL 26.85 | (nearest latent task ~4)
2026-07-25 03:46:42,239 [bounded_memory_mixin.py] => [bounded_mem eval] volume 0.95 | cycle 54 | classes_seen 40 | CIL 25.73 | (nearest latent task ~4)
2026-07-25 03:47:08,814 [bounded_memory_mixin.py] => [bounded_mem eval] volume 1.00 | cycle 57 | classes_seen 40 | CIL 25.35 | (nearest latent task ~4)
2026-07-25 03:47:08,823 [trainer.py] => [bounded_mem] volume checkpoints: [0.05, 0.1, 0.15, 0.2, 0.25, 0.3, 0.35, 0.4, 0.45, 0.5, 0.55, 0.6, 0.65, 0.7, 0.75, 0.8, 0.85, 0.9, 0.95, 1.0]
2026-07-25 03:47:08,824 [trainer.py] => [bounded_mem] CIL curve: [68.7, 95.0, 96.9, 97.1, 49.0, 67.4, 55.45, 52.55, 50.5, 40.23, 39.8, 35.2, 33.13, 33.13, 29.32, 33.35, 28.12, 26.85, 25.73, 25.35]
2026-07-25 03:47:08,824 [trainer.py] => [bounded_mem] FINAL CIL 25.35 (at 100% of stream)
2026-07-25 14:02:46,822 [trainer.py] => config: exps/planc_smoke/seqlora_smoke.json
2026-07-25 14:02:46,822 [trainer.py] => dataset: cifar224
2026-07-25 14:02:46,822 [trainer.py] => memory_size: 0
2026-07-25 14:02:46,822 [trainer.py] => memory_per_class: 0
2026-07-25 14:02:46,822 [trainer.py] => fixed_memory: False
2026-07-25 14:02:46,822 [trainer.py] => shuffle: True
2026-07-25 14:02:46,822 [trainer.py] => init_cls: 10
2026-07-25 14:02:46,822 [trainer.py] => increment: 10
2026-07-25 14:02:46,822 [trainer.py] => seed: 1993
2026-07-25 14:02:46,822 [trainer.py] => scenario: cil
2026-07-25 14:02:46,822 [trainer.py] => pretrained: True
2026-07-25 14:02:46,822 [trainer.py] => print_forget: False
2026-07-25 14:02:46,822 [trainer.py] => final_metrics: False
2026-07-25 14:02:46,822 [trainer.py] => backbone_type: vit_base_patch16_224_lora
2026-07-25 14:02:46,822 [trainer.py] => lora_rank: 10
2026-07-25 14:02:46,823 [trainer.py] => lora_alpha: None
2026-07-25 14:02:46,823 [trainer.py] => lora_merge: False
2026-07-25 14:02:46,823 [trainer.py] => tuned_epoch: 2
2026-07-25 14:02:46,823 [trainer.py] => init_lr: 0.0003
2026-07-25 14:02:46,823 [trainer.py] => batch_size: 48
2026-07-25 14:02:46,823 [trainer.py] => weight_decay: 0.0005
2026-07-25 14:02:46,823 [trainer.py] => min_lr: 0.0
2026-07-25 14:02:46,823 [trainer.py] => model_name: seqlora
2026-07-25 14:02:46,823 [trainer.py] => device: [device(type='cuda', index=2)]
2026-07-25 14:02:46,823 [trainer.py] => boundary_mode: bounded_memory
2026-07-25 14:02:46,823 [trainer.py] => bm_budget_mb: 50
2026-07-25 14:02:46,823 [trainer.py] => stop_after_tasks: 4
2026-07-25 14:02:46,823 [trainer.py] => prefix: planc_smoke_seqlora
2026-07-25 14:02:48,446 [data_manager.py] => [68, 56, 78, 8, 23, 84, 90, 65, 74, 76, 40, 89, 3, 92, 55, 9, 26, 80, 43, 38, 58, 70, 77, 1, 85, 19, 17, 50, 28, 53, 13, 81, 45, 82, 6, 59, 83, 16, 15, 44, 91, 41, 72, 60, 79, 52, 20, 10, 31, 54, 37, 95, 14, 71, 96, 98, 97, 2, 64, 66, 42, 22, 35, 86, 24, 34, 87, 21, 99, 0, 88, 27, 18, 94, 11, 12, 47, 25, 30, 46, 62, 69, 36, 61, 7, 63, 75, 5, 32, 4, 51, 48, 73, 93, 39, 67, 29, 49, 57, 33]
2026-07-25 14:02:50,944 [bounded_memory_mixin.py] => [bounded_mem] stop_after_tasks=4 (of 10 total)
2026-07-25 14:02:51,031 [bounded_memory_mixin.py] => [bounded_mem] budget_mb=50.0 -> cycle=348 images (mean_task=5000.0 images, so this budget is 0.07x mean task size); 20000 total images -> 58 cycles (T=58 sessions); 20 eval checkpoints
2026-07-25 14:03:11,093 [bounded_memory_mixin.py] => [bounded_mem eval] volume 0.05 | cycle 2 | classes_seen 10 | CIL 68.70 | (nearest latent task ~0) | per-task [68.7]
2026-07-25 14:03:30,047 [bounded_memory_mixin.py] => [bounded_mem eval] volume 0.10 | cycle 5 | classes_seen 10 | CIL 95.00 | (nearest latent task ~0) | per-task [95.0]
2026-07-25 14:03:49,131 [bounded_memory_mixin.py] => [bounded_mem eval] volume 0.15 | cycle 8 | classes_seen 10 | CIL 96.90 | (nearest latent task ~0) | per-task [96.9]
2026-07-25 14:04:08,203 [bounded_memory_mixin.py] => [bounded_mem eval] volume 0.20 | cycle 11 | classes_seen 10 | CIL 97.10 | (nearest latent task ~0) | per-task [97.1]
2026-07-25 14:04:30,115 [bounded_memory_mixin.py] => [bounded_mem eval] volume 0.25 | cycle 14 | classes_seen 20 | CIL 49.00 | (nearest latent task ~1) | per-task [97.0, 1.0]
2026-07-25 14:04:44,973 [trainer.py] => config: exps/planc_smoke/seqlora_smoke.json
2026-07-25 14:04:44,973 [trainer.py] => dataset: cifar224
2026-07-25 14:04:44,973 [trainer.py] => memory_size: 0
2026-07-25 14:04:44,973 [trainer.py] => memory_per_class: 0
2026-07-25 14:04:44,973 [trainer.py] => fixed_memory: False
2026-07-25 14:04:44,973 [trainer.py] => shuffle: True
2026-07-25 14:04:44,973 [trainer.py] => init_cls: 10
2026-07-25 14:04:44,973 [trainer.py] => increment: 10
2026-07-25 14:04:44,973 [trainer.py] => seed: 1993
2026-07-25 14:04:44,973 [trainer.py] => scenario: cil
2026-07-25 14:04:44,973 [trainer.py] => pretrained: True
2026-07-25 14:04:44,973 [trainer.py] => print_forget: False
2026-07-25 14:04:44,973 [trainer.py] => final_metrics: False
2026-07-25 14:04:44,973 [trainer.py] => backbone_type: vit_base_patch16_224_lora
2026-07-25 14:04:44,973 [trainer.py] => lora_rank: 10
2026-07-25 14:04:44,973 [trainer.py] => lora_alpha: None
2026-07-25 14:04:44,973 [trainer.py] => lora_merge: False
2026-07-25 14:04:44,973 [trainer.py] => tuned_epoch: 2
2026-07-25 14:04:44,974 [trainer.py] => init_lr: 0.0003
2026-07-25 14:04:44,974 [trainer.py] => batch_size: 48
2026-07-25 14:04:44,974 [trainer.py] => weight_decay: 0.0005
2026-07-25 14:04:44,974 [trainer.py] => min_lr: 0.0
2026-07-25 14:04:44,974 [trainer.py] => model_name: seqlora
2026-07-25 14:04:44,974 [trainer.py] => device: [device(type='cuda', index=2)]
2026-07-25 14:04:44,974 [trainer.py] => boundary_mode: bounded_memory
2026-07-25 14:04:44,974 [trainer.py] => bm_budget_mb: 50
2026-07-25 14:04:44,974 [trainer.py] => stop_after_tasks: 4
2026-07-25 14:04:44,974 [trainer.py] => prefix: planc_smoke_seqlora
2026-07-25 14:04:46,623 [data_manager.py] => [68, 56, 78, 8, 23, 84, 90, 65, 74, 76, 40, 89, 3, 92, 55, 9, 26, 80, 43, 38, 58, 70, 77, 1, 85, 19, 17, 50, 28, 53, 13, 81, 45, 82, 6, 59, 83, 16, 15, 44, 91, 41, 72, 60, 79, 52, 20, 10, 31, 54, 37, 95, 14, 71, 96, 98, 97, 2, 64, 66, 42, 22, 35, 86, 24, 34, 87, 21, 99, 0, 88, 27, 18, 94, 11, 12, 47, 25, 30, 46, 62, 69, 36, 61, 7, 63, 75, 5, 32, 4, 51, 48, 73, 93, 39, 67, 29, 49, 57, 33]
2026-07-25 14:04:49,131 [bounded_memory_mixin.py] => [bounded_mem] stop_after_tasks=4 (of 10 total)
2026-07-25 14:04:49,223 [bounded_memory_mixin.py] => [bounded_mem] budget_mb=50.0 -> cycle=348 images (mean_task=5000.0 images, so this budget is 0.07x mean task size); 20000 total images -> 58 cycles (T=58 sessions); 20 eval checkpoints
2026-07-25 14:05:09,930 [bounded_memory_mixin.py] => [bounded_mem eval] volume 0.05 | cycle 2 | classes_seen 10 | CIL 68.70 | (nearest latent task ~0) | per-task [68.7]
2026-07-25 14:41:46,900 [trainer.py] => config: exps/planc_smoke/seqlora_smoke.json
2026-07-25 14:41:46,900 [trainer.py] => dataset: cifar224
2026-07-25 14:41:46,901 [trainer.py] => memory_size: 0
2026-07-25 14:41:46,901 [trainer.py] => memory_per_class: 0
2026-07-25 14:41:46,901 [trainer.py] => fixed_memory: False
2026-07-25 14:41:46,901 [trainer.py] => shuffle: True
2026-07-25 14:41:46,901 [trainer.py] => init_cls: 10
2026-07-25 14:41:46,901 [trainer.py] => increment: 10
2026-07-25 14:41:46,901 [trainer.py] => seed: 1993
2026-07-25 14:41:46,901 [trainer.py] => scenario: cil
2026-07-25 14:41:46,901 [trainer.py] => pretrained: True
2026-07-25 14:41:46,901 [trainer.py] => print_forget: False
2026-07-25 14:41:46,901 [trainer.py] => final_metrics: False
2026-07-25 14:41:46,901 [trainer.py] => backbone_type: vit_base_patch16_224_lora
2026-07-25 14:41:46,901 [trainer.py] => lora_rank: 10
2026-07-25 14:41:46,901 [trainer.py] => lora_alpha: None
2026-07-25 14:41:46,901 [trainer.py] => lora_merge: False
2026-07-25 14:41:46,901 [trainer.py] => tuned_epoch: 2
2026-07-25 14:41:46,901 [trainer.py] => init_lr: 0.0003
2026-07-25 14:41:46,901 [trainer.py] => batch_size: 48
2026-07-25 14:41:46,901 [trainer.py] => weight_decay: 0.0005
2026-07-25 14:41:46,901 [trainer.py] => min_lr: 0.0
2026-07-25 14:41:46,901 [trainer.py] => model_name: seqlora
2026-07-25 14:41:46,901 [trainer.py] => device: [device(type='cuda', index=2)]
2026-07-25 14:41:46,902 [trainer.py] => boundary_mode: bounded_memory
2026-07-25 14:41:46,902 [trainer.py] => bm_budget_mb: 50
2026-07-25 14:41:46,902 [trainer.py] => stop_after_tasks: 4
2026-07-25 14:41:46,902 [trainer.py] => prefix: planc_smoke_seqlora
2026-07-25 14:41:48,518 [data_manager.py] => [68, 56, 78, 8, 23, 84, 90, 65, 74, 76, 40, 89, 3, 92, 55, 9, 26, 80, 43, 38, 58, 70, 77, 1, 85, 19, 17, 50, 28, 53, 13, 81, 45, 82, 6, 59, 83, 16, 15, 44, 91, 41, 72, 60, 79, 52, 20, 10, 31, 54, 37, 95, 14, 71, 96, 98, 97, 2, 64, 66, 42, 22, 35, 86, 24, 34, 87, 21, 99, 0, 88, 27, 18, 94, 11, 12, 47, 25, 30, 46, 62, 69, 36, 61, 7, 63, 75, 5, 32, 4, 51, 48, 73, 93, 39, 67, 29, 49, 57, 33]
2026-07-25 14:41:51,039 [bounded_memory_mixin.py] => [bounded_mem] stop_after_tasks=4 (of 10 total)
2026-07-25 14:41:51,131 [bounded_memory_mixin.py] => [bounded_mem] budget_mb=50.0 -> cycle=348 images (mean_task=5000.0 images, so this budget is 0.07x mean task size); 20000 total images -> 58 cycles (T=58 sessions); 20 eval checkpoints
2026-07-25 14:42:11,315 [bounded_memory_mixin.py] => [bounded_mem eval] volume 0.05 | cycle 2 | classes_seen 10 | CIL top1 68.70 | top5 96.30 | (nearest latent task ~0) | per-task [68.7]
2026-07-26 15:25:08,286 [trainer.py] => config: exps/planc_smoke/seqlora_smoke.json
2026-07-26 15:25:08,286 [trainer.py] => dataset: cifar224
2026-07-26 15:25:08,286 [trainer.py] => memory_size: 0
2026-07-26 15:25:08,286 [trainer.py] => memory_per_class: 0
2026-07-26 15:25:08,286 [trainer.py] => fixed_memory: False
2026-07-26 15:25:08,286 [trainer.py] => shuffle: True
2026-07-26 15:25:08,286 [trainer.py] => init_cls: 10
2026-07-26 15:25:08,286 [trainer.py] => increment: 10
2026-07-26 15:25:08,286 [trainer.py] => seed: 1993
2026-07-26 15:25:08,286 [trainer.py] => scenario: cil
2026-07-26 15:25:08,286 [trainer.py] => pretrained: True
2026-07-26 15:25:08,286 [trainer.py] => print_forget: False
2026-07-26 15:25:08,286 [trainer.py] => final_metrics: False
2026-07-26 15:25:08,286 [trainer.py] => backbone_type: vit_base_patch16_224_lora
2026-07-26 15:25:08,286 [trainer.py] => lora_rank: 10
2026-07-26 15:25:08,286 [trainer.py] => lora_alpha: None
2026-07-26 15:25:08,286 [trainer.py] => lora_merge: False
2026-07-26 15:25:08,286 [trainer.py] => tuned_epoch: 2
2026-07-26 15:25:08,287 [trainer.py] => init_lr: 0.0003
2026-07-26 15:25:08,287 [trainer.py] => batch_size: 48
2026-07-26 15:25:08,287 [trainer.py] => weight_decay: 0.0005
2026-07-26 15:25:08,287 [trainer.py] => min_lr: 0.0
2026-07-26 15:25:08,287 [trainer.py] => model_name: seqlora
2026-07-26 15:25:08,287 [trainer.py] => device: [device(type='cuda', index=2)]
2026-07-26 15:25:08,287 [trainer.py] => boundary_mode: bounded_memory
2026-07-26 15:25:08,287 [trainer.py] => bm_budget_mb: 50
2026-07-26 15:25:08,287 [trainer.py] => stop_after_tasks: 4
2026-07-26 15:25:08,287 [trainer.py] => prefix: planc_smoke_seqlora
2026-07-26 15:25:09,901 [data_manager.py] => [68, 56, 78, 8, 23, 84, 90, 65, 74, 76, 40, 89, 3, 92, 55, 9, 26, 80, 43, 38, 58, 70, 77, 1, 85, 19, 17, 50, 28, 53, 13, 81, 45, 82, 6, 59, 83, 16, 15, 44, 91, 41, 72, 60, 79, 52, 20, 10, 31, 54, 37, 95, 14, 71, 96, 98, 97, 2, 64, 66, 42, 22, 35, 86, 24, 34, 87, 21, 99, 0, 88, 27, 18, 94, 11, 12, 47, 25, 30, 46, 62, 69, 36, 61, 7, 63, 75, 5, 32, 4, 51, 48, 73, 93, 39, 67, 29, 49, 57, 33]
2026-07-26 15:25:12,404 [bounded_memory_mixin.py] => [bounded_mem] stop_after_tasks=4 (of 10 total)
2026-07-26 15:25:12,437 [bounded_memory_mixin.py] => [bounded_mem] budget_mb=50.0 -> cycle=348 images (mean_task=5000.0 images, so this budget is 0.07x mean task size); 20000 total images -> 58 cycles (T=58 sessions); 20 eval checkpoints
2026-07-26 15:25:32,105 [bounded_memory_mixin.py] => [bounded_mem eval] volume 0.05 | cycle 2 | classes_seen 10 | CIL top1 73.20 | top5 97.00 | (nearest latent task ~0) | per-task [73.2]
2026-07-26 15:25:50,626 [bounded_memory_mixin.py] => [bounded_mem eval] volume 0.10 | cycle 5 | classes_seen 10 | CIL top1 95.90 | top5 99.60 | (nearest latent task ~0) | per-task [95.9]
2026-07-26 15:26:09,147 [bounded_memory_mixin.py] => [bounded_mem eval] volume 0.15 | cycle 8 | classes_seen 10 | CIL top1 96.80 | top5 99.60 | (nearest latent task ~0) | per-task [96.8]
2026-07-26 15:26:27,713 [bounded_memory_mixin.py] => [bounded_mem eval] volume 0.20 | cycle 11 | classes_seen 10 | CIL top1 98.00 | top5 99.70 | (nearest latent task ~0) | per-task [98.0]
2026-07-26 15:26:48,894 [bounded_memory_mixin.py] => [bounded_mem eval] volume 0.25 | cycle 14 | classes_seen 20 | CIL top1 61.75 | top5 83.95 | (nearest latent task ~1) | per-task [91.5, 32.0]
