2026-07-20 22:28:58,181 [trainer.py] => config: exps/review/scale1_lr4x_check/seqlora_cifar224.json
2026-07-20 22:28:58,181 [trainer.py] => prefix: scale1_lr4x_check_seqlora_cifar224
2026-07-20 22:28:58,181 [trainer.py] => dataset: cifar224
2026-07-20 22:28:58,181 [trainer.py] => memory_size: 0
2026-07-20 22:28:58,181 [trainer.py] => memory_per_class: 0
2026-07-20 22:28:58,181 [trainer.py] => fixed_memory: False
2026-07-20 22:28:58,181 [trainer.py] => shuffle: True
2026-07-20 22:28:58,181 [trainer.py] => init_cls: 10
2026-07-20 22:28:58,181 [trainer.py] => increment: 10
2026-07-20 22:28:58,181 [trainer.py] => model_name: seqlora
2026-07-20 22:28:58,181 [trainer.py] => backbone_type: vit_base_patch16_224_lora
2026-07-20 22:28:58,181 [trainer.py] => device: [device(type='cuda', index=0)]
2026-07-20 22:28:58,182 [trainer.py] => seed: 1993
2026-07-20 22:28:58,182 [trainer.py] => scenario: both
2026-07-20 22:28:58,182 [trainer.py] => lora_rank: 10
2026-07-20 22:28:58,182 [trainer.py] => lora_alpha: None
2026-07-20 22:28:58,182 [trainer.py] => lora_merge: True
2026-07-20 22:28:58,182 [trainer.py] => tuned_epoch: 10
2026-07-20 22:28:58,182 [trainer.py] => init_lr: 0.002
2026-07-20 22:28:58,182 [trainer.py] => batch_size: 48
2026-07-20 22:28:58,182 [trainer.py] => weight_decay: 0.0005
2026-07-20 22:28:58,182 [trainer.py] => min_lr: 0.0
2026-07-20 22:28:58,182 [trainer.py] => pretrained: True
2026-07-20 22:28:58,182 [trainer.py] => print_forget: True
2026-07-20 22:28:58,182 [trainer.py] => stop_after_tasks: 5
2026-07-20 22:28:58,182 [trainer.py] => final_metrics: True
2026-07-20 22:28:59,821 [data_manager.py] => [68, 56, 78, 8, 23, 84, 90, 65, 74, 76, 40, 89, 3, 92, 55, 9, 26, 80, 43, 38, 58, 70, 77, 1, 85, 19, 17, 50, 28, 53, 13, 81, 45, 82, 6, 59, 83, 16, 15, 44, 91, 41, 72, 60, 79, 52, 20, 10, 31, 54, 37, 95, 14, 71, 96, 98, 97, 2, 64, 66, 42, 22, 35, 86, 24, 34, 87, 21, 99, 0, 88, 27, 18, 94, 11, 12, 47, 25, 30, 46, 62, 69, 36, 61, 7, 63, 75, 5, 32, 4, 51, 48, 73, 93, 39, 67, 29, 49, 57, 33]
2026-07-20 22:29:02,768 [trainer.py] => stop_after_tasks=5 (of 10 total)
2026-07-20 22:29:03,136 [trainer.py] => All params: 89485056
2026-07-20 22:29:03,137 [trainer.py] => Trainable params: 3686400
2026-07-20 22:29:03,138 [lora.py] => Learning on 0-10
2026-07-20 22:29:03,142 [lora.py] => Trainable params this task: 376,330 / 89,492,746
2026-07-20 22:34:35,833 [trainer.py] => config: exps/review/scale1_lr4x_check/seqlora_cifar224.json
2026-07-20 22:34:35,833 [trainer.py] => prefix: scale1_lr4x_check_seqlora_cifar224
2026-07-20 22:34:35,833 [trainer.py] => dataset: cifar224
2026-07-20 22:34:35,833 [trainer.py] => memory_size: 0
2026-07-20 22:34:35,833 [trainer.py] => memory_per_class: 0
2026-07-20 22:34:35,833 [trainer.py] => fixed_memory: False
2026-07-20 22:34:35,833 [trainer.py] => shuffle: True
2026-07-20 22:34:35,833 [trainer.py] => init_cls: 10
2026-07-20 22:34:35,833 [trainer.py] => increment: 10
2026-07-20 22:34:35,833 [trainer.py] => model_name: seqlora
2026-07-20 22:34:35,833 [trainer.py] => backbone_type: vit_base_patch16_224_lora
2026-07-20 22:34:35,833 [trainer.py] => device: [device(type='cuda', index=0)]
2026-07-20 22:34:35,834 [trainer.py] => seed: 1993
2026-07-20 22:34:35,834 [trainer.py] => scenario: both
2026-07-20 22:34:35,834 [trainer.py] => lora_rank: 10
2026-07-20 22:34:35,834 [trainer.py] => lora_alpha: None
2026-07-20 22:34:35,834 [trainer.py] => lora_merge: True
2026-07-20 22:34:35,834 [trainer.py] => tuned_epoch: 10
2026-07-20 22:34:35,834 [trainer.py] => init_lr: 0.002
2026-07-20 22:34:35,834 [trainer.py] => batch_size: 48
2026-07-20 22:34:35,834 [trainer.py] => weight_decay: 0.0005
2026-07-20 22:34:35,834 [trainer.py] => min_lr: 0.0
2026-07-20 22:34:35,834 [trainer.py] => pretrained: True
2026-07-20 22:34:35,834 [trainer.py] => print_forget: True
2026-07-20 22:34:35,834 [trainer.py] => stop_after_tasks: 5
2026-07-20 22:34:35,834 [trainer.py] => final_metrics: True
2026-07-20 22:34:37,484 [data_manager.py] => [68, 56, 78, 8, 23, 84, 90, 65, 74, 76, 40, 89, 3, 92, 55, 9, 26, 80, 43, 38, 58, 70, 77, 1, 85, 19, 17, 50, 28, 53, 13, 81, 45, 82, 6, 59, 83, 16, 15, 44, 91, 41, 72, 60, 79, 52, 20, 10, 31, 54, 37, 95, 14, 71, 96, 98, 97, 2, 64, 66, 42, 22, 35, 86, 24, 34, 87, 21, 99, 0, 88, 27, 18, 94, 11, 12, 47, 25, 30, 46, 62, 69, 36, 61, 7, 63, 75, 5, 32, 4, 51, 48, 73, 93, 39, 67, 29, 49, 57, 33]
2026-07-20 22:34:40,140 [trainer.py] => stop_after_tasks=5 (of 10 total)
2026-07-20 22:34:40,646 [trainer.py] => All params: 89485056
2026-07-20 22:34:40,648 [trainer.py] => Trainable params: 3686400
2026-07-20 22:34:40,648 [lora.py] => Learning on 0-10
2026-07-20 22:34:40,652 [lora.py] => Trainable params this task: 376,330 / 89,492,746
2026-07-20 22:39:49,353 [lora.py] => Task 0 finished. Train_accy 94.88
2026-07-20 22:39:56,435 [til_base.py] => TIL top1: 99.0
2026-07-20 22:39:56,436 [til_base.py] => CIL top1: 99.0 | TIL top1: 99.0
2026-07-20 22:39:56,439 [trainer.py] => No NME accuracy.
2026-07-20 22:39:56,439 [trainer.py] => CNN: {'total': 99.0, '00-09': 99.0, 'old': 0, 'new': 99.0}
2026-07-20 22:39:56,439 [trainer.py] => CNN top1 curve: [99.0]
2026-07-20 22:39:56,439 [trainer.py] => CNN top5 curve: [99.9]

2026-07-20 22:39:56,439 [trainer.py] => Average Accuracy (CNN): 99.0 

2026-07-20 22:39:56,441 [trainer.py] => All params: 89492746
2026-07-20 22:39:56,442 [trainer.py] => Trainable params: 376330
2026-07-20 22:39:56,443 [lora.py] => Learning on 10-20
2026-07-20 22:39:56,447 [lora.py] => Trainable params this task: 384,020 / 89,500,436
2026-07-20 22:45:05,296 [lora.py] => Task 1 finished. Train_accy 93.46
2026-07-20 22:45:18,831 [til_base.py] => TIL top1: 98.45
2026-07-20 22:45:18,831 [til_base.py] => CIL top1: 94.6 | TIL top1: 98.45
2026-07-20 22:45:18,834 [trainer.py] => No NME accuracy.
2026-07-20 22:45:18,834 [trainer.py] => CNN: {'total': 94.6, '00-09': 91.1, '10-19': 98.1, 'old': 91.1, 'new': 98.1}
2026-07-20 22:45:18,835 [trainer.py] => CNN top1 curve: [99.0, 94.6]
2026-07-20 22:45:18,835 [trainer.py] => CNN top5 curve: [99.9, 99.45]

2026-07-20 22:45:18,835 [trainer.py] => Average Accuracy (CNN): 96.8 

2026-07-20 22:45:18,836 [trainer.py] => All params: 89500436
2026-07-20 22:45:18,837 [trainer.py] => Trainable params: 384020
2026-07-20 22:45:18,838 [lora.py] => Learning on 20-30
2026-07-20 22:45:18,843 [lora.py] => Trainable params this task: 391,710 / 89,508,126
2026-07-20 22:50:28,671 [lora.py] => Task 2 finished. Train_accy 96.14
2026-07-20 22:50:48,857 [til_base.py] => TIL top1: 98.07
2026-07-20 22:50:48,857 [til_base.py] => CIL top1: 84.17 | TIL top1: 98.07
2026-07-20 22:50:48,861 [trainer.py] => No NME accuracy.
2026-07-20 22:50:48,861 [trainer.py] => CNN: {'total': 84.17, '00-09': 69.2, '10-19': 84.0, '20-29': 99.3, 'old': 76.6, 'new': 99.3}
2026-07-20 22:50:48,861 [trainer.py] => CNN top1 curve: [99.0, 94.6, 84.17]
2026-07-20 22:50:48,861 [trainer.py] => CNN top5 curve: [99.9, 99.45, 98.97]

2026-07-20 22:50:48,861 [trainer.py] => Average Accuracy (CNN): 92.58999999999999 

2026-07-20 22:50:48,862 [trainer.py] => All params: 89508126
2026-07-20 22:50:48,864 [trainer.py] => Trainable params: 391710
2026-07-20 22:50:48,865 [lora.py] => Learning on 30-40
2026-07-20 22:50:48,869 [lora.py] => Trainable params this task: 399,400 / 89,515,816
2026-07-20 22:55:58,106 [lora.py] => Task 3 finished. Train_accy 94.70
2026-07-20 22:56:24,797 [til_base.py] => TIL top1: 97.75
2026-07-20 22:56:24,797 [til_base.py] => CIL top1: 83.18 | TIL top1: 97.75
2026-07-20 22:56:24,800 [trainer.py] => No NME accuracy.
2026-07-20 22:56:24,800 [trainer.py] => CNN: {'total': 83.18, '00-09': 62.3, '10-19': 78.3, '20-29': 95.1, '30-39': 97.0, 'old': 78.57, 'new': 97.0}
2026-07-20 22:56:24,800 [trainer.py] => CNN top1 curve: [99.0, 94.6, 84.17, 83.18]
2026-07-20 22:56:24,801 [trainer.py] => CNN top5 curve: [99.9, 99.45, 98.97, 98.6]

2026-07-20 22:56:24,801 [trainer.py] => Average Accuracy (CNN): 90.2375 

2026-07-20 22:56:24,802 [trainer.py] => All params: 89515816
2026-07-20 22:56:24,803 [trainer.py] => Trainable params: 399400
2026-07-20 22:56:24,804 [lora.py] => Learning on 40-50
2026-07-20 22:56:24,809 [lora.py] => Trainable params this task: 407,090 / 89,523,506
2026-07-20 23:01:32,860 [lora.py] => Task 4 finished. Train_accy 95.78
2026-07-20 23:02:05,978 [til_base.py] => TIL top1: 97.02
2026-07-20 23:02:05,978 [til_base.py] => CIL top1: 74.46 | TIL top1: 97.02
2026-07-20 23:02:05,982 [trainer.py] => No NME accuracy.
2026-07-20 23:02:05,982 [trainer.py] => CNN: {'total': 74.46, '00-09': 49.8, '10-19': 59.4, '20-29': 83.1, '30-39': 81.7, '40-49': 98.3, 'old': 68.5, 'new': 98.3}
2026-07-20 23:02:05,982 [trainer.py] => CNN top1 curve: [99.0, 94.6, 84.17, 83.18, 74.46]
2026-07-20 23:02:05,982 [trainer.py] => CNN top5 curve: [99.9, 99.45, 98.97, 98.6, 97.62]

2026-07-20 23:02:05,982 [trainer.py] => Average Accuracy (CNN): 87.082 

2026-07-20 23:02:08,585 [metrics_logger.py] => [metrics] wrote run_logs/final/seqlora/metrics_seqlora_cifar224_scale1_lr4x_check_seqlora_cifar224_s1993.json
2026-07-20 23:02:08,586 [trainer.py] => Forgetting (CNN): 29.85
2026-07-20 23:02:08,586 [trainer.py] => Forgetting (NME): 29.85
2026-07-20 23:02:08,586 [trainer.py] => Forgetting (TIL): 2.349999999999998
