2026-07-19 20:55:26,152 [trainer.py] => config: exps/review/three_task_check_bs48_lr3e4/food101_sketchlora.json
2026-07-19 20:55:26,152 [trainer.py] => dataset: food101
2026-07-19 20:55:26,152 [trainer.py] => memory_size: 0
2026-07-19 20:55:26,153 [trainer.py] => memory_per_class: 0
2026-07-19 20:55:26,153 [trainer.py] => fixed_memory: False
2026-07-19 20:55:26,153 [trainer.py] => shuffle: True
2026-07-19 20:55:26,153 [trainer.py] => init_cls: 6
2026-07-19 20:55:26,153 [trainer.py] => increment: 5
2026-07-19 20:55:26,153 [trainer.py] => seed: 1993
2026-07-19 20:55:26,153 [trainer.py] => scenario: cil
2026-07-19 20:55:26,153 [trainer.py] => stop_after_tasks: 3
2026-07-19 20:55:26,153 [trainer.py] => pretrained: True
2026-07-19 20:55:26,153 [trainer.py] => print_forget: True
2026-07-19 20:55:26,153 [trainer.py] => final_metrics: True
2026-07-19 20:55:26,153 [trainer.py] => backbone_type: vit_base_patch16_224_lora
2026-07-19 20:55:26,153 [trainer.py] => lora_rank: 8
2026-07-19 20:55:26,153 [trainer.py] => lora_alpha: 32
2026-07-19 20:55:26,153 [trainer.py] => tuned_epoch: 10
2026-07-19 20:55:26,153 [trainer.py] => init_lr: 0.0003
2026-07-19 20:55:26,153 [trainer.py] => batch_size: 48
2026-07-19 20:55:26,153 [trainer.py] => weight_decay: 0.0005
2026-07-19 20:55:26,153 [trainer.py] => min_lr: 0.0
2026-07-19 20:55:26,153 [trainer.py] => model_name: sketchlora
2026-07-19 20:55:26,153 [trainer.py] => lora_merge: True
2026-07-19 20:55:26,153 [trainer.py] => lora_train_merge: True
2026-07-19 20:55:26,153 [trainer.py] => svd_rank: 8
2026-07-19 20:55:26,153 [trainer.py] => svd_oversampling: 10
2026-07-19 20:55:26,154 [trainer.py] => svd_energy_target: 0.01
2026-07-19 20:55:26,154 [trainer.py] => lora_n_slots: 2
2026-07-19 20:55:26,154 [trainer.py] => device: [device(type='cuda', index=2)]
2026-07-19 20:55:26,154 [trainer.py] => prefix: three_task_check_bs48lr3e4_food101_sketchlora
2026-07-19 20:55:26,426 [data_manager.py] => [68, 56, 78, 8, 23, 84, 90, 65, 74, 76, 40, 89, 3, 92, 55, 9, 26, 80, 43, 38, 58, 70, 77, 1, 85, 19, 17, 50, 28, 53, 13, 81, 45, 82, 6, 59, 83, 16, 15, 44, 91, 41, 72, 60, 79, 52, 20, 10, 31, 54, 37, 95, 14, 71, 96, 99, 98, 2, 64, 66, 42, 22, 35, 86, 24, 34, 87, 21, 100, 0, 88, 27, 18, 94, 11, 12, 47, 25, 30, 46, 62, 69, 36, 61, 7, 63, 75, 5, 32, 4, 51, 48, 73, 93, 39, 67, 29, 97, 49, 57, 33]
2026-07-19 20:55:29,117 [trainer.py] => stop_after_tasks=3 (of 20 total)
2026-07-19 20:55:29,332 [trainer.py] => All params: 86388480
2026-07-19 20:55:29,332 [trainer.py] => Trainable params: 589824
2026-07-19 20:55:29,639 [lora.py] => Learning on 0-6
2026-07-19 20:55:29,641 [lora.py] => Trainable params this task: 299,526 / 86,393,094
2026-07-19 21:00:11,907 [lora.py] => Task 0 finished. Train_accy 97.38
2026-07-19 21:00:15,764 [sketchlora.py] => [SketchDiag] task 0: retained-energy mean=0.998 min=0.990 | ||ΔW||_F mean=0.299 | r_hat mean=7.5 total=179
2026-07-19 21:00:21,211 [trainer.py] => No NME accuracy.
2026-07-19 21:00:21,211 [trainer.py] => CNN: {'total': 98.8, '00-05': 98.8, 'old': 0, 'new': 98.8}
2026-07-19 21:00:21,211 [trainer.py] => CNN top1 curve: [98.8]
2026-07-19 21:00:21,211 [trainer.py] => CNN top5 curve: [100.0]

2026-07-19 21:00:21,211 [trainer.py] => Average Accuracy (CNN): 98.8 

2026-07-19 21:00:21,212 [trainer.py] => All params: 86373126
2026-07-19 21:00:21,213 [trainer.py] => Trainable params: 299526
2026-07-19 21:00:21,213 [lora.py] => Learning on 6-11
2026-07-19 21:00:21,215 [lora.py] => Trainable params this task: 303,371 / 86,376,971
2026-07-19 21:04:18,370 [lora.py] => Task 1 finished. Train_accy 98.88
2026-07-19 21:04:21,526 [sketchlora.py] => [SketchDiag] task 1: retained-energy mean=0.994 min=0.990 | ||ΔW||_F mean=0.392 | r_hat mean=14.2 total=340
2026-07-19 21:04:30,809 [trainer.py] => No NME accuracy.
2026-07-19 21:04:30,809 [trainer.py] => CNN: {'total': 90.25, '00-05': 82.87, '06-10': 99.12, 'old': 82.87, 'new': 99.12}
2026-07-19 21:04:30,809 [trainer.py] => CNN top1 curve: [98.8, 90.25]
2026-07-19 21:04:30,809 [trainer.py] => CNN top5 curve: [100.0, 100.0]

2026-07-19 21:04:30,809 [trainer.py] => Average Accuracy (CNN): 94.525 

2026-07-19 21:04:30,810 [trainer.py] => All params: 86624267
2026-07-19 21:04:30,810 [trainer.py] => Trainable params: 303371
2026-07-19 21:04:30,811 [lora.py] => Learning on 11-16
2026-07-19 21:04:30,813 [lora.py] => Trainable params this task: 307,216 / 86,628,112
2026-07-19 21:08:27,121 [lora.py] => Task 2 finished. Train_accy 97.92
2026-07-19 21:08:30,362 [sketchlora.py] => [SketchDiag] task 2: retained-energy mean=0.993 min=0.990 | ||ΔW||_F mean=0.476 | r_hat mean=20.4 total=489
2026-07-19 21:08:43,558 [trainer.py] => No NME accuracy.
2026-07-19 21:08:43,558 [trainer.py] => CNN: {'total': 85.05, '00-05': 68.13, '06-10': 92.4, '11-15': 98.0, 'old': 79.16, 'new': 98.0}
2026-07-19 21:08:43,559 [trainer.py] => CNN top1 curve: [98.8, 90.25, 85.05]
2026-07-19 21:08:43,559 [trainer.py] => CNN top5 curve: [100.0, 100.0, 99.52]

2026-07-19 21:08:43,559 [trainer.py] => Average Accuracy (CNN): 91.36666666666667 

2026-07-19 21:08:46,370 [metrics_logger.py] => [metrics] wrote run_logs/final/sketchlora/metrics_sketchlora_food101_three_task_check_bs48lr3e4_food101_sketchlora_s1993.json
2026-07-19 21:08:46,371 [trainer.py] => Forgetting (CNN): 18.695
2026-07-19 21:08:46,371 [trainer.py] => Forgetting (NME): 18.695
