2026-07-21 03:37:55,015 [trainer.py] => config: exps/review/overnight_hp_search/sun397_ep15.json
2026-07-21 03:37:55,015 [trainer.py] => prefix: overnight_sun397_ep15
2026-07-21 03:37:55,015 [trainer.py] => dataset: sun397
2026-07-21 03:37:55,015 [trainer.py] => memory_size: 0
2026-07-21 03:37:55,015 [trainer.py] => memory_per_class: 0
2026-07-21 03:37:55,015 [trainer.py] => fixed_memory: False
2026-07-21 03:37:55,015 [trainer.py] => shuffle: True
2026-07-21 03:37:55,015 [trainer.py] => init_cls: 37
2026-07-21 03:37:55,015 [trainer.py] => increment: 40
2026-07-21 03:37:55,015 [trainer.py] => model_name: sketchlora
2026-07-21 03:37:55,015 [trainer.py] => backbone_type: vit_base_patch16_224_lora
2026-07-21 03:37:55,015 [trainer.py] => device: [device(type='cuda', index=0)]
2026-07-21 03:37:55,015 [trainer.py] => seed: 1993
2026-07-21 03:37:55,015 [trainer.py] => scenario: both
2026-07-21 03:37:55,015 [trainer.py] => lora_rank: 10
2026-07-21 03:37:55,015 [trainer.py] => lora_alpha: None
2026-07-21 03:37:55,015 [trainer.py] => lora_merge: True
2026-07-21 03:37:55,015 [trainer.py] => lora_train_merge: True
2026-07-21 03:37:55,015 [trainer.py] => svd_rank: 10
2026-07-21 03:37:55,015 [trainer.py] => svd_oversampling: 10
2026-07-21 03:37:55,015 [trainer.py] => svd_energy_target: 0.01
2026-07-21 03:37:55,016 [trainer.py] => lora_n_slots: 2
2026-07-21 03:37:55,016 [trainer.py] => tuned_epoch: 15
2026-07-21 03:37:55,016 [trainer.py] => init_lr: 0.001
2026-07-21 03:37:55,016 [trainer.py] => batch_size: 48
2026-07-21 03:37:55,016 [trainer.py] => weight_decay: 0.0005
2026-07-21 03:37:55,016 [trainer.py] => min_lr: 0.0
2026-07-21 03:37:55,016 [trainer.py] => pretrained: True
2026-07-21 03:37:55,016 [trainer.py] => print_forget: True
2026-07-21 03:37:55,016 [trainer.py] => stop_after_tasks: 3
2026-07-21 03:37:55,016 [trainer.py] => final_metrics: True
2026-07-21 03:37:55,132 [data_manager.py] => [181, 7, 108, 112, 36, 93, 56, 28, 256, 133, 210, 159, 231, 352, 273, 3, 385, 162, 118, 305, 368, 26, 138, 374, 213, 267, 105, 101, 196, 193, 50, 73, 44, 23, 346, 375, 243, 120, 195, 70, 310, 89, 233, 77, 265, 14, 257, 119, 200, 122, 128, 103, 187, 336, 79, 78, 136, 294, 49, 142, 201, 2, 8, 97, 94, 253, 281, 324, 383, 166, 208, 335, 322, 176, 313, 293, 52, 57, 351, 289, 99, 30, 55, 80, 163, 271, 327, 6, 182, 146, 355, 300, 10, 186, 226, 217, 156, 59, 165, 395, 147, 282, 54, 137, 333, 157, 15, 27, 288, 316, 174, 369, 326, 274, 328, 171, 145, 229, 323, 126, 252, 0, 367, 330, 307, 214, 139, 236, 345, 117, 16, 223, 224, 35, 9, 291, 359, 98, 4, 275, 184, 179, 360, 266, 135, 170, 377, 262, 102, 150, 87, 151, 107, 378, 39, 161, 222, 255, 393, 379, 192, 20, 230, 339, 12, 240, 11, 353, 92, 238, 189, 290, 303, 272, 74, 42, 357, 258, 241, 292, 88, 246, 387, 204, 153, 298, 320, 64, 376, 389, 154, 343, 17, 63, 366, 228, 169, 68, 219, 269, 364, 121, 110, 75, 354, 109, 264, 245, 69, 284, 312, 344, 183, 297, 362, 66, 279, 32, 205, 221, 227, 116, 392, 76, 134, 53, 1, 91, 308, 283, 348, 325, 388, 199, 306, 260, 132, 356, 106, 45, 232, 31, 85, 19, 268, 143, 43, 129, 382, 175, 209, 235, 22, 390, 125, 104, 173, 380, 215, 216, 51, 21, 46, 315, 337, 311, 83, 396, 370, 248, 100, 203, 72, 131, 259, 341, 261, 48, 113, 82, 172, 299, 62, 168, 318, 180, 365, 373, 61, 254, 86, 286, 141, 296, 350, 249, 321, 314, 40, 65, 381, 301, 394, 90, 71, 167, 371, 212, 384, 96, 84, 127, 67, 178, 391, 197, 277, 18, 111, 58, 188, 347, 24, 81, 334, 60, 251, 13, 270, 319, 198, 363, 5, 278, 144, 340, 38, 207, 148, 386, 41, 338, 234, 237, 114, 276, 202, 287, 309, 37, 149, 206, 155, 29, 130, 177, 194, 152, 342, 332, 280, 34, 33, 239, 160, 140, 358, 47, 244, 25, 372, 158, 211, 123, 302, 190, 218, 164, 317, 247, 263, 191, 220, 115, 331, 361, 242, 250, 124, 304, 329, 349, 295, 95, 285, 225, 185]
2026-07-21 03:37:59,215 [trainer.py] => stop_after_tasks=3 (of 10 total)
2026-07-21 03:38:00,441 [trainer.py] => All params: 86535936
2026-07-21 03:38:00,442 [trainer.py] => Trainable params: 737280
2026-07-21 03:38:00,444 [lora.py] => Learning on 0-37
2026-07-21 03:38:00,448 [lora.py] => Trainable params this task: 397,093 / 86,564,389
2026-07-21 03:41:07,899 [lora.py] => Task 0 finished. Train_accy 97.19
2026-07-21 03:41:07,931 [sketchlora.py] => [SketchDiag] task 0: retained-energy mean=1.000 min=1.000 | ||ΔW||_F mean=1.189 | r_hat mean=10.0 total=240
2026-07-21 03:41:22,113 [til_base.py] => TIL top1: 91.35
2026-07-21 03:41:22,114 [til_base.py] => CIL top1: 91.35 | TIL top1: 91.35
2026-07-21 03:41:22,116 [trainer.py] => No NME accuracy.
2026-07-21 03:41:22,116 [trainer.py] => CNN: {'total': 91.35, '00-36': 91.35, 'old': 0, 'new': 91.35}
2026-07-21 03:41:22,116 [trainer.py] => CNN top1 curve: [91.35]
2026-07-21 03:41:22,117 [trainer.py] => CNN top5 curve: [99.51]

2026-07-21 03:41:22,117 [trainer.py] => Average Accuracy (CNN): 91.35 

2026-07-21 03:41:22,118 [trainer.py] => All params: 86564389
2026-07-21 03:41:22,119 [trainer.py] => Trainable params: 397093
2026-07-21 03:41:22,121 [lora.py] => Learning on 37-77
2026-07-21 03:41:22,124 [lora.py] => Trainable params this task: 427,853 / 86,595,149
2026-07-21 03:44:44,420 [lora.py] => Task 1 finished. Train_accy 97.15
2026-07-21 03:44:47,407 [sketchlora.py] => [SketchDiag] task 1: retained-energy mean=0.992 min=0.990 | ||ΔW||_F mean=1.742 | r_hat mean=16.4 total=394
2026-07-21 03:45:15,811 [til_base.py] => TIL top1: 92.73
2026-07-21 03:45:15,811 [til_base.py] => CIL top1: 84.83 | TIL top1: 92.73
2026-07-21 03:45:15,813 [trainer.py] => No NME accuracy.
2026-07-21 03:45:15,813 [trainer.py] => CNN: {'total': 84.83, '00-36': 81.24, '37-76': 88.15, 'old': 81.24, 'new': 88.15}
2026-07-21 03:45:15,813 [trainer.py] => CNN top1 curve: [91.35, 84.83]
2026-07-21 03:45:15,813 [trainer.py] => CNN top5 curve: [99.51, 98.73]

2026-07-21 03:45:15,813 [trainer.py] => Average Accuracy (CNN): 88.09 

2026-07-21 03:45:15,814 [trainer.py] => All params: 86831693
2026-07-21 03:45:15,814 [trainer.py] => Trainable params: 427853
2026-07-21 03:45:15,816 [lora.py] => Learning on 77-117
2026-07-21 03:45:15,818 [lora.py] => Trainable params this task: 458,613 / 86,862,453
2026-07-21 03:48:37,139 [lora.py] => Task 2 finished. Train_accy 96.85
2026-07-21 03:48:39,975 [sketchlora.py] => [SketchDiag] task 2: retained-energy mean=0.992 min=0.990 | ||ΔW||_F mean=2.152 | r_hat mean=22.5 total=541
2026-07-21 03:49:22,236 [til_base.py] => TIL top1: 91.79
2026-07-21 03:49:22,236 [til_base.py] => CIL top1: 78.29 | TIL top1: 91.79
2026-07-21 03:49:22,238 [trainer.py] => No NME accuracy.
2026-07-21 03:49:22,238 [trainer.py] => CNN: {'total': 78.29, '00-36': 68.0, '37-76': 80.65, '77-116': 85.45, 'old': 74.57, 'new': 85.45}
2026-07-21 03:49:22,238 [trainer.py] => CNN top1 curve: [91.35, 84.83, 78.29]
2026-07-21 03:49:22,238 [trainer.py] => CNN top5 curve: [99.51, 98.73, 97.16]

2026-07-21 03:49:22,238 [trainer.py] => Average Accuracy (CNN): 84.82333333333334 

2026-07-21 03:49:26,599 [metrics_logger.py] => [metrics] wrote run_logs/final/sketchlora/metrics_sketchlora_sun397_overnight_sun397_ep15_s1993.json
2026-07-21 03:49:26,599 [trainer.py] => Forgetting (CNN): 15.424999999999997
2026-07-21 03:49:26,599 [trainer.py] => Forgetting (NME): 15.424999999999997
2026-07-21 03:49:26,599 [trainer.py] => Forgetting (TIL): 1.6399999999999935
