2026-07-23 09:09:49,717 [trainer.py] => config: exps/final_vision/imagenetr_olora_s1995.json
2026-07-23 09:09:49,718 [trainer.py] => dataset: imagenetr
2026-07-23 09:09:49,718 [trainer.py] => memory_size: 0
2026-07-23 09:09:49,718 [trainer.py] => memory_per_class: 0
2026-07-23 09:09:49,718 [trainer.py] => fixed_memory: False
2026-07-23 09:09:49,718 [trainer.py] => shuffle: True
2026-07-23 09:09:49,718 [trainer.py] => init_cls: 10
2026-07-23 09:09:49,718 [trainer.py] => increment: 10
2026-07-23 09:09:49,718 [trainer.py] => seed: 1995
2026-07-23 09:09:49,718 [trainer.py] => scenario: cil
2026-07-23 09:09:49,718 [trainer.py] => pretrained: True
2026-07-23 09:09:49,718 [trainer.py] => print_forget: True
2026-07-23 09:09:49,718 [trainer.py] => final_metrics: True
2026-07-23 09:09:49,718 [trainer.py] => backbone_type: vit_base_patch16_224_lora
2026-07-23 09:09:49,718 [trainer.py] => lora_rank: 8
2026-07-23 09:09:49,718 [trainer.py] => lora_alpha: 32
2026-07-23 09:09:49,718 [trainer.py] => tuned_epoch: 10
2026-07-23 09:09:49,718 [trainer.py] => init_lr: 0.0003
2026-07-23 09:09:49,718 [trainer.py] => batch_size: 48
2026-07-23 09:09:49,718 [trainer.py] => weight_decay: 0.0005
2026-07-23 09:09:49,718 [trainer.py] => min_lr: 0.0
2026-07-23 09:09:49,718 [trainer.py] => model_name: olora
2026-07-23 09:09:49,718 [trainer.py] => lora_merge: True
2026-07-23 09:09:49,718 [trainer.py] => lamda_1: 0.5
2026-07-23 09:09:49,718 [trainer.py] => lamda_2: 0.0
2026-07-23 09:09:49,718 [trainer.py] => device: [device(type='cuda', index=0)]
2026-07-23 09:09:49,718 [trainer.py] => prefix: final_vision_imagenetr_olora_s1995
Traceback (most recent call last):
  File "/data/gmar762/research/continuous_learning/svd_sketching_vision/LAMDA-PILOT/main.py", line 25, in <module>
    main()
  File "/data/gmar762/research/continuous_learning/svd_sketching_vision/LAMDA-PILOT/main.py", line 11, in main
    train(args)
  File "/data/gmar762/research/continuous_learning/svd_sketching_vision/LAMDA-PILOT/trainer.py", line 20, in train
    _train(args)
  File "/data/gmar762/research/continuous_learning/svd_sketching_vision/LAMDA-PILOT/trainer.py", line 53, in _train
    data_manager = DataManager(
  File "/data/gmar762/research/continuous_learning/svd_sketching_vision/LAMDA-PILOT/utils/data_manager.py", line 13, in __init__
    self._setup_data(dataset_name, shuffle, seed)
  File "/data/gmar762/research/continuous_learning/svd_sketching_vision/LAMDA-PILOT/utils/data_manager.py", line 141, in _setup_data
    idata.download_data()
  File "/data/gmar762/research/continuous_learning/svd_sketching_vision/LAMDA-PILOT/utils/data.py", line 231, in download_data
    train_dset = datasets.ImageFolder(train_dir)
  File "/data/gmar762/anaconda3/envs/treelora/lib/python3.10/site-packages/torchvision/datasets/folder.py", line 328, in __init__
    super().__init__(
  File "/data/gmar762/anaconda3/envs/treelora/lib/python3.10/site-packages/torchvision/datasets/folder.py", line 149, in __init__
    classes, class_to_idx = self.find_classes(self.root)
  File "/data/gmar762/anaconda3/envs/treelora/lib/python3.10/site-packages/torchvision/datasets/folder.py", line 234, in find_classes
    return find_classes(directory)
  File "/data/gmar762/anaconda3/envs/treelora/lib/python3.10/site-packages/torchvision/datasets/folder.py", line 41, in find_classes
    classes = sorted(entry.name for entry in os.scandir(directory) if entry.is_dir())
FileNotFoundError: [Errno 2] No such file or directory: './data/imagenet-r/train/'
