2026-07-19 22:46:28,498 [trainer.py] => config: exps/review/budget250mb_check/cifar224_rainbowprompt.json
2026-07-19 22:46:28,499 [trainer.py] => dataset: cifar224
2026-07-19 22:46:28,499 [trainer.py] => memory_size: 0
2026-07-19 22:46:28,499 [trainer.py] => memory_per_class: 0
2026-07-19 22:46:28,499 [trainer.py] => fixed_memory: False
2026-07-19 22:46:28,499 [trainer.py] => shuffle: True
2026-07-19 22:46:28,499 [trainer.py] => init_cls: 5
2026-07-19 22:46:28,499 [trainer.py] => increment: 5
2026-07-19 22:46:28,499 [trainer.py] => seed: 1993
2026-07-19 22:46:28,499 [trainer.py] => scenario: cil
2026-07-19 22:46:28,499 [trainer.py] => pretrained: True
2026-07-19 22:46:28,499 [trainer.py] => print_forget: True
2026-07-19 22:46:28,499 [trainer.py] => backbone_type: vit_base_patch16_224_rainbowprompt
2026-07-19 22:46:28,499 [trainer.py] => tuned_epoch: 20
2026-07-19 22:46:28,499 [trainer.py] => init_lr: 0.0003
2026-07-19 22:46:28,499 [trainer.py] => batch_size: 48
2026-07-19 22:46:28,499 [trainer.py] => weight_decay: 0.0
2026-07-19 22:46:28,499 [trainer.py] => min_lr: 0.0
2026-07-19 22:46:28,499 [trainer.py] => model_name: rainbowprompt
2026-07-19 22:46:28,499 [trainer.py] => rp_length: 20
2026-07-19 22:46:28,499 [trainer.py] => self_attn_idx: [0, 1, 2, 3, 4, 5]
2026-07-19 22:46:28,499 [trainer.py] => KI_iter: 10
2026-07-19 22:46:28,500 [trainer.py] => pull_constraint_coeff: 0.1
2026-07-19 22:46:28,500 [trainer.py] => use_linear: True
2026-07-19 22:46:28,500 [trainer.py] => rp_D1: 28
2026-07-19 22:46:28,500 [trainer.py] => rp_D2: 56
2026-07-19 22:46:28,500 [trainer.py] => device: [device(type='cuda', index=0)]
2026-07-19 22:46:28,500 [trainer.py] => prefix: budget250mb_check_cifar224_rainbowprompt
2026-07-19 22:46:28,500 [trainer.py] => boundary_mode: sample
2026-07-19 22:46:28,500 [trainer.py] => stream_budget_mb: 250
2026-07-19 22:46:28,500 [trainer.py] => stop_after_tasks: 5
2026-07-19 22:46:30,143 [data_manager.py] => [68, 56, 78, 8, 23, 84, 90, 65, 74, 76, 40, 89, 3, 92, 55, 9, 26, 80, 43, 38, 58, 70, 77, 1, 85, 19, 17, 50, 28, 53, 13, 81, 45, 82, 6, 59, 83, 16, 15, 44, 91, 41, 72, 60, 79, 52, 20, 10, 31, 54, 37, 95, 14, 71, 96, 98, 97, 2, 64, 66, 42, 22, 35, 86, 24, 34, 87, 21, 99, 0, 88, 27, 18, 94, 11, 12, 47, 25, 30, 46, 62, 69, 36, 61, 7, 63, 75, 5, 32, 4, 51, 48, 73, 93, 39, 67, 29, 49, 57, 33]
2026-07-19 22:46:33,199 [stream_mixin.py] => [stream] stop_after_tasks=5 (of 20 total)
2026-07-19 22:46:33,222 [stream_mixin.py] => [stream] unique-image budget 1741 images (250.0MB); 12500 total images, 5 tasks -> 8 chunks
2026-07-19 22:57:26,301 [stream_mixin.py] => [stream eval] completed  1 | chunk   1 | CIL 99.60
2026-07-19 23:03:00,793 [stream_mixin.py] => [stream eval] completed  2 | chunk   2 | CIL 98.00
2026-07-19 23:14:10,026 [stream_mixin.py] => [stream eval] completed  3 | chunk   4 | CIL 97.27
2026-07-19 23:19:56,336 [stream_mixin.py] => [stream eval] completed  4 | chunk   5 | CIL 96.85
2026-07-19 23:27:00,455 [stream_mixin.py] => [stream eval] completed  5 | chunk   7 | CIL 95.08
2026-07-19 23:27:00,456 [trainer.py] => [stream] completed-task checkpoints: [1, 2, 3, 4, 5]
2026-07-19 23:27:00,456 [trainer.py] => [stream] CIL curve: [99.6, 98.0, 97.27, 96.85, 95.08]
2026-07-19 23:27:00,456 [trainer.py] => [stream] FINAL  CIL 95.08  (over 5 tasks) -- TIL not computed (meaningless in the memory-increment setup)
2026-07-20 00:24:18,517 [trainer.py] => config: exps/review/budget250mb_check/cifar224_rainbowprompt.json
2026-07-20 00:24:18,517 [trainer.py] => dataset: cifar224
2026-07-20 00:24:18,517 [trainer.py] => memory_size: 0
2026-07-20 00:24:18,517 [trainer.py] => memory_per_class: 0
2026-07-20 00:24:18,517 [trainer.py] => fixed_memory: False
2026-07-20 00:24:18,517 [trainer.py] => shuffle: True
2026-07-20 00:24:18,517 [trainer.py] => init_cls: 5
2026-07-20 00:24:18,517 [trainer.py] => increment: 5
2026-07-20 00:24:18,517 [trainer.py] => seed: 1993
2026-07-20 00:24:18,517 [trainer.py] => scenario: cil
2026-07-20 00:24:18,517 [trainer.py] => pretrained: True
2026-07-20 00:24:18,517 [trainer.py] => print_forget: True
2026-07-20 00:24:18,517 [trainer.py] => backbone_type: vit_base_patch16_224_rainbowprompt
2026-07-20 00:24:18,518 [trainer.py] => tuned_epoch: 20
2026-07-20 00:24:18,518 [trainer.py] => init_lr: 0.0003
2026-07-20 00:24:18,518 [trainer.py] => batch_size: 48
2026-07-20 00:24:18,518 [trainer.py] => weight_decay: 0.0
2026-07-20 00:24:18,518 [trainer.py] => min_lr: 0.0
2026-07-20 00:24:18,518 [trainer.py] => model_name: rainbowprompt
2026-07-20 00:24:18,518 [trainer.py] => rp_length: 20
2026-07-20 00:24:18,518 [trainer.py] => self_attn_idx: [0, 1, 2, 3, 4, 5]
2026-07-20 00:24:18,518 [trainer.py] => KI_iter: 10
2026-07-20 00:24:18,518 [trainer.py] => pull_constraint_coeff: 0.1
2026-07-20 00:24:18,518 [trainer.py] => use_linear: True
2026-07-20 00:24:18,518 [trainer.py] => rp_D1: 28
2026-07-20 00:24:18,518 [trainer.py] => rp_D2: 56
2026-07-20 00:24:18,518 [trainer.py] => device: [device(type='cuda', index=0)]
2026-07-20 00:24:18,518 [trainer.py] => prefix: budget250mb_check_cifar224_rainbowprompt
2026-07-20 00:24:18,518 [trainer.py] => boundary_mode: sample
2026-07-20 00:24:18,518 [trainer.py] => stream_budget_mb: 250
2026-07-20 00:24:18,518 [trainer.py] => stop_after_tasks: 5
2026-07-20 00:24:18,518 [trainer.py] => stream_eval_final_only: True
2026-07-20 00:24:20,191 [data_manager.py] => [68, 56, 78, 8, 23, 84, 90, 65, 74, 76, 40, 89, 3, 92, 55, 9, 26, 80, 43, 38, 58, 70, 77, 1, 85, 19, 17, 50, 28, 53, 13, 81, 45, 82, 6, 59, 83, 16, 15, 44, 91, 41, 72, 60, 79, 52, 20, 10, 31, 54, 37, 95, 14, 71, 96, 98, 97, 2, 64, 66, 42, 22, 35, 86, 24, 34, 87, 21, 99, 0, 88, 27, 18, 94, 11, 12, 47, 25, 30, 46, 62, 69, 36, 61, 7, 63, 75, 5, 32, 4, 51, 48, 73, 93, 39, 67, 29, 49, 57, 33]
2026-07-20 00:24:26,637 [stream_mixin.py] => [stream] stop_after_tasks=5 (of 20 total)
2026-07-20 00:24:26,659 [stream_mixin.py] => [stream] unique-image budget 1741 images (250.0MB); 12500 total images, 5 tasks -> 8 chunks
