2026-07-19 18:07:31,796 [trainer.py] => config: exps/review/three_task_check/cifar224_rainbowprompt.json
2026-07-19 18:07:31,796 [trainer.py] => dataset: cifar224
2026-07-19 18:07:31,796 [trainer.py] => memory_size: 0
2026-07-19 18:07:31,796 [trainer.py] => memory_per_class: 0
2026-07-19 18:07:31,796 [trainer.py] => fixed_memory: False
2026-07-19 18:07:31,796 [trainer.py] => shuffle: True
2026-07-19 18:07:31,796 [trainer.py] => init_cls: 5
2026-07-19 18:07:31,797 [trainer.py] => increment: 5
2026-07-19 18:07:31,797 [trainer.py] => seed: 1993
2026-07-19 18:07:31,797 [trainer.py] => scenario: cil
2026-07-19 18:07:31,797 [trainer.py] => stop_after_tasks: 3
2026-07-19 18:07:31,797 [trainer.py] => pretrained: True
2026-07-19 18:07:31,797 [trainer.py] => print_forget: True
2026-07-19 18:07:31,797 [trainer.py] => final_metrics: True
2026-07-19 18:07:31,797 [trainer.py] => backbone_type: vit_base_patch16_224_rainbowprompt
2026-07-19 18:07:31,797 [trainer.py] => tuned_epoch: 20
2026-07-19 18:07:31,797 [trainer.py] => init_lr: 0.03
2026-07-19 18:07:31,797 [trainer.py] => batch_size: 48
2026-07-19 18:07:31,797 [trainer.py] => weight_decay: 0.0
2026-07-19 18:07:31,797 [trainer.py] => min_lr: 0.0
2026-07-19 18:07:31,797 [trainer.py] => model_name: rainbowprompt
2026-07-19 18:07:31,797 [trainer.py] => rp_length: 20
2026-07-19 18:07:31,797 [trainer.py] => self_attn_idx: [0, 1, 2, 3, 4, 5]
2026-07-19 18:07:31,797 [trainer.py] => KI_iter: 10
2026-07-19 18:07:31,797 [trainer.py] => pull_constraint_coeff: 0.1
2026-07-19 18:07:31,797 [trainer.py] => use_linear: True
2026-07-19 18:07:31,797 [trainer.py] => rp_D1: 28
2026-07-19 18:07:31,797 [trainer.py] => rp_D2: 56
2026-07-19 18:07:31,797 [trainer.py] => device: [device(type='cuda', index=1)]
2026-07-19 18:07:31,797 [trainer.py] => prefix: three_task_check_cifar224_rainbowprompt
2026-07-19 18:07:33,510 [data_manager.py] => [68, 56, 78, 8, 23, 84, 90, 65, 74, 76, 40, 89, 3, 92, 55, 9, 26, 80, 43, 38, 58, 70, 77, 1, 85, 19, 17, 50, 28, 53, 13, 81, 45, 82, 6, 59, 83, 16, 15, 44, 91, 41, 72, 60, 79, 52, 20, 10, 31, 54, 37, 95, 14, 71, 96, 98, 97, 2, 64, 66, 42, 22, 35, 86, 24, 34, 87, 21, 99, 0, 88, 27, 18, 94, 11, 12, 47, 25, 30, 46, 62, 69, 36, 61, 7, 63, 75, 5, 32, 4, 51, 48, 73, 93, 39, 67, 29, 49, 57, 33]
2026-07-19 18:07:36,724 [trainer.py] => stop_after_tasks=3 (of 20 total)
2026-07-19 18:07:36,725 [trainer.py] => All params: 92101680
2026-07-19 18:07:36,726 [trainer.py] => Trainable params: 6303024
2026-07-19 18:07:36,726 [rainbowprompt.py] => [RainbowPrompt] Learning on 0-5
2026-07-19 18:15:40,053 [rainbowprompt.py] => [RainbowPrompt] Task 0 done. Acc 95.20
2026-07-19 18:15:43,652 [trainer.py] => No NME accuracy.
2026-07-19 18:15:43,652 [trainer.py] => CNN: {'total': 99.8, '00-04': 99.8, 'old': 0, 'new': 99.8}
2026-07-19 18:15:43,652 [trainer.py] => CNN top1 curve: [99.8]
2026-07-19 18:15:43,652 [trainer.py] => CNN top5 curve: [100.0]

2026-07-19 18:15:43,652 [trainer.py] => Average Accuracy (CNN): 99.8 

2026-07-19 18:15:43,653 [trainer.py] => All params: 92105525
2026-07-19 18:15:43,654 [trainer.py] => Trainable params: 6306869
2026-07-19 18:15:43,655 [rainbowprompt.py] => [RainbowPrompt] Learning on 5-10
2026-07-19 18:23:47,181 [rainbowprompt.py] => [RainbowPrompt] Task 1 done. Acc 93.08
2026-07-19 18:23:53,629 [trainer.py] => No NME accuracy.
2026-07-19 18:23:53,630 [trainer.py] => CNN: {'total': 97.9, '00-04': 98.8, '05-09': 97.0, 'old': 98.8, 'new': 97.0}
2026-07-19 18:23:53,630 [trainer.py] => CNN top1 curve: [99.8, 97.9]
2026-07-19 18:23:53,630 [trainer.py] => CNN top5 curve: [100.0, 99.9]

2026-07-19 18:23:53,630 [trainer.py] => Average Accuracy (CNN): 98.85 

2026-07-19 18:23:53,630 [trainer.py] => All params: 92109370
2026-07-19 18:23:53,631 [trainer.py] => Trainable params: 6310714
2026-07-19 18:23:53,632 [rainbowprompt.py] => [RainbowPrompt] Learning on 10-15
2026-07-19 18:32:00,889 [rainbowprompt.py] => [RainbowPrompt] Task 2 done. Acc 93.76
2026-07-19 18:32:10,260 [trainer.py] => No NME accuracy.
2026-07-19 18:32:10,260 [trainer.py] => CNN: {'total': 96.2, '00-04': 98.2, '05-09': 96.0, '10-14': 94.4, 'old': 97.1, 'new': 94.4}
2026-07-19 18:32:10,260 [trainer.py] => CNN top1 curve: [99.8, 97.9, 96.2]
2026-07-19 18:32:10,260 [trainer.py] => CNN top5 curve: [100.0, 99.9, 99.6]

2026-07-19 18:32:10,260 [trainer.py] => Average Accuracy (CNN): 97.96666666666665 

2026-07-19 18:32:10,260 [metrics_logger.py] => [metrics] Learner has no _deployed_forward; skipping inference-cost measurement
2026-07-19 18:32:10,260 [metrics_logger.py] => [metrics] wrote run_logs/final/rainbowprompt/metrics_rainbowprompt_cifar224_three_task_check_cifar224_rainbowprompt_s1993.json
2026-07-19 18:32:10,261 [trainer.py] => Forgetting (CNN): 1.2999999999999972
2026-07-19 18:32:10,261 [trainer.py] => Forgetting (NME): 1.2999999999999972
