2026-07-25 18:37:45,726 [trainer.py] => config: exps/planc_step2_budgets/inflora_150mb.json
2026-07-25 18:37:45,726 [trainer.py] => dataset: omnibenchmark1k
2026-07-25 18:37:45,727 [trainer.py] => memory_size: 0
2026-07-25 18:37:45,727 [trainer.py] => memory_per_class: 0
2026-07-25 18:37:45,727 [trainer.py] => fixed_memory: False
2026-07-25 18:37:45,727 [trainer.py] => shuffle: True
2026-07-25 18:37:45,727 [trainer.py] => init_cls: 10
2026-07-25 18:37:45,727 [trainer.py] => increment: 10
2026-07-25 18:37:45,727 [trainer.py] => seed: 1993
2026-07-25 18:37:45,727 [trainer.py] => scenario: cil
2026-07-25 18:37:45,727 [trainer.py] => pretrained: True
2026-07-25 18:37:45,727 [trainer.py] => print_forget: False
2026-07-25 18:37:45,727 [trainer.py] => final_metrics: False
2026-07-25 18:37:45,727 [trainer.py] => backbone_type: vit_base_patch16_224_lora
2026-07-25 18:37:45,727 [trainer.py] => lora_rank: 10
2026-07-25 18:37:45,727 [trainer.py] => lora_alpha: None
2026-07-25 18:37:45,727 [trainer.py] => lora_merge: True
2026-07-25 18:37:45,727 [trainer.py] => lamb: 0.95
2026-07-25 18:37:45,727 [trainer.py] => lame: 1.0
2026-07-25 18:37:45,727 [trainer.py] => tuned_epoch: 20
2026-07-25 18:37:45,727 [trainer.py] => init_lr: 0.0005
2026-07-25 18:37:45,727 [trainer.py] => batch_size: 48
2026-07-25 18:37:45,727 [trainer.py] => weight_decay: 0.0005
2026-07-25 18:37:45,727 [trainer.py] => min_lr: 0.0
2026-07-25 18:37:45,727 [trainer.py] => model_name: inflora
2026-07-25 18:37:45,727 [trainer.py] => device: [device(type='cuda', index=2)]
2026-07-25 18:37:45,727 [trainer.py] => boundary_mode: bounded_memory
2026-07-25 18:37:45,728 [trainer.py] => bm_budget_mb: 150
2026-07-25 18:37:45,728 [trainer.py] => stop_after_tasks: 30
2026-07-25 18:37:45,728 [trainer.py] => prefix: planc_step2_omni30t_150mb_inflora
2026-07-25 18:37:46,298 [data_manager.py] => [54, 7, 894, 512, 126, 337, 988, 11, 284, 493, 133, 783, 192, 979, 622, 215, 240, 548, 238, 419, 274, 108, 928, 856, 494, 836, 473, 650, 85, 262, 508, 590, 390, 174, 637, 288, 658, 219, 912, 142, 852, 160, 704, 289, 123, 323, 600, 542, 999, 634, 391, 761, 490, 842, 127, 850, 665, 990, 597, 722, 748, 14, 77, 437, 394, 859, 279, 539, 75, 466, 886, 312, 303, 62, 966, 413, 959, 782, 509, 400, 471, 632, 275, 730, 105, 523, 224, 186, 478, 507, 470, 906, 699, 989, 324, 812, 260, 911, 446, 44, 765, 759, 67, 36, 5, 30, 184, 797, 159, 741, 954, 465, 533, 585, 150, 101, 897, 363, 818, 620, 824, 154, 956, 176, 588, 986, 172, 223, 461, 94, 141, 621, 659, 360, 136, 578, 163, 427, 70, 226, 925, 596, 336, 412, 731, 755, 381, 810, 69, 898, 310, 120, 752, 93, 39, 326, 537, 905, 448, 347, 51, 615, 601, 229, 947, 348, 220, 949, 972, 73, 913, 522, 193, 753, 921, 257, 957, 691, 155, 820, 584, 948, 92, 582, 89, 379, 392, 64, 904, 169, 216, 694, 103, 410, 374, 515, 484, 624, 409, 156, 455, 846, 344, 371, 468, 844, 276, 740, 562, 503, 831, 516, 663, 630, 763, 456, 179, 996, 936, 248, 333, 941, 63, 738, 802, 372, 828, 74, 540, 299, 750, 335, 177, 822, 643, 593, 800, 459, 580, 933, 306, 378, 76, 227, 426, 403, 322, 321, 808, 393, 27, 200, 764, 651, 244, 479, 3, 415, 23, 964, 671, 195, 569, 917, 611, 644, 707, 355, 855, 8, 534, 657, 571, 811, 681, 543, 313, 129, 978, 592, 573, 128, 243, 520, 887, 892, 696, 26, 551, 168, 71, 398, 778, 529, 526, 792, 868, 266, 443, 24, 57, 15, 871, 678, 745, 845, 208, 188, 674, 175, 406, 421, 833, 106, 994, 815, 581, 676, 49, 619, 217, 631, 934, 932, 568, 353, 863, 827, 425, 420, 99, 823, 113, 974, 438, 874, 343, 118, 340, 472, 552, 937, 0, 10, 675, 316, 879, 561, 387, 726, 255, 407, 56, 927, 655, 809, 839, 640, 297, 34, 497, 210, 606, 971, 589, 138, 263, 587, 993, 973, 382, 572, 735, 535, 139, 524, 314, 463, 895, 376, 939, 157, 858, 457, 935, 183, 114, 903, 767, 666, 22, 525, 902, 233, 250, 825, 79, 843, 221, 214, 205, 166, 431, 860, 292, 976, 739, 899, 475, 242, 961, 531, 110, 769, 55, 701, 532, 586, 729, 253, 486, 787, 774, 165, 627, 32, 291, 962, 922, 222, 705, 454, 356, 445, 746, 776, 404, 950, 241, 452, 245, 487, 706, 2, 137, 6, 98, 647, 50, 91, 202, 556, 38, 68, 649, 258, 345, 361, 464, 514, 958, 504, 826, 668, 880, 28, 920, 918, 339, 315, 320, 768, 201, 733, 575, 781, 864, 617, 171, 795, 132, 145, 368, 147, 327, 713, 688, 848, 690, 975, 354, 853, 148, 648, 300, 436, 780, 693, 682, 246, 449, 492, 162, 97, 59, 357, 198, 519, 90, 236, 375, 359, 230, 476, 784, 117, 940, 396, 849, 102, 122, 282, 181, 130, 467, 88, 271, 793, 151, 847, 914, 42, 834, 521, 121, 29, 806, 607, 510, 837, 301, 669, 78, 256, 474, 840, 52, 505, 547, 641, 987, 801, 629, 491, 605, 112, 429, 401, 742, 528, 87, 442, 910, 638, 785, 264, 711, 369, 428, 805, 744, 380, 725, 480, 318, 997, 153, 384, 252, 985, 538, 654, 388, 100, 432, 832, 565, 908, 367, 591, 294, 272, 231, 213, 196, 743, 817, 433, 328, 970, 969, 4, 613, 182, 685, 724, 915, 311, 931, 865, 86, 119, 203, 268, 718, 317, 926, 269, 161, 209, 807, 645, 513, 261, 518, 305, 758, 872, 58, 65, 146, 395, 481, 747, 41, 283, 204, 564, 185, 777, 33, 500, 609, 286, 567, 80, 228, 683, 757, 942, 134, 673, 616, 960, 450, 350, 544, 830, 736, 170, 679, 838, 819, 485, 430, 190, 566, 511, 482, 232, 527, 411, 560, 281, 342, 614, 662, 47, 771, 861, 692, 686, 277, 373, 16, 946, 265, 35, 9, 884, 909, 610, 358, 18, 737, 977, 677, 803, 595, 135, 458, 12, 46, 418, 599, 187, 107, 992, 770, 298, 104, 351, 893, 698, 929, 502, 273, 20, 96, 791, 636, 708, 267, 867, 772, 604, 618, 346, 330, 554, 816, 664, 716, 189, 31, 721, 712, 397, 43, 943, 804, 296, 109, 576, 869, 955, 17, 506, 963, 786, 720, 628, 779, 982, 633, 891, 734, 980, 386, 365, 794, 325, 841, 878, 370, 695, 293, 951, 66, 594, 717, 116, 488, 796, 983, 646, 499, 53, 1, 603, 45, 424, 875, 254, 237, 199, 414, 307, 362, 557, 866, 341, 19, 965, 143, 555, 687, 235, 790, 125, 173, 364, 882, 727, 728, 563, 495, 21, 558, 709, 719, 877, 352, 83, 998, 991, 469, 967, 760, 498, 814, 612, 715, 290, 72, 131, 259, 441, 924, 773, 48, 625, 501, 440, 82, 684, 862, 574, 309, 408, 680, 623, 439, 180, 652, 968, 889, 334, 61, 766, 399, 598, 798, 653, 930, 149, 249, 890, 308, 881, 40, 835, 577, 422, 703, 813, 857, 995, 602, 583, 167, 670, 212, 751, 496, 608, 84, 639, 579, 178, 489, 37, 197, 789, 530, 111, 876, 570, 700, 444, 287, 366, 883, 385, 536, 460, 851, 81, 144, 60, 251, 13, 953, 270, 944, 319, 885, 710, 952, 517, 278, 656, 919, 377, 550, 207, 660, 984, 447, 553, 338, 234, 383, 749, 916, 626, 462, 788, 434, 714, 799, 821, 477, 549, 661, 206, 667, 541, 642, 689, 194, 152, 981, 938, 854, 483, 332, 280, 546, 389, 405, 545, 239, 896, 672, 923, 402, 423, 907, 888, 140, 870, 559, 756, 25, 211, 158, 723, 635, 302, 702, 453, 218, 164, 829, 247, 775, 191, 732, 115, 331, 901, 416, 873, 754, 900, 435, 762, 124, 304, 329, 349, 295, 95, 451, 285, 225, 945, 697, 417]
This is for the BaseNet initialization.
I'm using ViT with per-task LoRA (q,v).
_IncompatibleKeys(missing_keys=['blocks.0.attn.cur_matrix', 'blocks.0.attn.frozen_delta_q', 'blocks.0.attn.frozen_delta_v', 'blocks.0.attn.lora_A_q.0.weight', 'blocks.0.attn.lora_B_q.0.weight', 'blocks.0.attn.lora_A_v.0.weight', 'blocks.0.attn.lora_B_v.0.weight', 'blocks.1.attn.cur_matrix', 'blocks.1.attn.frozen_delta_q', 'blocks.1.attn.frozen_delta_v', 'blocks.1.attn.lora_A_q.0.weight', 'blocks.1.attn.lora_B_q.0.weight', 'blocks.1.attn.lora_A_v.0.weight', 'blocks.1.attn.lora_B_v.0.weight', 'blocks.2.attn.cur_matrix', 'blocks.2.attn.frozen_delta_q', 'blocks.2.attn.frozen_delta_v', 'blocks.2.attn.lora_A_q.0.weight', 'blocks.2.attn.lora_B_q.0.weight', 'blocks.2.attn.lora_A_v.0.weight', 'blocks.2.attn.lora_B_v.0.weight', 'blocks.3.attn.cur_matrix', 'blocks.3.attn.frozen_delta_q', 'blocks.3.attn.frozen_delta_v', 'blocks.3.attn.lora_A_q.0.weight', 'blocks.3.attn.lora_B_q.0.weight', 'blocks.3.attn.lora_A_v.0.weight', 'blocks.3.attn.lora_B_v.0.weight', 'blocks.4.attn.cur_matrix', 'blocks.4.attn.frozen_delta_q', 'blocks.4.attn.frozen_delta_v', 'blocks.4.attn.lora_A_q.0.weight', 'blocks.4.attn.lora_B_q.0.weight', 'blocks.4.attn.lora_A_v.0.weight', 'blocks.4.attn.lora_B_v.0.weight', 'blocks.5.attn.cur_matrix', 'blocks.5.attn.frozen_delta_q', 'blocks.5.attn.frozen_delta_v', 'blocks.5.attn.lora_A_q.0.weight', 'blocks.5.attn.lora_B_q.0.weight', 'blocks.5.attn.lora_A_v.0.weight', 'blocks.5.attn.lora_B_v.0.weight', 'blocks.6.attn.cur_matrix', 'blocks.6.attn.frozen_delta_q', 'blocks.6.attn.frozen_delta_v', 'blocks.6.attn.lora_A_q.0.weight', 'blocks.6.attn.lora_B_q.0.weight', 'blocks.6.attn.lora_A_v.0.weight', 'blocks.6.attn.lora_B_v.0.weight', 'blocks.7.attn.cur_matrix', 'blocks.7.attn.frozen_delta_q', 'blocks.7.attn.frozen_delta_v', 'blocks.7.attn.lora_A_q.0.weight', 'blocks.7.attn.lora_B_q.0.weight', 'blocks.7.attn.lora_A_v.0.weight', 'blocks.7.attn.lora_B_v.0.weight', 'blocks.8.attn.cur_matrix', 'blocks.8.attn.frozen_delta_q', 'blocks.8.attn.frozen_delta_v', 'blocks.8.attn.lora_A_q.0.weight', 'blocks.8.attn.lora_B_q.0.weight', 'blocks.8.attn.lora_A_v.0.weight', 'blocks.8.attn.lora_B_v.0.weight', 'blocks.9.attn.cur_matrix', 'blocks.9.attn.frozen_delta_q', 'blocks.9.attn.frozen_delta_v', 'blocks.9.attn.lora_A_q.0.weight', 'blocks.9.attn.lora_B_q.0.weight', 'blocks.9.attn.lora_A_v.0.weight', 'blocks.9.attn.lora_B_v.0.weight', 'blocks.10.attn.cur_matrix', 'blocks.10.attn.frozen_delta_q', 'blocks.10.attn.frozen_delta_v', 'blocks.10.attn.lora_A_q.0.weight', 'blocks.10.attn.lora_B_q.0.weight', 'blocks.10.attn.lora_A_v.0.weight', 'blocks.10.attn.lora_B_v.0.weight', 'blocks.11.attn.cur_matrix', 'blocks.11.attn.frozen_delta_q', 'blocks.11.attn.frozen_delta_v', 'blocks.11.attn.lora_A_q.0.weight', 'blocks.11.attn.lora_B_q.0.weight', 'blocks.11.attn.lora_A_v.0.weight', 'blocks.11.attn.lora_B_v.0.weight'], unexpected_keys=[])
After BaseNet initialization.
2026-07-25 18:37:52,538 [bounded_memory_mixin.py] => [bounded_mem] stop_after_tasks=30 (of 100 total)
2026-07-25 18:37:52,590 [bounded_memory_mixin.py] => [bounded_mem] budget_mb=150.0 -> cycle=1045 images (mean_task=1706.9 images, so this budget is 0.61x mean task size); 51208 total images -> 50 cycles (T=50 sessions); 10 eval checkpoints
2026-07-25 18:42:56,803 [inflora.py] => [InfLoRA] DualGPM threshold: 0.9500
2026-07-25 18:42:58,785 [inflora.py] => [InfLoRA] Layer 1: 9/768 type remove
2026-07-25 18:42:58,785 [inflora.py] => [InfLoRA] Layer 2: 10/768 type remove
2026-07-25 18:42:58,785 [inflora.py] => [InfLoRA] Layer 3: 12/768 type remove
2026-07-25 18:42:58,785 [inflora.py] => [InfLoRA] Layer 4: 10/768 type remove
2026-07-25 18:42:58,785 [inflora.py] => [InfLoRA] Layer 5: 12/768 type remove
2026-07-25 18:42:58,785 [inflora.py] => [InfLoRA] Layer 6: 13/768 type remove
2026-07-25 18:42:58,785 [inflora.py] => [InfLoRA] Layer 7: 14/768 type remove
2026-07-25 18:42:58,785 [inflora.py] => [InfLoRA] Layer 8: 14/768 type remove
2026-07-25 18:42:58,785 [inflora.py] => [InfLoRA] Layer 9: 18/768 type remove
2026-07-25 18:42:58,786 [inflora.py] => [InfLoRA] Layer 10: 22/768 type remove
2026-07-25 18:42:58,786 [inflora.py] => [InfLoRA] Layer 11: 11/768 type remove
2026-07-25 18:42:58,786 [inflora.py] => [InfLoRA] Layer 12: 10/768 type remove
2026-07-25 18:48:03,088 [inflora.py] => [InfLoRA] DualGPM threshold: 0.9510
2026-07-25 18:48:06,861 [inflora.py] => [InfLoRA] Layer 1: 11/768 type remove
2026-07-25 18:48:06,861 [inflora.py] => [InfLoRA] Layer 2: 11/768 type remove
2026-07-25 18:48:06,861 [inflora.py] => [InfLoRA] Layer 3: 14/768 type remove
2026-07-25 18:48:06,861 [inflora.py] => [InfLoRA] Layer 4: 12/768 type remove
2026-07-25 18:48:06,861 [inflora.py] => [InfLoRA] Layer 5: 14/768 type remove
2026-07-25 18:48:06,861 [inflora.py] => [InfLoRA] Layer 6: 17/768 type remove
2026-07-25 18:48:06,861 [inflora.py] => [InfLoRA] Layer 7: 17/768 type remove
2026-07-25 18:48:06,861 [inflora.py] => [InfLoRA] Layer 8: 18/768 type remove
2026-07-25 18:48:06,861 [inflora.py] => [InfLoRA] Layer 9: 27/768 type remove
2026-07-25 18:48:06,861 [inflora.py] => [InfLoRA] Layer 10: 39/768 type remove
2026-07-25 18:48:06,861 [inflora.py] => [InfLoRA] Layer 11: 19/768 type remove
2026-07-25 18:48:06,861 [inflora.py] => [InfLoRA] Layer 12: 20/768 type remove
2026-07-25 18:53:09,894 [inflora.py] => [InfLoRA] DualGPM threshold: 0.9520
2026-07-25 18:53:12,907 [inflora.py] => [InfLoRA] Layer 1: 11/768 type remove
2026-07-25 18:53:12,907 [inflora.py] => [InfLoRA] Layer 2: 12/768 type remove
2026-07-25 18:53:12,907 [inflora.py] => [InfLoRA] Layer 3: 16/768 type remove
2026-07-25 18:53:12,907 [inflora.py] => [InfLoRA] Layer 4: 13/768 type remove
2026-07-25 18:53:12,907 [inflora.py] => [InfLoRA] Layer 5: 17/768 type remove
2026-07-25 18:53:12,908 [inflora.py] => [InfLoRA] Layer 6: 20/768 type remove
2026-07-25 18:53:12,908 [inflora.py] => [InfLoRA] Layer 7: 21/768 type remove
2026-07-25 18:53:12,908 [inflora.py] => [InfLoRA] Layer 8: 24/768 type remove
2026-07-25 18:53:12,908 [inflora.py] => [InfLoRA] Layer 9: 34/768 type remove
2026-07-25 18:53:12,908 [inflora.py] => [InfLoRA] Layer 10: 48/768 type remove
2026-07-25 18:53:12,908 [inflora.py] => [InfLoRA] Layer 11: 24/768 type remove
2026-07-25 18:53:12,908 [inflora.py] => [InfLoRA] Layer 12: 23/768 type remove
2026-07-25 18:58:15,041 [inflora.py] => [InfLoRA] DualGPM threshold: 0.9530
2026-07-25 18:58:18,843 [inflora.py] => [InfLoRA] Layer 1: 11/768 type remove
2026-07-25 18:58:18,843 [inflora.py] => [InfLoRA] Layer 2: 12/768 type remove
2026-07-25 18:58:18,843 [inflora.py] => [InfLoRA] Layer 3: 16/768 type remove
2026-07-25 18:58:18,843 [inflora.py] => [InfLoRA] Layer 4: 13/768 type remove
2026-07-25 18:58:18,843 [inflora.py] => [InfLoRA] Layer 5: 18/768 type remove
2026-07-25 18:58:18,843 [inflora.py] => [InfLoRA] Layer 6: 21/768 type remove
2026-07-25 18:58:18,843 [inflora.py] => [InfLoRA] Layer 7: 23/768 type remove
2026-07-25 18:58:18,844 [inflora.py] => [InfLoRA] Layer 8: 28/768 type remove
2026-07-25 18:58:18,844 [inflora.py] => [InfLoRA] Layer 9: 43/768 type remove
2026-07-25 18:58:18,844 [inflora.py] => [InfLoRA] Layer 10: 63/768 type remove
2026-07-25 18:58:18,844 [inflora.py] => [InfLoRA] Layer 11: 34/768 type remove
2026-07-25 18:58:18,844 [inflora.py] => [InfLoRA] Layer 12: 33/768 type remove
2026-07-25 19:03:19,006 [inflora.py] => [InfLoRA] DualGPM threshold: 0.9540
2026-07-25 19:03:22,417 [inflora.py] => [InfLoRA] Layer 1: 11/768 type remove
2026-07-25 19:03:22,417 [inflora.py] => [InfLoRA] Layer 2: 12/768 type remove
2026-07-25 19:03:22,417 [inflora.py] => [InfLoRA] Layer 3: 16/768 type remove
2026-07-25 19:03:22,417 [inflora.py] => [InfLoRA] Layer 4: 14/768 type remove
2026-07-25 19:03:22,417 [inflora.py] => [InfLoRA] Layer 5: 19/768 type remove
2026-07-25 19:03:22,417 [inflora.py] => [InfLoRA] Layer 6: 23/768 type remove
2026-07-25 19:03:22,417 [inflora.py] => [InfLoRA] Layer 7: 26/768 type remove
2026-07-25 19:03:22,417 [inflora.py] => [InfLoRA] Layer 8: 31/768 type remove
2026-07-25 19:03:22,417 [inflora.py] => [InfLoRA] Layer 9: 49/768 type remove
2026-07-25 19:03:22,417 [inflora.py] => [InfLoRA] Layer 10: 69/768 type remove
2026-07-25 19:03:22,417 [inflora.py] => [InfLoRA] Layer 11: 37/768 type remove
2026-07-25 19:03:22,417 [inflora.py] => [InfLoRA] Layer 12: 35/768 type remove
2026-07-25 19:03:28,701 [bounded_memory_mixin.py] => [bounded_mem eval] volume 0.10 | cycle 4 | classes_seen 40 | CIL top1 58.22 | top5 86.45 | (nearest latent task ~3) | per-task [14.07, 61.11, 98.0, 59.5]
2026-07-25 19:08:30,869 [inflora.py] => [InfLoRA] DualGPM threshold: 0.9550
2026-07-25 19:08:34,493 [inflora.py] => [InfLoRA] Layer 1: 11/768 type remove
2026-07-25 19:08:34,494 [inflora.py] => [InfLoRA] Layer 2: 12/768 type remove
2026-07-25 19:08:34,494 [inflora.py] => [InfLoRA] Layer 3: 17/768 type remove
2026-07-25 19:08:34,494 [inflora.py] => [InfLoRA] Layer 4: 15/768 type remove
2026-07-25 19:08:34,494 [inflora.py] => [InfLoRA] Layer 5: 21/768 type remove
2026-07-25 19:08:34,494 [inflora.py] => [InfLoRA] Layer 6: 26/768 type remove
2026-07-25 19:08:34,494 [inflora.py] => [InfLoRA] Layer 7: 29/768 type remove
2026-07-25 19:08:34,494 [inflora.py] => [InfLoRA] Layer 8: 34/768 type remove
2026-07-25 19:08:34,494 [inflora.py] => [InfLoRA] Layer 9: 57/768 type remove
2026-07-25 19:08:34,494 [inflora.py] => [InfLoRA] Layer 10: 81/768 type remove
2026-07-25 19:08:34,494 [inflora.py] => [InfLoRA] Layer 11: 44/768 type remove
2026-07-25 19:08:34,494 [inflora.py] => [InfLoRA] Layer 12: 42/768 type remove
2026-07-25 19:13:36,387 [inflora.py] => [InfLoRA] DualGPM threshold: 0.9560
2026-07-25 19:13:40,352 [inflora.py] => [InfLoRA] Layer 1: 11/768 type remove
2026-07-25 19:13:40,352 [inflora.py] => [InfLoRA] Layer 2: 12/768 type remove
2026-07-25 19:13:40,352 [inflora.py] => [InfLoRA] Layer 3: 18/768 type remove
2026-07-25 19:13:40,352 [inflora.py] => [InfLoRA] Layer 4: 16/768 type remove
2026-07-25 19:13:40,352 [inflora.py] => [InfLoRA] Layer 5: 23/768 type remove
2026-07-25 19:13:40,352 [inflora.py] => [InfLoRA] Layer 6: 28/768 type remove
2026-07-25 19:13:40,352 [inflora.py] => [InfLoRA] Layer 7: 32/768 type remove
2026-07-25 19:13:40,352 [inflora.py] => [InfLoRA] Layer 8: 39/768 type remove
2026-07-25 19:13:40,352 [inflora.py] => [InfLoRA] Layer 9: 68/768 type remove
2026-07-25 19:13:40,352 [inflora.py] => [InfLoRA] Layer 10: 102/768 type remove
2026-07-25 19:13:40,352 [inflora.py] => [InfLoRA] Layer 11: 54/768 type remove
2026-07-25 19:13:40,352 [inflora.py] => [InfLoRA] Layer 12: 52/768 type remove
2026-07-25 19:18:42,401 [inflora.py] => [InfLoRA] DualGPM threshold: 0.9570
2026-07-25 19:18:45,818 [inflora.py] => [InfLoRA] Layer 1: 12/768 type remove
2026-07-25 19:18:45,818 [inflora.py] => [InfLoRA] Layer 2: 12/768 type remove
2026-07-25 19:18:45,819 [inflora.py] => [InfLoRA] Layer 3: 19/768 type remove
2026-07-25 19:18:45,819 [inflora.py] => [InfLoRA] Layer 4: 17/768 type remove
2026-07-25 19:18:45,819 [inflora.py] => [InfLoRA] Layer 5: 25/768 type remove
2026-07-25 19:18:45,819 [inflora.py] => [InfLoRA] Layer 6: 31/768 type remove
2026-07-25 19:18:45,819 [inflora.py] => [InfLoRA] Layer 7: 35/768 type remove
2026-07-25 19:18:45,819 [inflora.py] => [InfLoRA] Layer 8: 44/768 type remove
2026-07-25 19:18:45,819 [inflora.py] => [InfLoRA] Layer 9: 79/768 type remove
2026-07-25 19:18:45,819 [inflora.py] => [InfLoRA] Layer 10: 118/768 type remove
2026-07-25 19:18:45,819 [inflora.py] => [InfLoRA] Layer 11: 65/768 type remove
2026-07-25 19:18:45,819 [inflora.py] => [InfLoRA] Layer 12: 55/768 type remove
2026-07-25 19:23:45,005 [inflora.py] => [InfLoRA] DualGPM threshold: 0.9580
2026-07-25 19:23:47,918 [inflora.py] => [InfLoRA] Layer 1: 12/768 type remove
2026-07-25 19:23:47,918 [inflora.py] => [InfLoRA] Layer 2: 12/768 type remove
2026-07-25 19:23:47,918 [inflora.py] => [InfLoRA] Layer 3: 20/768 type remove
2026-07-25 19:23:47,918 [inflora.py] => [InfLoRA] Layer 4: 18/768 type remove
2026-07-25 19:23:47,918 [inflora.py] => [InfLoRA] Layer 5: 26/768 type remove
2026-07-25 19:23:47,918 [inflora.py] => [InfLoRA] Layer 6: 33/768 type remove
2026-07-25 19:23:47,918 [inflora.py] => [InfLoRA] Layer 7: 37/768 type remove
2026-07-25 19:23:47,918 [inflora.py] => [InfLoRA] Layer 8: 48/768 type remove
2026-07-25 19:23:47,918 [inflora.py] => [InfLoRA] Layer 9: 89/768 type remove
2026-07-25 19:23:47,918 [inflora.py] => [InfLoRA] Layer 10: 149/768 type remove
2026-07-25 19:23:47,918 [inflora.py] => [InfLoRA] Layer 11: 100/768 type remove
2026-07-25 19:23:47,918 [inflora.py] => [InfLoRA] Layer 12: 78/768 type remove
2026-07-25 19:28:49,171 [inflora.py] => [InfLoRA] DualGPM threshold: 0.9590
2026-07-25 19:28:52,321 [inflora.py] => [InfLoRA] Layer 1: 13/768 type remove
2026-07-25 19:28:52,321 [inflora.py] => [InfLoRA] Layer 2: 12/768 type remove
2026-07-25 19:28:52,321 [inflora.py] => [InfLoRA] Layer 3: 21/768 type remove
2026-07-25 19:28:52,321 [inflora.py] => [InfLoRA] Layer 4: 19/768 type remove
2026-07-25 19:28:52,321 [inflora.py] => [InfLoRA] Layer 5: 28/768 type remove
2026-07-25 19:28:52,321 [inflora.py] => [InfLoRA] Layer 6: 35/768 type remove
2026-07-25 19:28:52,321 [inflora.py] => [InfLoRA] Layer 7: 39/768 type remove
2026-07-25 19:28:52,321 [inflora.py] => [InfLoRA] Layer 8: 52/768 type remove
2026-07-25 19:28:52,321 [inflora.py] => [InfLoRA] Layer 9: 96/768 type remove
2026-07-25 19:28:52,321 [inflora.py] => [InfLoRA] Layer 10: 163/768 type remove
2026-07-25 19:28:52,321 [inflora.py] => [InfLoRA] Layer 11: 116/768 type remove
2026-07-25 19:28:52,321 [inflora.py] => [InfLoRA] Layer 12: 80/768 type remove
2026-07-25 19:29:01,177 [bounded_memory_mixin.py] => [bounded_mem eval] volume 0.20 | cycle 9 | classes_seen 60 | CIL top1 32.97 | top5 47.95 | (nearest latent task ~5) | per-task [1.51, 2.02, 13.0, 14.5, 68.34, 98.49]
2026-07-25 19:34:03,599 [inflora.py] => [InfLoRA] DualGPM threshold: 0.9600
2026-07-25 19:34:06,768 [inflora.py] => [InfLoRA] Layer 1: 25/768 type remove
2026-07-25 19:34:06,768 [inflora.py] => [InfLoRA] Layer 2: 14/768 type remove
2026-07-25 19:34:06,768 [inflora.py] => [InfLoRA] Layer 3: 22/768 type remove
2026-07-25 19:34:06,768 [inflora.py] => [InfLoRA] Layer 4: 20/768 type remove
2026-07-25 19:34:06,768 [inflora.py] => [InfLoRA] Layer 5: 30/768 type remove
2026-07-25 19:34:06,768 [inflora.py] => [InfLoRA] Layer 6: 38/768 type remove
2026-07-25 19:34:06,768 [inflora.py] => [InfLoRA] Layer 7: 42/768 type remove
2026-07-25 19:34:06,768 [inflora.py] => [InfLoRA] Layer 8: 55/768 type remove
2026-07-25 19:34:06,768 [inflora.py] => [InfLoRA] Layer 9: 103/768 type remove
2026-07-25 19:34:06,768 [inflora.py] => [InfLoRA] Layer 10: 180/768 type remove
2026-07-25 19:34:06,769 [inflora.py] => [InfLoRA] Layer 11: 133/768 type remove
2026-07-25 19:34:06,769 [inflora.py] => [InfLoRA] Layer 12: 87/768 type remove
2026-07-25 19:39:07,706 [inflora.py] => [InfLoRA] DualGPM threshold: 0.9610
2026-07-25 19:39:11,673 [inflora.py] => [InfLoRA] Layer 1: 25/768 type remove
2026-07-25 19:39:11,673 [inflora.py] => [InfLoRA] Layer 2: 14/768 type remove
2026-07-25 19:39:11,673 [inflora.py] => [InfLoRA] Layer 3: 22/768 type remove
2026-07-25 19:39:11,673 [inflora.py] => [InfLoRA] Layer 4: 20/768 type remove
2026-07-25 19:39:11,673 [inflora.py] => [InfLoRA] Layer 5: 31/768 type remove
2026-07-25 19:39:11,673 [inflora.py] => [InfLoRA] Layer 6: 39/768 type remove
2026-07-25 19:39:11,673 [inflora.py] => [InfLoRA] Layer 7: 43/768 type remove
2026-07-25 19:39:11,673 [inflora.py] => [InfLoRA] Layer 8: 58/768 type remove
2026-07-25 19:39:11,674 [inflora.py] => [InfLoRA] Layer 9: 106/768 type remove
2026-07-25 19:39:11,674 [inflora.py] => [InfLoRA] Layer 10: 185/768 type remove
2026-07-25 19:39:11,674 [inflora.py] => [InfLoRA] Layer 11: 137/768 type remove
2026-07-25 19:39:11,674 [inflora.py] => [InfLoRA] Layer 12: 95/768 type remove
2026-07-25 19:44:12,846 [inflora.py] => [InfLoRA] DualGPM threshold: 0.9620
2026-07-25 19:44:16,796 [inflora.py] => [InfLoRA] Layer 1: 25/768 type remove
2026-07-25 19:44:16,796 [inflora.py] => [InfLoRA] Layer 2: 14/768 type remove
2026-07-25 19:44:16,796 [inflora.py] => [InfLoRA] Layer 3: 22/768 type remove
2026-07-25 19:44:16,796 [inflora.py] => [InfLoRA] Layer 4: 21/768 type remove
2026-07-25 19:44:16,797 [inflora.py] => [InfLoRA] Layer 5: 32/768 type remove
2026-07-25 19:44:16,797 [inflora.py] => [InfLoRA] Layer 6: 41/768 type remove
2026-07-25 19:44:16,797 [inflora.py] => [InfLoRA] Layer 7: 45/768 type remove
2026-07-25 19:44:16,797 [inflora.py] => [InfLoRA] Layer 8: 61/768 type remove
2026-07-25 19:44:16,797 [inflora.py] => [InfLoRA] Layer 9: 111/768 type remove
2026-07-25 19:44:16,797 [inflora.py] => [InfLoRA] Layer 10: 188/768 type remove
2026-07-25 19:44:16,797 [inflora.py] => [InfLoRA] Layer 11: 141/768 type remove
2026-07-25 19:44:16,797 [inflora.py] => [InfLoRA] Layer 12: 97/768 type remove
2026-07-25 19:49:17,815 [inflora.py] => [InfLoRA] DualGPM threshold: 0.9630
2026-07-25 19:49:21,579 [inflora.py] => [InfLoRA] Layer 1: 25/768 type remove
2026-07-25 19:49:21,579 [inflora.py] => [InfLoRA] Layer 2: 14/768 type remove
2026-07-25 19:49:21,579 [inflora.py] => [InfLoRA] Layer 3: 23/768 type remove
2026-07-25 19:49:21,579 [inflora.py] => [InfLoRA] Layer 4: 22/768 type remove
2026-07-25 19:49:21,579 [inflora.py] => [InfLoRA] Layer 5: 33/768 type remove
2026-07-25 19:49:21,580 [inflora.py] => [InfLoRA] Layer 6: 43/768 type remove
2026-07-25 19:49:21,580 [inflora.py] => [InfLoRA] Layer 7: 47/768 type remove
2026-07-25 19:49:21,580 [inflora.py] => [InfLoRA] Layer 8: 63/768 type remove
2026-07-25 19:49:21,580 [inflora.py] => [InfLoRA] Layer 9: 115/768 type remove
2026-07-25 19:49:21,580 [inflora.py] => [InfLoRA] Layer 10: 192/768 type remove
2026-07-25 19:49:21,580 [inflora.py] => [InfLoRA] Layer 11: 143/768 type remove
2026-07-25 19:49:21,580 [inflora.py] => [InfLoRA] Layer 12: 104/768 type remove
2026-07-25 19:54:24,799 [inflora.py] => [InfLoRA] DualGPM threshold: 0.9640
2026-07-25 19:54:28,092 [inflora.py] => [InfLoRA] Layer 1: 25/768 type remove
2026-07-25 19:54:28,092 [inflora.py] => [InfLoRA] Layer 2: 14/768 type remove
2026-07-25 19:54:28,093 [inflora.py] => [InfLoRA] Layer 3: 23/768 type remove
2026-07-25 19:54:28,093 [inflora.py] => [InfLoRA] Layer 4: 23/768 type remove
2026-07-25 19:54:28,093 [inflora.py] => [InfLoRA] Layer 5: 34/768 type remove
2026-07-25 19:54:28,093 [inflora.py] => [InfLoRA] Layer 6: 45/768 type remove
2026-07-25 19:54:28,093 [inflora.py] => [InfLoRA] Layer 7: 50/768 type remove
2026-07-25 19:54:28,093 [inflora.py] => [InfLoRA] Layer 8: 65/768 type remove
2026-07-25 19:54:28,093 [inflora.py] => [InfLoRA] Layer 9: 119/768 type remove
2026-07-25 19:54:28,093 [inflora.py] => [InfLoRA] Layer 10: 201/768 type remove
2026-07-25 19:54:28,093 [inflora.py] => [InfLoRA] Layer 11: 148/768 type remove
2026-07-25 19:54:28,093 [inflora.py] => [InfLoRA] Layer 12: 116/768 type remove
2026-07-25 19:54:41,829 [bounded_memory_mixin.py] => [bounded_mem eval] volume 0.30 | cycle 14 | classes_seen 100 | CIL top1 31.72 | top5 48.24 | (nearest latent task ~9) | per-task [0.5, 3.54, 4.0, 4.0, 15.58, 40.2, 29.74, 28.14, 97.0, 94.92]
2026-07-25 19:59:44,798 [inflora.py] => [InfLoRA] DualGPM threshold: 0.9650
2026-07-25 19:59:48,863 [inflora.py] => [InfLoRA] Layer 1: 26/768 type remove
2026-07-25 19:59:48,863 [inflora.py] => [InfLoRA] Layer 2: 15/768 type remove
2026-07-25 19:59:48,863 [inflora.py] => [InfLoRA] Layer 3: 24/768 type remove
2026-07-25 19:59:48,863 [inflora.py] => [InfLoRA] Layer 4: 25/768 type remove
2026-07-25 19:59:48,863 [inflora.py] => [InfLoRA] Layer 5: 36/768 type remove
2026-07-25 19:59:48,863 [inflora.py] => [InfLoRA] Layer 6: 49/768 type remove
2026-07-25 19:59:48,863 [inflora.py] => [InfLoRA] Layer 7: 54/768 type remove
2026-07-25 19:59:48,863 [inflora.py] => [InfLoRA] Layer 8: 71/768 type remove
2026-07-25 19:59:48,863 [inflora.py] => [InfLoRA] Layer 9: 129/768 type remove
2026-07-25 19:59:48,863 [inflora.py] => [InfLoRA] Layer 10: 213/768 type remove
2026-07-25 19:59:48,863 [inflora.py] => [InfLoRA] Layer 11: 158/768 type remove
2026-07-25 19:59:48,863 [inflora.py] => [InfLoRA] Layer 12: 120/768 type remove
2026-07-25 20:04:52,760 [inflora.py] => [InfLoRA] DualGPM threshold: 0.9660
2026-07-25 20:04:56,834 [inflora.py] => [InfLoRA] Layer 1: 26/768 type remove
2026-07-25 20:04:56,834 [inflora.py] => [InfLoRA] Layer 2: 15/768 type remove
2026-07-25 20:04:56,834 [inflora.py] => [InfLoRA] Layer 3: 25/768 type remove
2026-07-25 20:04:56,834 [inflora.py] => [InfLoRA] Layer 4: 26/768 type remove
2026-07-25 20:04:56,834 [inflora.py] => [InfLoRA] Layer 5: 38/768 type remove
2026-07-25 20:04:56,834 [inflora.py] => [InfLoRA] Layer 6: 51/768 type remove
2026-07-25 20:04:56,834 [inflora.py] => [InfLoRA] Layer 7: 57/768 type remove
2026-07-25 20:04:56,834 [inflora.py] => [InfLoRA] Layer 8: 74/768 type remove
2026-07-25 20:04:56,834 [inflora.py] => [InfLoRA] Layer 9: 135/768 type remove
2026-07-25 20:04:56,835 [inflora.py] => [InfLoRA] Layer 10: 227/768 type remove
2026-07-25 20:04:56,835 [inflora.py] => [InfLoRA] Layer 11: 167/768 type remove
2026-07-25 20:04:56,835 [inflora.py] => [InfLoRA] Layer 12: 128/768 type remove
2026-07-25 20:09:57,743 [inflora.py] => [InfLoRA] DualGPM threshold: 0.9670
2026-07-25 20:10:00,436 [inflora.py] => [InfLoRA] Layer 1: 26/768 type remove
2026-07-25 20:10:00,436 [inflora.py] => [InfLoRA] Layer 2: 15/768 type remove
2026-07-25 20:10:00,436 [inflora.py] => [InfLoRA] Layer 3: 26/768 type remove
2026-07-25 20:10:00,436 [inflora.py] => [InfLoRA] Layer 4: 27/768 type remove
2026-07-25 20:10:00,436 [inflora.py] => [InfLoRA] Layer 5: 40/768 type remove
2026-07-25 20:10:00,436 [inflora.py] => [InfLoRA] Layer 6: 53/768 type remove
2026-07-25 20:10:00,436 [inflora.py] => [InfLoRA] Layer 7: 59/768 type remove
2026-07-25 20:10:00,436 [inflora.py] => [InfLoRA] Layer 8: 77/768 type remove
2026-07-25 20:10:00,437 [inflora.py] => [InfLoRA] Layer 9: 138/768 type remove
2026-07-25 20:10:00,437 [inflora.py] => [InfLoRA] Layer 10: 233/768 type remove
2026-07-25 20:10:00,437 [inflora.py] => [InfLoRA] Layer 11: 172/768 type remove
2026-07-25 20:10:00,437 [inflora.py] => [InfLoRA] Layer 12: 132/768 type remove
2026-07-25 20:15:05,453 [inflora.py] => [InfLoRA] DualGPM threshold: 0.9680
2026-07-25 20:15:09,493 [inflora.py] => [InfLoRA] Layer 1: 26/768 type remove
2026-07-25 20:15:09,494 [inflora.py] => [InfLoRA] Layer 2: 15/768 type remove
2026-07-25 20:15:09,494 [inflora.py] => [InfLoRA] Layer 3: 27/768 type remove
2026-07-25 20:15:09,494 [inflora.py] => [InfLoRA] Layer 4: 28/768 type remove
2026-07-25 20:15:09,494 [inflora.py] => [InfLoRA] Layer 5: 41/768 type remove
2026-07-25 20:15:09,494 [inflora.py] => [InfLoRA] Layer 6: 55/768 type remove
2026-07-25 20:15:09,494 [inflora.py] => [InfLoRA] Layer 7: 62/768 type remove
2026-07-25 20:15:09,494 [inflora.py] => [InfLoRA] Layer 8: 81/768 type remove
2026-07-25 20:15:09,494 [inflora.py] => [InfLoRA] Layer 9: 144/768 type remove
2026-07-25 20:15:09,494 [inflora.py] => [InfLoRA] Layer 10: 242/768 type remove
2026-07-25 20:15:09,494 [inflora.py] => [InfLoRA] Layer 11: 180/768 type remove
2026-07-25 20:15:09,494 [inflora.py] => [InfLoRA] Layer 12: 140/768 type remove
2026-07-25 20:19:28,729 [inflora.py] => [InfLoRA] DualGPM threshold: 0.9690
2026-07-25 20:19:32,744 [inflora.py] => [InfLoRA] Layer 1: 26/768 type remove
2026-07-25 20:19:32,744 [inflora.py] => [InfLoRA] Layer 2: 15/768 type remove
2026-07-25 20:19:32,744 [inflora.py] => [InfLoRA] Layer 3: 27/768 type remove
2026-07-25 20:19:32,744 [inflora.py] => [InfLoRA] Layer 4: 29/768 type remove
2026-07-25 20:19:32,744 [inflora.py] => [InfLoRA] Layer 5: 42/768 type remove
2026-07-25 20:19:32,744 [inflora.py] => [InfLoRA] Layer 6: 57/768 type remove
2026-07-25 20:19:32,744 [inflora.py] => [InfLoRA] Layer 7: 63/768 type remove
2026-07-25 20:19:32,745 [inflora.py] => [InfLoRA] Layer 8: 82/768 type remove
2026-07-25 20:19:32,745 [inflora.py] => [InfLoRA] Layer 9: 145/768 type remove
2026-07-25 20:19:32,745 [inflora.py] => [InfLoRA] Layer 10: 244/768 type remove
2026-07-25 20:19:32,745 [inflora.py] => [InfLoRA] Layer 11: 182/768 type remove
2026-07-25 20:19:32,745 [inflora.py] => [InfLoRA] Layer 12: 146/768 type remove
2026-07-25 20:19:50,472 [bounded_memory_mixin.py] => [bounded_mem eval] volume 0.40 | cycle 19 | classes_seen 130 | CIL top1 24.45 | top5 37.54 | (nearest latent task ~12) | per-task [1.01, 0.51, 2.0, 0.0, 0.5, 10.55, 3.08, 3.52, 21.5, 32.49, 53.77, 95.98, 93.4]
2026-07-25 20:24:57,173 [inflora.py] => [InfLoRA] DualGPM threshold: 0.9700
2026-07-25 20:25:00,401 [inflora.py] => [InfLoRA] Layer 1: 26/768 type remove
2026-07-25 20:25:00,401 [inflora.py] => [InfLoRA] Layer 2: 15/768 type remove
2026-07-25 20:25:00,401 [inflora.py] => [InfLoRA] Layer 3: 28/768 type remove
2026-07-25 20:25:00,401 [inflora.py] => [InfLoRA] Layer 4: 31/768 type remove
2026-07-25 20:25:00,401 [inflora.py] => [InfLoRA] Layer 5: 44/768 type remove
2026-07-25 20:25:00,401 [inflora.py] => [InfLoRA] Layer 6: 60/768 type remove
2026-07-25 20:25:00,401 [inflora.py] => [InfLoRA] Layer 7: 66/768 type remove
2026-07-25 20:25:00,401 [inflora.py] => [InfLoRA] Layer 8: 85/768 type remove
2026-07-25 20:25:00,401 [inflora.py] => [InfLoRA] Layer 9: 148/768 type remove
2026-07-25 20:25:00,402 [inflora.py] => [InfLoRA] Layer 10: 247/768 type remove
2026-07-25 20:25:00,402 [inflora.py] => [InfLoRA] Layer 11: 185/768 type remove
2026-07-25 20:25:00,402 [inflora.py] => [InfLoRA] Layer 12: 147/768 type remove
2026-07-25 20:30:04,094 [inflora.py] => [InfLoRA] DualGPM threshold: 0.9710
2026-07-25 20:30:07,620 [inflora.py] => [InfLoRA] Layer 1: 26/768 type remove
2026-07-25 20:30:07,620 [inflora.py] => [InfLoRA] Layer 2: 16/768 type remove
2026-07-25 20:30:07,620 [inflora.py] => [InfLoRA] Layer 3: 29/768 type remove
2026-07-25 20:30:07,620 [inflora.py] => [InfLoRA] Layer 4: 31/768 type remove
2026-07-25 20:30:07,620 [inflora.py] => [InfLoRA] Layer 5: 45/768 type remove
2026-07-25 20:30:07,620 [inflora.py] => [InfLoRA] Layer 6: 61/768 type remove
2026-07-25 20:30:07,620 [inflora.py] => [InfLoRA] Layer 7: 67/768 type remove
2026-07-25 20:30:07,620 [inflora.py] => [InfLoRA] Layer 8: 86/768 type remove
2026-07-25 20:30:07,620 [inflora.py] => [InfLoRA] Layer 9: 149/768 type remove
2026-07-25 20:30:07,620 [inflora.py] => [InfLoRA] Layer 10: 248/768 type remove
2026-07-25 20:30:07,620 [inflora.py] => [InfLoRA] Layer 11: 186/768 type remove
2026-07-25 20:30:07,620 [inflora.py] => [InfLoRA] Layer 12: 151/768 type remove
2026-07-25 20:35:11,807 [inflora.py] => [InfLoRA] DualGPM threshold: 0.9720
2026-07-25 20:35:15,862 [inflora.py] => [InfLoRA] Layer 1: 26/768 type remove
2026-07-25 20:35:15,862 [inflora.py] => [InfLoRA] Layer 2: 16/768 type remove
2026-07-25 20:35:15,862 [inflora.py] => [InfLoRA] Layer 3: 30/768 type remove
2026-07-25 20:35:15,862 [inflora.py] => [InfLoRA] Layer 4: 32/768 type remove
2026-07-25 20:35:15,862 [inflora.py] => [InfLoRA] Layer 5: 47/768 type remove
2026-07-25 20:35:15,862 [inflora.py] => [InfLoRA] Layer 6: 64/768 type remove
2026-07-25 20:35:15,863 [inflora.py] => [InfLoRA] Layer 7: 70/768 type remove
2026-07-25 20:35:15,863 [inflora.py] => [InfLoRA] Layer 8: 90/768 type remove
2026-07-25 20:35:15,863 [inflora.py] => [InfLoRA] Layer 9: 152/768 type remove
2026-07-25 20:35:15,863 [inflora.py] => [InfLoRA] Layer 10: 249/768 type remove
2026-07-25 20:35:15,863 [inflora.py] => [InfLoRA] Layer 11: 187/768 type remove
2026-07-25 20:35:15,863 [inflora.py] => [InfLoRA] Layer 12: 156/768 type remove
2026-07-25 20:40:17,382 [inflora.py] => [InfLoRA] DualGPM threshold: 0.9730
2026-07-25 20:40:21,599 [inflora.py] => [InfLoRA] Layer 1: 27/768 type remove
2026-07-25 20:40:21,600 [inflora.py] => [InfLoRA] Layer 2: 17/768 type remove
2026-07-25 20:40:21,600 [inflora.py] => [InfLoRA] Layer 3: 31/768 type remove
2026-07-25 20:40:21,600 [inflora.py] => [InfLoRA] Layer 4: 34/768 type remove
2026-07-25 20:40:21,600 [inflora.py] => [InfLoRA] Layer 5: 50/768 type remove
2026-07-25 20:40:21,600 [inflora.py] => [InfLoRA] Layer 6: 70/768 type remove
2026-07-25 20:40:21,600 [inflora.py] => [InfLoRA] Layer 7: 75/768 type remove
2026-07-25 20:40:21,600 [inflora.py] => [InfLoRA] Layer 8: 100/768 type remove
2026-07-25 20:40:21,600 [inflora.py] => [InfLoRA] Layer 9: 169/768 type remove
2026-07-25 20:40:21,600 [inflora.py] => [InfLoRA] Layer 10: 266/768 type remove
2026-07-25 20:40:21,600 [inflora.py] => [InfLoRA] Layer 11: 205/768 type remove
2026-07-25 20:40:21,600 [inflora.py] => [InfLoRA] Layer 12: 162/768 type remove
2026-07-25 20:45:25,058 [inflora.py] => [InfLoRA] DualGPM threshold: 0.9740
2026-07-25 20:45:29,150 [inflora.py] => [InfLoRA] Layer 1: 32/768 type remove
2026-07-25 20:45:29,150 [inflora.py] => [InfLoRA] Layer 2: 18/768 type remove
2026-07-25 20:45:29,150 [inflora.py] => [InfLoRA] Layer 3: 33/768 type remove
2026-07-25 20:45:29,150 [inflora.py] => [InfLoRA] Layer 4: 36/768 type remove
2026-07-25 20:45:29,150 [inflora.py] => [InfLoRA] Layer 5: 54/768 type remove
2026-07-25 20:45:29,150 [inflora.py] => [InfLoRA] Layer 6: 74/768 type remove
2026-07-25 20:45:29,150 [inflora.py] => [InfLoRA] Layer 7: 81/768 type remove
2026-07-25 20:45:29,150 [inflora.py] => [InfLoRA] Layer 8: 107/768 type remove
2026-07-25 20:45:29,150 [inflora.py] => [InfLoRA] Layer 9: 179/768 type remove
2026-07-25 20:45:29,150 [inflora.py] => [InfLoRA] Layer 10: 278/768 type remove
2026-07-25 20:45:29,151 [inflora.py] => [InfLoRA] Layer 11: 217/768 type remove
2026-07-25 20:45:29,151 [inflora.py] => [InfLoRA] Layer 12: 167/768 type remove
2026-07-25 20:45:50,247 [bounded_memory_mixin.py] => [bounded_mem eval] volume 0.50 | cycle 24 | classes_seen 160 | CIL top1 20.03 | top5 30.20 | (nearest latent task ~15) | per-task [0.0, 0.0, 0.5, 0.0, 0.0, 0.5, 0.0, 1.51, 1.5, 9.64, 9.05, 20.1, 45.69, 46.15, 96.48, 89.5]
2026-07-25 20:50:52,533 [inflora.py] => [InfLoRA] DualGPM threshold: 0.9750
2026-07-25 20:50:56,802 [inflora.py] => [InfLoRA] Layer 1: 33/768 type remove
2026-07-25 20:50:56,803 [inflora.py] => [InfLoRA] Layer 2: 19/768 type remove
2026-07-25 20:50:56,803 [inflora.py] => [InfLoRA] Layer 3: 36/768 type remove
2026-07-25 20:50:56,803 [inflora.py] => [InfLoRA] Layer 4: 37/768 type remove
2026-07-25 20:50:56,803 [inflora.py] => [InfLoRA] Layer 5: 57/768 type remove
2026-07-25 20:50:56,803 [inflora.py] => [InfLoRA] Layer 6: 78/768 type remove
2026-07-25 20:50:56,803 [inflora.py] => [InfLoRA] Layer 7: 85/768 type remove
2026-07-25 20:50:56,803 [inflora.py] => [InfLoRA] Layer 8: 114/768 type remove
2026-07-25 20:50:56,803 [inflora.py] => [InfLoRA] Layer 9: 188/768 type remove
2026-07-25 20:50:56,803 [inflora.py] => [InfLoRA] Layer 10: 293/768 type remove
2026-07-25 20:50:56,803 [inflora.py] => [InfLoRA] Layer 11: 227/768 type remove
2026-07-25 20:50:56,803 [inflora.py] => [InfLoRA] Layer 12: 178/768 type remove
2026-07-25 20:55:58,837 [inflora.py] => [InfLoRA] DualGPM threshold: 0.9760
2026-07-25 20:56:03,024 [inflora.py] => [InfLoRA] Layer 1: 35/768 type remove
2026-07-25 20:56:03,024 [inflora.py] => [InfLoRA] Layer 2: 20/768 type remove
2026-07-25 20:56:03,024 [inflora.py] => [InfLoRA] Layer 3: 37/768 type remove
2026-07-25 20:56:03,024 [inflora.py] => [InfLoRA] Layer 4: 39/768 type remove
2026-07-25 20:56:03,024 [inflora.py] => [InfLoRA] Layer 5: 59/768 type remove
2026-07-25 20:56:03,024 [inflora.py] => [InfLoRA] Layer 6: 82/768 type remove
2026-07-25 20:56:03,024 [inflora.py] => [InfLoRA] Layer 7: 89/768 type remove
2026-07-25 20:56:03,024 [inflora.py] => [InfLoRA] Layer 8: 122/768 type remove
2026-07-25 20:56:03,024 [inflora.py] => [InfLoRA] Layer 9: 202/768 type remove
2026-07-25 20:56:03,024 [inflora.py] => [InfLoRA] Layer 10: 309/768 type remove
2026-07-25 20:56:03,024 [inflora.py] => [InfLoRA] Layer 11: 240/768 type remove
2026-07-25 20:56:03,024 [inflora.py] => [InfLoRA] Layer 12: 192/768 type remove
2026-07-25 21:01:05,870 [inflora.py] => [InfLoRA] DualGPM threshold: 0.9770
2026-07-25 21:01:10,298 [inflora.py] => [InfLoRA] Layer 1: 35/768 type remove
2026-07-25 21:01:10,298 [inflora.py] => [InfLoRA] Layer 2: 20/768 type remove
2026-07-25 21:01:10,298 [inflora.py] => [InfLoRA] Layer 3: 41/768 type remove
2026-07-25 21:01:10,298 [inflora.py] => [InfLoRA] Layer 4: 42/768 type remove
2026-07-25 21:01:10,298 [inflora.py] => [InfLoRA] Layer 5: 65/768 type remove
2026-07-25 21:01:10,298 [inflora.py] => [InfLoRA] Layer 6: 90/768 type remove
2026-07-25 21:01:10,298 [inflora.py] => [InfLoRA] Layer 7: 98/768 type remove
2026-07-25 21:01:10,298 [inflora.py] => [InfLoRA] Layer 8: 143/768 type remove
2026-07-25 21:01:10,298 [inflora.py] => [InfLoRA] Layer 9: 229/768 type remove
2026-07-25 21:01:10,298 [inflora.py] => [InfLoRA] Layer 10: 332/768 type remove
2026-07-25 21:01:10,298 [inflora.py] => [InfLoRA] Layer 11: 258/768 type remove
2026-07-25 21:01:10,298 [inflora.py] => [InfLoRA] Layer 12: 207/768 type remove
2026-07-25 21:06:12,640 [inflora.py] => [InfLoRA] DualGPM threshold: 0.9780
2026-07-25 21:06:15,942 [inflora.py] => [InfLoRA] Layer 1: 35/768 type remove
2026-07-25 21:06:15,942 [inflora.py] => [InfLoRA] Layer 2: 20/768 type remove
2026-07-25 21:06:15,942 [inflora.py] => [InfLoRA] Layer 3: 41/768 type remove
2026-07-25 21:06:15,942 [inflora.py] => [InfLoRA] Layer 4: 43/768 type remove
2026-07-25 21:06:15,942 [inflora.py] => [InfLoRA] Layer 5: 66/768 type remove
2026-07-25 21:06:15,942 [inflora.py] => [InfLoRA] Layer 6: 91/768 type remove
2026-07-25 21:06:15,942 [inflora.py] => [InfLoRA] Layer 7: 99/768 type remove
2026-07-25 21:06:15,942 [inflora.py] => [InfLoRA] Layer 8: 144/768 type remove
2026-07-25 21:06:15,942 [inflora.py] => [InfLoRA] Layer 9: 230/768 type remove
2026-07-25 21:06:15,943 [inflora.py] => [InfLoRA] Layer 10: 334/768 type remove
2026-07-25 21:06:15,943 [inflora.py] => [InfLoRA] Layer 11: 263/768 type remove
2026-07-25 21:06:15,943 [inflora.py] => [InfLoRA] Layer 12: 217/768 type remove
2026-07-25 21:11:23,058 [inflora.py] => [InfLoRA] DualGPM threshold: 0.9790
2026-07-25 21:11:27,015 [inflora.py] => [InfLoRA] Layer 1: 35/768 type remove
2026-07-25 21:11:27,015 [inflora.py] => [InfLoRA] Layer 2: 20/768 type remove
2026-07-25 21:11:27,015 [inflora.py] => [InfLoRA] Layer 3: 41/768 type remove
2026-07-25 21:11:27,015 [inflora.py] => [InfLoRA] Layer 4: 43/768 type remove
2026-07-25 21:11:27,015 [inflora.py] => [InfLoRA] Layer 5: 67/768 type remove
2026-07-25 21:11:27,015 [inflora.py] => [InfLoRA] Layer 6: 92/768 type remove
2026-07-25 21:11:27,015 [inflora.py] => [InfLoRA] Layer 7: 101/768 type remove
2026-07-25 21:11:27,015 [inflora.py] => [InfLoRA] Layer 8: 145/768 type remove
2026-07-25 21:11:27,016 [inflora.py] => [InfLoRA] Layer 9: 232/768 type remove
2026-07-25 21:11:27,016 [inflora.py] => [InfLoRA] Layer 10: 338/768 type remove
2026-07-25 21:11:27,016 [inflora.py] => [InfLoRA] Layer 11: 267/768 type remove
2026-07-25 21:11:27,016 [inflora.py] => [InfLoRA] Layer 12: 225/768 type remove
2026-07-25 21:11:51,122 [bounded_memory_mixin.py] => [bounded_mem eval] volume 0.60 | cycle 29 | classes_seen 190 | CIL top1 16.55 | top5 23.47 | (nearest latent task ~18) | per-task [0.0, 0.0, 0.0, 0.0, 0.0, 0.0, 0.0, 0.0, 0.5, 0.51, 0.5, 0.0, 12.18, 2.56, 10.05, 33.0, 71.86, 97.47, 85.43]
2026-07-25 21:16:57,718 [inflora.py] => [InfLoRA] DualGPM threshold: 0.9800
2026-07-25 21:17:02,065 [inflora.py] => [InfLoRA] Layer 1: 35/768 type remove
2026-07-25 21:17:02,066 [inflora.py] => [InfLoRA] Layer 2: 21/768 type remove
2026-07-25 21:17:02,066 [inflora.py] => [InfLoRA] Layer 3: 42/768 type remove
2026-07-25 21:17:02,066 [inflora.py] => [InfLoRA] Layer 4: 44/768 type remove
2026-07-25 21:17:02,066 [inflora.py] => [InfLoRA] Layer 5: 68/768 type remove
2026-07-25 21:17:02,066 [inflora.py] => [InfLoRA] Layer 6: 94/768 type remove
2026-07-25 21:17:02,066 [inflora.py] => [InfLoRA] Layer 7: 104/768 type remove
2026-07-25 21:17:02,066 [inflora.py] => [InfLoRA] Layer 8: 150/768 type remove
2026-07-25 21:17:02,066 [inflora.py] => [InfLoRA] Layer 9: 246/768 type remove
2026-07-25 21:17:02,066 [inflora.py] => [InfLoRA] Layer 10: 367/768 type remove
2026-07-25 21:17:02,066 [inflora.py] => [InfLoRA] Layer 11: 310/768 type remove
2026-07-25 21:17:02,066 [inflora.py] => [InfLoRA] Layer 12: 247/768 type remove
2026-07-25 21:22:10,066 [inflora.py] => [InfLoRA] DualGPM threshold: 0.9810
2026-07-25 21:22:14,393 [inflora.py] => [InfLoRA] Layer 1: 35/768 type remove
2026-07-25 21:22:14,393 [inflora.py] => [InfLoRA] Layer 2: 21/768 type remove
2026-07-25 21:22:14,393 [inflora.py] => [InfLoRA] Layer 3: 43/768 type remove
2026-07-25 21:22:14,393 [inflora.py] => [InfLoRA] Layer 4: 45/768 type remove
2026-07-25 21:22:14,393 [inflora.py] => [InfLoRA] Layer 5: 70/768 type remove
2026-07-25 21:22:14,393 [inflora.py] => [InfLoRA] Layer 6: 97/768 type remove
2026-07-25 21:22:14,393 [inflora.py] => [InfLoRA] Layer 7: 108/768 type remove
2026-07-25 21:22:14,394 [inflora.py] => [InfLoRA] Layer 8: 153/768 type remove
2026-07-25 21:22:14,394 [inflora.py] => [InfLoRA] Layer 9: 251/768 type remove
2026-07-25 21:22:14,523 [inflora.py] => [InfLoRA] Layer 10: 383/768 type retain
2026-07-25 21:22:14,523 [inflora.py] => [InfLoRA] Layer 11: 334/768 type remove
2026-07-25 21:22:14,524 [inflora.py] => [InfLoRA] Layer 12: 268/768 type remove
2026-07-25 21:27:22,288 [inflora.py] => [InfLoRA] DualGPM threshold: 0.9820
2026-07-25 21:27:25,638 [inflora.py] => [InfLoRA] Layer 1: 35/768 type remove
2026-07-25 21:27:25,638 [inflora.py] => [InfLoRA] Layer 2: 21/768 type remove
2026-07-25 21:27:25,639 [inflora.py] => [InfLoRA] Layer 3: 45/768 type remove
2026-07-25 21:27:25,639 [inflora.py] => [InfLoRA] Layer 4: 48/768 type remove
2026-07-25 21:27:25,639 [inflora.py] => [InfLoRA] Layer 5: 73/768 type remove
2026-07-25 21:27:25,639 [inflora.py] => [InfLoRA] Layer 6: 102/768 type remove
2026-07-25 21:27:25,639 [inflora.py] => [InfLoRA] Layer 7: 115/768 type remove
2026-07-25 21:27:25,639 [inflora.py] => [InfLoRA] Layer 8: 158/768 type remove
2026-07-25 21:27:25,639 [inflora.py] => [InfLoRA] Layer 9: 256/768 type remove
2026-07-25 21:27:25,639 [inflora.py] => [InfLoRA] Layer 10: 371/768 type retain
2026-07-25 21:27:25,639 [inflora.py] => [InfLoRA] Layer 11: 346/768 type remove
2026-07-25 21:27:25,639 [inflora.py] => [InfLoRA] Layer 12: 274/768 type remove
2026-07-25 21:32:34,550 [inflora.py] => [InfLoRA] DualGPM threshold: 0.9830
2026-07-25 21:32:39,076 [inflora.py] => [InfLoRA] Layer 1: 42/768 type remove
2026-07-25 21:32:39,076 [inflora.py] => [InfLoRA] Layer 2: 23/768 type remove
2026-07-25 21:32:39,076 [inflora.py] => [InfLoRA] Layer 3: 51/768 type remove
2026-07-25 21:32:39,076 [inflora.py] => [InfLoRA] Layer 4: 54/768 type remove
2026-07-25 21:32:39,076 [inflora.py] => [InfLoRA] Layer 5: 80/768 type remove
2026-07-25 21:32:39,076 [inflora.py] => [InfLoRA] Layer 6: 110/768 type remove
2026-07-25 21:32:39,077 [inflora.py] => [InfLoRA] Layer 7: 124/768 type remove
2026-07-25 21:32:39,077 [inflora.py] => [InfLoRA] Layer 8: 168/768 type remove
2026-07-25 21:32:39,077 [inflora.py] => [InfLoRA] Layer 9: 268/768 type remove
2026-07-25 21:32:39,077 [inflora.py] => [InfLoRA] Layer 10: 364/768 type retain
2026-07-25 21:32:39,077 [inflora.py] => [InfLoRA] Layer 11: 351/768 type remove
2026-07-25 21:32:39,077 [inflora.py] => [InfLoRA] Layer 12: 279/768 type remove
2026-07-25 21:37:46,441 [inflora.py] => [InfLoRA] DualGPM threshold: 0.9840
2026-07-25 21:37:51,098 [inflora.py] => [InfLoRA] Layer 1: 42/768 type remove
2026-07-25 21:37:51,098 [inflora.py] => [InfLoRA] Layer 2: 23/768 type remove
2026-07-25 21:37:51,098 [inflora.py] => [InfLoRA] Layer 3: 52/768 type remove
2026-07-25 21:37:51,098 [inflora.py] => [InfLoRA] Layer 4: 56/768 type remove
2026-07-25 21:37:51,098 [inflora.py] => [InfLoRA] Layer 5: 83/768 type remove
2026-07-25 21:37:51,098 [inflora.py] => [InfLoRA] Layer 6: 114/768 type remove
2026-07-25 21:37:51,098 [inflora.py] => [InfLoRA] Layer 7: 130/768 type remove
2026-07-25 21:37:51,098 [inflora.py] => [InfLoRA] Layer 8: 177/768 type remove
2026-07-25 21:37:51,098 [inflora.py] => [InfLoRA] Layer 9: 279/768 type remove
2026-07-25 21:37:51,098 [inflora.py] => [InfLoRA] Layer 10: 360/768 type retain
2026-07-25 21:37:51,098 [inflora.py] => [InfLoRA] Layer 11: 354/768 type remove
2026-07-25 21:37:51,098 [inflora.py] => [InfLoRA] Layer 12: 295/768 type remove
2026-07-25 21:38:20,225 [bounded_memory_mixin.py] => [bounded_mem eval] volume 0.70 | cycle 34 | classes_seen 220 | CIL top1 16.54 | top5 23.48 | (nearest latent task ~21) | per-task [0.0, 0.0, 0.0, 0.0, 0.0, 0.0, 0.0, 0.0, 0.0, 0.51, 0.0, 0.0, 1.52, 1.03, 7.54, 13.0, 33.17, 18.18, 42.71, 52.55, 95.5, 97.49]
2026-07-25 21:43:28,908 [inflora.py] => [InfLoRA] DualGPM threshold: 0.9850
2026-07-25 21:43:32,649 [inflora.py] => [InfLoRA] Layer 1: 42/768 type remove
2026-07-25 21:43:32,649 [inflora.py] => [InfLoRA] Layer 2: 23/768 type remove
2026-07-25 21:43:32,649 [inflora.py] => [InfLoRA] Layer 3: 54/768 type remove
2026-07-25 21:43:32,649 [inflora.py] => [InfLoRA] Layer 4: 58/768 type remove
2026-07-25 21:43:32,649 [inflora.py] => [InfLoRA] Layer 5: 87/768 type remove
2026-07-25 21:43:32,649 [inflora.py] => [InfLoRA] Layer 6: 118/768 type remove
2026-07-25 21:43:32,649 [inflora.py] => [InfLoRA] Layer 7: 137/768 type remove
2026-07-25 21:43:32,649 [inflora.py] => [InfLoRA] Layer 8: 186/768 type remove
2026-07-25 21:43:32,649 [inflora.py] => [InfLoRA] Layer 9: 286/768 type remove
2026-07-25 21:43:32,649 [inflora.py] => [InfLoRA] Layer 10: 356/768 type retain
2026-07-25 21:43:32,649 [inflora.py] => [InfLoRA] Layer 11: 357/768 type remove
2026-07-25 21:43:32,650 [inflora.py] => [InfLoRA] Layer 12: 308/768 type remove
2026-07-25 21:48:41,055 [inflora.py] => [InfLoRA] DualGPM threshold: 0.9860
2026-07-25 21:48:45,116 [inflora.py] => [InfLoRA] Layer 1: 42/768 type remove
2026-07-25 21:48:45,116 [inflora.py] => [InfLoRA] Layer 2: 23/768 type remove
2026-07-25 21:48:45,117 [inflora.py] => [InfLoRA] Layer 3: 55/768 type remove
2026-07-25 21:48:45,117 [inflora.py] => [InfLoRA] Layer 4: 60/768 type remove
2026-07-25 21:48:45,117 [inflora.py] => [InfLoRA] Layer 5: 89/768 type remove
2026-07-25 21:48:45,117 [inflora.py] => [InfLoRA] Layer 6: 121/768 type remove
2026-07-25 21:48:45,117 [inflora.py] => [InfLoRA] Layer 7: 142/768 type remove
2026-07-25 21:48:45,117 [inflora.py] => [InfLoRA] Layer 8: 193/768 type remove
2026-07-25 21:48:45,117 [inflora.py] => [InfLoRA] Layer 9: 296/768 type remove
2026-07-25 21:48:45,118 [inflora.py] => [InfLoRA] Layer 10: 351/768 type retain
2026-07-25 21:48:45,118 [inflora.py] => [InfLoRA] Layer 11: 362/768 type remove
2026-07-25 21:48:45,118 [inflora.py] => [InfLoRA] Layer 12: 320/768 type remove
2026-07-25 21:53:52,647 [inflora.py] => [InfLoRA] DualGPM threshold: 0.9870
2026-07-25 21:53:56,347 [inflora.py] => [InfLoRA] Layer 1: 42/768 type remove
2026-07-25 21:53:56,347 [inflora.py] => [InfLoRA] Layer 2: 23/768 type remove
2026-07-25 21:53:56,347 [inflora.py] => [InfLoRA] Layer 3: 57/768 type remove
2026-07-25 21:53:56,347 [inflora.py] => [InfLoRA] Layer 4: 63/768 type remove
2026-07-25 21:53:56,347 [inflora.py] => [InfLoRA] Layer 5: 94/768 type remove
2026-07-25 21:53:56,347 [inflora.py] => [InfLoRA] Layer 6: 128/768 type remove
2026-07-25 21:53:56,347 [inflora.py] => [InfLoRA] Layer 7: 151/768 type remove
2026-07-25 21:53:56,347 [inflora.py] => [InfLoRA] Layer 8: 205/768 type remove
2026-07-25 21:53:56,347 [inflora.py] => [InfLoRA] Layer 9: 310/768 type remove
2026-07-25 21:53:56,347 [inflora.py] => [InfLoRA] Layer 10: 343/768 type retain
2026-07-25 21:53:56,347 [inflora.py] => [InfLoRA] Layer 11: 366/768 type remove
2026-07-25 21:53:56,347 [inflora.py] => [InfLoRA] Layer 12: 335/768 type remove
2026-07-25 21:59:02,369 [inflora.py] => [InfLoRA] DualGPM threshold: 0.9880
2026-07-25 21:59:07,153 [inflora.py] => [InfLoRA] Layer 1: 42/768 type remove
2026-07-25 21:59:07,153 [inflora.py] => [InfLoRA] Layer 2: 23/768 type remove
2026-07-25 21:59:07,154 [inflora.py] => [InfLoRA] Layer 3: 60/768 type remove
2026-07-25 21:59:07,154 [inflora.py] => [InfLoRA] Layer 4: 67/768 type remove
2026-07-25 21:59:07,154 [inflora.py] => [InfLoRA] Layer 5: 99/768 type remove
2026-07-25 21:59:07,154 [inflora.py] => [InfLoRA] Layer 6: 135/768 type remove
2026-07-25 21:59:07,154 [inflora.py] => [InfLoRA] Layer 7: 158/768 type remove
2026-07-25 21:59:07,154 [inflora.py] => [InfLoRA] Layer 8: 213/768 type remove
2026-07-25 21:59:07,155 [inflora.py] => [InfLoRA] Layer 9: 321/768 type remove
2026-07-25 21:59:07,155 [inflora.py] => [InfLoRA] Layer 10: 334/768 type retain
2026-07-25 21:59:07,155 [inflora.py] => [InfLoRA] Layer 11: 373/768 type remove
2026-07-25 21:59:07,155 [inflora.py] => [InfLoRA] Layer 12: 340/768 type remove
2026-07-25 22:04:16,485 [inflora.py] => [InfLoRA] DualGPM threshold: 0.9890
2026-07-25 22:04:20,716 [inflora.py] => [InfLoRA] Layer 1: 42/768 type remove
2026-07-25 22:04:20,717 [inflora.py] => [InfLoRA] Layer 2: 26/768 type remove
2026-07-25 22:04:20,717 [inflora.py] => [InfLoRA] Layer 3: 68/768 type remove
2026-07-25 22:04:20,717 [inflora.py] => [InfLoRA] Layer 4: 74/768 type remove
2026-07-25 22:04:20,717 [inflora.py] => [InfLoRA] Layer 5: 108/768 type remove
2026-07-25 22:04:20,717 [inflora.py] => [InfLoRA] Layer 6: 148/768 type remove
2026-07-25 22:04:20,717 [inflora.py] => [InfLoRA] Layer 7: 171/768 type remove
2026-07-25 22:04:20,717 [inflora.py] => [InfLoRA] Layer 8: 229/768 type remove
2026-07-25 22:04:20,718 [inflora.py] => [InfLoRA] Layer 9: 333/768 type remove
2026-07-25 22:04:20,718 [inflora.py] => [InfLoRA] Layer 10: 321/768 type retain
2026-07-25 22:04:20,718 [inflora.py] => [InfLoRA] Layer 11: 382/768 type remove
2026-07-25 22:04:20,718 [inflora.py] => [InfLoRA] Layer 12: 353/768 type remove
2026-07-25 22:04:54,084 [bounded_memory_mixin.py] => [bounded_mem eval] volume 0.80 | cycle 39 | classes_seen 250 | CIL top1 13.88 | top5 20.13 | (nearest latent task ~24) | per-task [0.0, 0.0, 0.0, 0.0, 0.0, 0.0, 0.0, 0.0, 0.0, 0.0, 0.0, 0.0, 1.52, 0.0, 0.0, 1.0, 17.59, 0.51, 7.04, 26.02, 19.5, 37.69, 49.75, 92.39, 94.95]
2026-07-25 22:10:02,138 [inflora.py] => [InfLoRA] DualGPM threshold: 0.9900
2026-07-25 22:10:06,847 [inflora.py] => [InfLoRA] Layer 1: 51/768 type remove
2026-07-25 22:10:06,848 [inflora.py] => [InfLoRA] Layer 2: 29/768 type remove
2026-07-25 22:10:06,848 [inflora.py] => [InfLoRA] Layer 3: 76/768 type remove
2026-07-25 22:10:06,848 [inflora.py] => [InfLoRA] Layer 4: 83/768 type remove
2026-07-25 22:10:06,848 [inflora.py] => [InfLoRA] Layer 5: 120/768 type remove
2026-07-25 22:10:06,848 [inflora.py] => [InfLoRA] Layer 6: 163/768 type remove
2026-07-25 22:10:06,848 [inflora.py] => [InfLoRA] Layer 7: 186/768 type remove
2026-07-25 22:10:06,848 [inflora.py] => [InfLoRA] Layer 8: 246/768 type remove
2026-07-25 22:10:06,849 [inflora.py] => [InfLoRA] Layer 9: 352/768 type remove
2026-07-25 22:10:06,849 [inflora.py] => [InfLoRA] Layer 10: 306/768 type retain
2026-07-25 22:10:06,931 [inflora.py] => [InfLoRA] Layer 11: 368/768 type retain
2026-07-25 22:10:06,931 [inflora.py] => [InfLoRA] Layer 12: 361/768 type remove
2026-07-25 22:15:13,209 [inflora.py] => [InfLoRA] DualGPM threshold: 0.9910
2026-07-25 22:15:17,836 [inflora.py] => [InfLoRA] Layer 1: 52/768 type remove
2026-07-25 22:15:17,836 [inflora.py] => [InfLoRA] Layer 2: 31/768 type remove
2026-07-25 22:15:17,836 [inflora.py] => [InfLoRA] Layer 3: 80/768 type remove
2026-07-25 22:15:17,836 [inflora.py] => [InfLoRA] Layer 4: 87/768 type remove
2026-07-25 22:15:17,836 [inflora.py] => [InfLoRA] Layer 5: 127/768 type remove
2026-07-25 22:15:17,836 [inflora.py] => [InfLoRA] Layer 6: 173/768 type remove
2026-07-25 22:15:17,836 [inflora.py] => [InfLoRA] Layer 7: 199/768 type remove
2026-07-25 22:15:17,837 [inflora.py] => [InfLoRA] Layer 8: 267/768 type remove
2026-07-25 22:15:17,837 [inflora.py] => [InfLoRA] Layer 9: 381/768 type remove
2026-07-25 22:15:17,837 [inflora.py] => [InfLoRA] Layer 10: 275/768 type retain
2026-07-25 22:15:17,837 [inflora.py] => [InfLoRA] Layer 11: 336/768 type retain
2026-07-25 22:15:17,837 [inflora.py] => [InfLoRA] Layer 12: 379/768 type remove
2026-07-25 22:20:24,539 [inflora.py] => [InfLoRA] DualGPM threshold: 0.9920
2026-07-25 22:20:29,871 [inflora.py] => [InfLoRA] Layer 1: 52/768 type remove
2026-07-25 22:20:29,871 [inflora.py] => [InfLoRA] Layer 2: 32/768 type remove
2026-07-25 22:20:29,871 [inflora.py] => [InfLoRA] Layer 3: 88/768 type remove
2026-07-25 22:20:29,871 [inflora.py] => [InfLoRA] Layer 4: 97/768 type remove
2026-07-25 22:20:29,872 [inflora.py] => [InfLoRA] Layer 5: 140/768 type remove
2026-07-25 22:20:29,872 [inflora.py] => [InfLoRA] Layer 6: 186/768 type remove
2026-07-25 22:20:29,872 [inflora.py] => [InfLoRA] Layer 7: 215/768 type remove
2026-07-25 22:20:29,872 [inflora.py] => [InfLoRA] Layer 8: 286/768 type remove
2026-07-25 22:20:29,916 [inflora.py] => [InfLoRA] Layer 9: 360/768 type retain
2026-07-25 22:20:29,916 [inflora.py] => [InfLoRA] Layer 10: 246/768 type retain
2026-07-25 22:20:29,916 [inflora.py] => [InfLoRA] Layer 11: 301/768 type retain
2026-07-25 22:20:29,999 [inflora.py] => [InfLoRA] Layer 12: 362/768 type retain
2026-07-25 22:25:36,960 [inflora.py] => [InfLoRA] DualGPM threshold: 0.9930
2026-07-25 22:25:42,679 [inflora.py] => [InfLoRA] Layer 1: 53/768 type remove
2026-07-25 22:25:42,679 [inflora.py] => [InfLoRA] Layer 2: 34/768 type remove
2026-07-25 22:25:42,679 [inflora.py] => [InfLoRA] Layer 3: 94/768 type remove
2026-07-25 22:25:42,679 [inflora.py] => [InfLoRA] Layer 4: 105/768 type remove
2026-07-25 22:25:42,679 [inflora.py] => [InfLoRA] Layer 5: 151/768 type remove
2026-07-25 22:25:42,679 [inflora.py] => [InfLoRA] Layer 6: 198/768 type remove
2026-07-25 22:25:42,679 [inflora.py] => [InfLoRA] Layer 7: 229/768 type remove
2026-07-25 22:25:42,679 [inflora.py] => [InfLoRA] Layer 8: 302/768 type remove
2026-07-25 22:25:42,679 [inflora.py] => [InfLoRA] Layer 9: 343/768 type retain
2026-07-25 22:25:42,679 [inflora.py] => [InfLoRA] Layer 10: 233/768 type retain
2026-07-25 22:25:42,679 [inflora.py] => [InfLoRA] Layer 11: 287/768 type retain
2026-07-25 22:25:42,679 [inflora.py] => [InfLoRA] Layer 12: 359/768 type retain
2026-07-25 22:30:51,416 [inflora.py] => [InfLoRA] DualGPM threshold: 0.9940
2026-07-25 22:30:56,109 [inflora.py] => [InfLoRA] Layer 1: 55/768 type remove
2026-07-25 22:30:56,109 [inflora.py] => [InfLoRA] Layer 2: 35/768 type remove
2026-07-25 22:30:56,110 [inflora.py] => [InfLoRA] Layer 3: 100/768 type remove
2026-07-25 22:30:56,110 [inflora.py] => [InfLoRA] Layer 4: 113/768 type remove
2026-07-25 22:30:56,110 [inflora.py] => [InfLoRA] Layer 5: 160/768 type remove
2026-07-25 22:30:56,110 [inflora.py] => [InfLoRA] Layer 6: 213/768 type remove
2026-07-25 22:30:56,110 [inflora.py] => [InfLoRA] Layer 7: 249/768 type remove
2026-07-25 22:30:56,110 [inflora.py] => [InfLoRA] Layer 8: 328/768 type remove
2026-07-25 22:30:56,111 [inflora.py] => [InfLoRA] Layer 9: 310/768 type retain
2026-07-25 22:30:56,111 [inflora.py] => [InfLoRA] Layer 10: 197/768 type retain
2026-07-25 22:30:56,111 [inflora.py] => [InfLoRA] Layer 11: 235/768 type retain
2026-07-25 22:30:56,111 [inflora.py] => [InfLoRA] Layer 12: 323/768 type retain
2026-07-25 22:31:33,603 [bounded_memory_mixin.py] => [bounded_mem eval] volume 0.90 | cycle 44 | classes_seen 280 | CIL top1 11.05 | top5 16.76 | (nearest latent task ~27) | per-task [0.0, 0.0, 0.0, 0.0, 0.0, 0.0, 0.0, 0.0, 0.0, 0.0, 0.0, 0.0, 0.0, 0.0, 0.0, 0.0, 6.03, 0.51, 1.01, 0.0, 3.0, 18.59, 0.51, 25.89, 12.12, 54.31, 91.37, 97.46]
2026-07-25 22:36:41,832 [inflora.py] => [InfLoRA] DualGPM threshold: 0.9950
2026-07-25 22:36:47,003 [inflora.py] => [InfLoRA] Layer 1: 65/768 type remove
2026-07-25 22:36:47,003 [inflora.py] => [InfLoRA] Layer 2: 39/768 type remove
2026-07-25 22:36:47,003 [inflora.py] => [InfLoRA] Layer 3: 108/768 type remove
2026-07-25 22:36:47,003 [inflora.py] => [InfLoRA] Layer 4: 123/768 type remove
2026-07-25 22:36:47,003 [inflora.py] => [InfLoRA] Layer 5: 170/768 type remove
2026-07-25 22:36:47,003 [inflora.py] => [InfLoRA] Layer 6: 229/768 type remove
2026-07-25 22:36:47,004 [inflora.py] => [InfLoRA] Layer 7: 270/768 type remove
2026-07-25 22:36:47,004 [inflora.py] => [InfLoRA] Layer 8: 352/768 type remove
2026-07-25 22:36:47,004 [inflora.py] => [InfLoRA] Layer 9: 283/768 type retain
2026-07-25 22:36:47,004 [inflora.py] => [InfLoRA] Layer 10: 167/768 type retain
2026-07-25 22:36:47,004 [inflora.py] => [InfLoRA] Layer 11: 199/768 type retain
2026-07-25 22:36:47,004 [inflora.py] => [InfLoRA] Layer 12: 265/768 type retain
2026-07-25 22:41:52,942 [inflora.py] => [InfLoRA] DualGPM threshold: 0.9960
2026-07-25 22:41:57,712 [inflora.py] => [InfLoRA] Layer 1: 68/768 type remove
2026-07-25 22:41:57,712 [inflora.py] => [InfLoRA] Layer 2: 42/768 type remove
2026-07-25 22:41:57,713 [inflora.py] => [InfLoRA] Layer 3: 114/768 type remove
2026-07-25 22:41:57,713 [inflora.py] => [InfLoRA] Layer 4: 131/768 type remove
2026-07-25 22:41:57,713 [inflora.py] => [InfLoRA] Layer 5: 180/768 type remove
2026-07-25 22:41:57,713 [inflora.py] => [InfLoRA] Layer 6: 244/768 type remove
2026-07-25 22:41:57,713 [inflora.py] => [InfLoRA] Layer 7: 293/768 type remove
2026-07-25 22:41:57,713 [inflora.py] => [InfLoRA] Layer 8: 375/768 type remove
2026-07-25 22:41:57,713 [inflora.py] => [InfLoRA] Layer 9: 262/768 type retain
2026-07-25 22:41:57,713 [inflora.py] => [InfLoRA] Layer 10: 151/768 type retain
2026-07-25 22:41:57,713 [inflora.py] => [InfLoRA] Layer 11: 185/768 type retain
2026-07-25 22:41:57,713 [inflora.py] => [InfLoRA] Layer 12: 254/768 type retain
2026-07-25 22:47:05,818 [inflora.py] => [InfLoRA] DualGPM threshold: 0.9970
2026-07-25 22:47:10,708 [inflora.py] => [InfLoRA] Layer 1: 99/768 type remove
2026-07-25 22:47:10,709 [inflora.py] => [InfLoRA] Layer 2: 57/768 type remove
2026-07-25 22:47:10,709 [inflora.py] => [InfLoRA] Layer 3: 148/768 type remove
2026-07-25 22:47:10,709 [inflora.py] => [InfLoRA] Layer 4: 172/768 type remove
2026-07-25 22:47:10,709 [inflora.py] => [InfLoRA] Layer 5: 230/768 type remove
2026-07-25 22:47:10,709 [inflora.py] => [InfLoRA] Layer 6: 298/768 type remove
2026-07-25 22:47:10,709 [inflora.py] => [InfLoRA] Layer 7: 345/768 type remove
2026-07-25 22:47:10,774 [inflora.py] => [InfLoRA] Layer 8: 337/768 type retain
2026-07-25 22:47:10,774 [inflora.py] => [InfLoRA] Layer 9: 212/768 type retain
2026-07-25 22:47:10,774 [inflora.py] => [InfLoRA] Layer 10: 116/768 type retain
2026-07-25 22:47:10,774 [inflora.py] => [InfLoRA] Layer 11: 140/768 type retain
2026-07-25 22:47:10,775 [inflora.py] => [InfLoRA] Layer 12: 211/768 type retain
2026-07-25 22:52:19,047 [inflora.py] => [InfLoRA] DualGPM threshold: 0.9980
2026-07-25 22:52:25,408 [inflora.py] => [InfLoRA] Layer 1: 110/768 type remove
2026-07-25 22:52:25,408 [inflora.py] => [InfLoRA] Layer 2: 66/768 type remove
2026-07-25 22:52:25,408 [inflora.py] => [InfLoRA] Layer 3: 173/768 type remove
2026-07-25 22:52:25,408 [inflora.py] => [InfLoRA] Layer 4: 206/768 type remove
2026-07-25 22:52:25,408 [inflora.py] => [InfLoRA] Layer 5: 269/768 type remove
2026-07-25 22:52:25,408 [inflora.py] => [InfLoRA] Layer 6: 343/768 type remove
2026-07-25 22:52:25,491 [inflora.py] => [InfLoRA] Layer 7: 375/768 type retain
2026-07-25 22:52:25,491 [inflora.py] => [InfLoRA] Layer 8: 288/768 type retain
2026-07-25 22:52:25,491 [inflora.py] => [InfLoRA] Layer 9: 168/768 type retain
2026-07-25 22:52:25,491 [inflora.py] => [InfLoRA] Layer 10: 89/768 type retain
2026-07-25 22:52:25,491 [inflora.py] => [InfLoRA] Layer 11: 108/768 type retain
2026-07-25 22:52:25,492 [inflora.py] => [InfLoRA] Layer 12: 178/768 type retain
2026-07-25 22:52:45,926 [inflora.py] => [InfLoRA] DualGPM threshold: 0.9990
2026-07-25 22:52:53,760 [inflora.py] => [InfLoRA] Layer 1: 133/768 type remove
2026-07-25 22:52:53,761 [inflora.py] => [InfLoRA] Layer 2: 96/768 type remove
2026-07-25 22:52:53,761 [inflora.py] => [InfLoRA] Layer 3: 232/768 type remove
2026-07-25 22:52:53,761 [inflora.py] => [InfLoRA] Layer 4: 284/768 type remove
2026-07-25 22:52:53,761 [inflora.py] => [InfLoRA] Layer 5: 349/768 type remove
2026-07-25 22:52:53,853 [inflora.py] => [InfLoRA] Layer 6: 343/768 type retain
2026-07-25 22:52:53,854 [inflora.py] => [InfLoRA] Layer 7: 301/768 type retain
2026-07-25 22:52:53,854 [inflora.py] => [InfLoRA] Layer 8: 226/768 type retain
2026-07-25 22:52:53,854 [inflora.py] => [InfLoRA] Layer 9: 129/768 type retain
2026-07-25 22:52:53,854 [inflora.py] => [InfLoRA] Layer 10: 68/768 type retain
2026-07-25 22:52:53,854 [inflora.py] => [InfLoRA] Layer 11: 88/768 type retain
2026-07-25 22:52:53,854 [inflora.py] => [InfLoRA] Layer 12: 160/768 type retain
2026-07-25 22:53:33,376 [bounded_memory_mixin.py] => [bounded_mem eval] volume 1.00 | cycle 49 | classes_seen 300 | CIL top1 9.53 | top5 13.95 | (nearest latent task ~29) | per-task [0.0, 0.0, 0.0, 0.0, 0.0, 0.0, 0.0, 0.0, 0.0, 0.0, 0.0, 0.0, 0.0, 0.0, 0.0, 0.0, 0.0, 0.0, 3.52, 0.0, 0.0, 7.54, 0.51, 0.0, 0.0, 16.24, 28.93, 45.69, 84.42, 98.5]
2026-07-25 22:53:33,380 [trainer.py] => [bounded_mem] volume checkpoints: [0.1, 0.2, 0.3, 0.4, 0.5, 0.6, 0.7, 0.8, 0.9, 1.0]
2026-07-25 22:53:33,380 [trainer.py] => [bounded_mem] CIL top1 curve: [58.22, 32.97, 31.72, 24.45, 20.03, 16.55, 16.54, 13.88, 11.05, 9.53]
2026-07-25 22:53:33,380 [trainer.py] => [bounded_mem] CIL top5 curve: [86.45, 47.95, 48.24, 37.54, 30.2, 23.47, 23.48, 20.13, 16.76, 13.95]
[bounded_mem] checkpoints (fraction of stream): [0.1, 0.2, 0.3, 0.4, 0.5, 0.6, 0.7, 0.8, 0.9, 1.0]
[bounded_mem] CIL top1: [58.22, 32.97, 31.72, 24.45, 20.03, 16.55, 16.54, 13.88, 11.05, 9.53]
[bounded_mem] CIL top5: [86.45, 47.95, 48.24, 37.54, 30.2, 23.47, 23.48, 20.13, 16.76, 13.95]
2026-07-25 22:53:33,380 [trainer.py] => [bounded_mem] FINAL CIL top1 9.53 | top5 13.95 (at 100% of stream)
[bounded_mem] FINAL CIL top1 9.53 | top5 13.95
[bounded_mem] wrote run_logs/boundedmem_inflora_planc_step2_omni30t_150mb_inflora_s1993.json
