+ cd /home/gmar762/research/continuous_learning/svd_sketching_vision/LAMDA-PILOT
+ export CUDA_DEVICE_ORDER=PCI_BUS_ID
+ CUDA_DEVICE_ORDER=PCI_BUS_ID
++ date
+ echo 'waiting for seqlora_150mb (2125892) + olora_150mb (2342373): Sat 25 Jul 2026 15:09:12 NZST'
waiting for seqlora_150mb (2125892) + olora_150mb (2342373): Sat 25 Jul 2026 15:09:12 NZST
+ kill -0 2125892
+ sleep 30
+ kill -0 2125892
+ sleep 30
+ kill -0 2125892
+ sleep 30
+ kill -0 2125892
+ sleep 30
+ kill -0 2125892
+ sleep 30
+ kill -0 2125892
+ sleep 30
+ kill -0 2125892
+ sleep 30
+ kill -0 2125892
+ sleep 30
+ kill -0 2125892
+ sleep 30
+ kill -0 2125892
+ sleep 30
+ kill -0 2125892
+ sleep 30
+ kill -0 2125892
+ sleep 30
+ kill -0 2125892
+ sleep 30
+ kill -0 2125892
+ sleep 30
+ kill -0 2125892
+ sleep 30
+ kill -0 2125892
+ sleep 30
+ kill -0 2125892
+ sleep 30
+ kill -0 2125892
+ sleep 30
+ kill -0 2125892
+ sleep 30
+ kill -0 2125892
+ sleep 30
+ kill -0 2125892
+ sleep 30
+ kill -0 2125892
+ sleep 30
+ kill -0 2125892
+ sleep 30
+ kill -0 2125892
+ sleep 30
+ kill -0 2125892
+ sleep 30
+ kill -0 2125892
+ sleep 30
+ kill -0 2125892
+ sleep 30
+ kill -0 2125892
+ sleep 30
+ kill -0 2125892
+ sleep 30
+ kill -0 2125892
+ sleep 30
+ kill -0 2125892
+ sleep 30
+ kill -0 2125892
+ sleep 30
+ kill -0 2125892
+ sleep 30
+ kill -0 2125892
+ sleep 30
+ kill -0 2125892
+ sleep 30
+ kill -0 2125892
+ sleep 30
+ kill -0 2125892
+ sleep 30
+ kill -0 2125892
+ sleep 30
+ kill -0 2125892
+ sleep 30
+ kill -0 2125892
+ sleep 30
+ kill -0 2125892
+ sleep 30
+ kill -0 2125892
+ sleep 30
+ kill -0 2125892
+ sleep 30
+ kill -0 2125892
+ sleep 30
+ kill -0 2125892
+ sleep 30
+ kill -0 2125892
+ sleep 30
+ kill -0 2125892
+ sleep 30
+ kill -0 2125892
+ sleep 30
+ kill -0 2125892
+ sleep 30
+ kill -0 2125892
+ sleep 30
+ kill -0 2125892
+ sleep 30
+ kill -0 2125892
+ sleep 30
+ kill -0 2125892
+ sleep 30
+ kill -0 2125892
+ sleep 30
+ kill -0 2125892
+ sleep 30
+ kill -0 2125892
+ sleep 30
+ kill -0 2125892
+ sleep 30
+ kill -0 2125892
+ sleep 30
+ kill -0 2125892
+ sleep 30
+ kill -0 2125892
+ sleep 30
+ kill -0 2125892
+ sleep 30
+ kill -0 2125892
+ sleep 30
+ kill -0 2125892
+ sleep 30
+ kill -0 2125892
+ sleep 30
+ kill -0 2125892
+ sleep 30
+ kill -0 2125892
+ sleep 30
+ kill -0 2125892
+ sleep 30
+ kill -0 2125892
+ sleep 30
+ kill -0 2125892
+ sleep 30
+ kill -0 2125892
+ sleep 30
+ kill -0 2125892
+ sleep 30
+ kill -0 2125892
+ sleep 30
+ kill -0 2125892
+ sleep 30
+ kill -0 2125892
+ sleep 30
+ kill -0 2125892
+ sleep 30
+ kill -0 2125892
+ sleep 30
+ kill -0 2125892
+ sleep 30
+ kill -0 2125892
+ sleep 30
+ kill -0 2125892
+ sleep 30
+ kill -0 2125892
+ sleep 30
+ kill -0 2125892
+ sleep 30
+ kill -0 2125892
+ sleep 30
+ kill -0 2125892
+ sleep 30
+ kill -0 2125892
+ sleep 30
+ kill -0 2125892
+ sleep 30
+ kill -0 2125892
+ sleep 30
+ kill -0 2125892
+ sleep 30
+ kill -0 2125892
+ sleep 30
+ kill -0 2125892
+ sleep 30
+ kill -0 2125892
+ sleep 30
+ kill -0 2125892
+ sleep 30
+ kill -0 2125892
+ sleep 30
+ kill -0 2125892
+ sleep 30
+ kill -0 2125892
+ sleep 30
+ kill -0 2125892
+ sleep 30
+ kill -0 2125892
+ sleep 30
+ kill -0 2125892
+ sleep 30
+ kill -0 2125892
+ sleep 30
+ kill -0 2125892
+ sleep 30
+ kill -0 2125892
+ sleep 30
+ kill -0 2125892
+ sleep 30
+ kill -0 2125892
+ sleep 30
+ kill -0 2125892
+ sleep 30
+ kill -0 2125892
+ sleep 30
+ kill -0 2125892
+ sleep 30
+ kill -0 2125892
+ sleep 30
+ kill -0 2125892
+ sleep 30
+ kill -0 2125892
+ sleep 30
+ kill -0 2125892
+ sleep 30
+ kill -0 2125892
+ sleep 30
+ kill -0 2125892
+ sleep 30
+ kill -0 2125892
+ sleep 30
+ kill -0 2125892
+ sleep 30
+ kill -0 2125892
+ sleep 30
+ kill -0 2125892
+ sleep 30
+ kill -0 2125892
+ sleep 30
+ kill -0 2125892
+ sleep 30
+ kill -0 2125892
+ sleep 30
+ kill -0 2125892
+ sleep 30
+ kill -0 2125892
+ sleep 30
+ kill -0 2125892
+ sleep 30
+ kill -0 2125892
+ sleep 30
+ kill -0 2125892
+ sleep 30
+ kill -0 2125892
+ sleep 30
+ kill -0 2125892
+ sleep 30
+ kill -0 2125892
+ sleep 30
+ kill -0 2125892
+ sleep 30
+ kill -0 2125892
+ sleep 30
+ kill -0 2125892
+ sleep 30
+ kill -0 2125892
+ sleep 30
+ kill -0 2125892
+ sleep 30
+ kill -0 2125892
+ sleep 30
+ kill -0 2125892
+ sleep 30
+ kill -0 2125892
+ sleep 30
+ kill -0 2125892
+ sleep 30
+ kill -0 2125892
+ sleep 30
+ kill -0 2125892
+ sleep 30
+ kill -0 2125892
+ sleep 30
+ kill -0 2125892
+ sleep 30
+ kill -0 2125892
+ sleep 30
+ kill -0 2125892
+ sleep 30
+ kill -0 2125892
+ sleep 30
+ kill -0 2125892
+ sleep 30
+ kill -0 2125892
+ sleep 30
+ kill -0 2125892
+ sleep 30
+ kill -0 2125892
+ sleep 30
+ kill -0 2125892
+ sleep 30
+ kill -0 2125892
+ sleep 30
+ kill -0 2125892
+ sleep 30
+ kill -0 2125892
+ sleep 30
+ kill -0 2125892
+ sleep 30
+ kill -0 2125892
+ sleep 30
+ kill -0 2125892
+ sleep 30
+ kill -0 2125892
+ sleep 30
+ kill -0 2125892
+ sleep 30
+ kill -0 2125892
+ sleep 30
+ kill -0 2125892
+ sleep 30
+ kill -0 2125892
+ sleep 30
+ kill -0 2125892
+ sleep 30
+ kill -0 2125892
+ sleep 30
+ kill -0 2125892
+ sleep 30
+ kill -0 2125892
+ sleep 30
+ kill -0 2125892
+ sleep 30
+ kill -0 2125892
+ sleep 30
+ kill -0 2125892
+ sleep 30
+ kill -0 2125892
+ sleep 30
+ kill -0 2125892
+ sleep 30
+ kill -0 2125892
+ sleep 30
+ kill -0 2125892
+ sleep 30
+ kill -0 2125892
+ sleep 30
+ kill -0 2125892
+ sleep 30
+ kill -0 2125892
+ sleep 30
+ kill -0 2125892
+ sleep 30
+ kill -0 2125892
+ sleep 30
+ kill -0 2125892
+ sleep 30
+ kill -0 2125892
+ sleep 30
+ kill -0 2125892
+ sleep 30
+ kill -0 2125892
+ sleep 30
+ kill -0 2125892
+ sleep 30
+ kill -0 2125892
+ sleep 30
+ kill -0 2125892
+ sleep 30
+ kill -0 2125892
+ sleep 30
+ kill -0 2125892
+ sleep 30
+ kill -0 2125892
+ sleep 30
+ kill -0 2125892
+ sleep 30
+ kill -0 2125892
+ sleep 30
+ kill -0 2125892
+ sleep 30
+ kill -0 2125892
+ sleep 30
+ kill -0 2125892
+ sleep 30
+ kill -0 2125892
+ sleep 30
+ kill -0 2125892
+ sleep 30
+ kill -0 2125892
+ sleep 30
+ kill -0 2125892
+ sleep 30
+ kill -0 2125892
+ sleep 30
+ kill -0 2125892
+ sleep 30
+ kill -0 2125892
+ sleep 30
+ kill -0 2125892
+ sleep 30
+ kill -0 2125892
+ sleep 30
+ kill -0 2125892
+ sleep 30
+ kill -0 2125892
+ sleep 30
+ kill -0 2125892
+ sleep 30
+ kill -0 2125892
+ sleep 30
+ kill -0 2125892
+ sleep 30
+ kill -0 2125892
+ sleep 30
+ kill -0 2125892
+ sleep 30
+ kill -0 2125892
+ sleep 30
+ kill -0 2125892
+ sleep 30
+ kill -0 2125892
+ sleep 30
+ kill -0 2125892
+ sleep 30
+ kill -0 2125892
+ sleep 30
+ kill -0 2125892
+ sleep 30
+ kill -0 2125892
+ sleep 30
+ kill -0 2125892
+ sleep 30
+ kill -0 2125892
+ sleep 30
+ kill -0 2125892
+ sleep 30
+ kill -0 2125892
+ sleep 30
+ kill -0 2125892
+ sleep 30
+ kill -0 2125892
+ sleep 30
+ kill -0 2125892
+ sleep 30
+ kill -0 2125892
+ sleep 30
+ kill -0 2125892
+ sleep 30
+ kill -0 2125892
+ sleep 30
+ kill -0 2125892
+ sleep 30
+ kill -0 2125892
+ sleep 30
+ kill -0 2125892
+ sleep 30
+ kill -0 2125892
+ sleep 30
+ kill -0 2125892
+ sleep 30
+ kill -0 2125892
+ sleep 30
+ kill -0 2125892
+ sleep 30
+ kill -0 2125892
+ sleep 30
+ kill -0 2125892
+ sleep 30
+ kill -0 2125892
+ sleep 30
+ kill -0 2125892
+ sleep 30
+ kill -0 2125892
+ sleep 30
+ kill -0 2125892
+ sleep 30
+ kill -0 2125892
+ sleep 30
+ kill -0 2125892
+ sleep 30
+ kill -0 2125892
+ sleep 30
+ kill -0 2125892
+ sleep 30
+ kill -0 2125892
+ sleep 30
+ kill -0 2125892
+ sleep 30
+ kill -0 2125892
+ sleep 30
+ kill -0 2125892
+ sleep 30
+ kill -0 2125892
+ sleep 30
+ kill -0 2125892
+ sleep 30
+ kill -0 2125892
+ sleep 30
+ kill -0 2125892
+ sleep 30
+ kill -0 2125892
+ sleep 30
+ kill -0 2125892
+ sleep 30
+ kill -0 2125892
+ sleep 30
+ kill -0 2125892
+ sleep 30
+ kill -0 2125892
+ sleep 30
+ kill -0 2125892
+ sleep 30
+ kill -0 2125892
+ sleep 30
+ kill -0 2125892
+ sleep 30
+ kill -0 2125892
+ sleep 30
+ kill -0 2125892
+ sleep 30
+ kill -0 2125892
+ sleep 30
+ kill -0 2125892
+ sleep 30
+ kill -0 2125892
+ sleep 30
+ kill -0 2125892
+ sleep 30
+ kill -0 2125892
+ sleep 30
+ kill -0 2125892
+ sleep 30
+ kill -0 2125892
+ sleep 30
+ kill -0 2125892
+ sleep 30
+ kill -0 2125892
+ sleep 30
+ kill -0 2125892
+ sleep 30
+ kill -0 2125892
+ sleep 30
+ kill -0 2125892
+ sleep 30
+ kill -0 2125892
+ sleep 30
+ kill -0 2125892
+ sleep 30
+ kill -0 2125892
+ sleep 30
+ kill -0 2125892
+ sleep 30
+ kill -0 2125892
+ sleep 30
+ kill -0 2125892
+ sleep 30
+ kill -0 2125892
+ sleep 30
+ kill -0 2125892
+ sleep 30
+ kill -0 2125892
+ sleep 30
+ kill -0 2125892
+ sleep 30
+ kill -0 2125892
+ sleep 30
+ kill -0 2125892
+ sleep 30
+ kill -0 2125892
+ sleep 30
+ kill -0 2125892
+ sleep 30
+ kill -0 2125892
+ sleep 30
+ kill -0 2125892
+ sleep 30
+ kill -0 2125892
+ sleep 30
+ kill -0 2125892
+ sleep 30
+ kill -0 2125892
+ sleep 30
+ kill -0 2125892
+ sleep 30
+ kill -0 2125892
+ sleep 30
+ kill -0 2125892
+ sleep 30
+ kill -0 2125892
+ sleep 30
+ kill -0 2125892
+ sleep 30
+ kill -0 2125892
+ sleep 30
+ kill -0 2125892
+ sleep 30
+ kill -0 2125892
+ sleep 30
+ kill -0 2125892
+ sleep 30
+ kill -0 2125892
+ sleep 30
+ kill -0 2125892
+ sleep 30
+ kill -0 2125892
+ sleep 30
+ kill -0 2125892
+ sleep 30
+ kill -0 2125892
+ sleep 30
+ kill -0 2125892
+ sleep 30
+ kill -0 2125892
+ sleep 30
+ kill -0 2125892
+ sleep 30
+ kill -0 2125892
+ sleep 30
+ kill -0 2125892
+ sleep 30
+ kill -0 2125892
+ sleep 30
+ kill -0 2125892
+ sleep 30
+ kill -0 2125892
+ sleep 30
+ kill -0 2125892
+ sleep 30
+ kill -0 2125892
+ sleep 30
+ kill -0 2125892
+ sleep 30
+ kill -0 2125892
+ sleep 30
+ kill -0 2125892
+ sleep 30
+ kill -0 2125892
+ sleep 30
+ kill -0 2125892
+ sleep 30
+ kill -0 2125892
+ sleep 30
+ kill -0 2125892
+ sleep 30
+ kill -0 2125892
+ sleep 30
+ kill -0 2125892
+ sleep 30
+ kill -0 2125892
+ sleep 30
+ kill -0 2125892
+ sleep 30
+ kill -0 2125892
+ sleep 30
+ kill -0 2125892
+ sleep 30
+ kill -0 2125892
+ sleep 30
+ kill -0 2125892
+ sleep 30
+ kill -0 2125892
+ sleep 30
+ kill -0 2125892
+ sleep 30
+ kill -0 2125892
+ sleep 30
+ kill -0 2125892
+ sleep 30
+ kill -0 2125892
+ sleep 30
+ kill -0 2125892
+ sleep 30
+ kill -0 2125892
+ sleep 30
+ kill -0 2125892
+ kill -0 2342373
+ sleep 30
+ kill -0 2125892
+ kill -0 2342373
+ sleep 30
+ kill -0 2125892
+ kill -0 2342373
+ sleep 30
+ kill -0 2125892
+ kill -0 2342373
+ sleep 30
+ kill -0 2125892
+ kill -0 2342373
+ sleep 30
+ kill -0 2125892
+ kill -0 2342373
+ sleep 30
+ kill -0 2125892
+ kill -0 2342373
+ sleep 30
+ kill -0 2125892
+ kill -0 2342373
+ sleep 30
+ kill -0 2125892
+ kill -0 2342373
+ sleep 30
+ kill -0 2125892
+ kill -0 2342373
+ sleep 30
+ kill -0 2125892
+ kill -0 2342373
+ sleep 30
+ kill -0 2125892
+ kill -0 2342373
+ sleep 30
+ kill -0 2125892
+ kill -0 2342373
+ sleep 30
+ kill -0 2125892
+ kill -0 2342373
+ sleep 30
+ kill -0 2125892
+ kill -0 2342373
+ sleep 30
+ kill -0 2125892
+ kill -0 2342373
+ sleep 30
+ kill -0 2125892
+ kill -0 2342373
+ sleep 30
+ kill -0 2125892
+ kill -0 2342373
+ sleep 30
+ kill -0 2125892
+ kill -0 2342373
+ sleep 30
+ kill -0 2125892
+ kill -0 2342373
+ sleep 30
+ kill -0 2125892
+ kill -0 2342373
+ sleep 30
+ kill -0 2125892
+ kill -0 2342373
+ sleep 30
+ kill -0 2125892
+ kill -0 2342373
+ sleep 30
+ kill -0 2125892
+ kill -0 2342373
+ sleep 30
+ kill -0 2125892
+ kill -0 2342373
+ sleep 30
+ kill -0 2125892
+ kill -0 2342373
+ sleep 30
+ kill -0 2125892
+ kill -0 2342373
+ sleep 30
+ kill -0 2125892
+ kill -0 2342373
+ sleep 30
+ kill -0 2125892
+ kill -0 2342373
+ sleep 30
+ kill -0 2125892
+ kill -0 2342373
+ sleep 30
+ kill -0 2125892
+ kill -0 2342373
+ sleep 30
+ kill -0 2125892
+ kill -0 2342373
+ sleep 30
+ kill -0 2125892
+ kill -0 2342373
+ sleep 30
+ kill -0 2125892
+ kill -0 2342373
+ sleep 30
+ kill -0 2125892
+ kill -0 2342373
+ sleep 30
+ kill -0 2125892
+ kill -0 2342373
+ sleep 30
+ kill -0 2125892
+ kill -0 2342373
+ sleep 30
+ kill -0 2125892
+ kill -0 2342373
+ sleep 30
+ kill -0 2125892
+ kill -0 2342373
+ sleep 30
+ kill -0 2125892
+ kill -0 2342373
+ sleep 30
+ kill -0 2125892
+ kill -0 2342373
+ sleep 30
+ kill -0 2125892
+ kill -0 2342373
+ sleep 30
+ kill -0 2125892
+ kill -0 2342373
+ sleep 30
+ kill -0 2125892
+ kill -0 2342373
+ sleep 30
+ kill -0 2125892
+ kill -0 2342373
+ sleep 30
+ kill -0 2125892
+ kill -0 2342373
+ sleep 30
+ kill -0 2125892
+ kill -0 2342373
+ sleep 30
+ kill -0 2125892
+ kill -0 2342373
+ sleep 30
+ kill -0 2125892
+ kill -0 2342373
+ sleep 30
+ kill -0 2125892
+ kill -0 2342373
+ sleep 30
+ kill -0 2125892
+ kill -0 2342373
+ sleep 30
+ kill -0 2125892
+ kill -0 2342373
+ sleep 30
+ kill -0 2125892
+ kill -0 2342373
+ sleep 30
+ kill -0 2125892
+ kill -0 2342373
+ sleep 30
+ kill -0 2125892
+ kill -0 2342373
+ sleep 30
+ kill -0 2125892
+ kill -0 2342373
+ sleep 30
+ kill -0 2125892
+ kill -0 2342373
+ sleep 30
+ kill -0 2125892
+ kill -0 2342373
+ sleep 30
+ kill -0 2125892
+ kill -0 2342373
+ sleep 30
+ kill -0 2125892
+ kill -0 2342373
+ sleep 30
+ kill -0 2125892
+ kill -0 2342373
+ sleep 30
+ kill -0 2125892
+ kill -0 2342373
+ sleep 30
+ kill -0 2125892
+ kill -0 2342373
+ sleep 30
+ kill -0 2125892
+ kill -0 2342373
+ sleep 30
+ kill -0 2125892
+ kill -0 2342373
+ sleep 30
+ kill -0 2125892
+ kill -0 2342373
+ sleep 30
+ kill -0 2125892
+ kill -0 2342373
+ sleep 30
+ kill -0 2125892
+ kill -0 2342373
+ sleep 30
+ kill -0 2125892
+ kill -0 2342373
+ sleep 30
+ kill -0 2125892
+ kill -0 2342373
+ sleep 30
+ kill -0 2125892
+ kill -0 2342373
+ sleep 30
+ kill -0 2125892
+ kill -0 2342373
+ sleep 30
+ kill -0 2125892
+ kill -0 2342373
+ sleep 30
+ kill -0 2125892
+ kill -0 2342373
+ sleep 30
+ kill -0 2125892
+ kill -0 2342373
+ sleep 30
+ kill -0 2125892
+ kill -0 2342373
+ sleep 30
+ kill -0 2125892
+ kill -0 2342373
+ sleep 30
+ kill -0 2125892
+ kill -0 2342373
+ sleep 30
+ kill -0 2125892
+ kill -0 2342373
+ sleep 30
+ kill -0 2125892
+ kill -0 2342373
+ sleep 30
+ kill -0 2125892
+ kill -0 2342373
+ sleep 30
+ kill -0 2125892
+ kill -0 2342373
+ sleep 30
+ kill -0 2125892
+ kill -0 2342373
+ sleep 30
+ kill -0 2125892
+ kill -0 2342373
++ date
+ echo 'seqlora_150mb + olora_150mb done: Sat 25 Jul 2026 18:37:43 NZST'
seqlora_150mb + olora_150mb done: Sat 25 Jul 2026 18:37:43 NZST
++ date
+ echo 'launching inflora_150mb + sketchlora_150mb: Sat 25 Jul 2026 18:37:43 NZST'
launching inflora_150mb + sketchlora_150mb: Sat 25 Jul 2026 18:37:43 NZST
+ p1=3403964
+ python3 main.py --config exps/planc_step2_budgets/inflora_150mb.json
+ p2=3403965
+ wait 3403964
+ python3 main.py --config exps/planc_step2_budgets/sketchlora_150mb.json
