2026-07-18 18:34:49,096 [trainer.py] => config: exps/review/budget100mb_imr5/treelora.json
2026-07-18 18:34:49,096 [trainer.py] => dataset: imagenetr
2026-07-18 18:34:49,096 [trainer.py] => memory_size: 0
2026-07-18 18:34:49,096 [trainer.py] => memory_per_class: 0
2026-07-18 18:34:49,096 [trainer.py] => fixed_memory: False
2026-07-18 18:34:49,096 [trainer.py] => shuffle: True
2026-07-18 18:34:49,096 [trainer.py] => init_cls: 10
2026-07-18 18:34:49,096 [trainer.py] => increment: 10
2026-07-18 18:34:49,096 [trainer.py] => seed: 1993
2026-07-18 18:34:49,096 [trainer.py] => scenario: cil
2026-07-18 18:34:49,096 [trainer.py] => pretrained: True
2026-07-18 18:34:49,096 [trainer.py] => print_forget: True
2026-07-18 18:34:49,096 [trainer.py] => final_metrics: True
2026-07-18 18:34:49,096 [trainer.py] => backbone_type: vit_base_patch16_224_lora
2026-07-18 18:34:49,096 [trainer.py] => lora_rank: 8
2026-07-18 18:34:49,096 [trainer.py] => lora_alpha: 32
2026-07-18 18:34:49,097 [trainer.py] => tuned_epoch: 10
2026-07-18 18:34:49,097 [trainer.py] => init_lr: 0.0005
2026-07-18 18:34:49,097 [trainer.py] => batch_size: 48
2026-07-18 18:34:49,097 [trainer.py] => weight_decay: 0.0005
2026-07-18 18:34:49,097 [trainer.py] => min_lr: 0.0
2026-07-18 18:34:49,097 [trainer.py] => model_name: treelora
2026-07-18 18:34:49,097 [trainer.py] => reg: 0.5
2026-07-18 18:34:49,097 [trainer.py] => device: [device(type='cuda', index=0)]
2026-07-18 18:34:49,097 [trainer.py] => prefix: budget100mb_imr5_treelora
2026-07-18 18:34:49,097 [trainer.py] => boundary_mode: budget
2026-07-18 18:34:49,097 [trainer.py] => budget_mb: 100
2026-07-18 18:34:49,097 [trainer.py] => stop_after_tasks: 5
2026-07-18 18:34:49,182 [data_manager.py] => [168, 136, 51, 9, 183, 101, 171, 99, 42, 159, 191, 70, 16, 188, 27, 10, 175, 26, 68, 187, 98, 6, 85, 35, 112, 43, 100, 0, 103, 181, 88, 59, 4, 2, 116, 174, 94, 80, 106, 1, 147, 17, 141, 131, 72, 23, 173, 54, 197, 118, 87, 32, 79, 104, 91, 19, 135, 107, 178, 36, 11, 199, 142, 8, 122, 3, 28, 57, 153, 172, 190, 56, 49, 44, 97, 62, 151, 169, 194, 55, 192, 12, 189, 78, 66, 180, 15, 137, 109, 134, 92, 119, 126, 52, 170, 40, 148, 65, 144, 64, 138, 45, 77, 89, 154, 90, 71, 193, 74, 30, 113, 143, 96, 84, 67, 50, 186, 156, 69, 21, 18, 111, 108, 58, 125, 157, 150, 110, 182, 129, 166, 83, 81, 60, 13, 165, 14, 176, 63, 117, 5, 22, 145, 121, 38, 41, 82, 127, 114, 20, 31, 53, 37, 163, 196, 130, 152, 162, 86, 76, 24, 34, 184, 149, 33, 128, 198, 155, 146, 167, 139, 120, 140, 102, 47, 25, 158, 123, 46, 164, 61, 7, 115, 75, 133, 160, 105, 132, 179, 124, 48, 73, 93, 39, 95, 195, 29, 177, 185, 161]
2026-07-18 18:34:49,347 [budget_stream.py] => [budget-stream] 100MB budget -> 35 chunks, 697 images/chunk (last=378), new-classes/chunk min=2 max=8 mean=5.71
2026-07-18 18:34:49,347 [trainer.py] => [budget] dataset=imagenetr budget=100MB -> 35 memory-chunks (seed 1993)
2026-07-18 18:34:52,112 [trainer.py] => stop_after_tasks=5 (of 35 total)
2026-07-18 18:34:52,757 [trainer.py] => All params: 96120576
2026-07-18 18:34:52,761 [trainer.py] => Trainable params: 10321920
2026-07-18 18:34:53,070 [lora.py] => Learning on 0-6
2026-07-18 18:34:53,081 [lora.py] => Trainable params this task: 299,526 / 96,125,190
2026-07-18 18:35:45,532 [treelora.py] => [TreeLoRA] Task 0 done. Acc 94.26
2026-07-18 18:35:46,870 [trainer.py] => No NME accuracy.
2026-07-18 18:35:46,870 [trainer.py] => CNN: {'total': 93.82, '00-09': 93.82, 'old': 0, 'new': 93.82}
2026-07-18 18:35:46,870 [trainer.py] => CNN top1 curve: [93.82]
2026-07-18 18:35:46,870 [trainer.py] => CNN top5 curve: [100.0]

2026-07-18 18:35:46,870 [trainer.py] => Average Accuracy (CNN): 93.82 

2026-07-18 18:35:46,874 [trainer.py] => All params: 96125190
2026-07-18 18:35:46,878 [trainer.py] => Trainable params: 299526
2026-07-18 18:35:46,879 [lora.py] => Learning on 6-11
2026-07-18 18:35:46,893 [lora.py] => Trainable params this task: 303,371 / 96,129,035
2026-07-18 18:36:41,525 [treelora.py] => [TreeLoRA] Task 1 done. Acc 93.83
2026-07-18 18:36:43,584 [trainer.py] => No NME accuracy.
2026-07-18 18:36:43,584 [trainer.py] => CNN: {'total': 87.95, '00-09': 87.97, 'old': 83.15, 'new': 92.51}
2026-07-18 18:36:43,585 [trainer.py] => CNN top1 curve: [93.82, 87.95]
2026-07-18 18:36:43,585 [trainer.py] => CNN top5 curve: [100.0, 98.9]

2026-07-18 18:36:43,585 [trainer.py] => Average Accuracy (CNN): 90.88499999999999 

2026-07-18 18:36:43,594 [trainer.py] => All params: 96129035
2026-07-18 18:36:43,601 [trainer.py] => Trainable params: 303371
2026-07-18 18:36:43,602 [lora.py] => Learning on 11-15
2026-07-18 18:36:43,626 [lora.py] => Trainable params this task: 306,447 / 96,132,111
2026-07-18 18:37:38,383 [treelora.py] => [TreeLoRA] Task 2 done. Acc 95.41
2026-07-18 18:37:40,989 [trainer.py] => No NME accuracy.
2026-07-18 18:37:40,989 [trainer.py] => CNN: {'total': 83.91, '00-09': 75.32, '10-19': 95.67, 'old': 77.81, 'new': 96.15}
2026-07-18 18:37:40,989 [trainer.py] => CNN top1 curve: [93.82, 87.95, 83.91]
2026-07-18 18:37:40,989 [trainer.py] => CNN top5 curve: [100.0, 98.9, 97.26]

2026-07-18 18:37:40,989 [trainer.py] => Average Accuracy (CNN): 88.55999999999999 

2026-07-18 18:37:40,993 [trainer.py] => All params: 96132111
2026-07-18 18:37:40,997 [trainer.py] => Trainable params: 306447
2026-07-18 18:37:40,998 [lora.py] => Learning on 15-20
2026-07-18 18:37:41,012 [lora.py] => Trainable params this task: 310,292 / 96,135,956
2026-07-18 18:38:35,650 [treelora.py] => [TreeLoRA] Task 3 done. Acc 96.84
2026-07-18 18:38:38,747 [trainer.py] => No NME accuracy.
2026-07-18 18:38:38,747 [trainer.py] => CNN: {'total': 80.72, '00-09': 69.94, '10-19': 89.84, 'old': 79.34, 'new': 86.01}
2026-07-18 18:38:38,747 [trainer.py] => CNN top1 curve: [93.82, 87.95, 83.91, 80.72]
2026-07-18 18:38:38,747 [trainer.py] => CNN top5 curve: [100.0, 98.9, 97.26, 97.39]

2026-07-18 18:38:38,747 [trainer.py] => Average Accuracy (CNN): 86.6 

2026-07-18 18:38:38,751 [trainer.py] => All params: 96135956
2026-07-18 18:38:38,755 [trainer.py] => Trainable params: 310292
2026-07-18 18:38:38,756 [lora.py] => Learning on 20-27
2026-07-18 18:38:38,773 [lora.py] => Trainable params this task: 315,675 / 96,141,339
2026-07-18 18:39:33,594 [treelora.py] => [TreeLoRA] Task 4 done. Acc 92.11
2026-07-18 18:39:37,330 [trainer.py] => No NME accuracy.
2026-07-18 18:39:37,330 [trainer.py] => CNN: {'total': 73.77, '00-09': 52.22, '10-19': 83.16, '20-29': 91.44, 'old': 68.99, 'new': 91.44}
2026-07-18 18:39:37,331 [trainer.py] => CNN top1 curve: [93.82, 87.95, 83.91, 80.72, 73.77]
2026-07-18 18:39:37,331 [trainer.py] => CNN top5 curve: [100.0, 98.9, 97.26, 97.39, 94.53]

2026-07-18 18:39:37,331 [trainer.py] => Average Accuracy (CNN): 84.03399999999999 

2026-07-18 18:39:39,758 [metrics_logger.py] => [metrics] wrote run_logs/final/treelora/metrics_treelora_imagenetr_budget100mb_imr5_treelora_s1993.json
2026-07-18 18:39:39,759 [trainer.py] => Forgetting (CNN): 13.5275
2026-07-18 18:39:39,759 [trainer.py] => Forgetting (NME): 13.5275
