2026-07-28 13:20:27,359 [trainer.py] => config: exps/imagenetr_grid/_patched_treelora_100mb_s1996_gpu2.json
2026-07-28 13:20:27,359 [trainer.py] => dataset: imagenetr
2026-07-28 13:20:27,359 [trainer.py] => memory_size: 0
2026-07-28 13:20:27,359 [trainer.py] => memory_per_class: 0
2026-07-28 13:20:27,359 [trainer.py] => fixed_memory: False
2026-07-28 13:20:27,359 [trainer.py] => shuffle: True
2026-07-28 13:20:27,359 [trainer.py] => init_cls: 10
2026-07-28 13:20:27,359 [trainer.py] => increment: 10
2026-07-28 13:20:27,359 [trainer.py] => scenario: cil
2026-07-28 13:20:27,359 [trainer.py] => pretrained: True
2026-07-28 13:20:27,359 [trainer.py] => print_forget: False
2026-07-28 13:20:27,359 [trainer.py] => final_metrics: False
2026-07-28 13:20:27,359 [trainer.py] => backbone_type: vit_base_patch16_224_lora
2026-07-28 13:20:27,359 [trainer.py] => lora_rank: 10
2026-07-28 13:20:27,359 [trainer.py] => lora_alpha: None
2026-07-28 13:20:27,359 [trainer.py] => batch_size: 48
2026-07-28 13:20:27,359 [trainer.py] => weight_decay: 0.0005
2026-07-28 13:20:27,359 [trainer.py] => min_lr: 0.0
2026-07-28 13:20:27,359 [trainer.py] => tuned_epoch: 20
2026-07-28 13:20:27,359 [trainer.py] => boundary_mode: bounded_memory
2026-07-28 13:20:27,360 [trainer.py] => device: [device(type='cuda', index=2)]
2026-07-28 13:20:27,360 [trainer.py] => model_name: treelora
2026-07-28 13:20:27,360 [trainer.py] => reg: 0.1
2026-07-28 13:20:27,360 [trainer.py] => init_lr: 0.001
2026-07-28 13:20:27,360 [trainer.py] => seed: 1996
2026-07-28 13:20:27,360 [trainer.py] => bm_budget_mb: 100
2026-07-28 13:20:27,360 [trainer.py] => prefix: imagenetr_grid_100mb_treelora_s1996
2026-07-28 13:20:27,452 [data_manager.py] => [92, 182, 15, 79, 26, 173, 109, 188, 27, 157, 177, 6, 35, 93, 52, 136, 164, 184, 2, 125, 130, 179, 135, 150, 100, 97, 7, 86, 158, 178, 168, 78, 181, 170, 32, 89, 8, 192, 104, 12, 145, 120, 80, 49, 155, 85, 95, 33, 17, 175, 137, 44, 112, 124, 153, 190, 83, 138, 43, 73, 87, 94, 140, 134, 180, 105, 111, 24, 60, 149, 63, 123, 152, 116, 185, 176, 198, 194, 133, 46, 51, 195, 88, 197, 13, 103, 121, 174, 160, 82, 151, 18, 20, 34, 66, 50, 40, 3, 4, 118, 36, 144, 169, 72, 58, 99, 142, 161, 64, 47, 193, 127, 101, 31, 71, 196, 9, 110, 126, 199, 128, 122, 91, 119, 189, 16, 159, 81, 163, 21, 141, 156, 77, 30, 107, 19, 55, 57, 53, 106, 146, 45, 54, 172, 154, 183, 75, 143, 113, 62, 148, 11, 114, 131, 129, 171, 5, 96, 10, 39, 29, 165, 191, 70, 76, 23, 69, 115, 90, 56, 166, 68, 167, 42, 187, 147, 0, 22, 102, 108, 65, 61, 74, 59, 25, 37, 48, 84, 162, 28, 132, 139, 117, 14, 41, 38, 67, 98, 1, 186]
2026-07-28 13:20:35,728 [bounded_memory_mixin.py] => [bounded_mem] budget_mb=100.0 -> cycle=697 images (mean_task=1203.8 images, so this budget is 0.58x mean task size); 24076 total images -> 35 cycles (T=35 sessions); 20 eval checkpoints
2026-07-28 13:24:26,872 [bounded_memory_mixin.py] => [bounded_mem eval] volume 0.05 | cycle 1 | classes_seen 20 | CIL top1 62.07 | top5 81.50 | (nearest latent task ~1) | param_hash 8385f7b5812374cc | per-task [85.54, 36.6]
2026-07-28 13:28:20,724 [bounded_memory_mixin.py] => [bounded_mem eval] volume 0.10 | cycle 3 | classes_seen 30 | CIL top1 78.64 | top5 92.09 | (nearest latent task ~2) | param_hash 67ca8986496f8996 | per-task [75.9, 87.58, 71.26]
2026-07-28 13:32:17,595 [bounded_memory_mixin.py] => [bounded_mem eval] volume 0.15 | cycle 5 | classes_seen 40 | CIL top1 77.17 | top5 90.50 | (nearest latent task ~3) | param_hash 53a33bf5e9af7a99 | per-task [64.76, 83.99, 74.9, 84.68]
2026-07-28 13:34:18,099 [bounded_memory_mixin.py] => [bounded_mem eval] volume 0.20 | cycle 6 | classes_seen 40 | CIL top1 77.17 | top5 91.55 | (nearest latent task ~3) | param_hash c8f5ed737f29b1ca | per-task [64.16, 84.31, 72.87, 86.42]
2026-07-28 13:38:16,472 [bounded_memory_mixin.py] => [bounded_mem eval] volume 0.25 | cycle 8 | classes_seen 60 | CIL top1 69.45 | top5 83.83 | (nearest latent task ~5) | param_hash 6eb829df02842784 | per-task [66.27, 78.76, 72.47, 74.86, 91.03, 23.77]
2026-07-28 13:42:16,200 [bounded_memory_mixin.py] => [bounded_mem eval] volume 0.30 | cycle 10 | classes_seen 70 | CIL top1 73.74 | top5 88.47 | (nearest latent task ~6) | param_hash 3b0b0645945f2fc7 | per-task [64.16, 74.51, 71.66, 71.97, 88.14, 78.69, 68.79]
2026-07-28 13:46:16,931 [bounded_memory_mixin.py] => [bounded_mem eval] volume 0.35 | cycle 12 | classes_seen 80 | CIL top1 71.54 | top5 87.21 | (nearest latent task ~7) | param_hash ed68dfeeeb730c64 | per-task [61.45, 69.61, 70.45, 68.5, 82.69, 75.82, 72.12, 73.84]
2026-07-28 13:48:24,987 [bounded_memory_mixin.py] => [bounded_mem eval] volume 0.40 | cycle 13 | classes_seen 90 | CIL top1 70.11 | top5 87.88 | (nearest latent task ~8) | param_hash a29d277c8ca3e3a6 | per-task [61.75, 68.3, 71.66, 69.94, 83.65, 73.77, 70.61, 77.64, 56.62]
2026-07-28 13:52:28,012 [bounded_memory_mixin.py] => [bounded_mem eval] volume 0.45 | cycle 15 | classes_seen 100 | CIL top1 72.00 | top5 87.62 | (nearest latent task ~9) | param_hash 369598a34a661b83 | per-task [60.24, 69.28, 69.23, 68.79, 84.62, 74.18, 70.3, 72.57, 80.46, 71.69]
2026-07-28 13:56:33,046 [bounded_memory_mixin.py] => [bounded_mem eval] volume 0.50 | cycle 17 | classes_seen 110 | CIL top1 71.16 | top5 87.36 | (nearest latent task ~10) | param_hash 91edbd16c0b84447 | per-task [55.72, 64.05, 65.59, 69.36, 83.97, 71.72, 67.58, 71.73, 78.48, 81.28, 78.31]
2026-07-28 13:58:42,459 [bounded_memory_mixin.py] => [bounded_mem eval] volume 0.55 | cycle 18 | classes_seen 120 | CIL top1 68.31 | top5 85.51 | (nearest latent task ~11) | param_hash d898d97b242c5ff4 | per-task [57.53, 67.32, 59.92, 69.65, 79.81, 67.62, 65.45, 67.51, 74.5, 81.74, 66.67, 65.16]
2026-07-28 14:02:50,710 [bounded_memory_mixin.py] => [bounded_mem eval] volume 0.60 | cycle 20 | classes_seen 130 | CIL top1 68.80 | top5 84.87 | (nearest latent task ~12) | param_hash f71961f505a89af0 | per-task [58.43, 65.03, 66.4, 67.05, 80.13, 70.49, 67.58, 66.24, 72.85, 81.28, 66.27, 70.74, 65.59]
2026-07-28 14:07:00,598 [bounded_memory_mixin.py] => [bounded_mem eval] volume 0.65 | cycle 22 | classes_seen 140 | CIL top1 67.73 | top5 85.17 | (nearest latent task ~13) | param_hash efdd2b0e9c4080b3 | per-task [58.13, 62.75, 65.99, 66.76, 78.85, 65.57, 65.45, 67.09, 71.85, 76.71, 64.26, 66.22, 76.61, 61.68]
2026-07-28 14:11:10,753 [bounded_memory_mixin.py] => [bounded_mem eval] volume 0.70 | cycle 24 | classes_seen 150 | CIL top1 67.43 | top5 85.06 | (nearest latent task ~14) | param_hash 367d7d92d2e75bf2 | per-task [53.31, 57.84, 62.75, 65.9, 79.17, 66.8, 64.85, 67.09, 73.18, 76.26, 69.08, 60.64, 73.39, 67.88, 77.54]
2026-07-28 14:13:24,508 [bounded_memory_mixin.py] => [bounded_mem eval] volume 0.75 | cycle 25 | classes_seen 160 | CIL top1 67.14 | top5 84.53 | (nearest latent task ~15) | param_hash 32d43157cc971f5c | per-task [55.42, 63.73, 63.16, 65.9, 80.77, 65.57, 63.64, 69.62, 72.19, 76.71, 68.67, 61.97, 73.66, 65.69, 78.95, 50.19]
2026-07-28 14:17:36,390 [bounded_memory_mixin.py] => [bounded_mem eval] volume 0.80 | cycle 27 | classes_seen 170 | CIL top1 66.08 | top5 83.40 | (nearest latent task ~16) | param_hash 47bf68d5db998a24 | per-task [54.82, 60.13, 62.35, 62.14, 77.56, 57.79, 58.79, 69.2, 66.23, 79.0, 70.68, 62.23, 73.39, 58.76, 73.68, 75.48, 66.18]
2026-07-28 14:21:49,046 [bounded_memory_mixin.py] => [bounded_mem eval] volume 0.85 | cycle 29 | classes_seen 180 | CIL top1 64.90 | top5 83.04 | (nearest latent task ~17) | param_hash cd5538a1c38e3b4d | per-task [48.8, 54.25, 56.28, 60.4, 76.6, 56.15, 60.0, 66.24, 64.57, 75.8, 67.07, 58.51, 69.62, 62.04, 72.63, 72.03, 73.16, 78.91]
2026-07-28 14:26:03,137 [bounded_memory_mixin.py] => [bounded_mem eval] volume 0.90 | cycle 31 | classes_seen 190 | CIL top1 64.32 | top5 83.53 | (nearest latent task ~18) | param_hash bcf2df56701f1af5 | per-task [47.29, 54.25, 50.2, 61.56, 75.96, 58.2, 57.88, 65.82, 63.91, 74.43, 67.07, 57.45, 69.09, 59.85, 70.53, 70.88, 69.49, 84.03, 67.68]
2026-07-28 14:28:21,490 [bounded_memory_mixin.py] => [bounded_mem eval] volume 0.95 | cycle 32 | classes_seen 200 | CIL top1 63.99 | top5 83.31 | (nearest latent task ~19) | param_hash 15bac33a01d53514 | per-task [49.4, 56.54, 55.06, 62.14, 75.96, 58.61, 57.58, 67.51, 63.25, 75.34, 67.47, 56.91, 70.43, 60.22, 69.47, 72.03, 68.01, 80.83, 68.69, 51.43]
2026-07-28 14:31:51,717 [bounded_memory_mixin.py] => [bounded_mem eval] volume 1.00 | cycle 34 | classes_seen 200 | CIL top1 64.28 | top5 83.32 | (nearest latent task ~19) | param_hash 634f66b5e2aafc4f | per-task [49.7, 52.94, 52.63, 61.85, 77.24, 56.15, 55.76, 72.15, 62.91, 73.97, 64.66, 54.79, 69.09, 58.39, 71.23, 69.35, 68.75, 81.47, 63.64, 72.29]
2026-07-28 14:31:56,030 [metrics_logger.py] => [metrics] wrote run_logs/final/treelora/metrics_treelora_imagenetr_grid_100mb_treelora_s1996_s1996.json
2026-07-28 14:31:56,030 [bounded_memory_mixin.py] => [CE metric] treelora = 0.9999997185171525 (eps=20, N=35 cycles)
2026-07-28 14:31:56,030 [trainer.py] => [bounded_mem] volume checkpoints: [0.05, 0.1, 0.15, 0.2, 0.25, 0.3, 0.35, 0.4, 0.45, 0.5, 0.55, 0.6, 0.65, 0.7, 0.75, 0.8, 0.85, 0.9, 0.95, 1.0]
2026-07-28 14:31:56,030 [trainer.py] => [bounded_mem] CIL top1 curve: [62.07, 78.64, 77.17, 77.17, 69.45, 73.74, 71.54, 70.11, 72.0, 71.16, 68.31, 68.8, 67.73, 67.43, 67.14, 66.08, 64.9, 64.32, 63.99, 64.28]
2026-07-28 14:31:56,030 [trainer.py] => [bounded_mem] CIL top5 curve: [81.5, 92.09, 90.5, 91.55, 83.83, 88.47, 87.21, 87.88, 87.62, 87.36, 85.51, 84.87, 85.17, 85.06, 84.53, 83.4, 83.04, 83.53, 83.31, 83.32]
2026-07-28 14:31:56,031 [trainer.py] => [bounded_mem] FINAL CIL top1 64.28 | top5 83.32 (at 100% of stream)
