2026-07-28 07:29:01,147 [trainer.py] => config: exps/imagenetr_grid/_patched_treelora_50mb_s1996_gpu1.json
2026-07-28 07:29:01,148 [trainer.py] => dataset: imagenetr
2026-07-28 07:29:01,148 [trainer.py] => memory_size: 0
2026-07-28 07:29:01,148 [trainer.py] => memory_per_class: 0
2026-07-28 07:29:01,148 [trainer.py] => fixed_memory: False
2026-07-28 07:29:01,148 [trainer.py] => shuffle: True
2026-07-28 07:29:01,148 [trainer.py] => init_cls: 10
2026-07-28 07:29:01,148 [trainer.py] => increment: 10
2026-07-28 07:29:01,148 [trainer.py] => scenario: cil
2026-07-28 07:29:01,148 [trainer.py] => pretrained: True
2026-07-28 07:29:01,148 [trainer.py] => print_forget: False
2026-07-28 07:29:01,148 [trainer.py] => final_metrics: False
2026-07-28 07:29:01,148 [trainer.py] => backbone_type: vit_base_patch16_224_lora
2026-07-28 07:29:01,148 [trainer.py] => lora_rank: 10
2026-07-28 07:29:01,148 [trainer.py] => lora_alpha: None
2026-07-28 07:29:01,148 [trainer.py] => batch_size: 48
2026-07-28 07:29:01,148 [trainer.py] => weight_decay: 0.0005
2026-07-28 07:29:01,148 [trainer.py] => min_lr: 0.0
2026-07-28 07:29:01,148 [trainer.py] => tuned_epoch: 20
2026-07-28 07:29:01,148 [trainer.py] => boundary_mode: bounded_memory
2026-07-28 07:29:01,148 [trainer.py] => device: [device(type='cuda', index=1)]
2026-07-28 07:29:01,148 [trainer.py] => model_name: treelora
2026-07-28 07:29:01,148 [trainer.py] => reg: 0.1
2026-07-28 07:29:01,148 [trainer.py] => init_lr: 0.001
2026-07-28 07:29:01,148 [trainer.py] => seed: 1996
2026-07-28 07:29:01,148 [trainer.py] => bm_budget_mb: 50
2026-07-28 07:29:01,149 [trainer.py] => prefix: imagenetr_grid_50mb_treelora_s1996
2026-07-28 07:29:01,234 [data_manager.py] => [92, 182, 15, 79, 26, 173, 109, 188, 27, 157, 177, 6, 35, 93, 52, 136, 164, 184, 2, 125, 130, 179, 135, 150, 100, 97, 7, 86, 158, 178, 168, 78, 181, 170, 32, 89, 8, 192, 104, 12, 145, 120, 80, 49, 155, 85, 95, 33, 17, 175, 137, 44, 112, 124, 153, 190, 83, 138, 43, 73, 87, 94, 140, 134, 180, 105, 111, 24, 60, 149, 63, 123, 152, 116, 185, 176, 198, 194, 133, 46, 51, 195, 88, 197, 13, 103, 121, 174, 160, 82, 151, 18, 20, 34, 66, 50, 40, 3, 4, 118, 36, 144, 169, 72, 58, 99, 142, 161, 64, 47, 193, 127, 101, 31, 71, 196, 9, 110, 126, 199, 128, 122, 91, 119, 189, 16, 159, 81, 163, 21, 141, 156, 77, 30, 107, 19, 55, 57, 53, 106, 146, 45, 54, 172, 154, 183, 75, 143, 113, 62, 148, 11, 114, 131, 129, 171, 5, 96, 10, 39, 29, 165, 191, 70, 76, 23, 69, 115, 90, 56, 166, 68, 167, 42, 187, 147, 0, 22, 102, 108, 65, 61, 74, 59, 25, 37, 48, 84, 162, 28, 132, 139, 117, 14, 41, 38, 67, 98, 1, 186]
2026-07-28 07:29:04,075 [bounded_memory_mixin.py] => [bounded_mem] budget_mb=50.0 -> cycle=348 images (mean_task=1203.8 images, so this budget is 0.29x mean task size); 24076 total images -> 70 cycles (T=70 sessions); 20 eval checkpoints
2026-07-28 07:33:25,988 [bounded_memory_mixin.py] => [bounded_mem eval] volume 0.05 | cycle 3 | classes_seen 20 | CIL top1 60.19 | top5 81.03 | (nearest latent task ~1) | param_hash e61c9c2c434e4288 | per-task [84.34, 33.99]
2026-07-28 07:36:43,679 [bounded_memory_mixin.py] => [bounded_mem eval] volume 0.10 | cycle 6 | classes_seen 20 | CIL top1 81.03 | top5 94.04 | (nearest latent task ~1) | param_hash 1db348392d544a99 | per-task [83.13, 78.76]
2026-07-28 07:41:10,312 [bounded_memory_mixin.py] => [bounded_mem eval] volume 0.15 | cycle 10 | classes_seen 40 | CIL top1 74.25 | top5 90.50 | (nearest latent task ~3) | param_hash a9269664b62adc7e | per-task [69.28, 76.14, 77.33, 75.14]
2026-07-28 07:44:31,762 [bounded_memory_mixin.py] => [bounded_mem eval] volume 0.20 | cycle 13 | classes_seen 40 | CIL top1 76.44 | top5 91.88 | (nearest latent task ~3) | param_hash a3525af2489f3b09 | per-task [69.28, 77.12, 73.28, 84.97]
2026-07-28 07:48:58,338 [bounded_memory_mixin.py] => [bounded_mem eval] volume 0.25 | cycle 17 | classes_seen 57 | CIL top1 68.90 | top5 84.54 | (nearest latent task ~5) | param_hash 9e3458df8053eb33 | per-task [65.96, 77.78, 68.83, 75.72, 90.71, 11.58]
2026-07-28 07:52:22,069 [bounded_memory_mixin.py] => [bounded_mem eval] volume 0.30 | cycle 20 | classes_seen 70 | CIL top1 67.78 | top5 85.50 | (nearest latent task ~6) | param_hash 00eb494a22d0dde7 | per-task [61.75, 70.59, 65.99, 72.54, 83.65, 85.25, 39.7]
2026-07-28 07:56:51,496 [bounded_memory_mixin.py] => [bounded_mem eval] volume 0.35 | cycle 24 | classes_seen 80 | CIL top1 70.26 | top5 86.62 | (nearest latent task ~7) | param_hash 15fa2a7c32772fde | per-task [61.45, 67.97, 64.78, 73.12, 84.94, 82.79, 72.73, 51.48]
2026-07-28 08:00:17,873 [bounded_memory_mixin.py] => [bounded_mem eval] volume 0.40 | cycle 27 | classes_seen 90 | CIL top1 70.03 | top5 86.63 | (nearest latent task ~8) | param_hash 67ea95ff83247a95 | per-task [59.94, 66.34, 63.56, 71.68, 83.65, 79.92, 70.61, 73.84, 62.58]
2026-07-28 08:04:49,140 [bounded_memory_mixin.py] => [bounded_mem eval] volume 0.45 | cycle 31 | classes_seen 100 | CIL top1 70.12 | top5 87.10 | (nearest latent task ~9) | param_hash c2269be5d48f3b6a | per-task [60.54, 66.34, 64.37, 66.47, 82.05, 81.15, 66.36, 73.0, 83.44, 57.08]
2026-07-28 08:08:17,486 [bounded_memory_mixin.py] => [bounded_mem eval] volume 0.50 | cycle 34 | classes_seen 110 | CIL top1 70.77 | top5 87.10 | (nearest latent task ~10) | param_hash 4f4a3db2f900af0d | per-task [57.23, 62.09, 63.16, 67.34, 83.97, 75.82, 66.67, 73.84, 84.11, 72.6, 75.1]
2026-07-28 08:12:51,142 [bounded_memory_mixin.py] => [bounded_mem eval] volume 0.55 | cycle 38 | classes_seen 120 | CIL top1 68.80 | top5 84.71 | (nearest latent task ~11) | param_hash 1bbbe33cbc440c22 | per-task [56.93, 63.73, 58.3, 69.08, 80.13, 72.13, 64.55, 67.09, 79.14, 73.06, 72.29, 70.21]
2026-07-28 08:16:21,211 [bounded_memory_mixin.py] => [bounded_mem eval] volume 0.60 | cycle 41 | classes_seen 130 | CIL top1 67.77 | top5 84.22 | (nearest latent task ~12) | param_hash 660e23b8cbb17d62 | per-task [55.72, 63.07, 59.11, 67.63, 78.21, 76.64, 66.97, 67.93, 80.79, 68.04, 73.49, 69.41, 58.06]
2026-07-28 08:19:53,017 [bounded_memory_mixin.py] => [bounded_mem eval] volume 0.65 | cycle 44 | classes_seen 130 | CIL top1 66.79 | top5 84.07 | (nearest latent task ~12) | param_hash dbcbd39ef22b9f6e | per-task [52.41, 61.76, 61.54, 67.05, 74.04, 75.41, 64.55, 64.56, 79.14, 65.75, 70.28, 65.96, 67.74]
2026-07-28 08:24:31,017 [bounded_memory_mixin.py] => [bounded_mem eval] volume 0.70 | cycle 48 | classes_seen 150 | CIL top1 65.92 | top5 83.75 | (nearest latent task ~14) | param_hash 9fbf82d6c156d662 | per-task [50.9, 63.73, 57.89, 67.05, 75.96, 72.95, 64.55, 67.09, 78.15, 65.3, 73.9, 67.02, 63.44, 70.07, 53.33]
2026-07-28 08:28:03,697 [bounded_memory_mixin.py] => [bounded_mem eval] volume 0.75 | cycle 51 | classes_seen 160 | CIL top1 63.70 | top5 83.18 | (nearest latent task ~15) | param_hash 67c1ac291e063a67 | per-task [50.0, 62.09, 55.06, 62.72, 75.96, 68.85, 63.03, 68.78, 77.48, 65.3, 74.3, 62.5, 61.83, 66.79, 73.33, 32.57]
2026-07-28 08:32:42,566 [bounded_memory_mixin.py] => [bounded_mem eval] volume 0.80 | cycle 55 | classes_seen 170 | CIL top1 64.71 | top5 82.70 | (nearest latent task ~16) | param_hash 48a0d2a7352a0f9b | per-task [51.81, 60.13, 52.63, 63.87, 76.28, 65.98, 62.12, 68.78, 76.49, 66.21, 72.69, 63.03, 60.22, 64.96, 70.88, 75.1, 52.94]
2026-07-28 08:36:17,523 [bounded_memory_mixin.py] => [bounded_mem eval] volume 0.85 | cycle 58 | classes_seen 180 | CIL top1 63.63 | top5 82.02 | (nearest latent task ~17) | param_hash 96372de0f64cefbb | per-task [50.0, 58.5, 53.04, 61.85, 75.64, 64.34, 63.94, 67.93, 73.84, 65.75, 71.08, 59.84, 60.22, 63.5, 68.77, 72.8, 43.38, 74.12]
2026-07-28 08:40:59,518 [bounded_memory_mixin.py] => [bounded_mem eval] volume 0.90 | cycle 62 | classes_seen 190 | CIL top1 62.88 | top5 81.88 | (nearest latent task ~18) | param_hash 5e6aa48565c0f074 | per-task [49.7, 56.86, 48.99, 63.29, 75.64, 60.25, 61.52, 67.93, 73.18, 63.93, 70.28, 57.18, 60.75, 61.31, 63.86, 72.8, 41.91, 83.39, 62.96]
2026-07-28 08:44:36,916 [bounded_memory_mixin.py] => [bounded_mem eval] volume 0.95 | cycle 65 | classes_seen 200 | CIL top1 61.26 | top5 81.48 | (nearest latent task ~19) | param_hash 1cf088b609fcf7ff | per-task [47.89, 55.23, 51.42, 63.87, 75.32, 60.66, 62.12, 67.93, 71.85, 66.21, 69.88, 54.79, 61.29, 59.12, 63.16, 73.18, 40.44, 81.47, 49.83, 53.71]
2026-07-28 08:48:41,786 [bounded_memory_mixin.py] => [bounded_mem eval] volume 1.00 | cycle 69 | classes_seen 200 | CIL top1 60.79 | top5 81.58 | (nearest latent task ~19) | param_hash c244e889f19b2d5d | per-task [43.98, 53.59, 50.61, 64.16, 75.96, 59.84, 60.3, 66.67, 71.19, 61.64, 67.07, 54.79, 57.26, 58.39, 65.26, 68.58, 37.5, 80.83, 47.81, 70.29]
2026-07-28 08:48:45,576 [metrics_logger.py] => [metrics] wrote run_logs/final/treelora/metrics_treelora_imagenetr_grid_50mb_treelora_s1996_s1996.json
2026-07-28 08:48:45,576 [bounded_memory_mixin.py] => [CE metric] treelora = 0.9999997185171529 (eps=20, N=70 cycles)
2026-07-28 08:48:45,577 [trainer.py] => [bounded_mem] volume checkpoints: [0.05, 0.1, 0.15, 0.2, 0.25, 0.3, 0.35, 0.4, 0.45, 0.5, 0.55, 0.6, 0.65, 0.7, 0.75, 0.8, 0.85, 0.9, 0.95, 1.0]
2026-07-28 08:48:45,577 [trainer.py] => [bounded_mem] CIL top1 curve: [60.19, 81.03, 74.25, 76.44, 68.9, 67.78, 70.26, 70.03, 70.12, 70.77, 68.8, 67.77, 66.79, 65.92, 63.7, 64.71, 63.63, 62.88, 61.26, 60.79]
2026-07-28 08:48:45,577 [trainer.py] => [bounded_mem] CIL top5 curve: [81.03, 94.04, 90.5, 91.88, 84.54, 85.5, 86.62, 86.63, 87.1, 87.1, 84.71, 84.22, 84.07, 83.75, 83.18, 82.7, 82.02, 81.88, 81.48, 81.58]
2026-07-28 08:48:45,577 [trainer.py] => [bounded_mem] FINAL CIL top1 60.79 | top5 81.58 (at 100% of stream)
