2026-07-19 04:43:15,156 [trainer.py] => config: exps/review/stream_smoke/imagenetr_500mb_treelora.json
2026-07-19 04:43:15,156 [trainer.py] => dataset: imagenetr
2026-07-19 04:43:15,156 [trainer.py] => memory_size: 0
2026-07-19 04:43:15,156 [trainer.py] => memory_per_class: 0
2026-07-19 04:43:15,156 [trainer.py] => fixed_memory: False
2026-07-19 04:43:15,156 [trainer.py] => shuffle: True
2026-07-19 04:43:15,156 [trainer.py] => init_cls: 10
2026-07-19 04:43:15,156 [trainer.py] => increment: 10
2026-07-19 04:43:15,156 [trainer.py] => seed: 1993
2026-07-19 04:43:15,156 [trainer.py] => scenario: cil
2026-07-19 04:43:15,156 [trainer.py] => pretrained: True
2026-07-19 04:43:15,157 [trainer.py] => print_forget: True
2026-07-19 04:43:15,157 [trainer.py] => final_metrics: True
2026-07-19 04:43:15,157 [trainer.py] => backbone_type: vit_base_patch16_224_lora
2026-07-19 04:43:15,157 [trainer.py] => lora_rank: 8
2026-07-19 04:43:15,157 [trainer.py] => lora_alpha: 32
2026-07-19 04:43:15,157 [trainer.py] => tuned_epoch: 10
2026-07-19 04:43:15,157 [trainer.py] => init_lr: 0.0005
2026-07-19 04:43:15,157 [trainer.py] => batch_size: 48
2026-07-19 04:43:15,157 [trainer.py] => weight_decay: 0.0005
2026-07-19 04:43:15,157 [trainer.py] => min_lr: 0.0
2026-07-19 04:43:15,157 [trainer.py] => model_name: treelora
2026-07-19 04:43:15,157 [trainer.py] => reg: 0.5
2026-07-19 04:43:15,157 [trainer.py] => device: [device(type='cuda', index=4)]
2026-07-19 04:43:15,157 [trainer.py] => prefix: stream_smoke_inr_500mb_treelora
2026-07-19 04:43:15,157 [trainer.py] => boundary_mode: sample
2026-07-19 04:43:15,157 [trainer.py] => stream_budget_mb: 500
2026-07-19 04:43:15,157 [trainer.py] => stop_after_tasks: 3
2026-07-19 04:43:15,245 [data_manager.py] => [168, 136, 51, 9, 183, 101, 171, 99, 42, 159, 191, 70, 16, 188, 27, 10, 175, 26, 68, 187, 98, 6, 85, 35, 112, 43, 100, 0, 103, 181, 88, 59, 4, 2, 116, 174, 94, 80, 106, 1, 147, 17, 141, 131, 72, 23, 173, 54, 197, 118, 87, 32, 79, 104, 91, 19, 135, 107, 178, 36, 11, 199, 142, 8, 122, 3, 28, 57, 153, 172, 190, 56, 49, 44, 97, 62, 151, 169, 194, 55, 192, 12, 189, 78, 66, 180, 15, 137, 109, 134, 92, 119, 126, 52, 170, 40, 148, 65, 144, 64, 138, 45, 77, 89, 154, 90, 71, 193, 74, 30, 113, 143, 96, 84, 67, 50, 186, 156, 69, 21, 18, 111, 108, 58, 125, 157, 150, 110, 182, 129, 166, 83, 81, 60, 13, 165, 14, 176, 63, 117, 5, 22, 145, 121, 38, 41, 82, 127, 114, 20, 31, 53, 37, 163, 196, 130, 152, 162, 86, 76, 24, 34, 184, 149, 33, 128, 198, 155, 146, 167, 139, 120, 140, 102, 47, 25, 158, 123, 46, 164, 61, 7, 115, 75, 133, 160, 105, 132, 179, 124, 48, 73, 93, 39, 95, 195, 29, 177, 185, 161]
2026-07-19 04:43:17,928 [stream_mixin.py] => [stream] stop_after_tasks=3 (of 20 total)
2026-07-19 04:43:17,928 [stream_mixin.py] => [stream] adapter event every 3483 samples (memory constraint 500.0MB); eval after each fold on completed tasks
2026-07-19 04:45:05,467 [stream_mixin.py] => [stream eval] completed  1 | CIL 84.18 | TIL 84.18 | TIL/task [84.18]
2026-07-19 04:46:50,405 [stream_mixin.py] => [stream eval] completed  2 | CIL 87.10 | TIL 93.04 | TIL/task [90.51, 95.19]
2026-07-19 04:48:29,111 [stream_mixin.py] => [stream eval] completed  3 | CIL 80.73 | TIL 92.13 | TIL/task [87.03, 93.32, 96.01]
2026-07-19 04:48:29,112 [trainer.py] => [stream] completed-task checkpoints: [1, 2, 3]
2026-07-19 04:48:29,112 [trainer.py] => [stream] CIL curve: [84.18, 87.1, 80.73]
2026-07-19 04:48:29,112 [trainer.py] => [stream] TIL curve: [84.18, 93.04, 92.13]
2026-07-19 04:48:29,112 [trainer.py] => [stream] FINAL  CIL 80.73 | TIL 92.13  (over 3 tasks)
