2026-07-19 13:59:51,356 [trainer.py] => config: exps/review/stream_smoke/food101_250mb_treelora.json
2026-07-19 13:59:51,356 [trainer.py] => dataset: food101
2026-07-19 13:59:51,356 [trainer.py] => memory_size: 0
2026-07-19 13:59:51,357 [trainer.py] => memory_per_class: 0
2026-07-19 13:59:51,357 [trainer.py] => fixed_memory: False
2026-07-19 13:59:51,357 [trainer.py] => shuffle: True
2026-07-19 13:59:51,357 [trainer.py] => init_cls: 6
2026-07-19 13:59:51,357 [trainer.py] => increment: 5
2026-07-19 13:59:51,357 [trainer.py] => seed: 1993
2026-07-19 13:59:51,357 [trainer.py] => scenario: cil
2026-07-19 13:59:51,357 [trainer.py] => pretrained: True
2026-07-19 13:59:51,357 [trainer.py] => print_forget: True
2026-07-19 13:59:51,357 [trainer.py] => final_metrics: True
2026-07-19 13:59:51,357 [trainer.py] => backbone_type: vit_base_patch16_224_lora
2026-07-19 13:59:51,357 [trainer.py] => lora_rank: 8
2026-07-19 13:59:51,357 [trainer.py] => lora_alpha: 32
2026-07-19 13:59:51,357 [trainer.py] => tuned_epoch: 10
2026-07-19 13:59:51,357 [trainer.py] => init_lr: 0.0005
2026-07-19 13:59:51,357 [trainer.py] => batch_size: 48
2026-07-19 13:59:51,357 [trainer.py] => weight_decay: 0.0005
2026-07-19 13:59:51,357 [trainer.py] => min_lr: 0.0
2026-07-19 13:59:51,357 [trainer.py] => model_name: treelora
2026-07-19 13:59:51,357 [trainer.py] => reg: 0.5
2026-07-19 13:59:51,357 [trainer.py] => device: [device(type='cuda', index=0)]
2026-07-19 13:59:51,357 [trainer.py] => prefix: stream_smoke_food101_250mb_treelora
2026-07-19 13:59:51,357 [trainer.py] => boundary_mode: sample
2026-07-19 13:59:51,357 [trainer.py] => stream_budget_mb: 250
2026-07-19 13:59:51,357 [trainer.py] => stop_after_tasks: 5
2026-07-19 13:59:51,632 [data_manager.py] => [68, 56, 78, 8, 23, 84, 90, 65, 74, 76, 40, 89, 3, 92, 55, 9, 26, 80, 43, 38, 58, 70, 77, 1, 85, 19, 17, 50, 28, 53, 13, 81, 45, 82, 6, 59, 83, 16, 15, 44, 91, 41, 72, 60, 79, 52, 20, 10, 31, 54, 37, 95, 14, 71, 96, 99, 98, 2, 64, 66, 42, 22, 35, 86, 24, 34, 87, 21, 100, 0, 88, 27, 18, 94, 11, 12, 47, 25, 30, 46, 62, 69, 36, 61, 7, 63, 75, 5, 32, 4, 51, 48, 73, 93, 39, 67, 29, 97, 49, 57, 33]
2026-07-19 13:59:54,330 [stream_mixin.py] => [stream] stop_after_tasks=5 (of 20 total)
2026-07-19 13:59:54,330 [stream_mixin.py] => [stream] adapter event every 1741 samples (memory constraint 250.0MB); eval after each fold on completed tasks
2026-07-19 14:05:14,324 [stream_mixin.py] => [stream eval] completed  1 | chunk   9 | CIL 98.80 | TIL 98.80 | TIL/task [98.8]
2026-07-19 14:09:53,022 [stream_mixin.py] => [stream eval] completed  2 | chunk  19 | CIL 89.85 | TIL 98.95 | TIL/task [98.47, 99.52]
2026-07-19 14:14:41,008 [stream_mixin.py] => [stream eval] completed  3 | chunk  29 | CIL 88.20 | TIL 97.85 | TIL/task [95.93, 99.04, 98.96]
2026-07-19 14:19:37,384 [stream_mixin.py] => [stream eval] completed  4 | chunk  39 | CIL 83.71 | TIL 98.08 | TIL/task [97.0, 99.12, 98.0, 98.4]
2026-07-19 14:24:42,346 [stream_mixin.py] => [stream eval] completed  5 | chunk  49 | CIL 77.31 | TIL 96.82 | TIL/task [95.27, 98.24, 96.8, 97.52, 96.56]
2026-07-19 14:24:42,393 [trainer.py] => [stream] completed-task checkpoints: [1, 2, 3, 4, 5]
2026-07-19 14:24:42,393 [trainer.py] => [stream] CIL curve: [98.8, 89.85, 88.2, 83.71, 77.31]
2026-07-19 14:24:42,393 [trainer.py] => [stream] TIL curve: [98.8, 98.95, 97.85, 98.08, 96.82]
2026-07-19 14:24:42,393 [trainer.py] => [stream] FINAL  CIL 77.31 | TIL 96.82  (over 5 tasks)
