2026-07-25 03:57:06,528 [trainer.py] => config: exps/omni1k_streamcompare/sketchlora_frozen.json
2026-07-25 03:57:06,528 [trainer.py] => dataset: omnibenchmark1k
2026-07-25 03:57:06,528 [trainer.py] => memory_size: 0
2026-07-25 03:57:06,528 [trainer.py] => memory_per_class: 0
2026-07-25 03:57:06,528 [trainer.py] => fixed_memory: False
2026-07-25 03:57:06,528 [trainer.py] => shuffle: True
2026-07-25 03:57:06,529 [trainer.py] => init_cls: 10
2026-07-25 03:57:06,529 [trainer.py] => increment: 10
2026-07-25 03:57:06,529 [trainer.py] => seed: 1993
2026-07-25 03:57:06,529 [trainer.py] => scenario: cil
2026-07-25 03:57:06,529 [trainer.py] => pretrained: True
2026-07-25 03:57:06,529 [trainer.py] => print_forget: True
2026-07-25 03:57:06,529 [trainer.py] => backbone_type: vit_base_patch16_224_lora
2026-07-25 03:57:06,529 [trainer.py] => lora_rank: 10
2026-07-25 03:57:06,529 [trainer.py] => lora_alpha: None
2026-07-25 03:57:06,529 [trainer.py] => lora_merge: True
2026-07-25 03:57:06,529 [trainer.py] => lora_train_merge: True
2026-07-25 03:57:06,529 [trainer.py] => svd_rank: 10
2026-07-25 03:57:06,529 [trainer.py] => svd_oversampling: 10
2026-07-25 03:57:06,529 [trainer.py] => svd_energy_target: 0.01
2026-07-25 03:57:06,529 [trainer.py] => lora_n_slots: 2
2026-07-25 03:57:06,529 [trainer.py] => sketchlora_admission: bounded_eviction
2026-07-25 03:57:06,529 [trainer.py] => sketchlora_rank_cap: 128
2026-07-25 03:57:06,529 [trainer.py] => sketchlora_lora_wd: 0.0
2026-07-25 03:57:06,529 [trainer.py] => tuned_epoch: 20
2026-07-25 03:57:06,529 [trainer.py] => init_lr: 0.0003
2026-07-25 03:57:06,529 [trainer.py] => batch_size: 48
2026-07-25 03:57:06,529 [trainer.py] => weight_decay: 0.0005
2026-07-25 03:57:06,529 [trainer.py] => min_lr: 0.0
2026-07-25 03:57:06,529 [trainer.py] => model_name: sketchlora
2026-07-25 03:57:06,529 [trainer.py] => device: [device(type='cuda', index=4)]
2026-07-25 03:57:06,530 [trainer.py] => boundary_mode: sample
2026-07-25 03:57:06,530 [trainer.py] => stream_budget_mb: 100
2026-07-25 03:57:06,530 [trainer.py] => stop_after_tasks: 15
2026-07-25 03:57:06,530 [trainer.py] => prefix: omni1k_100mb_sketchlora_frozen_15t
2026-07-25 03:57:07,093 [data_manager.py] => [54, 7, 894, 512, 126, 337, 988, 11, 284, 493, 133, 783, 192, 979, 622, 215, 240, 548, 238, 419, 274, 108, 928, 856, 494, 836, 473, 650, 85, 262, 508, 590, 390, 174, 637, 288, 658, 219, 912, 142, 852, 160, 704, 289, 123, 323, 600, 542, 999, 634, 391, 761, 490, 842, 127, 850, 665, 990, 597, 722, 748, 14, 77, 437, 394, 859, 279, 539, 75, 466, 886, 312, 303, 62, 966, 413, 959, 782, 509, 400, 471, 632, 275, 730, 105, 523, 224, 186, 478, 507, 470, 906, 699, 989, 324, 812, 260, 911, 446, 44, 765, 759, 67, 36, 5, 30, 184, 797, 159, 741, 954, 465, 533, 585, 150, 101, 897, 363, 818, 620, 824, 154, 956, 176, 588, 986, 172, 223, 461, 94, 141, 621, 659, 360, 136, 578, 163, 427, 70, 226, 925, 596, 336, 412, 731, 755, 381, 810, 69, 898, 310, 120, 752, 93, 39, 326, 537, 905, 448, 347, 51, 615, 601, 229, 947, 348, 220, 949, 972, 73, 913, 522, 193, 753, 921, 257, 957, 691, 155, 820, 584, 948, 92, 582, 89, 379, 392, 64, 904, 169, 216, 694, 103, 410, 374, 515, 484, 624, 409, 156, 455, 846, 344, 371, 468, 844, 276, 740, 562, 503, 831, 516, 663, 630, 763, 456, 179, 996, 936, 248, 333, 941, 63, 738, 802, 372, 828, 74, 540, 299, 750, 335, 177, 822, 643, 593, 800, 459, 580, 933, 306, 378, 76, 227, 426, 403, 322, 321, 808, 393, 27, 200, 764, 651, 244, 479, 3, 415, 23, 964, 671, 195, 569, 917, 611, 644, 707, 355, 855, 8, 534, 657, 571, 811, 681, 543, 313, 129, 978, 592, 573, 128, 243, 520, 887, 892, 696, 26, 551, 168, 71, 398, 778, 529, 526, 792, 868, 266, 443, 24, 57, 15, 871, 678, 745, 845, 208, 188, 674, 175, 406, 421, 833, 106, 994, 815, 581, 676, 49, 619, 217, 631, 934, 932, 568, 353, 863, 827, 425, 420, 99, 823, 113, 974, 438, 874, 343, 118, 340, 472, 552, 937, 0, 10, 675, 316, 879, 561, 387, 726, 255, 407, 56, 927, 655, 809, 839, 640, 297, 34, 497, 210, 606, 971, 589, 138, 263, 587, 993, 973, 382, 572, 735, 535, 139, 524, 314, 463, 895, 376, 939, 157, 858, 457, 935, 183, 114, 903, 767, 666, 22, 525, 902, 233, 250, 825, 79, 843, 221, 214, 205, 166, 431, 860, 292, 976, 739, 899, 475, 242, 961, 531, 110, 769, 55, 701, 532, 586, 729, 253, 486, 787, 774, 165, 627, 32, 291, 962, 922, 222, 705, 454, 356, 445, 746, 776, 404, 950, 241, 452, 245, 487, 706, 2, 137, 6, 98, 647, 50, 91, 202, 556, 38, 68, 649, 258, 345, 361, 464, 514, 958, 504, 826, 668, 880, 28, 920, 918, 339, 315, 320, 768, 201, 733, 575, 781, 864, 617, 171, 795, 132, 145, 368, 147, 327, 713, 688, 848, 690, 975, 354, 853, 148, 648, 300, 436, 780, 693, 682, 246, 449, 492, 162, 97, 59, 357, 198, 519, 90, 236, 375, 359, 230, 476, 784, 117, 940, 396, 849, 102, 122, 282, 181, 130, 467, 88, 271, 793, 151, 847, 914, 42, 834, 521, 121, 29, 806, 607, 510, 837, 301, 669, 78, 256, 474, 840, 52, 505, 547, 641, 987, 801, 629, 491, 605, 112, 429, 401, 742, 528, 87, 442, 910, 638, 785, 264, 711, 369, 428, 805, 744, 380, 725, 480, 318, 997, 153, 384, 252, 985, 538, 654, 388, 100, 432, 832, 565, 908, 367, 591, 294, 272, 231, 213, 196, 743, 817, 433, 328, 970, 969, 4, 613, 182, 685, 724, 915, 311, 931, 865, 86, 119, 203, 268, 718, 317, 926, 269, 161, 209, 807, 645, 513, 261, 518, 305, 758, 872, 58, 65, 146, 395, 481, 747, 41, 283, 204, 564, 185, 777, 33, 500, 609, 286, 567, 80, 228, 683, 757, 942, 134, 673, 616, 960, 450, 350, 544, 830, 736, 170, 679, 838, 819, 485, 430, 190, 566, 511, 482, 232, 527, 411, 560, 281, 342, 614, 662, 47, 771, 861, 692, 686, 277, 373, 16, 946, 265, 35, 9, 884, 909, 610, 358, 18, 737, 977, 677, 803, 595, 135, 458, 12, 46, 418, 599, 187, 107, 992, 770, 298, 104, 351, 893, 698, 929, 502, 273, 20, 96, 791, 636, 708, 267, 867, 772, 604, 618, 346, 330, 554, 816, 664, 716, 189, 31, 721, 712, 397, 43, 943, 804, 296, 109, 576, 869, 955, 17, 506, 963, 786, 720, 628, 779, 982, 633, 891, 734, 980, 386, 365, 794, 325, 841, 878, 370, 695, 293, 951, 66, 594, 717, 116, 488, 796, 983, 646, 499, 53, 1, 603, 45, 424, 875, 254, 237, 199, 414, 307, 362, 557, 866, 341, 19, 965, 143, 555, 687, 235, 790, 125, 173, 364, 882, 727, 728, 563, 495, 21, 558, 709, 719, 877, 352, 83, 998, 991, 469, 967, 760, 498, 814, 612, 715, 290, 72, 131, 259, 441, 924, 773, 48, 625, 501, 440, 82, 684, 862, 574, 309, 408, 680, 623, 439, 180, 652, 968, 889, 334, 61, 766, 399, 598, 798, 653, 930, 149, 249, 890, 308, 881, 40, 835, 577, 422, 703, 813, 857, 995, 602, 583, 167, 670, 212, 751, 496, 608, 84, 639, 579, 178, 489, 37, 197, 789, 530, 111, 876, 570, 700, 444, 287, 366, 883, 385, 536, 460, 851, 81, 144, 60, 251, 13, 953, 270, 944, 319, 885, 710, 952, 517, 278, 656, 919, 377, 550, 207, 660, 984, 447, 553, 338, 234, 383, 749, 916, 626, 462, 788, 434, 714, 799, 821, 477, 549, 661, 206, 667, 541, 642, 689, 194, 152, 981, 938, 854, 483, 332, 280, 546, 389, 405, 545, 239, 896, 672, 923, 402, 423, 907, 888, 140, 870, 559, 756, 25, 211, 158, 723, 635, 302, 702, 453, 218, 164, 829, 247, 775, 191, 732, 115, 331, 901, 416, 873, 754, 900, 435, 762, 124, 304, 329, 349, 295, 95, 451, 285, 225, 945, 697, 417]
2026-07-25 03:57:13,270 [stream_mixin.py] => [stream] stop_after_tasks=15 (of 100 total)
2026-07-25 03:57:13,293 [stream_mixin.py] => [stream] unique-image budget 697 images (100.0MB); 25902 total images, 15 tasks -> 38 chunks
2026-07-25 03:57:53,832 [trainer.py] => config: exps/omni1k_streamcompare/sketchlora_frozen.json
2026-07-25 03:57:53,832 [trainer.py] => dataset: omnibenchmark1k
2026-07-25 03:57:53,832 [trainer.py] => memory_size: 0
2026-07-25 03:57:53,832 [trainer.py] => memory_per_class: 0
2026-07-25 03:57:53,832 [trainer.py] => fixed_memory: False
2026-07-25 03:57:53,832 [trainer.py] => shuffle: True
2026-07-25 03:57:53,832 [trainer.py] => init_cls: 10
2026-07-25 03:57:53,832 [trainer.py] => increment: 10
2026-07-25 03:57:53,832 [trainer.py] => seed: 1993
2026-07-25 03:57:53,832 [trainer.py] => scenario: cil
2026-07-25 03:57:53,832 [trainer.py] => pretrained: True
2026-07-25 03:57:53,833 [trainer.py] => print_forget: True
2026-07-25 03:57:53,833 [trainer.py] => backbone_type: vit_base_patch16_224_lora
2026-07-25 03:57:53,833 [trainer.py] => lora_rank: 10
2026-07-25 03:57:53,833 [trainer.py] => lora_alpha: None
2026-07-25 03:57:53,833 [trainer.py] => lora_merge: True
2026-07-25 03:57:53,833 [trainer.py] => lora_train_merge: True
2026-07-25 03:57:53,833 [trainer.py] => svd_rank: 10
2026-07-25 03:57:53,833 [trainer.py] => svd_oversampling: 10
2026-07-25 03:57:53,833 [trainer.py] => svd_energy_target: 0.01
2026-07-25 03:57:53,833 [trainer.py] => lora_n_slots: 2
2026-07-25 03:57:53,833 [trainer.py] => sketchlora_admission: bounded_eviction
2026-07-25 03:57:53,833 [trainer.py] => sketchlora_rank_cap: 128
2026-07-25 03:57:53,833 [trainer.py] => sketchlora_lora_wd: 0.0
2026-07-25 03:57:53,833 [trainer.py] => tuned_epoch: 20
2026-07-25 03:57:53,833 [trainer.py] => init_lr: 0.0003
2026-07-25 03:57:53,833 [trainer.py] => batch_size: 48
2026-07-25 03:57:53,833 [trainer.py] => weight_decay: 0.0005
2026-07-25 03:57:53,833 [trainer.py] => min_lr: 0.0
2026-07-25 03:57:53,833 [trainer.py] => model_name: sketchlora
2026-07-25 03:57:53,833 [trainer.py] => device: [device(type='cuda', index=2)]
2026-07-25 03:57:53,833 [trainer.py] => boundary_mode: sample
2026-07-25 03:57:53,833 [trainer.py] => stream_budget_mb: 100
2026-07-25 03:57:53,833 [trainer.py] => stop_after_tasks: 15
2026-07-25 03:57:53,833 [trainer.py] => prefix: omni1k_100mb_sketchlora_frozen_15t
2026-07-25 03:57:54,413 [data_manager.py] => [54, 7, 894, 512, 126, 337, 988, 11, 284, 493, 133, 783, 192, 979, 622, 215, 240, 548, 238, 419, 274, 108, 928, 856, 494, 836, 473, 650, 85, 262, 508, 590, 390, 174, 637, 288, 658, 219, 912, 142, 852, 160, 704, 289, 123, 323, 600, 542, 999, 634, 391, 761, 490, 842, 127, 850, 665, 990, 597, 722, 748, 14, 77, 437, 394, 859, 279, 539, 75, 466, 886, 312, 303, 62, 966, 413, 959, 782, 509, 400, 471, 632, 275, 730, 105, 523, 224, 186, 478, 507, 470, 906, 699, 989, 324, 812, 260, 911, 446, 44, 765, 759, 67, 36, 5, 30, 184, 797, 159, 741, 954, 465, 533, 585, 150, 101, 897, 363, 818, 620, 824, 154, 956, 176, 588, 986, 172, 223, 461, 94, 141, 621, 659, 360, 136, 578, 163, 427, 70, 226, 925, 596, 336, 412, 731, 755, 381, 810, 69, 898, 310, 120, 752, 93, 39, 326, 537, 905, 448, 347, 51, 615, 601, 229, 947, 348, 220, 949, 972, 73, 913, 522, 193, 753, 921, 257, 957, 691, 155, 820, 584, 948, 92, 582, 89, 379, 392, 64, 904, 169, 216, 694, 103, 410, 374, 515, 484, 624, 409, 156, 455, 846, 344, 371, 468, 844, 276, 740, 562, 503, 831, 516, 663, 630, 763, 456, 179, 996, 936, 248, 333, 941, 63, 738, 802, 372, 828, 74, 540, 299, 750, 335, 177, 822, 643, 593, 800, 459, 580, 933, 306, 378, 76, 227, 426, 403, 322, 321, 808, 393, 27, 200, 764, 651, 244, 479, 3, 415, 23, 964, 671, 195, 569, 917, 611, 644, 707, 355, 855, 8, 534, 657, 571, 811, 681, 543, 313, 129, 978, 592, 573, 128, 243, 520, 887, 892, 696, 26, 551, 168, 71, 398, 778, 529, 526, 792, 868, 266, 443, 24, 57, 15, 871, 678, 745, 845, 208, 188, 674, 175, 406, 421, 833, 106, 994, 815, 581, 676, 49, 619, 217, 631, 934, 932, 568, 353, 863, 827, 425, 420, 99, 823, 113, 974, 438, 874, 343, 118, 340, 472, 552, 937, 0, 10, 675, 316, 879, 561, 387, 726, 255, 407, 56, 927, 655, 809, 839, 640, 297, 34, 497, 210, 606, 971, 589, 138, 263, 587, 993, 973, 382, 572, 735, 535, 139, 524, 314, 463, 895, 376, 939, 157, 858, 457, 935, 183, 114, 903, 767, 666, 22, 525, 902, 233, 250, 825, 79, 843, 221, 214, 205, 166, 431, 860, 292, 976, 739, 899, 475, 242, 961, 531, 110, 769, 55, 701, 532, 586, 729, 253, 486, 787, 774, 165, 627, 32, 291, 962, 922, 222, 705, 454, 356, 445, 746, 776, 404, 950, 241, 452, 245, 487, 706, 2, 137, 6, 98, 647, 50, 91, 202, 556, 38, 68, 649, 258, 345, 361, 464, 514, 958, 504, 826, 668, 880, 28, 920, 918, 339, 315, 320, 768, 201, 733, 575, 781, 864, 617, 171, 795, 132, 145, 368, 147, 327, 713, 688, 848, 690, 975, 354, 853, 148, 648, 300, 436, 780, 693, 682, 246, 449, 492, 162, 97, 59, 357, 198, 519, 90, 236, 375, 359, 230, 476, 784, 117, 940, 396, 849, 102, 122, 282, 181, 130, 467, 88, 271, 793, 151, 847, 914, 42, 834, 521, 121, 29, 806, 607, 510, 837, 301, 669, 78, 256, 474, 840, 52, 505, 547, 641, 987, 801, 629, 491, 605, 112, 429, 401, 742, 528, 87, 442, 910, 638, 785, 264, 711, 369, 428, 805, 744, 380, 725, 480, 318, 997, 153, 384, 252, 985, 538, 654, 388, 100, 432, 832, 565, 908, 367, 591, 294, 272, 231, 213, 196, 743, 817, 433, 328, 970, 969, 4, 613, 182, 685, 724, 915, 311, 931, 865, 86, 119, 203, 268, 718, 317, 926, 269, 161, 209, 807, 645, 513, 261, 518, 305, 758, 872, 58, 65, 146, 395, 481, 747, 41, 283, 204, 564, 185, 777, 33, 500, 609, 286, 567, 80, 228, 683, 757, 942, 134, 673, 616, 960, 450, 350, 544, 830, 736, 170, 679, 838, 819, 485, 430, 190, 566, 511, 482, 232, 527, 411, 560, 281, 342, 614, 662, 47, 771, 861, 692, 686, 277, 373, 16, 946, 265, 35, 9, 884, 909, 610, 358, 18, 737, 977, 677, 803, 595, 135, 458, 12, 46, 418, 599, 187, 107, 992, 770, 298, 104, 351, 893, 698, 929, 502, 273, 20, 96, 791, 636, 708, 267, 867, 772, 604, 618, 346, 330, 554, 816, 664, 716, 189, 31, 721, 712, 397, 43, 943, 804, 296, 109, 576, 869, 955, 17, 506, 963, 786, 720, 628, 779, 982, 633, 891, 734, 980, 386, 365, 794, 325, 841, 878, 370, 695, 293, 951, 66, 594, 717, 116, 488, 796, 983, 646, 499, 53, 1, 603, 45, 424, 875, 254, 237, 199, 414, 307, 362, 557, 866, 341, 19, 965, 143, 555, 687, 235, 790, 125, 173, 364, 882, 727, 728, 563, 495, 21, 558, 709, 719, 877, 352, 83, 998, 991, 469, 967, 760, 498, 814, 612, 715, 290, 72, 131, 259, 441, 924, 773, 48, 625, 501, 440, 82, 684, 862, 574, 309, 408, 680, 623, 439, 180, 652, 968, 889, 334, 61, 766, 399, 598, 798, 653, 930, 149, 249, 890, 308, 881, 40, 835, 577, 422, 703, 813, 857, 995, 602, 583, 167, 670, 212, 751, 496, 608, 84, 639, 579, 178, 489, 37, 197, 789, 530, 111, 876, 570, 700, 444, 287, 366, 883, 385, 536, 460, 851, 81, 144, 60, 251, 13, 953, 270, 944, 319, 885, 710, 952, 517, 278, 656, 919, 377, 550, 207, 660, 984, 447, 553, 338, 234, 383, 749, 916, 626, 462, 788, 434, 714, 799, 821, 477, 549, 661, 206, 667, 541, 642, 689, 194, 152, 981, 938, 854, 483, 332, 280, 546, 389, 405, 545, 239, 896, 672, 923, 402, 423, 907, 888, 140, 870, 559, 756, 25, 211, 158, 723, 635, 302, 702, 453, 218, 164, 829, 247, 775, 191, 732, 115, 331, 901, 416, 873, 754, 900, 435, 762, 124, 304, 329, 349, 295, 95, 451, 285, 225, 945, 697, 417]
2026-07-25 03:58:00,411 [stream_mixin.py] => [stream] stop_after_tasks=15 (of 100 total)
2026-07-25 03:58:00,432 [stream_mixin.py] => [stream] unique-image budget 697 images (100.0MB); 25902 total images, 15 tasks -> 38 chunks
2026-07-25 03:59:37,474 [sketchlora.py] => [SketchDiag] task 0: retained-energy mean=1.000 min=1.000 | ||ΔW||_F mean=0.387 | r_hat mean=10.0 total=240
2026-07-25 04:01:17,619 [sketchlora.py] => [SketchDiag] task 1: retained-energy mean=0.993 min=0.991 | ||ΔW||_F mean=0.481 | r_hat mean=17.2 total=412
2026-07-25 04:02:59,160 [sketchlora.py] => [SketchDiag] task 2: retained-energy mean=0.992 min=0.990 | ||ΔW||_F mean=0.579 | r_hat mean=23.2 total=558
2026-07-25 04:03:00,891 [stream_mixin.py] => [stream eval] completed  1 | chunk   1 | CIL 94.97
2026-07-25 04:04:43,038 [sketchlora.py] => [SketchDiag] task 3: retained-energy mean=0.991 min=0.990 | ||ΔW||_F mean=0.653 | r_hat mean=28.9 total=694
2026-07-25 04:06:25,318 [sketchlora.py] => [SketchDiag] task 4: retained-energy mean=0.991 min=0.990 | ||ΔW||_F mean=0.685 | r_hat mean=34.3 total=824
2026-07-25 04:08:07,928 [sketchlora.py] => [SketchDiag] task 5: retained-energy mean=0.991 min=0.990 | ||ΔW||_F mean=0.761 | r_hat mean=38.3 total=919
2026-07-25 04:08:11,371 [stream_mixin.py] => [stream eval] completed  2 | chunk   1 | CIL 93.95
2026-07-25 04:09:54,285 [sketchlora.py] => [SketchDiag] task 6: retained-energy mean=0.991 min=0.990 | ||ΔW||_F mean=0.799 | r_hat mean=42.5 total=1021
2026-07-25 04:11:36,988 [sketchlora.py] => [SketchDiag] task 7: retained-energy mean=0.991 min=0.990 | ||ΔW||_F mean=0.880 | r_hat mean=46.0 total=1103
2026-07-25 04:11:42,153 [stream_mixin.py] => [stream eval] completed  3 | chunk   1 | CIL 88.94
2026-07-25 04:13:25,345 [sketchlora.py] => [SketchDiag] task 8: retained-energy mean=0.991 min=0.990 | ||ΔW||_F mean=0.923 | r_hat mean=49.3 total=1184
2026-07-25 04:15:08,590 [sketchlora.py] => [SketchDiag] task 9: retained-energy mean=0.991 min=0.990 | ||ΔW||_F mean=0.979 | r_hat mean=52.1 total=1251
2026-07-25 04:15:16,188 [stream_mixin.py] => [stream eval] completed  4 | chunk   1 | CIL 80.68
2026-07-25 04:16:59,586 [sketchlora.py] => [SketchDiag] task 10: retained-energy mean=0.991 min=0.990 | ||ΔW||_F mean=1.007 | r_hat mean=54.9 total=1317
2026-07-25 04:18:43,066 [sketchlora.py] => [SketchDiag] task 11: retained-energy mean=0.991 min=0.990 | ||ΔW||_F mean=1.028 | r_hat mean=57.5 total=1379
2026-07-25 04:20:26,925 [sketchlora.py] => [SketchDiag] task 12: retained-energy mean=0.991 min=0.990 | ||ΔW||_F mean=1.071 | r_hat mean=59.6 total=1431
2026-07-25 04:20:35,759 [stream_mixin.py] => [stream eval] completed  5 | chunk   1 | CIL 80.32
2026-07-25 04:22:19,486 [sketchlora.py] => [SketchDiag] task 13: retained-energy mean=0.991 min=0.990 | ||ΔW||_F mean=1.092 | r_hat mean=61.7 total=1481
2026-07-25 04:24:03,284 [sketchlora.py] => [SketchDiag] task 14: retained-energy mean=0.991 min=0.990 | ||ΔW||_F mean=1.108 | r_hat mean=63.6 total=1527
2026-07-25 04:25:47,585 [sketchlora.py] => [SketchDiag] task 15: retained-energy mean=0.991 min=0.990 | ||ΔW||_F mean=1.155 | r_hat mean=65.1 total=1562
2026-07-25 04:25:58,098 [stream_mixin.py] => [stream eval] completed  6 | chunk   1 | CIL 80.17
2026-07-25 04:27:42,291 [sketchlora.py] => [SketchDiag] task 16: retained-energy mean=0.991 min=0.990 | ||ΔW||_F mean=1.176 | r_hat mean=67.2 total=1614
2026-07-25 04:29:26,526 [sketchlora.py] => [SketchDiag] task 17: retained-energy mean=0.991 min=0.990 | ||ΔW||_F mean=1.217 | r_hat mean=68.5 total=1643
2026-07-25 04:29:38,853 [stream_mixin.py] => [stream eval] completed  7 | chunk   1 | CIL 78.71
2026-07-25 04:31:23,189 [sketchlora.py] => [SketchDiag] task 18: retained-energy mean=0.991 min=0.990 | ||ΔW||_F mean=1.240 | r_hat mean=70.2 total=1685
2026-07-25 04:33:07,440 [sketchlora.py] => [SketchDiag] task 19: retained-energy mean=0.991 min=0.990 | ||ΔW||_F mean=1.277 | r_hat mean=71.2 total=1710
2026-07-25 04:33:21,593 [stream_mixin.py] => [stream eval] completed  8 | chunk   1 | CIL 74.26
2026-07-25 04:35:05,740 [sketchlora.py] => [SketchDiag] task 20: retained-energy mean=0.991 min=0.990 | ||ΔW||_F mean=1.289 | r_hat mean=72.0 total=1728
2026-07-25 04:36:49,849 [sketchlora.py] => [SketchDiag] task 21: retained-energy mean=0.991 min=0.990 | ||ΔW||_F mean=1.307 | r_hat mean=72.9 total=1750
2026-07-25 04:37:05,906 [stream_mixin.py] => [stream eval] completed  9 | chunk   1 | CIL 72.78
2026-07-25 04:38:50,412 [sketchlora.py] => [SketchDiag] task 22: retained-energy mean=0.991 min=0.990 | ||ΔW||_F mean=1.325 | r_hat mean=73.1 total=1755
2026-07-25 04:40:34,900 [sketchlora.py] => [SketchDiag] task 23: retained-energy mean=0.991 min=0.990 | ||ΔW||_F mean=1.334 | r_hat mean=74.0 total=1775
2026-07-25 04:42:19,308 [sketchlora.py] => [SketchDiag] task 24: retained-energy mean=0.991 min=0.990 | ||ΔW||_F mean=1.373 | r_hat mean=74.4 total=1786
2026-07-25 04:42:37,089 [stream_mixin.py] => [stream eval] completed 10 | chunk   1 | CIL 71.10
2026-07-25 04:44:21,364 [sketchlora.py] => [SketchDiag] task 25: retained-energy mean=0.991 min=0.990 | ||ΔW||_F mean=1.394 | r_hat mean=75.5 total=1812
2026-07-25 04:46:05,608 [sketchlora.py] => [SketchDiag] task 26: retained-energy mean=0.991 min=0.990 | ||ΔW||_F mean=1.417 | r_hat mean=76.2 total=1829
2026-07-25 04:46:25,192 [stream_mixin.py] => [stream eval] completed 11 | chunk   1 | CIL 70.57
2026-07-25 04:48:09,727 [sketchlora.py] => [SketchDiag] task 27: retained-energy mean=0.991 min=0.990 | ||ΔW||_F mean=1.431 | r_hat mean=76.6 total=1838
2026-07-25 04:49:54,094 [sketchlora.py] => [SketchDiag] task 28: retained-energy mean=0.991 min=0.990 | ||ΔW||_F mean=1.445 | r_hat mean=77.0 total=1849
2026-07-25 04:51:38,204 [sketchlora.py] => [SketchDiag] task 29: retained-energy mean=0.992 min=0.990 | ||ΔW||_F mean=1.479 | r_hat mean=77.5 total=1861
2026-07-25 04:51:59,501 [stream_mixin.py] => [stream eval] completed 12 | chunk   1 | CIL 69.42
2026-07-25 04:53:44,059 [sketchlora.py] => [SketchDiag] task 30: retained-energy mean=0.992 min=0.990 | ||ΔW||_F mean=1.495 | r_hat mean=78.2 total=1877
2026-07-25 04:55:28,357 [sketchlora.py] => [SketchDiag] task 31: retained-energy mean=0.992 min=0.990 | ||ΔW||_F mean=1.506 | r_hat mean=78.4 total=1882
2026-07-25 04:57:12,690 [sketchlora.py] => [SketchDiag] task 32: retained-energy mean=0.991 min=0.990 | ||ΔW||_F mean=1.537 | r_hat mean=78.8 total=1890
2026-07-25 04:57:35,717 [stream_mixin.py] => [stream eval] completed 13 | chunk   1 | CIL 67.80
2026-07-25 04:59:20,109 [sketchlora.py] => [SketchDiag] task 33: retained-energy mean=0.992 min=0.990 | ||ΔW||_F mean=1.550 | r_hat mean=79.3 total=1904
2026-07-25 05:01:04,632 [sketchlora.py] => [SketchDiag] task 34: retained-energy mean=0.992 min=0.990 | ||ΔW||_F mean=1.569 | r_hat mean=79.6 total=1910
2026-07-25 05:01:29,645 [stream_mixin.py] => [stream eval] completed 14 | chunk   1 | CIL 65.24
2026-07-25 05:03:14,396 [sketchlora.py] => [SketchDiag] task 35: retained-energy mean=0.992 min=0.990 | ||ΔW||_F mean=1.590 | r_hat mean=80.0 total=1921
2026-07-25 05:04:58,746 [sketchlora.py] => [SketchDiag] task 36: retained-energy mean=0.992 min=0.990 | ||ΔW||_F mean=1.606 | r_hat mean=80.5 total=1932
2026-07-25 05:05:32,609 [sketchlora.py] => [SketchDiag] task 37: retained-energy mean=0.997 min=0.996 | ||ΔW||_F mean=1.603 | r_hat mean=80.5 total=1932
2026-07-25 05:05:59,100 [stream_mixin.py] => [stream eval] completed 15 | chunk   1 | CIL 64.07
2026-07-25 05:05:59,101 [trainer.py] => [stream] completed-task checkpoints: [1, 2, 3, 4, 5, 6, 7, 8, 9, 10, 11, 12, 13, 14, 15]
2026-07-25 05:05:59,101 [trainer.py] => [stream] CIL curve: [94.97, 93.95, 88.94, 80.68, 80.32, 80.17, 78.71, 74.26, 72.78, 71.1, 70.57, 69.42, 67.8, 65.24, 64.07]
2026-07-25 05:05:59,101 [trainer.py] => [stream] FINAL  CIL 64.07  (over 15 tasks) -- TIL not computed (meaningless in the memory-increment setup)
