2026-07-06 17:07:00,566 [trainer.py] => config: ./exps/svdlora_omni1k_100t_smoke_lr8e4.json
2026-07-06 17:07:00,566 [trainer.py] => dataset: omnibenchmark1k
2026-07-06 17:07:00,566 [trainer.py] => memory_size: 0
2026-07-06 17:07:00,566 [trainer.py] => memory_per_class: 0
2026-07-06 17:07:00,566 [trainer.py] => fixed_memory: False
2026-07-06 17:07:00,566 [trainer.py] => shuffle: True
2026-07-06 17:07:00,566 [trainer.py] => backbone_type: vit_base_patch16_224_lora
2026-07-06 17:07:00,566 [trainer.py] => device: [device(type='cuda', index=0)]
2026-07-06 17:07:00,566 [trainer.py] => seed: 1993
2026-07-06 17:07:00,566 [trainer.py] => scenario: both
2026-07-06 17:07:00,566 [trainer.py] => lora_rank: 8
2026-07-06 17:07:00,566 [trainer.py] => lora_alpha: 32
2026-07-06 17:07:00,566 [trainer.py] => tuned_epoch: 10
2026-07-06 17:07:00,566 [trainer.py] => init_lr: 0.0008
2026-07-06 17:07:00,566 [trainer.py] => batch_size: 48
2026-07-06 17:07:00,566 [trainer.py] => weight_decay: 0.0005
2026-07-06 17:07:00,566 [trainer.py] => min_lr: 0.0
2026-07-06 17:07:00,566 [trainer.py] => pretrained: True
2026-07-06 17:07:00,566 [trainer.py] => print_forget: True
2026-07-06 17:07:00,566 [trainer.py] => model_name: sketchlora
2026-07-06 17:07:00,566 [trainer.py] => lora_merge: True
2026-07-06 17:07:00,566 [trainer.py] => lora_train_merge: True
2026-07-06 17:07:00,566 [trainer.py] => svd_rank: 8
2026-07-06 17:07:00,566 [trainer.py] => svd_oversampling: 10
2026-07-06 17:07:00,567 [trainer.py] => svd_energy_target: 0.005
2026-07-06 17:07:00,567 [trainer.py] => lora_n_slots: 2
2026-07-06 17:07:00,567 [trainer.py] => init_cls: 10
2026-07-06 17:07:00,567 [trainer.py] => increment: 10
2026-07-06 17:07:00,567 [trainer.py] => stop_after_tasks: 10
2026-07-06 17:07:00,567 [trainer.py] => prefix: omni1k_100t_smoke_lr8e4
2026-07-06 17:07:01,084 [data_manager.py] => [54, 7, 894, 512, 126, 337, 988, 11, 284, 493, 133, 783, 192, 979, 622, 215, 240, 548, 238, 419, 274, 108, 928, 856, 494, 836, 473, 650, 85, 262, 508, 590, 390, 174, 637, 288, 658, 219, 912, 142, 852, 160, 704, 289, 123, 323, 600, 542, 999, 634, 391, 761, 490, 842, 127, 850, 665, 990, 597, 722, 748, 14, 77, 437, 394, 859, 279, 539, 75, 466, 886, 312, 303, 62, 966, 413, 959, 782, 509, 400, 471, 632, 275, 730, 105, 523, 224, 186, 478, 507, 470, 906, 699, 989, 324, 812, 260, 911, 446, 44, 765, 759, 67, 36, 5, 30, 184, 797, 159, 741, 954, 465, 533, 585, 150, 101, 897, 363, 818, 620, 824, 154, 956, 176, 588, 986, 172, 223, 461, 94, 141, 621, 659, 360, 136, 578, 163, 427, 70, 226, 925, 596, 336, 412, 731, 755, 381, 810, 69, 898, 310, 120, 752, 93, 39, 326, 537, 905, 448, 347, 51, 615, 601, 229, 947, 348, 220, 949, 972, 73, 913, 522, 193, 753, 921, 257, 957, 691, 155, 820, 584, 948, 92, 582, 89, 379, 392, 64, 904, 169, 216, 694, 103, 410, 374, 515, 484, 624, 409, 156, 455, 846, 344, 371, 468, 844, 276, 740, 562, 503, 831, 516, 663, 630, 763, 456, 179, 996, 936, 248, 333, 941, 63, 738, 802, 372, 828, 74, 540, 299, 750, 335, 177, 822, 643, 593, 800, 459, 580, 933, 306, 378, 76, 227, 426, 403, 322, 321, 808, 393, 27, 200, 764, 651, 244, 479, 3, 415, 23, 964, 671, 195, 569, 917, 611, 644, 707, 355, 855, 8, 534, 657, 571, 811, 681, 543, 313, 129, 978, 592, 573, 128, 243, 520, 887, 892, 696, 26, 551, 168, 71, 398, 778, 529, 526, 792, 868, 266, 443, 24, 57, 15, 871, 678, 745, 845, 208, 188, 674, 175, 406, 421, 833, 106, 994, 815, 581, 676, 49, 619, 217, 631, 934, 932, 568, 353, 863, 827, 425, 420, 99, 823, 113, 974, 438, 874, 343, 118, 340, 472, 552, 937, 0, 10, 675, 316, 879, 561, 387, 726, 255, 407, 56, 927, 655, 809, 839, 640, 297, 34, 497, 210, 606, 971, 589, 138, 263, 587, 993, 973, 382, 572, 735, 535, 139, 524, 314, 463, 895, 376, 939, 157, 858, 457, 935, 183, 114, 903, 767, 666, 22, 525, 902, 233, 250, 825, 79, 843, 221, 214, 205, 166, 431, 860, 292, 976, 739, 899, 475, 242, 961, 531, 110, 769, 55, 701, 532, 586, 729, 253, 486, 787, 774, 165, 627, 32, 291, 962, 922, 222, 705, 454, 356, 445, 746, 776, 404, 950, 241, 452, 245, 487, 706, 2, 137, 6, 98, 647, 50, 91, 202, 556, 38, 68, 649, 258, 345, 361, 464, 514, 958, 504, 826, 668, 880, 28, 920, 918, 339, 315, 320, 768, 201, 733, 575, 781, 864, 617, 171, 795, 132, 145, 368, 147, 327, 713, 688, 848, 690, 975, 354, 853, 148, 648, 300, 436, 780, 693, 682, 246, 449, 492, 162, 97, 59, 357, 198, 519, 90, 236, 375, 359, 230, 476, 784, 117, 940, 396, 849, 102, 122, 282, 181, 130, 467, 88, 271, 793, 151, 847, 914, 42, 834, 521, 121, 29, 806, 607, 510, 837, 301, 669, 78, 256, 474, 840, 52, 505, 547, 641, 987, 801, 629, 491, 605, 112, 429, 401, 742, 528, 87, 442, 910, 638, 785, 264, 711, 369, 428, 805, 744, 380, 725, 480, 318, 997, 153, 384, 252, 985, 538, 654, 388, 100, 432, 832, 565, 908, 367, 591, 294, 272, 231, 213, 196, 743, 817, 433, 328, 970, 969, 4, 613, 182, 685, 724, 915, 311, 931, 865, 86, 119, 203, 268, 718, 317, 926, 269, 161, 209, 807, 645, 513, 261, 518, 305, 758, 872, 58, 65, 146, 395, 481, 747, 41, 283, 204, 564, 185, 777, 33, 500, 609, 286, 567, 80, 228, 683, 757, 942, 134, 673, 616, 960, 450, 350, 544, 830, 736, 170, 679, 838, 819, 485, 430, 190, 566, 511, 482, 232, 527, 411, 560, 281, 342, 614, 662, 47, 771, 861, 692, 686, 277, 373, 16, 946, 265, 35, 9, 884, 909, 610, 358, 18, 737, 977, 677, 803, 595, 135, 458, 12, 46, 418, 599, 187, 107, 992, 770, 298, 104, 351, 893, 698, 929, 502, 273, 20, 96, 791, 636, 708, 267, 867, 772, 604, 618, 346, 330, 554, 816, 664, 716, 189, 31, 721, 712, 397, 43, 943, 804, 296, 109, 576, 869, 955, 17, 506, 963, 786, 720, 628, 779, 982, 633, 891, 734, 980, 386, 365, 794, 325, 841, 878, 370, 695, 293, 951, 66, 594, 717, 116, 488, 796, 983, 646, 499, 53, 1, 603, 45, 424, 875, 254, 237, 199, 414, 307, 362, 557, 866, 341, 19, 965, 143, 555, 687, 235, 790, 125, 173, 364, 882, 727, 728, 563, 495, 21, 558, 709, 719, 877, 352, 83, 998, 991, 469, 967, 760, 498, 814, 612, 715, 290, 72, 131, 259, 441, 924, 773, 48, 625, 501, 440, 82, 684, 862, 574, 309, 408, 680, 623, 439, 180, 652, 968, 889, 334, 61, 766, 399, 598, 798, 653, 930, 149, 249, 890, 308, 881, 40, 835, 577, 422, 703, 813, 857, 995, 602, 583, 167, 670, 212, 751, 496, 608, 84, 639, 579, 178, 489, 37, 197, 789, 530, 111, 876, 570, 700, 444, 287, 366, 883, 385, 536, 460, 851, 81, 144, 60, 251, 13, 953, 270, 944, 319, 885, 710, 952, 517, 278, 656, 919, 377, 550, 207, 660, 984, 447, 553, 338, 234, 383, 749, 916, 626, 462, 788, 434, 714, 799, 821, 477, 549, 661, 206, 667, 541, 642, 689, 194, 152, 981, 938, 854, 483, 332, 280, 546, 389, 405, 545, 239, 896, 672, 923, 402, 423, 907, 888, 140, 870, 559, 756, 25, 211, 158, 723, 635, 302, 702, 453, 218, 164, 829, 247, 775, 191, 732, 115, 331, 901, 416, 873, 754, 900, 435, 762, 124, 304, 329, 349, 295, 95, 451, 285, 225, 945, 697, 417]
2026-07-06 17:07:08,878 [trainer.py] => stop_after_tasks=10 (of 100 total)
2026-07-06 17:07:08,879 [trainer.py] => All params: 86388480
2026-07-06 17:07:08,880 [trainer.py] => Trainable params: 589824
2026-07-06 17:07:09,423 [lora.py] => Learning on 0-10
2026-07-06 17:07:09,425 [lora.py] => Trainable params this task: 302,602 / 86,396,170
2026-07-06 17:09:01,593 [lora.py] => Task 0 finished. Train_accy 98.71
2026-07-06 17:09:04,437 [sketchlora.py] => [SketchDiag] task 0: retained-energy mean=1.000 min=0.996 | ||ΔW||_F mean=0.475 | r_hat mean=7.9 total=189
2026-07-06 17:09:07,259 [til_base.py] => TIL top1: 95.48
2026-07-06 17:09:07,259 [til_base.py] => CIL top1: 95.48 | TIL top1: 95.48
2026-07-06 17:09:07,259 [trainer.py] => No NME accuracy.
2026-07-06 17:09:07,259 [trainer.py] => CNN: {'total': np.float64(95.48), '00-09': np.float64(95.48), 'old': 0, 'new': np.float64(95.48)}
2026-07-06 17:09:07,259 [trainer.py] => CNN top1 curve: [np.float64(95.48)]
2026-07-06 17:09:07,259 [trainer.py] => CNN top5 curve: [np.float64(100.0)]

2026-07-06 17:09:07,259 [trainer.py] => Average Accuracy (CNN): 95.48 

2026-07-06 17:09:07,261 [trainer.py] => All params: 86391562
2026-07-06 17:09:07,262 [trainer.py] => Trainable params: 302602
2026-07-06 17:09:07,263 [lora.py] => Learning on 10-20
2026-07-06 17:09:07,266 [lora.py] => Trainable params this task: 310,292 / 86,399,252
2026-07-06 17:10:59,255 [lora.py] => Task 1 finished. Train_accy 98.87
2026-07-06 17:11:02,086 [sketchlora.py] => [SketchDiag] task 1: retained-energy mean=0.999 min=0.995 | ||ΔW||_F mean=0.697 | r_hat mean=15.5 total=371
2026-07-06 17:11:06,971 [til_base.py] => TIL top1: 96.47
2026-07-06 17:11:06,972 [til_base.py] => CIL top1: 88.41 | TIL top1: 96.47
2026-07-06 17:11:06,972 [trainer.py] => No NME accuracy.
2026-07-06 17:11:06,972 [trainer.py] => CNN: {'total': np.float64(88.41), '00-09': np.float64(78.89), '10-19': np.float64(97.98), 'old': np.float64(78.89), 'new': np.float64(97.98)}
2026-07-06 17:11:06,972 [trainer.py] => CNN top1 curve: [np.float64(95.48), np.float64(88.41)]
2026-07-06 17:11:06,972 [trainer.py] => CNN top5 curve: [np.float64(100.0), np.float64(98.99)]

2026-07-06 17:11:06,972 [trainer.py] => Average Accuracy (CNN): 91.945 

2026-07-06 17:11:06,973 [trainer.py] => All params: 86678804
2026-07-06 17:11:06,973 [trainer.py] => Trainable params: 310292
2026-07-06 17:11:06,974 [lora.py] => Learning on 20-30
2026-07-06 17:11:06,976 [lora.py] => Trainable params this task: 317,982 / 86,686,494
2026-07-06 17:12:50,882 [lora.py] => Task 2 finished. Train_accy 98.84
2026-07-06 17:12:53,745 [sketchlora.py] => [SketchDiag] task 2: retained-energy mean=0.998 min=0.995 | ||ΔW||_F mean=0.847 | r_hat mean=22.8 total=546
2026-07-06 17:13:00,614 [til_base.py] => TIL top1: 97.32
2026-07-06 17:13:00,614 [til_base.py] => CIL top1: 89.28 | TIL top1: 97.32
2026-07-06 17:13:00,615 [trainer.py] => No NME accuracy.
2026-07-06 17:13:00,615 [trainer.py] => CNN: {'total': np.float64(89.28), '00-09': np.float64(71.86), '10-19': np.float64(98.48), '20-29': np.float64(97.5), 'old': np.float64(85.14), 'new': np.float64(97.5)}
2026-07-06 17:13:00,615 [trainer.py] => CNN top1 curve: [np.float64(95.48), np.float64(88.41), np.float64(89.28)]
2026-07-06 17:13:00,615 [trainer.py] => CNN top5 curve: [np.float64(100.0), np.float64(98.99), np.float64(98.99)]

2026-07-06 17:13:00,615 [trainer.py] => Average Accuracy (CNN): 91.05666666666666 

2026-07-06 17:13:00,615 [trainer.py] => All params: 86955294
2026-07-06 17:13:00,616 [trainer.py] => Trainable params: 317982
2026-07-06 17:13:00,617 [lora.py] => Learning on 30-40
2026-07-06 17:13:00,619 [lora.py] => Trainable params this task: 325,672 / 86,962,984
2026-07-06 17:14:43,471 [lora.py] => Task 3 finished. Train_accy 98.57
2026-07-06 17:14:46,538 [sketchlora.py] => [SketchDiag] task 3: retained-energy mean=0.997 min=0.995 | ||ΔW||_F mean=0.994 | r_hat mean=29.5 total=708
2026-07-06 17:14:55,640 [til_base.py] => TIL top1: 95.98
2026-07-06 17:14:55,640 [til_base.py] => CIL top1: 77.16 | TIL top1: 95.98
2026-07-06 17:14:55,640 [trainer.py] => No NME accuracy.
2026-07-06 17:14:55,640 [trainer.py] => CNN: {'total': np.float64(77.16), '00-09': np.float64(60.8), '10-19': np.float64(64.14), '20-29': np.float64(93.5), '30-39': np.float64(90.0), 'old': np.float64(72.86), 'new': np.float64(90.0)}
2026-07-06 17:14:55,640 [trainer.py] => CNN top1 curve: [np.float64(95.48), np.float64(88.41), np.float64(89.28), np.float64(77.16)]
2026-07-06 17:14:55,640 [trainer.py] => CNN top5 curve: [np.float64(100.0), np.float64(98.99), np.float64(98.99), np.float64(97.49)]

2026-07-06 17:14:55,640 [trainer.py] => Average Accuracy (CNN): 87.58249999999998 

2026-07-06 17:14:55,641 [trainer.py] => All params: 87211816
2026-07-06 17:14:55,641 [trainer.py] => Trainable params: 325672
2026-07-06 17:14:55,642 [lora.py] => Learning on 40-50
2026-07-06 17:14:55,644 [lora.py] => Trainable params this task: 333,362 / 87,219,506
2026-07-06 17:17:00,572 [lora.py] => Task 4 finished. Train_accy 98.68
2026-07-06 17:17:03,723 [sketchlora.py] => [SketchDiag] task 4: retained-energy mean=0.996 min=0.995 | ||ΔW||_F mean=1.141 | r_hat mean=35.9 total=861
2026-07-06 17:17:14,937 [til_base.py] => TIL top1: 95.88
2026-07-06 17:17:14,937 [til_base.py] => CIL top1: 72.19 | TIL top1: 95.88
2026-07-06 17:17:14,937 [trainer.py] => No NME accuracy.
2026-07-06 17:17:14,937 [trainer.py] => CNN: {'total': np.float64(72.19), '00-09': np.float64(48.24), '10-19': np.float64(59.6), '20-29': np.float64(76.5), '30-39': np.float64(80.0), '40-49': np.float64(96.48), 'old': np.float64(66.12), 'new': np.float64(96.48)}
2026-07-06 17:17:14,937 [trainer.py] => CNN top1 curve: [np.float64(95.48), np.float64(88.41), np.float64(89.28), np.float64(77.16), np.float64(72.19)]
2026-07-06 17:17:14,937 [trainer.py] => CNN top5 curve: [np.float64(100.0), np.float64(98.99), np.float64(98.99), np.float64(97.49), np.float64(96.59)]

2026-07-06 17:17:14,937 [trainer.py] => Average Accuracy (CNN): 84.50399999999999 

2026-07-06 17:17:14,938 [trainer.py] => All params: 87454514
2026-07-06 17:17:14,939 [trainer.py] => Trainable params: 333362
2026-07-06 17:17:14,940 [lora.py] => Learning on 50-60
2026-07-06 17:17:14,942 [lora.py] => Trainable params this task: 341,052 / 87,462,204
2026-07-06 17:19:09,287 [lora.py] => Task 5 finished. Train_accy 99.28
2026-07-06 17:19:12,504 [sketchlora.py] => [SketchDiag] task 5: retained-energy mean=0.996 min=0.995 | ||ΔW||_F mean=1.246 | r_hat mean=42.1 total=1010
2026-07-06 17:19:25,771 [til_base.py] => TIL top1: 95.06
2026-07-06 17:19:25,772 [til_base.py] => CIL top1: 70.29 | TIL top1: 95.06
2026-07-06 17:19:25,772 [trainer.py] => No NME accuracy.
2026-07-06 17:19:25,772 [trainer.py] => CNN: {'total': np.float64(70.29), '00-09': np.float64(49.25), '10-19': np.float64(50.51), '20-29': np.float64(74.5), '30-39': np.float64(59.0), '40-49': np.float64(91.96), '50-59': np.float64(96.48), 'old': np.float64(65.06), 'new': np.float64(96.48)}
2026-07-06 17:19:25,772 [trainer.py] => CNN top1 curve: [np.float64(95.48), np.float64(88.41), np.float64(89.28), np.float64(77.16), np.float64(72.19), np.float64(70.29)]
2026-07-06 17:19:25,772 [trainer.py] => CNN top5 curve: [np.float64(100.0), np.float64(98.99), np.float64(98.99), np.float64(97.49), np.float64(96.59), np.float64(95.06)]

2026-07-06 17:19:25,772 [trainer.py] => Average Accuracy (CNN): 82.13499999999999 

2026-07-06 17:19:25,773 [trainer.py] => All params: 87691068
2026-07-06 17:19:25,773 [trainer.py] => Trainable params: 341052
2026-07-06 17:19:25,774 [lora.py] => Learning on 60-70
2026-07-06 17:19:25,776 [lora.py] => Trainable params this task: 348,742 / 87,698,758
2026-07-06 17:20:59,368 [lora.py] => Task 6 finished. Train_accy 98.34
2026-07-06 17:21:02,608 [sketchlora.py] => [SketchDiag] task 6: retained-energy mean=0.996 min=0.995 | ||ΔW||_F mean=1.336 | r_hat mean=48.0 total=1153
2026-07-06 17:21:18,121 [til_base.py] => TIL top1: 95.32
2026-07-06 17:21:18,122 [til_base.py] => CIL top1: 71.87 | TIL top1: 95.32
2026-07-06 17:21:18,122 [trainer.py] => No NME accuracy.
2026-07-06 17:21:18,122 [trainer.py] => CNN: {'total': np.float64(71.87), '00-09': np.float64(50.25), '10-19': np.float64(49.49), '20-29': np.float64(70.5), '30-39': np.float64(57.5), '40-49': np.float64(92.96), '50-59': np.float64(94.47), '60-69': np.float64(88.21), 'old': np.float64(69.21), 'new': np.float64(88.21)}
2026-07-06 17:21:18,122 [trainer.py] => CNN top1 curve: [np.float64(95.48), np.float64(88.41), np.float64(89.28), np.float64(77.16), np.float64(72.19), np.float64(70.29), np.float64(71.87)]
2026-07-06 17:21:18,122 [trainer.py] => CNN top5 curve: [np.float64(100.0), np.float64(98.99), np.float64(98.99), np.float64(97.49), np.float64(96.59), np.float64(95.06), np.float64(95.76)]

2026-07-06 17:21:18,122 [trainer.py] => Average Accuracy (CNN): 80.66857142857143 

2026-07-06 17:21:18,124 [trainer.py] => All params: 87918406
2026-07-06 17:21:18,125 [trainer.py] => Trainable params: 348742
2026-07-06 17:21:18,127 [lora.py] => Learning on 70-80
2026-07-06 17:21:18,132 [lora.py] => Trainable params this task: 356,432 / 87,926,096
2026-07-06 17:22:52,652 [lora.py] => Task 7 finished. Train_accy 98.70
2026-07-06 17:22:55,982 [sketchlora.py] => [SketchDiag] task 7: retained-energy mean=0.996 min=0.995 | ||ΔW||_F mean=1.417 | r_hat mean=53.7 total=1288
2026-07-06 17:23:13,544 [til_base.py] => TIL top1: 95.34
2026-07-06 17:23:13,544 [til_base.py] => CIL top1: 70.17 | TIL top1: 95.34
2026-07-06 17:23:13,544 [trainer.py] => No NME accuracy.
2026-07-06 17:23:13,544 [trainer.py] => CNN: {'total': np.float64(70.17), '00-09': np.float64(39.7), '10-19': np.float64(50.0), '20-29': np.float64(67.5), '30-39': np.float64(55.5), '40-49': np.float64(91.46), '50-59': np.float64(93.47), '60-69': np.float64(80.51), '70-79': np.float64(83.42), 'old': np.float64(68.27), 'new': np.float64(83.42)}
2026-07-06 17:23:13,544 [trainer.py] => CNN top1 curve: [np.float64(95.48), np.float64(88.41), np.float64(89.28), np.float64(77.16), np.float64(72.19), np.float64(70.29), np.float64(71.87), np.float64(70.17)]
2026-07-06 17:23:13,545 [trainer.py] => CNN top5 curve: [np.float64(100.0), np.float64(98.99), np.float64(98.99), np.float64(97.49), np.float64(96.59), np.float64(95.06), np.float64(95.76), np.float64(94.84)]

2026-07-06 17:23:13,545 [trainer.py] => Average Accuracy (CNN): 79.35624999999999 

2026-07-06 17:23:13,545 [trainer.py] => All params: 88133456
2026-07-06 17:23:13,546 [trainer.py] => Trainable params: 356432
2026-07-06 17:23:13,547 [lora.py] => Learning on 80-90
2026-07-06 17:23:13,549 [lora.py] => Trainable params this task: 364,122 / 88,141,146
2026-07-06 17:25:10,056 [lora.py] => Task 8 finished. Train_accy 98.91
2026-07-06 17:25:13,432 [sketchlora.py] => [SketchDiag] task 8: retained-energy mean=0.996 min=0.995 | ||ΔW||_F mean=1.505 | r_hat mean=59.1 total=1419
2026-07-06 17:25:33,028 [til_base.py] => TIL top1: 95.36
2026-07-06 17:25:33,029 [til_base.py] => CIL top1: 64.9 | TIL top1: 95.36
2026-07-06 17:25:33,029 [trainer.py] => No NME accuracy.
2026-07-06 17:25:33,029 [trainer.py] => CNN: {'total': np.float64(64.9), '00-09': np.float64(25.63), '10-19': np.float64(41.92), '20-29': np.float64(61.0), '30-39': np.float64(46.5), '40-49': np.float64(84.92), '50-59': np.float64(91.96), '60-69': np.float64(71.28), '70-79': np.float64(67.34), '80-89': np.float64(93.5), 'old': np.float64(61.3), 'new': np.float64(93.5)}
2026-07-06 17:25:33,029 [trainer.py] => CNN top1 curve: [np.float64(95.48), np.float64(88.41), np.float64(89.28), np.float64(77.16), np.float64(72.19), np.float64(70.29), np.float64(71.87), np.float64(70.17), np.float64(64.9)]
2026-07-06 17:25:33,029 [trainer.py] => CNN top5 curve: [np.float64(100.0), np.float64(98.99), np.float64(98.99), np.float64(97.49), np.float64(96.59), np.float64(95.06), np.float64(95.76), np.float64(94.84), np.float64(92.57)]

2026-07-06 17:25:33,029 [trainer.py] => Average Accuracy (CNN): 77.74999999999999 

2026-07-06 17:25:33,030 [trainer.py] => All params: 88342362
2026-07-06 17:25:33,030 [trainer.py] => Trainable params: 364122
2026-07-06 17:25:33,031 [lora.py] => Learning on 90-100
2026-07-06 17:25:33,033 [lora.py] => Trainable params this task: 371,812 / 88,350,052
2026-07-06 17:27:15,905 [lora.py] => Task 9 finished. Train_accy 98.75
2026-07-06 17:27:19,215 [sketchlora.py] => [SketchDiag] task 9: retained-energy mean=0.996 min=0.995 | ||ΔW||_F mean=1.574 | r_hat mean=64.4 total=1545
2026-07-06 17:27:42,436 [til_base.py] => TIL top1: 95.17
2026-07-06 17:27:42,436 [til_base.py] => CIL top1: 62.13 | TIL top1: 95.17
2026-07-06 17:27:42,436 [trainer.py] => No NME accuracy.
2026-07-06 17:27:42,437 [trainer.py] => CNN: {'total': np.float64(62.13), '00-09': np.float64(15.08), '10-19': np.float64(44.44), '20-29': np.float64(54.0), '30-39': np.float64(43.0), '40-49': np.float64(77.89), '50-59': np.float64(88.44), '60-69': np.float64(69.23), '70-79': np.float64(49.25), '80-89': np.float64(92.0), '90-99': np.float64(88.32), 'old': np.float64(59.25), 'new': np.float64(88.32)}
2026-07-06 17:27:42,437 [trainer.py] => CNN top1 curve: [np.float64(95.48), np.float64(88.41), np.float64(89.28), np.float64(77.16), np.float64(72.19), np.float64(70.29), np.float64(71.87), np.float64(70.17), np.float64(64.9), np.float64(62.13)]
2026-07-06 17:27:42,437 [trainer.py] => CNN top5 curve: [np.float64(100.0), np.float64(98.99), np.float64(98.99), np.float64(97.49), np.float64(96.59), np.float64(95.06), np.float64(95.76), np.float64(94.84), np.float64(92.57), np.float64(91.64)]

2026-07-06 17:27:42,437 [trainer.py] => Average Accuracy (CNN): 76.18799999999999 

2026-07-06 17:27:42,438 [trainer.py] => Forgetting (CNN): 34.02444444444445
2026-07-06 17:27:42,438 [trainer.py] => Forgetting (NME): 34.02444444444445
2026-07-06 17:27:42,438 [trainer.py] => Forgetting (TIL): 3.7533333333333334
