2026-07-28 02:27:41,972 [trainer.py] => config: exps/sketchlora_boltons/50mb_guaranteed_k5.json
2026-07-28 02:27:41,972 [trainer.py] => dataset: omnibenchmark1k
2026-07-28 02:27:41,972 [trainer.py] => memory_size: 0
2026-07-28 02:27:41,972 [trainer.py] => memory_per_class: 0
2026-07-28 02:27:41,972 [trainer.py] => fixed_memory: False
2026-07-28 02:27:41,972 [trainer.py] => shuffle: True
2026-07-28 02:27:41,972 [trainer.py] => init_cls: 10
2026-07-28 02:27:41,972 [trainer.py] => increment: 10
2026-07-28 02:27:41,972 [trainer.py] => seed: 1993
2026-07-28 02:27:41,972 [trainer.py] => scenario: cil
2026-07-28 02:27:41,972 [trainer.py] => pretrained: True
2026-07-28 02:27:41,972 [trainer.py] => print_forget: False
2026-07-28 02:27:41,972 [trainer.py] => final_metrics: False
2026-07-28 02:27:41,972 [trainer.py] => backbone_type: vit_base_patch16_224_lora
2026-07-28 02:27:41,972 [trainer.py] => lora_rank: 10
2026-07-28 02:27:41,972 [trainer.py] => lora_alpha: None
2026-07-28 02:27:41,973 [trainer.py] => batch_size: 48
2026-07-28 02:27:41,973 [trainer.py] => weight_decay: 0.0005
2026-07-28 02:27:41,973 [trainer.py] => min_lr: 0.0
2026-07-28 02:27:41,973 [trainer.py] => tuned_epoch: 20
2026-07-28 02:27:41,973 [trainer.py] => boundary_mode: bounded_memory
2026-07-28 02:27:41,973 [trainer.py] => stop_after_tasks: 15
2026-07-28 02:27:41,973 [trainer.py] => device: [device(type='cuda', index=0)]
2026-07-28 02:27:41,973 [trainer.py] => model_name: sketchlora
2026-07-28 02:27:41,973 [trainer.py] => lora_merge: True
2026-07-28 02:27:41,973 [trainer.py] => lora_train_merge: True
2026-07-28 02:27:41,973 [trainer.py] => svd_rank: 10
2026-07-28 02:27:41,973 [trainer.py] => svd_oversampling: 10
2026-07-28 02:27:41,973 [trainer.py] => svd_energy_target: 0.01
2026-07-28 02:27:41,973 [trainer.py] => lora_n_slots: 2
2026-07-28 02:27:41,973 [trainer.py] => sketch_diag: True
2026-07-28 02:27:41,973 [trainer.py] => merge_op: randsvd
2026-07-28 02:27:41,973 [trainer.py] => sketchlora_admission: guaranteed_admission
2026-07-28 02:27:41,973 [trainer.py] => sketchlora_rank_cap: 128
2026-07-28 02:27:41,973 [trainer.py] => sketchlora_lora_wd: 0.0
2026-07-28 02:27:41,973 [trainer.py] => sketchlora_eviction_reading: conformant
2026-07-28 02:27:41,973 [trainer.py] => init_lr: 0.001
2026-07-28 02:27:41,973 [trainer.py] => bm_budget_mb: 50
2026-07-28 02:27:41,973 [trainer.py] => prefix: sketchlora_boltons_omni15t_50mb_guaranteed_k5
2026-07-28 02:27:41,973 [trainer.py] => sketchlora_guaranteed_k: 5
2026-07-28 02:27:42,545 [data_manager.py] => [54, 7, 894, 512, 126, 337, 988, 11, 284, 493, 133, 783, 192, 979, 622, 215, 240, 548, 238, 419, 274, 108, 928, 856, 494, 836, 473, 650, 85, 262, 508, 590, 390, 174, 637, 288, 658, 219, 912, 142, 852, 160, 704, 289, 123, 323, 600, 542, 999, 634, 391, 761, 490, 842, 127, 850, 665, 990, 597, 722, 748, 14, 77, 437, 394, 859, 279, 539, 75, 466, 886, 312, 303, 62, 966, 413, 959, 782, 509, 400, 471, 632, 275, 730, 105, 523, 224, 186, 478, 507, 470, 906, 699, 989, 324, 812, 260, 911, 446, 44, 765, 759, 67, 36, 5, 30, 184, 797, 159, 741, 954, 465, 533, 585, 150, 101, 897, 363, 818, 620, 824, 154, 956, 176, 588, 986, 172, 223, 461, 94, 141, 621, 659, 360, 136, 578, 163, 427, 70, 226, 925, 596, 336, 412, 731, 755, 381, 810, 69, 898, 310, 120, 752, 93, 39, 326, 537, 905, 448, 347, 51, 615, 601, 229, 947, 348, 220, 949, 972, 73, 913, 522, 193, 753, 921, 257, 957, 691, 155, 820, 584, 948, 92, 582, 89, 379, 392, 64, 904, 169, 216, 694, 103, 410, 374, 515, 484, 624, 409, 156, 455, 846, 344, 371, 468, 844, 276, 740, 562, 503, 831, 516, 663, 630, 763, 456, 179, 996, 936, 248, 333, 941, 63, 738, 802, 372, 828, 74, 540, 299, 750, 335, 177, 822, 643, 593, 800, 459, 580, 933, 306, 378, 76, 227, 426, 403, 322, 321, 808, 393, 27, 200, 764, 651, 244, 479, 3, 415, 23, 964, 671, 195, 569, 917, 611, 644, 707, 355, 855, 8, 534, 657, 571, 811, 681, 543, 313, 129, 978, 592, 573, 128, 243, 520, 887, 892, 696, 26, 551, 168, 71, 398, 778, 529, 526, 792, 868, 266, 443, 24, 57, 15, 871, 678, 745, 845, 208, 188, 674, 175, 406, 421, 833, 106, 994, 815, 581, 676, 49, 619, 217, 631, 934, 932, 568, 353, 863, 827, 425, 420, 99, 823, 113, 974, 438, 874, 343, 118, 340, 472, 552, 937, 0, 10, 675, 316, 879, 561, 387, 726, 255, 407, 56, 927, 655, 809, 839, 640, 297, 34, 497, 210, 606, 971, 589, 138, 263, 587, 993, 973, 382, 572, 735, 535, 139, 524, 314, 463, 895, 376, 939, 157, 858, 457, 935, 183, 114, 903, 767, 666, 22, 525, 902, 233, 250, 825, 79, 843, 221, 214, 205, 166, 431, 860, 292, 976, 739, 899, 475, 242, 961, 531, 110, 769, 55, 701, 532, 586, 729, 253, 486, 787, 774, 165, 627, 32, 291, 962, 922, 222, 705, 454, 356, 445, 746, 776, 404, 950, 241, 452, 245, 487, 706, 2, 137, 6, 98, 647, 50, 91, 202, 556, 38, 68, 649, 258, 345, 361, 464, 514, 958, 504, 826, 668, 880, 28, 920, 918, 339, 315, 320, 768, 201, 733, 575, 781, 864, 617, 171, 795, 132, 145, 368, 147, 327, 713, 688, 848, 690, 975, 354, 853, 148, 648, 300, 436, 780, 693, 682, 246, 449, 492, 162, 97, 59, 357, 198, 519, 90, 236, 375, 359, 230, 476, 784, 117, 940, 396, 849, 102, 122, 282, 181, 130, 467, 88, 271, 793, 151, 847, 914, 42, 834, 521, 121, 29, 806, 607, 510, 837, 301, 669, 78, 256, 474, 840, 52, 505, 547, 641, 987, 801, 629, 491, 605, 112, 429, 401, 742, 528, 87, 442, 910, 638, 785, 264, 711, 369, 428, 805, 744, 380, 725, 480, 318, 997, 153, 384, 252, 985, 538, 654, 388, 100, 432, 832, 565, 908, 367, 591, 294, 272, 231, 213, 196, 743, 817, 433, 328, 970, 969, 4, 613, 182, 685, 724, 915, 311, 931, 865, 86, 119, 203, 268, 718, 317, 926, 269, 161, 209, 807, 645, 513, 261, 518, 305, 758, 872, 58, 65, 146, 395, 481, 747, 41, 283, 204, 564, 185, 777, 33, 500, 609, 286, 567, 80, 228, 683, 757, 942, 134, 673, 616, 960, 450, 350, 544, 830, 736, 170, 679, 838, 819, 485, 430, 190, 566, 511, 482, 232, 527, 411, 560, 281, 342, 614, 662, 47, 771, 861, 692, 686, 277, 373, 16, 946, 265, 35, 9, 884, 909, 610, 358, 18, 737, 977, 677, 803, 595, 135, 458, 12, 46, 418, 599, 187, 107, 992, 770, 298, 104, 351, 893, 698, 929, 502, 273, 20, 96, 791, 636, 708, 267, 867, 772, 604, 618, 346, 330, 554, 816, 664, 716, 189, 31, 721, 712, 397, 43, 943, 804, 296, 109, 576, 869, 955, 17, 506, 963, 786, 720, 628, 779, 982, 633, 891, 734, 980, 386, 365, 794, 325, 841, 878, 370, 695, 293, 951, 66, 594, 717, 116, 488, 796, 983, 646, 499, 53, 1, 603, 45, 424, 875, 254, 237, 199, 414, 307, 362, 557, 866, 341, 19, 965, 143, 555, 687, 235, 790, 125, 173, 364, 882, 727, 728, 563, 495, 21, 558, 709, 719, 877, 352, 83, 998, 991, 469, 967, 760, 498, 814, 612, 715, 290, 72, 131, 259, 441, 924, 773, 48, 625, 501, 440, 82, 684, 862, 574, 309, 408, 680, 623, 439, 180, 652, 968, 889, 334, 61, 766, 399, 598, 798, 653, 930, 149, 249, 890, 308, 881, 40, 835, 577, 422, 703, 813, 857, 995, 602, 583, 167, 670, 212, 751, 496, 608, 84, 639, 579, 178, 489, 37, 197, 789, 530, 111, 876, 570, 700, 444, 287, 366, 883, 385, 536, 460, 851, 81, 144, 60, 251, 13, 953, 270, 944, 319, 885, 710, 952, 517, 278, 656, 919, 377, 550, 207, 660, 984, 447, 553, 338, 234, 383, 749, 916, 626, 462, 788, 434, 714, 799, 821, 477, 549, 661, 206, 667, 541, 642, 689, 194, 152, 981, 938, 854, 483, 332, 280, 546, 389, 405, 545, 239, 896, 672, 923, 402, 423, 907, 888, 140, 870, 559, 756, 25, 211, 158, 723, 635, 302, 702, 453, 218, 164, 829, 247, 775, 191, 732, 115, 331, 901, 416, 873, 754, 900, 435, 762, 124, 304, 329, 349, 295, 95, 451, 285, 225, 945, 697, 417]
2026-07-28 02:27:48,579 [bounded_memory_mixin.py] => [bounded_mem] stop_after_tasks=15 (of 100 total)
2026-07-28 02:27:48,600 [bounded_memory_mixin.py] => [bounded_mem] budget_mb=50.0 -> cycle=348 images (mean_task=1726.8 images, so this budget is 0.20x mean task size); 25902 total images -> 75 cycles (T=75 sessions); 10 eval checkpoints
2026-07-28 02:28:45,915 [sketchlora.py] => [SketchDiag] task 0: retained-energy mean=1.000 min=1.000 | ||ΔW||_F mean=0.631 | r_hat mean=10.0 total=240
2026-07-28 02:29:50,071 [sketchlora.py] => [SketchDiag] task 1: retained-energy mean=0.996 min=0.991 | ||ΔW||_F mean=0.817 | r_hat mean=18.7 total=448
2026-07-28 02:30:55,895 [sketchlora.py] => [SketchDiag] task 2: retained-energy mean=0.994 min=0.992 | ||ΔW||_F mean=0.947 | r_hat mean=26.8 total=643
2026-07-28 02:32:02,132 [sketchlora.py] => [SketchDiag] task 3: retained-energy mean=0.993 min=0.991 | ||ΔW||_F mean=1.054 | r_hat mean=34.4 total=826
2026-07-28 02:33:08,578 [sketchlora.py] => [SketchDiag] task 4: retained-energy mean=0.993 min=0.991 | ||ΔW||_F mean=1.152 | r_hat mean=41.6 total=999
2026-07-28 02:34:14,945 [sketchlora.py] => [SketchDiag] task 5: retained-energy mean=0.993 min=0.992 | ||ΔW||_F mean=1.309 | r_hat mean=47.8 total=1147
2026-07-28 02:35:21,827 [sketchlora.py] => [SketchDiag] task 6: retained-energy mean=0.992 min=0.990 | ||ΔW||_F mean=1.410 | r_hat mean=53.4 total=1282
2026-07-28 02:36:28,830 [sketchlora.py] => [SketchDiag] task 7: retained-energy mean=0.992 min=0.990 | ||ΔW||_F mean=1.498 | r_hat mean=58.6 total=1407
2026-07-28 02:36:31,702 [bounded_memory_mixin.py] => [bounded_mem eval] volume 0.10 | cycle 7 | classes_seen 20 | CIL top1 89.42 | top5 99.24 | (nearest latent task ~1) | param_hash 444ac431612e8c4a | per-task [80.4, 98.48]
2026-07-28 02:37:39,403 [sketchlora.py] => [SketchDiag] task 8: retained-energy mean=0.992 min=0.991 | ||ΔW||_F mean=1.565 | r_hat mean=63.4 total=1522
2026-07-28 02:38:47,439 [sketchlora.py] => [SketchDiag] task 9: retained-energy mean=0.992 min=0.991 | ||ΔW||_F mean=1.633 | r_hat mean=67.8 total=1627
2026-07-28 02:39:55,985 [sketchlora.py] => [SketchDiag] task 10: retained-energy mean=0.992 min=0.991 | ||ΔW||_F mean=1.728 | r_hat mean=71.2 total=1710
2026-07-28 02:41:04,111 [sketchlora.py] => [SketchDiag] task 11: retained-energy mean=0.991 min=0.991 | ||ΔW||_F mean=1.789 | r_hat mean=74.3 total=1784
2026-07-28 02:42:12,309 [sketchlora.py] => [SketchDiag] task 12: retained-energy mean=0.991 min=0.991 | ||ΔW||_F mean=1.847 | r_hat mean=77.5 total=1861
2026-07-28 02:43:20,713 [sketchlora.py] => [SketchDiag] task 13: retained-energy mean=0.991 min=0.990 | ||ΔW||_F mean=1.902 | r_hat mean=80.5 total=1931
2026-07-28 02:44:29,106 [sketchlora.py] => [SketchDiag] task 14: retained-energy mean=0.991 min=0.990 | ||ΔW||_F mean=1.956 | r_hat mean=82.8 total=1988
2026-07-28 02:44:33,136 [bounded_memory_mixin.py] => [bounded_mem eval] volume 0.20 | cycle 14 | classes_seen 40 | CIL top1 78.42 | top5 96.24 | (nearest latent task ~3) | param_hash c1b28994d503caf0 | per-task [80.9, 85.86, 98.0, 49.0]
2026-07-28 02:45:41,552 [sketchlora.py] => [SketchDiag] task 15: retained-energy mean=0.991 min=0.990 | ||ΔW||_F mean=2.021 | r_hat mean=85.2 total=2046
2026-07-28 02:46:50,117 [sketchlora.py] => [SketchDiag] task 16: retained-energy mean=0.991 min=0.991 | ||ΔW||_F mean=2.075 | r_hat mean=87.8 total=2106
2026-07-28 02:47:58,701 [sketchlora.py] => [SketchDiag] task 17: retained-energy mean=0.991 min=0.990 | ||ΔW||_F mean=2.119 | r_hat mean=89.8 total=2154
2026-07-28 02:49:07,461 [sketchlora.py] => [SketchDiag] task 18: retained-energy mean=0.991 min=0.990 | ||ΔW||_F mean=2.172 | r_hat mean=92.0 total=2209
2026-07-28 02:50:16,174 [sketchlora.py] => [SketchDiag] task 19: retained-energy mean=0.991 min=0.991 | ||ΔW||_F mean=2.230 | r_hat mean=93.5 total=2244
2026-07-28 02:51:25,071 [sketchlora.py] => [SketchDiag] task 20: retained-energy mean=0.991 min=0.990 | ||ΔW||_F mean=2.275 | r_hat mean=95.0 total=2281
2026-07-28 02:52:33,748 [sketchlora.py] => [SketchDiag] task 21: retained-energy mean=0.991 min=0.990 | ||ΔW||_F mean=2.322 | r_hat mean=96.8 total=2323
2026-07-28 02:53:42,511 [sketchlora.py] => [SketchDiag] task 22: retained-energy mean=0.991 min=0.990 | ||ΔW||_F mean=2.365 | r_hat mean=98.3 total=2359
2026-07-28 02:53:47,123 [bounded_memory_mixin.py] => [bounded_mem eval] volume 0.30 | cycle 22 | classes_seen 50 | CIL top1 83.73 | top5 98.49 | (nearest latent task ~4) | param_hash b1fdb8ed877b8f49 | per-task [76.88, 67.68, 91.5, 91.5, 90.95]
2026-07-28 02:54:56,010 [sketchlora.py] => [SketchDiag] task 23: retained-energy mean=0.991 min=0.990 | ||ΔW||_F mean=2.401 | r_hat mean=99.5 total=2389
2026-07-28 02:56:04,856 [sketchlora.py] => [SketchDiag] task 24: retained-energy mean=0.991 min=0.990 | ||ΔW||_F mean=2.440 | r_hat mean=100.6 total=2414
2026-07-28 02:57:13,868 [sketchlora.py] => [SketchDiag] task 25: retained-energy mean=0.991 min=0.990 | ||ΔW||_F mean=2.494 | r_hat mean=101.4 total=2434
2026-07-28 02:58:22,958 [sketchlora.py] => [SketchDiag] task 26: retained-energy mean=0.991 min=0.988 | ||ΔW||_F mean=2.542 | r_hat mean=102.4 total=2457
2026-07-28 02:59:32,002 [sketchlora.py] => [SketchDiag] task 27: retained-energy mean=0.991 min=0.988 | ||ΔW||_F mean=2.579 | r_hat mean=103.1 total=2474
2026-07-28 03:00:40,987 [sketchlora.py] => [SketchDiag] task 28: retained-energy mean=0.991 min=0.988 | ||ΔW||_F mean=2.615 | r_hat mean=103.5 total=2484
2026-07-28 03:01:50,210 [sketchlora.py] => [SketchDiag] task 29: retained-energy mean=0.991 min=0.988 | ||ΔW||_F mean=2.649 | r_hat mean=103.9 total=2493
2026-07-28 03:01:55,424 [bounded_memory_mixin.py] => [bounded_mem eval] volume 0.40 | cycle 29 | classes_seen 60 | CIL top1 80.08 | top5 98.49 | (nearest latent task ~5) | param_hash de9492fc42b19675 | per-task [69.85, 63.64, 88.5, 77.0, 86.93, 94.47]
2026-07-28 03:03:04,608 [sketchlora.py] => [SketchDiag] task 30: retained-energy mean=0.991 min=0.989 | ||ΔW||_F mean=2.701 | r_hat mean=104.0 total=2497
2026-07-28 03:04:13,990 [sketchlora.py] => [SketchDiag] task 31: retained-energy mean=0.991 min=0.987 | ||ΔW||_F mean=2.737 | r_hat mean=104.5 total=2509
2026-07-28 03:05:23,234 [sketchlora.py] => [SketchDiag] task 32: retained-energy mean=0.991 min=0.989 | ||ΔW||_F mean=2.764 | r_hat mean=105.0 total=2521
2026-07-28 03:06:32,529 [sketchlora.py] => [SketchDiag] task 33: retained-energy mean=0.991 min=0.989 | ||ΔW||_F mean=2.795 | r_hat mean=105.5 total=2532
2026-07-28 03:07:41,536 [sketchlora.py] => [SketchDiag] task 34: retained-energy mean=0.991 min=0.989 | ||ΔW||_F mean=2.844 | r_hat mean=105.6 total=2535
2026-07-28 03:08:50,727 [sketchlora.py] => [SketchDiag] task 35: retained-energy mean=0.991 min=0.988 | ||ΔW||_F mean=2.870 | r_hat mean=105.9 total=2541
2026-07-28 03:09:59,955 [sketchlora.py] => [SketchDiag] task 36: retained-energy mean=0.991 min=0.988 | ||ΔW||_F mean=2.899 | r_hat mean=106.0 total=2544
2026-07-28 03:11:09,267 [sketchlora.py] => [SketchDiag] task 37: retained-energy mean=0.991 min=0.989 | ||ΔW||_F mean=2.921 | r_hat mean=106.2 total=2549
2026-07-28 03:11:15,583 [bounded_memory_mixin.py] => [bounded_mem eval] volume 0.50 | cycle 37 | classes_seen 80 | CIL top1 78.29 | top5 97.92 | (nearest latent task ~7) | param_hash 49e6e62c1b826253 | per-task [67.34, 66.67, 82.5, 78.0, 83.92, 82.91, 79.49, 85.43]
2026-07-28 03:12:24,839 [sketchlora.py] => [SketchDiag] task 38: retained-energy mean=0.991 min=0.988 | ||ΔW||_F mean=2.970 | r_hat mean=106.1 total=2546
2026-07-28 03:13:33,863 [sketchlora.py] => [SketchDiag] task 39: retained-energy mean=0.991 min=0.989 | ||ΔW||_F mean=3.001 | r_hat mean=106.3 total=2552
2026-07-28 03:14:42,633 [sketchlora.py] => [SketchDiag] task 40: retained-energy mean=0.991 min=0.987 | ||ΔW||_F mean=3.025 | r_hat mean=106.3 total=2552
2026-07-28 03:15:51,643 [sketchlora.py] => [SketchDiag] task 41: retained-energy mean=0.991 min=0.987 | ||ΔW||_F mean=3.048 | r_hat mean=106.2 total=2550
2026-07-28 03:17:01,296 [sketchlora.py] => [SketchDiag] task 42: retained-energy mean=0.991 min=0.988 | ||ΔW||_F mean=3.076 | r_hat mean=106.2 total=2549
2026-07-28 03:18:09,899 [sketchlora.py] => [SketchDiag] task 43: retained-energy mean=0.991 min=0.989 | ||ΔW||_F mean=3.110 | r_hat mean=106.4 total=2554
2026-07-28 03:19:18,986 [sketchlora.py] => [SketchDiag] task 44: retained-energy mean=0.991 min=0.988 | ||ΔW||_F mean=3.153 | r_hat mean=106.3 total=2551
2026-07-28 03:19:26,478 [bounded_memory_mixin.py] => [bounded_mem eval] volume 0.60 | cycle 44 | classes_seen 100 | CIL top1 73.06 | top5 95.77 | (nearest latent task ~9) | param_hash 7496320c2e80eccf | per-task [52.76, 60.1, 82.0, 49.0, 81.41, 80.4, 76.41, 70.35, 92.0, 86.29]
2026-07-28 03:20:35,902 [sketchlora.py] => [SketchDiag] task 45: retained-energy mean=0.990 min=0.988 | ||ΔW||_F mean=3.174 | r_hat mean=106.1 total=2546
2026-07-28 03:21:45,139 [sketchlora.py] => [SketchDiag] task 46: retained-energy mean=0.991 min=0.988 | ||ΔW||_F mean=3.198 | r_hat mean=106.0 total=2543
2026-07-28 03:22:54,496 [sketchlora.py] => [SketchDiag] task 47: retained-energy mean=0.991 min=0.988 | ||ΔW||_F mean=3.219 | r_hat mean=105.9 total=2542
2026-07-28 03:24:03,450 [sketchlora.py] => [SketchDiag] task 48: retained-energy mean=0.991 min=0.988 | ||ΔW||_F mean=3.263 | r_hat mean=105.8 total=2538
2026-07-28 03:25:12,167 [sketchlora.py] => [SketchDiag] task 49: retained-energy mean=0.991 min=0.988 | ||ΔW||_F mean=3.298 | r_hat mean=105.7 total=2536
2026-07-28 03:26:21,368 [sketchlora.py] => [SketchDiag] task 50: retained-energy mean=0.991 min=0.988 | ||ΔW||_F mean=3.323 | r_hat mean=105.7 total=2537
2026-07-28 03:27:29,860 [sketchlora.py] => [SketchDiag] task 51: retained-energy mean=0.991 min=0.989 | ||ΔW||_F mean=3.343 | r_hat mean=105.6 total=2534
2026-07-28 03:28:38,446 [sketchlora.py] => [SketchDiag] task 52: retained-energy mean=0.991 min=0.988 | ||ΔW||_F mean=3.369 | r_hat mean=105.5 total=2533
2026-07-28 03:28:46,569 [bounded_memory_mixin.py] => [bounded_mem eval] volume 0.70 | cycle 52 | classes_seen 110 | CIL top1 71.72 | top5 95.10 | (nearest latent task ~10) | param_hash 455efd5597c05e3e | per-task [53.27, 58.08, 81.0, 49.0, 79.4, 80.4, 73.33, 68.84, 82.0, 85.28, 78.39]
2026-07-28 03:29:55,381 [sketchlora.py] => [SketchDiag] task 53: retained-energy mean=0.991 min=0.987 | ||ΔW||_F mean=3.399 | r_hat mean=105.4 total=2530
2026-07-28 03:31:04,186 [sketchlora.py] => [SketchDiag] task 54: retained-energy mean=0.991 min=0.989 | ||ΔW||_F mean=3.420 | r_hat mean=105.4 total=2530
2026-07-28 03:32:12,841 [sketchlora.py] => [SketchDiag] task 55: retained-energy mean=0.991 min=0.988 | ||ΔW||_F mean=3.439 | r_hat mean=105.3 total=2527
2026-07-28 03:33:22,009 [sketchlora.py] => [SketchDiag] task 56: retained-energy mean=0.991 min=0.987 | ||ΔW||_F mean=3.454 | r_hat mean=105.0 total=2520
2026-07-28 03:34:30,549 [sketchlora.py] => [SketchDiag] task 57: retained-energy mean=0.991 min=0.987 | ||ΔW||_F mean=3.472 | r_hat mean=104.6 total=2511
2026-07-28 03:35:39,347 [sketchlora.py] => [SketchDiag] task 58: retained-energy mean=0.991 min=0.988 | ||ΔW||_F mean=3.499 | r_hat mean=104.3 total=2504
2026-07-28 03:36:48,298 [sketchlora.py] => [SketchDiag] task 59: retained-energy mean=0.991 min=0.989 | ||ΔW||_F mean=3.532 | r_hat mean=104.2 total=2500
2026-07-28 03:36:57,704 [bounded_memory_mixin.py] => [bounded_mem eval] volume 0.80 | cycle 59 | classes_seen 130 | CIL top1 69.31 | top5 94.23 | (nearest latent task ~12) | param_hash 2dbcc8dae6dd3b50 | per-task [54.27, 56.06, 79.5, 46.5, 78.39, 77.89, 69.74, 67.34, 84.5, 85.79, 75.38, 78.89, 46.7]
2026-07-28 03:38:07,139 [sketchlora.py] => [SketchDiag] task 60: retained-energy mean=0.991 min=0.988 | ||ΔW||_F mean=3.548 | r_hat mean=104.0 total=2497
2026-07-28 03:39:16,168 [sketchlora.py] => [SketchDiag] task 61: retained-energy mean=0.990 min=0.987 | ||ΔW||_F mean=3.562 | r_hat mean=103.5 total=2485
2026-07-28 03:40:24,989 [sketchlora.py] => [SketchDiag] task 62: retained-energy mean=0.991 min=0.987 | ||ΔW||_F mean=3.579 | r_hat mean=103.1 total=2474
2026-07-28 03:41:34,157 [sketchlora.py] => [SketchDiag] task 63: retained-energy mean=0.991 min=0.987 | ||ΔW||_F mean=3.598 | r_hat mean=102.8 total=2467
2026-07-28 03:42:43,719 [sketchlora.py] => [SketchDiag] task 64: retained-energy mean=0.991 min=0.986 | ||ΔW||_F mean=3.614 | r_hat mean=102.5 total=2460
2026-07-28 03:43:52,816 [sketchlora.py] => [SketchDiag] task 65: retained-energy mean=0.991 min=0.988 | ||ΔW||_F mean=3.652 | r_hat mean=102.1 total=2451
2026-07-28 03:45:01,644 [sketchlora.py] => [SketchDiag] task 66: retained-energy mean=0.991 min=0.988 | ||ΔW||_F mean=3.668 | r_hat mean=102.1 total=2451
2026-07-28 03:45:11,586 [bounded_memory_mixin.py] => [bounded_mem eval] volume 0.90 | cycle 66 | classes_seen 140 | CIL top1 66.89 | top5 91.43 | (nearest latent task ~13) | param_hash 4012de42e5a9510b | per-task [46.23, 56.57, 78.5, 40.0, 77.39, 72.86, 65.13, 64.32, 81.0, 83.25, 74.87, 72.36, 57.87, 66.15]
2026-07-28 03:46:21,030 [sketchlora.py] => [SketchDiag] task 67: retained-energy mean=0.991 min=0.987 | ||ΔW||_F mean=3.683 | r_hat mean=101.8 total=2442
2026-07-28 03:47:30,734 [sketchlora.py] => [SketchDiag] task 68: retained-energy mean=0.991 min=0.987 | ||ΔW||_F mean=3.699 | r_hat mean=101.4 total=2433
2026-07-28 03:48:39,745 [sketchlora.py] => [SketchDiag] task 69: retained-energy mean=0.991 min=0.988 | ||ΔW||_F mean=3.721 | r_hat mean=101.2 total=2428
2026-07-28 03:49:49,093 [sketchlora.py] => [SketchDiag] task 70: retained-energy mean=0.990 min=0.988 | ||ΔW||_F mean=3.753 | r_hat mean=100.6 total=2415
2026-07-28 03:50:58,740 [sketchlora.py] => [SketchDiag] task 71: retained-energy mean=0.991 min=0.988 | ||ΔW||_F mean=3.764 | r_hat mean=100.4 total=2410
2026-07-28 03:52:08,144 [sketchlora.py] => [SketchDiag] task 72: retained-energy mean=0.991 min=0.988 | ||ΔW||_F mean=3.785 | r_hat mean=100.0 total=2399
2026-07-28 03:53:17,487 [sketchlora.py] => [SketchDiag] task 73: retained-energy mean=0.992 min=0.988 | ||ΔW||_F mean=3.798 | r_hat mean=99.8 total=2395
