2026-07-03 09:33:52,895 [trainer.py] => config: ./exps/seqlora_cifar20t_sample_flat_s1995.json
2026-07-03 09:33:52,895 [trainer.py] => dataset: cifar224
2026-07-03 09:33:52,895 [trainer.py] => memory_size: 0
2026-07-03 09:33:52,895 [trainer.py] => memory_per_class: 0
2026-07-03 09:33:52,895 [trainer.py] => fixed_memory: False
2026-07-03 09:33:52,895 [trainer.py] => shuffle: True
2026-07-03 09:33:52,895 [trainer.py] => init_cls: 5
2026-07-03 09:33:52,895 [trainer.py] => increment: 5
2026-07-03 09:33:52,895 [trainer.py] => backbone_type: vit_base_patch16_224_lora
2026-07-03 09:33:52,895 [trainer.py] => device: [device(type='cuda', index=0)]
2026-07-03 09:33:52,895 [trainer.py] => seed: 1995
2026-07-03 09:33:52,895 [trainer.py] => scenario: both
2026-07-03 09:33:52,895 [trainer.py] => lora_rank: 8
2026-07-03 09:33:52,895 [trainer.py] => lora_alpha: 32
2026-07-03 09:33:52,895 [trainer.py] => tuned_epoch: 10
2026-07-03 09:33:52,895 [trainer.py] => init_lr: 0.0003
2026-07-03 09:33:52,895 [trainer.py] => batch_size: 48
2026-07-03 09:33:52,895 [trainer.py] => weight_decay: 0.0005
2026-07-03 09:33:52,895 [trainer.py] => min_lr: 0.0
2026-07-03 09:33:52,895 [trainer.py] => pretrained: True
2026-07-03 09:33:52,895 [trainer.py] => print_forget: True
2026-07-03 09:33:52,895 [trainer.py] => model_name: seqlora
2026-07-03 09:33:52,895 [trainer.py] => lora_merge: False
2026-07-03 09:33:52,896 [trainer.py] => prefix: cifar20t_sample_flat
2026-07-03 09:33:52,896 [trainer.py] => boundary_mode: sample
2026-07-03 09:33:52,896 [trainer.py] => boundary_mult: 1.5
2026-07-03 09:33:52,896 [trainer.py] => lr_anneal: False
2026-07-03 09:33:54,614 [data_manager.py] => [91, 18, 57, 73, 66, 71, 68, 61, 44, 54, 23, 25, 27, 14, 21, 20, 59, 93, 81, 22, 5, 88, 37, 42, 39, 83, 76, 72, 3, 55, 43, 13, 4, 95, 99, 47, 77, 98, 86, 80, 67, 11, 8, 58, 10, 33, 16, 78, 94, 50, 41, 87, 90, 74, 15, 48, 46, 85, 53, 97, 7, 26, 89, 31, 19, 45, 96, 34, 24, 6, 1, 2, 0, 17, 30, 32, 92, 12, 56, 64, 79, 40, 63, 49, 70, 60, 35, 9, 62, 75, 65, 28, 52, 84, 29, 69, 51, 38, 82, 36]
2026-07-03 09:33:57,943 [stream_mixin.py] => [stream] adapter event every 15 global epochs (C=1.5 x 10 epochs); eval after each fold on completed tasks
2026-07-03 09:37:54,043 [stream_mixin.py] => [stream eval] completed  1 | CIL 98.00 | TIL 98.00 | TIL/task [98.0]
2026-07-03 09:41:55,980 [stream_mixin.py] => [stream eval] completed  3 | CIL 80.87 | TIL 97.60 | TIL/task [94.4, 98.8, 99.6]
2026-07-03 09:46:01,271 [stream_mixin.py] => [stream eval] completed  4 | CIL 70.50 | TIL 96.35 | TIL/task [92.0, 96.8, 97.4, 99.2]
2026-07-03 09:50:13,553 [stream_mixin.py] => [stream eval] completed  6 | CIL 52.10 | TIL 94.20 | TIL/task [95.4, 88.4, 95.4, 97.2, 94.4, 94.4]
2026-07-03 09:54:28,998 [stream_mixin.py] => [stream eval] completed  7 | CIL 43.11 | TIL 90.83 | TIL/task [82.2, 83.6, 93.8, 96.6, 91.2, 90.2, 98.2]
2026-07-03 09:58:51,517 [stream_mixin.py] => [stream eval] completed  9 | CIL 39.51 | TIL 90.87 | TIL/task [90.0, 70.8, 93.2, 93.4, 93.2, 87.6, 90.4, 99.4, 99.8]
2026-07-03 10:03:17,493 [stream_mixin.py] => [stream eval] completed 10 | CIL 31.10 | TIL 84.46 | TIL/task [67.2, 61.8, 85.6, 88.2, 88.6, 76.4, 84.6, 98.0, 99.4, 94.8]
2026-07-03 10:07:50,622 [stream_mixin.py] => [stream eval] completed 12 | CIL 32.47 | TIL 89.23 | TIL/task [86.6, 60.6, 89.0, 95.4, 90.0, 77.6, 90.8, 95.4, 97.8, 89.8, 98.2, 99.6]
2026-07-03 10:12:26,817 [stream_mixin.py] => [stream eval] completed 13 | CIL 32.40 | TIL 90.15 | TIL/task [83.6, 80.6, 81.8, 92.2, 91.4, 76.8, 88.6, 98.2, 95.4, 93.0, 95.6, 98.8, 96.0]
2026-07-03 10:17:09,747 [stream_mixin.py] => [stream eval] completed 15 | CIL 30.07 | TIL 87.75 | TIL/task [70.4, 73.8, 79.4, 91.4, 85.2, 81.2, 83.2, 94.6, 85.4, 88.4, 94.8, 98.6, 95.0, 95.0, 99.8]
2026-07-03 10:21:55,953 [stream_mixin.py] => [stream eval] completed 16 | CIL 27.00 | TIL 81.97 | TIL/task [77.6, 61.0, 70.8, 73.0, 83.0, 73.8, 72.8, 88.6, 74.2, 71.0, 93.2, 98.0, 95.0, 83.8, 99.2, 96.6]
2026-07-03 10:26:49,019 [stream_mixin.py] => [stream eval] completed 18 | CIL 20.49 | TIL 76.38 | TIL/task [68.8, 35.4, 60.0, 48.4, 65.8, 70.0, 74.2, 79.4, 70.6, 66.8, 90.2, 96.0, 83.6, 74.0, 98.6, 94.4, 98.6, 100.0]
2026-07-03 10:31:45,533 [stream_mixin.py] => [stream eval] completed 19 | CIL 20.48 | TIL 76.35 | TIL/task [62.6, 49.8, 61.8, 72.2, 67.2, 56.6, 63.4, 64.2, 72.2, 57.4, 79.0, 93.2, 86.0, 83.4, 95.2, 93.6, 97.0, 99.2, 96.6]
2026-07-03 10:34:10,916 [stream_mixin.py] => [stream eval] completed 20 | CIL 21.30 | TIL 77.45 | TIL/task [61.4, 52.8, 60.2, 71.4, 64.2, 56.8, 67.2, 60.4, 73.6, 59.0, 78.0, 91.2, 85.8, 86.2, 97.4, 93.2, 96.2, 98.0, 96.6, 99.4]
2026-07-03 10:34:10,917 [trainer.py] => [stream] completed-task checkpoints: [1, 3, 4, 6, 7, 9, 10, 12, 13, 15, 16, 18, 19, 20]
2026-07-03 10:34:10,917 [trainer.py] => [stream] CIL curve: [98.0, 80.87, 70.5, 52.1, 43.11, 39.51, 31.1, 32.47, 32.4, 30.07, 27.0, 20.49, 20.48, 21.3]
2026-07-03 10:34:10,917 [trainer.py] => [stream] TIL curve: [98.0, 97.6, 96.35, 94.2, 90.83, 90.87, 84.46, 89.23, 90.15, 87.75, 81.97, 76.38, 76.35, 77.45]
2026-07-03 10:34:10,917 [trainer.py] => [stream] FINAL  CIL 21.30 | TIL 77.45  (over 20 tasks)
