2026-07-03 02:38:46,512 [trainer.py] => config: ./exps/seqlora_cifar20t_sample_s1994.json
2026-07-03 02:38:46,513 [trainer.py] => dataset: cifar224
2026-07-03 02:38:46,513 [trainer.py] => memory_size: 0
2026-07-03 02:38:46,513 [trainer.py] => memory_per_class: 0
2026-07-03 02:38:46,513 [trainer.py] => fixed_memory: False
2026-07-03 02:38:46,513 [trainer.py] => shuffle: True
2026-07-03 02:38:46,513 [trainer.py] => init_cls: 5
2026-07-03 02:38:46,513 [trainer.py] => increment: 5
2026-07-03 02:38:46,513 [trainer.py] => backbone_type: vit_base_patch16_224_lora
2026-07-03 02:38:46,513 [trainer.py] => device: [device(type='cuda', index=0)]
2026-07-03 02:38:46,513 [trainer.py] => seed: 1994
2026-07-03 02:38:46,513 [trainer.py] => scenario: both
2026-07-03 02:38:46,513 [trainer.py] => lora_rank: 8
2026-07-03 02:38:46,513 [trainer.py] => lora_alpha: 32
2026-07-03 02:38:46,513 [trainer.py] => tuned_epoch: 10
2026-07-03 02:38:46,513 [trainer.py] => init_lr: 0.0003
2026-07-03 02:38:46,513 [trainer.py] => batch_size: 48
2026-07-03 02:38:46,513 [trainer.py] => weight_decay: 0.0005
2026-07-03 02:38:46,513 [trainer.py] => min_lr: 0.0
2026-07-03 02:38:46,513 [trainer.py] => pretrained: True
2026-07-03 02:38:46,513 [trainer.py] => print_forget: True
2026-07-03 02:38:46,513 [trainer.py] => model_name: seqlora
2026-07-03 02:38:46,513 [trainer.py] => lora_merge: False
2026-07-03 02:38:46,513 [trainer.py] => prefix: cifar20t_sample
2026-07-03 02:38:46,513 [trainer.py] => boundary_mode: sample
2026-07-03 02:38:46,513 [trainer.py] => boundary_mult: 1.5
2026-07-03 02:38:48,195 [data_manager.py] => [72, 6, 33, 96, 60, 94, 29, 40, 45, 66, 51, 8, 78, 49, 70, 22, 53, 82, 87, 23, 15, 89, 43, 35, 32, 25, 44, 86, 68, 83, 17, 55, 31, 85, 38, 61, 0, 16, 92, 59, 56, 19, 74, 12, 13, 88, 64, 42, 71, 46, 97, 58, 50, 41, 26, 1, 7, 69, 21, 27, 95, 14, 99, 9, 81, 10, 73, 11, 91, 36, 77, 57, 79, 47, 2, 98, 48, 20, 67, 37, 18, 65, 3, 52, 28, 39, 5, 93, 4, 62, 24, 63, 30, 84, 76, 90, 80, 75, 34, 54]
2026-07-03 02:38:50,990 [stream_mixin.py] => [stream] adapter event every 15 global epochs (C=1.5 x 10 epochs); eval after each fold on completed tasks
2026-07-03 02:46:48,539 [stream_mixin.py] => [stream eval] completed  1 | CIL 96.20 | TIL 96.20 | TIL/task [96.2]
2026-07-03 02:54:55,519 [stream_mixin.py] => [stream eval] completed  3 | CIL 83.27 | TIL 96.67 | TIL/task [93.6, 96.8, 99.6]
2026-07-03 03:03:02,099 [stream_mixin.py] => [stream eval] completed  4 | CIL 81.70 | TIL 95.10 | TIL/task [87.0, 95.2, 99.0, 99.2]
2026-07-03 03:11:20,240 [stream_mixin.py] => [stream eval] completed  6 | CIL 65.37 | TIL 95.07 | TIL/task [87.2, 94.0, 97.0, 94.0, 98.6, 99.6]
2026-07-03 03:19:35,353 [stream_mixin.py] => [stream eval] completed  7 | CIL 56.03 | TIL 92.17 | TIL/task [84.8, 88.4, 96.4, 89.2, 90.0, 98.4, 98.0]
2026-07-03 03:28:01,687 [stream_mixin.py] => [stream eval] completed  9 | CIL 50.49 | TIL 92.24 | TIL/task [82.8, 87.0, 97.2, 82.2, 90.4, 98.4, 94.4, 98.4, 99.4]
2026-07-03 03:36:24,209 [stream_mixin.py] => [stream eval] completed 10 | CIL 47.58 | TIL 90.54 | TIL/task [85.8, 86.8, 94.4, 73.0, 94.2, 96.0, 86.6, 97.2, 96.6, 94.8]
2026-07-03 03:45:03,388 [stream_mixin.py] => [stream eval] completed 12 | CIL 39.77 | TIL 90.47 | TIL/task [76.6, 87.0, 91.6, 76.2, 91.2, 96.6, 84.6, 96.0, 97.0, 91.2, 97.6, 100.0]
2026-07-03 03:54:02,655 [stream_mixin.py] => [stream eval] completed 13 | CIL 34.42 | TIL 86.68 | TIL/task [76.6, 67.4, 91.8, 85.2, 84.2, 87.8, 74.2, 89.0, 90.6, 87.0, 96.6, 96.6, 99.8]
2026-07-03 04:03:09,594 [stream_mixin.py] => [stream eval] completed 15 | CIL 32.71 | TIL 87.25 | TIL/task [81.2, 72.6, 76.6, 82.0, 79.6, 82.0, 74.4, 95.8, 91.2, 85.0, 96.2, 94.8, 99.2, 98.6, 99.6]
2026-07-03 04:12:16,264 [stream_mixin.py] => [stream eval] completed 16 | CIL 28.40 | TIL 85.42 | TIL/task [73.8, 75.2, 75.0, 70.2, 71.8, 78.0, 71.2, 97.2, 90.4, 83.6, 96.2, 91.0, 97.6, 97.6, 98.6, 99.4]
2026-07-03 04:21:28,071 [stream_mixin.py] => [stream eval] completed 18 | CIL 23.38 | TIL 84.11 | TIL/task [52.2, 71.6, 79.2, 68.8, 61.6, 78.6, 73.2, 97.4, 83.8, 80.4, 92.4, 92.6, 93.0, 96.8, 97.4, 97.0, 98.4, 99.6]
2026-07-03 04:30:46,827 [stream_mixin.py] => [stream eval] completed 19 | CIL 26.25 | TIL 84.00 | TIL/task [66.2, 68.6, 80.8, 57.4, 63.2, 67.2, 75.2, 91.0, 72.6, 83.6, 96.0, 94.2, 94.2, 96.6, 96.2, 97.2, 98.6, 98.6, 98.6]
2026-07-03 04:35:11,496 [stream_mixin.py] => [stream eval] completed 20 | CIL 28.15 | TIL 86.03 | TIL/task [69.6, 65.4, 80.2, 61.2, 70.0, 73.0, 72.8, 92.0, 82.2, 84.6, 95.8, 95.2, 93.2, 96.4, 96.6, 97.2, 98.4, 98.6, 98.8, 99.4]
2026-07-03 04:35:11,497 [trainer.py] => [stream] completed-task checkpoints: [1, 3, 4, 6, 7, 9, 10, 12, 13, 15, 16, 18, 19, 20]
2026-07-03 04:35:11,497 [trainer.py] => [stream] CIL curve: [96.2, 83.27, 81.7, 65.37, 56.03, 50.49, 47.58, 39.77, 34.42, 32.71, 28.4, 23.38, 26.25, 28.15]
2026-07-03 04:35:11,497 [trainer.py] => [stream] TIL curve: [96.2, 96.67, 95.1, 95.07, 92.17, 92.24, 90.54, 90.47, 86.68, 87.25, 85.42, 84.11, 84.0, 86.03]
2026-07-03 04:35:11,497 [trainer.py] => [stream] FINAL  CIL 28.15 | TIL 86.03  (over 20 tasks)
