2026-06-30 21:51:31,544 [trainer.py] => config: ./exps/matched_seqlora.json
2026-06-30 21:51:31,544 [trainer.py] => dataset: cifar224
2026-06-30 21:51:31,544 [trainer.py] => memory_size: 0
2026-06-30 21:51:31,544 [trainer.py] => memory_per_class: 0
2026-06-30 21:51:31,545 [trainer.py] => fixed_memory: False
2026-06-30 21:51:31,545 [trainer.py] => shuffle: True
2026-06-30 21:51:31,545 [trainer.py] => init_cls: 5
2026-06-30 21:51:31,545 [trainer.py] => increment: 5
2026-06-30 21:51:31,545 [trainer.py] => backbone_type: vit_base_patch16_224_lora
2026-06-30 21:51:31,545 [trainer.py] => device: [device(type='cuda', index=0)]
2026-06-30 21:51:31,545 [trainer.py] => seed: 1993
2026-06-30 21:51:31,545 [trainer.py] => scenario: both
2026-06-30 21:51:31,545 [trainer.py] => lora_rank: 8
2026-06-30 21:51:31,545 [trainer.py] => lora_alpha: 32
2026-06-30 21:51:31,545 [trainer.py] => tuned_epoch: 10
2026-06-30 21:51:31,545 [trainer.py] => init_lr: 0.0003
2026-06-30 21:51:31,545 [trainer.py] => batch_size: 48
2026-06-30 21:51:31,545 [trainer.py] => weight_decay: 0.0005
2026-06-30 21:51:31,545 [trainer.py] => min_lr: 0.0
2026-06-30 21:51:31,545 [trainer.py] => pretrained: True
2026-06-30 21:51:31,545 [trainer.py] => print_forget: True
2026-06-30 21:51:31,545 [trainer.py] => model_name: seqlora
2026-06-30 21:51:31,545 [trainer.py] => lora_merge: False
2026-06-30 21:51:31,545 [trainer.py] => prefix: matched_seqlora
2026-06-30 21:51:33,236 [data_manager.py] => [68, 56, 78, 8, 23, 84, 90, 65, 74, 76, 40, 89, 3, 92, 55, 9, 26, 80, 43, 38, 58, 70, 77, 1, 85, 19, 17, 50, 28, 53, 13, 81, 45, 82, 6, 59, 83, 16, 15, 44, 91, 41, 72, 60, 79, 52, 20, 10, 31, 54, 37, 95, 14, 71, 96, 98, 97, 2, 64, 66, 42, 22, 35, 86, 24, 34, 87, 21, 99, 0, 88, 27, 18, 94, 11, 12, 47, 25, 30, 46, 62, 69, 36, 61, 7, 63, 75, 5, 32, 4, 51, 48, 73, 93, 39, 67, 29, 49, 57, 33]
2026-06-30 21:51:35,825 [trainer.py] => All params: 91696896
2026-06-30 21:51:35,827 [trainer.py] => Trainable params: 5898240
2026-06-30 21:51:36,318 [lora.py] => Learning on 0-5
2026-06-30 21:51:36,324 [lora.py] => Trainable params this task: 298,757 / 91,700,741
2026-06-30 21:54:11,283 [lora.py] => Task 0 finished. Train_accy 96.36
2026-06-30 21:54:15,632 [til_base.py] => TIL top1: 99.8
2026-06-30 21:54:15,632 [til_base.py] => CIL top1: 99.8 | TIL top1: 99.8
2026-06-30 21:54:15,632 [trainer.py] => No NME accuracy.
2026-06-30 21:54:15,632 [trainer.py] => CNN: {'total': np.float64(99.8), '00-04': np.float64(99.8), 'old': 0, 'new': np.float64(99.8)}
2026-06-30 21:54:15,633 [trainer.py] => CNN top1 curve: [np.float64(99.8)]
2026-06-30 21:54:15,633 [trainer.py] => CNN top5 curve: [np.float64(100.0)]

2026-06-30 21:54:15,633 [trainer.py] => Average Accuracy (CNN): 99.8 

2026-06-30 21:54:15,639 [trainer.py] => All params: 91700741
2026-06-30 21:54:15,644 [trainer.py] => Trainable params: 298757
2026-06-30 21:54:15,645 [lora.py] => Learning on 5-10
2026-06-30 21:54:15,661 [lora.py] => Trainable params this task: 302,602 / 91,704,586
2026-06-30 21:56:50,371 [lora.py] => Task 1 finished. Train_accy 95.24
2026-06-30 21:56:58,332 [til_base.py] => TIL top1: 99.0
2026-06-30 21:56:58,332 [til_base.py] => CIL top1: 95.8 | TIL top1: 99.0
2026-06-30 21:56:58,333 [trainer.py] => No NME accuracy.
2026-06-30 21:56:58,333 [trainer.py] => CNN: {'total': np.float64(95.8), '00-04': np.float64(94.4), '05-09': np.float64(97.2), 'old': np.float64(94.4), 'new': np.float64(97.2)}
2026-06-30 21:56:58,333 [trainer.py] => CNN top1 curve: [np.float64(99.8), np.float64(95.8)]
2026-06-30 21:56:58,333 [trainer.py] => CNN top5 curve: [np.float64(100.0), np.float64(99.7)]

2026-06-30 21:56:58,333 [trainer.py] => Average Accuracy (CNN): 97.8 

2026-06-30 21:56:58,340 [trainer.py] => All params: 91704586
2026-06-30 21:56:58,344 [trainer.py] => Trainable params: 302602
2026-06-30 21:56:58,346 [lora.py] => Learning on 10-15
2026-06-30 21:56:58,361 [lora.py] => Trainable params this task: 306,447 / 91,708,431
2026-06-30 21:59:33,166 [lora.py] => Task 2 finished. Train_accy 94.68
2026-06-30 21:59:44,779 [til_base.py] => TIL top1: 98.27
2026-06-30 21:59:44,779 [til_base.py] => CIL top1: 88.33 | TIL top1: 98.27
2026-06-30 21:59:44,779 [trainer.py] => No NME accuracy.
2026-06-30 21:59:44,779 [trainer.py] => CNN: {'total': np.float64(88.33), '00-04': np.float64(85.0), '05-09': np.float64(83.4), '10-14': np.float64(96.6), 'old': np.float64(84.2), 'new': np.float64(96.6)}
2026-06-30 21:59:44,779 [trainer.py] => CNN top1 curve: [np.float64(99.8), np.float64(95.8), np.float64(88.33)]
2026-06-30 21:59:44,779 [trainer.py] => CNN top5 curve: [np.float64(100.0), np.float64(99.7), np.float64(99.0)]

2026-06-30 21:59:44,780 [trainer.py] => Average Accuracy (CNN): 94.64333333333333 

2026-06-30 21:59:44,785 [trainer.py] => All params: 91708431
2026-06-30 21:59:44,788 [trainer.py] => Trainable params: 306447
2026-06-30 21:59:44,790 [lora.py] => Learning on 15-20
2026-06-30 21:59:44,802 [lora.py] => Trainable params this task: 310,292 / 91,712,276
2026-06-30 22:02:19,561 [lora.py] => Task 3 finished. Train_accy 94.84
2026-06-30 22:02:34,787 [til_base.py] => TIL top1: 98.15
2026-06-30 22:02:34,788 [til_base.py] => CIL top1: 82.25 | TIL top1: 98.15
2026-06-30 22:02:34,788 [trainer.py] => No NME accuracy.
2026-06-30 22:02:34,788 [trainer.py] => CNN: {'total': np.float64(82.25), '00-04': np.float64(72.6), '05-09': np.float64(70.6), '10-14': np.float64(92.2), '15-19': np.float64(93.6), 'old': np.float64(78.47), 'new': np.float64(93.6)}
2026-06-30 22:02:34,788 [trainer.py] => CNN top1 curve: [np.float64(99.8), np.float64(95.8), np.float64(88.33), np.float64(82.25)]
2026-06-30 22:02:34,788 [trainer.py] => CNN top5 curve: [np.float64(100.0), np.float64(99.7), np.float64(99.0), np.float64(98.65)]

2026-06-30 22:02:34,788 [trainer.py] => Average Accuracy (CNN): 91.545 

2026-06-30 22:02:34,793 [trainer.py] => All params: 91712276
2026-06-30 22:02:34,796 [trainer.py] => Trainable params: 310292
2026-06-30 22:02:34,797 [lora.py] => Learning on 20-25
2026-06-30 22:02:34,809 [lora.py] => Trainable params this task: 314,137 / 91,716,121
2026-06-30 22:05:09,423 [lora.py] => Task 4 finished. Train_accy 97.92
2026-06-30 22:05:28,201 [til_base.py] => TIL top1: 98.04
2026-06-30 22:05:28,201 [til_base.py] => CIL top1: 76.12 | TIL top1: 98.04
2026-06-30 22:05:28,201 [trainer.py] => No NME accuracy.
2026-06-30 22:05:28,201 [trainer.py] => CNN: {'total': np.float64(76.12), '00-04': np.float64(65.0), '05-09': np.float64(58.6), '10-14': np.float64(77.4), '15-19': np.float64(85.8), '20-24': np.float64(93.8), 'old': np.float64(71.7), 'new': np.float64(93.8)}
2026-06-30 22:05:28,201 [trainer.py] => CNN top1 curve: [np.float64(99.8), np.float64(95.8), np.float64(88.33), np.float64(82.25), np.float64(76.12)]
2026-06-30 22:05:28,201 [trainer.py] => CNN top5 curve: [np.float64(100.0), np.float64(99.7), np.float64(99.0), np.float64(98.65), np.float64(97.48)]

2026-06-30 22:05:28,201 [trainer.py] => Average Accuracy (CNN): 88.46000000000001 

2026-06-30 22:05:28,206 [trainer.py] => All params: 91716121
2026-06-30 22:05:28,210 [trainer.py] => Trainable params: 314137
2026-06-30 22:05:28,211 [lora.py] => Learning on 25-30
2026-06-30 22:05:28,223 [lora.py] => Trainable params this task: 317,982 / 91,719,966
2026-06-30 22:08:02,877 [lora.py] => Task 5 finished. Train_accy 97.80
2026-06-30 22:08:25,292 [til_base.py] => TIL top1: 97.63
2026-06-30 22:08:25,292 [til_base.py] => CIL top1: 67.83 | TIL top1: 97.63
2026-06-30 22:08:25,292 [trainer.py] => No NME accuracy.
2026-06-30 22:08:25,292 [trainer.py] => CNN: {'total': np.float64(67.83), '00-04': np.float64(47.4), '05-09': np.float64(49.8), '10-14': np.float64(58.0), '15-19': np.float64(72.0), '20-24': np.float64(82.0), '25-29': np.float64(97.8), 'old': np.float64(61.84), 'new': np.float64(97.8)}
2026-06-30 22:08:25,292 [trainer.py] => CNN top1 curve: [np.float64(99.8), np.float64(95.8), np.float64(88.33), np.float64(82.25), np.float64(76.12), np.float64(67.83)]
2026-06-30 22:08:25,292 [trainer.py] => CNN top5 curve: [np.float64(100.0), np.float64(99.7), np.float64(99.0), np.float64(98.65), np.float64(97.48), np.float64(96.23)]

2026-06-30 22:08:25,292 [trainer.py] => Average Accuracy (CNN): 85.02166666666666 

2026-06-30 22:08:25,295 [trainer.py] => All params: 91719966
2026-06-30 22:08:25,298 [trainer.py] => Trainable params: 317982
2026-06-30 22:08:25,299 [lora.py] => Learning on 30-35
2026-06-30 22:08:25,306 [lora.py] => Trainable params this task: 321,827 / 91,723,811
2026-06-30 22:11:00,141 [lora.py] => Task 6 finished. Train_accy 94.76
2026-06-30 22:11:26,298 [til_base.py] => TIL top1: 96.69
2026-06-30 22:11:26,299 [til_base.py] => CIL top1: 64.2 | TIL top1: 96.69
2026-06-30 22:11:26,299 [trainer.py] => No NME accuracy.
2026-06-30 22:11:26,299 [trainer.py] => CNN: {'total': np.float64(64.2), '00-04': np.float64(43.2), '05-09': np.float64(40.0), '10-14': np.float64(61.4), '15-19': np.float64(57.6), '20-24': np.float64(73.2), '25-29': np.float64(96.8), '30-34': np.float64(77.2), 'old': np.float64(62.03), 'new': np.float64(77.2)}
2026-06-30 22:11:26,299 [trainer.py] => CNN top1 curve: [np.float64(99.8), np.float64(95.8), np.float64(88.33), np.float64(82.25), np.float64(76.12), np.float64(67.83), np.float64(64.2)]
2026-06-30 22:11:26,299 [trainer.py] => CNN top5 curve: [np.float64(100.0), np.float64(99.7), np.float64(99.0), np.float64(98.65), np.float64(97.48), np.float64(96.23), np.float64(94.31)]

2026-06-30 22:11:26,299 [trainer.py] => Average Accuracy (CNN): 82.04714285714286 

2026-06-30 22:11:26,306 [trainer.py] => All params: 91723811
2026-06-30 22:11:26,310 [trainer.py] => Trainable params: 321827
2026-06-30 22:11:26,312 [lora.py] => Learning on 35-40
2026-06-30 22:11:26,327 [lora.py] => Trainable params this task: 325,672 / 91,727,656
2026-06-30 22:14:01,273 [lora.py] => Task 7 finished. Train_accy 97.04
2026-06-30 22:14:31,015 [til_base.py] => TIL top1: 96.5
2026-06-30 22:14:31,015 [til_base.py] => CIL top1: 56.12 | TIL top1: 96.5
2026-06-30 22:14:31,015 [trainer.py] => No NME accuracy.
2026-06-30 22:14:31,015 [trainer.py] => CNN: {'total': np.float64(56.12), '00-04': np.float64(22.6), '05-09': np.float64(28.0), '10-14': np.float64(55.6), '15-19': np.float64(42.4), '20-24': np.float64(64.6), '25-29': np.float64(87.4), '30-34': np.float64(53.0), '35-39': np.float64(95.4), 'old': np.float64(50.51), 'new': np.float64(95.4)}
2026-06-30 22:14:31,015 [trainer.py] => CNN top1 curve: [np.float64(99.8), np.float64(95.8), np.float64(88.33), np.float64(82.25), np.float64(76.12), np.float64(67.83), np.float64(64.2), np.float64(56.12)]
2026-06-30 22:14:31,015 [trainer.py] => CNN top5 curve: [np.float64(100.0), np.float64(99.7), np.float64(99.0), np.float64(98.65), np.float64(97.48), np.float64(96.23), np.float64(94.31), np.float64(91.2)]

2026-06-30 22:14:31,015 [trainer.py] => Average Accuracy (CNN): 78.80625 

2026-06-30 22:14:31,019 [trainer.py] => All params: 91727656
2026-06-30 22:14:31,021 [trainer.py] => Trainable params: 325672
2026-06-30 22:14:31,022 [lora.py] => Learning on 40-45
2026-06-30 22:14:31,029 [lora.py] => Trainable params this task: 329,517 / 91,731,501
2026-06-30 22:17:05,998 [lora.py] => Task 8 finished. Train_accy 97.04
2026-06-30 22:17:39,460 [til_base.py] => TIL top1: 95.87
2026-06-30 22:17:39,460 [til_base.py] => CIL top1: 51.38 | TIL top1: 95.87
2026-06-30 22:17:39,460 [trainer.py] => No NME accuracy.
2026-06-30 22:17:39,460 [trainer.py] => CNN: {'total': np.float64(51.38), '00-04': np.float64(5.2), '05-09': np.float64(24.0), '10-14': np.float64(28.4), '15-19': np.float64(44.8), '20-24': np.float64(39.2), '25-29': np.float64(86.0), '30-34': np.float64(47.4), '35-39': np.float64(88.8), '40-44': np.float64(98.6), 'old': np.float64(45.48), 'new': np.float64(98.6)}
2026-06-30 22:17:39,460 [trainer.py] => CNN top1 curve: [np.float64(99.8), np.float64(95.8), np.float64(88.33), np.float64(82.25), np.float64(76.12), np.float64(67.83), np.float64(64.2), np.float64(56.12), np.float64(51.38)]
2026-06-30 22:17:39,460 [trainer.py] => CNN top5 curve: [np.float64(100.0), np.float64(99.7), np.float64(99.0), np.float64(98.65), np.float64(97.48), np.float64(96.23), np.float64(94.31), np.float64(91.2), np.float64(88.84)]

2026-06-30 22:17:39,460 [trainer.py] => Average Accuracy (CNN): 75.75888888888889 

2026-06-30 22:17:39,464 [trainer.py] => All params: 91731501
2026-06-30 22:17:39,466 [trainer.py] => Trainable params: 329517
2026-06-30 22:17:39,466 [lora.py] => Learning on 45-50
2026-06-30 22:17:39,474 [lora.py] => Trainable params this task: 333,362 / 91,735,346
2026-06-30 22:20:14,621 [lora.py] => Task 9 finished. Train_accy 98.44
2026-06-30 22:20:51,763 [til_base.py] => TIL top1: 95.12
2026-06-30 22:20:51,763 [til_base.py] => CIL top1: 43.98 | TIL top1: 95.12
2026-06-30 22:20:51,763 [trainer.py] => No NME accuracy.
2026-06-30 22:20:51,763 [trainer.py] => CNN: {'total': np.float64(43.98), '00-04': np.float64(3.8), '05-09': np.float64(13.2), '10-14': np.float64(15.8), '15-19': np.float64(25.8), '20-24': np.float64(24.8), '25-29': np.float64(70.2), '30-34': np.float64(46.8), '35-39': np.float64(65.2), '40-44': np.float64(87.0), '45-49': np.float64(87.2), 'old': np.float64(39.18), 'new': np.float64(87.2)}
2026-06-30 22:20:51,763 [trainer.py] => CNN top1 curve: [np.float64(99.8), np.float64(95.8), np.float64(88.33), np.float64(82.25), np.float64(76.12), np.float64(67.83), np.float64(64.2), np.float64(56.12), np.float64(51.38), np.float64(43.98)]
2026-06-30 22:20:51,764 [trainer.py] => CNN top5 curve: [np.float64(100.0), np.float64(99.7), np.float64(99.0), np.float64(98.65), np.float64(97.48), np.float64(96.23), np.float64(94.31), np.float64(91.2), np.float64(88.84), np.float64(82.28)]

2026-06-30 22:20:51,764 [trainer.py] => Average Accuracy (CNN): 72.581 

2026-06-30 22:20:51,770 [trainer.py] => All params: 91735346
2026-06-30 22:20:51,774 [trainer.py] => Trainable params: 333362
2026-06-30 22:20:51,776 [lora.py] => Learning on 50-55
2026-06-30 22:20:51,792 [lora.py] => Trainable params this task: 337,207 / 91,739,191
2026-06-30 22:23:26,990 [lora.py] => Task 10 finished. Train_accy 97.52
2026-06-30 22:24:07,823 [til_base.py] => TIL top1: 96.55
2026-06-30 22:24:07,823 [til_base.py] => CIL top1: 49.6 | TIL top1: 96.55
2026-06-30 22:24:07,823 [trainer.py] => No NME accuracy.
2026-06-30 22:24:07,823 [trainer.py] => CNN: {'total': np.float64(49.6), '00-04': np.float64(9.0), '05-09': np.float64(16.8), '10-14': np.float64(32.0), '15-19': np.float64(33.2), '20-24': np.float64(44.2), '25-29': np.float64(69.8), '30-34': np.float64(42.0), '35-39': np.float64(66.2), '40-44': np.float64(87.4), '45-49': np.float64(83.2), '50-54': np.float64(61.8), 'old': np.float64(48.38), 'new': np.float64(61.8)}
2026-06-30 22:24:07,823 [trainer.py] => CNN top1 curve: [np.float64(99.8), np.float64(95.8), np.float64(88.33), np.float64(82.25), np.float64(76.12), np.float64(67.83), np.float64(64.2), np.float64(56.12), np.float64(51.38), np.float64(43.98), np.float64(49.6)]
2026-06-30 22:24:07,823 [trainer.py] => CNN top5 curve: [np.float64(100.0), np.float64(99.7), np.float64(99.0), np.float64(98.65), np.float64(97.48), np.float64(96.23), np.float64(94.31), np.float64(91.2), np.float64(88.84), np.float64(82.28), np.float64(88.02)]

2026-06-30 22:24:07,823 [trainer.py] => Average Accuracy (CNN): 70.49181818181819 

2026-06-30 22:24:07,826 [trainer.py] => All params: 91739191
2026-06-30 22:24:07,829 [trainer.py] => Trainable params: 337207
2026-06-30 22:24:07,830 [lora.py] => Learning on 55-60
2026-06-30 22:24:07,837 [lora.py] => Trainable params this task: 341,052 / 91,743,036
2026-06-30 22:26:42,778 [lora.py] => Task 11 finished. Train_accy 92.52
2026-06-30 22:27:27,176 [til_base.py] => TIL top1: 93.68
2026-06-30 22:27:27,176 [til_base.py] => CIL top1: 47.75 | TIL top1: 93.68
2026-06-30 22:27:27,176 [trainer.py] => No NME accuracy.
2026-06-30 22:27:27,177 [trainer.py] => CNN: {'total': np.float64(47.75), '00-04': np.float64(2.8), '05-09': np.float64(5.6), '10-14': np.float64(33.6), '15-19': np.float64(38.4), '20-24': np.float64(33.6), '25-29': np.float64(65.4), '30-34': np.float64(40.4), '35-39': np.float64(60.0), '40-44': np.float64(81.6), '45-49': np.float64(73.0), '50-54': np.float64(43.8), '55-59': np.float64(94.8), 'old': np.float64(43.47), 'new': np.float64(94.8)}
2026-06-30 22:27:27,177 [trainer.py] => CNN top1 curve: [np.float64(99.8), np.float64(95.8), np.float64(88.33), np.float64(82.25), np.float64(76.12), np.float64(67.83), np.float64(64.2), np.float64(56.12), np.float64(51.38), np.float64(43.98), np.float64(49.6), np.float64(47.75)]
2026-06-30 22:27:27,177 [trainer.py] => CNN top5 curve: [np.float64(100.0), np.float64(99.7), np.float64(99.0), np.float64(98.65), np.float64(97.48), np.float64(96.23), np.float64(94.31), np.float64(91.2), np.float64(88.84), np.float64(82.28), np.float64(88.02), np.float64(79.85)]

2026-06-30 22:27:27,177 [trainer.py] => Average Accuracy (CNN): 68.59666666666668 

2026-06-30 22:27:27,180 [trainer.py] => All params: 91743036
2026-06-30 22:27:27,182 [trainer.py] => Trainable params: 341052
2026-06-30 22:27:27,183 [lora.py] => Learning on 60-65
2026-06-30 22:27:27,190 [lora.py] => Trainable params this task: 344,897 / 91,746,881
2026-06-30 22:30:02,328 [lora.py] => Task 12 finished. Train_accy 96.56
2026-06-30 22:30:50,416 [til_base.py] => TIL top1: 94.86
2026-06-30 22:30:50,416 [til_base.py] => CIL top1: 46.22 | TIL top1: 94.86
2026-06-30 22:30:50,416 [trainer.py] => No NME accuracy.
2026-06-30 22:30:50,416 [trainer.py] => CNN: {'total': np.float64(46.22), '00-04': np.float64(15.2), '05-09': np.float64(11.2), '10-14': np.float64(35.6), '15-19': np.float64(12.6), '20-24': np.float64(42.2), '25-29': np.float64(60.2), '30-34': np.float64(35.8), '35-39': np.float64(55.8), '40-44': np.float64(78.0), '45-49': np.float64(56.2), '50-54': np.float64(41.0), '55-59': np.float64(66.8), '60-64': np.float64(90.2), 'old': np.float64(42.55), 'new': np.float64(90.2)}
2026-06-30 22:30:50,416 [trainer.py] => CNN top1 curve: [np.float64(99.8), np.float64(95.8), np.float64(88.33), np.float64(82.25), np.float64(76.12), np.float64(67.83), np.float64(64.2), np.float64(56.12), np.float64(51.38), np.float64(43.98), np.float64(49.6), np.float64(47.75), np.float64(46.22)]
2026-06-30 22:30:50,416 [trainer.py] => CNN top5 curve: [np.float64(100.0), np.float64(99.7), np.float64(99.0), np.float64(98.65), np.float64(97.48), np.float64(96.23), np.float64(94.31), np.float64(91.2), np.float64(88.84), np.float64(82.28), np.float64(88.02), np.float64(79.85), np.float64(82.43)]

2026-06-30 22:30:50,416 [trainer.py] => Average Accuracy (CNN): 66.87538461538462 

2026-06-30 22:30:50,420 [trainer.py] => All params: 91746881
2026-06-30 22:30:50,422 [trainer.py] => Trainable params: 344897
2026-06-30 22:30:50,423 [lora.py] => Learning on 65-70
2026-06-30 22:30:50,430 [lora.py] => Trainable params this task: 348,742 / 91,750,726
2026-06-30 22:33:25,360 [lora.py] => Task 13 finished. Train_accy 98.32
2026-06-30 22:34:17,105 [til_base.py] => TIL top1: 94.21
2026-06-30 22:34:17,105 [til_base.py] => CIL top1: 43.51 | TIL top1: 94.21
2026-06-30 22:34:17,105 [trainer.py] => No NME accuracy.
2026-06-30 22:34:17,105 [trainer.py] => CNN: {'total': np.float64(43.51), '00-04': np.float64(6.4), '05-09': np.float64(2.8), '10-14': np.float64(29.2), '15-19': np.float64(11.2), '20-24': np.float64(40.6), '25-29': np.float64(55.4), '30-34': np.float64(24.6), '35-39': np.float64(49.4), '40-44': np.float64(77.2), '45-49': np.float64(53.6), '50-54': np.float64(26.4), '55-59': np.float64(66.2), '60-64': np.float64(79.8), '65-69': np.float64(86.4), 'old': np.float64(40.22), 'new': np.float64(86.4)}
2026-06-30 22:34:17,105 [trainer.py] => CNN top1 curve: [np.float64(99.8), np.float64(95.8), np.float64(88.33), np.float64(82.25), np.float64(76.12), np.float64(67.83), np.float64(64.2), np.float64(56.12), np.float64(51.38), np.float64(43.98), np.float64(49.6), np.float64(47.75), np.float64(46.22), np.float64(43.51)]
2026-06-30 22:34:17,105 [trainer.py] => CNN top5 curve: [np.float64(100.0), np.float64(99.7), np.float64(99.0), np.float64(98.65), np.float64(97.48), np.float64(96.23), np.float64(94.31), np.float64(91.2), np.float64(88.84), np.float64(82.28), np.float64(88.02), np.float64(79.85), np.float64(82.43), np.float64(78.91)]

2026-06-30 22:34:17,105 [trainer.py] => Average Accuracy (CNN): 65.20642857142857 

2026-06-30 22:34:17,110 [trainer.py] => All params: 91750726
2026-06-30 22:34:17,114 [trainer.py] => Trainable params: 348742
2026-06-30 22:34:17,116 [lora.py] => Learning on 70-75
2026-06-30 22:34:17,128 [lora.py] => Trainable params this task: 352,587 / 91,754,571
2026-06-30 22:36:51,712 [lora.py] => Task 14 finished. Train_accy 97.24
2026-06-30 22:37:46,913 [til_base.py] => TIL top1: 94.07
2026-06-30 22:37:46,913 [til_base.py] => CIL top1: 45.04 | TIL top1: 94.07
2026-06-30 22:37:46,913 [trainer.py] => No NME accuracy.
2026-06-30 22:37:46,913 [trainer.py] => CNN: {'total': np.float64(45.04), '00-04': np.float64(15.8), '05-09': np.float64(11.8), '10-14': np.float64(39.4), '15-19': np.float64(14.4), '20-24': np.float64(44.0), '25-29': np.float64(49.6), '30-34': np.float64(33.0), '35-39': np.float64(40.6), '40-44': np.float64(73.0), '45-49': np.float64(48.2), '50-54': np.float64(37.8), '55-59': np.float64(43.0), '60-64': np.float64(67.4), '65-69': np.float64(87.4), '70-74': np.float64(70.2), 'old': np.float64(43.24), 'new': np.float64(70.2)}
2026-06-30 22:37:46,913 [trainer.py] => CNN top1 curve: [np.float64(99.8), np.float64(95.8), np.float64(88.33), np.float64(82.25), np.float64(76.12), np.float64(67.83), np.float64(64.2), np.float64(56.12), np.float64(51.38), np.float64(43.98), np.float64(49.6), np.float64(47.75), np.float64(46.22), np.float64(43.51), np.float64(45.04)]
2026-06-30 22:37:46,913 [trainer.py] => CNN top5 curve: [np.float64(100.0), np.float64(99.7), np.float64(99.0), np.float64(98.65), np.float64(97.48), np.float64(96.23), np.float64(94.31), np.float64(91.2), np.float64(88.84), np.float64(82.28), np.float64(88.02), np.float64(79.85), np.float64(82.43), np.float64(78.91), np.float64(80.29)]

2026-06-30 22:37:46,913 [trainer.py] => Average Accuracy (CNN): 63.862 

2026-06-30 22:37:46,917 [trainer.py] => All params: 91754571
2026-06-30 22:37:46,919 [trainer.py] => Trainable params: 352587
2026-06-30 22:37:46,920 [lora.py] => Learning on 75-80
2026-06-30 22:37:46,927 [lora.py] => Trainable params this task: 356,432 / 91,758,416
2026-06-30 22:40:21,909 [lora.py] => Task 15 finished. Train_accy 96.96
2026-06-30 22:41:20,983 [til_base.py] => TIL top1: 95.35
2026-06-30 22:41:20,983 [til_base.py] => CIL top1: 43.99 | TIL top1: 95.35
2026-06-30 22:41:20,983 [trainer.py] => No NME accuracy.
2026-06-30 22:41:20,984 [trainer.py] => CNN: {'total': np.float64(43.99), '00-04': np.float64(11.2), '05-09': np.float64(12.4), '10-14': np.float64(39.8), '15-19': np.float64(17.6), '20-24': np.float64(43.4), '25-29': np.float64(56.8), '30-34': np.float64(36.4), '35-39': np.float64(31.8), '40-44': np.float64(71.2), '45-49': np.float64(29.4), '50-54': np.float64(27.0), '55-59': np.float64(48.4), '60-64': np.float64(65.8), '65-69': np.float64(77.8), '70-74': np.float64(47.6), '75-79': np.float64(87.2), 'old': np.float64(41.11), 'new': np.float64(87.2)}
2026-06-30 22:41:20,984 [trainer.py] => CNN top1 curve: [np.float64(99.8), np.float64(95.8), np.float64(88.33), np.float64(82.25), np.float64(76.12), np.float64(67.83), np.float64(64.2), np.float64(56.12), np.float64(51.38), np.float64(43.98), np.float64(49.6), np.float64(47.75), np.float64(46.22), np.float64(43.51), np.float64(45.04), np.float64(43.99)]
2026-06-30 22:41:20,984 [trainer.py] => CNN top5 curve: [np.float64(100.0), np.float64(99.7), np.float64(99.0), np.float64(98.65), np.float64(97.48), np.float64(96.23), np.float64(94.31), np.float64(91.2), np.float64(88.84), np.float64(82.28), np.float64(88.02), np.float64(79.85), np.float64(82.43), np.float64(78.91), np.float64(80.29), np.float64(81.66)]

2026-06-30 22:41:20,984 [trainer.py] => Average Accuracy (CNN): 62.620000000000005 

2026-06-30 22:41:20,989 [trainer.py] => All params: 91758416
2026-06-30 22:41:20,992 [trainer.py] => Trainable params: 356432
2026-06-30 22:41:20,994 [lora.py] => Learning on 80-85
2026-06-30 22:41:21,006 [lora.py] => Trainable params this task: 360,277 / 91,762,261
2026-06-30 22:43:56,384 [lora.py] => Task 16 finished. Train_accy 97.44
2026-06-30 22:44:59,232 [til_base.py] => TIL top1: 95.98
2026-06-30 22:44:59,233 [til_base.py] => CIL top1: 42.85 | TIL top1: 95.98
2026-06-30 22:44:59,233 [trainer.py] => No NME accuracy.
2026-06-30 22:44:59,233 [trainer.py] => CNN: {'total': np.float64(42.85), '00-04': np.float64(3.0), '05-09': np.float64(13.2), '10-14': np.float64(33.2), '15-19': np.float64(14.4), '20-24': np.float64(44.6), '25-29': np.float64(53.6), '30-34': np.float64(20.6), '35-39': np.float64(35.8), '40-44': np.float64(65.2), '45-49': np.float64(34.8), '50-54': np.float64(37.4), '55-59': np.float64(44.0), '60-64': np.float64(42.8), '65-69': np.float64(78.8), '70-74': np.float64(47.2), '75-79': np.float64(67.8), '80-84': np.float64(92.0), 'old': np.float64(39.78), 'new': np.float64(92.0)}
2026-06-30 22:44:59,233 [trainer.py] => CNN top1 curve: [np.float64(99.8), np.float64(95.8), np.float64(88.33), np.float64(82.25), np.float64(76.12), np.float64(67.83), np.float64(64.2), np.float64(56.12), np.float64(51.38), np.float64(43.98), np.float64(49.6), np.float64(47.75), np.float64(46.22), np.float64(43.51), np.float64(45.04), np.float64(43.99), np.float64(42.85)]
2026-06-30 22:44:59,233 [trainer.py] => CNN top5 curve: [np.float64(100.0), np.float64(99.7), np.float64(99.0), np.float64(98.65), np.float64(97.48), np.float64(96.23), np.float64(94.31), np.float64(91.2), np.float64(88.84), np.float64(82.28), np.float64(88.02), np.float64(79.85), np.float64(82.43), np.float64(78.91), np.float64(80.29), np.float64(81.66), np.float64(80.47)]

2026-06-30 22:44:59,233 [trainer.py] => Average Accuracy (CNN): 61.45705882352941 

2026-06-30 22:44:59,236 [trainer.py] => All params: 91762261
2026-06-30 22:44:59,238 [trainer.py] => Trainable params: 360277
2026-06-30 22:44:59,239 [lora.py] => Learning on 85-90
2026-06-30 22:44:59,247 [lora.py] => Trainable params this task: 364,122 / 91,766,106
2026-06-30 22:47:34,483 [lora.py] => Task 17 finished. Train_accy 95.20
2026-06-30 22:48:41,069 [til_base.py] => TIL top1: 95.04
2026-06-30 22:48:41,069 [til_base.py] => CIL top1: 43.49 | TIL top1: 95.04
2026-06-30 22:48:41,069 [trainer.py] => No NME accuracy.
2026-06-30 22:48:41,069 [trainer.py] => CNN: {'total': np.float64(43.49), '00-04': np.float64(7.6), '05-09': np.float64(10.2), '10-14': np.float64(32.8), '15-19': np.float64(11.8), '20-24': np.float64(50.2), '25-29': np.float64(59.4), '30-34': np.float64(30.2), '35-39': np.float64(31.2), '40-44': np.float64(61.8), '45-49': np.float64(33.6), '50-54': np.float64(28.4), '55-59': np.float64(48.0), '60-64': np.float64(46.0), '65-69': np.float64(72.2), '70-74': np.float64(41.2), '75-79': np.float64(51.0), '80-84': np.float64(84.8), '85-89': np.float64(82.4), 'old': np.float64(41.2), 'new': np.float64(82.4)}
2026-06-30 22:48:41,069 [trainer.py] => CNN top1 curve: [np.float64(99.8), np.float64(95.8), np.float64(88.33), np.float64(82.25), np.float64(76.12), np.float64(67.83), np.float64(64.2), np.float64(56.12), np.float64(51.38), np.float64(43.98), np.float64(49.6), np.float64(47.75), np.float64(46.22), np.float64(43.51), np.float64(45.04), np.float64(43.99), np.float64(42.85), np.float64(43.49)]
2026-06-30 22:48:41,070 [trainer.py] => CNN top5 curve: [np.float64(100.0), np.float64(99.7), np.float64(99.0), np.float64(98.65), np.float64(97.48), np.float64(96.23), np.float64(94.31), np.float64(91.2), np.float64(88.84), np.float64(82.28), np.float64(88.02), np.float64(79.85), np.float64(82.43), np.float64(78.91), np.float64(80.29), np.float64(81.66), np.float64(80.47), np.float64(77.52)]

2026-06-30 22:48:41,070 [trainer.py] => Average Accuracy (CNN): 60.458888888888886 

2026-06-30 22:48:41,076 [trainer.py] => All params: 91766106
2026-06-30 22:48:41,081 [trainer.py] => Trainable params: 364122
2026-06-30 22:48:41,083 [lora.py] => Learning on 90-95
2026-06-30 22:48:41,099 [lora.py] => Trainable params this task: 367,967 / 91,769,951
2026-06-30 22:51:16,385 [lora.py] => Task 18 finished. Train_accy 96.80
2026-06-30 22:52:26,513 [til_base.py] => TIL top1: 94.98
2026-06-30 22:52:26,513 [til_base.py] => CIL top1: 44.58 | TIL top1: 94.98
2026-06-30 22:52:26,513 [trainer.py] => No NME accuracy.
2026-06-30 22:52:26,513 [trainer.py] => CNN: {'total': np.float64(44.58), '00-04': np.float64(9.6), '05-09': np.float64(10.2), '10-14': np.float64(32.6), '15-19': np.float64(21.4), '20-24': np.float64(45.2), '25-29': np.float64(56.6), '30-34': np.float64(38.6), '35-39': np.float64(41.6), '40-44': np.float64(51.8), '45-49': np.float64(46.8), '50-54': np.float64(30.8), '55-59': np.float64(42.0), '60-64': np.float64(41.8), '65-69': np.float64(59.2), '70-74': np.float64(36.4), '75-79': np.float64(55.6), '80-84': np.float64(74.0), '85-89': np.float64(59.8), '90-94': np.float64(93.0), 'old': np.float64(41.89), 'new': np.float64(93.0)}
2026-06-30 22:52:26,514 [trainer.py] => CNN top1 curve: [np.float64(99.8), np.float64(95.8), np.float64(88.33), np.float64(82.25), np.float64(76.12), np.float64(67.83), np.float64(64.2), np.float64(56.12), np.float64(51.38), np.float64(43.98), np.float64(49.6), np.float64(47.75), np.float64(46.22), np.float64(43.51), np.float64(45.04), np.float64(43.99), np.float64(42.85), np.float64(43.49), np.float64(44.58)]
2026-06-30 22:52:26,514 [trainer.py] => CNN top5 curve: [np.float64(100.0), np.float64(99.7), np.float64(99.0), np.float64(98.65), np.float64(97.48), np.float64(96.23), np.float64(94.31), np.float64(91.2), np.float64(88.84), np.float64(82.28), np.float64(88.02), np.float64(79.85), np.float64(82.43), np.float64(78.91), np.float64(80.29), np.float64(81.66), np.float64(80.47), np.float64(77.52), np.float64(78.41)]

2026-06-30 22:52:26,514 [trainer.py] => Average Accuracy (CNN): 59.623157894736835 

2026-06-30 22:52:26,517 [trainer.py] => All params: 91769951
2026-06-30 22:52:26,519 [trainer.py] => Trainable params: 367967
2026-06-30 22:52:26,520 [lora.py] => Learning on 95-100
2026-06-30 22:52:26,527 [lora.py] => Trainable params this task: 371,812 / 91,773,796
2026-06-30 22:55:01,820 [lora.py] => Task 19 finished. Train_accy 95.68
2026-06-30 22:56:15,648 [til_base.py] => TIL top1: 94.19
2026-06-30 22:56:15,649 [til_base.py] => CIL top1: 42.47 | TIL top1: 94.19
2026-06-30 22:56:15,649 [trainer.py] => No NME accuracy.
2026-06-30 22:56:15,649 [trainer.py] => CNN: {'total': np.float64(42.47), '00-04': np.float64(12.2), '05-09': np.float64(14.4), '10-14': np.float64(21.4), '15-19': np.float64(18.8), '20-24': np.float64(37.0), '25-29': np.float64(45.2), '30-34': np.float64(41.0), '35-39': np.float64(32.2), '40-44': np.float64(53.0), '45-49': np.float64(42.0), '50-54': np.float64(31.6), '55-59': np.float64(32.0), '60-64': np.float64(40.0), '65-69': np.float64(47.0), '70-74': np.float64(32.4), '75-79': np.float64(57.6), '80-84': np.float64(68.6), '85-89': np.float64(46.6), '90-94': np.float64(88.4), '95-99': np.float64(88.0), 'old': np.float64(40.07), 'new': np.float64(88.0)}
2026-06-30 22:56:15,649 [trainer.py] => CNN top1 curve: [np.float64(99.8), np.float64(95.8), np.float64(88.33), np.float64(82.25), np.float64(76.12), np.float64(67.83), np.float64(64.2), np.float64(56.12), np.float64(51.38), np.float64(43.98), np.float64(49.6), np.float64(47.75), np.float64(46.22), np.float64(43.51), np.float64(45.04), np.float64(43.99), np.float64(42.85), np.float64(43.49), np.float64(44.58), np.float64(42.47)]
2026-06-30 22:56:15,649 [trainer.py] => CNN top5 curve: [np.float64(100.0), np.float64(99.7), np.float64(99.0), np.float64(98.65), np.float64(97.48), np.float64(96.23), np.float64(94.31), np.float64(91.2), np.float64(88.84), np.float64(82.28), np.float64(88.02), np.float64(79.85), np.float64(82.43), np.float64(78.91), np.float64(80.29), np.float64(81.66), np.float64(80.47), np.float64(77.52), np.float64(78.41), np.float64(77.34)]

2026-06-30 22:56:15,650 [trainer.py] => Average Accuracy (CNN): 58.765499999999996 

2026-06-30 22:56:15,654 [trainer.py] => Forgetting (CNN): 49.199999999999996
2026-06-30 22:56:15,654 [trainer.py] => Forgetting (NME): 49.199999999999996
2026-06-30 22:56:15,658 [trainer.py] => Forgetting (TIL): 5.347368421052629
