2026-07-19 20:12:02,319 [trainer.py] => config: exps/review/three_task_check_bs48_lr3e4/cifar224_seqlora.json
2026-07-19 20:12:02,319 [trainer.py] => dataset: cifar224
2026-07-19 20:12:02,319 [trainer.py] => memory_size: 0
2026-07-19 20:12:02,319 [trainer.py] => memory_per_class: 0
2026-07-19 20:12:02,319 [trainer.py] => fixed_memory: False
2026-07-19 20:12:02,319 [trainer.py] => shuffle: True
2026-07-19 20:12:02,320 [trainer.py] => init_cls: 5
2026-07-19 20:12:02,320 [trainer.py] => increment: 5
2026-07-19 20:12:02,320 [trainer.py] => seed: 1993
2026-07-19 20:12:02,320 [trainer.py] => scenario: cil
2026-07-19 20:12:02,320 [trainer.py] => stop_after_tasks: 3
2026-07-19 20:12:02,320 [trainer.py] => pretrained: True
2026-07-19 20:12:02,320 [trainer.py] => print_forget: True
2026-07-19 20:12:02,320 [trainer.py] => final_metrics: True
2026-07-19 20:12:02,320 [trainer.py] => backbone_type: vit_base_patch16_224_lora
2026-07-19 20:12:02,320 [trainer.py] => lora_rank: 8
2026-07-19 20:12:02,320 [trainer.py] => lora_alpha: 32
2026-07-19 20:12:02,320 [trainer.py] => tuned_epoch: 10
2026-07-19 20:12:02,320 [trainer.py] => init_lr: 0.0003
2026-07-19 20:12:02,320 [trainer.py] => batch_size: 48
2026-07-19 20:12:02,320 [trainer.py] => weight_decay: 0.0005
2026-07-19 20:12:02,320 [trainer.py] => min_lr: 0.0
2026-07-19 20:12:02,320 [trainer.py] => model_name: seqlora
2026-07-19 20:12:02,320 [trainer.py] => lora_merge: False
2026-07-19 20:12:02,320 [trainer.py] => device: [device(type='cuda', index=0)]
2026-07-19 20:12:02,320 [trainer.py] => prefix: three_task_check_bs48lr3e4_cifar224_seqlora
2026-07-19 20:12:03,978 [data_manager.py] => [68, 56, 78, 8, 23, 84, 90, 65, 74, 76, 40, 89, 3, 92, 55, 9, 26, 80, 43, 38, 58, 70, 77, 1, 85, 19, 17, 50, 28, 53, 13, 81, 45, 82, 6, 59, 83, 16, 15, 44, 91, 41, 72, 60, 79, 52, 20, 10, 31, 54, 37, 95, 14, 71, 96, 98, 97, 2, 64, 66, 42, 22, 35, 86, 24, 34, 87, 21, 99, 0, 88, 27, 18, 94, 11, 12, 47, 25, 30, 46, 62, 69, 36, 61, 7, 63, 75, 5, 32, 4, 51, 48, 73, 93, 39, 67, 29, 49, 57, 33]
2026-07-19 20:12:08,629 [trainer.py] => stop_after_tasks=3 (of 20 total)
2026-07-19 20:12:09,634 [trainer.py] => All params: 91696896
2026-07-19 20:12:09,639 [trainer.py] => Trainable params: 5898240
2026-07-19 20:12:10,847 [lora.py] => Learning on 0-5
2026-07-19 20:12:10,859 [lora.py] => Trainable params this task: 298,757 / 91,700,741
2026-07-19 20:14:42,982 [lora.py] => Task 0 finished. Train_accy 96.36
2026-07-19 20:14:45,081 [trainer.py] => No NME accuracy.
2026-07-19 20:14:45,081 [trainer.py] => CNN: {'total': 99.8, '00-04': 99.8, 'old': 0, 'new': 99.8}
2026-07-19 20:14:45,081 [trainer.py] => CNN top1 curve: [99.8]
2026-07-19 20:14:45,081 [trainer.py] => CNN top5 curve: [100.0]

2026-07-19 20:14:45,081 [trainer.py] => Average Accuracy (CNN): 99.8 

2026-07-19 20:14:45,084 [trainer.py] => All params: 91700741
2026-07-19 20:14:45,086 [trainer.py] => Trainable params: 298757
2026-07-19 20:14:45,087 [lora.py] => Learning on 5-10
2026-07-19 20:14:45,094 [lora.py] => Trainable params this task: 302,602 / 91,704,586
2026-07-19 20:17:17,411 [lora.py] => Task 1 finished. Train_accy 95.20
2026-07-19 20:17:20,970 [trainer.py] => No NME accuracy.
2026-07-19 20:17:20,970 [trainer.py] => CNN: {'total': 94.8, '00-04': 95.2, '05-09': 94.4, 'old': 95.2, 'new': 94.4}
2026-07-19 20:17:20,971 [trainer.py] => CNN top1 curve: [99.8, 94.8]
2026-07-19 20:17:20,971 [trainer.py] => CNN top5 curve: [100.0, 99.9]

2026-07-19 20:17:20,971 [trainer.py] => Average Accuracy (CNN): 97.3 

2026-07-19 20:17:20,975 [trainer.py] => All params: 91704586
2026-07-19 20:17:20,978 [trainer.py] => Trainable params: 302602
2026-07-19 20:17:20,980 [lora.py] => Learning on 10-15
2026-07-19 20:17:20,993 [lora.py] => Trainable params this task: 306,447 / 91,708,431
2026-07-19 20:19:53,378 [lora.py] => Task 2 finished. Train_accy 95.60
2026-07-19 20:19:58,446 [trainer.py] => No NME accuracy.
2026-07-19 20:19:58,446 [trainer.py] => CNN: {'total': 89.53, '00-04': 90.4, '05-09': 82.2, '10-14': 96.0, 'old': 86.3, 'new': 96.0}
2026-07-19 20:19:58,446 [trainer.py] => CNN top1 curve: [99.8, 94.8, 89.53]
2026-07-19 20:19:58,446 [trainer.py] => CNN top5 curve: [100.0, 99.9, 99.4]

2026-07-19 20:19:58,446 [trainer.py] => Average Accuracy (CNN): 94.71 

2026-07-19 20:20:00,627 [metrics_logger.py] => [metrics] wrote run_logs/final/seqlora/metrics_seqlora_cifar224_three_task_check_bs48lr3e4_cifar224_seqlora_s1993.json
2026-07-19 20:20:00,627 [trainer.py] => Forgetting (CNN): 10.799999999999997
2026-07-19 20:20:00,627 [trainer.py] => Forgetting (NME): 10.799999999999997
