2026-07-19 17:16:44,338 [trainer.py] => config: exps/review/single_task_check/food101_seqlora.json
2026-07-19 17:16:44,338 [trainer.py] => dataset: food101
2026-07-19 17:16:44,338 [trainer.py] => memory_size: 0
2026-07-19 17:16:44,338 [trainer.py] => memory_per_class: 0
2026-07-19 17:16:44,338 [trainer.py] => fixed_memory: False
2026-07-19 17:16:44,338 [trainer.py] => shuffle: True
2026-07-19 17:16:44,338 [trainer.py] => init_cls: 6
2026-07-19 17:16:44,338 [trainer.py] => increment: 5
2026-07-19 17:16:44,338 [trainer.py] => seed: 1993
2026-07-19 17:16:44,338 [trainer.py] => scenario: cil
2026-07-19 17:16:44,338 [trainer.py] => stop_after_tasks: 1
2026-07-19 17:16:44,338 [trainer.py] => pretrained: True
2026-07-19 17:16:44,338 [trainer.py] => print_forget: True
2026-07-19 17:16:44,338 [trainer.py] => final_metrics: True
2026-07-19 17:16:44,338 [trainer.py] => backbone_type: vit_base_patch16_224_lora
2026-07-19 17:16:44,338 [trainer.py] => lora_rank: 8
2026-07-19 17:16:44,338 [trainer.py] => lora_alpha: 32
2026-07-19 17:16:44,338 [trainer.py] => tuned_epoch: 10
2026-07-19 17:16:44,338 [trainer.py] => init_lr: 0.0005
2026-07-19 17:16:44,338 [trainer.py] => batch_size: 128
2026-07-19 17:16:44,339 [trainer.py] => weight_decay: 0.0005
2026-07-19 17:16:44,339 [trainer.py] => min_lr: 0.0
2026-07-19 17:16:44,339 [trainer.py] => model_name: seqlora
2026-07-19 17:16:44,339 [trainer.py] => lora_merge: False
2026-07-19 17:16:44,339 [trainer.py] => device: [device(type='cuda', index=1)]
2026-07-19 17:16:44,339 [trainer.py] => prefix: single_task_check_food101_seqlora
2026-07-19 17:16:44,614 [data_manager.py] => [68, 56, 78, 8, 23, 84, 90, 65, 74, 76, 40, 89, 3, 92, 55, 9, 26, 80, 43, 38, 58, 70, 77, 1, 85, 19, 17, 50, 28, 53, 13, 81, 45, 82, 6, 59, 83, 16, 15, 44, 91, 41, 72, 60, 79, 52, 20, 10, 31, 54, 37, 95, 14, 71, 96, 99, 98, 2, 64, 66, 42, 22, 35, 86, 24, 34, 87, 21, 100, 0, 88, 27, 18, 94, 11, 12, 47, 25, 30, 46, 62, 69, 36, 61, 7, 63, 75, 5, 32, 4, 51, 48, 73, 93, 39, 67, 29, 97, 49, 57, 33]
2026-07-19 17:16:47,443 [trainer.py] => stop_after_tasks=1 (of 20 total)
2026-07-19 17:16:47,651 [trainer.py] => All params: 91696896
2026-07-19 17:16:47,654 [trainer.py] => Trainable params: 5898240
2026-07-19 17:16:47,963 [lora.py] => Learning on 0-6
2026-07-19 17:16:47,970 [lora.py] => Trainable params this task: 299,526 / 91,701,510
2026-07-19 17:21:13,819 [lora.py] => Task 0 finished. Train_accy 97.60
2026-07-19 17:21:19,290 [trainer.py] => No NME accuracy.
2026-07-19 17:21:19,290 [trainer.py] => CNN: {'total': 99.0, '00-05': 99.0, 'old': 0, 'new': 99.0}
2026-07-19 17:21:19,290 [trainer.py] => CNN top1 curve: [99.0]
2026-07-19 17:21:19,290 [trainer.py] => CNN top5 curve: [100.0]

2026-07-19 17:21:19,290 [trainer.py] => Average Accuracy (CNN): 99.0 

2026-07-19 17:21:23,966 [metrics_logger.py] => [metrics] wrote run_logs/final/seqlora/metrics_seqlora_food101_single_task_check_food101_seqlora_s1993.json
2026-07-19 17:21:23,967 [trainer.py] => Forgetting (CNN): nan
2026-07-19 17:21:23,967 [trainer.py] => Forgetting (NME): nan
