2026-07-19 22:29:32,372 [trainer.py] => config: exps/review/budget250mb_check/cifar224_inflora.json
2026-07-19 22:29:32,372 [trainer.py] => dataset: cifar224
2026-07-19 22:29:32,372 [trainer.py] => memory_size: 0
2026-07-19 22:29:32,372 [trainer.py] => memory_per_class: 0
2026-07-19 22:29:32,372 [trainer.py] => fixed_memory: False
2026-07-19 22:29:32,373 [trainer.py] => shuffle: True
2026-07-19 22:29:32,373 [trainer.py] => init_cls: 5
2026-07-19 22:29:32,373 [trainer.py] => increment: 5
2026-07-19 22:29:32,373 [trainer.py] => seed: 1993
2026-07-19 22:29:32,373 [trainer.py] => scenario: cil
2026-07-19 22:29:32,373 [trainer.py] => pretrained: True
2026-07-19 22:29:32,373 [trainer.py] => print_forget: True
2026-07-19 22:29:32,373 [trainer.py] => backbone_type: vit_base_patch16_224_lora
2026-07-19 22:29:32,373 [trainer.py] => lora_rank: 8
2026-07-19 22:29:32,373 [trainer.py] => lora_alpha: 32
2026-07-19 22:29:32,373 [trainer.py] => tuned_epoch: 10
2026-07-19 22:29:32,373 [trainer.py] => init_lr: 0.0003
2026-07-19 22:29:32,373 [trainer.py] => batch_size: 48
2026-07-19 22:29:32,373 [trainer.py] => weight_decay: 0.0005
2026-07-19 22:29:32,373 [trainer.py] => min_lr: 0.0
2026-07-19 22:29:32,373 [trainer.py] => model_name: inflora
2026-07-19 22:29:32,373 [trainer.py] => lora_merge: True
2026-07-19 22:29:32,373 [trainer.py] => lamb: 0.95
2026-07-19 22:29:32,373 [trainer.py] => lame: 1.0
2026-07-19 22:29:32,373 [trainer.py] => device: [device(type='cuda', index=0)]
2026-07-19 22:29:32,373 [trainer.py] => prefix: budget250mb_check_cifar224_inflora
2026-07-19 22:29:32,373 [trainer.py] => boundary_mode: sample
2026-07-19 22:29:32,373 [trainer.py] => stream_budget_mb: 250
2026-07-19 22:29:32,373 [trainer.py] => stop_after_tasks: 5
2026-07-19 22:29:34,044 [data_manager.py] => [68, 56, 78, 8, 23, 84, 90, 65, 74, 76, 40, 89, 3, 92, 55, 9, 26, 80, 43, 38, 58, 70, 77, 1, 85, 19, 17, 50, 28, 53, 13, 81, 45, 82, 6, 59, 83, 16, 15, 44, 91, 41, 72, 60, 79, 52, 20, 10, 31, 54, 37, 95, 14, 71, 96, 98, 97, 2, 64, 66, 42, 22, 35, 86, 24, 34, 87, 21, 99, 0, 88, 27, 18, 94, 11, 12, 47, 25, 30, 46, 62, 69, 36, 61, 7, 63, 75, 5, 32, 4, 51, 48, 73, 93, 39, 67, 29, 49, 57, 33]
2026-07-19 22:29:38,087 [stream_mixin.py] => [stream] stop_after_tasks=5 (of 20 total)
2026-07-19 22:29:38,130 [stream_mixin.py] => [stream] unique-image budget 1741 images (250.0MB); 12500 total images, 5 tasks -> 8 chunks
2026-07-19 22:31:51,432 [inflora.py] => [InfLoRA] DualGPM threshold: 0.9500
2026-07-19 22:31:52,144 [inflora.py] => [InfLoRA] Layer 1: 5/768 type remove
2026-07-19 22:31:52,144 [inflora.py] => [InfLoRA] Layer 2: 8/768 type remove
2026-07-19 22:31:52,144 [inflora.py] => [InfLoRA] Layer 3: 11/768 type remove
2026-07-19 22:31:52,144 [inflora.py] => [InfLoRA] Layer 4: 12/768 type remove
2026-07-19 22:31:52,144 [inflora.py] => [InfLoRA] Layer 5: 17/768 type remove
2026-07-19 22:31:52,144 [inflora.py] => [InfLoRA] Layer 6: 19/768 type remove
2026-07-19 22:31:52,144 [inflora.py] => [InfLoRA] Layer 7: 19/768 type remove
2026-07-19 22:31:52,144 [inflora.py] => [InfLoRA] Layer 8: 22/768 type remove
2026-07-19 22:31:52,144 [inflora.py] => [InfLoRA] Layer 9: 15/768 type remove
2026-07-19 22:31:52,144 [inflora.py] => [InfLoRA] Layer 10: 7/768 type remove
2026-07-19 22:31:52,144 [inflora.py] => [InfLoRA] Layer 11: 3/768 type remove
2026-07-19 22:31:52,144 [inflora.py] => [InfLoRA] Layer 12: 4/768 type remove
2026-07-19 22:34:05,342 [inflora.py] => [InfLoRA] DualGPM threshold: 0.9525
2026-07-19 22:34:06,694 [inflora.py] => [InfLoRA] Layer 1: 7/768 type remove
2026-07-19 22:34:06,694 [inflora.py] => [InfLoRA] Layer 2: 10/768 type remove
2026-07-19 22:34:06,694 [inflora.py] => [InfLoRA] Layer 3: 14/768 type remove
2026-07-19 22:34:06,694 [inflora.py] => [InfLoRA] Layer 4: 16/768 type remove
2026-07-19 22:34:06,694 [inflora.py] => [InfLoRA] Layer 5: 22/768 type remove
2026-07-19 22:34:06,694 [inflora.py] => [InfLoRA] Layer 6: 25/768 type remove
2026-07-19 22:34:06,694 [inflora.py] => [InfLoRA] Layer 7: 25/768 type remove
2026-07-19 22:34:06,695 [inflora.py] => [InfLoRA] Layer 8: 32/768 type remove
2026-07-19 22:34:06,695 [inflora.py] => [InfLoRA] Layer 9: 27/768 type remove
2026-07-19 22:34:06,695 [inflora.py] => [InfLoRA] Layer 10: 18/768 type remove
2026-07-19 22:34:06,695 [inflora.py] => [InfLoRA] Layer 11: 6/768 type remove
2026-07-19 22:34:06,695 [inflora.py] => [InfLoRA] Layer 12: 9/768 type remove
2026-07-19 22:34:08,910 [stream_mixin.py] => [stream eval] completed  1 | chunk   1 | CIL 99.80
2026-07-19 22:36:22,213 [inflora.py] => [InfLoRA] DualGPM threshold: 0.9550
2026-07-19 22:36:23,597 [inflora.py] => [InfLoRA] Layer 1: 7/768 type remove
2026-07-19 22:36:23,597 [inflora.py] => [InfLoRA] Layer 2: 10/768 type remove
2026-07-19 22:36:23,597 [inflora.py] => [InfLoRA] Layer 3: 16/768 type remove
2026-07-19 22:36:23,597 [inflora.py] => [InfLoRA] Layer 4: 19/768 type remove
2026-07-19 22:36:23,597 [inflora.py] => [InfLoRA] Layer 5: 26/768 type remove
2026-07-19 22:36:23,597 [inflora.py] => [InfLoRA] Layer 6: 30/768 type remove
2026-07-19 22:36:23,597 [inflora.py] => [InfLoRA] Layer 7: 30/768 type remove
2026-07-19 22:36:23,597 [inflora.py] => [InfLoRA] Layer 8: 39/768 type remove
2026-07-19 22:36:23,597 [inflora.py] => [InfLoRA] Layer 9: 37/768 type remove
2026-07-19 22:36:23,597 [inflora.py] => [InfLoRA] Layer 10: 30/768 type remove
2026-07-19 22:36:23,597 [inflora.py] => [InfLoRA] Layer 11: 10/768 type remove
2026-07-19 22:36:23,597 [inflora.py] => [InfLoRA] Layer 12: 13/768 type remove
2026-07-19 22:36:28,005 [stream_mixin.py] => [stream eval] completed  2 | chunk   2 | CIL 97.50
2026-07-19 22:38:41,378 [inflora.py] => [InfLoRA] DualGPM threshold: 0.9575
2026-07-19 22:38:42,769 [inflora.py] => [InfLoRA] Layer 1: 8/768 type remove
2026-07-19 22:38:42,769 [inflora.py] => [InfLoRA] Layer 2: 11/768 type remove
2026-07-19 22:38:42,769 [inflora.py] => [InfLoRA] Layer 3: 18/768 type remove
2026-07-19 22:38:42,769 [inflora.py] => [InfLoRA] Layer 4: 22/768 type remove
2026-07-19 22:38:42,769 [inflora.py] => [InfLoRA] Layer 5: 30/768 type remove
2026-07-19 22:38:42,769 [inflora.py] => [InfLoRA] Layer 6: 36/768 type remove
2026-07-19 22:38:42,769 [inflora.py] => [InfLoRA] Layer 7: 35/768 type remove
2026-07-19 22:38:42,769 [inflora.py] => [InfLoRA] Layer 8: 48/768 type remove
2026-07-19 22:38:42,769 [inflora.py] => [InfLoRA] Layer 9: 51/768 type remove
2026-07-19 22:38:42,769 [inflora.py] => [InfLoRA] Layer 10: 43/768 type remove
2026-07-19 22:38:42,769 [inflora.py] => [InfLoRA] Layer 11: 15/768 type remove
2026-07-19 22:38:42,769 [inflora.py] => [InfLoRA] Layer 12: 18/768 type remove
2026-07-19 22:40:56,189 [inflora.py] => [InfLoRA] DualGPM threshold: 0.9600
2026-07-19 22:40:57,612 [inflora.py] => [InfLoRA] Layer 1: 8/768 type remove
2026-07-19 22:40:57,612 [inflora.py] => [InfLoRA] Layer 2: 12/768 type remove
2026-07-19 22:40:57,612 [inflora.py] => [InfLoRA] Layer 3: 19/768 type remove
2026-07-19 22:40:57,612 [inflora.py] => [InfLoRA] Layer 4: 24/768 type remove
2026-07-19 22:40:57,612 [inflora.py] => [InfLoRA] Layer 5: 34/768 type remove
2026-07-19 22:40:57,613 [inflora.py] => [InfLoRA] Layer 6: 40/768 type remove
2026-07-19 22:40:57,613 [inflora.py] => [InfLoRA] Layer 7: 40/768 type remove
2026-07-19 22:40:57,613 [inflora.py] => [InfLoRA] Layer 8: 54/768 type remove
2026-07-19 22:40:57,613 [inflora.py] => [InfLoRA] Layer 9: 58/768 type remove
2026-07-19 22:40:57,613 [inflora.py] => [InfLoRA] Layer 10: 53/768 type remove
2026-07-19 22:40:57,613 [inflora.py] => [InfLoRA] Layer 11: 20/768 type remove
2026-07-19 22:40:57,613 [inflora.py] => [InfLoRA] Layer 12: 23/768 type remove
2026-07-19 22:41:04,222 [stream_mixin.py] => [stream eval] completed  3 | chunk   4 | CIL 96.47
2026-07-19 22:43:17,566 [inflora.py] => [InfLoRA] DualGPM threshold: 0.9625
2026-07-19 22:43:18,997 [inflora.py] => [InfLoRA] Layer 1: 8/768 type remove
2026-07-19 22:43:18,998 [inflora.py] => [InfLoRA] Layer 2: 12/768 type remove
2026-07-19 22:43:18,998 [inflora.py] => [InfLoRA] Layer 3: 20/768 type remove
2026-07-19 22:43:18,998 [inflora.py] => [InfLoRA] Layer 4: 26/768 type remove
2026-07-19 22:43:18,998 [inflora.py] => [InfLoRA] Layer 5: 38/768 type remove
2026-07-19 22:43:18,998 [inflora.py] => [InfLoRA] Layer 6: 44/768 type remove
2026-07-19 22:43:18,998 [inflora.py] => [InfLoRA] Layer 7: 43/768 type remove
2026-07-19 22:43:18,998 [inflora.py] => [InfLoRA] Layer 8: 59/768 type remove
2026-07-19 22:43:18,998 [inflora.py] => [InfLoRA] Layer 9: 64/768 type remove
2026-07-19 22:43:18,998 [inflora.py] => [InfLoRA] Layer 10: 60/768 type remove
2026-07-19 22:43:18,998 [inflora.py] => [InfLoRA] Layer 11: 24/768 type remove
2026-07-19 22:43:18,998 [inflora.py] => [InfLoRA] Layer 12: 26/768 type remove
2026-07-19 22:43:27,911 [stream_mixin.py] => [stream eval] completed  4 | chunk   5 | CIL 95.50
2026-07-19 22:45:41,323 [inflora.py] => [InfLoRA] DualGPM threshold: 0.9650
2026-07-19 22:45:42,768 [inflora.py] => [InfLoRA] Layer 1: 8/768 type remove
2026-07-19 22:45:42,768 [inflora.py] => [InfLoRA] Layer 2: 13/768 type remove
2026-07-19 22:45:42,768 [inflora.py] => [InfLoRA] Layer 3: 22/768 type remove
2026-07-19 22:45:42,768 [inflora.py] => [InfLoRA] Layer 4: 29/768 type remove
2026-07-19 22:45:42,768 [inflora.py] => [InfLoRA] Layer 5: 42/768 type remove
2026-07-19 22:45:42,768 [inflora.py] => [InfLoRA] Layer 6: 49/768 type remove
2026-07-19 22:45:42,768 [inflora.py] => [InfLoRA] Layer 7: 49/768 type remove
2026-07-19 22:45:42,768 [inflora.py] => [InfLoRA] Layer 8: 68/768 type remove
2026-07-19 22:45:42,768 [inflora.py] => [InfLoRA] Layer 9: 77/768 type remove
2026-07-19 22:45:42,768 [inflora.py] => [InfLoRA] Layer 10: 70/768 type remove
2026-07-19 22:45:42,768 [inflora.py] => [InfLoRA] Layer 11: 30/768 type remove
2026-07-19 22:45:42,768 [inflora.py] => [InfLoRA] Layer 12: 31/768 type remove
2026-07-19 22:46:12,688 [inflora.py] => [InfLoRA] DualGPM threshold: 0.9675
2026-07-19 22:46:14,161 [inflora.py] => [InfLoRA] Layer 1: 8/768 type remove
2026-07-19 22:46:14,161 [inflora.py] => [InfLoRA] Layer 2: 13/768 type remove
2026-07-19 22:46:14,161 [inflora.py] => [InfLoRA] Layer 3: 23/768 type remove
2026-07-19 22:46:14,161 [inflora.py] => [InfLoRA] Layer 4: 31/768 type remove
2026-07-19 22:46:14,161 [inflora.py] => [InfLoRA] Layer 5: 44/768 type remove
2026-07-19 22:46:14,161 [inflora.py] => [InfLoRA] Layer 6: 52/768 type remove
2026-07-19 22:46:14,161 [inflora.py] => [InfLoRA] Layer 7: 52/768 type remove
2026-07-19 22:46:14,161 [inflora.py] => [InfLoRA] Layer 8: 73/768 type remove
2026-07-19 22:46:14,161 [inflora.py] => [InfLoRA] Layer 9: 81/768 type remove
2026-07-19 22:46:14,161 [inflora.py] => [InfLoRA] Layer 10: 76/768 type remove
2026-07-19 22:46:14,161 [inflora.py] => [InfLoRA] Layer 11: 32/768 type remove
2026-07-19 22:46:14,161 [inflora.py] => [InfLoRA] Layer 12: 32/768 type remove
2026-07-19 22:46:25,200 [stream_mixin.py] => [stream eval] completed  5 | chunk   7 | CIL 94.84
2026-07-19 22:46:25,205 [trainer.py] => [stream] completed-task checkpoints: [1, 2, 3, 4, 5]
2026-07-19 22:46:25,205 [trainer.py] => [stream] CIL curve: [99.8, 97.5, 96.47, 95.5, 94.84]
2026-07-19 22:46:25,205 [trainer.py] => [stream] FINAL  CIL 94.84  (over 5 tasks) -- TIL not computed (meaningless in the memory-increment setup)
2026-07-20 00:24:18,625 [trainer.py] => config: exps/review/budget250mb_check/cifar224_inflora.json
2026-07-20 00:24:18,625 [trainer.py] => dataset: cifar224
2026-07-20 00:24:18,625 [trainer.py] => memory_size: 0
2026-07-20 00:24:18,625 [trainer.py] => memory_per_class: 0
2026-07-20 00:24:18,625 [trainer.py] => fixed_memory: False
2026-07-20 00:24:18,625 [trainer.py] => shuffle: True
2026-07-20 00:24:18,625 [trainer.py] => init_cls: 5
2026-07-20 00:24:18,626 [trainer.py] => increment: 5
2026-07-20 00:24:18,626 [trainer.py] => seed: 1993
2026-07-20 00:24:18,626 [trainer.py] => scenario: cil
2026-07-20 00:24:18,626 [trainer.py] => pretrained: True
2026-07-20 00:24:18,626 [trainer.py] => print_forget: True
2026-07-20 00:24:18,626 [trainer.py] => backbone_type: vit_base_patch16_224_lora
2026-07-20 00:24:18,626 [trainer.py] => lora_rank: 8
2026-07-20 00:24:18,626 [trainer.py] => lora_alpha: 32
2026-07-20 00:24:18,626 [trainer.py] => tuned_epoch: 10
2026-07-20 00:24:18,626 [trainer.py] => init_lr: 0.0003
2026-07-20 00:24:18,626 [trainer.py] => batch_size: 48
2026-07-20 00:24:18,626 [trainer.py] => weight_decay: 0.0005
2026-07-20 00:24:18,626 [trainer.py] => min_lr: 0.0
2026-07-20 00:24:18,626 [trainer.py] => model_name: inflora
2026-07-20 00:24:18,626 [trainer.py] => lora_merge: True
2026-07-20 00:24:18,626 [trainer.py] => lamb: 0.95
2026-07-20 00:24:18,626 [trainer.py] => lame: 1.0
2026-07-20 00:24:18,626 [trainer.py] => device: [device(type='cuda', index=0)]
2026-07-20 00:24:18,626 [trainer.py] => prefix: budget250mb_check_cifar224_inflora
2026-07-20 00:24:18,626 [trainer.py] => boundary_mode: sample
2026-07-20 00:24:18,626 [trainer.py] => stream_budget_mb: 250
2026-07-20 00:24:18,626 [trainer.py] => stop_after_tasks: 5
2026-07-20 00:24:18,626 [trainer.py] => stream_eval_final_only: True
2026-07-20 00:24:20,308 [data_manager.py] => [68, 56, 78, 8, 23, 84, 90, 65, 74, 76, 40, 89, 3, 92, 55, 9, 26, 80, 43, 38, 58, 70, 77, 1, 85, 19, 17, 50, 28, 53, 13, 81, 45, 82, 6, 59, 83, 16, 15, 44, 91, 41, 72, 60, 79, 52, 20, 10, 31, 54, 37, 95, 14, 71, 96, 98, 97, 2, 64, 66, 42, 22, 35, 86, 24, 34, 87, 21, 99, 0, 88, 27, 18, 94, 11, 12, 47, 25, 30, 46, 62, 69, 36, 61, 7, 63, 75, 5, 32, 4, 51, 48, 73, 93, 39, 67, 29, 49, 57, 33]
2026-07-20 00:24:26,424 [stream_mixin.py] => [stream] stop_after_tasks=5 (of 20 total)
2026-07-20 00:24:26,467 [stream_mixin.py] => [stream] unique-image budget 1741 images (250.0MB); 12500 total images, 5 tasks -> 8 chunks
2026-07-20 00:26:40,754 [inflora.py] => [InfLoRA] DualGPM threshold: 0.9500
2026-07-20 00:26:41,455 [inflora.py] => [InfLoRA] Layer 1: 5/768 type remove
2026-07-20 00:26:41,455 [inflora.py] => [InfLoRA] Layer 2: 8/768 type remove
2026-07-20 00:26:41,455 [inflora.py] => [InfLoRA] Layer 3: 11/768 type remove
2026-07-20 00:26:41,455 [inflora.py] => [InfLoRA] Layer 4: 12/768 type remove
2026-07-20 00:26:41,455 [inflora.py] => [InfLoRA] Layer 5: 17/768 type remove
2026-07-20 00:26:41,455 [inflora.py] => [InfLoRA] Layer 6: 19/768 type remove
2026-07-20 00:26:41,455 [inflora.py] => [InfLoRA] Layer 7: 19/768 type remove
2026-07-20 00:26:41,456 [inflora.py] => [InfLoRA] Layer 8: 22/768 type remove
2026-07-20 00:26:41,456 [inflora.py] => [InfLoRA] Layer 9: 15/768 type remove
2026-07-20 00:26:41,456 [inflora.py] => [InfLoRA] Layer 10: 7/768 type remove
2026-07-20 00:26:41,456 [inflora.py] => [InfLoRA] Layer 11: 3/768 type remove
2026-07-20 00:26:41,456 [inflora.py] => [InfLoRA] Layer 12: 4/768 type remove
2026-07-20 00:28:54,390 [inflora.py] => [InfLoRA] DualGPM threshold: 0.9525
2026-07-20 00:28:55,748 [inflora.py] => [InfLoRA] Layer 1: 7/768 type remove
2026-07-20 00:28:55,748 [inflora.py] => [InfLoRA] Layer 2: 10/768 type remove
2026-07-20 00:28:55,748 [inflora.py] => [InfLoRA] Layer 3: 14/768 type remove
2026-07-20 00:28:55,748 [inflora.py] => [InfLoRA] Layer 4: 16/768 type remove
2026-07-20 00:28:55,748 [inflora.py] => [InfLoRA] Layer 5: 22/768 type remove
2026-07-20 00:28:55,748 [inflora.py] => [InfLoRA] Layer 6: 25/768 type remove
2026-07-20 00:28:55,748 [inflora.py] => [InfLoRA] Layer 7: 25/768 type remove
2026-07-20 00:28:55,749 [inflora.py] => [InfLoRA] Layer 8: 32/768 type remove
2026-07-20 00:28:55,749 [inflora.py] => [InfLoRA] Layer 9: 27/768 type remove
2026-07-20 00:28:55,749 [inflora.py] => [InfLoRA] Layer 10: 18/768 type remove
2026-07-20 00:28:55,749 [inflora.py] => [InfLoRA] Layer 11: 6/768 type remove
2026-07-20 00:28:55,749 [inflora.py] => [InfLoRA] Layer 12: 9/768 type remove
2026-07-20 00:31:08,923 [inflora.py] => [InfLoRA] DualGPM threshold: 0.9550
2026-07-20 00:31:10,298 [inflora.py] => [InfLoRA] Layer 1: 7/768 type remove
2026-07-20 00:31:10,298 [inflora.py] => [InfLoRA] Layer 2: 10/768 type remove
2026-07-20 00:31:10,298 [inflora.py] => [InfLoRA] Layer 3: 16/768 type remove
2026-07-20 00:31:10,298 [inflora.py] => [InfLoRA] Layer 4: 19/768 type remove
2026-07-20 00:31:10,299 [inflora.py] => [InfLoRA] Layer 5: 26/768 type remove
2026-07-20 00:31:10,299 [inflora.py] => [InfLoRA] Layer 6: 30/768 type remove
2026-07-20 00:31:10,299 [inflora.py] => [InfLoRA] Layer 7: 30/768 type remove
2026-07-20 00:31:10,299 [inflora.py] => [InfLoRA] Layer 8: 39/768 type remove
2026-07-20 00:31:10,299 [inflora.py] => [InfLoRA] Layer 9: 37/768 type remove
2026-07-20 00:31:10,299 [inflora.py] => [InfLoRA] Layer 10: 29/768 type remove
2026-07-20 00:31:10,299 [inflora.py] => [InfLoRA] Layer 11: 10/768 type remove
2026-07-20 00:31:10,299 [inflora.py] => [InfLoRA] Layer 12: 13/768 type remove
2026-07-20 00:33:23,765 [inflora.py] => [InfLoRA] DualGPM threshold: 0.9575
2026-07-20 00:33:25,170 [inflora.py] => [InfLoRA] Layer 1: 8/768 type remove
2026-07-20 00:33:25,170 [inflora.py] => [InfLoRA] Layer 2: 11/768 type remove
2026-07-20 00:33:25,170 [inflora.py] => [InfLoRA] Layer 3: 17/768 type remove
2026-07-20 00:33:25,170 [inflora.py] => [InfLoRA] Layer 4: 22/768 type remove
2026-07-20 00:33:25,170 [inflora.py] => [InfLoRA] Layer 5: 30/768 type remove
2026-07-20 00:33:25,170 [inflora.py] => [InfLoRA] Layer 6: 36/768 type remove
2026-07-20 00:33:25,170 [inflora.py] => [InfLoRA] Layer 7: 35/768 type remove
2026-07-20 00:33:25,170 [inflora.py] => [InfLoRA] Layer 8: 47/768 type remove
2026-07-20 00:33:25,170 [inflora.py] => [InfLoRA] Layer 9: 48/768 type remove
2026-07-20 00:33:25,170 [inflora.py] => [InfLoRA] Layer 10: 41/768 type remove
2026-07-20 00:33:25,170 [inflora.py] => [InfLoRA] Layer 11: 14/768 type remove
2026-07-20 00:33:25,170 [inflora.py] => [InfLoRA] Layer 12: 18/768 type remove
2026-07-20 00:35:38,513 [inflora.py] => [InfLoRA] DualGPM threshold: 0.9600
2026-07-20 00:35:39,947 [inflora.py] => [InfLoRA] Layer 1: 8/768 type remove
2026-07-20 00:35:39,947 [inflora.py] => [InfLoRA] Layer 2: 12/768 type remove
2026-07-20 00:35:39,947 [inflora.py] => [InfLoRA] Layer 3: 19/768 type remove
2026-07-20 00:35:39,947 [inflora.py] => [InfLoRA] Layer 4: 24/768 type remove
2026-07-20 00:35:39,947 [inflora.py] => [InfLoRA] Layer 5: 32/768 type remove
2026-07-20 00:35:39,947 [inflora.py] => [InfLoRA] Layer 6: 39/768 type remove
2026-07-20 00:35:39,947 [inflora.py] => [InfLoRA] Layer 7: 38/768 type remove
2026-07-20 00:35:39,947 [inflora.py] => [InfLoRA] Layer 8: 52/768 type remove
2026-07-20 00:35:39,947 [inflora.py] => [InfLoRA] Layer 9: 54/768 type remove
2026-07-20 00:35:39,947 [inflora.py] => [InfLoRA] Layer 10: 48/768 type remove
2026-07-20 00:35:39,948 [inflora.py] => [InfLoRA] Layer 11: 18/768 type remove
2026-07-20 00:35:39,948 [inflora.py] => [InfLoRA] Layer 12: 22/768 type remove
2026-07-20 00:37:53,395 [inflora.py] => [InfLoRA] DualGPM threshold: 0.9625
2026-07-20 00:37:54,829 [inflora.py] => [InfLoRA] Layer 1: 8/768 type remove
2026-07-20 00:37:54,829 [inflora.py] => [InfLoRA] Layer 2: 12/768 type remove
2026-07-20 00:37:54,829 [inflora.py] => [InfLoRA] Layer 3: 20/768 type remove
2026-07-20 00:37:54,829 [inflora.py] => [InfLoRA] Layer 4: 27/768 type remove
2026-07-20 00:37:54,829 [inflora.py] => [InfLoRA] Layer 5: 35/768 type remove
2026-07-20 00:37:54,829 [inflora.py] => [InfLoRA] Layer 6: 42/768 type remove
2026-07-20 00:37:54,829 [inflora.py] => [InfLoRA] Layer 7: 42/768 type remove
2026-07-20 00:37:54,829 [inflora.py] => [InfLoRA] Layer 8: 56/768 type remove
2026-07-20 00:37:54,829 [inflora.py] => [InfLoRA] Layer 9: 61/768 type remove
2026-07-20 00:37:54,829 [inflora.py] => [InfLoRA] Layer 10: 58/768 type remove
2026-07-20 00:37:54,829 [inflora.py] => [InfLoRA] Layer 11: 24/768 type remove
2026-07-20 00:37:54,829 [inflora.py] => [InfLoRA] Layer 12: 26/768 type remove
2026-07-20 00:40:08,472 [inflora.py] => [InfLoRA] DualGPM threshold: 0.9650
2026-07-20 00:40:09,922 [inflora.py] => [InfLoRA] Layer 1: 8/768 type remove
2026-07-20 00:40:09,923 [inflora.py] => [InfLoRA] Layer 2: 12/768 type remove
2026-07-20 00:40:09,923 [inflora.py] => [InfLoRA] Layer 3: 22/768 type remove
2026-07-20 00:40:09,923 [inflora.py] => [InfLoRA] Layer 4: 30/768 type remove
2026-07-20 00:40:09,923 [inflora.py] => [InfLoRA] Layer 5: 41/768 type remove
2026-07-20 00:40:09,923 [inflora.py] => [InfLoRA] Layer 6: 49/768 type remove
2026-07-20 00:40:09,923 [inflora.py] => [InfLoRA] Layer 7: 48/768 type remove
2026-07-20 00:40:09,923 [inflora.py] => [InfLoRA] Layer 8: 66/768 type remove
2026-07-20 00:40:09,923 [inflora.py] => [InfLoRA] Layer 9: 73/768 type remove
2026-07-20 00:40:09,923 [inflora.py] => [InfLoRA] Layer 10: 68/768 type remove
2026-07-20 00:40:09,923 [inflora.py] => [InfLoRA] Layer 11: 30/768 type remove
2026-07-20 00:40:09,923 [inflora.py] => [InfLoRA] Layer 12: 31/768 type remove
2026-07-20 00:40:39,697 [inflora.py] => [InfLoRA] DualGPM threshold: 0.9675
2026-07-20 00:40:41,165 [inflora.py] => [InfLoRA] Layer 1: 8/768 type remove
2026-07-20 00:40:41,165 [inflora.py] => [InfLoRA] Layer 2: 13/768 type remove
2026-07-20 00:40:41,165 [inflora.py] => [InfLoRA] Layer 3: 24/768 type remove
2026-07-20 00:40:41,166 [inflora.py] => [InfLoRA] Layer 4: 32/768 type remove
2026-07-20 00:40:41,166 [inflora.py] => [InfLoRA] Layer 5: 45/768 type remove
2026-07-20 00:40:41,166 [inflora.py] => [InfLoRA] Layer 6: 55/768 type remove
2026-07-20 00:40:41,166 [inflora.py] => [InfLoRA] Layer 7: 54/768 type remove
2026-07-20 00:40:41,166 [inflora.py] => [InfLoRA] Layer 8: 74/768 type remove
2026-07-20 00:40:41,166 [inflora.py] => [InfLoRA] Layer 9: 82/768 type remove
2026-07-20 00:40:41,166 [inflora.py] => [InfLoRA] Layer 10: 77/768 type remove
2026-07-20 00:40:41,166 [inflora.py] => [InfLoRA] Layer 11: 33/768 type remove
2026-07-20 00:40:41,166 [inflora.py] => [InfLoRA] Layer 12: 31/768 type remove
2026-07-20 00:40:52,209 [stream_mixin.py] => [stream eval] completed  5 | chunk   7 | CIL 95.00
2026-07-20 00:40:52,213 [trainer.py] => [stream] completed-task checkpoints: [5]
2026-07-20 00:40:52,214 [trainer.py] => [stream] CIL curve: [95.0]
2026-07-20 00:40:52,214 [trainer.py] => [stream] FINAL  CIL 95.00  (over 5 tasks) -- TIL not computed (meaningless in the memory-increment setup)
