2026-07-03 05:53:36,835 [trainer.py] => config: ./exps/inflora_cifar20t_sample_s1995.json
2026-07-03 05:53:36,835 [trainer.py] => dataset: cifar224
2026-07-03 05:53:36,835 [trainer.py] => memory_size: 0
2026-07-03 05:53:36,835 [trainer.py] => memory_per_class: 0
2026-07-03 05:53:36,835 [trainer.py] => fixed_memory: False
2026-07-03 05:53:36,835 [trainer.py] => shuffle: True
2026-07-03 05:53:36,835 [trainer.py] => init_cls: 5
2026-07-03 05:53:36,835 [trainer.py] => increment: 5
2026-07-03 05:53:36,835 [trainer.py] => backbone_type: vit_base_patch16_224_lora
2026-07-03 05:53:36,835 [trainer.py] => device: [device(type='cuda', index=0)]
2026-07-03 05:53:36,835 [trainer.py] => seed: 1995
2026-07-03 05:53:36,835 [trainer.py] => scenario: both
2026-07-03 05:53:36,835 [trainer.py] => lora_rank: 8
2026-07-03 05:53:36,835 [trainer.py] => lora_alpha: 32
2026-07-03 05:53:36,835 [trainer.py] => tuned_epoch: 10
2026-07-03 05:53:36,835 [trainer.py] => init_lr: 0.0003
2026-07-03 05:53:36,835 [trainer.py] => batch_size: 48
2026-07-03 05:53:36,835 [trainer.py] => weight_decay: 0.0005
2026-07-03 05:53:36,835 [trainer.py] => min_lr: 0.0
2026-07-03 05:53:36,835 [trainer.py] => pretrained: True
2026-07-03 05:53:36,835 [trainer.py] => print_forget: True
2026-07-03 05:53:36,836 [trainer.py] => model_name: inflora
2026-07-03 05:53:36,836 [trainer.py] => lora_merge: True
2026-07-03 05:53:36,836 [trainer.py] => lamb: 0.95
2026-07-03 05:53:36,836 [trainer.py] => lame: 1.0
2026-07-03 05:53:36,836 [trainer.py] => prefix: cifar20t_sample
2026-07-03 05:53:36,836 [trainer.py] => boundary_mode: sample
2026-07-03 05:53:36,836 [trainer.py] => boundary_mult: 1.5
2026-07-03 05:53:38,526 [data_manager.py] => [91, 18, 57, 73, 66, 71, 68, 61, 44, 54, 23, 25, 27, 14, 21, 20, 59, 93, 81, 22, 5, 88, 37, 42, 39, 83, 76, 72, 3, 55, 43, 13, 4, 95, 99, 47, 77, 98, 86, 80, 67, 11, 8, 58, 10, 33, 16, 78, 94, 50, 41, 87, 90, 74, 15, 48, 46, 85, 53, 97, 7, 26, 89, 31, 19, 45, 96, 34, 24, 6, 1, 2, 0, 17, 30, 32, 92, 12, 56, 64, 79, 40, 63, 49, 70, 60, 35, 9, 62, 75, 65, 28, 52, 84, 29, 69, 51, 38, 82, 36]
2026-07-03 05:53:41,153 [stream_mixin.py] => [stream] adapter event every 15 global epochs (C=1.5 x 10 epochs); eval after each fold on completed tasks
2026-07-03 05:57:53,586 [inflora.py] => [InfLoRA] DualGPM threshold: 0.9500
2026-07-03 05:57:55,716 [inflora.py] => [InfLoRA] Layer 1: 6/768 type remove
2026-07-03 05:57:55,717 [inflora.py] => [InfLoRA] Layer 2: 8/768 type remove
2026-07-03 05:57:55,717 [inflora.py] => [InfLoRA] Layer 3: 10/768 type remove
2026-07-03 05:57:55,717 [inflora.py] => [InfLoRA] Layer 4: 10/768 type remove
2026-07-03 05:57:55,717 [inflora.py] => [InfLoRA] Layer 5: 15/768 type remove
2026-07-03 05:57:55,717 [inflora.py] => [InfLoRA] Layer 6: 16/768 type remove
2026-07-03 05:57:55,717 [inflora.py] => [InfLoRA] Layer 7: 16/768 type remove
2026-07-03 05:57:55,717 [inflora.py] => [InfLoRA] Layer 8: 17/768 type remove
2026-07-03 05:57:55,717 [inflora.py] => [InfLoRA] Layer 9: 15/768 type remove
2026-07-03 05:57:55,717 [inflora.py] => [InfLoRA] Layer 10: 8/768 type remove
2026-07-03 05:57:55,717 [inflora.py] => [InfLoRA] Layer 11: 2/768 type remove
2026-07-03 05:57:55,717 [inflora.py] => [InfLoRA] Layer 12: 3/768 type remove
2026-07-03 05:57:59,236 [stream_mixin.py] => [stream eval] completed  1 | CIL 96.40 | TIL 96.40 | TIL/task [96.4]
2026-07-03 06:02:16,706 [inflora.py] => [InfLoRA] DualGPM threshold: 0.9525
2026-07-03 06:02:21,054 [inflora.py] => [InfLoRA] Layer 1: 7/768 type remove
2026-07-03 06:02:21,054 [inflora.py] => [InfLoRA] Layer 2: 11/768 type remove
2026-07-03 06:02:21,054 [inflora.py] => [InfLoRA] Layer 3: 15/768 type remove
2026-07-03 06:02:21,054 [inflora.py] => [InfLoRA] Layer 4: 16/768 type remove
2026-07-03 06:02:21,054 [inflora.py] => [InfLoRA] Layer 5: 24/768 type remove
2026-07-03 06:02:21,054 [inflora.py] => [InfLoRA] Layer 6: 26/768 type remove
2026-07-03 06:02:21,054 [inflora.py] => [InfLoRA] Layer 7: 26/768 type remove
2026-07-03 06:02:21,054 [inflora.py] => [InfLoRA] Layer 8: 28/768 type remove
2026-07-03 06:02:21,054 [inflora.py] => [InfLoRA] Layer 9: 22/768 type remove
2026-07-03 06:02:21,055 [inflora.py] => [InfLoRA] Layer 10: 13/768 type remove
2026-07-03 06:02:21,055 [inflora.py] => [InfLoRA] Layer 11: 4/768 type remove
2026-07-03 06:02:21,055 [inflora.py] => [InfLoRA] Layer 12: 5/768 type remove
2026-07-03 06:02:31,792 [stream_mixin.py] => [stream eval] completed  3 | CIL 72.80 | TIL 97.13 | TIL/task [93.0, 99.6, 98.8]
2026-07-03 06:06:55,282 [inflora.py] => [InfLoRA] DualGPM threshold: 0.9550
2026-07-03 06:06:59,550 [inflora.py] => [InfLoRA] Layer 1: 7/768 type remove
2026-07-03 06:06:59,550 [inflora.py] => [InfLoRA] Layer 2: 12/768 type remove
2026-07-03 06:06:59,550 [inflora.py] => [InfLoRA] Layer 3: 17/768 type remove
2026-07-03 06:06:59,550 [inflora.py] => [InfLoRA] Layer 4: 21/768 type remove
2026-07-03 06:06:59,550 [inflora.py] => [InfLoRA] Layer 5: 31/768 type remove
2026-07-03 06:06:59,550 [inflora.py] => [InfLoRA] Layer 6: 32/768 type remove
2026-07-03 06:06:59,550 [inflora.py] => [InfLoRA] Layer 7: 34/768 type remove
2026-07-03 06:06:59,550 [inflora.py] => [InfLoRA] Layer 8: 38/768 type remove
2026-07-03 06:06:59,550 [inflora.py] => [InfLoRA] Layer 9: 29/768 type remove
2026-07-03 06:06:59,550 [inflora.py] => [InfLoRA] Layer 10: 19/768 type remove
2026-07-03 06:06:59,550 [inflora.py] => [InfLoRA] Layer 11: 7/768 type remove
2026-07-03 06:06:59,550 [inflora.py] => [InfLoRA] Layer 12: 8/768 type remove
2026-07-03 06:07:14,028 [stream_mixin.py] => [stream eval] completed  4 | CIL 50.35 | TIL 93.50 | TIL/task [86.2, 97.8, 93.6, 96.4]
2026-07-03 06:11:43,275 [inflora.py] => [InfLoRA] DualGPM threshold: 0.9575
2026-07-03 06:11:47,534 [inflora.py] => [InfLoRA] Layer 1: 7/768 type remove
2026-07-03 06:11:47,534 [inflora.py] => [InfLoRA] Layer 2: 13/768 type remove
2026-07-03 06:11:47,534 [inflora.py] => [InfLoRA] Layer 3: 19/768 type remove
2026-07-03 06:11:47,534 [inflora.py] => [InfLoRA] Layer 4: 24/768 type remove
2026-07-03 06:11:47,534 [inflora.py] => [InfLoRA] Layer 5: 35/768 type remove
2026-07-03 06:11:47,534 [inflora.py] => [InfLoRA] Layer 6: 38/768 type remove
2026-07-03 06:11:47,534 [inflora.py] => [InfLoRA] Layer 7: 41/768 type remove
2026-07-03 06:11:47,534 [inflora.py] => [InfLoRA] Layer 8: 48/768 type remove
2026-07-03 06:11:47,535 [inflora.py] => [InfLoRA] Layer 9: 39/768 type remove
2026-07-03 06:11:47,535 [inflora.py] => [InfLoRA] Layer 10: 26/768 type remove
2026-07-03 06:11:47,535 [inflora.py] => [InfLoRA] Layer 11: 10/768 type remove
2026-07-03 06:11:47,535 [inflora.py] => [InfLoRA] Layer 12: 11/768 type remove
2026-07-03 06:12:09,748 [stream_mixin.py] => [stream eval] completed  6 | CIL 43.77 | TIL 90.30 | TIL/task [89.4, 97.0, 87.2, 85.2, 94.0, 89.0]
2026-07-03 06:16:44,293 [inflora.py] => [InfLoRA] DualGPM threshold: 0.9600
2026-07-03 06:16:48,623 [inflora.py] => [InfLoRA] Layer 1: 7/768 type remove
2026-07-03 06:16:48,623 [inflora.py] => [InfLoRA] Layer 2: 14/768 type remove
2026-07-03 06:16:48,623 [inflora.py] => [InfLoRA] Layer 3: 21/768 type remove
2026-07-03 06:16:48,623 [inflora.py] => [InfLoRA] Layer 4: 27/768 type remove
2026-07-03 06:16:48,623 [inflora.py] => [InfLoRA] Layer 5: 39/768 type remove
2026-07-03 06:16:48,623 [inflora.py] => [InfLoRA] Layer 6: 44/768 type remove
2026-07-03 06:16:48,623 [inflora.py] => [InfLoRA] Layer 7: 47/768 type remove
2026-07-03 06:16:48,623 [inflora.py] => [InfLoRA] Layer 8: 56/768 type remove
2026-07-03 06:16:48,623 [inflora.py] => [InfLoRA] Layer 9: 48/768 type remove
2026-07-03 06:16:48,623 [inflora.py] => [InfLoRA] Layer 10: 31/768 type remove
2026-07-03 06:16:48,623 [inflora.py] => [InfLoRA] Layer 11: 13/768 type remove
2026-07-03 06:16:48,623 [inflora.py] => [InfLoRA] Layer 12: 15/768 type remove
2026-07-03 06:17:14,953 [stream_mixin.py] => [stream eval] completed  7 | CIL 35.40 | TIL 86.03 | TIL/task [92.4, 94.4, 69.2, 82.2, 88.0, 78.0, 98.0]
2026-07-03 06:21:55,461 [inflora.py] => [InfLoRA] DualGPM threshold: 0.9625
2026-07-03 06:21:59,911 [inflora.py] => [InfLoRA] Layer 1: 7/768 type remove
2026-07-03 06:21:59,911 [inflora.py] => [InfLoRA] Layer 2: 15/768 type remove
2026-07-03 06:21:59,911 [inflora.py] => [InfLoRA] Layer 3: 23/768 type remove
2026-07-03 06:21:59,911 [inflora.py] => [InfLoRA] Layer 4: 30/768 type remove
2026-07-03 06:21:59,911 [inflora.py] => [InfLoRA] Layer 5: 44/768 type remove
2026-07-03 06:21:59,911 [inflora.py] => [InfLoRA] Layer 6: 51/768 type remove
2026-07-03 06:21:59,911 [inflora.py] => [InfLoRA] Layer 7: 55/768 type remove
2026-07-03 06:21:59,911 [inflora.py] => [InfLoRA] Layer 8: 67/768 type remove
2026-07-03 06:21:59,911 [inflora.py] => [InfLoRA] Layer 9: 58/768 type remove
2026-07-03 06:21:59,912 [inflora.py] => [InfLoRA] Layer 10: 37/768 type remove
2026-07-03 06:21:59,912 [inflora.py] => [InfLoRA] Layer 11: 16/768 type remove
2026-07-03 06:21:59,912 [inflora.py] => [InfLoRA] Layer 12: 19/768 type remove
2026-07-03 06:22:34,316 [stream_mixin.py] => [stream eval] completed  9 | CIL 40.00 | TIL 85.71 | TIL/task [90.6, 95.6, 57.0, 68.6, 91.8, 72.8, 96.2, 99.4, 99.4]
2026-07-03 06:27:21,470 [inflora.py] => [InfLoRA] DualGPM threshold: 0.9650
2026-07-03 06:27:25,607 [inflora.py] => [InfLoRA] Layer 1: 7/768 type remove
2026-07-03 06:27:25,607 [inflora.py] => [InfLoRA] Layer 2: 16/768 type remove
2026-07-03 06:27:25,607 [inflora.py] => [InfLoRA] Layer 3: 25/768 type remove
2026-07-03 06:27:25,607 [inflora.py] => [InfLoRA] Layer 4: 33/768 type remove
2026-07-03 06:27:25,607 [inflora.py] => [InfLoRA] Layer 5: 48/768 type remove
2026-07-03 06:27:25,607 [inflora.py] => [InfLoRA] Layer 6: 57/768 type remove
2026-07-03 06:27:25,607 [inflora.py] => [InfLoRA] Layer 7: 60/768 type remove
2026-07-03 06:27:25,607 [inflora.py] => [InfLoRA] Layer 8: 74/768 type remove
2026-07-03 06:27:25,607 [inflora.py] => [InfLoRA] Layer 9: 64/768 type remove
2026-07-03 06:27:25,607 [inflora.py] => [InfLoRA] Layer 10: 42/768 type remove
2026-07-03 06:27:25,607 [inflora.py] => [InfLoRA] Layer 11: 19/768 type remove
2026-07-03 06:27:25,607 [inflora.py] => [InfLoRA] Layer 12: 22/768 type remove
2026-07-03 06:28:04,775 [stream_mixin.py] => [stream eval] completed 10 | CIL 32.78 | TIL 81.32 | TIL/task [77.8, 73.6, 54.0, 74.0, 93.0, 59.0, 91.8, 96.6, 95.2, 98.2]
2026-07-03 06:32:57,059 [inflora.py] => [InfLoRA] DualGPM threshold: 0.9675
2026-07-03 06:33:01,387 [inflora.py] => [InfLoRA] Layer 1: 8/768 type remove
2026-07-03 06:33:01,387 [inflora.py] => [InfLoRA] Layer 2: 17/768 type remove
2026-07-03 06:33:01,387 [inflora.py] => [InfLoRA] Layer 3: 29/768 type remove
2026-07-03 06:33:01,387 [inflora.py] => [InfLoRA] Layer 4: 38/768 type remove
2026-07-03 06:33:01,387 [inflora.py] => [InfLoRA] Layer 5: 56/768 type remove
2026-07-03 06:33:01,387 [inflora.py] => [InfLoRA] Layer 6: 65/768 type remove
2026-07-03 06:33:01,387 [inflora.py] => [InfLoRA] Layer 7: 70/768 type remove
2026-07-03 06:33:01,387 [inflora.py] => [InfLoRA] Layer 8: 87/768 type remove
2026-07-03 06:33:01,387 [inflora.py] => [InfLoRA] Layer 9: 80/768 type remove
2026-07-03 06:33:01,387 [inflora.py] => [InfLoRA] Layer 10: 55/768 type remove
2026-07-03 06:33:01,387 [inflora.py] => [InfLoRA] Layer 11: 26/768 type remove
2026-07-03 06:33:01,387 [inflora.py] => [InfLoRA] Layer 12: 27/768 type remove
2026-07-03 06:33:48,919 [stream_mixin.py] => [stream eval] completed 12 | CIL 34.68 | TIL 82.68 | TIL/task [80.2, 74.0, 56.0, 61.8, 93.4, 60.0, 83.4, 94.6, 92.4, 98.2, 98.8, 99.4]
2026-07-03 06:38:47,260 [inflora.py] => [InfLoRA] DualGPM threshold: 0.9700
2026-07-03 06:38:51,435 [inflora.py] => [InfLoRA] Layer 1: 8/768 type remove
2026-07-03 06:38:51,435 [inflora.py] => [InfLoRA] Layer 2: 18/768 type remove
2026-07-03 06:38:51,435 [inflora.py] => [InfLoRA] Layer 3: 31/768 type remove
2026-07-03 06:38:51,435 [inflora.py] => [InfLoRA] Layer 4: 41/768 type remove
2026-07-03 06:38:51,435 [inflora.py] => [InfLoRA] Layer 5: 61/768 type remove
2026-07-03 06:38:51,435 [inflora.py] => [InfLoRA] Layer 6: 71/768 type remove
2026-07-03 06:38:51,435 [inflora.py] => [InfLoRA] Layer 7: 77/768 type remove
2026-07-03 06:38:51,435 [inflora.py] => [InfLoRA] Layer 8: 98/768 type remove
2026-07-03 06:38:51,435 [inflora.py] => [InfLoRA] Layer 9: 88/768 type remove
2026-07-03 06:38:51,435 [inflora.py] => [InfLoRA] Layer 10: 65/768 type remove
2026-07-03 06:38:51,435 [inflora.py] => [InfLoRA] Layer 11: 31/768 type remove
2026-07-03 06:38:51,435 [inflora.py] => [InfLoRA] Layer 12: 30/768 type remove
2026-07-03 06:39:43,886 [stream_mixin.py] => [stream eval] completed 13 | CIL 26.20 | TIL 77.38 | TIL/task [71.4, 79.0, 43.2, 65.8, 82.8, 46.4, 69.4, 89.4, 83.8, 89.0, 96.0, 93.8, 96.0]
2026-07-03 06:44:47,584 [inflora.py] => [InfLoRA] DualGPM threshold: 0.9725
2026-07-03 06:44:51,903 [inflora.py] => [InfLoRA] Layer 1: 8/768 type remove
2026-07-03 06:44:51,903 [inflora.py] => [InfLoRA] Layer 2: 20/768 type remove
2026-07-03 06:44:51,903 [inflora.py] => [InfLoRA] Layer 3: 33/768 type remove
2026-07-03 06:44:51,903 [inflora.py] => [InfLoRA] Layer 4: 44/768 type remove
2026-07-03 06:44:51,903 [inflora.py] => [InfLoRA] Layer 5: 64/768 type remove
2026-07-03 06:44:51,903 [inflora.py] => [InfLoRA] Layer 6: 76/768 type remove
2026-07-03 06:44:51,903 [inflora.py] => [InfLoRA] Layer 7: 84/768 type remove
2026-07-03 06:44:51,903 [inflora.py] => [InfLoRA] Layer 8: 106/768 type remove
2026-07-03 06:44:51,903 [inflora.py] => [InfLoRA] Layer 9: 100/768 type remove
2026-07-03 06:44:51,903 [inflora.py] => [InfLoRA] Layer 10: 74/768 type remove
2026-07-03 06:44:51,903 [inflora.py] => [InfLoRA] Layer 11: 39/768 type remove
2026-07-03 06:44:51,903 [inflora.py] => [InfLoRA] Layer 12: 37/768 type remove
2026-07-03 06:45:53,475 [stream_mixin.py] => [stream eval] completed 15 | CIL 20.93 | TIL 73.37 | TIL/task [58.2, 77.6, 46.0, 56.8, 60.0, 31.2, 74.8, 82.4, 73.6, 79.2, 95.8, 83.2, 88.4, 93.8, 99.6]
2026-07-03 06:51:02,977 [inflora.py] => [InfLoRA] DualGPM threshold: 0.9750
2026-07-03 06:51:07,263 [inflora.py] => [InfLoRA] Layer 1: 8/768 type remove
2026-07-03 06:51:07,263 [inflora.py] => [InfLoRA] Layer 2: 21/768 type remove
2026-07-03 06:51:07,263 [inflora.py] => [InfLoRA] Layer 3: 35/768 type remove
2026-07-03 06:51:07,263 [inflora.py] => [InfLoRA] Layer 4: 48/768 type remove
2026-07-03 06:51:07,263 [inflora.py] => [InfLoRA] Layer 5: 68/768 type remove
2026-07-03 06:51:07,263 [inflora.py] => [InfLoRA] Layer 6: 84/768 type remove
2026-07-03 06:51:07,263 [inflora.py] => [InfLoRA] Layer 7: 92/768 type remove
2026-07-03 06:51:07,263 [inflora.py] => [InfLoRA] Layer 8: 115/768 type remove
2026-07-03 06:51:07,263 [inflora.py] => [InfLoRA] Layer 9: 108/768 type remove
2026-07-03 06:51:07,263 [inflora.py] => [InfLoRA] Layer 10: 83/768 type remove
2026-07-03 06:51:07,263 [inflora.py] => [InfLoRA] Layer 11: 44/768 type remove
2026-07-03 06:51:07,263 [inflora.py] => [InfLoRA] Layer 12: 40/768 type remove
2026-07-03 06:52:14,028 [stream_mixin.py] => [stream eval] completed 16 | CIL 15.68 | TIL 73.10 | TIL/task [58.4, 86.8, 44.8, 65.4, 61.0, 34.2, 76.2, 81.4, 71.0, 82.4, 89.6, 63.2, 73.6, 87.2, 96.4, 98.0]
2026-07-03 06:57:29,535 [inflora.py] => [InfLoRA] DualGPM threshold: 0.9775
2026-07-03 06:57:33,632 [inflora.py] => [InfLoRA] Layer 1: 9/768 type remove
2026-07-03 06:57:33,632 [inflora.py] => [InfLoRA] Layer 2: 22/768 type remove
2026-07-03 06:57:33,632 [inflora.py] => [InfLoRA] Layer 3: 39/768 type remove
2026-07-03 06:57:33,632 [inflora.py] => [InfLoRA] Layer 4: 51/768 type remove
2026-07-03 06:57:33,632 [inflora.py] => [InfLoRA] Layer 5: 72/768 type remove
2026-07-03 06:57:33,632 [inflora.py] => [InfLoRA] Layer 6: 89/768 type remove
2026-07-03 06:57:33,632 [inflora.py] => [InfLoRA] Layer 7: 98/768 type remove
2026-07-03 06:57:33,632 [inflora.py] => [InfLoRA] Layer 8: 121/768 type remove
2026-07-03 06:57:33,632 [inflora.py] => [InfLoRA] Layer 9: 119/768 type remove
2026-07-03 06:57:33,632 [inflora.py] => [InfLoRA] Layer 10: 95/768 type remove
2026-07-03 06:57:33,632 [inflora.py] => [InfLoRA] Layer 11: 52/768 type remove
2026-07-03 06:57:33,632 [inflora.py] => [InfLoRA] Layer 12: 45/768 type remove
2026-07-03 06:58:50,120 [stream_mixin.py] => [stream eval] completed 18 | CIL 18.19 | TIL 76.92 | TIL/task [71.6, 78.6, 42.6, 69.0, 72.6, 34.6, 70.6, 81.4, 76.8, 76.2, 93.6, 71.2, 74.6, 81.0, 97.6, 94.4, 99.0, 99.2]
2026-07-03 07:04:12,890 [inflora.py] => [InfLoRA] DualGPM threshold: 0.9800
2026-07-03 07:04:17,184 [inflora.py] => [InfLoRA] Layer 1: 9/768 type remove
2026-07-03 07:04:17,184 [inflora.py] => [InfLoRA] Layer 2: 23/768 type remove
2026-07-03 07:04:17,184 [inflora.py] => [InfLoRA] Layer 3: 43/768 type remove
2026-07-03 07:04:17,184 [inflora.py] => [InfLoRA] Layer 4: 55/768 type remove
2026-07-03 07:04:17,184 [inflora.py] => [InfLoRA] Layer 5: 80/768 type remove
2026-07-03 07:04:17,184 [inflora.py] => [InfLoRA] Layer 6: 100/768 type remove
2026-07-03 07:04:17,184 [inflora.py] => [InfLoRA] Layer 7: 111/768 type remove
2026-07-03 07:04:17,184 [inflora.py] => [InfLoRA] Layer 8: 140/768 type remove
2026-07-03 07:04:17,184 [inflora.py] => [InfLoRA] Layer 9: 142/768 type remove
2026-07-03 07:04:17,184 [inflora.py] => [InfLoRA] Layer 10: 111/768 type remove
2026-07-03 07:04:17,184 [inflora.py] => [InfLoRA] Layer 11: 63/768 type remove
2026-07-03 07:04:17,184 [inflora.py] => [InfLoRA] Layer 12: 51/768 type remove
2026-07-03 07:05:39,136 [stream_mixin.py] => [stream eval] completed 19 | CIL 11.12 | TIL 58.84 | TIL/task [49.6, 54.2, 36.8, 46.2, 50.4, 22.4, 49.4, 59.2, 54.4, 51.4, 90.2, 40.2, 46.4, 60.2, 66.2, 72.0, 89.8, 83.0, 96.0]
2026-07-03 07:07:44,633 [inflora.py] => [InfLoRA] DualGPM threshold: 0.9825
2026-07-03 07:07:48,862 [inflora.py] => [InfLoRA] Layer 1: 9/768 type remove
2026-07-03 07:07:48,863 [inflora.py] => [InfLoRA] Layer 2: 25/768 type remove
2026-07-03 07:07:48,863 [inflora.py] => [InfLoRA] Layer 3: 47/768 type remove
2026-07-03 07:07:48,863 [inflora.py] => [InfLoRA] Layer 4: 61/768 type remove
2026-07-03 07:07:48,863 [inflora.py] => [InfLoRA] Layer 5: 87/768 type remove
2026-07-03 07:07:48,863 [inflora.py] => [InfLoRA] Layer 6: 111/768 type remove
2026-07-03 07:07:48,863 [inflora.py] => [InfLoRA] Layer 7: 127/768 type remove
2026-07-03 07:07:48,863 [inflora.py] => [InfLoRA] Layer 8: 159/768 type remove
2026-07-03 07:07:48,863 [inflora.py] => [InfLoRA] Layer 9: 166/768 type remove
2026-07-03 07:07:48,863 [inflora.py] => [InfLoRA] Layer 10: 131/768 type remove
2026-07-03 07:07:48,863 [inflora.py] => [InfLoRA] Layer 11: 72/768 type remove
2026-07-03 07:07:48,863 [inflora.py] => [InfLoRA] Layer 12: 56/768 type remove
2026-07-03 07:09:16,564 [stream_mixin.py] => [stream eval] completed 20 | CIL 15.75 | TIL 65.28 | TIL/task [62.0, 64.2, 35.4, 65.6, 61.6, 23.0, 52.2, 66.6, 67.0, 50.4, 89.6, 49.4, 48.0, 68.4, 69.2, 69.6, 90.8, 77.4, 96.4, 98.8]
2026-07-03 07:09:16,565 [trainer.py] => [stream] completed-task checkpoints: [1, 3, 4, 6, 7, 9, 10, 12, 13, 15, 16, 18, 19, 20]
2026-07-03 07:09:16,565 [trainer.py] => [stream] CIL curve: [96.4, 72.8, 50.35, 43.77, 35.4, 40.0, 32.78, 34.68, 26.2, 20.93, 15.68, 18.19, 11.12, 15.75]
2026-07-03 07:09:16,565 [trainer.py] => [stream] TIL curve: [96.4, 97.13, 93.5, 90.3, 86.03, 85.71, 81.32, 82.68, 77.38, 73.37, 73.1, 76.92, 58.84, 65.28]
2026-07-03 07:09:16,565 [trainer.py] => [stream] FINAL  CIL 15.75 | TIL 65.28  (over 20 tasks)
