2026-06-19 20:07:05,402 [trainer.py] => config: ./exps/inflora_20t.json
2026-06-19 20:07:05,402 [trainer.py] => prefix: cifar20t
2026-06-19 20:07:05,402 [trainer.py] => dataset: cifar224
2026-06-19 20:07:05,402 [trainer.py] => memory_size: 0
2026-06-19 20:07:05,402 [trainer.py] => memory_per_class: 0
2026-06-19 20:07:05,402 [trainer.py] => fixed_memory: False
2026-06-19 20:07:05,402 [trainer.py] => shuffle: True
2026-06-19 20:07:05,402 [trainer.py] => init_cls: 5
2026-06-19 20:07:05,402 [trainer.py] => increment: 5
2026-06-19 20:07:05,402 [trainer.py] => model_name: inflora
2026-06-19 20:07:05,403 [trainer.py] => backbone_type: vit_base_patch16_224_lora
2026-06-19 20:07:05,403 [trainer.py] => device: [device(type='cuda', index=0)]
2026-06-19 20:07:05,403 [trainer.py] => seed: 1993
2026-06-19 20:07:05,403 [trainer.py] => scenario: both
2026-06-19 20:07:05,403 [trainer.py] => lora_rank: 10
2026-06-19 20:07:05,403 [trainer.py] => lora_alpha: None
2026-06-19 20:07:05,403 [trainer.py] => lora_merge: True
2026-06-19 20:07:05,403 [trainer.py] => lamb: 0.95
2026-06-19 20:07:05,403 [trainer.py] => lame: 1.0
2026-06-19 20:07:05,403 [trainer.py] => tuned_epoch: 10
2026-06-19 20:07:05,403 [trainer.py] => init_lr: 0.0005
2026-06-19 20:07:05,403 [trainer.py] => batch_size: 48
2026-06-19 20:07:05,403 [trainer.py] => weight_decay: 0.0005
2026-06-19 20:07:05,403 [trainer.py] => min_lr: 0.0
2026-06-19 20:07:05,403 [trainer.py] => pretrained: True
2026-06-19 20:07:05,403 [trainer.py] => print_forget: True
2026-06-19 20:07:07,075 [data_manager.py] => [68, 56, 78, 8, 23, 84, 90, 65, 74, 76, 40, 89, 3, 92, 55, 9, 26, 80, 43, 38, 58, 70, 77, 1, 85, 19, 17, 50, 28, 53, 13, 81, 45, 82, 6, 59, 83, 16, 15, 44, 91, 41, 72, 60, 79, 52, 20, 10, 31, 54, 37, 95, 14, 71, 96, 98, 97, 2, 64, 66, 42, 22, 35, 86, 24, 34, 87, 21, 99, 0, 88, 27, 18, 94, 11, 12, 47, 25, 30, 46, 62, 69, 36, 61, 7, 63, 75, 5, 32, 4, 51, 48, 73, 93, 39, 67, 29, 49, 57, 33]
2026-06-19 20:07:09,647 [trainer.py] => All params: 93171456
2026-06-19 20:07:09,649 [trainer.py] => Trainable params: 7372800
2026-06-19 20:07:10,282 [inflora.py] => [InfLoRA] Learning on 0-5
2026-06-19 20:07:21,008 [lora.py] => Trainable params this task: 188,165 / 93,175,301
2026-06-19 20:09:54,881 [lora.py] => Task 0 finished. Train_accy 95.72
2026-06-19 20:10:03,772 [inflora.py] => [InfLoRA] DualGPM threshold: 0.9500
2026-06-19 20:10:05,897 [inflora.py] => [InfLoRA] Layer 1: 5/768 type remove
2026-06-19 20:10:05,897 [inflora.py] => [InfLoRA] Layer 2: 8/768 type remove
2026-06-19 20:10:05,897 [inflora.py] => [InfLoRA] Layer 3: 11/768 type remove
2026-06-19 20:10:05,897 [inflora.py] => [InfLoRA] Layer 4: 11/768 type remove
2026-06-19 20:10:05,897 [inflora.py] => [InfLoRA] Layer 5: 15/768 type remove
2026-06-19 20:10:05,897 [inflora.py] => [InfLoRA] Layer 6: 17/768 type remove
2026-06-19 20:10:05,897 [inflora.py] => [InfLoRA] Layer 7: 19/768 type remove
2026-06-19 20:10:05,897 [inflora.py] => [InfLoRA] Layer 8: 19/768 type remove
2026-06-19 20:10:05,897 [inflora.py] => [InfLoRA] Layer 9: 14/768 type remove
2026-06-19 20:10:05,898 [inflora.py] => [InfLoRA] Layer 10: 9/768 type remove
2026-06-19 20:10:05,898 [inflora.py] => [InfLoRA] Layer 11: 3/768 type remove
2026-06-19 20:10:05,898 [inflora.py] => [InfLoRA] Layer 12: 5/768 type remove
2026-06-19 20:10:10,412 [til_base.py] => TIL top1: 100.0
2026-06-19 20:10:10,413 [til_base.py] => CIL top1: 100.0 | TIL top1: 100.0
2026-06-19 20:10:10,413 [trainer.py] => No NME accuracy.
2026-06-19 20:10:10,413 [trainer.py] => CNN: {'total': np.float64(100.0), '00-04': np.float64(100.0), 'old': 0, 'new': np.float64(100.0)}
2026-06-19 20:10:10,413 [trainer.py] => CNN top1 curve: [np.float64(100.0)]
2026-06-19 20:10:10,413 [trainer.py] => CNN top5 curve: [np.float64(100.0)]

2026-06-19 20:10:10,413 [trainer.py] => Average Accuracy (CNN): 100.0 

2026-06-19 20:10:10,416 [trainer.py] => All params: 93175301
2026-06-19 20:10:10,418 [trainer.py] => Trainable params: 188165
2026-06-19 20:10:10,419 [inflora.py] => [InfLoRA] Learning on 5-10
2026-06-19 20:10:20,881 [lora.py] => Trainable params this task: 192,010 / 93,179,146
2026-06-19 20:12:58,507 [lora.py] => Task 1 finished. Train_accy 94.76
2026-06-19 20:13:07,665 [inflora.py] => [InfLoRA] DualGPM threshold: 0.9525
2026-06-19 20:13:11,946 [inflora.py] => [InfLoRA] Layer 1: 7/768 type remove
2026-06-19 20:13:11,946 [inflora.py] => [InfLoRA] Layer 2: 9/768 type remove
2026-06-19 20:13:11,947 [inflora.py] => [InfLoRA] Layer 3: 14/768 type remove
2026-06-19 20:13:11,947 [inflora.py] => [InfLoRA] Layer 4: 14/768 type remove
2026-06-19 20:13:11,947 [inflora.py] => [InfLoRA] Layer 5: 19/768 type remove
2026-06-19 20:13:11,947 [inflora.py] => [InfLoRA] Layer 6: 23/768 type remove
2026-06-19 20:13:11,947 [inflora.py] => [InfLoRA] Layer 7: 25/768 type remove
2026-06-19 20:13:11,947 [inflora.py] => [InfLoRA] Layer 8: 28/768 type remove
2026-06-19 20:13:11,947 [inflora.py] => [InfLoRA] Layer 9: 29/768 type remove
2026-06-19 20:13:11,947 [inflora.py] => [InfLoRA] Layer 10: 24/768 type remove
2026-06-19 20:13:11,947 [inflora.py] => [InfLoRA] Layer 11: 8/768 type remove
2026-06-19 20:13:11,947 [inflora.py] => [InfLoRA] Layer 12: 13/768 type remove
2026-06-19 20:13:20,379 [til_base.py] => TIL top1: 98.9
2026-06-19 20:13:20,379 [til_base.py] => CIL top1: 95.4 | TIL top1: 98.9
2026-06-19 20:13:20,379 [trainer.py] => No NME accuracy.
2026-06-19 20:13:20,379 [trainer.py] => CNN: {'total': np.float64(95.4), '00-04': np.float64(93.4), '05-09': np.float64(97.4), 'old': np.float64(93.4), 'new': np.float64(97.4)}
2026-06-19 20:13:20,379 [trainer.py] => CNN top1 curve: [np.float64(100.0), np.float64(95.4)]
2026-06-19 20:13:20,379 [trainer.py] => CNN top5 curve: [np.float64(100.0), np.float64(99.9)]

2026-06-19 20:13:20,379 [trainer.py] => Average Accuracy (CNN): 97.7 

2026-06-19 20:13:20,382 [trainer.py] => All params: 93179146
2026-06-19 20:13:20,384 [trainer.py] => Trainable params: 192010
2026-06-19 20:13:20,385 [inflora.py] => [InfLoRA] Learning on 10-15
2026-06-19 20:13:31,025 [lora.py] => Trainable params this task: 195,855 / 93,182,991
2026-06-19 20:16:12,435 [lora.py] => Task 2 finished. Train_accy 94.52
2026-06-19 20:16:21,751 [inflora.py] => [InfLoRA] DualGPM threshold: 0.9550
2026-06-19 20:16:25,946 [inflora.py] => [InfLoRA] Layer 1: 7/768 type remove
2026-06-19 20:16:25,946 [inflora.py] => [InfLoRA] Layer 2: 10/768 type remove
2026-06-19 20:16:25,946 [inflora.py] => [InfLoRA] Layer 3: 16/768 type remove
2026-06-19 20:16:25,947 [inflora.py] => [InfLoRA] Layer 4: 16/768 type remove
2026-06-19 20:16:25,947 [inflora.py] => [InfLoRA] Layer 5: 23/768 type remove
2026-06-19 20:16:25,947 [inflora.py] => [InfLoRA] Layer 6: 28/768 type remove
2026-06-19 20:16:25,947 [inflora.py] => [InfLoRA] Layer 7: 30/768 type remove
2026-06-19 20:16:25,947 [inflora.py] => [InfLoRA] Layer 8: 34/768 type remove
2026-06-19 20:16:25,947 [inflora.py] => [InfLoRA] Layer 9: 35/768 type remove
2026-06-19 20:16:25,947 [inflora.py] => [InfLoRA] Layer 10: 31/768 type remove
2026-06-19 20:16:25,947 [inflora.py] => [InfLoRA] Layer 11: 11/768 type remove
2026-06-19 20:16:25,947 [inflora.py] => [InfLoRA] Layer 12: 18/768 type remove
2026-06-19 20:16:38,388 [til_base.py] => TIL top1: 98.47
2026-06-19 20:16:38,388 [til_base.py] => CIL top1: 93.47 | TIL top1: 98.47
2026-06-19 20:16:38,388 [trainer.py] => No NME accuracy.
2026-06-19 20:16:38,388 [trainer.py] => CNN: {'total': np.float64(93.47), '00-04': np.float64(91.2), '05-09': np.float64(95.6), '10-14': np.float64(93.6), 'old': np.float64(93.4), 'new': np.float64(93.6)}
2026-06-19 20:16:38,388 [trainer.py] => CNN top1 curve: [np.float64(100.0), np.float64(95.4), np.float64(93.47)]
2026-06-19 20:16:38,388 [trainer.py] => CNN top5 curve: [np.float64(100.0), np.float64(99.9), np.float64(99.53)]

2026-06-19 20:16:38,388 [trainer.py] => Average Accuracy (CNN): 96.29 

2026-06-19 20:16:38,391 [trainer.py] => All params: 93182991
2026-06-19 20:16:38,393 [trainer.py] => Trainable params: 195855
2026-06-19 20:16:38,394 [inflora.py] => [InfLoRA] Learning on 15-20
2026-06-19 20:16:49,467 [lora.py] => Trainable params this task: 199,700 / 93,186,836
2026-06-19 20:19:34,469 [lora.py] => Task 3 finished. Train_accy 94.32
2026-06-19 20:19:43,951 [inflora.py] => [InfLoRA] DualGPM threshold: 0.9575
2026-06-19 20:19:48,182 [inflora.py] => [InfLoRA] Layer 1: 8/768 type remove
2026-06-19 20:19:48,182 [inflora.py] => [InfLoRA] Layer 2: 10/768 type remove
2026-06-19 20:19:48,183 [inflora.py] => [InfLoRA] Layer 3: 17/768 type remove
2026-06-19 20:19:48,183 [inflora.py] => [InfLoRA] Layer 4: 17/768 type remove
2026-06-19 20:19:48,183 [inflora.py] => [InfLoRA] Layer 5: 24/768 type remove
2026-06-19 20:19:48,183 [inflora.py] => [InfLoRA] Layer 6: 31/768 type remove
2026-06-19 20:19:48,183 [inflora.py] => [InfLoRA] Layer 7: 33/768 type remove
2026-06-19 20:19:48,183 [inflora.py] => [InfLoRA] Layer 8: 39/768 type remove
2026-06-19 20:19:48,183 [inflora.py] => [InfLoRA] Layer 9: 42/768 type remove
2026-06-19 20:19:48,183 [inflora.py] => [InfLoRA] Layer 10: 38/768 type remove
2026-06-19 20:19:48,183 [inflora.py] => [InfLoRA] Layer 11: 16/768 type remove
2026-06-19 20:19:48,183 [inflora.py] => [InfLoRA] Layer 12: 22/768 type remove
2026-06-19 20:20:04,608 [til_base.py] => TIL top1: 98.45
2026-06-19 20:20:04,609 [til_base.py] => CIL top1: 90.65 | TIL top1: 98.45
2026-06-19 20:20:04,609 [trainer.py] => No NME accuracy.
2026-06-19 20:20:04,609 [trainer.py] => CNN: {'total': np.float64(90.65), '00-04': np.float64(89.2), '05-09': np.float64(95.2), '10-14': np.float64(92.4), '15-19': np.float64(85.8), 'old': np.float64(92.27), 'new': np.float64(85.8)}
2026-06-19 20:20:04,609 [trainer.py] => CNN top1 curve: [np.float64(100.0), np.float64(95.4), np.float64(93.47), np.float64(90.65)]
2026-06-19 20:20:04,609 [trainer.py] => CNN top5 curve: [np.float64(100.0), np.float64(99.9), np.float64(99.53), np.float64(98.65)]

2026-06-19 20:20:04,609 [trainer.py] => Average Accuracy (CNN): 94.88 

2026-06-19 20:20:04,615 [trainer.py] => All params: 93186836
2026-06-19 20:20:04,620 [trainer.py] => Trainable params: 199700
2026-06-19 20:20:04,621 [inflora.py] => [InfLoRA] Learning on 20-25
2026-06-19 20:20:15,705 [lora.py] => Trainable params this task: 203,545 / 93,190,681
2026-06-19 20:23:04,347 [lora.py] => Task 4 finished. Train_accy 96.68
2026-06-19 20:23:14,034 [inflora.py] => [InfLoRA] DualGPM threshold: 0.9600
2026-06-19 20:23:18,337 [inflora.py] => [InfLoRA] Layer 1: 8/768 type remove
2026-06-19 20:23:18,337 [inflora.py] => [InfLoRA] Layer 2: 11/768 type remove
2026-06-19 20:23:18,337 [inflora.py] => [InfLoRA] Layer 3: 18/768 type remove
2026-06-19 20:23:18,337 [inflora.py] => [InfLoRA] Layer 4: 20/768 type remove
2026-06-19 20:23:18,337 [inflora.py] => [InfLoRA] Layer 5: 28/768 type remove
2026-06-19 20:23:18,337 [inflora.py] => [InfLoRA] Layer 6: 35/768 type remove
2026-06-19 20:23:18,337 [inflora.py] => [InfLoRA] Layer 7: 36/768 type remove
2026-06-19 20:23:18,337 [inflora.py] => [InfLoRA] Layer 8: 46/768 type remove
2026-06-19 20:23:18,337 [inflora.py] => [InfLoRA] Layer 9: 50/768 type remove
2026-06-19 20:23:18,337 [inflora.py] => [InfLoRA] Layer 10: 45/768 type remove
2026-06-19 20:23:18,337 [inflora.py] => [InfLoRA] Layer 11: 21/768 type remove
2026-06-19 20:23:18,337 [inflora.py] => [InfLoRA] Layer 12: 27/768 type remove
2026-06-19 20:23:39,116 [til_base.py] => TIL top1: 98.2
2026-06-19 20:23:39,116 [til_base.py] => CIL top1: 90.2 | TIL top1: 98.2
2026-06-19 20:23:39,117 [trainer.py] => No NME accuracy.
2026-06-19 20:23:39,117 [trainer.py] => CNN: {'total': np.float64(90.2), '00-04': np.float64(86.8), '05-09': np.float64(93.4), '10-14': np.float64(90.6), '15-19': np.float64(87.0), '20-24': np.float64(93.2), 'old': np.float64(89.45), 'new': np.float64(93.2)}
2026-06-19 20:23:39,117 [trainer.py] => CNN top1 curve: [np.float64(100.0), np.float64(95.4), np.float64(93.47), np.float64(90.65), np.float64(90.2)]
2026-06-19 20:23:39,117 [trainer.py] => CNN top5 curve: [np.float64(100.0), np.float64(99.9), np.float64(99.53), np.float64(98.65), np.float64(98.52)]

2026-06-19 20:23:39,117 [trainer.py] => Average Accuracy (CNN): 93.94399999999999 

2026-06-19 20:23:39,120 [trainer.py] => All params: 93190681
2026-06-19 20:23:39,122 [trainer.py] => Trainable params: 203545
2026-06-19 20:23:39,122 [inflora.py] => [InfLoRA] Learning on 25-30
2026-06-19 20:23:50,326 [lora.py] => Trainable params this task: 207,390 / 93,194,526
2026-06-19 20:26:42,729 [lora.py] => Task 5 finished. Train_accy 96.80
2026-06-19 20:26:52,605 [inflora.py] => [InfLoRA] DualGPM threshold: 0.9625
2026-06-19 20:26:56,840 [inflora.py] => [InfLoRA] Layer 1: 8/768 type remove
2026-06-19 20:26:56,840 [inflora.py] => [InfLoRA] Layer 2: 11/768 type remove
2026-06-19 20:26:56,841 [inflora.py] => [InfLoRA] Layer 3: 19/768 type remove
2026-06-19 20:26:56,841 [inflora.py] => [InfLoRA] Layer 4: 21/768 type remove
2026-06-19 20:26:56,841 [inflora.py] => [InfLoRA] Layer 5: 30/768 type remove
2026-06-19 20:26:56,841 [inflora.py] => [InfLoRA] Layer 6: 38/768 type remove
2026-06-19 20:26:56,841 [inflora.py] => [InfLoRA] Layer 7: 40/768 type remove
2026-06-19 20:26:56,841 [inflora.py] => [InfLoRA] Layer 8: 52/768 type remove
2026-06-19 20:26:56,841 [inflora.py] => [InfLoRA] Layer 9: 58/768 type remove
2026-06-19 20:26:56,841 [inflora.py] => [InfLoRA] Layer 10: 51/768 type remove
2026-06-19 20:26:56,841 [inflora.py] => [InfLoRA] Layer 11: 25/768 type remove
2026-06-19 20:26:56,841 [inflora.py] => [InfLoRA] Layer 12: 31/768 type remove
2026-06-19 20:27:22,089 [til_base.py] => TIL top1: 98.77
2026-06-19 20:27:22,089 [til_base.py] => CIL top1: 88.13 | TIL top1: 98.77
2026-06-19 20:27:22,089 [trainer.py] => No NME accuracy.
2026-06-19 20:27:22,089 [trainer.py] => CNN: {'total': np.float64(88.13), '00-04': np.float64(82.6), '05-09': np.float64(87.8), '10-14': np.float64(89.0), '15-19': np.float64(82.0), '20-24': np.float64(90.0), '25-29': np.float64(97.4), 'old': np.float64(86.28), 'new': np.float64(97.4)}
2026-06-19 20:27:22,090 [trainer.py] => CNN top1 curve: [np.float64(100.0), np.float64(95.4), np.float64(93.47), np.float64(90.65), np.float64(90.2), np.float64(88.13)]
2026-06-19 20:27:22,090 [trainer.py] => CNN top5 curve: [np.float64(100.0), np.float64(99.9), np.float64(99.53), np.float64(98.65), np.float64(98.52), np.float64(98.4)]

2026-06-19 20:27:22,090 [trainer.py] => Average Accuracy (CNN): 92.97499999999998 

2026-06-19 20:27:22,092 [trainer.py] => All params: 93194526
2026-06-19 20:27:22,094 [trainer.py] => Trainable params: 207390
2026-06-19 20:27:22,095 [inflora.py] => [InfLoRA] Learning on 30-35
2026-06-19 20:27:33,560 [lora.py] => Trainable params this task: 211,235 / 93,198,371
2026-06-19 20:30:29,891 [lora.py] => Task 6 finished. Train_accy 94.40
2026-06-19 20:30:39,964 [inflora.py] => [InfLoRA] DualGPM threshold: 0.9650
2026-06-19 20:30:44,270 [inflora.py] => [InfLoRA] Layer 1: 8/768 type remove
2026-06-19 20:30:44,271 [inflora.py] => [InfLoRA] Layer 2: 12/768 type remove
2026-06-19 20:30:44,271 [inflora.py] => [InfLoRA] Layer 3: 21/768 type remove
2026-06-19 20:30:44,271 [inflora.py] => [InfLoRA] Layer 4: 24/768 type remove
2026-06-19 20:30:44,271 [inflora.py] => [InfLoRA] Layer 5: 33/768 type remove
2026-06-19 20:30:44,271 [inflora.py] => [InfLoRA] Layer 6: 42/768 type remove
2026-06-19 20:30:44,271 [inflora.py] => [InfLoRA] Layer 7: 44/768 type remove
2026-06-19 20:30:44,271 [inflora.py] => [InfLoRA] Layer 8: 58/768 type remove
2026-06-19 20:30:44,271 [inflora.py] => [InfLoRA] Layer 9: 62/768 type remove
2026-06-19 20:30:44,271 [inflora.py] => [InfLoRA] Layer 10: 56/768 type remove
2026-06-19 20:30:44,271 [inflora.py] => [InfLoRA] Layer 11: 30/768 type remove
2026-06-19 20:30:44,271 [inflora.py] => [InfLoRA] Layer 12: 35/768 type remove
2026-06-19 20:31:14,076 [til_base.py] => TIL top1: 97.97
2026-06-19 20:31:14,077 [til_base.py] => CIL top1: 84.2 | TIL top1: 97.97
2026-06-19 20:31:14,077 [trainer.py] => No NME accuracy.
2026-06-19 20:31:14,077 [trainer.py] => CNN: {'total': np.float64(84.2), '00-04': np.float64(74.0), '05-09': np.float64(86.0), '10-14': np.float64(91.4), '15-19': np.float64(84.6), '20-24': np.float64(89.8), '25-29': np.float64(97.0), '30-34': np.float64(66.6), 'old': np.float64(87.13), 'new': np.float64(66.6)}
2026-06-19 20:31:14,077 [trainer.py] => CNN top1 curve: [np.float64(100.0), np.float64(95.4), np.float64(93.47), np.float64(90.65), np.float64(90.2), np.float64(88.13), np.float64(84.2)]
2026-06-19 20:31:14,077 [trainer.py] => CNN top5 curve: [np.float64(100.0), np.float64(99.9), np.float64(99.53), np.float64(98.65), np.float64(98.52), np.float64(98.4), np.float64(97.86)]

2026-06-19 20:31:14,077 [trainer.py] => Average Accuracy (CNN): 91.72142857142856 

2026-06-19 20:31:14,083 [trainer.py] => All params: 93198371
2026-06-19 20:31:14,087 [trainer.py] => Trainable params: 211235
2026-06-19 20:31:14,089 [inflora.py] => [InfLoRA] Learning on 35-40
2026-06-19 20:31:25,665 [lora.py] => Trainable params this task: 215,080 / 93,202,216
2026-06-19 20:34:25,517 [lora.py] => Task 7 finished. Train_accy 96.88
2026-06-19 20:34:35,648 [inflora.py] => [InfLoRA] DualGPM threshold: 0.9675
2026-06-19 20:34:39,949 [inflora.py] => [InfLoRA] Layer 1: 8/768 type remove
2026-06-19 20:34:39,949 [inflora.py] => [InfLoRA] Layer 2: 12/768 type remove
2026-06-19 20:34:39,949 [inflora.py] => [InfLoRA] Layer 3: 22/768 type remove
2026-06-19 20:34:39,949 [inflora.py] => [InfLoRA] Layer 4: 25/768 type remove
2026-06-19 20:34:39,949 [inflora.py] => [InfLoRA] Layer 5: 34/768 type remove
2026-06-19 20:34:39,949 [inflora.py] => [InfLoRA] Layer 6: 43/768 type remove
2026-06-19 20:34:39,949 [inflora.py] => [InfLoRA] Layer 7: 48/768 type remove
2026-06-19 20:34:39,949 [inflora.py] => [InfLoRA] Layer 8: 67/768 type remove
2026-06-19 20:34:39,950 [inflora.py] => [InfLoRA] Layer 9: 71/768 type remove
2026-06-19 20:34:39,950 [inflora.py] => [InfLoRA] Layer 10: 67/768 type remove
2026-06-19 20:34:39,950 [inflora.py] => [InfLoRA] Layer 11: 35/768 type remove
2026-06-19 20:34:39,950 [inflora.py] => [InfLoRA] Layer 12: 41/768 type remove
2026-06-19 20:35:14,577 [til_base.py] => TIL top1: 98.05
2026-06-19 20:35:14,578 [til_base.py] => CIL top1: 85.02 | TIL top1: 98.05
2026-06-19 20:35:14,578 [trainer.py] => No NME accuracy.
2026-06-19 20:35:14,578 [trainer.py] => CNN: {'total': np.float64(85.02), '00-04': np.float64(73.2), '05-09': np.float64(85.2), '10-14': np.float64(91.6), '15-19': np.float64(83.4), '20-24': np.float64(89.6), '25-29': np.float64(95.2), '30-34': np.float64(67.8), '35-39': np.float64(94.2), 'old': np.float64(83.71), 'new': np.float64(94.2)}
2026-06-19 20:35:14,578 [trainer.py] => CNN top1 curve: [np.float64(100.0), np.float64(95.4), np.float64(93.47), np.float64(90.65), np.float64(90.2), np.float64(88.13), np.float64(84.2), np.float64(85.02)]
2026-06-19 20:35:14,578 [trainer.py] => CNN top5 curve: [np.float64(100.0), np.float64(99.9), np.float64(99.53), np.float64(98.65), np.float64(98.52), np.float64(98.4), np.float64(97.86), np.float64(97.05)]

2026-06-19 20:35:14,578 [trainer.py] => Average Accuracy (CNN): 90.88374999999999 

2026-06-19 20:35:14,584 [trainer.py] => All params: 93202216
2026-06-19 20:35:14,589 [trainer.py] => Trainable params: 215080
2026-06-19 20:35:14,591 [inflora.py] => [InfLoRA] Learning on 40-45
2026-06-19 20:35:26,354 [lora.py] => Trainable params this task: 218,925 / 93,206,061
2026-06-19 20:38:29,955 [lora.py] => Task 8 finished. Train_accy 95.68
2026-06-19 20:38:40,261 [inflora.py] => [InfLoRA] DualGPM threshold: 0.9700
2026-06-19 20:38:44,508 [inflora.py] => [InfLoRA] Layer 1: 8/768 type remove
2026-06-19 20:38:44,509 [inflora.py] => [InfLoRA] Layer 2: 12/768 type remove
2026-06-19 20:38:44,509 [inflora.py] => [InfLoRA] Layer 3: 23/768 type remove
2026-06-19 20:38:44,509 [inflora.py] => [InfLoRA] Layer 4: 27/768 type remove
2026-06-19 20:38:44,509 [inflora.py] => [InfLoRA] Layer 5: 36/768 type remove
2026-06-19 20:38:44,509 [inflora.py] => [InfLoRA] Layer 6: 46/768 type remove
2026-06-19 20:38:44,509 [inflora.py] => [InfLoRA] Layer 7: 51/768 type remove
2026-06-19 20:38:44,509 [inflora.py] => [InfLoRA] Layer 8: 71/768 type remove
2026-06-19 20:38:44,509 [inflora.py] => [InfLoRA] Layer 9: 76/768 type remove
2026-06-19 20:38:44,509 [inflora.py] => [InfLoRA] Layer 10: 73/768 type remove
2026-06-19 20:38:44,509 [inflora.py] => [InfLoRA] Layer 11: 38/768 type remove
2026-06-19 20:38:44,509 [inflora.py] => [InfLoRA] Layer 12: 46/768 type remove
2026-06-19 20:39:24,063 [til_base.py] => TIL top1: 98.24
2026-06-19 20:39:24,063 [til_base.py] => CIL top1: 84.56 | TIL top1: 98.24
2026-06-19 20:39:24,063 [trainer.py] => No NME accuracy.
2026-06-19 20:39:24,063 [trainer.py] => CNN: {'total': np.float64(84.56), '00-04': np.float64(71.2), '05-09': np.float64(84.8), '10-14': np.float64(89.8), '15-19': np.float64(80.8), '20-24': np.float64(88.8), '25-29': np.float64(93.4), '30-34': np.float64(67.8), '35-39': np.float64(93.8), '40-44': np.float64(90.6), 'old': np.float64(83.8), 'new': np.float64(90.6)}
2026-06-19 20:39:24,063 [trainer.py] => CNN top1 curve: [np.float64(100.0), np.float64(95.4), np.float64(93.47), np.float64(90.65), np.float64(90.2), np.float64(88.13), np.float64(84.2), np.float64(85.02), np.float64(84.56)]
2026-06-19 20:39:24,063 [trainer.py] => CNN top5 curve: [np.float64(100.0), np.float64(99.9), np.float64(99.53), np.float64(98.65), np.float64(98.52), np.float64(98.4), np.float64(97.86), np.float64(97.05), np.float64(97.38)]

2026-06-19 20:39:24,063 [trainer.py] => Average Accuracy (CNN): 90.1811111111111 

2026-06-19 20:39:24,066 [trainer.py] => All params: 93206061
2026-06-19 20:39:24,068 [trainer.py] => Trainable params: 218925
2026-06-19 20:39:24,069 [inflora.py] => [InfLoRA] Learning on 45-50
2026-06-19 20:39:36,215 [lora.py] => Trainable params this task: 222,770 / 93,209,906
2026-06-19 20:42:43,365 [lora.py] => Task 9 finished. Train_accy 97.08
2026-06-19 20:42:53,868 [inflora.py] => [InfLoRA] DualGPM threshold: 0.9725
2026-06-19 20:42:58,166 [inflora.py] => [InfLoRA] Layer 1: 8/768 type remove
2026-06-19 20:42:58,166 [inflora.py] => [InfLoRA] Layer 2: 13/768 type remove
2026-06-19 20:42:58,166 [inflora.py] => [InfLoRA] Layer 3: 25/768 type remove
2026-06-19 20:42:58,166 [inflora.py] => [InfLoRA] Layer 4: 30/768 type remove
2026-06-19 20:42:58,166 [inflora.py] => [InfLoRA] Layer 5: 40/768 type remove
2026-06-19 20:42:58,166 [inflora.py] => [InfLoRA] Layer 6: 50/768 type remove
2026-06-19 20:42:58,166 [inflora.py] => [InfLoRA] Layer 7: 58/768 type remove
2026-06-19 20:42:58,166 [inflora.py] => [InfLoRA] Layer 8: 79/768 type remove
2026-06-19 20:42:58,166 [inflora.py] => [InfLoRA] Layer 9: 83/768 type remove
2026-06-19 20:42:58,166 [inflora.py] => [InfLoRA] Layer 10: 79/768 type remove
2026-06-19 20:42:58,166 [inflora.py] => [InfLoRA] Layer 11: 43/768 type remove
2026-06-19 20:42:58,166 [inflora.py] => [InfLoRA] Layer 12: 51/768 type remove
2026-06-19 20:43:42,652 [til_base.py] => TIL top1: 98.6
2026-06-19 20:43:42,652 [til_base.py] => CIL top1: 81.78 | TIL top1: 98.6
2026-06-19 20:43:42,653 [trainer.py] => No NME accuracy.
2026-06-19 20:43:42,653 [trainer.py] => CNN: {'total': np.float64(81.78), '00-04': np.float64(71.6), '05-09': np.float64(85.8), '10-14': np.float64(85.8), '15-19': np.float64(76.2), '20-24': np.float64(86.2), '25-29': np.float64(91.8), '30-34': np.float64(68.2), '35-39': np.float64(93.6), '40-44': np.float64(92.6), '45-49': np.float64(66.0), 'old': np.float64(83.53), 'new': np.float64(66.0)}
2026-06-19 20:43:42,653 [trainer.py] => CNN top1 curve: [np.float64(100.0), np.float64(95.4), np.float64(93.47), np.float64(90.65), np.float64(90.2), np.float64(88.13), np.float64(84.2), np.float64(85.02), np.float64(84.56), np.float64(81.78)]
2026-06-19 20:43:42,653 [trainer.py] => CNN top5 curve: [np.float64(100.0), np.float64(99.9), np.float64(99.53), np.float64(98.65), np.float64(98.52), np.float64(98.4), np.float64(97.86), np.float64(97.05), np.float64(97.38), np.float64(97.52)]

2026-06-19 20:43:42,653 [trainer.py] => Average Accuracy (CNN): 89.34099999999998 

2026-06-19 20:43:42,655 [trainer.py] => All params: 93209906
2026-06-19 20:43:42,658 [trainer.py] => Trainable params: 222770
2026-06-19 20:43:42,658 [inflora.py] => [InfLoRA] Learning on 50-55
2026-06-19 20:43:54,861 [lora.py] => Trainable params this task: 226,615 / 93,213,751
2026-06-19 20:47:06,110 [lora.py] => Task 10 finished. Train_accy 96.88
2026-06-19 20:47:16,819 [inflora.py] => [InfLoRA] DualGPM threshold: 0.9750
2026-06-19 20:47:21,053 [inflora.py] => [InfLoRA] Layer 1: 8/768 type remove
2026-06-19 20:47:21,053 [inflora.py] => [InfLoRA] Layer 2: 13/768 type remove
2026-06-19 20:47:21,053 [inflora.py] => [InfLoRA] Layer 3: 26/768 type remove
2026-06-19 20:47:21,053 [inflora.py] => [InfLoRA] Layer 4: 31/768 type remove
2026-06-19 20:47:21,053 [inflora.py] => [InfLoRA] Layer 5: 43/768 type remove
2026-06-19 20:47:21,053 [inflora.py] => [InfLoRA] Layer 6: 55/768 type remove
2026-06-19 20:47:21,053 [inflora.py] => [InfLoRA] Layer 7: 62/768 type remove
2026-06-19 20:47:21,053 [inflora.py] => [InfLoRA] Layer 8: 83/768 type remove
2026-06-19 20:47:21,054 [inflora.py] => [InfLoRA] Layer 9: 88/768 type remove
2026-06-19 20:47:21,054 [inflora.py] => [InfLoRA] Layer 10: 85/768 type remove
2026-06-19 20:47:21,054 [inflora.py] => [InfLoRA] Layer 11: 47/768 type remove
2026-06-19 20:47:21,054 [inflora.py] => [InfLoRA] Layer 12: 57/768 type remove
2026-06-19 20:48:10,566 [til_base.py] => TIL top1: 98.75
2026-06-19 20:48:10,566 [til_base.py] => CIL top1: 80.78 | TIL top1: 98.75
2026-06-19 20:48:10,566 [trainer.py] => No NME accuracy.
2026-06-19 20:48:10,566 [trainer.py] => CNN: {'total': np.float64(80.78), '00-04': np.float64(69.2), '05-09': np.float64(86.6), '10-14': np.float64(82.8), '15-19': np.float64(74.4), '20-24': np.float64(86.0), '25-29': np.float64(92.4), '30-34': np.float64(70.2), '35-39': np.float64(94.2), '40-44': np.float64(91.4), '45-49': np.float64(65.4), '50-54': np.float64(76.0), 'old': np.float64(81.26), 'new': np.float64(76.0)}
2026-06-19 20:48:10,566 [trainer.py] => CNN top1 curve: [np.float64(100.0), np.float64(95.4), np.float64(93.47), np.float64(90.65), np.float64(90.2), np.float64(88.13), np.float64(84.2), np.float64(85.02), np.float64(84.56), np.float64(81.78), np.float64(80.78)]
2026-06-19 20:48:10,566 [trainer.py] => CNN top5 curve: [np.float64(100.0), np.float64(99.9), np.float64(99.53), np.float64(98.65), np.float64(98.52), np.float64(98.4), np.float64(97.86), np.float64(97.05), np.float64(97.38), np.float64(97.52), np.float64(97.35)]

2026-06-19 20:48:10,566 [trainer.py] => Average Accuracy (CNN): 88.56272727272726 

2026-06-19 20:48:10,569 [trainer.py] => All params: 93213751
2026-06-19 20:48:10,571 [trainer.py] => Trainable params: 226615
2026-06-19 20:48:10,572 [inflora.py] => [InfLoRA] Learning on 55-60
2026-06-19 20:48:22,980 [lora.py] => Trainable params this task: 230,460 / 93,217,596
2026-06-19 20:51:37,851 [lora.py] => Task 11 finished. Train_accy 91.92
2026-06-19 20:51:48,841 [inflora.py] => [InfLoRA] DualGPM threshold: 0.9775
2026-06-19 20:51:53,112 [inflora.py] => [InfLoRA] Layer 1: 8/768 type remove
2026-06-19 20:51:53,112 [inflora.py] => [InfLoRA] Layer 2: 14/768 type remove
2026-06-19 20:51:53,112 [inflora.py] => [InfLoRA] Layer 3: 29/768 type remove
2026-06-19 20:51:53,112 [inflora.py] => [InfLoRA] Layer 4: 35/768 type remove
2026-06-19 20:51:53,112 [inflora.py] => [InfLoRA] Layer 5: 48/768 type remove
2026-06-19 20:51:53,112 [inflora.py] => [InfLoRA] Layer 6: 63/768 type remove
2026-06-19 20:51:53,112 [inflora.py] => [InfLoRA] Layer 7: 71/768 type remove
2026-06-19 20:51:53,112 [inflora.py] => [InfLoRA] Layer 8: 94/768 type remove
2026-06-19 20:51:53,112 [inflora.py] => [InfLoRA] Layer 9: 104/768 type remove
2026-06-19 20:51:53,112 [inflora.py] => [InfLoRA] Layer 10: 104/768 type remove
2026-06-19 20:51:53,113 [inflora.py] => [InfLoRA] Layer 11: 60/768 type remove
2026-06-19 20:51:53,113 [inflora.py] => [InfLoRA] Layer 12: 62/768 type remove
2026-06-19 20:52:47,936 [til_base.py] => TIL top1: 98.65
2026-06-19 20:52:47,937 [til_base.py] => CIL top1: 81.62 | TIL top1: 98.65
2026-06-19 20:52:47,937 [trainer.py] => No NME accuracy.
2026-06-19 20:52:47,937 [trainer.py] => CNN: {'total': np.float64(81.62), '00-04': np.float64(62.2), '05-09': np.float64(84.2), '10-14': np.float64(87.4), '15-19': np.float64(82.4), '20-24': np.float64(85.6), '25-29': np.float64(92.8), '30-34': np.float64(67.4), '35-39': np.float64(92.6), '40-44': np.float64(88.0), '45-49': np.float64(64.8), '50-54': np.float64(81.4), '55-59': np.float64(90.6), 'old': np.float64(80.8), 'new': np.float64(90.6)}
2026-06-19 20:52:47,937 [trainer.py] => CNN top1 curve: [np.float64(100.0), np.float64(95.4), np.float64(93.47), np.float64(90.65), np.float64(90.2), np.float64(88.13), np.float64(84.2), np.float64(85.02), np.float64(84.56), np.float64(81.78), np.float64(80.78), np.float64(81.62)]
2026-06-19 20:52:47,937 [trainer.py] => CNN top5 curve: [np.float64(100.0), np.float64(99.9), np.float64(99.53), np.float64(98.65), np.float64(98.52), np.float64(98.4), np.float64(97.86), np.float64(97.05), np.float64(97.38), np.float64(97.52), np.float64(97.35), np.float64(97.08)]

2026-06-19 20:52:47,937 [trainer.py] => Average Accuracy (CNN): 87.98416666666667 

2026-06-19 20:52:47,940 [trainer.py] => All params: 93217596
2026-06-19 20:52:47,942 [trainer.py] => Trainable params: 230460
2026-06-19 20:52:47,942 [inflora.py] => [InfLoRA] Learning on 60-65
2026-06-19 20:53:00,649 [lora.py] => Trainable params this task: 234,305 / 93,221,441
2026-06-19 20:56:19,333 [lora.py] => Task 12 finished. Train_accy 96.88
2026-06-19 20:56:30,487 [inflora.py] => [InfLoRA] DualGPM threshold: 0.9800
2026-06-19 20:56:34,779 [inflora.py] => [InfLoRA] Layer 1: 8/768 type remove
2026-06-19 20:56:34,779 [inflora.py] => [InfLoRA] Layer 2: 15/768 type remove
2026-06-19 20:56:34,779 [inflora.py] => [InfLoRA] Layer 3: 30/768 type remove
2026-06-19 20:56:34,779 [inflora.py] => [InfLoRA] Layer 4: 38/768 type remove
2026-06-19 20:56:34,779 [inflora.py] => [InfLoRA] Layer 5: 53/768 type remove
2026-06-19 20:56:34,779 [inflora.py] => [InfLoRA] Layer 6: 69/768 type remove
2026-06-19 20:56:34,779 [inflora.py] => [InfLoRA] Layer 7: 80/768 type remove
2026-06-19 20:56:34,779 [inflora.py] => [InfLoRA] Layer 8: 107/768 type remove
2026-06-19 20:56:34,779 [inflora.py] => [InfLoRA] Layer 9: 120/768 type remove
2026-06-19 20:56:34,779 [inflora.py] => [InfLoRA] Layer 10: 120/768 type remove
2026-06-19 20:56:34,780 [inflora.py] => [InfLoRA] Layer 11: 70/768 type remove
2026-06-19 20:56:34,780 [inflora.py] => [InfLoRA] Layer 12: 69/768 type remove
2026-06-19 20:57:35,005 [til_base.py] => TIL top1: 98.63
2026-06-19 20:57:35,006 [til_base.py] => CIL top1: 81.34 | TIL top1: 98.63
2026-06-19 20:57:35,006 [trainer.py] => No NME accuracy.
2026-06-19 20:57:35,006 [trainer.py] => CNN: {'total': np.float64(81.34), '00-04': np.float64(62.0), '05-09': np.float64(85.6), '10-14': np.float64(87.6), '15-19': np.float64(73.0), '20-24': np.float64(86.8), '25-29': np.float64(90.8), '30-34': np.float64(70.4), '35-39': np.float64(92.2), '40-44': np.float64(87.8), '45-49': np.float64(63.4), '50-54': np.float64(80.4), '55-59': np.float64(88.0), '60-64': np.float64(89.4), 'old': np.float64(80.67), 'new': np.float64(89.4)}
2026-06-19 20:57:35,006 [trainer.py] => CNN top1 curve: [np.float64(100.0), np.float64(95.4), np.float64(93.47), np.float64(90.65), np.float64(90.2), np.float64(88.13), np.float64(84.2), np.float64(85.02), np.float64(84.56), np.float64(81.78), np.float64(80.78), np.float64(81.62), np.float64(81.34)]
2026-06-19 20:57:35,006 [trainer.py] => CNN top5 curve: [np.float64(100.0), np.float64(99.9), np.float64(99.53), np.float64(98.65), np.float64(98.52), np.float64(98.4), np.float64(97.86), np.float64(97.05), np.float64(97.38), np.float64(97.52), np.float64(97.35), np.float64(97.08), np.float64(96.94)]

2026-06-19 20:57:35,006 [trainer.py] => Average Accuracy (CNN): 87.47307692307692 

2026-06-19 20:57:35,012 [trainer.py] => All params: 93221441
2026-06-19 20:57:35,017 [trainer.py] => Trainable params: 234305
2026-06-19 20:57:35,019 [inflora.py] => [InfLoRA] Learning on 65-70
2026-06-19 20:57:47,809 [lora.py] => Trainable params this task: 238,150 / 93,225,286
2026-06-19 21:01:10,302 [lora.py] => Task 13 finished. Train_accy 97.08
2026-06-19 21:01:21,708 [inflora.py] => [InfLoRA] DualGPM threshold: 0.9825
2026-06-19 21:01:25,952 [inflora.py] => [InfLoRA] Layer 1: 9/768 type remove
2026-06-19 21:01:25,952 [inflora.py] => [InfLoRA] Layer 2: 16/768 type remove
2026-06-19 21:01:25,952 [inflora.py] => [InfLoRA] Layer 3: 32/768 type remove
2026-06-19 21:01:25,952 [inflora.py] => [InfLoRA] Layer 4: 41/768 type remove
2026-06-19 21:01:25,952 [inflora.py] => [InfLoRA] Layer 5: 58/768 type remove
2026-06-19 21:01:25,952 [inflora.py] => [InfLoRA] Layer 6: 80/768 type remove
2026-06-19 21:01:25,952 [inflora.py] => [InfLoRA] Layer 7: 97/768 type remove
2026-06-19 21:01:25,952 [inflora.py] => [InfLoRA] Layer 8: 131/768 type remove
2026-06-19 21:01:25,952 [inflora.py] => [InfLoRA] Layer 9: 142/768 type remove
2026-06-19 21:01:25,953 [inflora.py] => [InfLoRA] Layer 10: 137/768 type remove
2026-06-19 21:01:25,953 [inflora.py] => [InfLoRA] Layer 11: 80/768 type remove
2026-06-19 21:01:25,953 [inflora.py] => [InfLoRA] Layer 12: 74/768 type remove
2026-06-19 21:02:31,863 [til_base.py] => TIL top1: 98.86
2026-06-19 21:02:31,863 [til_base.py] => CIL top1: 81.44 | TIL top1: 98.86
2026-06-19 21:02:31,863 [trainer.py] => No NME accuracy.
2026-06-19 21:02:31,863 [trainer.py] => CNN: {'total': np.float64(81.44), '00-04': np.float64(61.2), '05-09': np.float64(86.6), '10-14': np.float64(85.0), '15-19': np.float64(73.0), '20-24': np.float64(86.0), '25-29': np.float64(90.8), '30-34': np.float64(67.8), '35-39': np.float64(92.2), '40-44': np.float64(89.6), '45-49': np.float64(62.6), '50-54': np.float64(74.8), '55-59': np.float64(87.6), '60-64': np.float64(88.2), '65-69': np.float64(94.8), 'old': np.float64(80.42), 'new': np.float64(94.8)}
2026-06-19 21:02:31,864 [trainer.py] => CNN top1 curve: [np.float64(100.0), np.float64(95.4), np.float64(93.47), np.float64(90.65), np.float64(90.2), np.float64(88.13), np.float64(84.2), np.float64(85.02), np.float64(84.56), np.float64(81.78), np.float64(80.78), np.float64(81.62), np.float64(81.34), np.float64(81.44)]
2026-06-19 21:02:31,864 [trainer.py] => CNN top5 curve: [np.float64(100.0), np.float64(99.9), np.float64(99.53), np.float64(98.65), np.float64(98.52), np.float64(98.4), np.float64(97.86), np.float64(97.05), np.float64(97.38), np.float64(97.52), np.float64(97.35), np.float64(97.08), np.float64(96.94), np.float64(97.27)]

2026-06-19 21:02:31,864 [trainer.py] => Average Accuracy (CNN): 87.04214285714285 

2026-06-19 21:02:31,866 [trainer.py] => All params: 93225286
2026-06-19 21:02:31,868 [trainer.py] => Trainable params: 238150
2026-06-19 21:02:31,869 [inflora.py] => [InfLoRA] Learning on 70-75
2026-06-19 21:02:44,906 [lora.py] => Trainable params this task: 241,995 / 93,229,131
2026-06-19 21:06:10,998 [lora.py] => Task 14 finished. Train_accy 96.96
2026-06-19 21:06:22,510 [inflora.py] => [InfLoRA] DualGPM threshold: 0.9850
2026-06-19 21:06:26,770 [inflora.py] => [InfLoRA] Layer 1: 9/768 type remove
2026-06-19 21:06:26,771 [inflora.py] => [InfLoRA] Layer 2: 17/768 type remove
2026-06-19 21:06:26,771 [inflora.py] => [InfLoRA] Layer 3: 36/768 type remove
2026-06-19 21:06:26,771 [inflora.py] => [InfLoRA] Layer 4: 46/768 type remove
2026-06-19 21:06:26,771 [inflora.py] => [InfLoRA] Layer 5: 65/768 type remove
2026-06-19 21:06:26,771 [inflora.py] => [InfLoRA] Layer 6: 91/768 type remove
2026-06-19 21:06:26,771 [inflora.py] => [InfLoRA] Layer 7: 109/768 type remove
2026-06-19 21:06:26,771 [inflora.py] => [InfLoRA] Layer 8: 150/768 type remove
2026-06-19 21:06:26,771 [inflora.py] => [InfLoRA] Layer 9: 167/768 type remove
2026-06-19 21:06:26,771 [inflora.py] => [InfLoRA] Layer 10: 169/768 type remove
2026-06-19 21:06:26,771 [inflora.py] => [InfLoRA] Layer 11: 95/768 type remove
2026-06-19 21:06:26,771 [inflora.py] => [InfLoRA] Layer 12: 83/768 type remove
2026-06-19 21:07:38,491 [til_base.py] => TIL top1: 98.6
2026-06-19 21:07:38,491 [til_base.py] => CIL top1: 79.25 | TIL top1: 98.6
2026-06-19 21:07:38,491 [trainer.py] => No NME accuracy.
2026-06-19 21:07:38,491 [trainer.py] => CNN: {'total': np.float64(79.25), '00-04': np.float64(58.4), '05-09': np.float64(84.2), '10-14': np.float64(87.4), '15-19': np.float64(74.2), '20-24': np.float64(87.8), '25-29': np.float64(89.0), '30-34': np.float64(72.0), '35-39': np.float64(92.4), '40-44': np.float64(86.0), '45-49': np.float64(63.6), '50-54': np.float64(71.6), '55-59': np.float64(88.0), '60-64': np.float64(87.4), '65-69': np.float64(93.4), '70-74': np.float64(53.4), 'old': np.float64(81.1), 'new': np.float64(53.4)}
2026-06-19 21:07:38,492 [trainer.py] => CNN top1 curve: [np.float64(100.0), np.float64(95.4), np.float64(93.47), np.float64(90.65), np.float64(90.2), np.float64(88.13), np.float64(84.2), np.float64(85.02), np.float64(84.56), np.float64(81.78), np.float64(80.78), np.float64(81.62), np.float64(81.34), np.float64(81.44), np.float64(79.25)]
2026-06-19 21:07:38,492 [trainer.py] => CNN top5 curve: [np.float64(100.0), np.float64(99.9), np.float64(99.53), np.float64(98.65), np.float64(98.52), np.float64(98.4), np.float64(97.86), np.float64(97.05), np.float64(97.38), np.float64(97.52), np.float64(97.35), np.float64(97.08), np.float64(96.94), np.float64(97.27), np.float64(96.57)]

2026-06-19 21:07:38,492 [trainer.py] => Average Accuracy (CNN): 86.52266666666667 

2026-06-19 21:07:38,497 [trainer.py] => All params: 93229131
2026-06-19 21:07:38,502 [trainer.py] => Trainable params: 241995
2026-06-19 21:07:38,504 [inflora.py] => [InfLoRA] Learning on 75-80
2026-06-19 21:07:51,648 [lora.py] => Trainable params this task: 245,840 / 93,232,976
2026-06-19 21:11:21,648 [lora.py] => Task 15 finished. Train_accy 96.56
2026-06-19 21:11:33,330 [inflora.py] => [InfLoRA] DualGPM threshold: 0.9875
2026-06-19 21:11:37,591 [inflora.py] => [InfLoRA] Layer 1: 9/768 type remove
2026-06-19 21:11:37,591 [inflora.py] => [InfLoRA] Layer 2: 18/768 type remove
2026-06-19 21:11:37,591 [inflora.py] => [InfLoRA] Layer 3: 40/768 type remove
2026-06-19 21:11:37,591 [inflora.py] => [InfLoRA] Layer 4: 51/768 type remove
2026-06-19 21:11:37,591 [inflora.py] => [InfLoRA] Layer 5: 74/768 type remove
2026-06-19 21:11:37,591 [inflora.py] => [InfLoRA] Layer 6: 102/768 type remove
2026-06-19 21:11:37,591 [inflora.py] => [InfLoRA] Layer 7: 121/768 type remove
2026-06-19 21:11:37,591 [inflora.py] => [InfLoRA] Layer 8: 167/768 type remove
2026-06-19 21:11:37,591 [inflora.py] => [InfLoRA] Layer 9: 182/768 type remove
2026-06-19 21:11:37,591 [inflora.py] => [InfLoRA] Layer 10: 188/768 type remove
2026-06-19 21:11:37,591 [inflora.py] => [InfLoRA] Layer 11: 108/768 type remove
2026-06-19 21:11:37,592 [inflora.py] => [InfLoRA] Layer 12: 101/768 type remove
2026-06-19 21:12:55,141 [til_base.py] => TIL top1: 98.89
2026-06-19 21:12:55,141 [til_base.py] => CIL top1: 77.65 | TIL top1: 98.89
2026-06-19 21:12:55,141 [trainer.py] => No NME accuracy.
2026-06-19 21:12:55,141 [trainer.py] => CNN: {'total': np.float64(77.65), '00-04': np.float64(58.8), '05-09': np.float64(87.4), '10-14': np.float64(87.8), '15-19': np.float64(69.4), '20-24': np.float64(88.0), '25-29': np.float64(88.2), '30-34': np.float64(74.0), '35-39': np.float64(92.6), '40-44': np.float64(87.8), '45-49': np.float64(58.0), '50-54': np.float64(67.6), '55-59': np.float64(86.0), '60-64': np.float64(87.2), '65-69': np.float64(91.6), '70-74': np.float64(52.8), '75-79': np.float64(65.2), 'old': np.float64(78.48), 'new': np.float64(65.2)}
2026-06-19 21:12:55,141 [trainer.py] => CNN top1 curve: [np.float64(100.0), np.float64(95.4), np.float64(93.47), np.float64(90.65), np.float64(90.2), np.float64(88.13), np.float64(84.2), np.float64(85.02), np.float64(84.56), np.float64(81.78), np.float64(80.78), np.float64(81.62), np.float64(81.34), np.float64(81.44), np.float64(79.25), np.float64(77.65)]
2026-06-19 21:12:55,142 [trainer.py] => CNN top5 curve: [np.float64(100.0), np.float64(99.9), np.float64(99.53), np.float64(98.65), np.float64(98.52), np.float64(98.4), np.float64(97.86), np.float64(97.05), np.float64(97.38), np.float64(97.52), np.float64(97.35), np.float64(97.08), np.float64(96.94), np.float64(97.27), np.float64(96.57), np.float64(96.71)]

2026-06-19 21:12:55,142 [trainer.py] => Average Accuracy (CNN): 85.968125 

2026-06-19 21:12:55,146 [trainer.py] => All params: 93232976
2026-06-19 21:12:55,149 [trainer.py] => Trainable params: 245840
2026-06-19 21:12:55,150 [inflora.py] => [InfLoRA] Learning on 80-85
2026-06-19 21:13:08,462 [lora.py] => Trainable params this task: 249,685 / 93,236,821
2026-06-19 21:16:42,115 [lora.py] => Task 16 finished. Train_accy 97.16
2026-06-19 21:16:53,951 [inflora.py] => [InfLoRA] DualGPM threshold: 0.9900
2026-06-19 21:16:58,187 [inflora.py] => [InfLoRA] Layer 1: 10/768 type remove
2026-06-19 21:16:58,187 [inflora.py] => [InfLoRA] Layer 2: 19/768 type remove
2026-06-19 21:16:58,187 [inflora.py] => [InfLoRA] Layer 3: 44/768 type remove
2026-06-19 21:16:58,187 [inflora.py] => [InfLoRA] Layer 4: 57/768 type remove
2026-06-19 21:16:58,187 [inflora.py] => [InfLoRA] Layer 5: 82/768 type remove
2026-06-19 21:16:58,187 [inflora.py] => [InfLoRA] Layer 6: 115/768 type remove
2026-06-19 21:16:58,187 [inflora.py] => [InfLoRA] Layer 7: 139/768 type remove
2026-06-19 21:16:58,187 [inflora.py] => [InfLoRA] Layer 8: 195/768 type remove
2026-06-19 21:16:58,187 [inflora.py] => [InfLoRA] Layer 9: 214/768 type remove
2026-06-19 21:16:58,187 [inflora.py] => [InfLoRA] Layer 10: 220/768 type remove
2026-06-19 21:16:58,187 [inflora.py] => [InfLoRA] Layer 11: 142/768 type remove
2026-06-19 21:16:58,188 [inflora.py] => [InfLoRA] Layer 12: 124/768 type remove
2026-06-19 21:18:21,845 [til_base.py] => TIL top1: 98.85
2026-06-19 21:18:21,845 [til_base.py] => CIL top1: 77.04 | TIL top1: 98.85
2026-06-19 21:18:21,845 [trainer.py] => No NME accuracy.
2026-06-19 21:18:21,846 [trainer.py] => CNN: {'total': np.float64(77.04), '00-04': np.float64(56.2), '05-09': np.float64(84.6), '10-14': np.float64(87.6), '15-19': np.float64(73.8), '20-24': np.float64(90.0), '25-29': np.float64(88.4), '30-34': np.float64(71.8), '35-39': np.float64(93.0), '40-44': np.float64(85.2), '45-49': np.float64(59.8), '50-54': np.float64(68.0), '55-59': np.float64(85.0), '60-64': np.float64(86.4), '65-69': np.float64(92.8), '70-74': np.float64(49.2), '75-79': np.float64(65.6), '80-84': np.float64(72.2), 'old': np.float64(77.34), 'new': np.float64(72.2)}
2026-06-19 21:18:21,846 [trainer.py] => CNN top1 curve: [np.float64(100.0), np.float64(95.4), np.float64(93.47), np.float64(90.65), np.float64(90.2), np.float64(88.13), np.float64(84.2), np.float64(85.02), np.float64(84.56), np.float64(81.78), np.float64(80.78), np.float64(81.62), np.float64(81.34), np.float64(81.44), np.float64(79.25), np.float64(77.65), np.float64(77.04)]
2026-06-19 21:18:21,846 [trainer.py] => CNN top5 curve: [np.float64(100.0), np.float64(99.9), np.float64(99.53), np.float64(98.65), np.float64(98.52), np.float64(98.4), np.float64(97.86), np.float64(97.05), np.float64(97.38), np.float64(97.52), np.float64(97.35), np.float64(97.08), np.float64(96.94), np.float64(97.27), np.float64(96.57), np.float64(96.71), np.float64(96.49)]

2026-06-19 21:18:21,846 [trainer.py] => Average Accuracy (CNN): 85.44294117647058 

2026-06-19 21:18:21,848 [trainer.py] => All params: 93236821
2026-06-19 21:18:21,850 [trainer.py] => Trainable params: 249685
2026-06-19 21:18:21,851 [inflora.py] => [InfLoRA] Learning on 85-90
2026-06-19 21:18:35,352 [lora.py] => Trainable params this task: 253,530 / 93,240,666
2026-06-19 21:22:12,805 [lora.py] => Task 17 finished. Train_accy 92.76
2026-06-19 21:22:24,879 [inflora.py] => [InfLoRA] DualGPM threshold: 0.9925
2026-06-19 21:22:29,136 [inflora.py] => [InfLoRA] Layer 1: 11/768 type remove
2026-06-19 21:22:29,136 [inflora.py] => [InfLoRA] Layer 2: 21/768 type remove
2026-06-19 21:22:29,136 [inflora.py] => [InfLoRA] Layer 3: 51/768 type remove
2026-06-19 21:22:29,136 [inflora.py] => [InfLoRA] Layer 4: 69/768 type remove
2026-06-19 21:22:29,136 [inflora.py] => [InfLoRA] Layer 5: 100/768 type remove
2026-06-19 21:22:29,136 [inflora.py] => [InfLoRA] Layer 6: 140/768 type remove
2026-06-19 21:22:29,136 [inflora.py] => [InfLoRA] Layer 7: 168/768 type remove
2026-06-19 21:22:29,136 [inflora.py] => [InfLoRA] Layer 8: 232/768 type remove
2026-06-19 21:22:29,136 [inflora.py] => [InfLoRA] Layer 9: 257/768 type remove
2026-06-19 21:22:29,136 [inflora.py] => [InfLoRA] Layer 10: 276/768 type remove
2026-06-19 21:22:29,136 [inflora.py] => [InfLoRA] Layer 11: 179/768 type remove
2026-06-19 21:22:29,136 [inflora.py] => [InfLoRA] Layer 12: 139/768 type remove
2026-06-19 21:23:59,006 [til_base.py] => TIL top1: 98.51
2026-06-19 21:23:59,006 [til_base.py] => CIL top1: 76.68 | TIL top1: 98.51
2026-06-19 21:23:59,006 [trainer.py] => No NME accuracy.
2026-06-19 21:23:59,006 [trainer.py] => CNN: {'total': np.float64(76.68), '00-04': np.float64(54.0), '05-09': np.float64(84.4), '10-14': np.float64(88.0), '15-19': np.float64(75.8), '20-24': np.float64(91.0), '25-29': np.float64(87.8), '30-34': np.float64(70.8), '35-39': np.float64(93.0), '40-44': np.float64(85.6), '45-49': np.float64(59.0), '50-54': np.float64(70.2), '55-59': np.float64(84.6), '60-64': np.float64(82.6), '65-69': np.float64(92.0), '70-74': np.float64(52.0), '75-79': np.float64(64.4), '80-84': np.float64(70.6), '85-89': np.float64(74.4), 'old': np.float64(76.81), 'new': np.float64(74.4)}
2026-06-19 21:23:59,007 [trainer.py] => CNN top1 curve: [np.float64(100.0), np.float64(95.4), np.float64(93.47), np.float64(90.65), np.float64(90.2), np.float64(88.13), np.float64(84.2), np.float64(85.02), np.float64(84.56), np.float64(81.78), np.float64(80.78), np.float64(81.62), np.float64(81.34), np.float64(81.44), np.float64(79.25), np.float64(77.65), np.float64(77.04), np.float64(76.68)]
2026-06-19 21:23:59,007 [trainer.py] => CNN top5 curve: [np.float64(100.0), np.float64(99.9), np.float64(99.53), np.float64(98.65), np.float64(98.52), np.float64(98.4), np.float64(97.86), np.float64(97.05), np.float64(97.38), np.float64(97.52), np.float64(97.35), np.float64(97.08), np.float64(96.94), np.float64(97.27), np.float64(96.57), np.float64(96.71), np.float64(96.49), np.float64(95.9)]

2026-06-19 21:23:59,007 [trainer.py] => Average Accuracy (CNN): 84.95611111111111 

2026-06-19 21:23:59,012 [trainer.py] => All params: 93240666
2026-06-19 21:23:59,017 [trainer.py] => Trainable params: 253530
2026-06-19 21:23:59,019 [inflora.py] => [InfLoRA] Learning on 90-95
2026-06-19 21:24:12,822 [lora.py] => Trainable params this task: 257,375 / 93,244,511
2026-06-19 21:27:54,047 [lora.py] => Task 18 finished. Train_accy 96.60
2026-06-19 21:28:06,301 [inflora.py] => [InfLoRA] DualGPM threshold: 0.9950
2026-06-19 21:28:10,595 [inflora.py] => [InfLoRA] Layer 1: 12/768 type remove
2026-06-19 21:28:10,596 [inflora.py] => [InfLoRA] Layer 2: 25/768 type remove
2026-06-19 21:28:10,596 [inflora.py] => [InfLoRA] Layer 3: 61/768 type remove
2026-06-19 21:28:10,596 [inflora.py] => [InfLoRA] Layer 4: 85/768 type remove
2026-06-19 21:28:10,596 [inflora.py] => [InfLoRA] Layer 5: 124/768 type remove
2026-06-19 21:28:10,596 [inflora.py] => [InfLoRA] Layer 6: 172/768 type remove
2026-06-19 21:28:10,596 [inflora.py] => [InfLoRA] Layer 7: 208/768 type remove
2026-06-19 21:28:10,596 [inflora.py] => [InfLoRA] Layer 8: 288/768 type remove
2026-06-19 21:28:10,596 [inflora.py] => [InfLoRA] Layer 9: 315/768 type remove
2026-06-19 21:28:10,596 [inflora.py] => [InfLoRA] Layer 10: 339/768 type remove
2026-06-19 21:28:10,596 [inflora.py] => [InfLoRA] Layer 11: 232/768 type remove
2026-06-19 21:28:10,596 [inflora.py] => [InfLoRA] Layer 12: 162/768 type remove
2026-06-19 21:29:46,688 [til_base.py] => TIL top1: 98.73
2026-06-19 21:29:46,688 [til_base.py] => CIL top1: 76.14 | TIL top1: 98.73
2026-06-19 21:29:46,688 [trainer.py] => No NME accuracy.
2026-06-19 21:29:46,688 [trainer.py] => CNN: {'total': np.float64(76.14), '00-04': np.float64(53.8), '05-09': np.float64(82.8), '10-14': np.float64(85.6), '15-19': np.float64(68.2), '20-24': np.float64(89.6), '25-29': np.float64(87.0), '30-34': np.float64(71.2), '35-39': np.float64(93.6), '40-44': np.float64(88.4), '45-49': np.float64(59.2), '50-54': np.float64(63.8), '55-59': np.float64(86.2), '60-64': np.float64(82.6), '65-69': np.float64(89.4), '70-74': np.float64(51.8), '75-79': np.float64(63.0), '80-84': np.float64(69.4), '85-89': np.float64(71.2), '90-94': np.float64(89.8), 'old': np.float64(75.38), 'new': np.float64(89.8)}
2026-06-19 21:29:46,688 [trainer.py] => CNN top1 curve: [np.float64(100.0), np.float64(95.4), np.float64(93.47), np.float64(90.65), np.float64(90.2), np.float64(88.13), np.float64(84.2), np.float64(85.02), np.float64(84.56), np.float64(81.78), np.float64(80.78), np.float64(81.62), np.float64(81.34), np.float64(81.44), np.float64(79.25), np.float64(77.65), np.float64(77.04), np.float64(76.68), np.float64(76.14)]
2026-06-19 21:29:46,689 [trainer.py] => CNN top5 curve: [np.float64(100.0), np.float64(99.9), np.float64(99.53), np.float64(98.65), np.float64(98.52), np.float64(98.4), np.float64(97.86), np.float64(97.05), np.float64(97.38), np.float64(97.52), np.float64(97.35), np.float64(97.08), np.float64(96.94), np.float64(97.27), np.float64(96.57), np.float64(96.71), np.float64(96.49), np.float64(95.9), np.float64(95.97)]

2026-06-19 21:29:46,689 [trainer.py] => Average Accuracy (CNN): 84.4921052631579 

2026-06-19 21:29:46,693 [trainer.py] => All params: 93244511
2026-06-19 21:29:46,696 [trainer.py] => Trainable params: 257375
2026-06-19 21:29:46,698 [inflora.py] => [InfLoRA] Learning on 95-100
2026-06-19 21:30:00,663 [lora.py] => Trainable params this task: 261,220 / 93,248,356
2026-06-19 21:33:45,777 [lora.py] => Task 19 finished. Train_accy 94.72
2026-06-19 21:33:58,189 [inflora.py] => [InfLoRA] DualGPM threshold: 0.9975
2026-06-19 21:34:02,424 [inflora.py] => [InfLoRA] Layer 1: 12/768 type remove
2026-06-19 21:34:02,424 [inflora.py] => [InfLoRA] Layer 2: 29/768 type remove
2026-06-19 21:34:02,424 [inflora.py] => [InfLoRA] Layer 3: 74/768 type remove
2026-06-19 21:34:02,424 [inflora.py] => [InfLoRA] Layer 4: 107/768 type remove
2026-06-19 21:34:02,424 [inflora.py] => [InfLoRA] Layer 5: 157/768 type remove
2026-06-19 21:34:02,424 [inflora.py] => [InfLoRA] Layer 6: 217/768 type remove
2026-06-19 21:34:02,424 [inflora.py] => [InfLoRA] Layer 7: 272/768 type remove
2026-06-19 21:34:02,424 [inflora.py] => [InfLoRA] Layer 8: 363/768 type remove
2026-06-19 21:34:02,515 [inflora.py] => [InfLoRA] Layer 9: 372/768 type retain
2026-06-19 21:34:02,588 [inflora.py] => [InfLoRA] Layer 10: 345/768 type retain
2026-06-19 21:34:02,589 [inflora.py] => [InfLoRA] Layer 11: 303/768 type remove
2026-06-19 21:34:02,589 [inflora.py] => [InfLoRA] Layer 12: 250/768 type remove
2026-06-19 21:35:45,581 [til_base.py] => TIL top1: 98.53
2026-06-19 21:35:45,582 [til_base.py] => CIL top1: 76.62 | TIL top1: 98.53
2026-06-19 21:35:45,582 [trainer.py] => No NME accuracy.
2026-06-19 21:35:45,582 [trainer.py] => CNN: {'total': np.float64(76.62), '00-04': np.float64(53.0), '05-09': np.float64(81.2), '10-14': np.float64(84.2), '15-19': np.float64(77.4), '20-24': np.float64(92.6), '25-29': np.float64(87.6), '30-34': np.float64(68.6), '35-39': np.float64(92.8), '40-44': np.float64(83.8), '45-49': np.float64(63.2), '50-54': np.float64(70.6), '55-59': np.float64(84.4), '60-64': np.float64(80.2), '65-69': np.float64(89.2), '70-74': np.float64(52.8), '75-79': np.float64(62.8), '80-84': np.float64(72.2), '85-89': np.float64(69.8), '90-94': np.float64(91.0), '95-99': np.float64(75.0), 'old': np.float64(76.71), 'new': np.float64(75.0)}
2026-06-19 21:35:45,582 [trainer.py] => CNN top1 curve: [np.float64(100.0), np.float64(95.4), np.float64(93.47), np.float64(90.65), np.float64(90.2), np.float64(88.13), np.float64(84.2), np.float64(85.02), np.float64(84.56), np.float64(81.78), np.float64(80.78), np.float64(81.62), np.float64(81.34), np.float64(81.44), np.float64(79.25), np.float64(77.65), np.float64(77.04), np.float64(76.68), np.float64(76.14), np.float64(76.62)]
2026-06-19 21:35:45,582 [trainer.py] => CNN top5 curve: [np.float64(100.0), np.float64(99.9), np.float64(99.53), np.float64(98.65), np.float64(98.52), np.float64(98.4), np.float64(97.86), np.float64(97.05), np.float64(97.38), np.float64(97.52), np.float64(97.35), np.float64(97.08), np.float64(96.94), np.float64(97.27), np.float64(96.57), np.float64(96.71), np.float64(96.49), np.float64(95.9), np.float64(95.97), np.float64(95.5)]

2026-06-19 21:35:45,582 [trainer.py] => Average Accuracy (CNN): 84.09850000000002 

2026-06-19 21:35:45,584 [trainer.py] => Forgetting (CNN): 7.936842105263159
2026-06-19 21:35:45,584 [trainer.py] => Forgetting (NME): 7.936842105263159
2026-06-19 21:35:45,586 [trainer.py] => Forgetting (TIL): 0.8105263157894748
