2026-06-30 20:23:16,166 [trainer.py] => config: ./exps/matched_inflora.json
2026-06-30 20:23:16,166 [trainer.py] => dataset: cifar224
2026-06-30 20:23:16,166 [trainer.py] => memory_size: 0
2026-06-30 20:23:16,166 [trainer.py] => memory_per_class: 0
2026-06-30 20:23:16,166 [trainer.py] => fixed_memory: False
2026-06-30 20:23:16,166 [trainer.py] => shuffle: True
2026-06-30 20:23:16,166 [trainer.py] => init_cls: 5
2026-06-30 20:23:16,166 [trainer.py] => increment: 5
2026-06-30 20:23:16,166 [trainer.py] => backbone_type: vit_base_patch16_224_lora
2026-06-30 20:23:16,166 [trainer.py] => device: [device(type='cuda', index=0)]
2026-06-30 20:23:16,166 [trainer.py] => seed: 1993
2026-06-30 20:23:16,166 [trainer.py] => scenario: both
2026-06-30 20:23:16,166 [trainer.py] => lora_rank: 8
2026-06-30 20:23:16,166 [trainer.py] => lora_alpha: 32
2026-06-30 20:23:16,166 [trainer.py] => tuned_epoch: 10
2026-06-30 20:23:16,166 [trainer.py] => init_lr: 0.0003
2026-06-30 20:23:16,166 [trainer.py] => batch_size: 48
2026-06-30 20:23:16,166 [trainer.py] => weight_decay: 0.0005
2026-06-30 20:23:16,166 [trainer.py] => min_lr: 0.0
2026-06-30 20:23:16,166 [trainer.py] => pretrained: True
2026-06-30 20:23:16,166 [trainer.py] => print_forget: True
2026-06-30 20:23:16,166 [trainer.py] => model_name: inflora
2026-06-30 20:23:16,166 [trainer.py] => lora_merge: True
2026-06-30 20:23:16,166 [trainer.py] => lamb: 0.95
2026-06-30 20:23:16,167 [trainer.py] => lame: 1.0
2026-06-30 20:23:16,167 [trainer.py] => prefix: matched_inflora
2026-06-30 20:23:17,854 [data_manager.py] => [68, 56, 78, 8, 23, 84, 90, 65, 74, 76, 40, 89, 3, 92, 55, 9, 26, 80, 43, 38, 58, 70, 77, 1, 85, 19, 17, 50, 28, 53, 13, 81, 45, 82, 6, 59, 83, 16, 15, 44, 91, 41, 72, 60, 79, 52, 20, 10, 31, 54, 37, 95, 14, 71, 96, 98, 97, 2, 64, 66, 42, 22, 35, 86, 24, 34, 87, 21, 99, 0, 88, 27, 18, 94, 11, 12, 47, 25, 30, 46, 62, 69, 36, 61, 7, 63, 75, 5, 32, 4, 51, 48, 73, 93, 39, 67, 29, 49, 57, 33]
2026-06-30 20:23:20,490 [trainer.py] => All params: 91696896
2026-06-30 20:23:20,492 [trainer.py] => Trainable params: 5898240
2026-06-30 20:23:21,013 [inflora.py] => [InfLoRA] Learning on 0-5
2026-06-30 20:23:31,575 [lora.py] => Trainable params this task: 151,301 / 91,700,741
2026-06-30 20:26:05,771 [lora.py] => Task 0 finished. Train_accy 96.04
2026-06-30 20:26:14,557 [inflora.py] => [InfLoRA] DualGPM threshold: 0.9500
2026-06-30 20:26:16,689 [inflora.py] => [InfLoRA] Layer 1: 5/768 type remove
2026-06-30 20:26:16,689 [inflora.py] => [InfLoRA] Layer 2: 8/768 type remove
2026-06-30 20:26:16,689 [inflora.py] => [InfLoRA] Layer 3: 11/768 type remove
2026-06-30 20:26:16,689 [inflora.py] => [InfLoRA] Layer 4: 12/768 type remove
2026-06-30 20:26:16,690 [inflora.py] => [InfLoRA] Layer 5: 16/768 type remove
2026-06-30 20:26:16,690 [inflora.py] => [InfLoRA] Layer 6: 19/768 type remove
2026-06-30 20:26:16,690 [inflora.py] => [InfLoRA] Layer 7: 20/768 type remove
2026-06-30 20:26:16,690 [inflora.py] => [InfLoRA] Layer 8: 24/768 type remove
2026-06-30 20:26:16,690 [inflora.py] => [InfLoRA] Layer 9: 16/768 type remove
2026-06-30 20:26:16,690 [inflora.py] => [InfLoRA] Layer 10: 8/768 type remove
2026-06-30 20:26:16,690 [inflora.py] => [InfLoRA] Layer 11: 4/768 type remove
2026-06-30 20:26:16,690 [inflora.py] => [InfLoRA] Layer 12: 5/768 type remove
2026-06-30 20:26:21,062 [til_base.py] => TIL top1: 99.6
2026-06-30 20:26:21,062 [til_base.py] => CIL top1: 99.6 | TIL top1: 99.6
2026-06-30 20:26:21,063 [trainer.py] => No NME accuracy.
2026-06-30 20:26:21,063 [trainer.py] => CNN: {'total': np.float64(99.6), '00-04': np.float64(99.6), 'old': 0, 'new': np.float64(99.6)}
2026-06-30 20:26:21,063 [trainer.py] => CNN top1 curve: [np.float64(99.6)]
2026-06-30 20:26:21,063 [trainer.py] => CNN top5 curve: [np.float64(100.0)]

2026-06-30 20:26:21,063 [trainer.py] => Average Accuracy (CNN): 99.6 

2026-06-30 20:26:21,068 [trainer.py] => All params: 91700741
2026-06-30 20:26:21,072 [trainer.py] => Trainable params: 151301
2026-06-30 20:26:21,073 [inflora.py] => [InfLoRA] Learning on 5-10
2026-06-30 20:26:31,668 [lora.py] => Trainable params this task: 155,146 / 91,704,586
2026-06-30 20:29:09,558 [lora.py] => Task 1 finished. Train_accy 95.40
2026-06-30 20:29:18,544 [inflora.py] => [InfLoRA] DualGPM threshold: 0.9525
2026-06-30 20:29:22,846 [inflora.py] => [InfLoRA] Layer 1: 7/768 type remove
2026-06-30 20:29:22,846 [inflora.py] => [InfLoRA] Layer 2: 10/768 type remove
2026-06-30 20:29:22,846 [inflora.py] => [InfLoRA] Layer 3: 15/768 type remove
2026-06-30 20:29:22,846 [inflora.py] => [InfLoRA] Layer 4: 16/768 type remove
2026-06-30 20:29:22,846 [inflora.py] => [InfLoRA] Layer 5: 24/768 type remove
2026-06-30 20:29:22,846 [inflora.py] => [InfLoRA] Layer 6: 28/768 type remove
2026-06-30 20:29:22,846 [inflora.py] => [InfLoRA] Layer 7: 30/768 type remove
2026-06-30 20:29:22,846 [inflora.py] => [InfLoRA] Layer 8: 38/768 type remove
2026-06-30 20:29:22,847 [inflora.py] => [InfLoRA] Layer 9: 35/768 type remove
2026-06-30 20:29:22,847 [inflora.py] => [InfLoRA] Layer 10: 24/768 type remove
2026-06-30 20:29:22,847 [inflora.py] => [InfLoRA] Layer 11: 9/768 type remove
2026-06-30 20:29:22,847 [inflora.py] => [InfLoRA] Layer 12: 12/768 type remove
2026-06-30 20:29:30,906 [til_base.py] => TIL top1: 99.0
2026-06-30 20:29:30,906 [til_base.py] => CIL top1: 96.9 | TIL top1: 99.0
2026-06-30 20:29:30,906 [trainer.py] => No NME accuracy.
2026-06-30 20:29:30,906 [trainer.py] => CNN: {'total': np.float64(96.9), '00-04': np.float64(96.2), '05-09': np.float64(97.6), 'old': np.float64(96.2), 'new': np.float64(97.6)}
2026-06-30 20:29:30,906 [trainer.py] => CNN top1 curve: [np.float64(99.6), np.float64(96.9)]
2026-06-30 20:29:30,907 [trainer.py] => CNN top5 curve: [np.float64(100.0), np.float64(99.9)]

2026-06-30 20:29:30,907 [trainer.py] => Average Accuracy (CNN): 98.25 

2026-06-30 20:29:30,910 [trainer.py] => All params: 91704586
2026-06-30 20:29:30,912 [trainer.py] => Trainable params: 155146
2026-06-30 20:29:30,913 [inflora.py] => [InfLoRA] Learning on 10-15
2026-06-30 20:29:41,792 [lora.py] => Trainable params this task: 158,991 / 91,708,431
2026-06-30 20:32:23,162 [lora.py] => Task 2 finished. Train_accy 94.36
2026-06-30 20:32:32,334 [inflora.py] => [InfLoRA] DualGPM threshold: 0.9550
2026-06-30 20:32:36,619 [inflora.py] => [InfLoRA] Layer 1: 7/768 type remove
2026-06-30 20:32:36,619 [inflora.py] => [InfLoRA] Layer 2: 11/768 type remove
2026-06-30 20:32:36,619 [inflora.py] => [InfLoRA] Layer 3: 17/768 type remove
2026-06-30 20:32:36,619 [inflora.py] => [InfLoRA] Layer 4: 19/768 type remove
2026-06-30 20:32:36,619 [inflora.py] => [InfLoRA] Layer 5: 28/768 type remove
2026-06-30 20:32:36,619 [inflora.py] => [InfLoRA] Layer 6: 33/768 type remove
2026-06-30 20:32:36,619 [inflora.py] => [InfLoRA] Layer 7: 36/768 type remove
2026-06-30 20:32:36,619 [inflora.py] => [InfLoRA] Layer 8: 49/768 type remove
2026-06-30 20:32:36,619 [inflora.py] => [InfLoRA] Layer 9: 48/768 type remove
2026-06-30 20:32:36,619 [inflora.py] => [InfLoRA] Layer 10: 37/768 type remove
2026-06-30 20:32:36,619 [inflora.py] => [InfLoRA] Layer 11: 14/768 type remove
2026-06-30 20:32:36,619 [inflora.py] => [InfLoRA] Layer 12: 19/768 type remove
2026-06-30 20:32:48,599 [til_base.py] => TIL top1: 99.0
2026-06-30 20:32:48,599 [til_base.py] => CIL top1: 94.6 | TIL top1: 99.0
2026-06-30 20:32:48,599 [trainer.py] => No NME accuracy.
2026-06-30 20:32:48,599 [trainer.py] => CNN: {'total': np.float64(94.6), '00-04': np.float64(94.2), '05-09': np.float64(96.4), '10-14': np.float64(93.2), 'old': np.float64(95.3), 'new': np.float64(93.2)}
2026-06-30 20:32:48,600 [trainer.py] => CNN top1 curve: [np.float64(99.6), np.float64(96.9), np.float64(94.6)]
2026-06-30 20:32:48,600 [trainer.py] => CNN top5 curve: [np.float64(100.0), np.float64(99.9), np.float64(99.53)]

2026-06-30 20:32:48,600 [trainer.py] => Average Accuracy (CNN): 97.03333333333335 

2026-06-30 20:32:48,606 [trainer.py] => All params: 91708431
2026-06-30 20:32:48,611 [trainer.py] => Trainable params: 158991
2026-06-30 20:32:48,612 [inflora.py] => [InfLoRA] Learning on 15-20
2026-06-30 20:32:59,589 [lora.py] => Trainable params this task: 162,836 / 91,712,276
2026-06-30 20:35:44,467 [lora.py] => Task 3 finished. Train_accy 93.88
2026-06-30 20:35:53,856 [inflora.py] => [InfLoRA] DualGPM threshold: 0.9575
2026-06-30 20:35:58,088 [inflora.py] => [InfLoRA] Layer 1: 8/768 type remove
2026-06-30 20:35:58,088 [inflora.py] => [InfLoRA] Layer 2: 11/768 type remove
2026-06-30 20:35:58,088 [inflora.py] => [InfLoRA] Layer 3: 18/768 type remove
2026-06-30 20:35:58,089 [inflora.py] => [InfLoRA] Layer 4: 20/768 type remove
2026-06-30 20:35:58,089 [inflora.py] => [InfLoRA] Layer 5: 30/768 type remove
2026-06-30 20:35:58,089 [inflora.py] => [InfLoRA] Layer 6: 37/768 type remove
2026-06-30 20:35:58,089 [inflora.py] => [InfLoRA] Layer 7: 40/768 type remove
2026-06-30 20:35:58,089 [inflora.py] => [InfLoRA] Layer 8: 55/768 type remove
2026-06-30 20:35:58,089 [inflora.py] => [InfLoRA] Layer 9: 54/768 type remove
2026-06-30 20:35:58,089 [inflora.py] => [InfLoRA] Layer 10: 44/768 type remove
2026-06-30 20:35:58,089 [inflora.py] => [InfLoRA] Layer 11: 19/768 type remove
2026-06-30 20:35:58,089 [inflora.py] => [InfLoRA] Layer 12: 24/768 type remove
2026-06-30 20:36:14,255 [til_base.py] => TIL top1: 98.75
2026-06-30 20:36:14,255 [til_base.py] => CIL top1: 92.35 | TIL top1: 98.75
2026-06-30 20:36:14,255 [trainer.py] => No NME accuracy.
2026-06-30 20:36:14,256 [trainer.py] => CNN: {'total': np.float64(92.35), '00-04': np.float64(89.4), '05-09': np.float64(94.2), '10-14': np.float64(90.2), '15-19': np.float64(95.6), 'old': np.float64(91.27), 'new': np.float64(95.6)}
2026-06-30 20:36:14,256 [trainer.py] => CNN top1 curve: [np.float64(99.6), np.float64(96.9), np.float64(94.6), np.float64(92.35)]
2026-06-30 20:36:14,256 [trainer.py] => CNN top5 curve: [np.float64(100.0), np.float64(99.9), np.float64(99.53), np.float64(99.3)]

2026-06-30 20:36:14,256 [trainer.py] => Average Accuracy (CNN): 95.86250000000001 

2026-06-30 20:36:14,262 [trainer.py] => All params: 91712276
2026-06-30 20:36:14,267 [trainer.py] => Trainable params: 162836
2026-06-30 20:36:14,268 [inflora.py] => [InfLoRA] Learning on 20-25
2026-06-30 20:36:25,281 [lora.py] => Trainable params this task: 166,681 / 91,716,121
2026-06-30 20:39:13,788 [lora.py] => Task 4 finished. Train_accy 96.64
2026-06-30 20:39:23,404 [inflora.py] => [InfLoRA] DualGPM threshold: 0.9600
2026-06-30 20:39:27,586 [inflora.py] => [InfLoRA] Layer 1: 8/768 type remove
2026-06-30 20:39:27,587 [inflora.py] => [InfLoRA] Layer 2: 12/768 type remove
2026-06-30 20:39:27,587 [inflora.py] => [InfLoRA] Layer 3: 20/768 type remove
2026-06-30 20:39:27,587 [inflora.py] => [InfLoRA] Layer 4: 23/768 type remove
2026-06-30 20:39:27,587 [inflora.py] => [InfLoRA] Layer 5: 35/768 type remove
2026-06-30 20:39:27,587 [inflora.py] => [InfLoRA] Layer 6: 42/768 type remove
2026-06-30 20:39:27,587 [inflora.py] => [InfLoRA] Layer 7: 46/768 type remove
2026-06-30 20:39:27,587 [inflora.py] => [InfLoRA] Layer 8: 65/768 type remove
2026-06-30 20:39:27,587 [inflora.py] => [InfLoRA] Layer 9: 65/768 type remove
2026-06-30 20:39:27,587 [inflora.py] => [InfLoRA] Layer 10: 54/768 type remove
2026-06-30 20:39:27,587 [inflora.py] => [InfLoRA] Layer 11: 26/768 type remove
2026-06-30 20:39:27,587 [inflora.py] => [InfLoRA] Layer 12: 29/768 type remove
2026-06-30 20:39:47,958 [til_base.py] => TIL top1: 98.56
2026-06-30 20:39:47,958 [til_base.py] => CIL top1: 91.68 | TIL top1: 98.56
2026-06-30 20:39:47,958 [trainer.py] => No NME accuracy.
2026-06-30 20:39:47,958 [trainer.py] => CNN: {'total': np.float64(91.68), '00-04': np.float64(87.6), '05-09': np.float64(92.0), '10-14': np.float64(88.2), '15-19': np.float64(93.2), '20-24': np.float64(97.4), 'old': np.float64(90.25), 'new': np.float64(97.4)}
2026-06-30 20:39:47,958 [trainer.py] => CNN top1 curve: [np.float64(99.6), np.float64(96.9), np.float64(94.6), np.float64(92.35), np.float64(91.68)]
2026-06-30 20:39:47,958 [trainer.py] => CNN top5 curve: [np.float64(100.0), np.float64(99.9), np.float64(99.53), np.float64(99.3), np.float64(98.64)]

2026-06-30 20:39:47,958 [trainer.py] => Average Accuracy (CNN): 95.02600000000001 

2026-06-30 20:39:47,961 [trainer.py] => All params: 91716121
2026-06-30 20:39:47,964 [trainer.py] => Trainable params: 166681
2026-06-30 20:39:47,964 [inflora.py] => [InfLoRA] Learning on 25-30
2026-06-30 20:39:59,413 [lora.py] => Trainable params this task: 170,526 / 91,719,966
2026-06-30 20:42:52,120 [lora.py] => Task 5 finished. Train_accy 96.08
2026-06-30 20:43:01,918 [inflora.py] => [InfLoRA] DualGPM threshold: 0.9625
2026-06-30 20:43:06,130 [inflora.py] => [InfLoRA] Layer 1: 8/768 type remove
2026-06-30 20:43:06,130 [inflora.py] => [InfLoRA] Layer 2: 13/768 type remove
2026-06-30 20:43:06,130 [inflora.py] => [InfLoRA] Layer 3: 21/768 type remove
2026-06-30 20:43:06,130 [inflora.py] => [InfLoRA] Layer 4: 26/768 type remove
2026-06-30 20:43:06,130 [inflora.py] => [InfLoRA] Layer 5: 37/768 type remove
2026-06-30 20:43:06,130 [inflora.py] => [InfLoRA] Layer 6: 48/768 type remove
2026-06-30 20:43:06,130 [inflora.py] => [InfLoRA] Layer 7: 54/768 type remove
2026-06-30 20:43:06,130 [inflora.py] => [InfLoRA] Layer 8: 74/768 type remove
2026-06-30 20:43:06,130 [inflora.py] => [InfLoRA] Layer 9: 75/768 type remove
2026-06-30 20:43:06,130 [inflora.py] => [InfLoRA] Layer 10: 62/768 type remove
2026-06-30 20:43:06,130 [inflora.py] => [InfLoRA] Layer 11: 31/768 type remove
2026-06-30 20:43:06,130 [inflora.py] => [InfLoRA] Layer 12: 34/768 type remove
2026-06-30 20:43:30,817 [til_base.py] => TIL top1: 98.63
2026-06-30 20:43:30,817 [til_base.py] => CIL top1: 90.2 | TIL top1: 98.63
2026-06-30 20:43:30,817 [trainer.py] => No NME accuracy.
2026-06-30 20:43:30,817 [trainer.py] => CNN: {'total': np.float64(90.2), '00-04': np.float64(86.4), '05-09': np.float64(84.4), '10-14': np.float64(84.0), '15-19': np.float64(91.6), '20-24': np.float64(96.8), '25-29': np.float64(98.0), 'old': np.float64(88.64), 'new': np.float64(98.0)}
2026-06-30 20:43:30,817 [trainer.py] => CNN top1 curve: [np.float64(99.6), np.float64(96.9), np.float64(94.6), np.float64(92.35), np.float64(91.68), np.float64(90.2)]
2026-06-30 20:43:30,817 [trainer.py] => CNN top5 curve: [np.float64(100.0), np.float64(99.9), np.float64(99.53), np.float64(99.3), np.float64(98.64), np.float64(98.63)]

2026-06-30 20:43:30,817 [trainer.py] => Average Accuracy (CNN): 94.22166666666668 

2026-06-30 20:43:30,822 [trainer.py] => All params: 91719966
2026-06-30 20:43:30,825 [trainer.py] => Trainable params: 170526
2026-06-30 20:43:30,827 [inflora.py] => [InfLoRA] Learning on 30-35
2026-06-30 20:43:42,362 [lora.py] => Trainable params this task: 174,371 / 91,723,811
2026-06-30 20:46:38,973 [lora.py] => Task 6 finished. Train_accy 92.88
2026-06-30 20:46:48,938 [inflora.py] => [InfLoRA] DualGPM threshold: 0.9650
2026-06-30 20:46:53,133 [inflora.py] => [InfLoRA] Layer 1: 8/768 type remove
2026-06-30 20:46:53,133 [inflora.py] => [InfLoRA] Layer 2: 14/768 type remove
2026-06-30 20:46:53,133 [inflora.py] => [InfLoRA] Layer 3: 23/768 type remove
2026-06-30 20:46:53,133 [inflora.py] => [InfLoRA] Layer 4: 30/768 type remove
2026-06-30 20:46:53,133 [inflora.py] => [InfLoRA] Layer 5: 42/768 type remove
2026-06-30 20:46:53,133 [inflora.py] => [InfLoRA] Layer 6: 56/768 type remove
2026-06-30 20:46:53,133 [inflora.py] => [InfLoRA] Layer 7: 62/768 type remove
2026-06-30 20:46:53,133 [inflora.py] => [InfLoRA] Layer 8: 86/768 type remove
2026-06-30 20:46:53,133 [inflora.py] => [InfLoRA] Layer 9: 88/768 type remove
2026-06-30 20:46:53,134 [inflora.py] => [InfLoRA] Layer 10: 72/768 type remove
2026-06-30 20:46:53,134 [inflora.py] => [InfLoRA] Layer 11: 40/768 type remove
2026-06-30 20:46:53,134 [inflora.py] => [InfLoRA] Layer 12: 40/768 type remove
2026-06-30 20:47:22,322 [til_base.py] => TIL top1: 98.17
2026-06-30 20:47:22,322 [til_base.py] => CIL top1: 83.77 | TIL top1: 98.17
2026-06-30 20:47:22,322 [trainer.py] => No NME accuracy.
2026-06-30 20:47:22,322 [trainer.py] => CNN: {'total': np.float64(83.77), '00-04': np.float64(80.2), '05-09': np.float64(81.8), '10-14': np.float64(80.6), '15-19': np.float64(91.6), '20-24': np.float64(95.6), '25-29': np.float64(98.2), '30-34': np.float64(58.4), 'old': np.float64(88.0), 'new': np.float64(58.4)}
2026-06-30 20:47:22,322 [trainer.py] => CNN top1 curve: [np.float64(99.6), np.float64(96.9), np.float64(94.6), np.float64(92.35), np.float64(91.68), np.float64(90.2), np.float64(83.77)]
2026-06-30 20:47:22,322 [trainer.py] => CNN top5 curve: [np.float64(100.0), np.float64(99.9), np.float64(99.53), np.float64(99.3), np.float64(98.64), np.float64(98.63), np.float64(97.86)]

2026-06-30 20:47:22,322 [trainer.py] => Average Accuracy (CNN): 92.72857142857143 

2026-06-30 20:47:22,325 [trainer.py] => All params: 91723811
2026-06-30 20:47:22,327 [trainer.py] => Trainable params: 174371
2026-06-30 20:47:22,328 [inflora.py] => [InfLoRA] Learning on 35-40
2026-06-30 20:47:34,024 [lora.py] => Trainable params this task: 178,216 / 91,727,656
2026-06-30 20:50:34,071 [lora.py] => Task 7 finished. Train_accy 96.68
2026-06-30 20:50:44,228 [inflora.py] => [InfLoRA] DualGPM threshold: 0.9675
2026-06-30 20:50:48,704 [inflora.py] => [InfLoRA] Layer 1: 8/768 type remove
2026-06-30 20:50:48,704 [inflora.py] => [InfLoRA] Layer 2: 15/768 type remove
2026-06-30 20:50:48,704 [inflora.py] => [InfLoRA] Layer 3: 24/768 type remove
2026-06-30 20:50:48,705 [inflora.py] => [InfLoRA] Layer 4: 32/768 type remove
2026-06-30 20:50:48,705 [inflora.py] => [InfLoRA] Layer 5: 46/768 type remove
2026-06-30 20:50:48,705 [inflora.py] => [InfLoRA] Layer 6: 61/768 type remove
2026-06-30 20:50:48,705 [inflora.py] => [InfLoRA] Layer 7: 68/768 type remove
2026-06-30 20:50:48,705 [inflora.py] => [InfLoRA] Layer 8: 101/768 type remove
2026-06-30 20:50:48,705 [inflora.py] => [InfLoRA] Layer 9: 107/768 type remove
2026-06-30 20:50:48,705 [inflora.py] => [InfLoRA] Layer 10: 88/768 type remove
2026-06-30 20:50:48,705 [inflora.py] => [InfLoRA] Layer 11: 45/768 type remove
2026-06-30 20:50:48,705 [inflora.py] => [InfLoRA] Layer 12: 46/768 type remove
2026-06-30 20:51:22,735 [til_base.py] => TIL top1: 98.35
2026-06-30 20:51:22,736 [til_base.py] => CIL top1: 84.9 | TIL top1: 98.35
2026-06-30 20:51:22,736 [trainer.py] => No NME accuracy.
2026-06-30 20:51:22,736 [trainer.py] => CNN: {'total': np.float64(84.9), '00-04': np.float64(83.2), '05-09': np.float64(83.2), '10-14': np.float64(77.8), '15-19': np.float64(91.2), '20-24': np.float64(94.6), '25-29': np.float64(96.8), '30-34': np.float64(59.8), '35-39': np.float64(92.6), 'old': np.float64(83.8), 'new': np.float64(92.6)}
2026-06-30 20:51:22,736 [trainer.py] => CNN top1 curve: [np.float64(99.6), np.float64(96.9), np.float64(94.6), np.float64(92.35), np.float64(91.68), np.float64(90.2), np.float64(83.77), np.float64(84.9)]
2026-06-30 20:51:22,736 [trainer.py] => CNN top5 curve: [np.float64(100.0), np.float64(99.9), np.float64(99.53), np.float64(99.3), np.float64(98.64), np.float64(98.63), np.float64(97.86), np.float64(98.3)]

2026-06-30 20:51:22,736 [trainer.py] => Average Accuracy (CNN): 91.75 

2026-06-30 20:51:22,739 [trainer.py] => All params: 91727656
2026-06-30 20:51:22,741 [trainer.py] => Trainable params: 178216
2026-06-30 20:51:22,742 [inflora.py] => [InfLoRA] Learning on 40-45
2026-06-30 20:51:34,460 [lora.py] => Trainable params this task: 182,061 / 91,731,501
2026-06-30 20:54:37,836 [lora.py] => Task 8 finished. Train_accy 95.72
2026-06-30 20:54:48,258 [inflora.py] => [InfLoRA] DualGPM threshold: 0.9700
2026-06-30 20:54:52,584 [inflora.py] => [InfLoRA] Layer 1: 8/768 type remove
2026-06-30 20:54:52,584 [inflora.py] => [InfLoRA] Layer 2: 16/768 type remove
2026-06-30 20:54:52,584 [inflora.py] => [InfLoRA] Layer 3: 26/768 type remove
2026-06-30 20:54:52,584 [inflora.py] => [InfLoRA] Layer 4: 34/768 type remove
2026-06-30 20:54:52,584 [inflora.py] => [InfLoRA] Layer 5: 50/768 type remove
2026-06-30 20:54:52,584 [inflora.py] => [InfLoRA] Layer 6: 67/768 type remove
2026-06-30 20:54:52,584 [inflora.py] => [InfLoRA] Layer 7: 75/768 type remove
2026-06-30 20:54:52,584 [inflora.py] => [InfLoRA] Layer 8: 107/768 type remove
2026-06-30 20:54:52,585 [inflora.py] => [InfLoRA] Layer 9: 114/768 type remove
2026-06-30 20:54:52,585 [inflora.py] => [InfLoRA] Layer 10: 98/768 type remove
2026-06-30 20:54:52,585 [inflora.py] => [InfLoRA] Layer 11: 50/768 type remove
2026-06-30 20:54:52,585 [inflora.py] => [InfLoRA] Layer 12: 53/768 type remove
2026-06-30 20:55:31,358 [til_base.py] => TIL top1: 98.49
2026-06-30 20:55:31,358 [til_base.py] => CIL top1: 84.47 | TIL top1: 98.49
2026-06-30 20:55:31,358 [trainer.py] => No NME accuracy.
2026-06-30 20:55:31,358 [trainer.py] => CNN: {'total': np.float64(84.47), '00-04': np.float64(83.4), '05-09': np.float64(85.0), '10-14': np.float64(71.2), '15-19': np.float64(91.2), '20-24': np.float64(92.4), '25-29': np.float64(94.6), '30-34': np.float64(60.6), '35-39': np.float64(90.8), '40-44': np.float64(91.0), 'old': np.float64(83.65), 'new': np.float64(91.0)}
2026-06-30 20:55:31,358 [trainer.py] => CNN top1 curve: [np.float64(99.6), np.float64(96.9), np.float64(94.6), np.float64(92.35), np.float64(91.68), np.float64(90.2), np.float64(83.77), np.float64(84.9), np.float64(84.47)]
2026-06-30 20:55:31,359 [trainer.py] => CNN top5 curve: [np.float64(100.0), np.float64(99.9), np.float64(99.53), np.float64(99.3), np.float64(98.64), np.float64(98.63), np.float64(97.86), np.float64(98.3), np.float64(98.02)]

2026-06-30 20:55:31,359 [trainer.py] => Average Accuracy (CNN): 90.94111111111111 

2026-06-30 20:55:31,365 [trainer.py] => All params: 91731501
2026-06-30 20:55:31,369 [trainer.py] => Trainable params: 182061
2026-06-30 20:55:31,371 [inflora.py] => [InfLoRA] Learning on 45-50
2026-06-30 20:55:43,518 [lora.py] => Trainable params this task: 185,906 / 91,735,346
2026-06-30 20:58:50,684 [lora.py] => Task 9 finished. Train_accy 97.72
2026-06-30 20:59:01,222 [inflora.py] => [InfLoRA] DualGPM threshold: 0.9725
2026-06-30 20:59:05,581 [inflora.py] => [InfLoRA] Layer 1: 8/768 type remove
2026-06-30 20:59:05,582 [inflora.py] => [InfLoRA] Layer 2: 16/768 type remove
2026-06-30 20:59:05,582 [inflora.py] => [InfLoRA] Layer 3: 29/768 type remove
2026-06-30 20:59:05,582 [inflora.py] => [InfLoRA] Layer 4: 38/768 type remove
2026-06-30 20:59:05,582 [inflora.py] => [InfLoRA] Layer 5: 55/768 type remove
2026-06-30 20:59:05,582 [inflora.py] => [InfLoRA] Layer 6: 74/768 type remove
2026-06-30 20:59:05,582 [inflora.py] => [InfLoRA] Layer 7: 86/768 type remove
2026-06-30 20:59:05,582 [inflora.py] => [InfLoRA] Layer 8: 123/768 type remove
2026-06-30 20:59:05,582 [inflora.py] => [InfLoRA] Layer 9: 135/768 type remove
2026-06-30 20:59:05,582 [inflora.py] => [InfLoRA] Layer 10: 112/768 type remove
2026-06-30 20:59:05,582 [inflora.py] => [InfLoRA] Layer 11: 57/768 type remove
2026-06-30 20:59:05,582 [inflora.py] => [InfLoRA] Layer 12: 59/768 type remove
2026-06-30 20:59:49,192 [til_base.py] => TIL top1: 98.48
2026-06-30 20:59:49,193 [til_base.py] => CIL top1: 82.38 | TIL top1: 98.48
2026-06-30 20:59:49,193 [trainer.py] => No NME accuracy.
2026-06-30 20:59:49,193 [trainer.py] => CNN: {'total': np.float64(82.38), '00-04': np.float64(84.4), '05-09': np.float64(82.8), '10-14': np.float64(65.8), '15-19': np.float64(90.0), '20-24': np.float64(88.8), '25-29': np.float64(94.0), '30-34': np.float64(60.2), '35-39': np.float64(88.4), '40-44': np.float64(90.2), '45-49': np.float64(79.2), 'old': np.float64(82.73), 'new': np.float64(79.2)}
2026-06-30 20:59:49,193 [trainer.py] => CNN top1 curve: [np.float64(99.6), np.float64(96.9), np.float64(94.6), np.float64(92.35), np.float64(91.68), np.float64(90.2), np.float64(83.77), np.float64(84.9), np.float64(84.47), np.float64(82.38)]
2026-06-30 20:59:49,193 [trainer.py] => CNN top5 curve: [np.float64(100.0), np.float64(99.9), np.float64(99.53), np.float64(99.3), np.float64(98.64), np.float64(98.63), np.float64(97.86), np.float64(98.3), np.float64(98.02), np.float64(97.84)]

2026-06-30 20:59:49,193 [trainer.py] => Average Accuracy (CNN): 90.08500000000001 

2026-06-30 20:59:49,198 [trainer.py] => All params: 91735346
2026-06-30 20:59:49,201 [trainer.py] => Trainable params: 185906
2026-06-30 20:59:49,203 [inflora.py] => [InfLoRA] Learning on 50-55
2026-06-30 21:00:01,530 [lora.py] => Trainable params this task: 189,751 / 91,739,191
2026-06-30 21:03:12,304 [lora.py] => Task 10 finished. Train_accy 96.56
2026-06-30 21:03:22,946 [inflora.py] => [InfLoRA] DualGPM threshold: 0.9750
2026-06-30 21:03:27,075 [inflora.py] => [InfLoRA] Layer 1: 8/768 type remove
2026-06-30 21:03:27,075 [inflora.py] => [InfLoRA] Layer 2: 17/768 type remove
2026-06-30 21:03:27,075 [inflora.py] => [InfLoRA] Layer 3: 30/768 type remove
2026-06-30 21:03:27,075 [inflora.py] => [InfLoRA] Layer 4: 40/768 type remove
2026-06-30 21:03:27,075 [inflora.py] => [InfLoRA] Layer 5: 60/768 type remove
2026-06-30 21:03:27,075 [inflora.py] => [InfLoRA] Layer 6: 81/768 type remove
2026-06-30 21:03:27,075 [inflora.py] => [InfLoRA] Layer 7: 92/768 type remove
2026-06-30 21:03:27,075 [inflora.py] => [InfLoRA] Layer 8: 129/768 type remove
2026-06-30 21:03:27,075 [inflora.py] => [InfLoRA] Layer 9: 140/768 type remove
2026-06-30 21:03:27,075 [inflora.py] => [InfLoRA] Layer 10: 118/768 type remove
2026-06-30 21:03:27,075 [inflora.py] => [InfLoRA] Layer 11: 61/768 type remove
2026-06-30 21:03:27,075 [inflora.py] => [InfLoRA] Layer 12: 66/768 type remove
2026-06-30 21:04:15,788 [til_base.py] => TIL top1: 98.55
2026-06-30 21:04:15,788 [til_base.py] => CIL top1: 81.85 | TIL top1: 98.55
2026-06-30 21:04:15,788 [trainer.py] => No NME accuracy.
2026-06-30 21:04:15,789 [trainer.py] => CNN: {'total': np.float64(81.85), '00-04': np.float64(78.4), '05-09': np.float64(79.0), '10-14': np.float64(65.6), '15-19': np.float64(87.0), '20-24': np.float64(90.0), '25-29': np.float64(94.2), '30-34': np.float64(67.0), '35-39': np.float64(85.8), '40-44': np.float64(90.0), '45-49': np.float64(82.6), '50-54': np.float64(80.8), 'old': np.float64(81.96), 'new': np.float64(80.8)}
2026-06-30 21:04:15,789 [trainer.py] => CNN top1 curve: [np.float64(99.6), np.float64(96.9), np.float64(94.6), np.float64(92.35), np.float64(91.68), np.float64(90.2), np.float64(83.77), np.float64(84.9), np.float64(84.47), np.float64(82.38), np.float64(81.85)]
2026-06-30 21:04:15,789 [trainer.py] => CNN top5 curve: [np.float64(100.0), np.float64(99.9), np.float64(99.53), np.float64(99.3), np.float64(98.64), np.float64(98.63), np.float64(97.86), np.float64(98.3), np.float64(98.02), np.float64(97.84), np.float64(97.42)]

2026-06-30 21:04:15,789 [trainer.py] => Average Accuracy (CNN): 89.33636363636364 

2026-06-30 21:04:15,794 [trainer.py] => All params: 91739191
2026-06-30 21:04:15,799 [trainer.py] => Trainable params: 189751
2026-06-30 21:04:15,801 [inflora.py] => [InfLoRA] Learning on 55-60
2026-06-30 21:04:28,221 [lora.py] => Trainable params this task: 193,596 / 91,743,036
2026-06-30 21:07:42,731 [lora.py] => Task 11 finished. Train_accy 91.88
2026-06-30 21:07:53,652 [inflora.py] => [InfLoRA] DualGPM threshold: 0.9775
2026-06-30 21:07:57,877 [inflora.py] => [InfLoRA] Layer 1: 8/768 type remove
2026-06-30 21:07:57,877 [inflora.py] => [InfLoRA] Layer 2: 18/768 type remove
2026-06-30 21:07:57,878 [inflora.py] => [InfLoRA] Layer 3: 33/768 type remove
2026-06-30 21:07:57,878 [inflora.py] => [InfLoRA] Layer 4: 45/768 type remove
2026-06-30 21:07:57,878 [inflora.py] => [InfLoRA] Layer 5: 68/768 type remove
2026-06-30 21:07:57,878 [inflora.py] => [InfLoRA] Layer 6: 93/768 type remove
2026-06-30 21:07:57,878 [inflora.py] => [InfLoRA] Layer 7: 106/768 type remove
2026-06-30 21:07:57,878 [inflora.py] => [InfLoRA] Layer 8: 141/768 type remove
2026-06-30 21:07:57,878 [inflora.py] => [InfLoRA] Layer 9: 153/768 type remove
2026-06-30 21:07:57,878 [inflora.py] => [InfLoRA] Layer 10: 141/768 type remove
2026-06-30 21:07:57,878 [inflora.py] => [InfLoRA] Layer 11: 81/768 type remove
2026-06-30 21:07:57,878 [inflora.py] => [InfLoRA] Layer 12: 73/768 type remove
2026-06-30 21:08:51,770 [til_base.py] => TIL top1: 98.5
2026-06-30 21:08:51,770 [til_base.py] => CIL top1: 82.0 | TIL top1: 98.5
2026-06-30 21:08:51,770 [trainer.py] => No NME accuracy.
2026-06-30 21:08:51,770 [trainer.py] => CNN: {'total': np.float64(82.0), '00-04': np.float64(77.8), '05-09': np.float64(74.6), '10-14': np.float64(69.2), '15-19': np.float64(91.8), '20-24': np.float64(90.2), '25-29': np.float64(95.2), '30-34': np.float64(62.6), '35-39': np.float64(88.6), '40-44': np.float64(88.2), '45-49': np.float64(77.4), '50-54': np.float64(76.4), '55-59': np.float64(92.0), 'old': np.float64(81.09), 'new': np.float64(92.0)}
2026-06-30 21:08:51,770 [trainer.py] => CNN top1 curve: [np.float64(99.6), np.float64(96.9), np.float64(94.6), np.float64(92.35), np.float64(91.68), np.float64(90.2), np.float64(83.77), np.float64(84.9), np.float64(84.47), np.float64(82.38), np.float64(81.85), np.float64(82.0)]
2026-06-30 21:08:51,770 [trainer.py] => CNN top5 curve: [np.float64(100.0), np.float64(99.9), np.float64(99.53), np.float64(99.3), np.float64(98.64), np.float64(98.63), np.float64(97.86), np.float64(98.3), np.float64(98.02), np.float64(97.84), np.float64(97.42), np.float64(97.17)]

2026-06-30 21:08:51,770 [trainer.py] => Average Accuracy (CNN): 88.72500000000001 

2026-06-30 21:08:51,775 [trainer.py] => All params: 91743036
2026-06-30 21:08:51,778 [trainer.py] => Trainable params: 193596
2026-06-30 21:08:51,779 [inflora.py] => [InfLoRA] Learning on 60-65
2026-06-30 21:09:04,297 [lora.py] => Trainable params this task: 197,441 / 91,746,881
2026-06-30 21:12:22,598 [lora.py] => Task 12 finished. Train_accy 95.52
2026-06-30 21:12:33,662 [inflora.py] => [InfLoRA] DualGPM threshold: 0.9800
2026-06-30 21:12:37,980 [inflora.py] => [InfLoRA] Layer 1: 8/768 type remove
2026-06-30 21:12:37,981 [inflora.py] => [InfLoRA] Layer 2: 19/768 type remove
2026-06-30 21:12:37,981 [inflora.py] => [InfLoRA] Layer 3: 36/768 type remove
2026-06-30 21:12:37,981 [inflora.py] => [InfLoRA] Layer 4: 50/768 type remove
2026-06-30 21:12:37,981 [inflora.py] => [InfLoRA] Layer 5: 76/768 type remove
2026-06-30 21:12:37,981 [inflora.py] => [InfLoRA] Layer 6: 103/768 type remove
2026-06-30 21:12:37,981 [inflora.py] => [InfLoRA] Layer 7: 120/768 type remove
2026-06-30 21:12:37,981 [inflora.py] => [InfLoRA] Layer 8: 160/768 type remove
2026-06-30 21:12:37,981 [inflora.py] => [InfLoRA] Layer 9: 174/768 type remove
2026-06-30 21:12:37,981 [inflora.py] => [InfLoRA] Layer 10: 168/768 type remove
2026-06-30 21:12:37,981 [inflora.py] => [InfLoRA] Layer 11: 99/768 type remove
2026-06-30 21:12:37,981 [inflora.py] => [InfLoRA] Layer 12: 86/768 type remove
2026-06-30 21:13:37,338 [til_base.py] => TIL top1: 98.43
2026-06-30 21:13:37,339 [til_base.py] => CIL top1: 79.91 | TIL top1: 98.43
2026-06-30 21:13:37,339 [trainer.py] => No NME accuracy.
2026-06-30 21:13:37,339 [trainer.py] => CNN: {'total': np.float64(79.91), '00-04': np.float64(70.6), '05-09': np.float64(75.4), '10-14': np.float64(65.8), '15-19': np.float64(90.8), '20-24': np.float64(91.0), '25-29': np.float64(93.4), '30-34': np.float64(62.2), '35-39': np.float64(85.8), '40-44': np.float64(86.0), '45-49': np.float64(75.8), '50-54': np.float64(74.8), '55-59': np.float64(87.8), '60-64': np.float64(79.4), 'old': np.float64(79.95), 'new': np.float64(79.4)}
2026-06-30 21:13:37,339 [trainer.py] => CNN top1 curve: [np.float64(99.6), np.float64(96.9), np.float64(94.6), np.float64(92.35), np.float64(91.68), np.float64(90.2), np.float64(83.77), np.float64(84.9), np.float64(84.47), np.float64(82.38), np.float64(81.85), np.float64(82.0), np.float64(79.91)]
2026-06-30 21:13:37,339 [trainer.py] => CNN top5 curve: [np.float64(100.0), np.float64(99.9), np.float64(99.53), np.float64(99.3), np.float64(98.64), np.float64(98.63), np.float64(97.86), np.float64(98.3), np.float64(98.02), np.float64(97.84), np.float64(97.42), np.float64(97.17), np.float64(96.74)]

2026-06-30 21:13:37,339 [trainer.py] => Average Accuracy (CNN): 88.0469230769231 

2026-06-30 21:13:37,345 [trainer.py] => All params: 91746881
2026-06-30 21:13:37,348 [trainer.py] => Trainable params: 197441
2026-06-30 21:13:37,350 [inflora.py] => [InfLoRA] Learning on 65-70
2026-06-30 21:13:50,125 [lora.py] => Trainable params this task: 201,286 / 91,750,726
2026-06-30 21:17:12,081 [lora.py] => Task 13 finished. Train_accy 97.04
2026-06-30 21:17:23,373 [inflora.py] => [InfLoRA] DualGPM threshold: 0.9825
2026-06-30 21:17:27,814 [inflora.py] => [InfLoRA] Layer 1: 9/768 type remove
2026-06-30 21:17:27,814 [inflora.py] => [InfLoRA] Layer 2: 20/768 type remove
2026-06-30 21:17:27,814 [inflora.py] => [InfLoRA] Layer 3: 40/768 type remove
2026-06-30 21:17:27,815 [inflora.py] => [InfLoRA] Layer 4: 54/768 type remove
2026-06-30 21:17:27,815 [inflora.py] => [InfLoRA] Layer 5: 80/768 type remove
2026-06-30 21:17:27,815 [inflora.py] => [InfLoRA] Layer 6: 114/768 type remove
2026-06-30 21:17:27,815 [inflora.py] => [InfLoRA] Layer 7: 137/768 type remove
2026-06-30 21:17:27,815 [inflora.py] => [InfLoRA] Layer 8: 183/768 type remove
2026-06-30 21:17:27,815 [inflora.py] => [InfLoRA] Layer 9: 192/768 type remove
2026-06-30 21:17:27,815 [inflora.py] => [InfLoRA] Layer 10: 188/768 type remove
2026-06-30 21:17:27,815 [inflora.py] => [InfLoRA] Layer 11: 111/768 type remove
2026-06-30 21:17:27,815 [inflora.py] => [InfLoRA] Layer 12: 91/768 type remove
2026-06-30 21:18:32,648 [til_base.py] => TIL top1: 98.2
2026-06-30 21:18:32,648 [til_base.py] => CIL top1: 78.51 | TIL top1: 98.2
2026-06-30 21:18:32,648 [trainer.py] => No NME accuracy.
2026-06-30 21:18:32,648 [trainer.py] => CNN: {'total': np.float64(78.51), '00-04': np.float64(61.6), '05-09': np.float64(72.8), '10-14': np.float64(64.4), '15-19': np.float64(88.2), '20-24': np.float64(88.6), '25-29': np.float64(94.2), '30-34': np.float64(62.0), '35-39': np.float64(86.0), '40-44': np.float64(83.6), '45-49': np.float64(77.2), '50-54': np.float64(66.8), '55-59': np.float64(82.4), '60-64': np.float64(75.8), '65-69': np.float64(95.6), 'old': np.float64(77.2), 'new': np.float64(95.6)}
2026-06-30 21:18:32,649 [trainer.py] => CNN top1 curve: [np.float64(99.6), np.float64(96.9), np.float64(94.6), np.float64(92.35), np.float64(91.68), np.float64(90.2), np.float64(83.77), np.float64(84.9), np.float64(84.47), np.float64(82.38), np.float64(81.85), np.float64(82.0), np.float64(79.91), np.float64(78.51)]
2026-06-30 21:18:32,649 [trainer.py] => CNN top5 curve: [np.float64(100.0), np.float64(99.9), np.float64(99.53), np.float64(99.3), np.float64(98.64), np.float64(98.63), np.float64(97.86), np.float64(98.3), np.float64(98.02), np.float64(97.84), np.float64(97.42), np.float64(97.17), np.float64(96.74), np.float64(96.09)]

2026-06-30 21:18:32,649 [trainer.py] => Average Accuracy (CNN): 87.36571428571429 

2026-06-30 21:18:32,652 [trainer.py] => All params: 91750726
2026-06-30 21:18:32,654 [trainer.py] => Trainable params: 201286
2026-06-30 21:18:32,655 [inflora.py] => [InfLoRA] Learning on 70-75
2026-06-30 21:18:45,750 [lora.py] => Trainable params this task: 205,131 / 91,754,571
2026-06-30 21:22:11,403 [lora.py] => Task 14 finished. Train_accy 96.20
2026-06-30 21:22:22,878 [inflora.py] => [InfLoRA] DualGPM threshold: 0.9850
2026-06-30 21:22:27,051 [inflora.py] => [InfLoRA] Layer 1: 9/768 type remove
2026-06-30 21:22:27,051 [inflora.py] => [InfLoRA] Layer 2: 22/768 type remove
2026-06-30 21:22:27,051 [inflora.py] => [InfLoRA] Layer 3: 44/768 type remove
2026-06-30 21:22:27,051 [inflora.py] => [InfLoRA] Layer 4: 61/768 type remove
2026-06-30 21:22:27,051 [inflora.py] => [InfLoRA] Layer 5: 90/768 type remove
2026-06-30 21:22:27,051 [inflora.py] => [InfLoRA] Layer 6: 129/768 type remove
2026-06-30 21:22:27,051 [inflora.py] => [InfLoRA] Layer 7: 154/768 type remove
2026-06-30 21:22:27,051 [inflora.py] => [InfLoRA] Layer 8: 208/768 type remove
2026-06-30 21:22:27,051 [inflora.py] => [InfLoRA] Layer 9: 219/768 type remove
2026-06-30 21:22:27,051 [inflora.py] => [InfLoRA] Layer 10: 225/768 type remove
2026-06-30 21:22:27,052 [inflora.py] => [InfLoRA] Layer 11: 132/768 type remove
2026-06-30 21:22:27,052 [inflora.py] => [InfLoRA] Layer 12: 100/768 type remove
2026-06-30 21:23:37,303 [til_base.py] => TIL top1: 98.17
2026-06-30 21:23:37,303 [til_base.py] => CIL top1: 78.51 | TIL top1: 98.17
2026-06-30 21:23:37,303 [trainer.py] => No NME accuracy.
2026-06-30 21:23:37,303 [trainer.py] => CNN: {'total': np.float64(78.51), '00-04': np.float64(62.2), '05-09': np.float64(72.8), '10-14': np.float64(63.6), '15-19': np.float64(90.0), '20-24': np.float64(89.2), '25-29': np.float64(93.8), '30-34': np.float64(65.2), '35-39': np.float64(86.6), '40-44': np.float64(81.2), '45-49': np.float64(75.4), '50-54': np.float64(69.8), '55-59': np.float64(86.2), '60-64': np.float64(73.8), '65-69': np.float64(96.4), '70-74': np.float64(71.4), 'old': np.float64(79.01), 'new': np.float64(71.4)}
2026-06-30 21:23:37,303 [trainer.py] => CNN top1 curve: [np.float64(99.6), np.float64(96.9), np.float64(94.6), np.float64(92.35), np.float64(91.68), np.float64(90.2), np.float64(83.77), np.float64(84.9), np.float64(84.47), np.float64(82.38), np.float64(81.85), np.float64(82.0), np.float64(79.91), np.float64(78.51), np.float64(78.51)]
2026-06-30 21:23:37,303 [trainer.py] => CNN top5 curve: [np.float64(100.0), np.float64(99.9), np.float64(99.53), np.float64(99.3), np.float64(98.64), np.float64(98.63), np.float64(97.86), np.float64(98.3), np.float64(98.02), np.float64(97.84), np.float64(97.42), np.float64(97.17), np.float64(96.74), np.float64(96.09), np.float64(95.77)]

2026-06-30 21:23:37,304 [trainer.py] => Average Accuracy (CNN): 86.77533333333334 

2026-06-30 21:23:37,306 [trainer.py] => All params: 91754571
2026-06-30 21:23:37,308 [trainer.py] => Trainable params: 205131
2026-06-30 21:23:37,309 [inflora.py] => [InfLoRA] Learning on 75-80
2026-06-30 21:23:50,458 [lora.py] => Trainable params this task: 208,976 / 91,758,416
2026-06-30 21:27:19,554 [lora.py] => Task 15 finished. Train_accy 96.76
2026-06-30 21:27:31,226 [inflora.py] => [InfLoRA] DualGPM threshold: 0.9875
2026-06-30 21:27:35,399 [inflora.py] => [InfLoRA] Layer 1: 9/768 type remove
2026-06-30 21:27:35,399 [inflora.py] => [InfLoRA] Layer 2: 23/768 type remove
2026-06-30 21:27:35,399 [inflora.py] => [InfLoRA] Layer 3: 48/768 type remove
2026-06-30 21:27:35,399 [inflora.py] => [InfLoRA] Layer 4: 67/768 type remove
2026-06-30 21:27:35,399 [inflora.py] => [InfLoRA] Layer 5: 101/768 type remove
2026-06-30 21:27:35,399 [inflora.py] => [InfLoRA] Layer 6: 139/768 type remove
2026-06-30 21:27:35,399 [inflora.py] => [InfLoRA] Layer 7: 166/768 type remove
2026-06-30 21:27:35,399 [inflora.py] => [InfLoRA] Layer 8: 224/768 type remove
2026-06-30 21:27:35,399 [inflora.py] => [InfLoRA] Layer 9: 236/768 type remove
2026-06-30 21:27:35,399 [inflora.py] => [InfLoRA] Layer 10: 241/768 type remove
2026-06-30 21:27:35,399 [inflora.py] => [InfLoRA] Layer 11: 140/768 type remove
2026-06-30 21:27:35,399 [inflora.py] => [InfLoRA] Layer 12: 119/768 type remove
2026-06-30 21:28:51,662 [til_base.py] => TIL top1: 98.52
2026-06-30 21:28:51,663 [til_base.py] => CIL top1: 76.53 | TIL top1: 98.52
2026-06-30 21:28:51,663 [trainer.py] => No NME accuracy.
2026-06-30 21:28:51,663 [trainer.py] => CNN: {'total': np.float64(76.53), '00-04': np.float64(60.6), '05-09': np.float64(73.2), '10-14': np.float64(61.2), '15-19': np.float64(87.0), '20-24': np.float64(90.2), '25-29': np.float64(93.4), '30-34': np.float64(63.8), '35-39': np.float64(83.8), '40-44': np.float64(81.0), '45-49': np.float64(75.8), '50-54': np.float64(64.6), '55-59': np.float64(84.2), '60-64': np.float64(74.0), '65-69': np.float64(93.6), '70-74': np.float64(72.4), '75-79': np.float64(65.6), 'old': np.float64(77.25), 'new': np.float64(65.6)}
2026-06-30 21:28:51,663 [trainer.py] => CNN top1 curve: [np.float64(99.6), np.float64(96.9), np.float64(94.6), np.float64(92.35), np.float64(91.68), np.float64(90.2), np.float64(83.77), np.float64(84.9), np.float64(84.47), np.float64(82.38), np.float64(81.85), np.float64(82.0), np.float64(79.91), np.float64(78.51), np.float64(78.51), np.float64(76.53)]
2026-06-30 21:28:51,663 [trainer.py] => CNN top5 curve: [np.float64(100.0), np.float64(99.9), np.float64(99.53), np.float64(99.3), np.float64(98.64), np.float64(98.63), np.float64(97.86), np.float64(98.3), np.float64(98.02), np.float64(97.84), np.float64(97.42), np.float64(97.17), np.float64(96.74), np.float64(96.09), np.float64(95.77), np.float64(96.11)]

2026-06-30 21:28:51,663 [trainer.py] => Average Accuracy (CNN): 86.135 

2026-06-30 21:28:51,666 [trainer.py] => All params: 91758416
2026-06-30 21:28:51,668 [trainer.py] => Trainable params: 208976
2026-06-30 21:28:51,669 [inflora.py] => [InfLoRA] Learning on 80-85
2026-06-30 21:29:05,143 [lora.py] => Trainable params this task: 212,821 / 91,762,261
2026-06-30 21:32:37,261 [lora.py] => Task 16 finished. Train_accy 97.36
2026-06-30 21:32:49,127 [inflora.py] => [InfLoRA] DualGPM threshold: 0.9900
2026-06-30 21:32:53,393 [inflora.py] => [InfLoRA] Layer 1: 10/768 type remove
2026-06-30 21:32:53,393 [inflora.py] => [InfLoRA] Layer 2: 25/768 type remove
2026-06-30 21:32:53,393 [inflora.py] => [InfLoRA] Layer 3: 53/768 type remove
2026-06-30 21:32:53,393 [inflora.py] => [InfLoRA] Layer 4: 75/768 type remove
2026-06-30 21:32:53,393 [inflora.py] => [InfLoRA] Layer 5: 112/768 type remove
2026-06-30 21:32:53,393 [inflora.py] => [InfLoRA] Layer 6: 158/768 type remove
2026-06-30 21:32:53,393 [inflora.py] => [InfLoRA] Layer 7: 189/768 type remove
2026-06-30 21:32:53,393 [inflora.py] => [InfLoRA] Layer 8: 256/768 type remove
2026-06-30 21:32:53,393 [inflora.py] => [InfLoRA] Layer 9: 274/768 type remove
2026-06-30 21:32:53,393 [inflora.py] => [InfLoRA] Layer 10: 276/768 type remove
2026-06-30 21:32:53,393 [inflora.py] => [InfLoRA] Layer 11: 185/768 type remove
2026-06-30 21:32:53,393 [inflora.py] => [InfLoRA] Layer 12: 142/768 type remove
2026-06-30 21:34:15,271 [til_base.py] => TIL top1: 98.42
2026-06-30 21:34:15,271 [til_base.py] => CIL top1: 75.16 | TIL top1: 98.42
2026-06-30 21:34:15,272 [trainer.py] => No NME accuracy.
2026-06-30 21:34:15,272 [trainer.py] => CNN: {'total': np.float64(75.16), '00-04': np.float64(58.4), '05-09': np.float64(66.0), '10-14': np.float64(61.4), '15-19': np.float64(87.2), '20-24': np.float64(84.8), '25-29': np.float64(93.0), '30-34': np.float64(64.2), '35-39': np.float64(83.8), '40-44': np.float64(80.6), '45-49': np.float64(72.2), '50-54': np.float64(65.4), '55-59': np.float64(83.0), '60-64': np.float64(74.2), '65-69': np.float64(94.4), '70-74': np.float64(69.6), '75-79': np.float64(61.8), '80-84': np.float64(77.8), 'old': np.float64(75.0), 'new': np.float64(77.8)}
2026-06-30 21:34:15,272 [trainer.py] => CNN top1 curve: [np.float64(99.6), np.float64(96.9), np.float64(94.6), np.float64(92.35), np.float64(91.68), np.float64(90.2), np.float64(83.77), np.float64(84.9), np.float64(84.47), np.float64(82.38), np.float64(81.85), np.float64(82.0), np.float64(79.91), np.float64(78.51), np.float64(78.51), np.float64(76.53), np.float64(75.16)]
2026-06-30 21:34:15,272 [trainer.py] => CNN top5 curve: [np.float64(100.0), np.float64(99.9), np.float64(99.53), np.float64(99.3), np.float64(98.64), np.float64(98.63), np.float64(97.86), np.float64(98.3), np.float64(98.02), np.float64(97.84), np.float64(97.42), np.float64(97.17), np.float64(96.74), np.float64(96.09), np.float64(95.77), np.float64(96.11), np.float64(95.85)]

2026-06-30 21:34:15,272 [trainer.py] => Average Accuracy (CNN): 85.48941176470589 

2026-06-30 21:34:15,278 [trainer.py] => All params: 91762261
2026-06-30 21:34:15,282 [trainer.py] => Trainable params: 212821
2026-06-30 21:34:15,284 [inflora.py] => [InfLoRA] Learning on 85-90
2026-06-30 21:34:28,908 [lora.py] => Trainable params this task: 216,666 / 91,766,106
2026-06-30 21:38:04,286 [lora.py] => Task 17 finished. Train_accy 92.48
2026-06-30 21:38:16,217 [inflora.py] => [InfLoRA] DualGPM threshold: 0.9925
2026-06-30 21:38:20,518 [inflora.py] => [InfLoRA] Layer 1: 11/768 type remove
2026-06-30 21:38:20,518 [inflora.py] => [InfLoRA] Layer 2: 28/768 type remove
2026-06-30 21:38:20,518 [inflora.py] => [InfLoRA] Layer 3: 61/768 type remove
2026-06-30 21:38:20,518 [inflora.py] => [InfLoRA] Layer 4: 89/768 type remove
2026-06-30 21:38:20,518 [inflora.py] => [InfLoRA] Layer 5: 131/768 type remove
2026-06-30 21:38:20,518 [inflora.py] => [InfLoRA] Layer 6: 183/768 type remove
2026-06-30 21:38:20,518 [inflora.py] => [InfLoRA] Layer 7: 215/768 type remove
2026-06-30 21:38:20,518 [inflora.py] => [InfLoRA] Layer 8: 283/768 type remove
2026-06-30 21:38:20,518 [inflora.py] => [InfLoRA] Layer 9: 313/768 type remove
2026-06-30 21:38:20,518 [inflora.py] => [InfLoRA] Layer 10: 331/768 type remove
2026-06-30 21:38:20,518 [inflora.py] => [InfLoRA] Layer 11: 230/768 type remove
2026-06-30 21:38:20,518 [inflora.py] => [InfLoRA] Layer 12: 164/768 type remove
2026-06-30 21:39:48,417 [til_base.py] => TIL top1: 98.33
2026-06-30 21:39:48,417 [til_base.py] => CIL top1: 76.36 | TIL top1: 98.33
2026-06-30 21:39:48,417 [trainer.py] => No NME accuracy.
2026-06-30 21:39:48,417 [trainer.py] => CNN: {'total': np.float64(76.36), '00-04': np.float64(59.6), '05-09': np.float64(71.8), '10-14': np.float64(62.4), '15-19': np.float64(86.2), '20-24': np.float64(86.0), '25-29': np.float64(91.6), '30-34': np.float64(65.6), '35-39': np.float64(82.2), '40-44': np.float64(81.6), '45-49': np.float64(77.2), '50-54': np.float64(68.0), '55-59': np.float64(82.8), '60-64': np.float64(74.6), '65-69': np.float64(94.4), '70-74': np.float64(69.0), '75-79': np.float64(58.2), '80-84': np.float64(77.6), '85-89': np.float64(85.6), 'old': np.float64(75.81), 'new': np.float64(85.6)}
2026-06-30 21:39:48,417 [trainer.py] => CNN top1 curve: [np.float64(99.6), np.float64(96.9), np.float64(94.6), np.float64(92.35), np.float64(91.68), np.float64(90.2), np.float64(83.77), np.float64(84.9), np.float64(84.47), np.float64(82.38), np.float64(81.85), np.float64(82.0), np.float64(79.91), np.float64(78.51), np.float64(78.51), np.float64(76.53), np.float64(75.16), np.float64(76.36)]
2026-06-30 21:39:48,417 [trainer.py] => CNN top5 curve: [np.float64(100.0), np.float64(99.9), np.float64(99.53), np.float64(99.3), np.float64(98.64), np.float64(98.63), np.float64(97.86), np.float64(98.3), np.float64(98.02), np.float64(97.84), np.float64(97.42), np.float64(97.17), np.float64(96.74), np.float64(96.09), np.float64(95.77), np.float64(96.11), np.float64(95.85), np.float64(95.58)]

2026-06-30 21:39:48,417 [trainer.py] => Average Accuracy (CNN): 84.98222222222222 

2026-06-30 21:39:48,420 [trainer.py] => All params: 91766106
2026-06-30 21:39:48,422 [trainer.py] => Trainable params: 216666
2026-06-30 21:39:48,423 [inflora.py] => [InfLoRA] Learning on 90-95
2026-06-30 21:40:02,151 [lora.py] => Trainable params this task: 220,511 / 91,769,951
2026-06-30 21:43:42,265 [lora.py] => Task 18 finished. Train_accy 95.96
2026-06-30 21:43:54,524 [inflora.py] => [InfLoRA] DualGPM threshold: 0.9950
2026-06-30 21:43:58,817 [inflora.py] => [InfLoRA] Layer 1: 12/768 type remove
2026-06-30 21:43:58,817 [inflora.py] => [InfLoRA] Layer 2: 32/768 type remove
2026-06-30 21:43:58,817 [inflora.py] => [InfLoRA] Layer 3: 70/768 type remove
2026-06-30 21:43:58,817 [inflora.py] => [InfLoRA] Layer 4: 106/768 type remove
2026-06-30 21:43:58,817 [inflora.py] => [InfLoRA] Layer 5: 153/768 type remove
2026-06-30 21:43:58,817 [inflora.py] => [InfLoRA] Layer 6: 211/768 type remove
2026-06-30 21:43:58,817 [inflora.py] => [InfLoRA] Layer 7: 256/768 type remove
2026-06-30 21:43:58,817 [inflora.py] => [InfLoRA] Layer 8: 342/768 type remove
2026-06-30 21:43:58,817 [inflora.py] => [InfLoRA] Layer 9: 377/768 type remove
2026-06-30 21:43:58,905 [inflora.py] => [InfLoRA] Layer 10: 374/768 type retain
2026-06-30 21:43:58,905 [inflora.py] => [InfLoRA] Layer 11: 283/768 type remove
2026-06-30 21:43:58,905 [inflora.py] => [InfLoRA] Layer 12: 196/768 type remove
2026-06-30 21:45:33,498 [til_base.py] => TIL top1: 97.35
2026-06-30 21:45:33,499 [til_base.py] => CIL top1: 72.85 | TIL top1: 97.35
2026-06-30 21:45:33,499 [trainer.py] => No NME accuracy.
2026-06-30 21:45:33,499 [trainer.py] => CNN: {'total': np.float64(72.85), '00-04': np.float64(51.8), '05-09': np.float64(60.0), '10-14': np.float64(57.4), '15-19': np.float64(83.6), '20-24': np.float64(83.0), '25-29': np.float64(88.6), '30-34': np.float64(63.6), '35-39': np.float64(84.2), '40-44': np.float64(77.4), '45-49': np.float64(75.8), '50-54': np.float64(70.8), '55-59': np.float64(77.8), '60-64': np.float64(66.6), '65-69': np.float64(94.0), '70-74': np.float64(66.4), '75-79': np.float64(53.2), '80-84': np.float64(74.8), '85-89': np.float64(77.0), '90-94': np.float64(78.2), 'old': np.float64(72.56), 'new': np.float64(78.2)}
2026-06-30 21:45:33,499 [trainer.py] => CNN top1 curve: [np.float64(99.6), np.float64(96.9), np.float64(94.6), np.float64(92.35), np.float64(91.68), np.float64(90.2), np.float64(83.77), np.float64(84.9), np.float64(84.47), np.float64(82.38), np.float64(81.85), np.float64(82.0), np.float64(79.91), np.float64(78.51), np.float64(78.51), np.float64(76.53), np.float64(75.16), np.float64(76.36), np.float64(72.85)]
2026-06-30 21:45:33,499 [trainer.py] => CNN top5 curve: [np.float64(100.0), np.float64(99.9), np.float64(99.53), np.float64(99.3), np.float64(98.64), np.float64(98.63), np.float64(97.86), np.float64(98.3), np.float64(98.02), np.float64(97.84), np.float64(97.42), np.float64(97.17), np.float64(96.74), np.float64(96.09), np.float64(95.77), np.float64(96.11), np.float64(95.85), np.float64(95.58), np.float64(93.41)]

2026-06-30 21:45:33,500 [trainer.py] => Average Accuracy (CNN): 84.34368421052632 

2026-06-30 21:45:33,505 [trainer.py] => All params: 91769951
2026-06-30 21:45:33,509 [trainer.py] => Trainable params: 220511
2026-06-30 21:45:33,512 [inflora.py] => [InfLoRA] Learning on 95-100
2026-06-30 21:45:47,395 [lora.py] => Trainable params this task: 224,356 / 91,773,796
2026-06-30 21:49:31,055 [lora.py] => Task 19 finished. Train_accy 94.40
2026-06-30 21:49:43,436 [inflora.py] => [InfLoRA] DualGPM threshold: 0.9975
2026-06-30 21:49:47,680 [inflora.py] => [InfLoRA] Layer 1: 12/768 type remove
2026-06-30 21:49:47,680 [inflora.py] => [InfLoRA] Layer 2: 37/768 type remove
2026-06-30 21:49:47,680 [inflora.py] => [InfLoRA] Layer 3: 85/768 type remove
2026-06-30 21:49:47,680 [inflora.py] => [InfLoRA] Layer 4: 133/768 type remove
2026-06-30 21:49:47,680 [inflora.py] => [InfLoRA] Layer 5: 186/768 type remove
2026-06-30 21:49:47,680 [inflora.py] => [InfLoRA] Layer 6: 256/768 type remove
2026-06-30 21:49:47,680 [inflora.py] => [InfLoRA] Layer 7: 320/768 type remove
2026-06-30 21:49:47,774 [inflora.py] => [InfLoRA] Layer 8: 354/768 type retain
2026-06-30 21:49:47,855 [inflora.py] => [InfLoRA] Layer 9: 321/768 type retain
2026-06-30 21:49:47,855 [inflora.py] => [InfLoRA] Layer 10: 302/768 type retain
2026-06-30 21:49:47,855 [inflora.py] => [InfLoRA] Layer 11: 347/768 type remove
2026-06-30 21:49:47,856 [inflora.py] => [InfLoRA] Layer 12: 280/768 type remove
2026-06-30 21:51:28,606 [til_base.py] => TIL top1: 97.39
2026-06-30 21:51:28,606 [til_base.py] => CIL top1: 72.63 | TIL top1: 97.39
2026-06-30 21:51:28,606 [trainer.py] => No NME accuracy.
2026-06-30 21:51:28,606 [trainer.py] => CNN: {'total': np.float64(72.63), '00-04': np.float64(60.0), '05-09': np.float64(59.0), '10-14': np.float64(56.4), '15-19': np.float64(82.6), '20-24': np.float64(83.8), '25-29': np.float64(91.0), '30-34': np.float64(64.0), '35-39': np.float64(83.6), '40-44': np.float64(83.0), '45-49': np.float64(72.0), '50-54': np.float64(74.2), '55-59': np.float64(83.2), '60-64': np.float64(64.4), '65-69': np.float64(91.8), '70-74': np.float64(68.4), '75-79': np.float64(47.0), '80-84': np.float64(72.6), '85-89': np.float64(72.0), '90-94': np.float64(76.4), '95-99': np.float64(67.2), 'old': np.float64(72.92), 'new': np.float64(67.2)}
2026-06-30 21:51:28,606 [trainer.py] => CNN top1 curve: [np.float64(99.6), np.float64(96.9), np.float64(94.6), np.float64(92.35), np.float64(91.68), np.float64(90.2), np.float64(83.77), np.float64(84.9), np.float64(84.47), np.float64(82.38), np.float64(81.85), np.float64(82.0), np.float64(79.91), np.float64(78.51), np.float64(78.51), np.float64(76.53), np.float64(75.16), np.float64(76.36), np.float64(72.85), np.float64(72.63)]
2026-06-30 21:51:28,606 [trainer.py] => CNN top5 curve: [np.float64(100.0), np.float64(99.9), np.float64(99.53), np.float64(99.3), np.float64(98.64), np.float64(98.63), np.float64(97.86), np.float64(98.3), np.float64(98.02), np.float64(97.84), np.float64(97.42), np.float64(97.17), np.float64(96.74), np.float64(96.09), np.float64(95.77), np.float64(96.11), np.float64(95.85), np.float64(95.58), np.float64(93.41), np.float64(93.53)]

2026-06-30 21:51:28,607 [trainer.py] => Average Accuracy (CNN): 83.758 

2026-06-30 21:51:28,611 [trainer.py] => Forgetting (CNN): 13.557894736842103
2026-06-30 21:51:28,611 [trainer.py] => Forgetting (NME): 13.557894736842103
2026-06-30 21:51:28,614 [trainer.py] => Forgetting (TIL): 1.8315789473684232
