2026-07-19 17:05:21,748 [trainer.py] => config: exps/review/single_task_check/cifar224_inflora.json
2026-07-19 17:05:21,748 [trainer.py] => dataset: cifar224
2026-07-19 17:05:21,748 [trainer.py] => memory_size: 0
2026-07-19 17:05:21,748 [trainer.py] => memory_per_class: 0
2026-07-19 17:05:21,749 [trainer.py] => fixed_memory: False
2026-07-19 17:05:21,749 [trainer.py] => shuffle: True
2026-07-19 17:05:21,749 [trainer.py] => init_cls: 5
2026-07-19 17:05:21,749 [trainer.py] => increment: 5
2026-07-19 17:05:21,749 [trainer.py] => seed: 1993
2026-07-19 17:05:21,749 [trainer.py] => scenario: cil
2026-07-19 17:05:21,749 [trainer.py] => stop_after_tasks: 1
2026-07-19 17:05:21,749 [trainer.py] => pretrained: True
2026-07-19 17:05:21,749 [trainer.py] => print_forget: True
2026-07-19 17:05:21,749 [trainer.py] => final_metrics: True
2026-07-19 17:05:21,749 [trainer.py] => backbone_type: vit_base_patch16_224_lora
2026-07-19 17:05:21,749 [trainer.py] => lora_rank: 8
2026-07-19 17:05:21,749 [trainer.py] => lora_alpha: 32
2026-07-19 17:05:21,749 [trainer.py] => tuned_epoch: 10
2026-07-19 17:05:21,749 [trainer.py] => init_lr: 0.0005
2026-07-19 17:05:21,749 [trainer.py] => batch_size: 128
2026-07-19 17:05:21,749 [trainer.py] => weight_decay: 0.0005
2026-07-19 17:05:21,749 [trainer.py] => min_lr: 0.0
2026-07-19 17:05:21,749 [trainer.py] => model_name: inflora
2026-07-19 17:05:21,749 [trainer.py] => lora_merge: True
2026-07-19 17:05:21,749 [trainer.py] => lamb: 0.95
2026-07-19 17:05:21,749 [trainer.py] => lame: 1.0
2026-07-19 17:05:21,749 [trainer.py] => device: [device(type='cuda', index=2)]
2026-07-19 17:05:21,749 [trainer.py] => prefix: single_task_check_cifar224_inflora
2026-07-19 17:05:23,418 [data_manager.py] => [68, 56, 78, 8, 23, 84, 90, 65, 74, 76, 40, 89, 3, 92, 55, 9, 26, 80, 43, 38, 58, 70, 77, 1, 85, 19, 17, 50, 28, 53, 13, 81, 45, 82, 6, 59, 83, 16, 15, 44, 91, 41, 72, 60, 79, 52, 20, 10, 31, 54, 37, 95, 14, 71, 96, 98, 97, 2, 64, 66, 42, 22, 35, 86, 24, 34, 87, 21, 99, 0, 88, 27, 18, 94, 11, 12, 47, 25, 30, 46, 62, 69, 36, 61, 7, 63, 75, 5, 32, 4, 51, 48, 73, 93, 39, 67, 29, 49, 57, 33]
2026-07-19 17:05:26,456 [trainer.py] => stop_after_tasks=1 (of 20 total)
2026-07-19 17:05:26,721 [trainer.py] => All params: 91696896
2026-07-19 17:05:26,724 [trainer.py] => Trainable params: 5898240
2026-07-19 17:05:27,164 [inflora.py] => [InfLoRA] Learning on 0-5
2026-07-19 17:05:37,426 [lora.py] => Trainable params this task: 151,301 / 91,700,741
2026-07-19 17:08:20,254 [lora.py] => Task 0 finished. Train_accy 96.20
2026-07-19 17:08:28,659 [inflora.py] => [InfLoRA] DualGPM threshold: 0.9500
2026-07-19 17:08:29,514 [inflora.py] => [InfLoRA] Layer 1: 5/768 type remove
2026-07-19 17:08:29,515 [inflora.py] => [InfLoRA] Layer 2: 8/768 type remove
2026-07-19 17:08:29,515 [inflora.py] => [InfLoRA] Layer 3: 11/768 type remove
2026-07-19 17:08:29,515 [inflora.py] => [InfLoRA] Layer 4: 11/768 type remove
2026-07-19 17:08:29,515 [inflora.py] => [InfLoRA] Layer 5: 17/768 type remove
2026-07-19 17:08:29,515 [inflora.py] => [InfLoRA] Layer 6: 20/768 type remove
2026-07-19 17:08:29,515 [inflora.py] => [InfLoRA] Layer 7: 21/768 type remove
2026-07-19 17:08:29,515 [inflora.py] => [InfLoRA] Layer 8: 24/768 type remove
2026-07-19 17:08:29,515 [inflora.py] => [InfLoRA] Layer 9: 16/768 type remove
2026-07-19 17:08:29,515 [inflora.py] => [InfLoRA] Layer 10: 8/768 type remove
2026-07-19 17:08:29,515 [inflora.py] => [InfLoRA] Layer 11: 4/768 type remove
2026-07-19 17:08:29,515 [inflora.py] => [InfLoRA] Layer 12: 5/768 type remove
2026-07-19 17:08:31,953 [trainer.py] => No NME accuracy.
2026-07-19 17:08:31,954 [trainer.py] => CNN: {'total': 100.0, '00-04': 100.0, 'old': 0, 'new': 100.0}
2026-07-19 17:08:31,954 [trainer.py] => CNN top1 curve: [100.0]
2026-07-19 17:08:31,954 [trainer.py] => CNN top5 curve: [100.0]

2026-07-19 17:08:31,954 [trainer.py] => Average Accuracy (CNN): 100.0 

2026-07-19 17:08:34,429 [metrics_logger.py] => [metrics] wrote run_logs/final/inflora/metrics_inflora_cifar224_single_task_check_cifar224_inflora_s1993.json
2026-07-19 17:08:34,431 [trainer.py] => Forgetting (CNN): nan
2026-07-19 17:08:34,431 [trainer.py] => Forgetting (NME): nan
