2026-07-18 23:58:24,917 [trainer.py] => config: exps/review/stream_smoke/cifar224_inflora.json
2026-07-18 23:58:24,917 [trainer.py] => dataset: cifar224
2026-07-18 23:58:24,917 [trainer.py] => memory_size: 0
2026-07-18 23:58:24,917 [trainer.py] => memory_per_class: 0
2026-07-18 23:58:24,917 [trainer.py] => fixed_memory: False
2026-07-18 23:58:24,917 [trainer.py] => shuffle: True
2026-07-18 23:58:24,917 [trainer.py] => init_cls: 5
2026-07-18 23:58:24,917 [trainer.py] => increment: 5
2026-07-18 23:58:24,917 [trainer.py] => seed: 1993
2026-07-18 23:58:24,917 [trainer.py] => scenario: cil
2026-07-18 23:58:24,917 [trainer.py] => pretrained: True
2026-07-18 23:58:24,917 [trainer.py] => print_forget: True
2026-07-18 23:58:24,917 [trainer.py] => final_metrics: True
2026-07-18 23:58:24,917 [trainer.py] => backbone_type: vit_base_patch16_224_lora
2026-07-18 23:58:24,917 [trainer.py] => lora_rank: 8
2026-07-18 23:58:24,917 [trainer.py] => lora_alpha: 32
2026-07-18 23:58:24,917 [trainer.py] => tuned_epoch: 10
2026-07-18 23:58:24,917 [trainer.py] => init_lr: 0.0005
2026-07-18 23:58:24,917 [trainer.py] => batch_size: 48
2026-07-18 23:58:24,918 [trainer.py] => weight_decay: 0.0005
2026-07-18 23:58:24,918 [trainer.py] => min_lr: 0.0
2026-07-18 23:58:24,918 [trainer.py] => model_name: inflora
2026-07-18 23:58:24,918 [trainer.py] => lora_merge: True
2026-07-18 23:58:24,918 [trainer.py] => lamb: 0.95
2026-07-18 23:58:24,918 [trainer.py] => lame: 1.0
2026-07-18 23:58:24,918 [trainer.py] => device: [device(type='cuda', index=1)]
2026-07-18 23:58:24,918 [trainer.py] => prefix: stream_smoke_cifar224_inflora
2026-07-18 23:58:24,918 [trainer.py] => boundary_mode: sample
2026-07-18 23:58:24,918 [trainer.py] => stream_budget_mb: 538.33
2026-07-18 23:58:24,918 [trainer.py] => stop_after_tasks: 5
2026-07-18 23:58:26,590 [data_manager.py] => [68, 56, 78, 8, 23, 84, 90, 65, 74, 76, 40, 89, 3, 92, 55, 9, 26, 80, 43, 38, 58, 70, 77, 1, 85, 19, 17, 50, 28, 53, 13, 81, 45, 82, 6, 59, 83, 16, 15, 44, 91, 41, 72, 60, 79, 52, 20, 10, 31, 54, 37, 95, 14, 71, 96, 98, 97, 2, 64, 66, 42, 22, 35, 86, 24, 34, 87, 21, 99, 0, 88, 27, 18, 94, 11, 12, 47, 25, 30, 46, 62, 69, 36, 61, 7, 63, 75, 5, 32, 4, 51, 48, 73, 93, 39, 67, 29, 49, 57, 33]
2026-07-18 23:58:29,274 [stream_mixin.py] => [stream] stop_after_tasks=5 (of 20 total)
2026-07-18 23:58:29,274 [stream_mixin.py] => [stream] adapter event every 3750 samples (memory constraint 538.33MB); eval after each fold on completed tasks
2026-07-19 00:00:22,881 [inflora.py] => [InfLoRA] DualGPM threshold: 0.9500
2026-07-19 00:00:24,847 [inflora.py] => [InfLoRA] Layer 1: 5/768 type remove
2026-07-19 00:00:24,847 [inflora.py] => [InfLoRA] Layer 2: 8/768 type remove
2026-07-19 00:00:24,847 [inflora.py] => [InfLoRA] Layer 3: 10/768 type remove
2026-07-19 00:00:24,847 [inflora.py] => [InfLoRA] Layer 4: 11/768 type remove
2026-07-19 00:00:24,847 [inflora.py] => [InfLoRA] Layer 5: 16/768 type remove
2026-07-19 00:00:24,847 [inflora.py] => [InfLoRA] Layer 6: 19/768 type remove
2026-07-19 00:00:24,847 [inflora.py] => [InfLoRA] Layer 7: 20/768 type remove
2026-07-19 00:00:24,847 [inflora.py] => [InfLoRA] Layer 8: 24/768 type remove
2026-07-19 00:00:24,848 [inflora.py] => [InfLoRA] Layer 9: 15/768 type remove
2026-07-19 00:00:24,848 [inflora.py] => [InfLoRA] Layer 10: 7/768 type remove
2026-07-19 00:00:24,848 [inflora.py] => [InfLoRA] Layer 11: 3/768 type remove
2026-07-19 00:00:24,848 [inflora.py] => [InfLoRA] Layer 12: 5/768 type remove
2026-07-19 00:01:30,204 [inflora.py] => [InfLoRA] DualGPM threshold: 0.9525
2026-07-19 00:01:33,972 [inflora.py] => [InfLoRA] Layer 1: 7/768 type remove
2026-07-19 00:01:33,972 [inflora.py] => [InfLoRA] Layer 2: 10/768 type remove
2026-07-19 00:01:33,972 [inflora.py] => [InfLoRA] Layer 3: 14/768 type remove
2026-07-19 00:01:33,972 [inflora.py] => [InfLoRA] Layer 4: 16/768 type remove
2026-07-19 00:01:33,972 [inflora.py] => [InfLoRA] Layer 5: 24/768 type remove
2026-07-19 00:01:33,973 [inflora.py] => [InfLoRA] Layer 6: 27/768 type remove
2026-07-19 00:01:33,973 [inflora.py] => [InfLoRA] Layer 7: 29/768 type remove
2026-07-19 00:01:33,973 [inflora.py] => [InfLoRA] Layer 8: 36/768 type remove
2026-07-19 00:01:33,973 [inflora.py] => [InfLoRA] Layer 9: 21/768 type remove
2026-07-19 00:01:33,973 [inflora.py] => [InfLoRA] Layer 10: 10/768 type remove
2026-07-19 00:01:33,973 [inflora.py] => [InfLoRA] Layer 11: 5/768 type remove
2026-07-19 00:01:33,973 [inflora.py] => [InfLoRA] Layer 12: 8/768 type remove
