2026-07-19 20:29:09,166 [trainer.py] => config: exps/review/three_task_check_bs48_lr3e4/cifar224_inflora.json
2026-07-19 20:29:09,166 [trainer.py] => dataset: cifar224
2026-07-19 20:29:09,166 [trainer.py] => memory_size: 0
2026-07-19 20:29:09,166 [trainer.py] => memory_per_class: 0
2026-07-19 20:29:09,166 [trainer.py] => fixed_memory: False
2026-07-19 20:29:09,166 [trainer.py] => shuffle: True
2026-07-19 20:29:09,166 [trainer.py] => init_cls: 5
2026-07-19 20:29:09,166 [trainer.py] => increment: 5
2026-07-19 20:29:09,166 [trainer.py] => seed: 1993
2026-07-19 20:29:09,166 [trainer.py] => scenario: cil
2026-07-19 20:29:09,166 [trainer.py] => stop_after_tasks: 3
2026-07-19 20:29:09,166 [trainer.py] => pretrained: True
2026-07-19 20:29:09,166 [trainer.py] => print_forget: True
2026-07-19 20:29:09,167 [trainer.py] => final_metrics: True
2026-07-19 20:29:09,167 [trainer.py] => backbone_type: vit_base_patch16_224_lora
2026-07-19 20:29:09,167 [trainer.py] => lora_rank: 8
2026-07-19 20:29:09,167 [trainer.py] => lora_alpha: 32
2026-07-19 20:29:09,167 [trainer.py] => tuned_epoch: 10
2026-07-19 20:29:09,167 [trainer.py] => init_lr: 0.0003
2026-07-19 20:29:09,167 [trainer.py] => batch_size: 48
2026-07-19 20:29:09,167 [trainer.py] => weight_decay: 0.0005
2026-07-19 20:29:09,167 [trainer.py] => min_lr: 0.0
2026-07-19 20:29:09,167 [trainer.py] => model_name: inflora
2026-07-19 20:29:09,167 [trainer.py] => lora_merge: True
2026-07-19 20:29:09,167 [trainer.py] => lamb: 0.95
2026-07-19 20:29:09,167 [trainer.py] => lame: 1.0
2026-07-19 20:29:09,167 [trainer.py] => device: [device(type='cuda', index=0)]
2026-07-19 20:29:09,167 [trainer.py] => prefix: three_task_check_bs48lr3e4_cifar224_inflora
2026-07-19 20:29:10,862 [data_manager.py] => [68, 56, 78, 8, 23, 84, 90, 65, 74, 76, 40, 89, 3, 92, 55, 9, 26, 80, 43, 38, 58, 70, 77, 1, 85, 19, 17, 50, 28, 53, 13, 81, 45, 82, 6, 59, 83, 16, 15, 44, 91, 41, 72, 60, 79, 52, 20, 10, 31, 54, 37, 95, 14, 71, 96, 98, 97, 2, 64, 66, 42, 22, 35, 86, 24, 34, 87, 21, 99, 0, 88, 27, 18, 94, 11, 12, 47, 25, 30, 46, 62, 69, 36, 61, 7, 63, 75, 5, 32, 4, 51, 48, 73, 93, 39, 67, 29, 49, 57, 33]
2026-07-19 20:29:13,656 [trainer.py] => stop_after_tasks=3 (of 20 total)
2026-07-19 20:29:13,859 [trainer.py] => All params: 91696896
2026-07-19 20:29:13,862 [trainer.py] => Trainable params: 5898240
2026-07-19 20:29:14,201 [inflora.py] => [InfLoRA] Learning on 0-5
2026-07-19 20:29:25,235 [lora.py] => Trainable params this task: 151,301 / 91,700,741
2026-07-19 20:32:15,684 [lora.py] => Task 0 finished. Train_accy 96.12
2026-07-19 20:32:24,656 [inflora.py] => [InfLoRA] DualGPM threshold: 0.9500
2026-07-19 20:32:25,394 [inflora.py] => [InfLoRA] Layer 1: 5/768 type remove
2026-07-19 20:32:25,395 [inflora.py] => [InfLoRA] Layer 2: 8/768 type remove
2026-07-19 20:32:25,395 [inflora.py] => [InfLoRA] Layer 3: 11/768 type remove
2026-07-19 20:32:25,395 [inflora.py] => [InfLoRA] Layer 4: 11/768 type remove
2026-07-19 20:32:25,395 [inflora.py] => [InfLoRA] Layer 5: 16/768 type remove
2026-07-19 20:32:25,395 [inflora.py] => [InfLoRA] Layer 6: 18/768 type remove
2026-07-19 20:32:25,395 [inflora.py] => [InfLoRA] Layer 7: 20/768 type remove
2026-07-19 20:32:25,395 [inflora.py] => [InfLoRA] Layer 8: 23/768 type remove
2026-07-19 20:32:25,395 [inflora.py] => [InfLoRA] Layer 9: 16/768 type remove
2026-07-19 20:32:25,395 [inflora.py] => [InfLoRA] Layer 10: 8/768 type remove
2026-07-19 20:32:25,395 [inflora.py] => [InfLoRA] Layer 11: 3/768 type remove
2026-07-19 20:32:25,395 [inflora.py] => [InfLoRA] Layer 12: 5/768 type remove
2026-07-19 20:32:27,787 [trainer.py] => No NME accuracy.
2026-07-19 20:32:27,788 [trainer.py] => CNN: {'total': 99.6, '00-04': 99.6, 'old': 0, 'new': 99.6}
2026-07-19 20:32:27,788 [trainer.py] => CNN top1 curve: [99.6]
2026-07-19 20:32:27,788 [trainer.py] => CNN top5 curve: [100.0]

2026-07-19 20:32:27,788 [trainer.py] => Average Accuracy (CNN): 99.6 

2026-07-19 20:32:27,791 [trainer.py] => All params: 91700741
2026-07-19 20:32:27,795 [trainer.py] => Trainable params: 151301
2026-07-19 20:32:27,796 [inflora.py] => [InfLoRA] Learning on 5-10
2026-07-19 20:32:38,188 [lora.py] => Trainable params this task: 155,146 / 91,704,586
2026-07-19 20:35:29,472 [lora.py] => Task 1 finished. Train_accy 94.84
2026-07-19 20:35:38,514 [inflora.py] => [InfLoRA] DualGPM threshold: 0.9525
2026-07-19 20:35:39,885 [inflora.py] => [InfLoRA] Layer 1: 7/768 type remove
2026-07-19 20:35:39,886 [inflora.py] => [InfLoRA] Layer 2: 10/768 type remove
2026-07-19 20:35:39,886 [inflora.py] => [InfLoRA] Layer 3: 15/768 type remove
2026-07-19 20:35:39,886 [inflora.py] => [InfLoRA] Layer 4: 16/768 type remove
2026-07-19 20:35:39,886 [inflora.py] => [InfLoRA] Layer 5: 24/768 type remove
2026-07-19 20:35:39,886 [inflora.py] => [InfLoRA] Layer 6: 29/768 type remove
2026-07-19 20:35:39,886 [inflora.py] => [InfLoRA] Layer 7: 31/768 type remove
2026-07-19 20:35:39,886 [inflora.py] => [InfLoRA] Layer 8: 37/768 type remove
2026-07-19 20:35:39,886 [inflora.py] => [InfLoRA] Layer 9: 34/768 type remove
2026-07-19 20:35:39,886 [inflora.py] => [InfLoRA] Layer 10: 24/768 type remove
2026-07-19 20:35:39,886 [inflora.py] => [InfLoRA] Layer 11: 8/768 type remove
2026-07-19 20:35:39,886 [inflora.py] => [InfLoRA] Layer 12: 12/768 type remove
2026-07-19 20:35:43,903 [trainer.py] => No NME accuracy.
2026-07-19 20:35:43,903 [trainer.py] => CNN: {'total': 97.4, '00-04': 96.4, '05-09': 98.4, 'old': 96.4, 'new': 98.4}
2026-07-19 20:35:43,903 [trainer.py] => CNN top1 curve: [99.6, 97.4]
2026-07-19 20:35:43,903 [trainer.py] => CNN top5 curve: [100.0, 100.0]

2026-07-19 20:35:43,903 [trainer.py] => Average Accuracy (CNN): 98.5 

2026-07-19 20:35:43,908 [trainer.py] => All params: 91704586
2026-07-19 20:35:43,913 [trainer.py] => Trainable params: 155146
2026-07-19 20:35:43,914 [inflora.py] => [InfLoRA] Learning on 10-15
2026-07-19 20:35:54,423 [lora.py] => Trainable params this task: 158,991 / 91,708,431
2026-07-19 20:38:45,336 [lora.py] => Task 2 finished. Train_accy 94.96
2026-07-19 20:38:54,351 [inflora.py] => [InfLoRA] DualGPM threshold: 0.9550
2026-07-19 20:38:55,744 [inflora.py] => [InfLoRA] Layer 1: 7/768 type remove
2026-07-19 20:38:55,744 [inflora.py] => [InfLoRA] Layer 2: 11/768 type remove
2026-07-19 20:38:55,744 [inflora.py] => [InfLoRA] Layer 3: 17/768 type remove
2026-07-19 20:38:55,744 [inflora.py] => [InfLoRA] Layer 4: 19/768 type remove
2026-07-19 20:38:55,744 [inflora.py] => [InfLoRA] Layer 5: 28/768 type remove
2026-07-19 20:38:55,744 [inflora.py] => [InfLoRA] Layer 6: 34/768 type remove
2026-07-19 20:38:55,744 [inflora.py] => [InfLoRA] Layer 7: 36/768 type remove
2026-07-19 20:38:55,744 [inflora.py] => [InfLoRA] Layer 8: 45/768 type remove
2026-07-19 20:38:55,744 [inflora.py] => [InfLoRA] Layer 9: 45/768 type remove
2026-07-19 20:38:55,744 [inflora.py] => [InfLoRA] Layer 10: 34/768 type remove
2026-07-19 20:38:55,744 [inflora.py] => [InfLoRA] Layer 11: 13/768 type remove
2026-07-19 20:38:55,744 [inflora.py] => [InfLoRA] Layer 12: 20/768 type remove
2026-07-19 20:39:01,477 [trainer.py] => No NME accuracy.
2026-07-19 20:39:01,477 [trainer.py] => CNN: {'total': 95.67, '00-04': 95.0, '05-09': 95.2, '10-14': 96.8, 'old': 95.1, 'new': 96.8}
2026-07-19 20:39:01,477 [trainer.py] => CNN top1 curve: [99.6, 97.4, 95.67]
2026-07-19 20:39:01,477 [trainer.py] => CNN top5 curve: [100.0, 100.0, 99.8]

2026-07-19 20:39:01,477 [trainer.py] => Average Accuracy (CNN): 97.55666666666667 

2026-07-19 20:39:04,469 [metrics_logger.py] => [metrics] wrote run_logs/final/inflora/metrics_inflora_cifar224_three_task_check_bs48lr3e4_cifar224_inflora_s1993.json
2026-07-19 20:39:04,470 [trainer.py] => Forgetting (CNN): 3.8999999999999986
2026-07-19 20:39:04,470 [trainer.py] => Forgetting (NME): 3.8999999999999986
