2026-07-19 20:54:47,134 [trainer.py] => config: exps/review/three_task_check_bs48_lr3e4/sun397_tuna.json
2026-07-19 20:54:47,134 [trainer.py] => dataset: sun397
2026-07-19 20:54:47,134 [trainer.py] => memory_size: 0
2026-07-19 20:54:47,134 [trainer.py] => memory_per_class: 0
2026-07-19 20:54:47,134 [trainer.py] => fixed_memory: False
2026-07-19 20:54:47,134 [trainer.py] => shuffle: True
2026-07-19 20:54:47,134 [trainer.py] => init_cls: 17
2026-07-19 20:54:47,134 [trainer.py] => increment: 20
2026-07-19 20:54:47,134 [trainer.py] => seed: 1993
2026-07-19 20:54:47,134 [trainer.py] => scenario: cil
2026-07-19 20:54:47,134 [trainer.py] => stop_after_tasks: 3
2026-07-19 20:54:47,134 [trainer.py] => pretrained: True
2026-07-19 20:54:47,134 [trainer.py] => print_forget: True
2026-07-19 20:54:47,134 [trainer.py] => final_metrics: True
2026-07-19 20:54:47,134 [trainer.py] => backbone_type: vit_base_patch16_224_in21k_tuna
2026-07-19 20:54:47,134 [trainer.py] => tuned_epoch: 10
2026-07-19 20:54:47,134 [trainer.py] => init_lr: 0.0003
2026-07-19 20:54:47,134 [trainer.py] => batch_size: 48
2026-07-19 20:54:47,134 [trainer.py] => weight_decay: 0.0005
2026-07-19 20:54:47,134 [trainer.py] => min_lr: 0
2026-07-19 20:54:47,135 [trainer.py] => optimizer: adamw
2026-07-19 20:54:47,135 [trainer.py] => scheduler: cosine
2026-07-19 20:54:47,135 [trainer.py] => reinit_optimizer: True
2026-07-19 20:54:47,135 [trainer.py] => init_milestones: [10]
2026-07-19 20:54:47,135 [trainer.py] => init_lr_decay: 0.1
2026-07-19 20:54:47,135 [trainer.py] => model_name: tuna
2026-07-19 20:54:47,135 [trainer.py] => reg: 0.001
2026-07-19 20:54:47,135 [trainer.py] => use_orth: True
2026-07-19 20:54:47,135 [trainer.py] => crct_epochs: 30
2026-07-19 20:54:47,135 [trainer.py] => ca_lr: 0.005
2026-07-19 20:54:47,135 [trainer.py] => ca_storage_efficient_method: covariance
2026-07-19 20:54:47,135 [trainer.py] => ca_storage_efficient_method_choices: ['covariance', 'variance']
2026-07-19 20:54:47,135 [trainer.py] => decay: True
2026-07-19 20:54:47,135 [trainer.py] => drop: 0.0
2026-07-19 20:54:47,135 [trainer.py] => drop_path: 0.0
2026-07-19 20:54:47,135 [trainer.py] => r: 8
2026-07-19 20:54:47,135 [trainer.py] => scale: 20.0
2026-07-19 20:54:47,135 [trainer.py] => m: 0.0
2026-07-19 20:54:47,135 [trainer.py] => device: [device(type='cuda', index=4)]
2026-07-19 20:54:47,135 [trainer.py] => prefix: three_task_check_bs48lr3e4_sun397_tuna
2026-07-19 20:54:47,255 [data_manager.py] => [181, 7, 108, 112, 36, 93, 56, 28, 256, 133, 210, 159, 231, 352, 273, 3, 385, 162, 118, 305, 368, 26, 138, 374, 213, 267, 105, 101, 196, 193, 50, 73, 44, 23, 346, 375, 243, 120, 195, 70, 310, 89, 233, 77, 265, 14, 257, 119, 200, 122, 128, 103, 187, 336, 79, 78, 136, 294, 49, 142, 201, 2, 8, 97, 94, 253, 281, 324, 383, 166, 208, 335, 322, 176, 313, 293, 52, 57, 351, 289, 99, 30, 55, 80, 163, 271, 327, 6, 182, 146, 355, 300, 10, 186, 226, 217, 156, 59, 165, 395, 147, 282, 54, 137, 333, 157, 15, 27, 288, 316, 174, 369, 326, 274, 328, 171, 145, 229, 323, 126, 252, 0, 367, 330, 307, 214, 139, 236, 345, 117, 16, 223, 224, 35, 9, 291, 359, 98, 4, 275, 184, 179, 360, 266, 135, 170, 377, 262, 102, 150, 87, 151, 107, 378, 39, 161, 222, 255, 393, 379, 192, 20, 230, 339, 12, 240, 11, 353, 92, 238, 189, 290, 303, 272, 74, 42, 357, 258, 241, 292, 88, 246, 387, 204, 153, 298, 320, 64, 376, 389, 154, 343, 17, 63, 366, 228, 169, 68, 219, 269, 364, 121, 110, 75, 354, 109, 264, 245, 69, 284, 312, 344, 183, 297, 362, 66, 279, 32, 205, 221, 227, 116, 392, 76, 134, 53, 1, 91, 308, 283, 348, 325, 388, 199, 306, 260, 132, 356, 106, 45, 232, 31, 85, 19, 268, 143, 43, 129, 382, 175, 209, 235, 22, 390, 125, 104, 173, 380, 215, 216, 51, 21, 46, 315, 337, 311, 83, 396, 370, 248, 100, 203, 72, 131, 259, 341, 261, 48, 113, 82, 172, 299, 62, 168, 318, 180, 365, 373, 61, 254, 86, 286, 141, 296, 350, 249, 321, 314, 40, 65, 381, 301, 394, 90, 71, 167, 371, 212, 384, 96, 84, 127, 67, 178, 391, 197, 277, 18, 111, 58, 188, 347, 24, 81, 334, 60, 251, 13, 270, 319, 198, 363, 5, 278, 144, 340, 38, 207, 148, 386, 41, 338, 234, 237, 114, 276, 202, 287, 309, 37, 149, 206, 155, 29, 130, 177, 194, 152, 342, 332, 280, 34, 33, 239, 160, 140, 358, 47, 244, 25, 372, 158, 211, 123, 302, 190, 218, 164, 317, 247, 263, 191, 220, 115, 331, 361, 242, 250, 124, 304, 329, 349, 295, 95, 285, 225, 185]
2026-07-19 20:54:50,609 [tuna.py] => 86,408,269 model total parameters.
2026-07-19 20:54:50,610 [tuna.py] => 609,613 model training parameters.
2026-07-19 20:54:50,610 [tuna.py] => backbone.head.weight: 304896
2026-07-19 20:54:50,610 [tuna.py] => backbone.head.bias: 397
2026-07-19 20:54:50,610 [tuna.py] => backbone.cur_adapter.0.down_proj.weight: 12288
2026-07-19 20:54:50,610 [tuna.py] => backbone.cur_adapter.0.down_proj.bias: 16
2026-07-19 20:54:50,611 [tuna.py] => backbone.cur_adapter.0.up_proj.weight: 12288
2026-07-19 20:54:50,611 [tuna.py] => backbone.cur_adapter.0.up_proj.bias: 768
2026-07-19 20:54:50,611 [tuna.py] => backbone.cur_adapter.1.down_proj.weight: 12288
2026-07-19 20:54:50,611 [tuna.py] => backbone.cur_adapter.1.down_proj.bias: 16
2026-07-19 20:54:50,611 [tuna.py] => backbone.cur_adapter.1.up_proj.weight: 12288
2026-07-19 20:54:50,611 [tuna.py] => backbone.cur_adapter.1.up_proj.bias: 768
2026-07-19 20:54:50,611 [tuna.py] => backbone.cur_adapter.2.down_proj.weight: 12288
2026-07-19 20:54:50,611 [tuna.py] => backbone.cur_adapter.2.down_proj.bias: 16
2026-07-19 20:54:50,611 [tuna.py] => backbone.cur_adapter.2.up_proj.weight: 12288
2026-07-19 20:54:50,611 [tuna.py] => backbone.cur_adapter.2.up_proj.bias: 768
2026-07-19 20:54:50,611 [tuna.py] => backbone.cur_adapter.3.down_proj.weight: 12288
2026-07-19 20:54:50,611 [tuna.py] => backbone.cur_adapter.3.down_proj.bias: 16
2026-07-19 20:54:50,611 [tuna.py] => backbone.cur_adapter.3.up_proj.weight: 12288
2026-07-19 20:54:50,611 [tuna.py] => backbone.cur_adapter.3.up_proj.bias: 768
2026-07-19 20:54:50,611 [tuna.py] => backbone.cur_adapter.4.down_proj.weight: 12288
2026-07-19 20:54:50,611 [tuna.py] => backbone.cur_adapter.4.down_proj.bias: 16
2026-07-19 20:54:50,611 [tuna.py] => backbone.cur_adapter.4.up_proj.weight: 12288
2026-07-19 20:54:50,611 [tuna.py] => backbone.cur_adapter.4.up_proj.bias: 768
2026-07-19 20:54:50,611 [tuna.py] => backbone.cur_adapter.5.down_proj.weight: 12288
2026-07-19 20:54:50,611 [tuna.py] => backbone.cur_adapter.5.down_proj.bias: 16
2026-07-19 20:54:50,611 [tuna.py] => backbone.cur_adapter.5.up_proj.weight: 12288
2026-07-19 20:54:50,611 [tuna.py] => backbone.cur_adapter.5.up_proj.bias: 768
2026-07-19 20:54:50,612 [tuna.py] => backbone.cur_adapter.6.down_proj.weight: 12288
2026-07-19 20:54:50,612 [tuna.py] => backbone.cur_adapter.6.down_proj.bias: 16
2026-07-19 20:54:50,612 [tuna.py] => backbone.cur_adapter.6.up_proj.weight: 12288
2026-07-19 20:54:50,612 [tuna.py] => backbone.cur_adapter.6.up_proj.bias: 768
2026-07-19 20:54:50,612 [tuna.py] => backbone.cur_adapter.7.down_proj.weight: 12288
2026-07-19 20:54:50,612 [tuna.py] => backbone.cur_adapter.7.down_proj.bias: 16
2026-07-19 20:54:50,612 [tuna.py] => backbone.cur_adapter.7.up_proj.weight: 12288
2026-07-19 20:54:50,612 [tuna.py] => backbone.cur_adapter.7.up_proj.bias: 768
2026-07-19 20:54:50,612 [tuna.py] => backbone.cur_adapter.8.down_proj.weight: 12288
2026-07-19 20:54:50,612 [tuna.py] => backbone.cur_adapter.8.down_proj.bias: 16
2026-07-19 20:54:50,612 [tuna.py] => backbone.cur_adapter.8.up_proj.weight: 12288
2026-07-19 20:54:50,612 [tuna.py] => backbone.cur_adapter.8.up_proj.bias: 768
2026-07-19 20:54:50,612 [tuna.py] => backbone.cur_adapter.9.down_proj.weight: 12288
2026-07-19 20:54:50,612 [tuna.py] => backbone.cur_adapter.9.down_proj.bias: 16
2026-07-19 20:54:50,612 [tuna.py] => backbone.cur_adapter.9.up_proj.weight: 12288
2026-07-19 20:54:50,612 [tuna.py] => backbone.cur_adapter.9.up_proj.bias: 768
2026-07-19 20:54:50,612 [tuna.py] => backbone.cur_adapter.10.down_proj.weight: 12288
2026-07-19 20:54:50,612 [tuna.py] => backbone.cur_adapter.10.down_proj.bias: 16
2026-07-19 20:54:50,612 [tuna.py] => backbone.cur_adapter.10.up_proj.weight: 12288
2026-07-19 20:54:50,612 [tuna.py] => backbone.cur_adapter.10.up_proj.bias: 768
2026-07-19 20:54:50,612 [tuna.py] => backbone.cur_adapter.11.down_proj.weight: 12288
2026-07-19 20:54:50,613 [tuna.py] => backbone.cur_adapter.11.down_proj.bias: 16
2026-07-19 20:54:50,613 [tuna.py] => backbone.cur_adapter.11.up_proj.weight: 12288
2026-07-19 20:54:50,613 [tuna.py] => backbone.cur_adapter.11.up_proj.bias: 768
2026-07-19 20:54:50,613 [trainer.py] => stop_after_tasks=3 (of 20 total)
2026-07-19 20:54:50,614 [trainer.py] => All params: 86408269
2026-07-19 20:54:50,614 [trainer.py] => Trainable params: 609613
2026-07-19 20:54:50,615 [tuna.py] => Learning on 0-17
2026-07-19 20:55:55,239 [tuna.py] => Task 0, Epoch 10/10 => Loss 0.202, Train_accy 96.24
2026-07-19 20:56:23,706 [trainer.py] => No NME accuracy.
2026-07-19 20:56:23,706 [trainer.py] => CNN: {'total': 97.41, '00-16': 97.41, 'old': 0, 'new': 97.41}
2026-07-19 20:56:23,706 [trainer.py] => CNN top1 curve: [97.41]
2026-07-19 20:56:23,706 [trainer.py] => CNN top5 curve: [99.88]

2026-07-19 20:56:23,707 [trainer.py] => Average Accuracy (CNN): 97.41 

2026-07-19 20:56:23,707 [trainer.py] => All params: 86725645
2026-07-19 20:56:23,708 [trainer.py] => Trainable params: 926989
2026-07-19 20:56:23,709 [tuna.py] => Learning on 17-37
2026-07-19 20:57:38,243 [tuna.py] => Task 1, Epoch 10/10 => Loss 0.261, Train_accy 86.50
2026-07-19 20:58:10,475 [tuna.py] => Task 1, Epoch 30/30 => Loss 0.035, CA_accy 99.71
2026-07-19 20:58:27,419 [trainer.py] => No NME accuracy.
2026-07-19 20:58:27,419 [trainer.py] => CNN: {'total': 92.97, '00-16': 93.29, '17-36': 92.7, 'old': 93.29, 'new': 92.7}
2026-07-19 20:58:27,419 [trainer.py] => CNN top1 curve: [97.41, 92.97]
2026-07-19 20:58:27,419 [trainer.py] => CNN top5 curve: [99.88, 99.68]

2026-07-19 20:58:27,419 [trainer.py] => Average Accuracy (CNN): 95.19 

2026-07-19 20:58:27,420 [trainer.py] => All params: 87349645
2026-07-19 20:58:27,421 [trainer.py] => Trainable params: 1550989
2026-07-19 20:58:27,422 [tuna.py] => Learning on 37-57
2026-07-19 20:59:45,143 [tuna.py] => Task 2, Epoch 10/10 => Loss 0.188, Train_accy 47.40
2026-07-19 21:00:22,386 [tuna.py] => Task 2, Epoch 30/30 => Loss 0.038, CA_accy 99.73
2026-07-19 21:00:55,539 [trainer.py] => No NME accuracy.
2026-07-19 21:00:55,539 [trainer.py] => CNN: {'total': 89.05, '00-16': 90.59, '17-36': 85.7, '37-56': 91.1, 'old': 87.95, 'new': 91.1}
2026-07-19 21:00:55,539 [trainer.py] => CNN top1 curve: [97.41, 92.97, 89.05]
2026-07-19 21:00:55,539 [trainer.py] => CNN top5 curve: [99.88, 99.68, 98.98]

2026-07-19 21:00:55,539 [trainer.py] => Average Accuracy (CNN): 93.14333333333333 

2026-07-19 21:01:03,667 [metrics_logger.py] => [metrics] wrote run_logs/final/tuna/metrics_tuna_sun397_three_task_check_bs48lr3e4_sun397_tuna_s1993.json
2026-07-19 21:01:03,668 [trainer.py] => Forgetting (CNN): 6.909999999999997
2026-07-19 21:01:03,668 [trainer.py] => Forgetting (NME): 6.909999999999997
