2026-07-21 15:36:47,990 [trainer.py] => config: exps/review/native_defaults_smoke/inflora_cifar224_verify.json
2026-07-21 15:36:47,990 [trainer.py] => prefix: inflora_fix_verify_cifar224
2026-07-21 15:36:47,990 [trainer.py] => dataset: cifar224
2026-07-21 15:36:47,990 [trainer.py] => memory_size: 0
2026-07-21 15:36:47,990 [trainer.py] => memory_per_class: 0
2026-07-21 15:36:47,991 [trainer.py] => fixed_memory: False
2026-07-21 15:36:47,991 [trainer.py] => shuffle: True
2026-07-21 15:36:47,991 [trainer.py] => init_cls: 10
2026-07-21 15:36:47,991 [trainer.py] => increment: 10
2026-07-21 15:36:47,991 [trainer.py] => model_name: inflora
2026-07-21 15:36:47,991 [trainer.py] => backbone_type: vit_base_patch16_224_lora
2026-07-21 15:36:47,991 [trainer.py] => device: [device(type='cuda', index=0)]
2026-07-21 15:36:47,991 [trainer.py] => seed: 1993
2026-07-21 15:36:47,991 [trainer.py] => scenario: both
2026-07-21 15:36:47,991 [trainer.py] => lora_rank: 10
2026-07-21 15:36:47,991 [trainer.py] => lora_alpha: None
2026-07-21 15:36:47,991 [trainer.py] => lora_merge: True
2026-07-21 15:36:47,991 [trainer.py] => lamb: 0.95
2026-07-21 15:36:47,991 [trainer.py] => lame: 1.0
2026-07-21 15:36:47,991 [trainer.py] => tuned_epoch: 10
2026-07-21 15:36:47,991 [trainer.py] => init_lr: 0.0005
2026-07-21 15:36:47,991 [trainer.py] => batch_size: 48
2026-07-21 15:36:47,991 [trainer.py] => weight_decay: 0.0005
2026-07-21 15:36:47,991 [trainer.py] => min_lr: 0.0
2026-07-21 15:36:47,991 [trainer.py] => pretrained: True
2026-07-21 15:36:47,991 [trainer.py] => print_forget: True
2026-07-21 15:36:47,991 [trainer.py] => stop_after_tasks: 3
2026-07-21 15:36:47,992 [trainer.py] => final_metrics: True
2026-07-21 15:36:49,590 [data_manager.py] => [68, 56, 78, 8, 23, 84, 90, 65, 74, 76, 40, 89, 3, 92, 55, 9, 26, 80, 43, 38, 58, 70, 77, 1, 85, 19, 17, 50, 28, 53, 13, 81, 45, 82, 6, 59, 83, 16, 15, 44, 91, 41, 72, 60, 79, 52, 20, 10, 31, 54, 37, 95, 14, 71, 96, 98, 97, 2, 64, 66, 42, 22, 35, 86, 24, 34, 87, 21, 99, 0, 88, 27, 18, 94, 11, 12, 47, 25, 30, 46, 62, 69, 36, 61, 7, 63, 75, 5, 32, 4, 51, 48, 73, 93, 39, 67, 29, 49, 57, 33]
2026-07-21 15:36:52,138 [trainer.py] => stop_after_tasks=3 (of 10 total)
2026-07-21 15:36:52,731 [trainer.py] => All params: 89485056
2026-07-21 15:36:52,733 [trainer.py] => Trainable params: 3686400
2026-07-21 15:36:52,733 [inflora.py] => [InfLoRA] Learning on 0-10
2026-07-21 15:38:22,925 [trainer.py] => config: exps/review/native_defaults_smoke/inflora_cifar224_verify.json
2026-07-21 15:38:22,925 [trainer.py] => prefix: inflora_fix_verify_cifar224
2026-07-21 15:38:22,925 [trainer.py] => dataset: cifar224
2026-07-21 15:38:22,925 [trainer.py] => memory_size: 0
2026-07-21 15:38:22,925 [trainer.py] => memory_per_class: 0
2026-07-21 15:38:22,925 [trainer.py] => fixed_memory: False
2026-07-21 15:38:22,925 [trainer.py] => shuffle: True
2026-07-21 15:38:22,925 [trainer.py] => init_cls: 10
2026-07-21 15:38:22,925 [trainer.py] => increment: 10
2026-07-21 15:38:22,925 [trainer.py] => model_name: inflora
2026-07-21 15:38:22,925 [trainer.py] => backbone_type: vit_base_patch16_224_lora
2026-07-21 15:38:22,925 [trainer.py] => device: [device(type='cuda', index=0)]
2026-07-21 15:38:22,925 [trainer.py] => seed: 1993
2026-07-21 15:38:22,925 [trainer.py] => scenario: both
2026-07-21 15:38:22,925 [trainer.py] => lora_rank: 10
2026-07-21 15:38:22,925 [trainer.py] => lora_alpha: None
2026-07-21 15:38:22,925 [trainer.py] => lora_merge: True
2026-07-21 15:38:22,925 [trainer.py] => lamb: 0.95
2026-07-21 15:38:22,926 [trainer.py] => lame: 1.0
2026-07-21 15:38:22,926 [trainer.py] => tuned_epoch: 10
2026-07-21 15:38:22,926 [trainer.py] => init_lr: 0.0005
2026-07-21 15:38:22,926 [trainer.py] => batch_size: 48
2026-07-21 15:38:22,926 [trainer.py] => weight_decay: 0.0005
2026-07-21 15:38:22,926 [trainer.py] => min_lr: 0.0
2026-07-21 15:38:22,926 [trainer.py] => pretrained: True
2026-07-21 15:38:22,926 [trainer.py] => print_forget: True
2026-07-21 15:38:22,926 [trainer.py] => stop_after_tasks: 3
2026-07-21 15:38:22,926 [trainer.py] => final_metrics: True
2026-07-21 15:38:24,569 [data_manager.py] => [68, 56, 78, 8, 23, 84, 90, 65, 74, 76, 40, 89, 3, 92, 55, 9, 26, 80, 43, 38, 58, 70, 77, 1, 85, 19, 17, 50, 28, 53, 13, 81, 45, 82, 6, 59, 83, 16, 15, 44, 91, 41, 72, 60, 79, 52, 20, 10, 31, 54, 37, 95, 14, 71, 96, 98, 97, 2, 64, 66, 42, 22, 35, 86, 24, 34, 87, 21, 99, 0, 88, 27, 18, 94, 11, 12, 47, 25, 30, 46, 62, 69, 36, 61, 7, 63, 75, 5, 32, 4, 51, 48, 73, 93, 39, 67, 29, 49, 57, 33]
2026-07-21 15:38:27,134 [trainer.py] => stop_after_tasks=3 (of 10 total)
2026-07-21 15:38:27,614 [trainer.py] => All params: 89485056
2026-07-21 15:38:27,616 [trainer.py] => Trainable params: 3686400
2026-07-21 15:38:27,616 [inflora.py] => [InfLoRA] Learning on 0-10
2026-07-21 15:38:46,275 [lora.py] => Trainable params this task: 192,010 / 89,492,746
2026-07-21 15:44:19,950 [lora.py] => Task 0 finished. Train_accy 93.96
2026-07-21 15:44:37,385 [inflora.py] => [InfLoRA] DualGPM threshold: 0.9500
2026-07-21 15:44:38,093 [inflora.py] => [InfLoRA] Layer 1: 6/768 type remove
2026-07-21 15:44:38,094 [inflora.py] => [InfLoRA] Layer 2: 8/768 type remove
2026-07-21 15:44:38,094 [inflora.py] => [InfLoRA] Layer 3: 11/768 type remove
2026-07-21 15:44:38,094 [inflora.py] => [InfLoRA] Layer 4: 11/768 type remove
2026-07-21 15:44:38,094 [inflora.py] => [InfLoRA] Layer 5: 16/768 type remove
2026-07-21 15:44:38,094 [inflora.py] => [InfLoRA] Layer 6: 17/768 type remove
2026-07-21 15:44:38,094 [inflora.py] => [InfLoRA] Layer 7: 16/768 type remove
2026-07-21 15:44:38,094 [inflora.py] => [InfLoRA] Layer 8: 19/768 type remove
2026-07-21 15:44:38,094 [inflora.py] => [InfLoRA] Layer 9: 15/768 type remove
2026-07-21 15:44:38,094 [inflora.py] => [InfLoRA] Layer 10: 12/768 type remove
2026-07-21 15:44:38,094 [inflora.py] => [InfLoRA] Layer 11: 4/768 type remove
2026-07-21 15:44:38,094 [inflora.py] => [InfLoRA] Layer 12: 8/768 type remove
2026-07-21 15:44:45,964 [til_base.py] => TIL top1: 98.8
2026-07-21 15:44:45,964 [til_base.py] => CIL top1: 98.8 | TIL top1: 98.8
2026-07-21 15:44:45,967 [trainer.py] => No NME accuracy.
2026-07-21 15:44:45,967 [trainer.py] => CNN: {'total': 98.8, '00-09': 98.8, 'old': 0, 'new': 98.8}
2026-07-21 15:44:45,967 [trainer.py] => CNN top1 curve: [98.8]
2026-07-21 15:44:45,967 [trainer.py] => CNN top5 curve: [100.0]

2026-07-21 15:44:45,967 [trainer.py] => Average Accuracy (CNN): 98.8 

2026-07-21 15:44:45,968 [trainer.py] => All params: 89492746
2026-07-21 15:44:45,969 [trainer.py] => Trainable params: 192010
2026-07-21 15:44:45,970 [inflora.py] => [InfLoRA] Learning on 10-20
2026-07-21 15:45:04,854 [lora.py] => Trainable params this task: 199,700 / 89,131,796
2026-07-21 15:50:42,853 [lora.py] => Task 1 finished. Train_accy 92.60
2026-07-21 15:51:00,335 [inflora.py] => [InfLoRA] DualGPM threshold: 0.9550
2026-07-21 15:51:01,678 [inflora.py] => [InfLoRA] Layer 1: 7/768 type remove
2026-07-21 15:51:01,678 [inflora.py] => [InfLoRA] Layer 2: 10/768 type remove
2026-07-21 15:51:01,678 [inflora.py] => [InfLoRA] Layer 3: 15/768 type remove
2026-07-21 15:51:01,678 [inflora.py] => [InfLoRA] Layer 4: 14/768 type remove
2026-07-21 15:51:01,678 [inflora.py] => [InfLoRA] Layer 5: 21/768 type remove
2026-07-21 15:51:01,678 [inflora.py] => [InfLoRA] Layer 6: 25/768 type remove
2026-07-21 15:51:01,678 [inflora.py] => [InfLoRA] Layer 7: 23/768 type remove
2026-07-21 15:51:01,678 [inflora.py] => [InfLoRA] Layer 8: 27/768 type remove
2026-07-21 15:51:01,678 [inflora.py] => [InfLoRA] Layer 9: 26/768 type remove
2026-07-21 15:51:01,678 [inflora.py] => [InfLoRA] Layer 10: 24/768 type remove
2026-07-21 15:51:01,678 [inflora.py] => [InfLoRA] Layer 11: 9/768 type remove
2026-07-21 15:51:01,678 [inflora.py] => [InfLoRA] Layer 12: 15/768 type remove
2026-07-21 15:51:16,820 [til_base.py] => TIL top1: 98.5
2026-07-21 15:51:16,820 [til_base.py] => CIL top1: 95.9 | TIL top1: 98.5
2026-07-21 15:51:16,824 [trainer.py] => No NME accuracy.
2026-07-21 15:51:16,824 [trainer.py] => CNN: {'total': 95.9, '00-09': 95.3, '10-19': 96.5, 'old': 95.3, 'new': 96.5}
2026-07-21 15:51:16,824 [trainer.py] => CNN top1 curve: [98.8, 95.9]
2026-07-21 15:51:16,824 [trainer.py] => CNN top5 curve: [100.0, 99.7]

2026-07-21 15:51:16,824 [trainer.py] => Average Accuracy (CNN): 97.35 

2026-07-21 15:51:16,827 [trainer.py] => All params: 89131796
2026-07-21 15:51:16,829 [trainer.py] => Trainable params: 199700
2026-07-21 15:51:16,830 [inflora.py] => [InfLoRA] Learning on 20-30
2026-07-21 15:51:35,772 [lora.py] => Trainable params this task: 207,390 / 88,770,846
2026-07-21 15:57:14,772 [lora.py] => Task 2 finished. Train_accy 95.68
2026-07-21 15:57:32,379 [inflora.py] => [InfLoRA] DualGPM threshold: 0.9600
2026-07-21 15:57:33,753 [inflora.py] => [InfLoRA] Layer 1: 8/768 type remove
2026-07-21 15:57:33,753 [inflora.py] => [InfLoRA] Layer 2: 11/768 type remove
2026-07-21 15:57:33,753 [inflora.py] => [InfLoRA] Layer 3: 16/768 type remove
2026-07-21 15:57:33,753 [inflora.py] => [InfLoRA] Layer 4: 17/768 type remove
2026-07-21 15:57:33,753 [inflora.py] => [InfLoRA] Layer 5: 24/768 type remove
2026-07-21 15:57:33,754 [inflora.py] => [InfLoRA] Layer 6: 29/768 type remove
2026-07-21 15:57:33,754 [inflora.py] => [InfLoRA] Layer 7: 29/768 type remove
2026-07-21 15:57:33,754 [inflora.py] => [InfLoRA] Layer 8: 36/768 type remove
2026-07-21 15:57:33,754 [inflora.py] => [InfLoRA] Layer 9: 38/768 type remove
2026-07-21 15:57:33,754 [inflora.py] => [InfLoRA] Layer 10: 36/768 type remove
2026-07-21 15:57:33,754 [inflora.py] => [InfLoRA] Layer 11: 17/768 type remove
2026-07-21 15:57:33,754 [inflora.py] => [InfLoRA] Layer 12: 24/768 type remove
2026-07-21 15:57:56,263 [til_base.py] => TIL top1: 98.83
2026-07-21 15:57:56,263 [til_base.py] => CIL top1: 93.53 | TIL top1: 98.83
2026-07-21 15:57:56,266 [trainer.py] => No NME accuracy.
2026-07-21 15:57:56,266 [trainer.py] => CNN: {'total': 93.53, '00-09': 88.4, '10-19': 93.6, '20-29': 98.6, 'old': 91.0, 'new': 98.6}
2026-07-21 15:57:56,266 [trainer.py] => CNN top1 curve: [98.8, 95.9, 93.53]
2026-07-21 15:57:56,266 [trainer.py] => CNN top5 curve: [100.0, 99.7, 99.47]

2026-07-21 15:57:56,266 [trainer.py] => Average Accuracy (CNN): 96.07666666666667 

2026-07-21 15:57:59,165 [metrics_logger.py] => [metrics] wrote run_logs/final/inflora/metrics_inflora_cifar224_inflora_fix_verify_cifar224_s1993.json
2026-07-21 15:57:59,165 [trainer.py] => Forgetting (CNN): 6.649999999999999
2026-07-21 15:57:59,165 [trainer.py] => Forgetting (NME): 6.649999999999999
2026-07-21 15:57:59,166 [trainer.py] => Forgetting (TIL): 0.25
