2026-07-25 03:40:46,020 [trainer.py] => config: exps/planc_smoke/inflora_smoke.json
2026-07-25 03:40:46,021 [trainer.py] => dataset: cifar224
2026-07-25 03:40:46,021 [trainer.py] => memory_size: 0
2026-07-25 03:40:46,021 [trainer.py] => memory_per_class: 0
2026-07-25 03:40:46,021 [trainer.py] => fixed_memory: False
2026-07-25 03:40:46,021 [trainer.py] => shuffle: True
2026-07-25 03:40:46,021 [trainer.py] => init_cls: 10
2026-07-25 03:40:46,021 [trainer.py] => increment: 10
2026-07-25 03:40:46,021 [trainer.py] => seed: 1993
2026-07-25 03:40:46,021 [trainer.py] => scenario: cil
2026-07-25 03:40:46,021 [trainer.py] => pretrained: True
2026-07-25 03:40:46,021 [trainer.py] => print_forget: False
2026-07-25 03:40:46,021 [trainer.py] => final_metrics: False
2026-07-25 03:40:46,021 [trainer.py] => backbone_type: vit_base_patch16_224_lora
2026-07-25 03:40:46,021 [trainer.py] => lora_rank: 10
2026-07-25 03:40:46,021 [trainer.py] => lora_alpha: None
2026-07-25 03:40:46,021 [trainer.py] => lora_merge: True
2026-07-25 03:40:46,021 [trainer.py] => lamb: 0.95
2026-07-25 03:40:46,021 [trainer.py] => lame: 1.0
2026-07-25 03:40:46,021 [trainer.py] => tuned_epoch: 2
2026-07-25 03:40:46,021 [trainer.py] => init_lr: 0.0005
2026-07-25 03:40:46,021 [trainer.py] => batch_size: 48
2026-07-25 03:40:46,021 [trainer.py] => weight_decay: 0.0005
2026-07-25 03:40:46,021 [trainer.py] => min_lr: 0.0
2026-07-25 03:40:46,021 [trainer.py] => model_name: inflora
2026-07-25 03:40:46,021 [trainer.py] => device: [device(type='cuda', index=4)]
2026-07-25 03:40:46,022 [trainer.py] => boundary_mode: bounded_memory
2026-07-25 03:40:46,022 [trainer.py] => bm_budget_mb: 50
2026-07-25 03:40:46,022 [trainer.py] => stop_after_tasks: 4
2026-07-25 03:40:46,022 [trainer.py] => prefix: planc_smoke_inflora
2026-07-25 03:40:47,686 [data_manager.py] => [68, 56, 78, 8, 23, 84, 90, 65, 74, 76, 40, 89, 3, 92, 55, 9, 26, 80, 43, 38, 58, 70, 77, 1, 85, 19, 17, 50, 28, 53, 13, 81, 45, 82, 6, 59, 83, 16, 15, 44, 91, 41, 72, 60, 79, 52, 20, 10, 31, 54, 37, 95, 14, 71, 96, 98, 97, 2, 64, 66, 42, 22, 35, 86, 24, 34, 87, 21, 99, 0, 88, 27, 18, 94, 11, 12, 47, 25, 30, 46, 62, 69, 36, 61, 7, 63, 75, 5, 32, 4, 51, 48, 73, 93, 39, 67, 29, 49, 57, 33]
2026-07-25 03:40:50,428 [bounded_memory_mixin.py] => [bounded_mem] stop_after_tasks=4 (of 10 total)
2026-07-25 03:40:50,519 [bounded_memory_mixin.py] => [bounded_mem] budget_mb=50.0 -> cycle=348 images (mean_task=5000.0 images, so this budget is 0.07x mean task size); 20000 total images -> 58 cycles (T=58 sessions); 20 eval checkpoints
2026-07-25 03:41:02,544 [inflora.py] => [InfLoRA] DualGPM threshold: 0.9500
2026-07-25 03:41:03,301 [inflora.py] => [InfLoRA] Layer 1: 6/768 type remove
2026-07-25 03:41:03,302 [inflora.py] => [InfLoRA] Layer 2: 10/768 type remove
2026-07-25 03:41:03,302 [inflora.py] => [InfLoRA] Layer 3: 12/768 type remove
2026-07-25 03:41:03,302 [inflora.py] => [InfLoRA] Layer 4: 11/768 type remove
2026-07-25 03:41:03,302 [inflora.py] => [InfLoRA] Layer 5: 13/768 type remove
2026-07-25 03:41:03,302 [inflora.py] => [InfLoRA] Layer 6: 13/768 type remove
2026-07-25 03:41:03,302 [inflora.py] => [InfLoRA] Layer 7: 14/768 type remove
2026-07-25 03:41:03,302 [inflora.py] => [InfLoRA] Layer 8: 17/768 type remove
2026-07-25 03:41:03,302 [inflora.py] => [InfLoRA] Layer 9: 12/768 type remove
2026-07-25 03:41:03,302 [inflora.py] => [InfLoRA] Layer 10: 7/768 type remove
2026-07-25 03:41:03,302 [inflora.py] => [InfLoRA] Layer 11: 1/768 type remove
2026-07-25 03:41:03,302 [inflora.py] => [InfLoRA] Layer 12: 10/768 type remove
2026-07-25 03:41:14,430 [inflora.py] => [InfLoRA] DualGPM threshold: 0.9509
2026-07-25 03:41:15,762 [inflora.py] => [InfLoRA] Layer 1: 7/768 type remove
2026-07-25 03:41:15,763 [inflora.py] => [InfLoRA] Layer 2: 11/768 type remove
2026-07-25 03:41:15,763 [inflora.py] => [InfLoRA] Layer 3: 13/768 type remove
2026-07-25 03:41:15,763 [inflora.py] => [InfLoRA] Layer 4: 12/768 type remove
2026-07-25 03:41:15,763 [inflora.py] => [InfLoRA] Layer 5: 14/768 type remove
2026-07-25 03:41:15,763 [inflora.py] => [InfLoRA] Layer 6: 15/768 type remove
2026-07-25 03:41:15,763 [inflora.py] => [InfLoRA] Layer 7: 17/768 type remove
2026-07-25 03:41:15,763 [inflora.py] => [InfLoRA] Layer 8: 20/768 type remove
2026-07-25 03:41:15,763 [inflora.py] => [InfLoRA] Layer 9: 15/768 type remove
2026-07-25 03:41:15,763 [inflora.py] => [InfLoRA] Layer 10: 9/768 type remove
2026-07-25 03:41:15,763 [inflora.py] => [InfLoRA] Layer 11: 2/768 type remove
2026-07-25 03:41:15,763 [inflora.py] => [InfLoRA] Layer 12: 12/768 type remove
2026-07-25 03:41:26,977 [inflora.py] => [InfLoRA] DualGPM threshold: 0.9517
2026-07-25 03:41:28,303 [inflora.py] => [InfLoRA] Layer 1: 7/768 type remove
2026-07-25 03:41:28,303 [inflora.py] => [InfLoRA] Layer 2: 11/768 type remove
2026-07-25 03:41:28,303 [inflora.py] => [InfLoRA] Layer 3: 14/768 type remove
2026-07-25 03:41:28,303 [inflora.py] => [InfLoRA] Layer 4: 13/768 type remove
2026-07-25 03:41:28,303 [inflora.py] => [InfLoRA] Layer 5: 16/768 type remove
2026-07-25 03:41:28,303 [inflora.py] => [InfLoRA] Layer 6: 17/768 type remove
2026-07-25 03:41:28,303 [inflora.py] => [InfLoRA] Layer 7: 19/768 type remove
2026-07-25 03:41:28,304 [inflora.py] => [InfLoRA] Layer 8: 24/768 type remove
2026-07-25 03:41:28,304 [inflora.py] => [InfLoRA] Layer 9: 20/768 type remove
2026-07-25 03:41:28,304 [inflora.py] => [InfLoRA] Layer 10: 13/768 type remove
2026-07-25 03:41:28,304 [inflora.py] => [InfLoRA] Layer 11: 4/768 type remove
2026-07-25 03:41:28,304 [inflora.py] => [InfLoRA] Layer 12: 14/768 type remove
2026-07-25 03:41:32,298 [bounded_memory_mixin.py] => [bounded_mem eval] volume 0.05 | cycle 2 | classes_seen 10 | CIL 84.80 | (nearest latent task ~4)
2026-07-25 03:41:43,462 [inflora.py] => [InfLoRA] DualGPM threshold: 0.9526
2026-07-25 03:41:44,789 [inflora.py] => [InfLoRA] Layer 1: 7/768 type remove
2026-07-25 03:41:44,789 [inflora.py] => [InfLoRA] Layer 2: 11/768 type remove
2026-07-25 03:41:44,789 [inflora.py] => [InfLoRA] Layer 3: 14/768 type remove
2026-07-25 03:41:44,789 [inflora.py] => [InfLoRA] Layer 4: 13/768 type remove
2026-07-25 03:41:44,789 [inflora.py] => [InfLoRA] Layer 5: 16/768 type remove
2026-07-25 03:41:44,789 [inflora.py] => [InfLoRA] Layer 6: 17/768 type remove
2026-07-25 03:41:44,789 [inflora.py] => [InfLoRA] Layer 7: 19/768 type remove
2026-07-25 03:41:44,789 [inflora.py] => [InfLoRA] Layer 8: 25/768 type remove
2026-07-25 03:41:44,789 [inflora.py] => [InfLoRA] Layer 9: 21/768 type remove
2026-07-25 03:41:44,789 [inflora.py] => [InfLoRA] Layer 10: 14/768 type remove
2026-07-25 03:41:44,789 [inflora.py] => [InfLoRA] Layer 11: 5/768 type remove
2026-07-25 03:41:44,789 [inflora.py] => [InfLoRA] Layer 12: 16/768 type remove
2026-07-25 03:41:56,079 [inflora.py] => [InfLoRA] DualGPM threshold: 0.9534
2026-07-25 03:41:57,405 [inflora.py] => [InfLoRA] Layer 1: 7/768 type remove
2026-07-25 03:41:57,405 [inflora.py] => [InfLoRA] Layer 2: 11/768 type remove
2026-07-25 03:41:57,405 [inflora.py] => [InfLoRA] Layer 3: 15/768 type remove
2026-07-25 03:41:57,405 [inflora.py] => [InfLoRA] Layer 4: 13/768 type remove
2026-07-25 03:41:57,405 [inflora.py] => [InfLoRA] Layer 5: 17/768 type remove
2026-07-25 03:41:57,405 [inflora.py] => [InfLoRA] Layer 6: 19/768 type remove
2026-07-25 03:41:57,405 [inflora.py] => [InfLoRA] Layer 7: 21/768 type remove
2026-07-25 03:41:57,405 [inflora.py] => [InfLoRA] Layer 8: 28/768 type remove
2026-07-25 03:41:57,405 [inflora.py] => [InfLoRA] Layer 9: 25/768 type remove
2026-07-25 03:41:57,405 [inflora.py] => [InfLoRA] Layer 10: 17/768 type remove
2026-07-25 03:41:57,405 [inflora.py] => [InfLoRA] Layer 11: 6/768 type remove
2026-07-25 03:41:57,405 [inflora.py] => [InfLoRA] Layer 12: 20/768 type remove
2026-07-25 03:42:08,671 [inflora.py] => [InfLoRA] DualGPM threshold: 0.9543
2026-07-25 03:42:10,007 [inflora.py] => [InfLoRA] Layer 1: 8/768 type remove
2026-07-25 03:42:10,007 [inflora.py] => [InfLoRA] Layer 2: 11/768 type remove
2026-07-25 03:42:10,007 [inflora.py] => [InfLoRA] Layer 3: 15/768 type remove
2026-07-25 03:42:10,007 [inflora.py] => [InfLoRA] Layer 4: 13/768 type remove
2026-07-25 03:42:10,007 [inflora.py] => [InfLoRA] Layer 5: 17/768 type remove
2026-07-25 03:42:10,007 [inflora.py] => [InfLoRA] Layer 6: 19/768 type remove
2026-07-25 03:42:10,007 [inflora.py] => [InfLoRA] Layer 7: 21/768 type remove
2026-07-25 03:42:10,007 [inflora.py] => [InfLoRA] Layer 8: 29/768 type remove
2026-07-25 03:42:10,008 [inflora.py] => [InfLoRA] Layer 9: 26/768 type remove
2026-07-25 03:42:10,008 [inflora.py] => [InfLoRA] Layer 10: 19/768 type remove
2026-07-25 03:42:10,008 [inflora.py] => [InfLoRA] Layer 11: 7/768 type remove
2026-07-25 03:42:10,008 [inflora.py] => [InfLoRA] Layer 12: 22/768 type remove
2026-07-25 03:42:14,025 [bounded_memory_mixin.py] => [bounded_mem eval] volume 0.10 | cycle 5 | classes_seen 10 | CIL 94.50 | (nearest latent task ~4)
2026-07-25 03:42:25,352 [inflora.py] => [InfLoRA] DualGPM threshold: 0.9552
2026-07-25 03:42:26,688 [inflora.py] => [InfLoRA] Layer 1: 8/768 type remove
2026-07-25 03:42:26,688 [inflora.py] => [InfLoRA] Layer 2: 11/768 type remove
2026-07-25 03:42:26,688 [inflora.py] => [InfLoRA] Layer 3: 15/768 type remove
2026-07-25 03:42:26,688 [inflora.py] => [InfLoRA] Layer 4: 13/768 type remove
2026-07-25 03:42:26,688 [inflora.py] => [InfLoRA] Layer 5: 17/768 type remove
2026-07-25 03:42:26,688 [inflora.py] => [InfLoRA] Layer 6: 19/768 type remove
2026-07-25 03:42:26,688 [inflora.py] => [InfLoRA] Layer 7: 21/768 type remove
2026-07-25 03:42:26,688 [inflora.py] => [InfLoRA] Layer 8: 29/768 type remove
2026-07-25 03:42:26,688 [inflora.py] => [InfLoRA] Layer 9: 26/768 type remove
2026-07-25 03:42:26,688 [inflora.py] => [InfLoRA] Layer 10: 19/768 type remove
2026-07-25 03:42:26,688 [inflora.py] => [InfLoRA] Layer 11: 7/768 type remove
2026-07-25 03:42:26,688 [inflora.py] => [InfLoRA] Layer 12: 22/768 type remove
2026-07-25 03:42:38,016 [inflora.py] => [InfLoRA] DualGPM threshold: 0.9560
2026-07-25 03:42:39,360 [inflora.py] => [InfLoRA] Layer 1: 8/768 type remove
2026-07-25 03:42:39,360 [inflora.py] => [InfLoRA] Layer 2: 11/768 type remove
2026-07-25 03:42:39,360 [inflora.py] => [InfLoRA] Layer 3: 15/768 type remove
2026-07-25 03:42:39,360 [inflora.py] => [InfLoRA] Layer 4: 13/768 type remove
2026-07-25 03:42:39,360 [inflora.py] => [InfLoRA] Layer 5: 17/768 type remove
2026-07-25 03:42:39,360 [inflora.py] => [InfLoRA] Layer 6: 20/768 type remove
2026-07-25 03:42:39,360 [inflora.py] => [InfLoRA] Layer 7: 22/768 type remove
2026-07-25 03:42:39,360 [inflora.py] => [InfLoRA] Layer 8: 31/768 type remove
2026-07-25 03:42:39,360 [inflora.py] => [InfLoRA] Layer 9: 28/768 type remove
2026-07-25 03:42:39,360 [inflora.py] => [InfLoRA] Layer 10: 20/768 type remove
2026-07-25 03:42:39,360 [inflora.py] => [InfLoRA] Layer 11: 8/768 type remove
2026-07-25 03:42:39,360 [inflora.py] => [InfLoRA] Layer 12: 23/768 type remove
2026-07-25 03:42:50,668 [inflora.py] => [InfLoRA] DualGPM threshold: 0.9569
2026-07-25 03:42:52,010 [inflora.py] => [InfLoRA] Layer 1: 8/768 type remove
2026-07-25 03:42:52,010 [inflora.py] => [InfLoRA] Layer 2: 11/768 type remove
2026-07-25 03:42:52,010 [inflora.py] => [InfLoRA] Layer 3: 15/768 type remove
2026-07-25 03:42:52,010 [inflora.py] => [InfLoRA] Layer 4: 13/768 type remove
2026-07-25 03:42:52,010 [inflora.py] => [InfLoRA] Layer 5: 17/768 type remove
2026-07-25 03:42:52,010 [inflora.py] => [InfLoRA] Layer 6: 20/768 type remove
2026-07-25 03:42:52,010 [inflora.py] => [InfLoRA] Layer 7: 23/768 type remove
2026-07-25 03:42:52,010 [inflora.py] => [InfLoRA] Layer 8: 32/768 type remove
2026-07-25 03:42:52,010 [inflora.py] => [InfLoRA] Layer 9: 30/768 type remove
2026-07-25 03:42:52,010 [inflora.py] => [InfLoRA] Layer 10: 21/768 type remove
2026-07-25 03:42:52,010 [inflora.py] => [InfLoRA] Layer 11: 9/768 type remove
2026-07-25 03:42:52,010 [inflora.py] => [InfLoRA] Layer 12: 24/768 type remove
2026-07-25 03:42:56,012 [bounded_memory_mixin.py] => [bounded_mem eval] volume 0.15 | cycle 8 | classes_seen 10 | CIL 96.40 | (nearest latent task ~4)
2026-07-25 03:43:07,317 [inflora.py] => [InfLoRA] DualGPM threshold: 0.9578
2026-07-25 03:43:08,663 [inflora.py] => [InfLoRA] Layer 1: 8/768 type remove
2026-07-25 03:43:08,664 [inflora.py] => [InfLoRA] Layer 2: 11/768 type remove
2026-07-25 03:43:08,664 [inflora.py] => [InfLoRA] Layer 3: 15/768 type remove
2026-07-25 03:43:08,664 [inflora.py] => [InfLoRA] Layer 4: 14/768 type remove
2026-07-25 03:43:08,664 [inflora.py] => [InfLoRA] Layer 5: 19/768 type remove
2026-07-25 03:43:08,664 [inflora.py] => [InfLoRA] Layer 6: 21/768 type remove
2026-07-25 03:43:08,664 [inflora.py] => [InfLoRA] Layer 7: 25/768 type remove
2026-07-25 03:43:08,664 [inflora.py] => [InfLoRA] Layer 8: 36/768 type remove
2026-07-25 03:43:08,664 [inflora.py] => [InfLoRA] Layer 9: 35/768 type remove
2026-07-25 03:43:08,664 [inflora.py] => [InfLoRA] Layer 10: 24/768 type remove
2026-07-25 03:43:08,664 [inflora.py] => [InfLoRA] Layer 11: 10/768 type remove
2026-07-25 03:43:08,664 [inflora.py] => [InfLoRA] Layer 12: 27/768 type remove
2026-07-25 03:43:19,963 [inflora.py] => [InfLoRA] DualGPM threshold: 0.9586
2026-07-25 03:43:21,327 [inflora.py] => [InfLoRA] Layer 1: 8/768 type remove
2026-07-25 03:43:21,327 [inflora.py] => [InfLoRA] Layer 2: 11/768 type remove
2026-07-25 03:43:21,328 [inflora.py] => [InfLoRA] Layer 3: 15/768 type remove
2026-07-25 03:43:21,328 [inflora.py] => [InfLoRA] Layer 4: 15/768 type remove
2026-07-25 03:43:21,328 [inflora.py] => [InfLoRA] Layer 5: 20/768 type remove
2026-07-25 03:43:21,328 [inflora.py] => [InfLoRA] Layer 6: 23/768 type remove
2026-07-25 03:43:21,328 [inflora.py] => [InfLoRA] Layer 7: 27/768 type remove
2026-07-25 03:43:21,328 [inflora.py] => [InfLoRA] Layer 8: 40/768 type remove
2026-07-25 03:43:21,328 [inflora.py] => [InfLoRA] Layer 9: 40/768 type remove
2026-07-25 03:43:21,328 [inflora.py] => [InfLoRA] Layer 10: 28/768 type remove
2026-07-25 03:43:21,328 [inflora.py] => [InfLoRA] Layer 11: 12/768 type remove
2026-07-25 03:43:21,328 [inflora.py] => [InfLoRA] Layer 12: 29/768 type remove
2026-07-25 03:43:32,702 [inflora.py] => [InfLoRA] DualGPM threshold: 0.9595
2026-07-25 03:43:34,076 [inflora.py] => [InfLoRA] Layer 1: 8/768 type remove
2026-07-25 03:43:34,076 [inflora.py] => [InfLoRA] Layer 2: 11/768 type remove
2026-07-25 03:43:34,076 [inflora.py] => [InfLoRA] Layer 3: 15/768 type remove
2026-07-25 03:43:34,076 [inflora.py] => [InfLoRA] Layer 4: 15/768 type remove
2026-07-25 03:43:34,076 [inflora.py] => [InfLoRA] Layer 5: 20/768 type remove
2026-07-25 03:43:34,076 [inflora.py] => [InfLoRA] Layer 6: 23/768 type remove
2026-07-25 03:43:34,076 [inflora.py] => [InfLoRA] Layer 7: 27/768 type remove
2026-07-25 03:43:34,076 [inflora.py] => [InfLoRA] Layer 8: 40/768 type remove
2026-07-25 03:43:34,077 [inflora.py] => [InfLoRA] Layer 9: 40/768 type remove
2026-07-25 03:43:34,077 [inflora.py] => [InfLoRA] Layer 10: 28/768 type remove
2026-07-25 03:43:34,077 [inflora.py] => [InfLoRA] Layer 11: 12/768 type remove
2026-07-25 03:43:34,077 [inflora.py] => [InfLoRA] Layer 12: 30/768 type remove
2026-07-25 03:43:38,051 [bounded_memory_mixin.py] => [bounded_mem eval] volume 0.20 | cycle 11 | classes_seen 10 | CIL 96.00 | (nearest latent task ~4)
2026-07-25 03:43:49,471 [inflora.py] => [InfLoRA] DualGPM threshold: 0.9603
2026-07-25 03:43:50,819 [inflora.py] => [InfLoRA] Layer 1: 8/768 type remove
2026-07-25 03:43:50,819 [inflora.py] => [InfLoRA] Layer 2: 11/768 type remove
2026-07-25 03:43:50,819 [inflora.py] => [InfLoRA] Layer 3: 16/768 type remove
2026-07-25 03:43:50,819 [inflora.py] => [InfLoRA] Layer 4: 15/768 type remove
2026-07-25 03:43:50,819 [inflora.py] => [InfLoRA] Layer 5: 21/768 type remove
2026-07-25 03:43:50,819 [inflora.py] => [InfLoRA] Layer 6: 24/768 type remove
2026-07-25 03:43:50,819 [inflora.py] => [InfLoRA] Layer 7: 28/768 type remove
2026-07-25 03:43:50,819 [inflora.py] => [InfLoRA] Layer 8: 43/768 type remove
2026-07-25 03:43:50,819 [inflora.py] => [InfLoRA] Layer 9: 42/768 type remove
2026-07-25 03:43:50,819 [inflora.py] => [InfLoRA] Layer 10: 30/768 type remove
2026-07-25 03:43:50,819 [inflora.py] => [InfLoRA] Layer 11: 13/768 type remove
2026-07-25 03:43:50,819 [inflora.py] => [InfLoRA] Layer 12: 32/768 type remove
2026-07-25 03:44:02,188 [inflora.py] => [InfLoRA] DualGPM threshold: 0.9612
2026-07-25 03:44:03,544 [inflora.py] => [InfLoRA] Layer 1: 8/768 type remove
2026-07-25 03:44:03,544 [inflora.py] => [InfLoRA] Layer 2: 11/768 type remove
2026-07-25 03:44:03,544 [inflora.py] => [InfLoRA] Layer 3: 16/768 type remove
2026-07-25 03:44:03,544 [inflora.py] => [InfLoRA] Layer 4: 15/768 type remove
2026-07-25 03:44:03,544 [inflora.py] => [InfLoRA] Layer 5: 21/768 type remove
2026-07-25 03:44:03,544 [inflora.py] => [InfLoRA] Layer 6: 24/768 type remove
2026-07-25 03:44:03,544 [inflora.py] => [InfLoRA] Layer 7: 28/768 type remove
2026-07-25 03:44:03,544 [inflora.py] => [InfLoRA] Layer 8: 44/768 type remove
2026-07-25 03:44:03,544 [inflora.py] => [InfLoRA] Layer 9: 44/768 type remove
2026-07-25 03:44:03,544 [inflora.py] => [InfLoRA] Layer 10: 32/768 type remove
2026-07-25 03:44:03,544 [inflora.py] => [InfLoRA] Layer 11: 14/768 type remove
2026-07-25 03:44:03,545 [inflora.py] => [InfLoRA] Layer 12: 34/768 type remove
2026-07-25 03:44:14,933 [inflora.py] => [InfLoRA] DualGPM threshold: 0.9621
2026-07-25 03:44:16,307 [inflora.py] => [InfLoRA] Layer 1: 8/768 type remove
2026-07-25 03:44:16,308 [inflora.py] => [InfLoRA] Layer 2: 12/768 type remove
2026-07-25 03:44:16,308 [inflora.py] => [InfLoRA] Layer 3: 17/768 type remove
2026-07-25 03:44:16,308 [inflora.py] => [InfLoRA] Layer 4: 16/768 type remove
2026-07-25 03:44:16,308 [inflora.py] => [InfLoRA] Layer 5: 22/768 type remove
2026-07-25 03:44:16,308 [inflora.py] => [InfLoRA] Layer 6: 26/768 type remove
2026-07-25 03:44:16,308 [inflora.py] => [InfLoRA] Layer 7: 31/768 type remove
2026-07-25 03:44:16,308 [inflora.py] => [InfLoRA] Layer 8: 51/768 type remove
2026-07-25 03:44:16,308 [inflora.py] => [InfLoRA] Layer 9: 59/768 type remove
2026-07-25 03:44:16,308 [inflora.py] => [InfLoRA] Layer 10: 49/768 type remove
2026-07-25 03:44:16,308 [inflora.py] => [InfLoRA] Layer 11: 20/768 type remove
2026-07-25 03:44:16,308 [inflora.py] => [InfLoRA] Layer 12: 54/768 type remove
2026-07-25 03:44:23,511 [bounded_memory_mixin.py] => [bounded_mem eval] volume 0.25 | cycle 14 | classes_seen 20 | CIL 52.20 | (nearest latent task ~4)
2026-07-25 03:44:34,857 [inflora.py] => [InfLoRA] DualGPM threshold: 0.9629
2026-07-25 03:44:36,247 [inflora.py] => [InfLoRA] Layer 1: 9/768 type remove
2026-07-25 03:44:36,247 [inflora.py] => [InfLoRA] Layer 2: 13/768 type remove
2026-07-25 03:44:36,247 [inflora.py] => [InfLoRA] Layer 3: 18/768 type remove
2026-07-25 03:44:36,247 [inflora.py] => [InfLoRA] Layer 4: 19/768 type remove
2026-07-25 03:44:36,247 [inflora.py] => [InfLoRA] Layer 5: 25/768 type remove
2026-07-25 03:44:36,248 [inflora.py] => [InfLoRA] Layer 6: 31/768 type remove
2026-07-25 03:44:36,248 [inflora.py] => [InfLoRA] Layer 7: 37/768 type remove
2026-07-25 03:44:36,248 [inflora.py] => [InfLoRA] Layer 8: 61/768 type remove
2026-07-25 03:44:36,248 [inflora.py] => [InfLoRA] Layer 9: 78/768 type remove
2026-07-25 03:44:36,248 [inflora.py] => [InfLoRA] Layer 10: 76/768 type remove
2026-07-25 03:44:36,248 [inflora.py] => [InfLoRA] Layer 11: 31/768 type remove
2026-07-25 03:44:36,248 [inflora.py] => [InfLoRA] Layer 12: 66/768 type remove
2026-07-25 03:44:47,651 [inflora.py] => [InfLoRA] DualGPM threshold: 0.9638
2026-07-25 03:44:49,066 [inflora.py] => [InfLoRA] Layer 1: 9/768 type remove
2026-07-25 03:44:49,066 [inflora.py] => [InfLoRA] Layer 2: 13/768 type remove
2026-07-25 03:44:49,066 [inflora.py] => [InfLoRA] Layer 3: 18/768 type remove
2026-07-25 03:44:49,066 [inflora.py] => [InfLoRA] Layer 4: 19/768 type remove
2026-07-25 03:44:49,066 [inflora.py] => [InfLoRA] Layer 5: 25/768 type remove
2026-07-25 03:44:49,066 [inflora.py] => [InfLoRA] Layer 6: 31/768 type remove
2026-07-25 03:44:49,066 [inflora.py] => [InfLoRA] Layer 7: 37/768 type remove
2026-07-25 03:44:49,066 [inflora.py] => [InfLoRA] Layer 8: 62/768 type remove
2026-07-25 03:44:49,066 [inflora.py] => [InfLoRA] Layer 9: 81/768 type remove
2026-07-25 03:44:49,066 [inflora.py] => [InfLoRA] Layer 10: 82/768 type remove
2026-07-25 03:44:49,067 [inflora.py] => [InfLoRA] Layer 11: 34/768 type remove
2026-07-25 03:44:49,067 [inflora.py] => [InfLoRA] Layer 12: 72/768 type remove
2026-07-25 03:45:00,405 [inflora.py] => [InfLoRA] DualGPM threshold: 0.9647
2026-07-25 03:45:01,808 [inflora.py] => [InfLoRA] Layer 1: 9/768 type remove
2026-07-25 03:45:01,808 [inflora.py] => [InfLoRA] Layer 2: 13/768 type remove
2026-07-25 03:45:01,808 [inflora.py] => [InfLoRA] Layer 3: 19/768 type remove
2026-07-25 03:45:01,808 [inflora.py] => [InfLoRA] Layer 4: 19/768 type remove
2026-07-25 03:45:01,808 [inflora.py] => [InfLoRA] Layer 5: 26/768 type remove
2026-07-25 03:45:01,808 [inflora.py] => [InfLoRA] Layer 6: 32/768 type remove
2026-07-25 03:45:01,808 [inflora.py] => [InfLoRA] Layer 7: 39/768 type remove
2026-07-25 03:45:01,808 [inflora.py] => [InfLoRA] Layer 8: 64/768 type remove
2026-07-25 03:45:01,808 [inflora.py] => [InfLoRA] Layer 9: 86/768 type remove
2026-07-25 03:45:01,808 [inflora.py] => [InfLoRA] Layer 10: 88/768 type remove
2026-07-25 03:45:01,808 [inflora.py] => [InfLoRA] Layer 11: 37/768 type remove
2026-07-25 03:45:01,808 [inflora.py] => [InfLoRA] Layer 12: 78/768 type remove
2026-07-25 03:45:09,029 [bounded_memory_mixin.py] => [bounded_mem eval] volume 0.30 | cycle 17 | classes_seen 20 | CIL 75.65 | (nearest latent task ~4)
2026-07-25 03:45:20,516 [inflora.py] => [InfLoRA] DualGPM threshold: 0.9655
2026-07-25 03:45:21,926 [inflora.py] => [InfLoRA] Layer 1: 9/768 type remove
2026-07-25 03:45:21,926 [inflora.py] => [InfLoRA] Layer 2: 13/768 type remove
2026-07-25 03:45:21,926 [inflora.py] => [InfLoRA] Layer 3: 19/768 type remove
2026-07-25 03:45:21,926 [inflora.py] => [InfLoRA] Layer 4: 19/768 type remove
2026-07-25 03:45:21,926 [inflora.py] => [InfLoRA] Layer 5: 26/768 type remove
2026-07-25 03:45:21,926 [inflora.py] => [InfLoRA] Layer 6: 33/768 type remove
2026-07-25 03:45:21,926 [inflora.py] => [InfLoRA] Layer 7: 40/768 type remove
2026-07-25 03:45:21,926 [inflora.py] => [InfLoRA] Layer 8: 66/768 type remove
2026-07-25 03:45:21,926 [inflora.py] => [InfLoRA] Layer 9: 90/768 type remove
2026-07-25 03:45:21,926 [inflora.py] => [InfLoRA] Layer 10: 95/768 type remove
2026-07-25 03:45:21,926 [inflora.py] => [InfLoRA] Layer 11: 41/768 type remove
2026-07-25 03:45:21,927 [inflora.py] => [InfLoRA] Layer 12: 80/768 type remove
2026-07-25 03:45:33,559 [inflora.py] => [InfLoRA] DualGPM threshold: 0.9664
2026-07-25 03:45:34,991 [inflora.py] => [InfLoRA] Layer 1: 9/768 type remove
2026-07-25 03:45:34,992 [inflora.py] => [InfLoRA] Layer 2: 13/768 type remove
2026-07-25 03:45:34,992 [inflora.py] => [InfLoRA] Layer 3: 19/768 type remove
2026-07-25 03:45:34,992 [inflora.py] => [InfLoRA] Layer 4: 19/768 type remove
2026-07-25 03:45:34,992 [inflora.py] => [InfLoRA] Layer 5: 26/768 type remove
2026-07-25 03:45:34,992 [inflora.py] => [InfLoRA] Layer 6: 33/768 type remove
2026-07-25 03:45:34,992 [inflora.py] => [InfLoRA] Layer 7: 40/768 type remove
2026-07-25 03:45:34,992 [inflora.py] => [InfLoRA] Layer 8: 67/768 type remove
2026-07-25 03:45:34,992 [inflora.py] => [InfLoRA] Layer 9: 91/768 type remove
2026-07-25 03:45:34,992 [inflora.py] => [InfLoRA] Layer 10: 96/768 type remove
2026-07-25 03:45:34,992 [inflora.py] => [InfLoRA] Layer 11: 41/768 type remove
2026-07-25 03:45:34,992 [inflora.py] => [InfLoRA] Layer 12: 81/768 type remove
2026-07-25 03:45:46,485 [inflora.py] => [InfLoRA] DualGPM threshold: 0.9672
2026-07-25 03:45:47,919 [inflora.py] => [InfLoRA] Layer 1: 9/768 type remove
2026-07-25 03:45:47,920 [inflora.py] => [InfLoRA] Layer 2: 13/768 type remove
2026-07-25 03:45:47,920 [inflora.py] => [InfLoRA] Layer 3: 19/768 type remove
2026-07-25 03:45:47,920 [inflora.py] => [InfLoRA] Layer 4: 20/768 type remove
2026-07-25 03:45:47,920 [inflora.py] => [InfLoRA] Layer 5: 27/768 type remove
2026-07-25 03:45:47,920 [inflora.py] => [InfLoRA] Layer 6: 34/768 type remove
2026-07-25 03:45:47,920 [inflora.py] => [InfLoRA] Layer 7: 42/768 type remove
2026-07-25 03:45:47,920 [inflora.py] => [InfLoRA] Layer 8: 70/768 type remove
2026-07-25 03:45:47,920 [inflora.py] => [InfLoRA] Layer 9: 95/768 type remove
2026-07-25 03:45:47,920 [inflora.py] => [InfLoRA] Layer 10: 100/768 type remove
2026-07-25 03:45:47,920 [inflora.py] => [InfLoRA] Layer 11: 42/768 type remove
2026-07-25 03:45:47,920 [inflora.py] => [InfLoRA] Layer 12: 82/768 type remove
2026-07-25 03:45:55,152 [bounded_memory_mixin.py] => [bounded_mem eval] volume 0.35 | cycle 20 | classes_seen 20 | CIL 59.65 | (nearest latent task ~4)
2026-07-25 03:46:06,604 [inflora.py] => [InfLoRA] DualGPM threshold: 0.9681
2026-07-25 03:46:08,019 [inflora.py] => [InfLoRA] Layer 1: 9/768 type remove
2026-07-25 03:46:08,019 [inflora.py] => [InfLoRA] Layer 2: 13/768 type remove
2026-07-25 03:46:08,019 [inflora.py] => [InfLoRA] Layer 3: 19/768 type remove
2026-07-25 03:46:08,019 [inflora.py] => [InfLoRA] Layer 4: 20/768 type remove
2026-07-25 03:46:08,019 [inflora.py] => [InfLoRA] Layer 5: 27/768 type remove
2026-07-25 03:46:08,019 [inflora.py] => [InfLoRA] Layer 6: 35/768 type remove
2026-07-25 03:46:08,019 [inflora.py] => [InfLoRA] Layer 7: 43/768 type remove
2026-07-25 03:46:08,019 [inflora.py] => [InfLoRA] Layer 8: 72/768 type remove
2026-07-25 03:46:08,019 [inflora.py] => [InfLoRA] Layer 9: 98/768 type remove
2026-07-25 03:46:08,019 [inflora.py] => [InfLoRA] Layer 10: 105/768 type remove
2026-07-25 03:46:08,019 [inflora.py] => [InfLoRA] Layer 11: 44/768 type remove
2026-07-25 03:46:08,019 [inflora.py] => [InfLoRA] Layer 12: 83/768 type remove
2026-07-25 03:46:19,467 [inflora.py] => [InfLoRA] DualGPM threshold: 0.9690
2026-07-25 03:46:20,908 [inflora.py] => [InfLoRA] Layer 1: 9/768 type remove
2026-07-25 03:46:20,908 [inflora.py] => [InfLoRA] Layer 2: 13/768 type remove
2026-07-25 03:46:20,908 [inflora.py] => [InfLoRA] Layer 3: 19/768 type remove
2026-07-25 03:46:20,908 [inflora.py] => [InfLoRA] Layer 4: 20/768 type remove
2026-07-25 03:46:20,908 [inflora.py] => [InfLoRA] Layer 5: 27/768 type remove
2026-07-25 03:46:20,908 [inflora.py] => [InfLoRA] Layer 6: 35/768 type remove
2026-07-25 03:46:20,908 [inflora.py] => [InfLoRA] Layer 7: 43/768 type remove
2026-07-25 03:46:20,908 [inflora.py] => [InfLoRA] Layer 8: 72/768 type remove
2026-07-25 03:46:20,908 [inflora.py] => [InfLoRA] Layer 9: 99/768 type remove
2026-07-25 03:46:20,908 [inflora.py] => [InfLoRA] Layer 10: 106/768 type remove
2026-07-25 03:46:20,909 [inflora.py] => [InfLoRA] Layer 11: 45/768 type remove
2026-07-25 03:46:20,909 [inflora.py] => [InfLoRA] Layer 12: 86/768 type remove
2026-07-25 03:46:28,145 [bounded_memory_mixin.py] => [bounded_mem eval] volume 0.40 | cycle 22 | classes_seen 20 | CIL 53.45 | (nearest latent task ~4)
2026-07-25 03:46:39,658 [inflora.py] => [InfLoRA] DualGPM threshold: 0.9698
2026-07-25 03:46:41,093 [inflora.py] => [InfLoRA] Layer 1: 9/768 type remove
2026-07-25 03:46:41,093 [inflora.py] => [InfLoRA] Layer 2: 13/768 type remove
2026-07-25 03:46:41,094 [inflora.py] => [InfLoRA] Layer 3: 19/768 type remove
2026-07-25 03:46:41,094 [inflora.py] => [InfLoRA] Layer 4: 21/768 type remove
2026-07-25 03:46:41,094 [inflora.py] => [InfLoRA] Layer 5: 28/768 type remove
2026-07-25 03:46:41,094 [inflora.py] => [InfLoRA] Layer 6: 36/768 type remove
2026-07-25 03:46:41,094 [inflora.py] => [InfLoRA] Layer 7: 44/768 type remove
2026-07-25 03:46:41,094 [inflora.py] => [InfLoRA] Layer 8: 75/768 type remove
2026-07-25 03:46:41,094 [inflora.py] => [InfLoRA] Layer 9: 104/768 type remove
2026-07-25 03:46:41,094 [inflora.py] => [InfLoRA] Layer 10: 109/768 type remove
2026-07-25 03:46:41,094 [inflora.py] => [InfLoRA] Layer 11: 47/768 type remove
2026-07-25 03:46:41,094 [inflora.py] => [InfLoRA] Layer 12: 87/768 type remove
2026-07-25 03:46:52,539 [inflora.py] => [InfLoRA] DualGPM threshold: 0.9707
2026-07-25 03:46:53,965 [inflora.py] => [InfLoRA] Layer 1: 9/768 type remove
2026-07-25 03:46:53,965 [inflora.py] => [InfLoRA] Layer 2: 13/768 type remove
2026-07-25 03:46:53,965 [inflora.py] => [InfLoRA] Layer 3: 19/768 type remove
2026-07-25 03:46:53,965 [inflora.py] => [InfLoRA] Layer 4: 21/768 type remove
2026-07-25 03:46:53,965 [inflora.py] => [InfLoRA] Layer 5: 28/768 type remove
2026-07-25 03:46:53,965 [inflora.py] => [InfLoRA] Layer 6: 37/768 type remove
2026-07-25 03:46:53,965 [inflora.py] => [InfLoRA] Layer 7: 46/768 type remove
2026-07-25 03:46:53,965 [inflora.py] => [InfLoRA] Layer 8: 78/768 type remove
2026-07-25 03:46:53,965 [inflora.py] => [InfLoRA] Layer 9: 108/768 type remove
2026-07-25 03:46:53,965 [inflora.py] => [InfLoRA] Layer 10: 114/768 type remove
2026-07-25 03:46:53,965 [inflora.py] => [InfLoRA] Layer 11: 50/768 type remove
2026-07-25 03:46:53,965 [inflora.py] => [InfLoRA] Layer 12: 91/768 type remove
2026-07-25 03:47:05,454 [inflora.py] => [InfLoRA] DualGPM threshold: 0.9716
2026-07-25 03:47:06,900 [inflora.py] => [InfLoRA] Layer 1: 9/768 type remove
2026-07-25 03:47:06,901 [inflora.py] => [InfLoRA] Layer 2: 13/768 type remove
2026-07-25 03:47:06,901 [inflora.py] => [InfLoRA] Layer 3: 19/768 type remove
2026-07-25 03:47:06,901 [inflora.py] => [InfLoRA] Layer 4: 21/768 type remove
2026-07-25 03:47:06,901 [inflora.py] => [InfLoRA] Layer 5: 28/768 type remove
2026-07-25 03:47:06,901 [inflora.py] => [InfLoRA] Layer 6: 37/768 type remove
2026-07-25 03:47:06,901 [inflora.py] => [InfLoRA] Layer 7: 47/768 type remove
2026-07-25 03:47:06,901 [inflora.py] => [InfLoRA] Layer 8: 79/768 type remove
2026-07-25 03:47:06,901 [inflora.py] => [InfLoRA] Layer 9: 110/768 type remove
2026-07-25 03:47:06,901 [inflora.py] => [InfLoRA] Layer 10: 117/768 type remove
2026-07-25 03:47:06,901 [inflora.py] => [InfLoRA] Layer 11: 52/768 type remove
2026-07-25 03:47:06,901 [inflora.py] => [InfLoRA] Layer 12: 93/768 type remove
2026-07-25 03:47:14,130 [bounded_memory_mixin.py] => [bounded_mem eval] volume 0.45 | cycle 25 | classes_seen 20 | CIL 49.00 | (nearest latent task ~4)
2026-07-25 03:47:25,630 [inflora.py] => [InfLoRA] DualGPM threshold: 0.9724
2026-07-25 03:47:27,063 [inflora.py] => [InfLoRA] Layer 1: 9/768 type remove
2026-07-25 03:47:27,063 [inflora.py] => [InfLoRA] Layer 2: 13/768 type remove
2026-07-25 03:47:27,063 [inflora.py] => [InfLoRA] Layer 3: 20/768 type remove
2026-07-25 03:47:27,064 [inflora.py] => [InfLoRA] Layer 4: 21/768 type remove
2026-07-25 03:47:27,064 [inflora.py] => [InfLoRA] Layer 5: 29/768 type remove
2026-07-25 03:47:27,064 [inflora.py] => [InfLoRA] Layer 6: 38/768 type remove
2026-07-25 03:47:27,064 [inflora.py] => [InfLoRA] Layer 7: 47/768 type remove
2026-07-25 03:47:27,064 [inflora.py] => [InfLoRA] Layer 8: 81/768 type remove
2026-07-25 03:47:27,064 [inflora.py] => [InfLoRA] Layer 9: 112/768 type remove
2026-07-25 03:47:27,064 [inflora.py] => [InfLoRA] Layer 10: 121/768 type remove
2026-07-25 03:47:27,064 [inflora.py] => [InfLoRA] Layer 11: 57/768 type remove
2026-07-25 03:47:27,064 [inflora.py] => [InfLoRA] Layer 12: 96/768 type remove
2026-07-25 03:47:38,568 [inflora.py] => [InfLoRA] DualGPM threshold: 0.9733
2026-07-25 03:47:40,008 [inflora.py] => [InfLoRA] Layer 1: 9/768 type remove
2026-07-25 03:47:40,008 [inflora.py] => [InfLoRA] Layer 2: 13/768 type remove
2026-07-25 03:47:40,008 [inflora.py] => [InfLoRA] Layer 3: 20/768 type remove
2026-07-25 03:47:40,008 [inflora.py] => [InfLoRA] Layer 4: 22/768 type remove
2026-07-25 03:47:40,008 [inflora.py] => [InfLoRA] Layer 5: 29/768 type remove
2026-07-25 03:47:40,008 [inflora.py] => [InfLoRA] Layer 6: 39/768 type remove
2026-07-25 03:47:40,008 [inflora.py] => [InfLoRA] Layer 7: 49/768 type remove
2026-07-25 03:47:40,008 [inflora.py] => [InfLoRA] Layer 8: 83/768 type remove
2026-07-25 03:47:40,008 [inflora.py] => [InfLoRA] Layer 9: 116/768 type remove
2026-07-25 03:47:40,008 [inflora.py] => [InfLoRA] Layer 10: 125/768 type remove
2026-07-25 03:47:40,008 [inflora.py] => [InfLoRA] Layer 11: 60/768 type remove
2026-07-25 03:47:40,008 [inflora.py] => [InfLoRA] Layer 12: 99/768 type remove
2026-07-25 03:47:51,438 [inflora.py] => [InfLoRA] DualGPM threshold: 0.9741
2026-07-25 03:47:52,896 [inflora.py] => [InfLoRA] Layer 1: 9/768 type remove
2026-07-25 03:47:52,896 [inflora.py] => [InfLoRA] Layer 2: 13/768 type remove
2026-07-25 03:47:52,896 [inflora.py] => [InfLoRA] Layer 3: 21/768 type remove
2026-07-25 03:47:52,896 [inflora.py] => [InfLoRA] Layer 4: 23/768 type remove
2026-07-25 03:47:52,896 [inflora.py] => [InfLoRA] Layer 5: 30/768 type remove
2026-07-25 03:47:52,896 [inflora.py] => [InfLoRA] Layer 6: 41/768 type remove
2026-07-25 03:47:52,896 [inflora.py] => [InfLoRA] Layer 7: 51/768 type remove
2026-07-25 03:47:52,896 [inflora.py] => [InfLoRA] Layer 8: 85/768 type remove
2026-07-25 03:47:52,896 [inflora.py] => [InfLoRA] Layer 9: 124/768 type remove
2026-07-25 03:47:52,896 [inflora.py] => [InfLoRA] Layer 10: 140/768 type remove
2026-07-25 03:47:52,897 [inflora.py] => [InfLoRA] Layer 11: 72/768 type remove
2026-07-25 03:47:52,897 [inflora.py] => [InfLoRA] Layer 12: 115/768 type remove
2026-07-25 03:48:03,355 [bounded_memory_mixin.py] => [bounded_mem eval] volume 0.50 | cycle 28 | classes_seen 30 | CIL 31.53 | (nearest latent task ~4)
2026-07-25 03:48:14,906 [inflora.py] => [InfLoRA] DualGPM threshold: 0.9750
2026-07-25 03:48:16,352 [inflora.py] => [InfLoRA] Layer 1: 9/768 type remove
2026-07-25 03:48:16,352 [inflora.py] => [InfLoRA] Layer 2: 13/768 type remove
2026-07-25 03:48:16,352 [inflora.py] => [InfLoRA] Layer 3: 21/768 type remove
2026-07-25 03:48:16,352 [inflora.py] => [InfLoRA] Layer 4: 24/768 type remove
2026-07-25 03:48:16,352 [inflora.py] => [InfLoRA] Layer 5: 31/768 type remove
2026-07-25 03:48:16,352 [inflora.py] => [InfLoRA] Layer 6: 42/768 type remove
2026-07-25 03:48:16,352 [inflora.py] => [InfLoRA] Layer 7: 53/768 type remove
2026-07-25 03:48:16,352 [inflora.py] => [InfLoRA] Layer 8: 88/768 type remove
2026-07-25 03:48:16,352 [inflora.py] => [InfLoRA] Layer 9: 135/768 type remove
2026-07-25 03:48:16,352 [inflora.py] => [InfLoRA] Layer 10: 158/768 type remove
2026-07-25 03:48:16,352 [inflora.py] => [InfLoRA] Layer 11: 91/768 type remove
2026-07-25 03:48:16,353 [inflora.py] => [InfLoRA] Layer 12: 151/768 type remove
2026-07-25 03:48:27,918 [inflora.py] => [InfLoRA] DualGPM threshold: 0.9759
2026-07-25 03:48:29,387 [inflora.py] => [InfLoRA] Layer 1: 9/768 type remove
2026-07-25 03:48:29,388 [inflora.py] => [InfLoRA] Layer 2: 13/768 type remove
2026-07-25 03:48:29,388 [inflora.py] => [InfLoRA] Layer 3: 21/768 type remove
2026-07-25 03:48:29,388 [inflora.py] => [InfLoRA] Layer 4: 24/768 type remove
2026-07-25 03:48:29,388 [inflora.py] => [InfLoRA] Layer 5: 32/768 type remove
2026-07-25 03:48:29,388 [inflora.py] => [InfLoRA] Layer 6: 44/768 type remove
2026-07-25 03:48:29,388 [inflora.py] => [InfLoRA] Layer 7: 56/768 type remove
2026-07-25 03:48:29,388 [inflora.py] => [InfLoRA] Layer 8: 93/768 type remove
2026-07-25 03:48:29,388 [inflora.py] => [InfLoRA] Layer 9: 146/768 type remove
2026-07-25 03:48:29,388 [inflora.py] => [InfLoRA] Layer 10: 172/768 type remove
2026-07-25 03:48:29,388 [inflora.py] => [InfLoRA] Layer 11: 99/768 type remove
2026-07-25 03:48:29,388 [inflora.py] => [InfLoRA] Layer 12: 163/768 type remove
2026-07-25 03:48:40,969 [inflora.py] => [InfLoRA] DualGPM threshold: 0.9767
2026-07-25 03:48:42,447 [inflora.py] => [InfLoRA] Layer 1: 9/768 type remove
2026-07-25 03:48:42,447 [inflora.py] => [InfLoRA] Layer 2: 13/768 type remove
2026-07-25 03:48:42,447 [inflora.py] => [InfLoRA] Layer 3: 22/768 type remove
2026-07-25 03:48:42,447 [inflora.py] => [InfLoRA] Layer 4: 24/768 type remove
2026-07-25 03:48:42,447 [inflora.py] => [InfLoRA] Layer 5: 32/768 type remove
2026-07-25 03:48:42,447 [inflora.py] => [InfLoRA] Layer 6: 45/768 type remove
2026-07-25 03:48:42,447 [inflora.py] => [InfLoRA] Layer 7: 58/768 type remove
2026-07-25 03:48:42,447 [inflora.py] => [InfLoRA] Layer 8: 100/768 type remove
2026-07-25 03:48:42,447 [inflora.py] => [InfLoRA] Layer 9: 157/768 type remove
2026-07-25 03:48:42,447 [inflora.py] => [InfLoRA] Layer 10: 186/768 type remove
2026-07-25 03:48:42,448 [inflora.py] => [InfLoRA] Layer 11: 109/768 type remove
2026-07-25 03:48:42,448 [inflora.py] => [InfLoRA] Layer 12: 177/768 type remove
2026-07-25 03:48:52,917 [bounded_memory_mixin.py] => [bounded_mem eval] volume 0.55 | cycle 31 | classes_seen 30 | CIL 43.30 | (nearest latent task ~4)
2026-07-25 03:49:04,499 [inflora.py] => [InfLoRA] DualGPM threshold: 0.9776
2026-07-25 03:49:05,960 [inflora.py] => [InfLoRA] Layer 1: 9/768 type remove
2026-07-25 03:49:05,960 [inflora.py] => [InfLoRA] Layer 2: 14/768 type remove
2026-07-25 03:49:05,960 [inflora.py] => [InfLoRA] Layer 3: 23/768 type remove
2026-07-25 03:49:05,960 [inflora.py] => [InfLoRA] Layer 4: 25/768 type remove
2026-07-25 03:49:05,960 [inflora.py] => [InfLoRA] Layer 5: 34/768 type remove
2026-07-25 03:49:05,960 [inflora.py] => [InfLoRA] Layer 6: 49/768 type remove
2026-07-25 03:49:05,960 [inflora.py] => [InfLoRA] Layer 7: 63/768 type remove
2026-07-25 03:49:05,960 [inflora.py] => [InfLoRA] Layer 8: 108/768 type remove
2026-07-25 03:49:05,960 [inflora.py] => [InfLoRA] Layer 9: 169/768 type remove
2026-07-25 03:49:05,960 [inflora.py] => [InfLoRA] Layer 10: 203/768 type remove
2026-07-25 03:49:05,961 [inflora.py] => [InfLoRA] Layer 11: 124/768 type remove
2026-07-25 03:49:05,961 [inflora.py] => [InfLoRA] Layer 12: 189/768 type remove
2026-07-25 03:49:17,522 [inflora.py] => [InfLoRA] DualGPM threshold: 0.9784
2026-07-25 03:49:19,008 [inflora.py] => [InfLoRA] Layer 1: 9/768 type remove
2026-07-25 03:49:19,008 [inflora.py] => [InfLoRA] Layer 2: 14/768 type remove
2026-07-25 03:49:19,008 [inflora.py] => [InfLoRA] Layer 3: 23/768 type remove
2026-07-25 03:49:19,008 [inflora.py] => [InfLoRA] Layer 4: 25/768 type remove
2026-07-25 03:49:19,008 [inflora.py] => [InfLoRA] Layer 5: 34/768 type remove
2026-07-25 03:49:19,008 [inflora.py] => [InfLoRA] Layer 6: 49/768 type remove
2026-07-25 03:49:19,008 [inflora.py] => [InfLoRA] Layer 7: 64/768 type remove
2026-07-25 03:49:19,008 [inflora.py] => [InfLoRA] Layer 8: 110/768 type remove
2026-07-25 03:49:19,008 [inflora.py] => [InfLoRA] Layer 9: 171/768 type remove
2026-07-25 03:49:19,008 [inflora.py] => [InfLoRA] Layer 10: 205/768 type remove
2026-07-25 03:49:19,008 [inflora.py] => [InfLoRA] Layer 11: 125/768 type remove
2026-07-25 03:49:19,008 [inflora.py] => [InfLoRA] Layer 12: 195/768 type remove
2026-07-25 03:49:30,573 [inflora.py] => [InfLoRA] DualGPM threshold: 0.9793
2026-07-25 03:49:32,052 [inflora.py] => [InfLoRA] Layer 1: 9/768 type remove
2026-07-25 03:49:32,053 [inflora.py] => [InfLoRA] Layer 2: 14/768 type remove
2026-07-25 03:49:32,053 [inflora.py] => [InfLoRA] Layer 3: 24/768 type remove
2026-07-25 03:49:32,053 [inflora.py] => [InfLoRA] Layer 4: 26/768 type remove
2026-07-25 03:49:32,053 [inflora.py] => [InfLoRA] Layer 5: 35/768 type remove
2026-07-25 03:49:32,053 [inflora.py] => [InfLoRA] Layer 6: 51/768 type remove
2026-07-25 03:49:32,053 [inflora.py] => [InfLoRA] Layer 7: 66/768 type remove
2026-07-25 03:49:32,053 [inflora.py] => [InfLoRA] Layer 8: 114/768 type remove
2026-07-25 03:49:32,053 [inflora.py] => [InfLoRA] Layer 9: 177/768 type remove
2026-07-25 03:49:32,053 [inflora.py] => [InfLoRA] Layer 10: 213/768 type remove
2026-07-25 03:49:32,053 [inflora.py] => [InfLoRA] Layer 11: 131/768 type remove
2026-07-25 03:49:32,053 [inflora.py] => [InfLoRA] Layer 12: 203/768 type remove
2026-07-25 03:49:42,481 [bounded_memory_mixin.py] => [bounded_mem eval] volume 0.60 | cycle 34 | classes_seen 30 | CIL 38.03 | (nearest latent task ~4)
2026-07-25 03:49:54,095 [inflora.py] => [InfLoRA] DualGPM threshold: 0.9802
2026-07-25 03:49:55,582 [inflora.py] => [InfLoRA] Layer 1: 9/768 type remove
2026-07-25 03:49:55,582 [inflora.py] => [InfLoRA] Layer 2: 14/768 type remove
2026-07-25 03:49:55,582 [inflora.py] => [InfLoRA] Layer 3: 24/768 type remove
2026-07-25 03:49:55,582 [inflora.py] => [InfLoRA] Layer 4: 26/768 type remove
2026-07-25 03:49:55,582 [inflora.py] => [InfLoRA] Layer 5: 36/768 type remove
2026-07-25 03:49:55,582 [inflora.py] => [InfLoRA] Layer 6: 52/768 type remove
2026-07-25 03:49:55,582 [inflora.py] => [InfLoRA] Layer 7: 69/768 type remove
2026-07-25 03:49:55,582 [inflora.py] => [InfLoRA] Layer 8: 117/768 type remove
2026-07-25 03:49:55,582 [inflora.py] => [InfLoRA] Layer 9: 184/768 type remove
2026-07-25 03:49:55,582 [inflora.py] => [InfLoRA] Layer 10: 222/768 type remove
2026-07-25 03:49:55,582 [inflora.py] => [InfLoRA] Layer 11: 141/768 type remove
2026-07-25 03:49:55,582 [inflora.py] => [InfLoRA] Layer 12: 207/768 type remove
2026-07-25 03:50:07,136 [inflora.py] => [InfLoRA] DualGPM threshold: 0.9810
2026-07-25 03:50:08,624 [inflora.py] => [InfLoRA] Layer 1: 9/768 type remove
2026-07-25 03:50:08,624 [inflora.py] => [InfLoRA] Layer 2: 14/768 type remove
2026-07-25 03:50:08,624 [inflora.py] => [InfLoRA] Layer 3: 25/768 type remove
2026-07-25 03:50:08,624 [inflora.py] => [InfLoRA] Layer 4: 27/768 type remove
2026-07-25 03:50:08,625 [inflora.py] => [InfLoRA] Layer 5: 38/768 type remove
2026-07-25 03:50:08,625 [inflora.py] => [InfLoRA] Layer 6: 56/768 type remove
2026-07-25 03:50:08,625 [inflora.py] => [InfLoRA] Layer 7: 74/768 type remove
2026-07-25 03:50:08,625 [inflora.py] => [InfLoRA] Layer 8: 126/768 type remove
2026-07-25 03:50:08,625 [inflora.py] => [InfLoRA] Layer 9: 195/768 type remove
2026-07-25 03:50:08,625 [inflora.py] => [InfLoRA] Layer 10: 235/768 type remove
2026-07-25 03:50:08,625 [inflora.py] => [InfLoRA] Layer 11: 151/768 type remove
2026-07-25 03:50:08,625 [inflora.py] => [InfLoRA] Layer 12: 219/768 type remove
2026-07-25 03:50:20,134 [inflora.py] => [InfLoRA] DualGPM threshold: 0.9819
2026-07-25 03:50:21,630 [inflora.py] => [InfLoRA] Layer 1: 9/768 type remove
2026-07-25 03:50:21,630 [inflora.py] => [InfLoRA] Layer 2: 14/768 type remove
2026-07-25 03:50:21,630 [inflora.py] => [InfLoRA] Layer 3: 25/768 type remove
2026-07-25 03:50:21,630 [inflora.py] => [InfLoRA] Layer 4: 27/768 type remove
2026-07-25 03:50:21,630 [inflora.py] => [InfLoRA] Layer 5: 38/768 type remove
2026-07-25 03:50:21,630 [inflora.py] => [InfLoRA] Layer 6: 56/768 type remove
2026-07-25 03:50:21,630 [inflora.py] => [InfLoRA] Layer 7: 75/768 type remove
2026-07-25 03:50:21,630 [inflora.py] => [InfLoRA] Layer 8: 127/768 type remove
2026-07-25 03:50:21,630 [inflora.py] => [InfLoRA] Layer 9: 199/768 type remove
2026-07-25 03:50:21,630 [inflora.py] => [InfLoRA] Layer 10: 241/768 type remove
2026-07-25 03:50:21,630 [inflora.py] => [InfLoRA] Layer 11: 158/768 type remove
2026-07-25 03:50:21,630 [inflora.py] => [InfLoRA] Layer 12: 227/768 type remove
2026-07-25 03:50:32,074 [bounded_memory_mixin.py] => [bounded_mem eval] volume 0.65 | cycle 37 | classes_seen 30 | CIL 32.90 | (nearest latent task ~4)
2026-07-25 03:50:43,654 [inflora.py] => [InfLoRA] DualGPM threshold: 0.9828
2026-07-25 03:50:45,143 [inflora.py] => [InfLoRA] Layer 1: 9/768 type remove
2026-07-25 03:50:45,143 [inflora.py] => [InfLoRA] Layer 2: 14/768 type remove
2026-07-25 03:50:45,143 [inflora.py] => [InfLoRA] Layer 3: 26/768 type remove
2026-07-25 03:50:45,143 [inflora.py] => [InfLoRA] Layer 4: 28/768 type remove
2026-07-25 03:50:45,143 [inflora.py] => [InfLoRA] Layer 5: 40/768 type remove
2026-07-25 03:50:45,143 [inflora.py] => [InfLoRA] Layer 6: 59/768 type remove
2026-07-25 03:50:45,143 [inflora.py] => [InfLoRA] Layer 7: 78/768 type remove
2026-07-25 03:50:45,143 [inflora.py] => [InfLoRA] Layer 8: 135/768 type remove
2026-07-25 03:50:45,143 [inflora.py] => [InfLoRA] Layer 9: 208/768 type remove
2026-07-25 03:50:45,143 [inflora.py] => [InfLoRA] Layer 10: 251/768 type remove
2026-07-25 03:50:45,143 [inflora.py] => [InfLoRA] Layer 11: 169/768 type remove
2026-07-25 03:50:45,144 [inflora.py] => [InfLoRA] Layer 12: 230/768 type remove
2026-07-25 03:50:56,663 [inflora.py] => [InfLoRA] DualGPM threshold: 0.9836
2026-07-25 03:50:58,172 [inflora.py] => [InfLoRA] Layer 1: 9/768 type remove
2026-07-25 03:50:58,173 [inflora.py] => [InfLoRA] Layer 2: 15/768 type remove
2026-07-25 03:50:58,173 [inflora.py] => [InfLoRA] Layer 3: 27/768 type remove
2026-07-25 03:50:58,173 [inflora.py] => [InfLoRA] Layer 4: 30/768 type remove
2026-07-25 03:50:58,173 [inflora.py] => [InfLoRA] Layer 5: 41/768 type remove
2026-07-25 03:50:58,173 [inflora.py] => [InfLoRA] Layer 6: 62/768 type remove
2026-07-25 03:50:58,173 [inflora.py] => [InfLoRA] Layer 7: 83/768 type remove
2026-07-25 03:50:58,173 [inflora.py] => [InfLoRA] Layer 8: 141/768 type remove
2026-07-25 03:50:58,173 [inflora.py] => [InfLoRA] Layer 9: 217/768 type remove
2026-07-25 03:50:58,173 [inflora.py] => [InfLoRA] Layer 10: 262/768 type remove
2026-07-25 03:50:58,173 [inflora.py] => [InfLoRA] Layer 11: 179/768 type remove
2026-07-25 03:50:58,173 [inflora.py] => [InfLoRA] Layer 12: 238/768 type remove
2026-07-25 03:51:09,851 [inflora.py] => [InfLoRA] DualGPM threshold: 0.9845
2026-07-25 03:51:11,350 [inflora.py] => [InfLoRA] Layer 1: 10/768 type remove
2026-07-25 03:51:11,351 [inflora.py] => [InfLoRA] Layer 2: 15/768 type remove
2026-07-25 03:51:11,351 [inflora.py] => [InfLoRA] Layer 3: 28/768 type remove
2026-07-25 03:51:11,351 [inflora.py] => [InfLoRA] Layer 4: 31/768 type remove
2026-07-25 03:51:11,351 [inflora.py] => [InfLoRA] Layer 5: 43/768 type remove
2026-07-25 03:51:11,351 [inflora.py] => [InfLoRA] Layer 6: 65/768 type remove
2026-07-25 03:51:11,351 [inflora.py] => [InfLoRA] Layer 7: 87/768 type remove
2026-07-25 03:51:11,351 [inflora.py] => [InfLoRA] Layer 8: 147/768 type remove
2026-07-25 03:51:11,351 [inflora.py] => [InfLoRA] Layer 9: 224/768 type remove
2026-07-25 03:51:11,351 [inflora.py] => [InfLoRA] Layer 10: 274/768 type remove
2026-07-25 03:51:11,351 [inflora.py] => [InfLoRA] Layer 11: 191/768 type remove
2026-07-25 03:51:11,351 [inflora.py] => [InfLoRA] Layer 12: 252/768 type remove
2026-07-25 03:51:21,840 [bounded_memory_mixin.py] => [bounded_mem eval] volume 0.70 | cycle 40 | classes_seen 30 | CIL 32.87 | (nearest latent task ~4)
2026-07-25 03:51:33,408 [inflora.py] => [InfLoRA] DualGPM threshold: 0.9853
2026-07-25 03:51:34,917 [inflora.py] => [InfLoRA] Layer 1: 10/768 type remove
2026-07-25 03:51:34,917 [inflora.py] => [InfLoRA] Layer 2: 15/768 type remove
2026-07-25 03:51:34,917 [inflora.py] => [InfLoRA] Layer 3: 29/768 type remove
2026-07-25 03:51:34,917 [inflora.py] => [InfLoRA] Layer 4: 32/768 type remove
2026-07-25 03:51:34,917 [inflora.py] => [InfLoRA] Layer 5: 45/768 type remove
2026-07-25 03:51:34,917 [inflora.py] => [InfLoRA] Layer 6: 68/768 type remove
2026-07-25 03:51:34,917 [inflora.py] => [InfLoRA] Layer 7: 92/768 type remove
2026-07-25 03:51:34,917 [inflora.py] => [InfLoRA] Layer 8: 154/768 type remove
2026-07-25 03:51:34,917 [inflora.py] => [InfLoRA] Layer 9: 234/768 type remove
2026-07-25 03:51:34,917 [inflora.py] => [InfLoRA] Layer 10: 284/768 type remove
2026-07-25 03:51:34,917 [inflora.py] => [InfLoRA] Layer 11: 200/768 type remove
2026-07-25 03:51:34,918 [inflora.py] => [InfLoRA] Layer 12: 263/768 type remove
2026-07-25 03:51:46,504 [inflora.py] => [InfLoRA] DualGPM threshold: 0.9862
2026-07-25 03:51:48,010 [inflora.py] => [InfLoRA] Layer 1: 10/768 type remove
2026-07-25 03:51:48,010 [inflora.py] => [InfLoRA] Layer 2: 15/768 type remove
2026-07-25 03:51:48,010 [inflora.py] => [InfLoRA] Layer 3: 29/768 type remove
2026-07-25 03:51:48,010 [inflora.py] => [InfLoRA] Layer 4: 32/768 type remove
2026-07-25 03:51:48,010 [inflora.py] => [InfLoRA] Layer 5: 45/768 type remove
2026-07-25 03:51:48,010 [inflora.py] => [InfLoRA] Layer 6: 69/768 type remove
2026-07-25 03:51:48,010 [inflora.py] => [InfLoRA] Layer 7: 94/768 type remove
2026-07-25 03:51:48,010 [inflora.py] => [InfLoRA] Layer 8: 158/768 type remove
2026-07-25 03:51:48,010 [inflora.py] => [InfLoRA] Layer 9: 243/768 type remove
2026-07-25 03:51:48,010 [inflora.py] => [InfLoRA] Layer 10: 293/768 type remove
2026-07-25 03:51:48,010 [inflora.py] => [InfLoRA] Layer 11: 213/768 type remove
2026-07-25 03:51:48,010 [inflora.py] => [InfLoRA] Layer 12: 272/768 type remove
2026-07-25 03:51:59,582 [inflora.py] => [InfLoRA] DualGPM threshold: 0.9871
2026-07-25 03:52:01,108 [inflora.py] => [InfLoRA] Layer 1: 10/768 type remove
2026-07-25 03:52:01,108 [inflora.py] => [InfLoRA] Layer 2: 16/768 type remove
2026-07-25 03:52:01,109 [inflora.py] => [InfLoRA] Layer 3: 32/768 type remove
2026-07-25 03:52:01,109 [inflora.py] => [InfLoRA] Layer 4: 35/768 type remove
2026-07-25 03:52:01,109 [inflora.py] => [InfLoRA] Layer 5: 49/768 type remove
2026-07-25 03:52:01,109 [inflora.py] => [InfLoRA] Layer 6: 77/768 type remove
2026-07-25 03:52:01,109 [inflora.py] => [InfLoRA] Layer 7: 105/768 type remove
2026-07-25 03:52:01,109 [inflora.py] => [InfLoRA] Layer 8: 181/768 type remove
2026-07-25 03:52:01,109 [inflora.py] => [InfLoRA] Layer 9: 265/768 type remove
2026-07-25 03:52:01,109 [inflora.py] => [InfLoRA] Layer 10: 317/768 type remove
2026-07-25 03:52:01,109 [inflora.py] => [InfLoRA] Layer 11: 230/768 type remove
2026-07-25 03:52:01,109 [inflora.py] => [InfLoRA] Layer 12: 309/768 type remove
2026-07-25 03:52:14,763 [bounded_memory_mixin.py] => [bounded_mem eval] volume 0.75 | cycle 43 | classes_seen 40 | CIL 55.55 | (nearest latent task ~4)
2026-07-25 03:52:26,386 [inflora.py] => [InfLoRA] DualGPM threshold: 0.9879
2026-07-25 03:52:27,903 [inflora.py] => [InfLoRA] Layer 1: 10/768 type remove
2026-07-25 03:52:27,904 [inflora.py] => [InfLoRA] Layer 2: 16/768 type remove
2026-07-25 03:52:27,904 [inflora.py] => [InfLoRA] Layer 3: 34/768 type remove
2026-07-25 03:52:27,904 [inflora.py] => [InfLoRA] Layer 4: 37/768 type remove
2026-07-25 03:52:27,904 [inflora.py] => [InfLoRA] Layer 5: 52/768 type remove
2026-07-25 03:52:27,904 [inflora.py] => [InfLoRA] Layer 6: 81/768 type remove
2026-07-25 03:52:27,904 [inflora.py] => [InfLoRA] Layer 7: 112/768 type remove
2026-07-25 03:52:27,904 [inflora.py] => [InfLoRA] Layer 8: 191/768 type remove
2026-07-25 03:52:27,904 [inflora.py] => [InfLoRA] Layer 9: 281/768 type remove
2026-07-25 03:52:27,904 [inflora.py] => [InfLoRA] Layer 10: 333/768 type remove
2026-07-25 03:52:27,904 [inflora.py] => [InfLoRA] Layer 11: 245/768 type remove
2026-07-25 03:52:27,904 [inflora.py] => [InfLoRA] Layer 12: 327/768 type remove
2026-07-25 03:52:39,555 [inflora.py] => [InfLoRA] DualGPM threshold: 0.9888
2026-07-25 03:52:41,072 [inflora.py] => [InfLoRA] Layer 1: 11/768 type remove
2026-07-25 03:52:41,072 [inflora.py] => [InfLoRA] Layer 2: 17/768 type remove
2026-07-25 03:52:41,072 [inflora.py] => [InfLoRA] Layer 3: 36/768 type remove
2026-07-25 03:52:41,072 [inflora.py] => [InfLoRA] Layer 4: 39/768 type remove
2026-07-25 03:52:41,072 [inflora.py] => [InfLoRA] Layer 5: 55/768 type remove
2026-07-25 03:52:41,072 [inflora.py] => [InfLoRA] Layer 6: 87/768 type remove
2026-07-25 03:52:41,072 [inflora.py] => [InfLoRA] Layer 7: 120/768 type remove
2026-07-25 03:52:41,072 [inflora.py] => [InfLoRA] Layer 8: 206/768 type remove
2026-07-25 03:52:41,072 [inflora.py] => [InfLoRA] Layer 9: 301/768 type remove
2026-07-25 03:52:41,072 [inflora.py] => [InfLoRA] Layer 10: 356/768 type remove
2026-07-25 03:52:41,072 [inflora.py] => [InfLoRA] Layer 11: 268/768 type remove
2026-07-25 03:52:41,072 [inflora.py] => [InfLoRA] Layer 12: 349/768 type remove
2026-07-25 03:52:54,724 [bounded_memory_mixin.py] => [bounded_mem eval] volume 0.80 | cycle 45 | classes_seen 40 | CIL 53.85 | (nearest latent task ~4)
2026-07-25 03:53:06,469 [inflora.py] => [InfLoRA] DualGPM threshold: 0.9897
2026-07-25 03:53:08,011 [inflora.py] => [InfLoRA] Layer 1: 11/768 type remove
2026-07-25 03:53:08,012 [inflora.py] => [InfLoRA] Layer 2: 17/768 type remove
2026-07-25 03:53:08,012 [inflora.py] => [InfLoRA] Layer 3: 38/768 type remove
2026-07-25 03:53:08,012 [inflora.py] => [InfLoRA] Layer 4: 42/768 type remove
2026-07-25 03:53:08,012 [inflora.py] => [InfLoRA] Layer 5: 59/768 type remove
2026-07-25 03:53:08,012 [inflora.py] => [InfLoRA] Layer 6: 93/768 type remove
2026-07-25 03:53:08,012 [inflora.py] => [InfLoRA] Layer 7: 129/768 type remove
2026-07-25 03:53:08,012 [inflora.py] => [InfLoRA] Layer 8: 217/768 type remove
2026-07-25 03:53:08,012 [inflora.py] => [InfLoRA] Layer 9: 316/768 type remove
2026-07-25 03:53:08,012 [inflora.py] => [InfLoRA] Layer 10: 376/768 type remove
2026-07-25 03:53:08,012 [inflora.py] => [InfLoRA] Layer 11: 287/768 type remove
2026-07-25 03:53:08,012 [inflora.py] => [InfLoRA] Layer 12: 376/768 type remove
2026-07-25 03:53:19,579 [inflora.py] => [InfLoRA] DualGPM threshold: 0.9905
2026-07-25 03:53:21,110 [inflora.py] => [InfLoRA] Layer 1: 11/768 type remove
2026-07-25 03:53:21,110 [inflora.py] => [InfLoRA] Layer 2: 17/768 type remove
2026-07-25 03:53:21,110 [inflora.py] => [InfLoRA] Layer 3: 40/768 type remove
2026-07-25 03:53:21,110 [inflora.py] => [InfLoRA] Layer 4: 45/768 type remove
2026-07-25 03:53:21,110 [inflora.py] => [InfLoRA] Layer 5: 62/768 type remove
2026-07-25 03:53:21,110 [inflora.py] => [InfLoRA] Layer 6: 98/768 type remove
2026-07-25 03:53:21,110 [inflora.py] => [InfLoRA] Layer 7: 136/768 type remove
2026-07-25 03:53:21,110 [inflora.py] => [InfLoRA] Layer 8: 226/768 type remove
2026-07-25 03:53:21,110 [inflora.py] => [InfLoRA] Layer 9: 325/768 type remove
2026-07-25 03:53:21,144 [inflora.py] => [InfLoRA] Layer 10: 382/768 type retain
2026-07-25 03:53:21,144 [inflora.py] => [InfLoRA] Layer 11: 296/768 type remove
2026-07-25 03:53:21,173 [inflora.py] => [InfLoRA] Layer 12: 383/768 type retain
2026-07-25 03:53:32,903 [inflora.py] => [InfLoRA] DualGPM threshold: 0.9914
2026-07-25 03:53:34,642 [inflora.py] => [InfLoRA] Layer 1: 11/768 type remove
2026-07-25 03:53:34,642 [inflora.py] => [InfLoRA] Layer 2: 18/768 type remove
2026-07-25 03:53:34,642 [inflora.py] => [InfLoRA] Layer 3: 41/768 type remove
2026-07-25 03:53:34,642 [inflora.py] => [InfLoRA] Layer 4: 47/768 type remove
2026-07-25 03:53:34,642 [inflora.py] => [InfLoRA] Layer 5: 66/768 type remove
2026-07-25 03:53:34,642 [inflora.py] => [InfLoRA] Layer 6: 104/768 type remove
2026-07-25 03:53:34,642 [inflora.py] => [InfLoRA] Layer 7: 145/768 type remove
2026-07-25 03:53:34,642 [inflora.py] => [InfLoRA] Layer 8: 239/768 type remove
2026-07-25 03:53:34,642 [inflora.py] => [InfLoRA] Layer 9: 340/768 type remove
2026-07-25 03:53:34,642 [inflora.py] => [InfLoRA] Layer 10: 364/768 type retain
2026-07-25 03:53:34,642 [inflora.py] => [InfLoRA] Layer 11: 314/768 type remove
2026-07-25 03:53:34,642 [inflora.py] => [InfLoRA] Layer 12: 362/768 type retain
2026-07-25 03:53:48,361 [bounded_memory_mixin.py] => [bounded_mem eval] volume 0.85 | cycle 48 | classes_seen 40 | CIL 34.40 | (nearest latent task ~4)
2026-07-25 03:54:00,207 [inflora.py] => [InfLoRA] DualGPM threshold: 0.9922
2026-07-25 03:54:01,989 [inflora.py] => [InfLoRA] Layer 1: 11/768 type remove
2026-07-25 03:54:01,989 [inflora.py] => [InfLoRA] Layer 2: 19/768 type remove
2026-07-25 03:54:01,989 [inflora.py] => [InfLoRA] Layer 3: 43/768 type remove
2026-07-25 03:54:01,989 [inflora.py] => [InfLoRA] Layer 4: 49/768 type remove
2026-07-25 03:54:01,989 [inflora.py] => [InfLoRA] Layer 5: 69/768 type remove
2026-07-25 03:54:01,989 [inflora.py] => [InfLoRA] Layer 6: 110/768 type remove
2026-07-25 03:54:01,989 [inflora.py] => [InfLoRA] Layer 7: 154/768 type remove
2026-07-25 03:54:01,989 [inflora.py] => [InfLoRA] Layer 8: 251/768 type remove
2026-07-25 03:54:01,989 [inflora.py] => [InfLoRA] Layer 9: 357/768 type remove
2026-07-25 03:54:01,989 [inflora.py] => [InfLoRA] Layer 10: 344/768 type retain
2026-07-25 03:54:01,989 [inflora.py] => [InfLoRA] Layer 11: 336/768 type remove
2026-07-25 03:54:01,989 [inflora.py] => [InfLoRA] Layer 12: 338/768 type retain
2026-07-25 03:54:13,747 [inflora.py] => [InfLoRA] DualGPM threshold: 0.9931
2026-07-25 03:54:15,600 [inflora.py] => [InfLoRA] Layer 1: 12/768 type remove
2026-07-25 03:54:15,600 [inflora.py] => [InfLoRA] Layer 2: 19/768 type remove
2026-07-25 03:54:15,600 [inflora.py] => [InfLoRA] Layer 3: 46/768 type remove
2026-07-25 03:54:15,600 [inflora.py] => [InfLoRA] Layer 4: 54/768 type remove
2026-07-25 03:54:15,600 [inflora.py] => [InfLoRA] Layer 5: 76/768 type remove
2026-07-25 03:54:15,600 [inflora.py] => [InfLoRA] Layer 6: 119/768 type remove
2026-07-25 03:54:15,601 [inflora.py] => [InfLoRA] Layer 7: 167/768 type remove
2026-07-25 03:54:15,601 [inflora.py] => [InfLoRA] Layer 8: 270/768 type remove
2026-07-25 03:54:15,601 [inflora.py] => [InfLoRA] Layer 9: 380/768 type remove
2026-07-25 03:54:15,601 [inflora.py] => [InfLoRA] Layer 10: 320/768 type retain
2026-07-25 03:54:15,601 [inflora.py] => [InfLoRA] Layer 11: 365/768 type remove
2026-07-25 03:54:15,601 [inflora.py] => [InfLoRA] Layer 12: 315/768 type retain
2026-07-25 03:54:27,364 [inflora.py] => [InfLoRA] DualGPM threshold: 0.9940
2026-07-25 03:54:29,148 [inflora.py] => [InfLoRA] Layer 1: 12/768 type remove
2026-07-25 03:54:29,148 [inflora.py] => [InfLoRA] Layer 2: 20/768 type remove
2026-07-25 03:54:29,148 [inflora.py] => [InfLoRA] Layer 3: 49/768 type remove
2026-07-25 03:54:29,148 [inflora.py] => [InfLoRA] Layer 4: 58/768 type remove
2026-07-25 03:54:29,148 [inflora.py] => [InfLoRA] Layer 5: 82/768 type remove
2026-07-25 03:54:29,148 [inflora.py] => [InfLoRA] Layer 6: 129/768 type remove
2026-07-25 03:54:29,149 [inflora.py] => [InfLoRA] Layer 7: 183/768 type remove
2026-07-25 03:54:29,149 [inflora.py] => [InfLoRA] Layer 8: 290/768 type remove
2026-07-25 03:54:29,173 [inflora.py] => [InfLoRA] Layer 9: 364/768 type retain
2026-07-25 03:54:29,173 [inflora.py] => [InfLoRA] Layer 10: 294/768 type retain
2026-07-25 03:54:29,198 [inflora.py] => [InfLoRA] Layer 11: 373/768 type retain
2026-07-25 03:54:29,198 [inflora.py] => [InfLoRA] Layer 12: 300/768 type retain
2026-07-25 03:54:42,876 [bounded_memory_mixin.py] => [bounded_mem eval] volume 0.90 | cycle 51 | classes_seen 40 | CIL 26.38 | (nearest latent task ~4)
2026-07-25 03:54:54,719 [inflora.py] => [InfLoRA] DualGPM threshold: 0.9948
2026-07-25 03:54:56,802 [inflora.py] => [InfLoRA] Layer 1: 12/768 type remove
2026-07-25 03:54:56,802 [inflora.py] => [InfLoRA] Layer 2: 21/768 type remove
2026-07-25 03:54:56,802 [inflora.py] => [InfLoRA] Layer 3: 51/768 type remove
2026-07-25 03:54:56,802 [inflora.py] => [InfLoRA] Layer 4: 63/768 type remove
2026-07-25 03:54:56,802 [inflora.py] => [InfLoRA] Layer 5: 87/768 type remove
2026-07-25 03:54:56,802 [inflora.py] => [InfLoRA] Layer 6: 138/768 type remove
2026-07-25 03:54:56,802 [inflora.py] => [InfLoRA] Layer 7: 197/768 type remove
2026-07-25 03:54:56,802 [inflora.py] => [InfLoRA] Layer 8: 309/768 type remove
2026-07-25 03:54:56,802 [inflora.py] => [InfLoRA] Layer 9: 343/768 type retain
2026-07-25 03:54:56,803 [inflora.py] => [InfLoRA] Layer 10: 272/768 type retain
2026-07-25 03:54:56,803 [inflora.py] => [InfLoRA] Layer 11: 349/768 type retain
2026-07-25 03:54:56,803 [inflora.py] => [InfLoRA] Layer 12: 277/768 type retain
2026-07-25 03:55:08,614 [inflora.py] => [InfLoRA] DualGPM threshold: 0.9957
2026-07-25 03:55:10,691 [inflora.py] => [InfLoRA] Layer 1: 12/768 type remove
2026-07-25 03:55:10,691 [inflora.py] => [InfLoRA] Layer 2: 21/768 type remove
2026-07-25 03:55:10,691 [inflora.py] => [InfLoRA] Layer 3: 53/768 type remove
2026-07-25 03:55:10,691 [inflora.py] => [InfLoRA] Layer 4: 66/768 type remove
2026-07-25 03:55:10,691 [inflora.py] => [InfLoRA] Layer 5: 91/768 type remove
2026-07-25 03:55:10,691 [inflora.py] => [InfLoRA] Layer 6: 145/768 type remove
2026-07-25 03:55:10,691 [inflora.py] => [InfLoRA] Layer 7: 210/768 type remove
2026-07-25 03:55:10,691 [inflora.py] => [InfLoRA] Layer 8: 326/768 type remove
2026-07-25 03:55:10,691 [inflora.py] => [InfLoRA] Layer 9: 324/768 type retain
2026-07-25 03:55:10,691 [inflora.py] => [InfLoRA] Layer 10: 256/768 type retain
2026-07-25 03:55:10,691 [inflora.py] => [InfLoRA] Layer 11: 326/768 type retain
2026-07-25 03:55:10,691 [inflora.py] => [InfLoRA] Layer 12: 258/768 type retain
2026-07-25 03:55:22,520 [inflora.py] => [InfLoRA] DualGPM threshold: 0.9966
2026-07-25 03:55:24,407 [inflora.py] => [InfLoRA] Layer 1: 13/768 type remove
2026-07-25 03:55:24,407 [inflora.py] => [InfLoRA] Layer 2: 24/768 type remove
2026-07-25 03:55:24,407 [inflora.py] => [InfLoRA] Layer 3: 59/768 type remove
2026-07-25 03:55:24,408 [inflora.py] => [InfLoRA] Layer 4: 76/768 type remove
2026-07-25 03:55:24,408 [inflora.py] => [InfLoRA] Layer 5: 106/768 type remove
2026-07-25 03:55:24,408 [inflora.py] => [InfLoRA] Layer 6: 167/768 type remove
2026-07-25 03:55:24,408 [inflora.py] => [InfLoRA] Layer 7: 238/768 type remove
2026-07-25 03:55:24,408 [inflora.py] => [InfLoRA] Layer 8: 355/768 type remove
2026-07-25 03:55:24,408 [inflora.py] => [InfLoRA] Layer 9: 293/768 type retain
2026-07-25 03:55:24,408 [inflora.py] => [InfLoRA] Layer 10: 224/768 type retain
2026-07-25 03:55:24,408 [inflora.py] => [InfLoRA] Layer 11: 285/768 type retain
2026-07-25 03:55:24,408 [inflora.py] => [InfLoRA] Layer 12: 228/768 type retain
2026-07-25 03:55:38,125 [bounded_memory_mixin.py] => [bounded_mem eval] volume 0.95 | cycle 54 | classes_seen 40 | CIL 25.10 | (nearest latent task ~4)
2026-07-25 03:55:49,988 [inflora.py] => [InfLoRA] DualGPM threshold: 0.9974
2026-07-25 03:55:51,906 [inflora.py] => [InfLoRA] Layer 1: 14/768 type remove
2026-07-25 03:55:51,907 [inflora.py] => [InfLoRA] Layer 2: 27/768 type remove
2026-07-25 03:55:51,907 [inflora.py] => [InfLoRA] Layer 3: 67/768 type remove
2026-07-25 03:55:51,907 [inflora.py] => [InfLoRA] Layer 4: 87/768 type remove
2026-07-25 03:55:51,907 [inflora.py] => [InfLoRA] Layer 5: 121/768 type remove
2026-07-25 03:55:51,907 [inflora.py] => [InfLoRA] Layer 6: 191/768 type remove
2026-07-25 03:55:51,907 [inflora.py] => [InfLoRA] Layer 7: 272/768 type remove
2026-07-25 03:55:51,931 [inflora.py] => [InfLoRA] Layer 8: 375/768 type retain
2026-07-25 03:55:51,931 [inflora.py] => [InfLoRA] Layer 9: 257/768 type retain
2026-07-25 03:55:51,931 [inflora.py] => [InfLoRA] Layer 10: 188/768 type retain
2026-07-25 03:55:51,931 [inflora.py] => [InfLoRA] Layer 11: 242/768 type retain
2026-07-25 03:55:51,931 [inflora.py] => [InfLoRA] Layer 12: 191/768 type retain
2026-07-25 03:56:03,745 [inflora.py] => [InfLoRA] DualGPM threshold: 0.9983
2026-07-25 03:56:05,814 [inflora.py] => [InfLoRA] Layer 1: 15/768 type remove
2026-07-25 03:56:05,814 [inflora.py] => [InfLoRA] Layer 2: 29/768 type remove
2026-07-25 03:56:05,815 [inflora.py] => [InfLoRA] Layer 3: 77/768 type remove
2026-07-25 03:56:05,815 [inflora.py] => [InfLoRA] Layer 4: 102/768 type remove
2026-07-25 03:56:05,815 [inflora.py] => [InfLoRA] Layer 5: 141/768 type remove
2026-07-25 03:56:05,815 [inflora.py] => [InfLoRA] Layer 6: 220/768 type remove
2026-07-25 03:56:05,815 [inflora.py] => [InfLoRA] Layer 7: 313/768 type remove
2026-07-25 03:56:05,815 [inflora.py] => [InfLoRA] Layer 8: 331/768 type retain
2026-07-25 03:56:05,815 [inflora.py] => [InfLoRA] Layer 9: 215/768 type retain
2026-07-25 03:56:05,815 [inflora.py] => [InfLoRA] Layer 10: 154/768 type retain
2026-07-25 03:56:05,815 [inflora.py] => [InfLoRA] Layer 11: 197/768 type retain
2026-07-25 03:56:05,815 [inflora.py] => [InfLoRA] Layer 12: 157/768 type retain
2026-07-25 03:56:13,864 [inflora.py] => [InfLoRA] DualGPM threshold: 0.9991
2026-07-25 03:56:15,993 [inflora.py] => [InfLoRA] Layer 1: 17/768 type remove
2026-07-25 03:56:15,993 [inflora.py] => [InfLoRA] Layer 2: 36/768 type remove
2026-07-25 03:56:15,993 [inflora.py] => [InfLoRA] Layer 3: 105/768 type remove
2026-07-25 03:56:15,993 [inflora.py] => [InfLoRA] Layer 4: 143/768 type remove
2026-07-25 03:56:15,993 [inflora.py] => [InfLoRA] Layer 5: 200/768 type remove
2026-07-25 03:56:15,993 [inflora.py] => [InfLoRA] Layer 6: 303/768 type remove
2026-07-25 03:56:16,018 [inflora.py] => [InfLoRA] Layer 7: 365/768 type retain
2026-07-25 03:56:16,018 [inflora.py] => [InfLoRA] Layer 8: 247/768 type retain
2026-07-25 03:56:16,018 [inflora.py] => [InfLoRA] Layer 9: 143/768 type retain
2026-07-25 03:56:16,018 [inflora.py] => [InfLoRA] Layer 10: 91/768 type retain
2026-07-25 03:56:16,018 [inflora.py] => [InfLoRA] Layer 11: 122/768 type retain
2026-07-25 03:56:16,018 [inflora.py] => [InfLoRA] Layer 12: 92/768 type retain
2026-07-25 03:56:29,702 [bounded_memory_mixin.py] => [bounded_mem eval] volume 1.00 | cycle 57 | classes_seen 40 | CIL 24.32 | (nearest latent task ~4)
2026-07-25 03:56:29,719 [trainer.py] => [bounded_mem] volume checkpoints: [0.05, 0.1, 0.15, 0.2, 0.25, 0.3, 0.35, 0.4, 0.45, 0.5, 0.55, 0.6, 0.65, 0.7, 0.75, 0.8, 0.85, 0.9, 0.95, 1.0]
2026-07-25 03:56:29,719 [trainer.py] => [bounded_mem] CIL curve: [84.8, 94.5, 96.4, 96.0, 52.2, 75.65, 59.65, 53.45, 49.0, 31.53, 43.3, 38.03, 32.9, 32.87, 55.55, 53.85, 34.4, 26.38, 25.1, 24.32]
2026-07-25 03:56:29,719 [trainer.py] => [bounded_mem] FINAL CIL 24.32 (at 100% of stream)
