2026-07-06 19:49:43,417 [trainer.py] => config: ./exps/seqlora_omni1k_100t_smoke_lr8e5.json
2026-07-06 19:49:43,417 [trainer.py] => dataset: omnibenchmark1k
2026-07-06 19:49:43,417 [trainer.py] => memory_size: 0
2026-07-06 19:49:43,417 [trainer.py] => memory_per_class: 0
2026-07-06 19:49:43,418 [trainer.py] => fixed_memory: False
2026-07-06 19:49:43,418 [trainer.py] => shuffle: True
2026-07-06 19:49:43,418 [trainer.py] => backbone_type: vit_base_patch16_224_lora
2026-07-06 19:49:43,418 [trainer.py] => device: [device(type='cuda', index=0)]
2026-07-06 19:49:43,418 [trainer.py] => seed: 1993
2026-07-06 19:49:43,418 [trainer.py] => scenario: both
2026-07-06 19:49:43,418 [trainer.py] => lora_rank: 8
2026-07-06 19:49:43,418 [trainer.py] => lora_alpha: 32
2026-07-06 19:49:43,418 [trainer.py] => tuned_epoch: 10
2026-07-06 19:49:43,418 [trainer.py] => init_lr: 8e-05
2026-07-06 19:49:43,418 [trainer.py] => batch_size: 48
2026-07-06 19:49:43,418 [trainer.py] => weight_decay: 0.0005
2026-07-06 19:49:43,418 [trainer.py] => min_lr: 0.0
2026-07-06 19:49:43,418 [trainer.py] => pretrained: True
2026-07-06 19:49:43,418 [trainer.py] => print_forget: True
2026-07-06 19:49:43,418 [trainer.py] => model_name: seqlora
2026-07-06 19:49:43,418 [trainer.py] => lora_merge: False
2026-07-06 19:49:43,418 [trainer.py] => init_cls: 10
2026-07-06 19:49:43,418 [trainer.py] => increment: 10
2026-07-06 19:49:43,418 [trainer.py] => stop_after_tasks: 10
2026-07-06 19:49:43,418 [trainer.py] => prefix: omni1k_100t_smoke_lr8e5
2026-07-06 19:49:43,938 [data_manager.py] => [54, 7, 894, 512, 126, 337, 988, 11, 284, 493, 133, 783, 192, 979, 622, 215, 240, 548, 238, 419, 274, 108, 928, 856, 494, 836, 473, 650, 85, 262, 508, 590, 390, 174, 637, 288, 658, 219, 912, 142, 852, 160, 704, 289, 123, 323, 600, 542, 999, 634, 391, 761, 490, 842, 127, 850, 665, 990, 597, 722, 748, 14, 77, 437, 394, 859, 279, 539, 75, 466, 886, 312, 303, 62, 966, 413, 959, 782, 509, 400, 471, 632, 275, 730, 105, 523, 224, 186, 478, 507, 470, 906, 699, 989, 324, 812, 260, 911, 446, 44, 765, 759, 67, 36, 5, 30, 184, 797, 159, 741, 954, 465, 533, 585, 150, 101, 897, 363, 818, 620, 824, 154, 956, 176, 588, 986, 172, 223, 461, 94, 141, 621, 659, 360, 136, 578, 163, 427, 70, 226, 925, 596, 336, 412, 731, 755, 381, 810, 69, 898, 310, 120, 752, 93, 39, 326, 537, 905, 448, 347, 51, 615, 601, 229, 947, 348, 220, 949, 972, 73, 913, 522, 193, 753, 921, 257, 957, 691, 155, 820, 584, 948, 92, 582, 89, 379, 392, 64, 904, 169, 216, 694, 103, 410, 374, 515, 484, 624, 409, 156, 455, 846, 344, 371, 468, 844, 276, 740, 562, 503, 831, 516, 663, 630, 763, 456, 179, 996, 936, 248, 333, 941, 63, 738, 802, 372, 828, 74, 540, 299, 750, 335, 177, 822, 643, 593, 800, 459, 580, 933, 306, 378, 76, 227, 426, 403, 322, 321, 808, 393, 27, 200, 764, 651, 244, 479, 3, 415, 23, 964, 671, 195, 569, 917, 611, 644, 707, 355, 855, 8, 534, 657, 571, 811, 681, 543, 313, 129, 978, 592, 573, 128, 243, 520, 887, 892, 696, 26, 551, 168, 71, 398, 778, 529, 526, 792, 868, 266, 443, 24, 57, 15, 871, 678, 745, 845, 208, 188, 674, 175, 406, 421, 833, 106, 994, 815, 581, 676, 49, 619, 217, 631, 934, 932, 568, 353, 863, 827, 425, 420, 99, 823, 113, 974, 438, 874, 343, 118, 340, 472, 552, 937, 0, 10, 675, 316, 879, 561, 387, 726, 255, 407, 56, 927, 655, 809, 839, 640, 297, 34, 497, 210, 606, 971, 589, 138, 263, 587, 993, 973, 382, 572, 735, 535, 139, 524, 314, 463, 895, 376, 939, 157, 858, 457, 935, 183, 114, 903, 767, 666, 22, 525, 902, 233, 250, 825, 79, 843, 221, 214, 205, 166, 431, 860, 292, 976, 739, 899, 475, 242, 961, 531, 110, 769, 55, 701, 532, 586, 729, 253, 486, 787, 774, 165, 627, 32, 291, 962, 922, 222, 705, 454, 356, 445, 746, 776, 404, 950, 241, 452, 245, 487, 706, 2, 137, 6, 98, 647, 50, 91, 202, 556, 38, 68, 649, 258, 345, 361, 464, 514, 958, 504, 826, 668, 880, 28, 920, 918, 339, 315, 320, 768, 201, 733, 575, 781, 864, 617, 171, 795, 132, 145, 368, 147, 327, 713, 688, 848, 690, 975, 354, 853, 148, 648, 300, 436, 780, 693, 682, 246, 449, 492, 162, 97, 59, 357, 198, 519, 90, 236, 375, 359, 230, 476, 784, 117, 940, 396, 849, 102, 122, 282, 181, 130, 467, 88, 271, 793, 151, 847, 914, 42, 834, 521, 121, 29, 806, 607, 510, 837, 301, 669, 78, 256, 474, 840, 52, 505, 547, 641, 987, 801, 629, 491, 605, 112, 429, 401, 742, 528, 87, 442, 910, 638, 785, 264, 711, 369, 428, 805, 744, 380, 725, 480, 318, 997, 153, 384, 252, 985, 538, 654, 388, 100, 432, 832, 565, 908, 367, 591, 294, 272, 231, 213, 196, 743, 817, 433, 328, 970, 969, 4, 613, 182, 685, 724, 915, 311, 931, 865, 86, 119, 203, 268, 718, 317, 926, 269, 161, 209, 807, 645, 513, 261, 518, 305, 758, 872, 58, 65, 146, 395, 481, 747, 41, 283, 204, 564, 185, 777, 33, 500, 609, 286, 567, 80, 228, 683, 757, 942, 134, 673, 616, 960, 450, 350, 544, 830, 736, 170, 679, 838, 819, 485, 430, 190, 566, 511, 482, 232, 527, 411, 560, 281, 342, 614, 662, 47, 771, 861, 692, 686, 277, 373, 16, 946, 265, 35, 9, 884, 909, 610, 358, 18, 737, 977, 677, 803, 595, 135, 458, 12, 46, 418, 599, 187, 107, 992, 770, 298, 104, 351, 893, 698, 929, 502, 273, 20, 96, 791, 636, 708, 267, 867, 772, 604, 618, 346, 330, 554, 816, 664, 716, 189, 31, 721, 712, 397, 43, 943, 804, 296, 109, 576, 869, 955, 17, 506, 963, 786, 720, 628, 779, 982, 633, 891, 734, 980, 386, 365, 794, 325, 841, 878, 370, 695, 293, 951, 66, 594, 717, 116, 488, 796, 983, 646, 499, 53, 1, 603, 45, 424, 875, 254, 237, 199, 414, 307, 362, 557, 866, 341, 19, 965, 143, 555, 687, 235, 790, 125, 173, 364, 882, 727, 728, 563, 495, 21, 558, 709, 719, 877, 352, 83, 998, 991, 469, 967, 760, 498, 814, 612, 715, 290, 72, 131, 259, 441, 924, 773, 48, 625, 501, 440, 82, 684, 862, 574, 309, 408, 680, 623, 439, 180, 652, 968, 889, 334, 61, 766, 399, 598, 798, 653, 930, 149, 249, 890, 308, 881, 40, 835, 577, 422, 703, 813, 857, 995, 602, 583, 167, 670, 212, 751, 496, 608, 84, 639, 579, 178, 489, 37, 197, 789, 530, 111, 876, 570, 700, 444, 287, 366, 883, 385, 536, 460, 851, 81, 144, 60, 251, 13, 953, 270, 944, 319, 885, 710, 952, 517, 278, 656, 919, 377, 550, 207, 660, 984, 447, 553, 338, 234, 383, 749, 916, 626, 462, 788, 434, 714, 799, 821, 477, 549, 661, 206, 667, 541, 642, 689, 194, 152, 981, 938, 854, 483, 332, 280, 546, 389, 405, 545, 239, 896, 672, 923, 402, 423, 907, 888, 140, 870, 559, 756, 25, 211, 158, 723, 635, 302, 702, 453, 218, 164, 829, 247, 775, 191, 732, 115, 331, 901, 416, 873, 754, 900, 435, 762, 124, 304, 329, 349, 295, 95, 451, 285, 225, 945, 697, 417]
2026-07-06 19:49:52,103 [trainer.py] => stop_after_tasks=10 (of 100 total)
2026-07-06 19:49:52,115 [trainer.py] => All params: 115289856
2026-07-06 19:49:52,125 [trainer.py] => Trainable params: 29491200
2026-07-06 19:49:52,626 [lora.py] => Learning on 0-10
2026-07-06 19:49:52,655 [lora.py] => Trainable params this task: 302,602 / 115,297,546
2026-07-06 19:51:43,715 [lora.py] => Task 0 finished. Train_accy 95.12
2026-07-06 19:51:46,712 [til_base.py] => TIL top1: 90.95
2026-07-06 19:51:46,712 [til_base.py] => CIL top1: 90.95 | TIL top1: 90.95
2026-07-06 19:51:46,712 [trainer.py] => No NME accuracy.
2026-07-06 19:51:46,712 [trainer.py] => CNN: {'total': np.float64(90.95), '00-09': np.float64(90.95), 'old': 0, 'new': np.float64(90.95)}
2026-07-06 19:51:46,712 [trainer.py] => CNN top1 curve: [np.float64(90.95)]
2026-07-06 19:51:46,712 [trainer.py] => CNN top5 curve: [np.float64(100.0)]

2026-07-06 19:51:46,712 [trainer.py] => Average Accuracy (CNN): 90.95 

2026-07-06 19:51:46,727 [trainer.py] => All params: 115297546
2026-07-06 19:51:46,736 [trainer.py] => Trainable params: 302602
2026-07-06 19:51:46,737 [lora.py] => Learning on 10-20
2026-07-06 19:51:46,770 [lora.py] => Trainable params this task: 310,292 / 115,305,236
2026-07-06 19:53:36,772 [lora.py] => Task 1 finished. Train_accy 95.88
2026-07-06 19:53:41,892 [til_base.py] => TIL top1: 92.44
2026-07-06 19:53:41,892 [til_base.py] => CIL top1: 83.88 | TIL top1: 92.44
2026-07-06 19:53:41,892 [trainer.py] => No NME accuracy.
2026-07-06 19:53:41,892 [trainer.py] => CNN: {'total': np.float64(83.88), '00-09': np.float64(82.41), '10-19': np.float64(85.35), 'old': np.float64(82.41), 'new': np.float64(85.35)}
2026-07-06 19:53:41,892 [trainer.py] => CNN top1 curve: [np.float64(90.95), np.float64(83.88)]
2026-07-06 19:53:41,893 [trainer.py] => CNN top5 curve: [np.float64(100.0), np.float64(98.49)]

2026-07-06 19:53:41,893 [trainer.py] => Average Accuracy (CNN): 87.41499999999999 

2026-07-06 19:53:41,907 [trainer.py] => All params: 115305236
2026-07-06 19:53:41,916 [trainer.py] => Trainable params: 310292
2026-07-06 19:53:41,918 [lora.py] => Learning on 20-30
2026-07-06 19:53:41,949 [lora.py] => Trainable params this task: 317,982 / 115,312,926
2026-07-06 19:55:23,794 [lora.py] => Task 2 finished. Train_accy 97.24
2026-07-06 19:55:31,044 [til_base.py] => TIL top1: 89.28
2026-07-06 19:55:31,044 [til_base.py] => CIL top1: 74.54 | TIL top1: 89.28
2026-07-06 19:55:31,045 [trainer.py] => No NME accuracy.
2026-07-06 19:55:31,045 [trainer.py] => CNN: {'total': np.float64(74.54), '00-09': np.float64(56.78), '10-19': np.float64(79.8), '20-29': np.float64(87.0), 'old': np.float64(68.26), 'new': np.float64(87.0)}
2026-07-06 19:55:31,045 [trainer.py] => CNN top1 curve: [np.float64(90.95), np.float64(83.88), np.float64(74.54)]
2026-07-06 19:55:31,045 [trainer.py] => CNN top5 curve: [np.float64(100.0), np.float64(98.49), np.float64(95.98)]

2026-07-06 19:55:31,045 [trainer.py] => Average Accuracy (CNN): 83.12333333333333 

2026-07-06 19:55:31,067 [trainer.py] => All params: 115312926
2026-07-06 19:55:31,082 [trainer.py] => Trainable params: 317982
2026-07-06 19:55:31,083 [lora.py] => Learning on 30-40
2026-07-06 19:55:31,120 [lora.py] => Trainable params this task: 325,672 / 115,320,616
2026-07-06 19:57:11,981 [lora.py] => Task 3 finished. Train_accy 93.43
2026-07-06 19:57:21,284 [til_base.py] => TIL top1: 83.94
2026-07-06 19:57:21,284 [til_base.py] => CIL top1: 51.32 | TIL top1: 83.94
2026-07-06 19:57:21,284 [trainer.py] => No NME accuracy.
2026-07-06 19:57:21,284 [trainer.py] => CNN: {'total': np.float64(51.32), '00-09': np.float64(38.69), '10-19': np.float64(42.93), '20-29': np.float64(67.0), '30-39': np.float64(56.5), 'old': np.float64(49.58), 'new': np.float64(56.5)}
2026-07-06 19:57:21,284 [trainer.py] => CNN top1 curve: [np.float64(90.95), np.float64(83.88), np.float64(74.54), np.float64(51.32)]
2026-07-06 19:57:21,284 [trainer.py] => CNN top5 curve: [np.float64(100.0), np.float64(98.49), np.float64(95.98), np.float64(89.59)]

2026-07-06 19:57:21,284 [trainer.py] => Average Accuracy (CNN): 75.1725 

2026-07-06 19:57:21,299 [trainer.py] => All params: 115320616
2026-07-06 19:57:21,308 [trainer.py] => Trainable params: 325672
2026-07-06 19:57:21,309 [lora.py] => Learning on 40-50
2026-07-06 19:57:21,342 [lora.py] => Trainable params this task: 333,362 / 115,328,306
2026-07-06 19:59:23,432 [lora.py] => Task 4 finished. Train_accy 97.11
2026-07-06 19:59:34,888 [til_base.py] => TIL top1: 77.71
2026-07-06 19:59:34,888 [til_base.py] => CIL top1: 43.67 | TIL top1: 77.71
2026-07-06 19:59:34,888 [trainer.py] => No NME accuracy.
2026-07-06 19:59:34,888 [trainer.py] => CNN: {'total': np.float64(43.67), '00-09': np.float64(34.67), '10-19': np.float64(42.93), '20-29': np.float64(46.5), '30-39': np.float64(28.5), '40-49': np.float64(65.83), 'old': np.float64(38.14), 'new': np.float64(65.83)}
2026-07-06 19:59:34,888 [trainer.py] => CNN top1 curve: [np.float64(90.95), np.float64(83.88), np.float64(74.54), np.float64(51.32), np.float64(43.67)]
2026-07-06 19:59:34,888 [trainer.py] => CNN top5 curve: [np.float64(100.0), np.float64(98.49), np.float64(95.98), np.float64(89.59), np.float64(78.41)]

2026-07-06 19:59:34,888 [trainer.py] => Average Accuracy (CNN): 68.872 

2026-07-06 19:59:34,911 [trainer.py] => All params: 115328306
2026-07-06 19:59:34,927 [trainer.py] => Trainable params: 333362
2026-07-06 19:59:34,929 [lora.py] => Learning on 50-60
2026-07-06 19:59:34,965 [lora.py] => Trainable params this task: 341,052 / 115,335,996
2026-07-06 20:01:26,522 [lora.py] => Task 5 finished. Train_accy 95.60
2026-07-06 20:01:40,076 [til_base.py] => TIL top1: 75.73
2026-07-06 20:01:40,077 [til_base.py] => CIL top1: 38.66 | TIL top1: 75.73
2026-07-06 20:01:40,077 [trainer.py] => No NME accuracy.
2026-07-06 20:01:40,077 [trainer.py] => CNN: {'total': np.float64(38.66), '00-09': np.float64(37.19), '10-19': np.float64(42.42), '20-29': np.float64(32.0), '30-39': np.float64(19.0), '40-49': np.float64(29.65), '50-59': np.float64(71.86), 'old': np.float64(32.03), 'new': np.float64(71.86)}
2026-07-06 20:01:40,077 [trainer.py] => CNN top1 curve: [np.float64(90.95), np.float64(83.88), np.float64(74.54), np.float64(51.32), np.float64(43.67), np.float64(38.66)]
2026-07-06 20:01:40,077 [trainer.py] => CNN top5 curve: [np.float64(100.0), np.float64(98.49), np.float64(95.98), np.float64(89.59), np.float64(78.41), np.float64(72.55)]

2026-07-06 20:01:40,077 [trainer.py] => Average Accuracy (CNN): 63.836666666666666 

2026-07-06 20:01:40,092 [trainer.py] => All params: 115335996
2026-07-06 20:01:40,101 [trainer.py] => Trainable params: 341052
2026-07-06 20:01:40,102 [lora.py] => Learning on 60-70
2026-07-06 20:01:40,134 [lora.py] => Trainable params this task: 348,742 / 115,343,686
2026-07-06 20:03:11,482 [lora.py] => Task 6 finished. Train_accy 94.13
2026-07-06 20:03:27,025 [til_base.py] => TIL top1: 76.26
2026-07-06 20:03:27,025 [til_base.py] => CIL top1: 30.29 | TIL top1: 76.26
2026-07-06 20:03:27,025 [trainer.py] => No NME accuracy.
2026-07-06 20:03:27,025 [trainer.py] => CNN: {'total': np.float64(30.29), '00-09': np.float64(32.16), '10-19': np.float64(33.84), '20-29': np.float64(38.5), '30-39': np.float64(15.5), '40-49': np.float64(24.12), '50-59': np.float64(44.72), '60-69': np.float64(23.08), 'old': np.float64(31.46), 'new': np.float64(23.08)}
2026-07-06 20:03:27,025 [trainer.py] => CNN top1 curve: [np.float64(90.95), np.float64(83.88), np.float64(74.54), np.float64(51.32), np.float64(43.67), np.float64(38.66), np.float64(30.29)]
2026-07-06 20:03:27,025 [trainer.py] => CNN top5 curve: [np.float64(100.0), np.float64(98.49), np.float64(95.98), np.float64(89.59), np.float64(78.41), np.float64(72.55), np.float64(70.14)]

2026-07-06 20:03:27,025 [trainer.py] => Average Accuracy (CNN): 59.044285714285714 

2026-07-06 20:03:27,040 [trainer.py] => All params: 115343686
2026-07-06 20:03:27,050 [trainer.py] => Trainable params: 348742
2026-07-06 20:03:27,051 [lora.py] => Learning on 70-80
2026-07-06 20:03:27,085 [lora.py] => Trainable params this task: 356,432 / 115,351,376
2026-07-06 20:04:59,441 [lora.py] => Task 7 finished. Train_accy 94.07
2026-07-06 20:05:17,107 [til_base.py] => TIL top1: 67.34
2026-07-06 20:05:17,107 [til_base.py] => CIL top1: 22.59 | TIL top1: 67.34
2026-07-06 20:05:17,107 [trainer.py] => No NME accuracy.
2026-07-06 20:05:17,107 [trainer.py] => CNN: {'total': np.float64(22.59), '00-09': np.float64(31.66), '10-19': np.float64(22.73), '20-29': np.float64(21.5), '30-39': np.float64(8.0), '40-49': np.float64(12.56), '50-59': np.float64(30.65), '60-69': np.float64(3.08), '70-79': np.float64(50.25), 'old': np.float64(18.63), 'new': np.float64(50.25)}
2026-07-06 20:05:17,107 [trainer.py] => CNN top1 curve: [np.float64(90.95), np.float64(83.88), np.float64(74.54), np.float64(51.32), np.float64(43.67), np.float64(38.66), np.float64(30.29), np.float64(22.59)]
2026-07-06 20:05:17,107 [trainer.py] => CNN top5 curve: [np.float64(100.0), np.float64(98.49), np.float64(95.98), np.float64(89.59), np.float64(78.41), np.float64(72.55), np.float64(70.14), np.float64(57.27)]

2026-07-06 20:05:17,107 [trainer.py] => Average Accuracy (CNN): 54.4875 

2026-07-06 20:05:17,122 [trainer.py] => All params: 115351376
2026-07-06 20:05:17,131 [trainer.py] => Trainable params: 356432
2026-07-06 20:05:17,132 [lora.py] => Learning on 80-90
2026-07-06 20:05:17,165 [lora.py] => Trainable params this task: 364,122 / 115,359,066
2026-07-06 20:07:10,774 [lora.py] => Task 8 finished. Train_accy 96.61
2026-07-06 20:07:30,853 [til_base.py] => TIL top1: 64.06
2026-07-06 20:07:30,854 [til_base.py] => CIL top1: 21.69 | TIL top1: 64.06
2026-07-06 20:07:30,854 [trainer.py] => No NME accuracy.
2026-07-06 20:07:30,854 [trainer.py] => CNN: {'total': np.float64(21.69), '00-09': np.float64(20.1), '10-19': np.float64(25.25), '20-29': np.float64(12.5), '30-39': np.float64(1.5), '40-49': np.float64(11.56), '50-59': np.float64(18.59), '60-69': np.float64(4.1), '70-79': np.float64(25.63), '80-89': np.float64(75.5), 'old': np.float64(14.92), 'new': np.float64(75.5)}
2026-07-06 20:07:30,854 [trainer.py] => CNN top1 curve: [np.float64(90.95), np.float64(83.88), np.float64(74.54), np.float64(51.32), np.float64(43.67), np.float64(38.66), np.float64(30.29), np.float64(22.59), np.float64(21.69)]
2026-07-06 20:07:30,854 [trainer.py] => CNN top5 curve: [np.float64(100.0), np.float64(98.49), np.float64(95.98), np.float64(89.59), np.float64(78.41), np.float64(72.55), np.float64(70.14), np.float64(57.27), np.float64(51.26)]

2026-07-06 20:07:30,854 [trainer.py] => Average Accuracy (CNN): 50.843333333333334 

2026-07-06 20:07:30,869 [trainer.py] => All params: 115359066
2026-07-06 20:07:30,878 [trainer.py] => Trainable params: 364122
2026-07-06 20:07:30,879 [lora.py] => Learning on 90-100
2026-07-06 20:07:30,913 [lora.py] => Trainable params this task: 371,812 / 115,366,756
2026-07-06 20:09:11,169 [lora.py] => Task 9 finished. Train_accy 96.56
2026-07-06 20:09:33,407 [til_base.py] => TIL top1: 55.39
2026-07-06 20:09:33,407 [til_base.py] => CIL top1: 15.56 | TIL top1: 55.39
2026-07-06 20:09:33,407 [trainer.py] => No NME accuracy.
2026-07-06 20:09:33,407 [trainer.py] => CNN: {'total': np.float64(15.56), '00-09': np.float64(11.06), '10-19': np.float64(4.55), '20-29': np.float64(17.5), '30-39': np.float64(1.5), '40-49': np.float64(14.07), '50-59': np.float64(10.55), '60-69': np.float64(1.03), '70-79': np.float64(6.03), '80-89': np.float64(29.0), '90-99': np.float64(60.41), 'old': np.float64(10.62), 'new': np.float64(60.41)}
2026-07-06 20:09:33,407 [trainer.py] => CNN top1 curve: [np.float64(90.95), np.float64(83.88), np.float64(74.54), np.float64(51.32), np.float64(43.67), np.float64(38.66), np.float64(30.29), np.float64(22.59), np.float64(21.69), np.float64(15.56)]
2026-07-06 20:09:33,407 [trainer.py] => CNN top5 curve: [np.float64(100.0), np.float64(98.49), np.float64(95.98), np.float64(89.59), np.float64(78.41), np.float64(72.55), np.float64(70.14), np.float64(57.27), np.float64(51.26), np.float64(41.29)]

2026-07-06 20:09:33,407 [trainer.py] => Average Accuracy (CNN): 47.315 

2026-07-06 20:09:33,408 [trainer.py] => Forgetting (CNN): 56.78111111111111
2026-07-06 20:09:33,408 [trainer.py] => Forgetting (NME): 56.78111111111111
2026-07-06 20:09:33,409 [trainer.py] => Forgetting (TIL): 44.45333333333334
