2026-07-21 18:04:35,488 [trainer.py] => config: exps/review/imagenetr_3task_all_methods/rainbowprompt.json
2026-07-21 18:04:35,488 [trainer.py] => dataset: imagenetr
2026-07-21 18:04:35,488 [trainer.py] => memory_size: 0
2026-07-21 18:04:35,488 [trainer.py] => memory_per_class: 0
2026-07-21 18:04:35,488 [trainer.py] => fixed_memory: False
2026-07-21 18:04:35,488 [trainer.py] => shuffle: True
2026-07-21 18:04:35,488 [trainer.py] => init_cls: 10
2026-07-21 18:04:35,488 [trainer.py] => increment: 10
2026-07-21 18:04:35,488 [trainer.py] => seed: 1993
2026-07-21 18:04:35,488 [trainer.py] => scenario: cil
2026-07-21 18:04:35,488 [trainer.py] => stop_after_tasks: 3
2026-07-21 18:04:35,489 [trainer.py] => pretrained: True
2026-07-21 18:04:35,489 [trainer.py] => print_forget: True
2026-07-21 18:04:35,489 [trainer.py] => final_metrics: True
2026-07-21 18:04:35,489 [trainer.py] => backbone_type: vit_base_patch16_224_rainbowprompt
2026-07-21 18:04:35,489 [trainer.py] => tuned_epoch: 20
2026-07-21 18:04:35,489 [trainer.py] => init_lr: 0.0003
2026-07-21 18:04:35,489 [trainer.py] => batch_size: 48
2026-07-21 18:04:35,489 [trainer.py] => weight_decay: 0.0
2026-07-21 18:04:35,489 [trainer.py] => min_lr: 0.0
2026-07-21 18:04:35,489 [trainer.py] => model_name: rainbowprompt
2026-07-21 18:04:35,489 [trainer.py] => rp_length: 20
2026-07-21 18:04:35,489 [trainer.py] => self_attn_idx: [0, 1, 2, 3, 4, 5]
2026-07-21 18:04:35,489 [trainer.py] => KI_iter: 10
2026-07-21 18:04:35,489 [trainer.py] => pull_constraint_coeff: 0.1
2026-07-21 18:04:35,489 [trainer.py] => use_linear: True
2026-07-21 18:04:35,489 [trainer.py] => rp_D1: 28
2026-07-21 18:04:35,489 [trainer.py] => rp_D2: 56
2026-07-21 18:04:35,489 [trainer.py] => device: [device(type='cuda', index=0)]
2026-07-21 18:04:35,489 [trainer.py] => prefix: imagenetr_3task_rainbowprompt
2026-07-21 18:04:35,576 [data_manager.py] => [168, 136, 51, 9, 183, 101, 171, 99, 42, 159, 191, 70, 16, 188, 27, 10, 175, 26, 68, 187, 98, 6, 85, 35, 112, 43, 100, 0, 103, 181, 88, 59, 4, 2, 116, 174, 94, 80, 106, 1, 147, 17, 141, 131, 72, 23, 173, 54, 197, 118, 87, 32, 79, 104, 91, 19, 135, 107, 178, 36, 11, 199, 142, 8, 122, 3, 28, 57, 153, 172, 190, 56, 49, 44, 97, 62, 151, 169, 194, 55, 192, 12, 189, 78, 66, 180, 15, 137, 109, 134, 92, 119, 126, 52, 170, 40, 148, 65, 144, 64, 138, 45, 77, 89, 154, 90, 71, 193, 74, 30, 113, 143, 96, 84, 67, 50, 186, 156, 69, 21, 18, 111, 108, 58, 125, 157, 150, 110, 182, 129, 166, 83, 81, 60, 13, 165, 14, 176, 63, 117, 5, 22, 145, 121, 38, 41, 82, 127, 114, 20, 31, 53, 37, 163, 196, 130, 152, 162, 86, 76, 24, 34, 184, 149, 33, 128, 198, 155, 146, 167, 139, 120, 140, 102, 47, 25, 158, 123, 46, 164, 61, 7, 115, 75, 133, 160, 105, 132, 179, 124, 48, 73, 93, 39, 95, 195, 29, 177, 185, 161]
2026-07-21 18:04:39,048 [trainer.py] => stop_after_tasks=3 (of 20 total)
2026-07-21 18:04:39,055 [trainer.py] => All params: 92101680
2026-07-21 18:04:39,056 [trainer.py] => Trainable params: 6303024
2026-07-21 18:04:39,056 [rainbowprompt.py] => [RainbowPrompt] Learning on 0-10
2026-07-21 18:08:52,344 [rainbowprompt.py] => [RainbowPrompt] Task 0 done. Acc 89.38
2026-07-21 18:08:55,074 [trainer.py] => No NME accuracy.
2026-07-21 18:08:55,074 [trainer.py] => CNN: {'total': 95.25, '00-09': 95.25, 'old': 0, 'new': 95.25}
2026-07-21 18:08:55,075 [trainer.py] => CNN top1 curve: [95.25]
2026-07-21 18:08:55,075 [trainer.py] => CNN top5 curve: [99.37]

2026-07-21 18:08:55,075 [trainer.py] => Average Accuracy (CNN): 95.25 

2026-07-21 18:08:55,076 [trainer.py] => All params: 92109370
2026-07-21 18:08:55,077 [trainer.py] => Trainable params: 6310714
2026-07-21 18:08:55,078 [rainbowprompt.py] => [RainbowPrompt] Learning on 10-20
2026-07-21 18:13:48,834 [rainbowprompt.py] => [RainbowPrompt] Task 1 done. Acc 92.07
2026-07-21 18:13:53,627 [trainer.py] => No NME accuracy.
2026-07-21 18:13:53,628 [trainer.py] => CNN: {'total': 83.48, '00-09': 73.1, '10-19': 92.25, 'old': 73.1, 'new': 92.25}
2026-07-21 18:13:53,628 [trainer.py] => CNN top1 curve: [95.25, 83.48]
2026-07-21 18:13:53,628 [trainer.py] => CNN top5 curve: [99.37, 95.94]

2026-07-21 18:13:53,628 [trainer.py] => Average Accuracy (CNN): 89.36500000000001 

2026-07-21 18:13:53,628 [trainer.py] => All params: 92117060
2026-07-21 18:13:53,629 [trainer.py] => Trainable params: 6318404
2026-07-21 18:13:53,630 [rainbowprompt.py] => [RainbowPrompt] Learning on 20-30
2026-07-21 18:17:56,318 [rainbowprompt.py] => [RainbowPrompt] Task 2 done. Acc 89.68
2026-07-21 18:18:02,826 [trainer.py] => No NME accuracy.
2026-07-21 18:18:02,826 [trainer.py] => CNN: {'total': 77.6, '00-09': 69.94, '10-19': 92.25, '20-29': 67.44, 'old': 82.03, 'new': 67.44}
2026-07-21 18:18:02,826 [trainer.py] => CNN top1 curve: [95.25, 83.48, 77.6]
2026-07-21 18:18:02,826 [trainer.py] => CNN top5 curve: [99.37, 95.94, 93.04]

2026-07-21 18:18:02,826 [trainer.py] => Average Accuracy (CNN): 85.44333333333334 

2026-07-21 18:18:07,190 [metrics_logger.py] => [metrics] wrote run_logs/final/rainbowprompt/metrics_rainbowprompt_imagenetr_imagenetr_3task_rainbowprompt_s1993.json
2026-07-21 18:18:07,191 [trainer.py] => Forgetting (CNN): 12.655000000000001
2026-07-21 18:18:07,191 [trainer.py] => Forgetting (NME): 12.655000000000001
