2026-07-19 17:03:35,837 [trainer.py] => config: exps/review/single_task_check/food101_ease.json
2026-07-19 17:03:35,837 [trainer.py] => dataset: food101
2026-07-19 17:03:35,837 [trainer.py] => memory_size: 0
2026-07-19 17:03:35,837 [trainer.py] => memory_per_class: 0
2026-07-19 17:03:35,837 [trainer.py] => fixed_memory: False
2026-07-19 17:03:35,837 [trainer.py] => shuffle: True
2026-07-19 17:03:35,837 [trainer.py] => init_cls: 6
2026-07-19 17:03:35,837 [trainer.py] => increment: 5
2026-07-19 17:03:35,837 [trainer.py] => seed: 1993
2026-07-19 17:03:35,837 [trainer.py] => scenario: cil
2026-07-19 17:03:35,837 [trainer.py] => stop_after_tasks: 1
2026-07-19 17:03:35,837 [trainer.py] => pretrained: True
2026-07-19 17:03:35,837 [trainer.py] => print_forget: True
2026-07-19 17:03:35,837 [trainer.py] => final_metrics: True
2026-07-19 17:03:35,837 [trainer.py] => backbone_type: vit_base_patch16_224_ease
2026-07-19 17:03:35,837 [trainer.py] => init_epochs: 20
2026-07-19 17:03:35,837 [trainer.py] => init_lr: 0.0005
2026-07-19 17:03:35,837 [trainer.py] => later_epochs: 20
2026-07-19 17:03:35,837 [trainer.py] => later_lr: 0.0005
2026-07-19 17:03:35,837 [trainer.py] => batch_size: 128
2026-07-19 17:03:35,837 [trainer.py] => weight_decay: 0.005
2026-07-19 17:03:35,837 [trainer.py] => min_lr: 0
2026-07-19 17:03:35,837 [trainer.py] => optimizer: adamw
2026-07-19 17:03:35,838 [trainer.py] => scheduler: cosine
2026-07-19 17:03:35,838 [trainer.py] => model_name: ease
2026-07-19 17:03:35,838 [trainer.py] => vpt_type: Deep
2026-07-19 17:03:35,838 [trainer.py] => prompt_token_num: 5
2026-07-19 17:03:35,838 [trainer.py] => ffn_num: 8
2026-07-19 17:03:35,838 [trainer.py] => use_diagonal: False
2026-07-19 17:03:35,838 [trainer.py] => recalc_sim: True
2026-07-19 17:03:35,838 [trainer.py] => alpha: 0.1
2026-07-19 17:03:35,838 [trainer.py] => use_init_ptm: False
2026-07-19 17:03:35,838 [trainer.py] => beta: 0
2026-07-19 17:03:35,838 [trainer.py] => use_old_data: False
2026-07-19 17:03:35,838 [trainer.py] => use_reweight: True
2026-07-19 17:03:35,838 [trainer.py] => moni_adam: False
2026-07-19 17:03:35,838 [trainer.py] => adapter_num: -1
2026-07-19 17:03:35,838 [trainer.py] => device: [device(type='cuda', index=4)]
2026-07-19 17:03:35,838 [trainer.py] => prefix: single_task_check_food101_ease
2026-07-19 17:03:36,115 [data_manager.py] => [68, 56, 78, 8, 23, 84, 90, 65, 74, 76, 40, 89, 3, 92, 55, 9, 26, 80, 43, 38, 58, 70, 77, 1, 85, 19, 17, 50, 28, 53, 13, 81, 45, 82, 6, 59, 83, 16, 15, 44, 91, 41, 72, 60, 79, 52, 20, 10, 31, 54, 37, 95, 14, 71, 96, 99, 98, 2, 64, 66, 42, 22, 35, 86, 24, 34, 87, 21, 100, 0, 88, 27, 18, 94, 11, 12, 47, 25, 30, 46, 62, 69, 36, 61, 7, 63, 75, 5, 32, 4, 51, 48, 73, 93, 39, 67, 29, 97, 49, 57, 33]
2026-07-19 17:03:39,303 [trainer.py] => stop_after_tasks=1 (of 20 total)
2026-07-19 17:03:39,304 [trainer.py] => All params: 85955424
2026-07-19 17:03:39,304 [trainer.py] => Trainable params: 156768
2026-07-19 17:03:39,311 [ease.py] => Learning on 0-6
2026-07-19 17:11:57,499 [ease.py] => Task 0, Epoch 20/20 => Loss 0.892, Train_accy 94.24
2026-07-19 17:12:16,569 [ease.py] => Task correct: 99.26666666666667
2026-07-19 17:12:16,569 [ease.py] => Task acc: 98.0
2026-07-19 17:12:16,587 [trainer.py] => No NME accuracy.
2026-07-19 17:12:16,587 [trainer.py] => CNN: {'total': 97.73, '00-05': 97.73, 'old': 0, 'new': 97.73}
2026-07-19 17:12:16,587 [trainer.py] => CNN top1 curve: [97.73]
2026-07-19 17:12:16,587 [trainer.py] => CNN top5 curve: [100.0]

2026-07-19 17:12:16,587 [trainer.py] => Average Accuracy (CNN): 97.73 

2026-07-19 17:12:16,587 [metrics_logger.py] => [metrics] Learner has no _deployed_forward; skipping inference-cost measurement
2026-07-19 17:12:16,588 [metrics_logger.py] => [metrics] wrote run_logs/final/ease/metrics_ease_food101_single_task_check_food101_ease_s1993.json
2026-07-19 17:12:16,589 [trainer.py] => Forgetting (CNN): nan
2026-07-19 17:12:16,589 [trainer.py] => Forgetting (NME): nan
