2026-07-18 23:44:58,167 [trainer.py] => config: exps/review/stream_smoke/cifar224_olora.json
2026-07-18 23:44:58,167 [trainer.py] => dataset: cifar224
2026-07-18 23:44:58,167 [trainer.py] => memory_size: 0
2026-07-18 23:44:58,167 [trainer.py] => memory_per_class: 0
2026-07-18 23:44:58,167 [trainer.py] => fixed_memory: False
2026-07-18 23:44:58,167 [trainer.py] => shuffle: True
2026-07-18 23:44:58,167 [trainer.py] => init_cls: 5
2026-07-18 23:44:58,167 [trainer.py] => increment: 5
2026-07-18 23:44:58,167 [trainer.py] => seed: 1993
2026-07-18 23:44:58,167 [trainer.py] => scenario: cil
2026-07-18 23:44:58,167 [trainer.py] => pretrained: True
2026-07-18 23:44:58,167 [trainer.py] => print_forget: True
2026-07-18 23:44:58,167 [trainer.py] => final_metrics: True
2026-07-18 23:44:58,167 [trainer.py] => backbone_type: vit_base_patch16_224_lora
2026-07-18 23:44:58,167 [trainer.py] => lora_rank: 8
2026-07-18 23:44:58,167 [trainer.py] => lora_alpha: 32
2026-07-18 23:44:58,167 [trainer.py] => tuned_epoch: 10
2026-07-18 23:44:58,167 [trainer.py] => init_lr: 0.0005
2026-07-18 23:44:58,167 [trainer.py] => batch_size: 48
2026-07-18 23:44:58,167 [trainer.py] => weight_decay: 0.0005
2026-07-18 23:44:58,167 [trainer.py] => min_lr: 0.0
2026-07-18 23:44:58,167 [trainer.py] => model_name: olora
2026-07-18 23:44:58,168 [trainer.py] => lora_merge: True
2026-07-18 23:44:58,168 [trainer.py] => lamda_1: 0.5
2026-07-18 23:44:58,168 [trainer.py] => lamda_2: 0.0
2026-07-18 23:44:58,168 [trainer.py] => device: [device(type='cuda', index=2)]
2026-07-18 23:44:58,168 [trainer.py] => prefix: stream_smoke_cifar224_olora
2026-07-18 23:44:58,168 [trainer.py] => boundary_mode: sample
2026-07-18 23:44:58,168 [trainer.py] => stream_budget_mb: 538.33
2026-07-18 23:44:58,168 [trainer.py] => stop_after_tasks: 5
2026-07-18 23:44:59,803 [data_manager.py] => [68, 56, 78, 8, 23, 84, 90, 65, 74, 76, 40, 89, 3, 92, 55, 9, 26, 80, 43, 38, 58, 70, 77, 1, 85, 19, 17, 50, 28, 53, 13, 81, 45, 82, 6, 59, 83, 16, 15, 44, 91, 41, 72, 60, 79, 52, 20, 10, 31, 54, 37, 95, 14, 71, 96, 98, 97, 2, 64, 66, 42, 22, 35, 86, 24, 34, 87, 21, 99, 0, 88, 27, 18, 94, 11, 12, 47, 25, 30, 46, 62, 69, 36, 61, 7, 63, 75, 5, 32, 4, 51, 48, 73, 93, 39, 67, 29, 49, 57, 33]
2026-07-18 23:45:03,651 [stream_mixin.py] => [stream] stop_after_tasks=5 (of 20 total)
2026-07-18 23:45:03,651 [stream_mixin.py] => [stream] adapter event every 3750 samples (memory constraint 538.33MB); eval after each fold on completed tasks
2026-07-18 23:48:18,078 [stream_mixin.py] => [stream eval] completed  1 | CIL 100.00 | TIL 100.00 | TIL/task [100.0]
2026-07-18 23:48:38,911 [stream_mixin.py] => [stream eval] completed  1 | CIL 100.00 | TIL 100.00 | TIL/task [100.0]
2026-07-18 23:49:11,052 [trainer.py] => config: exps/review/stream_smoke/cifar224_olora.json
2026-07-18 23:49:11,052 [trainer.py] => dataset: cifar224
2026-07-18 23:49:11,052 [trainer.py] => memory_size: 0
2026-07-18 23:49:11,052 [trainer.py] => memory_per_class: 0
2026-07-18 23:49:11,052 [trainer.py] => fixed_memory: False
2026-07-18 23:49:11,052 [trainer.py] => shuffle: True
2026-07-18 23:49:11,052 [trainer.py] => init_cls: 5
2026-07-18 23:49:11,052 [trainer.py] => increment: 5
2026-07-18 23:49:11,052 [trainer.py] => seed: 1993
2026-07-18 23:49:11,052 [trainer.py] => scenario: cil
2026-07-18 23:49:11,053 [trainer.py] => pretrained: True
2026-07-18 23:49:11,053 [trainer.py] => print_forget: True
2026-07-18 23:49:11,053 [trainer.py] => final_metrics: True
2026-07-18 23:49:11,053 [trainer.py] => backbone_type: vit_base_patch16_224_lora
2026-07-18 23:49:11,053 [trainer.py] => lora_rank: 8
2026-07-18 23:49:11,053 [trainer.py] => lora_alpha: 32
2026-07-18 23:49:11,053 [trainer.py] => tuned_epoch: 10
2026-07-18 23:49:11,053 [trainer.py] => init_lr: 0.0005
2026-07-18 23:49:11,053 [trainer.py] => batch_size: 48
2026-07-18 23:49:11,053 [trainer.py] => weight_decay: 0.0005
2026-07-18 23:49:11,053 [trainer.py] => min_lr: 0.0
2026-07-18 23:49:11,053 [trainer.py] => model_name: olora
2026-07-18 23:49:11,053 [trainer.py] => lora_merge: True
2026-07-18 23:49:11,053 [trainer.py] => lamda_1: 0.5
2026-07-18 23:49:11,053 [trainer.py] => lamda_2: 0.0
2026-07-18 23:49:11,053 [trainer.py] => device: [device(type='cuda', index=2)]
2026-07-18 23:49:11,053 [trainer.py] => prefix: stream_smoke_cifar224_olora
2026-07-18 23:49:11,053 [trainer.py] => boundary_mode: sample
2026-07-18 23:49:11,053 [trainer.py] => stream_budget_mb: 538.33
2026-07-18 23:49:11,053 [trainer.py] => stop_after_tasks: 5
2026-07-18 23:49:12,698 [data_manager.py] => [68, 56, 78, 8, 23, 84, 90, 65, 74, 76, 40, 89, 3, 92, 55, 9, 26, 80, 43, 38, 58, 70, 77, 1, 85, 19, 17, 50, 28, 53, 13, 81, 45, 82, 6, 59, 83, 16, 15, 44, 91, 41, 72, 60, 79, 52, 20, 10, 31, 54, 37, 95, 14, 71, 96, 98, 97, 2, 64, 66, 42, 22, 35, 86, 24, 34, 87, 21, 99, 0, 88, 27, 18, 94, 11, 12, 47, 25, 30, 46, 62, 69, 36, 61, 7, 63, 75, 5, 32, 4, 51, 48, 73, 93, 39, 67, 29, 49, 57, 33]
2026-07-18 23:49:16,714 [stream_mixin.py] => [stream] stop_after_tasks=5 (of 20 total)
2026-07-18 23:49:16,714 [stream_mixin.py] => [stream] adapter event every 3750 samples (memory constraint 538.33MB); eval after each fold on completed tasks
2026-07-18 23:52:33,443 [stream_mixin.py] => [stream eval] completed  1 | CIL 100.00 | TIL 100.00 | TIL/task [100.0]
2026-07-18 23:55:16,722 [stream_mixin.py] => [stream eval] completed  2 | CIL 97.00 | TIL 99.30 | TIL/task [99.8, 98.8]
2026-07-18 23:58:21,543 [stream_mixin.py] => [stream eval] completed  3 | CIL 93.47 | TIL 99.07 | TIL/task [99.8, 98.4, 99.0]
