2026-07-18 23:44:58,177 [trainer.py] => config: exps/review/stream_smoke/cifar224_progprompt.json
2026-07-18 23:44:58,177 [trainer.py] => dataset: cifar224
2026-07-18 23:44:58,177 [trainer.py] => memory_size: 0
2026-07-18 23:44:58,177 [trainer.py] => memory_per_class: 0
2026-07-18 23:44:58,177 [trainer.py] => fixed_memory: False
2026-07-18 23:44:58,177 [trainer.py] => shuffle: True
2026-07-18 23:44:58,177 [trainer.py] => init_cls: 5
2026-07-18 23:44:58,177 [trainer.py] => increment: 5
2026-07-18 23:44:58,177 [trainer.py] => seed: 1993
2026-07-18 23:44:58,177 [trainer.py] => scenario: cil
2026-07-18 23:44:58,177 [trainer.py] => pretrained: True
2026-07-18 23:44:58,177 [trainer.py] => print_forget: True
2026-07-18 23:44:58,177 [trainer.py] => final_metrics: True
2026-07-18 23:44:58,177 [trainer.py] => backbone_type: vit_base_patch16_224_progprompt
2026-07-18 23:44:58,177 [trainer.py] => tuned_epoch: 5
2026-07-18 23:44:58,177 [trainer.py] => init_lr: 0.0015
2026-07-18 23:44:58,177 [trainer.py] => batch_size: 48
2026-07-18 23:44:58,177 [trainer.py] => weight_decay: 0.0
2026-07-18 23:44:58,177 [trainer.py] => min_lr: 0.0
2026-07-18 23:44:58,177 [trainer.py] => model_name: progprompt
2026-07-18 23:44:58,177 [trainer.py] => prompt_len: 10
2026-07-18 23:44:58,178 [trainer.py] => device: [device(type='cuda', index=1)]
2026-07-18 23:44:58,178 [trainer.py] => prefix: stream_smoke_cifar224_progprompt
2026-07-18 23:44:58,178 [trainer.py] => boundary_mode: sample
2026-07-18 23:44:58,178 [trainer.py] => stream_budget_mb: 538.33
2026-07-18 23:44:58,178 [trainer.py] => stop_after_tasks: 5
2026-07-18 23:44:59,817 [data_manager.py] => [68, 56, 78, 8, 23, 84, 90, 65, 74, 76, 40, 89, 3, 92, 55, 9, 26, 80, 43, 38, 58, 70, 77, 1, 85, 19, 17, 50, 28, 53, 13, 81, 45, 82, 6, 59, 83, 16, 15, 44, 91, 41, 72, 60, 79, 52, 20, 10, 31, 54, 37, 95, 14, 71, 96, 98, 97, 2, 64, 66, 42, 22, 35, 86, 24, 34, 87, 21, 99, 0, 88, 27, 18, 94, 11, 12, 47, 25, 30, 46, 62, 69, 36, 61, 7, 63, 75, 5, 32, 4, 51, 48, 73, 93, 39, 67, 29, 49, 57, 33]
2026-07-18 23:45:03,405 [stream_mixin.py] => [stream] stop_after_tasks=5 (of 20 total)
2026-07-18 23:45:03,405 [stream_mixin.py] => [stream] adapter event every 3750 samples (memory constraint 538.33MB); eval after each fold on completed tasks
2026-07-18 23:46:30,049 [stream_mixin.py] => [stream eval] completed  1 | CIL 98.40 | TIL 98.00 | TIL/task [98.0]
2026-07-18 23:46:50,923 [stream_mixin.py] => [stream eval] completed  1 | CIL 36.20 | TIL 36.20 | TIL/task [36.2]
2026-07-18 23:47:31,315 [stream_mixin.py] => [stream eval] completed  1 | CIL 41.80 | TIL 36.20 | TIL/task [36.2]
2026-07-18 23:47:55,156 [stream_mixin.py] => [stream eval] completed  1 | CIL 43.00 | TIL 36.20 | TIL/task [36.2]
2026-07-18 23:48:45,713 [stream_mixin.py] => [stream eval] completed  2 | CIL 28.50 | TIL 46.60 | TIL/task [36.2, 57.0]
2026-07-18 23:49:11,032 [trainer.py] => config: exps/review/stream_smoke/cifar224_progprompt.json
2026-07-18 23:49:11,032 [trainer.py] => dataset: cifar224
2026-07-18 23:49:11,032 [trainer.py] => memory_size: 0
2026-07-18 23:49:11,032 [trainer.py] => memory_per_class: 0
2026-07-18 23:49:11,032 [trainer.py] => fixed_memory: False
2026-07-18 23:49:11,032 [trainer.py] => shuffle: True
2026-07-18 23:49:11,032 [trainer.py] => init_cls: 5
2026-07-18 23:49:11,032 [trainer.py] => increment: 5
2026-07-18 23:49:11,032 [trainer.py] => seed: 1993
2026-07-18 23:49:11,032 [trainer.py] => scenario: cil
2026-07-18 23:49:11,033 [trainer.py] => pretrained: True
2026-07-18 23:49:11,033 [trainer.py] => print_forget: True
2026-07-18 23:49:11,033 [trainer.py] => final_metrics: True
2026-07-18 23:49:11,033 [trainer.py] => backbone_type: vit_base_patch16_224_progprompt
2026-07-18 23:49:11,033 [trainer.py] => tuned_epoch: 5
2026-07-18 23:49:11,033 [trainer.py] => init_lr: 0.0015
2026-07-18 23:49:11,033 [trainer.py] => batch_size: 48
2026-07-18 23:49:11,033 [trainer.py] => weight_decay: 0.0
2026-07-18 23:49:11,033 [trainer.py] => min_lr: 0.0
2026-07-18 23:49:11,033 [trainer.py] => model_name: progprompt
2026-07-18 23:49:11,033 [trainer.py] => prompt_len: 10
2026-07-18 23:49:11,033 [trainer.py] => device: [device(type='cuda', index=1)]
2026-07-18 23:49:11,033 [trainer.py] => prefix: stream_smoke_cifar224_progprompt
2026-07-18 23:49:11,033 [trainer.py] => boundary_mode: sample
2026-07-18 23:49:11,033 [trainer.py] => stream_budget_mb: 538.33
2026-07-18 23:49:11,033 [trainer.py] => stop_after_tasks: 5
2026-07-18 23:49:12,676 [data_manager.py] => [68, 56, 78, 8, 23, 84, 90, 65, 74, 76, 40, 89, 3, 92, 55, 9, 26, 80, 43, 38, 58, 70, 77, 1, 85, 19, 17, 50, 28, 53, 13, 81, 45, 82, 6, 59, 83, 16, 15, 44, 91, 41, 72, 60, 79, 52, 20, 10, 31, 54, 37, 95, 14, 71, 96, 98, 97, 2, 64, 66, 42, 22, 35, 86, 24, 34, 87, 21, 99, 0, 88, 27, 18, 94, 11, 12, 47, 25, 30, 46, 62, 69, 36, 61, 7, 63, 75, 5, 32, 4, 51, 48, 73, 93, 39, 67, 29, 49, 57, 33]
2026-07-18 23:49:16,426 [stream_mixin.py] => [stream] stop_after_tasks=5 (of 20 total)
2026-07-18 23:49:16,426 [stream_mixin.py] => [stream] adapter event every 3750 samples (memory constraint 538.33MB); eval after each fold on completed tasks
2026-07-18 23:50:44,944 [stream_mixin.py] => [stream eval] completed  1 | CIL 98.40 | TIL 98.00 | TIL/task [98.0]
2026-07-18 23:52:50,559 [stream_mixin.py] => [stream eval] completed  2 | CIL 18.70 | TIL 35.80 | TIL/task [36.2, 35.4]
2026-07-18 23:54:32,209 [stream_mixin.py] => [stream eval] completed  3 | CIL 15.60 | TIL 34.47 | TIL/task [36.2, 35.4, 31.8]
2026-07-18 23:56:53,343 [stream_mixin.py] => [stream eval] completed  4 | CIL 5.00 | TIL 37.70 | TIL/task [36.2, 35.4, 46.6, 32.6]
2026-07-19 00:00:42,431 [stream_mixin.py] => [stream eval] completed  5 | CIL 6.44 | TIL 49.08 | TIL/task [36.2, 35.4, 46.6, 49.2, 78.0]
2026-07-19 00:00:42,431 [trainer.py] => [stream] completed-task checkpoints: [1, 2, 3, 4, 5]
2026-07-19 00:00:42,431 [trainer.py] => [stream] CIL curve: [98.4, 18.7, 15.6, 5.0, 6.44]
2026-07-19 00:00:42,431 [trainer.py] => [stream] TIL curve: [98.0, 35.8, 34.47, 37.7, 49.08]
2026-07-19 00:00:42,431 [trainer.py] => [stream] FINAL  CIL 6.44 | TIL 49.08  (over 5 tasks)
