2026-07-19 23:49:44,787 [trainer.py] => config: exps/review/budget250mb_check/imagenetr_sketchlora.json
2026-07-19 23:49:44,787 [trainer.py] => dataset: imagenetr
2026-07-19 23:49:44,787 [trainer.py] => memory_size: 0
2026-07-19 23:49:44,787 [trainer.py] => memory_per_class: 0
2026-07-19 23:49:44,787 [trainer.py] => fixed_memory: False
2026-07-19 23:49:44,787 [trainer.py] => shuffle: True
2026-07-19 23:49:44,787 [trainer.py] => init_cls: 10
2026-07-19 23:49:44,787 [trainer.py] => increment: 10
2026-07-19 23:49:44,787 [trainer.py] => seed: 1993
2026-07-19 23:49:44,787 [trainer.py] => scenario: cil
2026-07-19 23:49:44,787 [trainer.py] => pretrained: True
2026-07-19 23:49:44,787 [trainer.py] => print_forget: True
2026-07-19 23:49:44,787 [trainer.py] => backbone_type: vit_base_patch16_224_lora
2026-07-19 23:49:44,787 [trainer.py] => lora_rank: 8
2026-07-19 23:49:44,788 [trainer.py] => lora_alpha: 32
2026-07-19 23:49:44,788 [trainer.py] => tuned_epoch: 10
2026-07-19 23:49:44,788 [trainer.py] => init_lr: 0.0003
2026-07-19 23:49:44,788 [trainer.py] => batch_size: 48
2026-07-19 23:49:44,788 [trainer.py] => weight_decay: 0.0005
2026-07-19 23:49:44,788 [trainer.py] => min_lr: 0.0
2026-07-19 23:49:44,788 [trainer.py] => model_name: sketchlora
2026-07-19 23:49:44,788 [trainer.py] => lora_merge: True
2026-07-19 23:49:44,788 [trainer.py] => lora_train_merge: True
2026-07-19 23:49:44,788 [trainer.py] => svd_rank: 8
2026-07-19 23:49:44,788 [trainer.py] => svd_oversampling: 10
2026-07-19 23:49:44,788 [trainer.py] => svd_energy_target: 0.01
2026-07-19 23:49:44,788 [trainer.py] => lora_n_slots: 2
2026-07-19 23:49:44,788 [trainer.py] => device: [device(type='cuda', index=0)]
2026-07-19 23:49:44,788 [trainer.py] => prefix: budget250mb_check_imagenetr_sketchlora
2026-07-19 23:49:44,788 [trainer.py] => boundary_mode: sample
2026-07-19 23:49:44,788 [trainer.py] => stream_budget_mb: 250
2026-07-19 23:49:44,788 [trainer.py] => stop_after_tasks: 5
2026-07-19 23:49:44,876 [data_manager.py] => [168, 136, 51, 9, 183, 101, 171, 99, 42, 159, 191, 70, 16, 188, 27, 10, 175, 26, 68, 187, 98, 6, 85, 35, 112, 43, 100, 0, 103, 181, 88, 59, 4, 2, 116, 174, 94, 80, 106, 1, 147, 17, 141, 131, 72, 23, 173, 54, 197, 118, 87, 32, 79, 104, 91, 19, 135, 107, 178, 36, 11, 199, 142, 8, 122, 3, 28, 57, 153, 172, 190, 56, 49, 44, 97, 62, 151, 169, 194, 55, 192, 12, 189, 78, 66, 180, 15, 137, 109, 134, 92, 119, 126, 52, 170, 40, 148, 65, 144, 64, 138, 45, 77, 89, 154, 90, 71, 193, 74, 30, 113, 143, 96, 84, 67, 50, 186, 156, 69, 21, 18, 111, 108, 58, 125, 157, 150, 110, 182, 129, 166, 83, 81, 60, 13, 165, 14, 176, 63, 117, 5, 22, 145, 121, 38, 41, 82, 127, 114, 20, 31, 53, 37, 163, 196, 130, 152, 162, 86, 76, 24, 34, 184, 149, 33, 128, 198, 155, 146, 167, 139, 120, 140, 102, 47, 25, 158, 123, 46, 164, 61, 7, 115, 75, 133, 160, 105, 132, 179, 124, 48, 73, 93, 39, 95, 195, 29, 177, 185, 161]
2026-07-19 23:49:47,572 [stream_mixin.py] => [stream] stop_after_tasks=5 (of 20 total)
2026-07-19 23:49:47,575 [stream_mixin.py] => [stream] unique-image budget 1741 images (250.0MB); 6492 total images, 5 tasks -> 4 chunks
2026-07-19 23:51:43,197 [sketchlora.py] => [SketchDiag] task 0: retained-energy mean=0.998 min=0.991 | ||ΔW||_F mean=0.248 | r_hat mean=7.5 total=179
2026-07-19 23:51:44,841 [stream_mixin.py] => [stream eval] completed  1 | chunk   1 | CIL 94.30
2026-07-19 23:53:39,562 [sketchlora.py] => [SketchDiag] task 1: retained-energy mean=0.995 min=0.990 | ||ΔW||_F mean=0.345 | r_hat mean=14.3 total=343
2026-07-19 23:53:43,293 [stream_mixin.py] => [stream eval] completed  2 | chunk   1 | CIL 90.00
2026-07-19 23:55:38,574 [sketchlora.py] => [SketchDiag] task 2: retained-energy mean=0.993 min=0.990 | ||ΔW||_F mean=0.419 | r_hat mean=20.6 total=495
2026-07-19 23:55:43,996 [stream_mixin.py] => [stream eval] completed  3 | chunk   1 | CIL 87.99
2026-07-19 23:57:09,938 [sketchlora.py] => [SketchDiag] task 3: retained-energy mean=0.992 min=0.990 | ||ΔW||_F mean=0.472 | r_hat mean=26.3 total=631
2026-07-19 23:57:19,007 [stream_mixin.py] => [stream eval] completed  5 | chunk   1 | CIL 79.60
2026-07-19 23:57:19,007 [trainer.py] => [stream] completed-task checkpoints: [1, 2, 3, 5]
2026-07-19 23:57:19,008 [trainer.py] => [stream] CIL curve: [94.3, 90.0, 87.99, 79.6]
2026-07-19 23:57:19,008 [trainer.py] => [stream] FINAL  CIL 79.60  (over 5 tasks) -- TIL not computed (meaningless in the memory-increment setup)
