2026-07-18 18:30:09,153 [trainer.py] => config: exps/review/budget100mb_imr5/sketchlora.json
2026-07-18 18:30:09,154 [trainer.py] => dataset: imagenetr
2026-07-18 18:30:09,154 [trainer.py] => memory_size: 0
2026-07-18 18:30:09,154 [trainer.py] => memory_per_class: 0
2026-07-18 18:30:09,154 [trainer.py] => fixed_memory: False
2026-07-18 18:30:09,154 [trainer.py] => shuffle: True
2026-07-18 18:30:09,154 [trainer.py] => init_cls: 10
2026-07-18 18:30:09,154 [trainer.py] => increment: 10
2026-07-18 18:30:09,154 [trainer.py] => seed: 1993
2026-07-18 18:30:09,154 [trainer.py] => scenario: cil
2026-07-18 18:30:09,154 [trainer.py] => pretrained: True
2026-07-18 18:30:09,154 [trainer.py] => print_forget: True
2026-07-18 18:30:09,154 [trainer.py] => final_metrics: True
2026-07-18 18:30:09,154 [trainer.py] => backbone_type: vit_base_patch16_224_lora
2026-07-18 18:30:09,154 [trainer.py] => lora_rank: 8
2026-07-18 18:30:09,154 [trainer.py] => lora_alpha: 32
2026-07-18 18:30:09,154 [trainer.py] => tuned_epoch: 10
2026-07-18 18:30:09,154 [trainer.py] => init_lr: 0.0005
2026-07-18 18:30:09,154 [trainer.py] => batch_size: 48
2026-07-18 18:30:09,154 [trainer.py] => weight_decay: 0.0005
2026-07-18 18:30:09,154 [trainer.py] => min_lr: 0.0
2026-07-18 18:30:09,154 [trainer.py] => model_name: sketchlora
2026-07-18 18:30:09,155 [trainer.py] => lora_merge: True
2026-07-18 18:30:09,155 [trainer.py] => lora_train_merge: True
2026-07-18 18:30:09,155 [trainer.py] => svd_rank: 8
2026-07-18 18:30:09,155 [trainer.py] => svd_oversampling: 10
2026-07-18 18:30:09,155 [trainer.py] => svd_energy_target: 0.01
2026-07-18 18:30:09,155 [trainer.py] => lora_n_slots: 2
2026-07-18 18:30:09,155 [trainer.py] => device: [device(type='cuda', index=0)]
2026-07-18 18:30:09,155 [trainer.py] => prefix: budget100mb_imr5_sketchlora
2026-07-18 18:30:09,155 [trainer.py] => boundary_mode: budget
2026-07-18 18:30:09,155 [trainer.py] => budget_mb: 100
2026-07-18 18:30:09,155 [trainer.py] => stop_after_tasks: 5
2026-07-18 18:30:09,244 [data_manager.py] => [168, 136, 51, 9, 183, 101, 171, 99, 42, 159, 191, 70, 16, 188, 27, 10, 175, 26, 68, 187, 98, 6, 85, 35, 112, 43, 100, 0, 103, 181, 88, 59, 4, 2, 116, 174, 94, 80, 106, 1, 147, 17, 141, 131, 72, 23, 173, 54, 197, 118, 87, 32, 79, 104, 91, 19, 135, 107, 178, 36, 11, 199, 142, 8, 122, 3, 28, 57, 153, 172, 190, 56, 49, 44, 97, 62, 151, 169, 194, 55, 192, 12, 189, 78, 66, 180, 15, 137, 109, 134, 92, 119, 126, 52, 170, 40, 148, 65, 144, 64, 138, 45, 77, 89, 154, 90, 71, 193, 74, 30, 113, 143, 96, 84, 67, 50, 186, 156, 69, 21, 18, 111, 108, 58, 125, 157, 150, 110, 182, 129, 166, 83, 81, 60, 13, 165, 14, 176, 63, 117, 5, 22, 145, 121, 38, 41, 82, 127, 114, 20, 31, 53, 37, 163, 196, 130, 152, 162, 86, 76, 24, 34, 184, 149, 33, 128, 198, 155, 146, 167, 139, 120, 140, 102, 47, 25, 158, 123, 46, 164, 61, 7, 115, 75, 133, 160, 105, 132, 179, 124, 48, 73, 93, 39, 95, 195, 29, 177, 185, 161]
2026-07-18 18:30:09,413 [budget_stream.py] => [budget-stream] 100MB budget -> 35 chunks, 697 images/chunk (last=378), new-classes/chunk min=2 max=8 mean=5.71
2026-07-18 18:30:09,413 [trainer.py] => [budget] dataset=imagenetr budget=100MB -> 35 memory-chunks (seed 1993)
2026-07-18 18:30:11,895 [trainer.py] => stop_after_tasks=5 (of 35 total)
2026-07-18 18:30:12,521 [trainer.py] => All params: 86388480
2026-07-18 18:30:12,521 [trainer.py] => Trainable params: 589824
2026-07-18 18:30:12,849 [lora.py] => Learning on 0-6
2026-07-18 18:30:12,851 [lora.py] => Trainable params this task: 299,526 / 86,393,094
2026-07-18 18:31:01,070 [lora.py] => Task 0 finished. Train_accy 94.12
2026-07-18 18:31:04,032 [sketchlora.py] => [SketchDiag] task 0: retained-energy mean=0.999 min=0.991 | ||ΔW||_F mean=0.248 | r_hat mean=7.7 total=185
2026-07-18 18:31:05,302 [trainer.py] => No NME accuracy.
2026-07-18 18:31:05,302 [trainer.py] => CNN: {'total': 93.82, '00-09': 93.82, 'old': 0, 'new': 93.82}
2026-07-18 18:31:05,302 [trainer.py] => CNN top1 curve: [93.82]
2026-07-18 18:31:05,302 [trainer.py] => CNN top5 curve: [100.0]

2026-07-18 18:31:05,302 [trainer.py] => Average Accuracy (CNN): 93.82 

2026-07-18 18:31:05,303 [trainer.py] => All params: 86382342
2026-07-18 18:31:05,304 [trainer.py] => Trainable params: 299526
2026-07-18 18:31:05,305 [lora.py] => Learning on 6-11
2026-07-18 18:31:05,307 [lora.py] => Trainable params this task: 303,371 / 86,386,187
2026-07-18 18:31:54,108 [lora.py] => Task 1 finished. Train_accy 94.98
2026-07-18 18:31:56,842 [sketchlora.py] => [SketchDiag] task 1: retained-energy mean=0.996 min=0.990 | ||ΔW||_F mean=0.336 | r_hat mean=14.8 total=354
2026-07-18 18:31:58,707 [trainer.py] => No NME accuracy.
2026-07-18 18:31:58,707 [trainer.py] => CNN: {'total': 86.85, '00-09': 86.71, 'old': 80.34, 'new': 93.05}
2026-07-18 18:31:58,707 [trainer.py] => CNN top1 curve: [93.82, 86.85]
2026-07-18 18:31:58,707 [trainer.py] => CNN top5 curve: [100.0, 99.18]

2026-07-18 18:31:58,707 [trainer.py] => Average Accuracy (CNN): 90.335 

2026-07-18 18:31:58,708 [trainer.py] => All params: 86645771
2026-07-18 18:31:58,709 [trainer.py] => Trainable params: 303371
2026-07-18 18:31:58,710 [lora.py] => Learning on 11-15
2026-07-18 18:31:58,712 [lora.py] => Trainable params this task: 306,447 / 86,648,847
2026-07-18 18:32:47,791 [lora.py] => Task 2 finished. Train_accy 95.41
2026-07-18 18:32:50,658 [sketchlora.py] => [SketchDiag] task 2: retained-energy mean=0.993 min=0.990 | ||ΔW||_F mean=0.415 | r_hat mean=21.2 total=509
2026-07-18 18:32:53,072 [trainer.py] => No NME accuracy.
2026-07-18 18:32:53,072 [trainer.py] => CNN: {'total': 79.89, '00-09': 67.72, '10-19': 96.54, 'old': 70.96, 'new': 97.8}
2026-07-18 18:32:53,072 [trainer.py] => CNN top1 curve: [93.82, 86.85, 79.89]
2026-07-18 18:32:53,072 [trainer.py] => CNN top5 curve: [100.0, 99.18, 97.99]

2026-07-18 18:32:53,072 [trainer.py] => Average Accuracy (CNN): 86.85333333333334 

2026-07-18 18:32:53,073 [trainer.py] => All params: 86886927
2026-07-18 18:32:53,074 [trainer.py] => Trainable params: 306447
2026-07-18 18:32:53,075 [lora.py] => Learning on 15-20
2026-07-18 18:32:53,077 [lora.py] => Trainable params this task: 310,292 / 86,890,772
2026-07-18 18:33:41,857 [lora.py] => Task 3 finished. Train_accy 96.70
2026-07-18 18:33:44,829 [sketchlora.py] => [SketchDiag] task 3: retained-energy mean=0.992 min=0.990 | ||ΔW||_F mean=0.478 | r_hat mean=27.1 total=650
2026-07-18 18:33:47,669 [trainer.py] => No NME accuracy.
2026-07-18 18:33:47,670 [trainer.py] => CNN: {'total': 79.13, '00-09': 64.56, '10-19': 91.44, 'old': 75.87, 'new': 91.61}
2026-07-18 18:33:47,670 [trainer.py] => CNN top1 curve: [93.82, 86.85, 79.89, 79.13]
2026-07-18 18:33:47,670 [trainer.py] => CNN top5 curve: [100.0, 99.18, 97.99, 97.25]

2026-07-18 18:33:47,670 [trainer.py] => Average Accuracy (CNN): 84.9225 

2026-07-18 18:33:47,671 [trainer.py] => All params: 87107348
2026-07-18 18:33:47,671 [trainer.py] => Trainable params: 310292
2026-07-18 18:33:47,672 [lora.py] => Learning on 20-27
2026-07-18 18:33:47,674 [lora.py] => Trainable params this task: 315,675 / 87,112,731
2026-07-18 18:34:36,852 [lora.py] => Task 4 finished. Train_accy 92.11
2026-07-18 18:34:39,910 [sketchlora.py] => [SketchDiag] task 4: retained-energy mean=0.993 min=0.990 | ||ΔW||_F mean=0.540 | r_hat mean=32.7 total=785
2026-07-18 18:34:43,344 [trainer.py] => No NME accuracy.
2026-07-18 18:34:43,344 [trainer.py] => CNN: {'total': 72.18, '00-09': 50.95, '10-19': 79.41, '20-29': 93.58, 'old': 66.38, 'new': 93.58}
2026-07-18 18:34:43,344 [trainer.py] => CNN top1 curve: [93.82, 86.85, 79.89, 79.13, 72.18]
2026-07-18 18:34:43,344 [trainer.py] => CNN top5 curve: [100.0, 99.18, 97.99, 97.25, 93.16]

2026-07-18 18:34:43,344 [trainer.py] => Average Accuracy (CNN): 82.374 

2026-07-18 18:34:45,607 [metrics_logger.py] => [metrics] wrote run_logs/final/sketchlora/metrics_sketchlora_imagenetr_budget100mb_imr5_sketchlora_s1993.json
2026-07-18 18:34:45,608 [trainer.py] => Forgetting (CNN): 15.0
2026-07-18 18:34:45,608 [trainer.py] => Forgetting (NME): 15.0
