2026-07-01 23:45:34,821 [trainer.py] => config: ./exps/svdlora_inr20t_task_eps0200_s1993.json
2026-07-01 23:45:34,821 [trainer.py] => dataset: imagenetr
2026-07-01 23:45:34,821 [trainer.py] => memory_size: 0
2026-07-01 23:45:34,821 [trainer.py] => memory_per_class: 0
2026-07-01 23:45:34,822 [trainer.py] => fixed_memory: False
2026-07-01 23:45:34,822 [trainer.py] => shuffle: True
2026-07-01 23:45:34,822 [trainer.py] => init_cls: 10
2026-07-01 23:45:34,822 [trainer.py] => increment: 10
2026-07-01 23:45:34,822 [trainer.py] => backbone_type: vit_base_patch16_224_lora
2026-07-01 23:45:34,822 [trainer.py] => device: [device(type='cuda', index=0)]
2026-07-01 23:45:34,822 [trainer.py] => seed: 1993
2026-07-01 23:45:34,822 [trainer.py] => scenario: both
2026-07-01 23:45:34,822 [trainer.py] => lora_rank: 8
2026-07-01 23:45:34,822 [trainer.py] => tuned_epoch: 10
2026-07-01 23:45:34,822 [trainer.py] => init_lr: 0.0003
2026-07-01 23:45:34,822 [trainer.py] => batch_size: 48
2026-07-01 23:45:34,822 [trainer.py] => weight_decay: 0.0005
2026-07-01 23:45:34,822 [trainer.py] => min_lr: 0.0
2026-07-01 23:45:34,822 [trainer.py] => pretrained: True
2026-07-01 23:45:34,822 [trainer.py] => print_forget: True
2026-07-01 23:45:34,822 [trainer.py] => model_name: sketchlora
2026-07-01 23:45:34,822 [trainer.py] => lora_alpha: 32
2026-07-01 23:45:34,822 [trainer.py] => lora_merge: True
2026-07-01 23:45:34,822 [trainer.py] => lora_train_merge: True
2026-07-01 23:45:34,822 [trainer.py] => svd_rank: 8
2026-07-01 23:45:34,822 [trainer.py] => svd_oversampling: 10
2026-07-01 23:45:34,822 [trainer.py] => svd_energy_target: 0.02
2026-07-01 23:45:34,822 [trainer.py] => lora_n_slots: 2
2026-07-01 23:45:34,822 [trainer.py] => prefix: inr20t_task_eps0200
2026-07-01 23:45:34,902 [data_manager.py] => [168, 136, 51, 9, 183, 101, 171, 99, 42, 159, 191, 70, 16, 188, 27, 10, 175, 26, 68, 187, 98, 6, 85, 35, 112, 43, 100, 0, 103, 181, 88, 59, 4, 2, 116, 174, 94, 80, 106, 1, 147, 17, 141, 131, 72, 23, 173, 54, 197, 118, 87, 32, 79, 104, 91, 19, 135, 107, 178, 36, 11, 199, 142, 8, 122, 3, 28, 57, 153, 172, 190, 56, 49, 44, 97, 62, 151, 169, 194, 55, 192, 12, 189, 78, 66, 180, 15, 137, 109, 134, 92, 119, 126, 52, 170, 40, 148, 65, 144, 64, 138, 45, 77, 89, 154, 90, 71, 193, 74, 30, 113, 143, 96, 84, 67, 50, 186, 156, 69, 21, 18, 111, 108, 58, 125, 157, 150, 110, 182, 129, 166, 83, 81, 60, 13, 165, 14, 176, 63, 117, 5, 22, 145, 121, 38, 41, 82, 127, 114, 20, 31, 53, 37, 163, 196, 130, 152, 162, 86, 76, 24, 34, 184, 149, 33, 128, 198, 155, 146, 167, 139, 120, 140, 102, 47, 25, 158, 123, 46, 164, 61, 7, 115, 75, 133, 160, 105, 132, 179, 124, 48, 73, 93, 39, 95, 195, 29, 177, 185, 161]
2026-07-01 23:45:37,495 [trainer.py] => All params: 86388480
2026-07-01 23:45:37,496 [trainer.py] => Trainable params: 589824
2026-07-01 23:45:38,202 [lora.py] => Learning on 0-10
2026-07-01 23:45:38,204 [lora.py] => Trainable params this task: 302,602 / 86,396,170
2026-07-01 23:47:00,579 [lora.py] => Task 0 finished. Train_accy 92.09
2026-07-01 23:47:03,356 [sketchlora.py] => [SketchDiag] task 0: retained-energy mean=0.991 min=0.981 | ||ΔW||_F mean=0.209 | r_hat mean=7.0 total=168
2026-07-01 23:47:06,519 [til_base.py] => TIL top1: 93.67
2026-07-01 23:47:06,519 [til_base.py] => CIL top1: 93.67 | TIL top1: 93.67
2026-07-01 23:47:06,519 [trainer.py] => No NME accuracy.
2026-07-01 23:47:06,519 [trainer.py] => CNN: {'total': np.float64(93.67), '00-09': np.float64(93.67), 'old': 0, 'new': np.float64(93.67)}
2026-07-01 23:47:06,519 [trainer.py] => CNN top1 curve: [np.float64(93.67)]
2026-07-01 23:47:06,519 [trainer.py] => CNN top5 curve: [np.float64(99.68)]

2026-07-01 23:47:06,519 [trainer.py] => Average Accuracy (CNN): 93.67 

2026-07-01 23:47:06,520 [trainer.py] => All params: 86359306
2026-07-01 23:47:06,520 [trainer.py] => Trainable params: 302602
2026-07-01 23:47:06,521 [lora.py] => Learning on 10-20
2026-07-01 23:47:06,523 [lora.py] => Trainable params this task: 310,292 / 86,366,996
2026-07-01 23:48:42,367 [lora.py] => Task 1 finished. Train_accy 93.52
2026-07-01 23:48:44,917 [sketchlora.py] => [SketchDiag] task 1: retained-energy mean=0.985 min=0.980 | ||ΔW||_F mean=0.309 | r_hat mean=13.0 total=311
2026-07-01 23:48:51,197 [til_base.py] => TIL top1: 90.72
2026-07-01 23:48:51,198 [til_base.py] => CIL top1: 84.35 | TIL top1: 90.72
2026-07-01 23:48:51,198 [trainer.py] => No NME accuracy.
2026-07-01 23:48:51,198 [trainer.py] => CNN: {'total': np.float64(84.35), '00-09': np.float64(71.52), '10-19': np.float64(95.19), 'old': np.float64(71.52), 'new': np.float64(95.19)}
2026-07-01 23:48:51,198 [trainer.py] => CNN top1 curve: [np.float64(93.67), np.float64(84.35)]
2026-07-01 23:48:51,198 [trainer.py] => CNN top5 curve: [np.float64(99.68), np.float64(96.52)]

2026-07-01 23:48:51,198 [trainer.py] => Average Accuracy (CNN): 89.00999999999999 

2026-07-01 23:48:51,200 [trainer.py] => All params: 86586644
2026-07-01 23:48:51,201 [trainer.py] => Trainable params: 310292
2026-07-01 23:48:51,203 [lora.py] => Learning on 20-30
2026-07-01 23:48:51,207 [lora.py] => Trainable params this task: 317,982 / 86,594,334
2026-07-01 23:50:09,914 [lora.py] => Task 2 finished. Train_accy 90.91
2026-07-01 23:50:12,700 [sketchlora.py] => [SketchDiag] task 2: retained-energy mean=0.986 min=0.980 | ||ΔW||_F mean=0.378 | r_hat mean=18.2 total=438
2026-07-01 23:50:21,485 [til_base.py] => TIL top1: 90.21
2026-07-01 23:50:21,486 [til_base.py] => CIL top1: 76.49 | TIL top1: 90.21
2026-07-01 23:50:21,486 [trainer.py] => No NME accuracy.
2026-07-01 23:50:21,486 [trainer.py] => CNN: {'total': np.float64(76.49), '00-09': np.float64(51.9), '10-19': np.float64(87.97), '20-29': np.float64(88.04), 'old': np.float64(71.45), 'new': np.float64(88.04)}
2026-07-01 23:50:21,486 [trainer.py] => CNN top1 curve: [np.float64(93.67), np.float64(84.35), np.float64(76.49)]
2026-07-01 23:50:21,486 [trainer.py] => CNN top5 curve: [np.float64(99.68), np.float64(96.52), np.float64(93.04)]

2026-07-01 23:50:21,486 [trainer.py] => Average Accuracy (CNN): 84.83666666666666 

2026-07-01 23:50:21,487 [trainer.py] => All params: 86789406
2026-07-01 23:50:21,487 [trainer.py] => Trainable params: 317982
2026-07-01 23:50:21,488 [lora.py] => Learning on 30-40
2026-07-01 23:50:21,490 [lora.py] => Trainable params this task: 325,672 / 86,797,096
2026-07-01 23:51:47,489 [lora.py] => Task 3 finished. Train_accy 91.95
2026-07-01 23:51:50,375 [sketchlora.py] => [SketchDiag] task 3: retained-energy mean=0.984 min=0.980 | ||ΔW||_F mean=0.438 | r_hat mean=22.8 total=548
2026-07-01 23:52:02,055 [til_base.py] => TIL top1: 90.16
2026-07-01 23:52:02,055 [til_base.py] => CIL top1: 76.08 | TIL top1: 90.16
2026-07-01 23:52:02,055 [trainer.py] => No NME accuracy.
2026-07-01 23:52:02,055 [trainer.py] => CNN: {'total': np.float64(76.08), '00-09': np.float64(55.38), '10-19': np.float64(84.49), '20-29': np.float64(73.42), '30-39': np.float64(88.79), 'old': np.float64(71.85), 'new': np.float64(88.79)}
2026-07-01 23:52:02,055 [trainer.py] => CNN top1 curve: [np.float64(93.67), np.float64(84.35), np.float64(76.49), np.float64(76.08)]
2026-07-01 23:52:02,055 [trainer.py] => CNN top5 curve: [np.float64(99.68), np.float64(96.52), np.float64(93.04), np.float64(93.34)]

2026-07-01 23:52:02,055 [trainer.py] => Average Accuracy (CNN): 82.6475 

2026-07-01 23:52:02,056 [trainer.py] => All params: 86966056
2026-07-01 23:52:02,056 [trainer.py] => Trainable params: 325672
2026-07-01 23:52:02,057 [lora.py] => Learning on 40-50
2026-07-01 23:52:02,059 [lora.py] => Trainable params this task: 333,362 / 86,973,746
2026-07-01 23:53:14,950 [lora.py] => Task 4 finished. Train_accy 89.25
2026-07-01 23:53:17,957 [sketchlora.py] => [SketchDiag] task 4: retained-energy mean=0.983 min=0.980 | ||ΔW||_F mean=0.486 | r_hat mean=26.7 total=641
2026-07-01 23:53:32,148 [til_base.py] => TIL top1: 87.61
2026-07-01 23:53:32,148 [til_base.py] => CIL top1: 69.09 | TIL top1: 87.61
2026-07-01 23:53:32,148 [trainer.py] => No NME accuracy.
2026-07-01 23:53:32,149 [trainer.py] => CNN: {'total': np.float64(69.09), '00-09': np.float64(41.14), '10-19': np.float64(75.94), '20-29': np.float64(69.44), '30-39': np.float64(74.55), '40-49': np.float64(84.84), 'old': np.float64(65.78), 'new': np.float64(84.84)}
2026-07-01 23:53:32,149 [trainer.py] => CNN top1 curve: [np.float64(93.67), np.float64(84.35), np.float64(76.49), np.float64(76.08), np.float64(69.09)]
2026-07-01 23:53:32,149 [trainer.py] => CNN top5 curve: [np.float64(99.68), np.float64(96.52), np.float64(93.04), np.float64(93.34), np.float64(88.86)]

2026-07-01 23:53:32,149 [trainer.py] => Average Accuracy (CNN): 79.93599999999999 

2026-07-01 23:53:32,149 [trainer.py] => All params: 87116594
2026-07-01 23:53:32,150 [trainer.py] => Trainable params: 333362
2026-07-01 23:53:32,151 [lora.py] => Learning on 50-60
2026-07-01 23:53:32,153 [lora.py] => Trainable params this task: 341,052 / 87,124,284
2026-07-01 23:54:52,209 [lora.py] => Task 5 finished. Train_accy 90.56
2026-07-01 23:54:55,248 [sketchlora.py] => [SketchDiag] task 5: retained-energy mean=0.984 min=0.980 | ||ΔW||_F mean=0.528 | r_hat mean=30.2 total=726
2026-07-01 23:55:12,014 [til_base.py] => TIL top1: 86.5
2026-07-01 23:55:12,015 [til_base.py] => CIL top1: 63.87 | TIL top1: 86.5
2026-07-01 23:55:12,015 [trainer.py] => No NME accuracy.
2026-07-01 23:55:12,015 [trainer.py] => CNN: {'total': np.float64(63.87), '00-09': np.float64(33.54), '10-19': np.float64(71.12), '20-29': np.float64(60.13), '30-39': np.float64(76.67), '40-49': np.float64(64.98), '50-59': np.float64(75.16), 'old': np.float64(61.7), 'new': np.float64(75.16)}
2026-07-01 23:55:12,015 [trainer.py] => CNN top1 curve: [np.float64(93.67), np.float64(84.35), np.float64(76.49), np.float64(76.08), np.float64(69.09), np.float64(63.87)]
2026-07-01 23:55:12,015 [trainer.py] => CNN top5 curve: [np.float64(99.68), np.float64(96.52), np.float64(93.04), np.float64(93.34), np.float64(88.86), np.float64(84.98)]

2026-07-01 23:55:12,015 [trainer.py] => Average Accuracy (CNN): 77.25833333333333 

2026-07-01 23:55:12,016 [trainer.py] => All params: 87254844
2026-07-01 23:55:12,016 [trainer.py] => Trainable params: 341052
2026-07-01 23:55:12,017 [lora.py] => Learning on 60-70
2026-07-01 23:55:12,019 [lora.py] => Trainable params this task: 348,742 / 87,262,534
2026-07-01 23:56:30,291 [lora.py] => Task 6 finished. Train_accy 88.17
2026-07-01 23:56:33,374 [sketchlora.py] => [SketchDiag] task 6: retained-energy mean=0.983 min=0.981 | ||ΔW||_F mean=0.574 | r_hat mean=33.2 total=798
2026-07-01 23:56:52,696 [til_base.py] => TIL top1: 83.83
2026-07-01 23:56:52,696 [til_base.py] => CIL top1: 55.43 | TIL top1: 83.83
2026-07-01 23:56:52,696 [trainer.py] => No NME accuracy.
2026-07-01 23:56:52,696 [trainer.py] => CNN: {'total': np.float64(55.43), '00-09': np.float64(24.05), '10-19': np.float64(51.07), '20-29': np.float64(61.13), '30-39': np.float64(63.33), '40-49': np.float64(53.79), '50-59': np.float64(60.78), '60-69': np.float64(75.76), 'old': np.float64(52.26), 'new': np.float64(75.76)}
2026-07-01 23:56:52,696 [trainer.py] => CNN top1 curve: [np.float64(93.67), np.float64(84.35), np.float64(76.49), np.float64(76.08), np.float64(69.09), np.float64(63.87), np.float64(55.43)]
2026-07-01 23:56:52,696 [trainer.py] => CNN top5 curve: [np.float64(99.68), np.float64(96.52), np.float64(93.04), np.float64(93.34), np.float64(88.86), np.float64(84.98), np.float64(80.96)]

2026-07-01 23:56:52,696 [trainer.py] => Average Accuracy (CNN): 74.13999999999999 

2026-07-01 23:56:52,697 [trainer.py] => All params: 87373126
2026-07-01 23:56:52,698 [trainer.py] => Trainable params: 348742
2026-07-01 23:56:52,699 [lora.py] => Learning on 70-80
2026-07-01 23:56:52,701 [lora.py] => Trainable params this task: 356,432 / 87,380,816
2026-07-01 23:58:03,990 [lora.py] => Task 7 finished. Train_accy 90.83
2026-07-01 23:58:07,101 [sketchlora.py] => [SketchDiag] task 7: retained-energy mean=0.984 min=0.980 | ||ΔW||_F mean=0.606 | r_hat mean=36.0 total=864
2026-07-01 23:58:28,711 [til_base.py] => TIL top1: 83.15
2026-07-01 23:58:28,712 [til_base.py] => CIL top1: 53.1 | TIL top1: 83.15
2026-07-01 23:58:28,712 [trainer.py] => No NME accuracy.
2026-07-01 23:58:28,712 [trainer.py] => CNN: {'total': np.float64(53.1), '00-09': np.float64(31.33), '10-19': np.float64(50.8), '20-29': np.float64(49.17), '30-39': np.float64(57.27), '40-49': np.float64(44.4), '50-59': np.float64(50.65), '60-69': np.float64(67.68), '70-79': np.float64(76.87), 'old': np.float64(50.2), 'new': np.float64(76.87)}
2026-07-01 23:58:28,712 [trainer.py] => CNN top1 curve: [np.float64(93.67), np.float64(84.35), np.float64(76.49), np.float64(76.08), np.float64(69.09), np.float64(63.87), np.float64(55.43), np.float64(53.1)]
2026-07-01 23:58:28,712 [trainer.py] => CNN top5 curve: [np.float64(99.68), np.float64(96.52), np.float64(93.04), np.float64(93.34), np.float64(88.86), np.float64(84.98), np.float64(80.96), np.float64(79.02)]

2026-07-01 23:58:28,712 [trainer.py] => Average Accuracy (CNN): 71.50999999999999 

2026-07-01 23:58:28,713 [trainer.py] => All params: 87482192
2026-07-01 23:58:28,713 [trainer.py] => Trainable params: 356432
2026-07-01 23:58:28,715 [lora.py] => Learning on 80-90
2026-07-01 23:58:28,717 [lora.py] => Trainable params this task: 364,122 / 87,489,882
2026-07-01 23:59:57,352 [lora.py] => Task 8 finished. Train_accy 91.32
2026-07-02 00:00:00,517 [sketchlora.py] => [SketchDiag] task 8: retained-energy mean=0.983 min=0.980 | ||ΔW||_F mean=0.646 | r_hat mean=38.3 total=919
2026-07-02 00:00:24,963 [til_base.py] => TIL top1: 80.83
2026-07-02 00:00:24,963 [til_base.py] => CIL top1: 49.22 | TIL top1: 80.83
2026-07-02 00:00:24,963 [trainer.py] => No NME accuracy.
2026-07-02 00:00:24,963 [trainer.py] => CNN: {'total': np.float64(49.22), '00-09': np.float64(29.75), '10-19': np.float64(51.6), '20-29': np.float64(51.5), '30-39': np.float64(44.85), '40-49': np.float64(40.79), '50-59': np.float64(36.27), '60-69': np.float64(53.54), '70-79': np.float64(57.46), '80-89': np.float64(74.93), 'old': np.float64(45.65), 'new': np.float64(74.93)}
2026-07-02 00:00:24,963 [trainer.py] => CNN top1 curve: [np.float64(93.67), np.float64(84.35), np.float64(76.49), np.float64(76.08), np.float64(69.09), np.float64(63.87), np.float64(55.43), np.float64(53.1), np.float64(49.22)]
2026-07-02 00:00:24,963 [trainer.py] => CNN top5 curve: [np.float64(99.68), np.float64(96.52), np.float64(93.04), np.float64(93.34), np.float64(88.86), np.float64(84.98), np.float64(80.96), np.float64(79.02), np.float64(74.47)]

2026-07-02 00:00:24,963 [trainer.py] => Average Accuracy (CNN): 69.03333333333333 

2026-07-02 00:00:24,964 [trainer.py] => All params: 87574362
2026-07-02 00:00:24,964 [trainer.py] => Trainable params: 364122
2026-07-02 00:00:24,965 [lora.py] => Learning on 90-100
2026-07-02 00:00:24,967 [lora.py] => Trainable params this task: 371,812 / 87,582,052
2026-07-02 00:01:15,898 [lora.py] => Task 9 finished. Train_accy 85.81
2026-07-02 00:01:19,105 [sketchlora.py] => [SketchDiag] task 9: retained-energy mean=0.983 min=0.981 | ||ΔW||_F mean=0.669 | r_hat mean=40.1 total=962
2026-07-02 00:01:45,993 [til_base.py] => TIL top1: 78.46
2026-07-02 00:01:45,993 [til_base.py] => CIL top1: 44.89 | TIL top1: 78.46
2026-07-02 00:01:45,993 [trainer.py] => No NME accuracy.
2026-07-02 00:01:45,993 [trainer.py] => CNN: {'total': np.float64(44.89), '00-09': np.float64(34.81), '10-19': np.float64(46.26), '20-29': np.float64(36.88), '30-39': np.float64(42.73), '40-49': np.float64(33.57), '50-59': np.float64(38.56), '60-69': np.float64(51.18), '70-79': np.float64(52.24), '80-89': np.float64(60.06), '90-99': np.float64(54.95), 'old': np.float64(44.24), 'new': np.float64(54.95)}
2026-07-02 00:01:45,993 [trainer.py] => CNN top1 curve: [np.float64(93.67), np.float64(84.35), np.float64(76.49), np.float64(76.08), np.float64(69.09), np.float64(63.87), np.float64(55.43), np.float64(53.1), np.float64(49.22), np.float64(44.89)]
2026-07-02 00:01:45,993 [trainer.py] => CNN top5 curve: [np.float64(99.68), np.float64(96.52), np.float64(93.04), np.float64(93.34), np.float64(88.86), np.float64(84.98), np.float64(80.96), np.float64(79.02), np.float64(74.47), np.float64(71.68)]

2026-07-02 00:01:45,993 [trainer.py] => Average Accuracy (CNN): 66.619 

2026-07-02 00:01:45,995 [trainer.py] => All params: 87648100
2026-07-02 00:01:45,996 [trainer.py] => Trainable params: 371812
2026-07-02 00:01:45,997 [lora.py] => Learning on 100-110
2026-07-02 00:01:46,000 [lora.py] => Trainable params this task: 379,502 / 87,655,790
2026-07-02 00:03:02,121 [lora.py] => Task 10 finished. Train_accy 91.96
2026-07-02 00:03:05,366 [sketchlora.py] => [SketchDiag] task 10: retained-energy mean=0.983 min=0.980 | ||ΔW||_F mean=0.696 | r_hat mean=42.0 total=1008
2026-07-02 00:03:34,268 [til_base.py] => TIL top1: 81.4
2026-07-02 00:03:34,268 [til_base.py] => CIL top1: 46.72 | TIL top1: 81.4
2026-07-02 00:03:34,268 [trainer.py] => No NME accuracy.
2026-07-02 00:03:34,268 [trainer.py] => CNN: {'total': np.float64(46.72), '00-09': np.float64(35.13), '10-19': np.float64(52.41), '20-29': np.float64(43.52), '30-39': np.float64(40.61), '40-49': np.float64(35.74), '50-59': np.float64(42.81), '60-69': np.float64(43.43), '70-79': np.float64(52.24), '80-89': np.float64(50.15), '90-99': np.float64(45.05), '100-109': np.float64(72.63), 'old': np.float64(44.26), 'new': np.float64(72.63)}
2026-07-02 00:03:34,268 [trainer.py] => CNN top1 curve: [np.float64(93.67), np.float64(84.35), np.float64(76.49), np.float64(76.08), np.float64(69.09), np.float64(63.87), np.float64(55.43), np.float64(53.1), np.float64(49.22), np.float64(44.89), np.float64(46.72)]
2026-07-02 00:03:34,269 [trainer.py] => CNN top5 curve: [np.float64(99.68), np.float64(96.52), np.float64(93.04), np.float64(93.34), np.float64(88.86), np.float64(84.98), np.float64(80.96), np.float64(79.02), np.float64(74.47), np.float64(71.68), np.float64(73.16)]

2026-07-02 00:03:34,269 [trainer.py] => Average Accuracy (CNN): 64.81 

2026-07-02 00:03:34,270 [trainer.py] => All params: 87726446
2026-07-02 00:03:34,271 [trainer.py] => Trainable params: 379502
2026-07-02 00:03:34,273 [lora.py] => Learning on 110-120
2026-07-02 00:03:34,276 [lora.py] => Trainable params this task: 387,192 / 87,734,136
2026-07-02 00:05:10,248 [lora.py] => Task 11 finished. Train_accy 92.53
2026-07-02 00:05:13,479 [sketchlora.py] => [SketchDiag] task 11: retained-energy mean=0.983 min=0.980 | ||ΔW||_F mean=0.727 | r_hat mean=43.9 total=1054
2026-07-02 00:05:45,424 [til_base.py] => TIL top1: 81.29
2026-07-02 00:05:45,424 [til_base.py] => CIL top1: 44.71 | TIL top1: 81.29
2026-07-02 00:05:45,424 [trainer.py] => No NME accuracy.
2026-07-02 00:05:45,424 [trainer.py] => CNN: {'total': np.float64(44.71), '00-09': np.float64(28.8), '10-19': np.float64(47.06), '20-29': np.float64(36.21), '30-39': np.float64(44.55), '40-49': np.float64(31.41), '50-59': np.float64(33.66), '60-69': np.float64(34.01), '70-79': np.float64(47.76), '80-89': np.float64(41.98), '90-99': np.float64(45.6), '100-109': np.float64(53.68), '110-119': np.float64(83.56), 'old': np.float64(40.32), 'new': np.float64(83.56)}
2026-07-02 00:05:45,424 [trainer.py] => CNN top1 curve: [np.float64(93.67), np.float64(84.35), np.float64(76.49), np.float64(76.08), np.float64(69.09), np.float64(63.87), np.float64(55.43), np.float64(53.1), np.float64(49.22), np.float64(44.89), np.float64(46.72), np.float64(44.71)]
2026-07-02 00:05:45,424 [trainer.py] => CNN top5 curve: [np.float64(99.68), np.float64(96.52), np.float64(93.04), np.float64(93.34), np.float64(88.86), np.float64(84.98), np.float64(80.96), np.float64(79.02), np.float64(74.47), np.float64(71.68), np.float64(73.16), np.float64(71.29)]

2026-07-02 00:05:45,424 [trainer.py] => Average Accuracy (CNN): 63.135 

2026-07-02 00:05:45,425 [trainer.py] => All params: 87804792
2026-07-02 00:05:45,426 [trainer.py] => Trainable params: 387192
2026-07-02 00:05:45,427 [lora.py] => Learning on 120-130
2026-07-02 00:05:45,429 [lora.py] => Trainable params this task: 394,882 / 87,812,482
2026-07-02 00:06:51,490 [lora.py] => Task 12 finished. Train_accy 91.16
2026-07-02 00:06:54,761 [sketchlora.py] => [SketchDiag] task 12: retained-energy mean=0.983 min=0.980 | ||ΔW||_F mean=0.752 | r_hat mean=45.4 total=1090
2026-07-02 00:07:28,741 [til_base.py] => TIL top1: 80.79
2026-07-02 00:07:28,741 [til_base.py] => CIL top1: 42.85 | TIL top1: 80.79
2026-07-02 00:07:28,741 [trainer.py] => No NME accuracy.
2026-07-02 00:07:28,741 [trainer.py] => CNN: {'total': np.float64(42.85), '00-09': np.float64(28.48), '10-19': np.float64(41.98), '20-29': np.float64(31.56), '30-39': np.float64(40.61), '40-49': np.float64(25.27), '50-59': np.float64(26.14), '60-69': np.float64(34.01), '70-79': np.float64(46.27), '80-89': np.float64(39.94), '90-99': np.float64(34.62), '100-109': np.float64(48.77), '110-119': np.float64(74.39), '120-129': np.float64(83.13), 'old': np.float64(40.16), 'new': np.float64(83.13)}
2026-07-02 00:07:28,742 [trainer.py] => CNN top1 curve: [np.float64(93.67), np.float64(84.35), np.float64(76.49), np.float64(76.08), np.float64(69.09), np.float64(63.87), np.float64(55.43), np.float64(53.1), np.float64(49.22), np.float64(44.89), np.float64(46.72), np.float64(44.71), np.float64(42.85)]
2026-07-02 00:07:28,742 [trainer.py] => CNN top5 curve: [np.float64(99.68), np.float64(96.52), np.float64(93.04), np.float64(93.34), np.float64(88.86), np.float64(84.98), np.float64(80.96), np.float64(79.02), np.float64(74.47), np.float64(71.68), np.float64(73.16), np.float64(71.29), np.float64(68.53)]

2026-07-02 00:07:28,742 [trainer.py] => Average Accuracy (CNN): 61.574615384615385 

2026-07-02 00:07:28,743 [trainer.py] => All params: 87867778
2026-07-02 00:07:28,744 [trainer.py] => Trainable params: 394882
2026-07-02 00:07:28,746 [lora.py] => Learning on 130-140
2026-07-02 00:07:28,750 [lora.py] => Trainable params this task: 402,572 / 87,875,468
2026-07-02 00:08:45,046 [lora.py] => Task 13 finished. Train_accy 92.63
2026-07-02 00:08:48,347 [sketchlora.py] => [SketchDiag] task 13: retained-energy mean=0.983 min=0.980 | ||ΔW||_F mean=0.780 | r_hat mean=46.8 total=1124
2026-07-02 00:09:24,871 [til_base.py] => TIL top1: 81.03
2026-07-02 00:09:24,871 [til_base.py] => CIL top1: 42.58 | TIL top1: 81.03
2026-07-02 00:09:24,871 [trainer.py] => No NME accuracy.
2026-07-02 00:09:24,871 [trainer.py] => CNN: {'total': np.float64(42.58), '00-09': np.float64(21.84), '10-19': np.float64(39.57), '20-29': np.float64(35.88), '30-39': np.float64(43.64), '40-49': np.float64(23.83), '50-59': np.float64(32.35), '60-69': np.float64(33.33), '70-79': np.float64(33.21), '80-89': np.float64(33.53), '90-99': np.float64(40.11), '100-109': np.float64(46.32), '110-119': np.float64(67.65), '120-129': np.float64(71.6), '130-139': np.float64(74.22), 'old': np.float64(40.25), 'new': np.float64(74.22)}
2026-07-02 00:09:24,871 [trainer.py] => CNN top1 curve: [np.float64(93.67), np.float64(84.35), np.float64(76.49), np.float64(76.08), np.float64(69.09), np.float64(63.87), np.float64(55.43), np.float64(53.1), np.float64(49.22), np.float64(44.89), np.float64(46.72), np.float64(44.71), np.float64(42.85), np.float64(42.58)]
2026-07-02 00:09:24,871 [trainer.py] => CNN top5 curve: [np.float64(99.68), np.float64(96.52), np.float64(93.04), np.float64(93.34), np.float64(88.86), np.float64(84.98), np.float64(80.96), np.float64(79.02), np.float64(74.47), np.float64(71.68), np.float64(73.16), np.float64(71.29), np.float64(68.53), np.float64(67.82)]

2026-07-02 00:09:24,871 [trainer.py] => Average Accuracy (CNN): 60.21785714285715 

2026-07-02 00:09:24,872 [trainer.py] => All params: 87927692
2026-07-02 00:09:24,873 [trainer.py] => Trainable params: 402572
2026-07-02 00:09:24,874 [lora.py] => Learning on 140-150
2026-07-02 00:09:24,876 [lora.py] => Trainable params this task: 410,262 / 87,935,382
2026-07-02 00:10:56,655 [lora.py] => Task 14 finished. Train_accy 93.28
2026-07-02 00:10:59,892 [sketchlora.py] => [SketchDiag] task 14: retained-energy mean=0.983 min=0.980 | ||ΔW||_F mean=0.806 | r_hat mean=48.2 total=1157
2026-07-02 00:11:39,152 [til_base.py] => TIL top1: 80.74
2026-07-02 00:11:39,153 [til_base.py] => CIL top1: 41.47 | TIL top1: 80.74
2026-07-02 00:11:39,153 [trainer.py] => No NME accuracy.
2026-07-02 00:11:39,153 [trainer.py] => CNN: {'total': np.float64(41.47), '00-09': np.float64(16.77), '10-19': np.float64(35.03), '20-29': np.float64(31.89), '30-39': np.float64(39.7), '40-49': np.float64(25.27), '50-59': np.float64(27.12), '60-69': np.float64(33.0), '70-79': np.float64(29.85), '80-89': np.float64(35.57), '90-99': np.float64(39.01), '100-109': np.float64(41.05), '110-119': np.float64(57.95), '120-129': np.float64(57.61), '130-139': np.float64(67.94), '140-149': np.float64(78.75), 'old': np.float64(38.33), 'new': np.float64(78.75)}
2026-07-02 00:11:39,153 [trainer.py] => CNN top1 curve: [np.float64(93.67), np.float64(84.35), np.float64(76.49), np.float64(76.08), np.float64(69.09), np.float64(63.87), np.float64(55.43), np.float64(53.1), np.float64(49.22), np.float64(44.89), np.float64(46.72), np.float64(44.71), np.float64(42.85), np.float64(42.58), np.float64(41.47)]
2026-07-02 00:11:39,153 [trainer.py] => CNN top5 curve: [np.float64(99.68), np.float64(96.52), np.float64(93.04), np.float64(93.34), np.float64(88.86), np.float64(84.98), np.float64(80.96), np.float64(79.02), np.float64(74.47), np.float64(71.68), np.float64(73.16), np.float64(71.29), np.float64(68.53), np.float64(67.82), np.float64(68.28)]

2026-07-02 00:11:39,153 [trainer.py] => Average Accuracy (CNN): 58.968 

2026-07-02 00:11:39,154 [trainer.py] => All params: 87986070
2026-07-02 00:11:39,154 [trainer.py] => Trainable params: 410262
2026-07-02 00:11:39,156 [lora.py] => Learning on 150-160
2026-07-02 00:11:39,158 [lora.py] => Trainable params this task: 417,952 / 87,993,760
2026-07-02 00:13:10,097 [lora.py] => Task 15 finished. Train_accy 90.87
2026-07-02 00:13:13,379 [sketchlora.py] => [SketchDiag] task 15: retained-energy mean=0.982 min=0.980 | ||ΔW||_F mean=0.835 | r_hat mean=49.5 total=1189
2026-07-02 00:13:55,516 [til_base.py] => TIL top1: 80.63
2026-07-02 00:13:55,516 [til_base.py] => CIL top1: 39.3 | TIL top1: 80.63
2026-07-02 00:13:55,516 [trainer.py] => No NME accuracy.
2026-07-02 00:13:55,516 [trainer.py] => CNN: {'total': np.float64(39.3), '00-09': np.float64(18.67), '10-19': np.float64(33.96), '20-29': np.float64(28.9), '30-39': np.float64(33.33), '40-49': np.float64(25.27), '50-59': np.float64(20.26), '60-69': np.float64(30.64), '70-79': np.float64(27.99), '80-89': np.float64(32.36), '90-99': np.float64(32.97), '100-109': np.float64(41.05), '110-119': np.float64(51.21), '120-129': np.float64(53.09), '130-139': np.float64(53.31), '140-149': np.float64(67.14), '150-159': np.float64(68.86), 'old': np.float64(37.02), 'new': np.float64(68.86)}
2026-07-02 00:13:55,516 [trainer.py] => CNN top1 curve: [np.float64(93.67), np.float64(84.35), np.float64(76.49), np.float64(76.08), np.float64(69.09), np.float64(63.87), np.float64(55.43), np.float64(53.1), np.float64(49.22), np.float64(44.89), np.float64(46.72), np.float64(44.71), np.float64(42.85), np.float64(42.58), np.float64(41.47), np.float64(39.3)]
2026-07-02 00:13:55,516 [trainer.py] => CNN top5 curve: [np.float64(99.68), np.float64(96.52), np.float64(93.04), np.float64(93.34), np.float64(88.86), np.float64(84.98), np.float64(80.96), np.float64(79.02), np.float64(74.47), np.float64(71.68), np.float64(73.16), np.float64(71.29), np.float64(68.53), np.float64(67.82), np.float64(68.28), np.float64(67.52)]

2026-07-02 00:13:55,516 [trainer.py] => Average Accuracy (CNN): 57.73875 

2026-07-02 00:13:55,517 [trainer.py] => All params: 88042912
2026-07-02 00:13:55,517 [trainer.py] => Trainable params: 417952
2026-07-02 00:13:55,519 [lora.py] => Learning on 160-170
2026-07-02 00:13:55,521 [lora.py] => Trainable params this task: 425,642 / 88,050,602
2026-07-02 00:15:00,708 [lora.py] => Task 16 finished. Train_accy 85.77
2026-07-02 00:15:03,996 [sketchlora.py] => [SketchDiag] task 16: retained-energy mean=0.983 min=0.980 | ||ΔW||_F mean=0.853 | r_hat mean=50.3 total=1208
2026-07-02 00:15:48,334 [til_base.py] => TIL top1: 78.68
2026-07-02 00:15:48,334 [til_base.py] => CIL top1: 38.73 | TIL top1: 78.68
2026-07-02 00:15:48,334 [trainer.py] => No NME accuracy.
2026-07-02 00:15:48,334 [trainer.py] => CNN: {'total': np.float64(38.73), '00-09': np.float64(14.87), '10-19': np.float64(32.89), '20-29': np.float64(33.22), '30-39': np.float64(34.55), '40-49': np.float64(20.58), '50-59': np.float64(21.24), '60-69': np.float64(29.29), '70-79': np.float64(31.72), '80-89': np.float64(27.7), '90-99': np.float64(37.91), '100-109': np.float64(41.4), '110-119': np.float64(50.67), '120-129': np.float64(49.79), '130-139': np.float64(44.6), '140-149': np.float64(56.94), '150-159': np.float64(63.43), '160-169': np.float64(68.33), 'old': np.float64(37.27), 'new': np.float64(68.33)}
2026-07-02 00:15:48,334 [trainer.py] => CNN top1 curve: [np.float64(93.67), np.float64(84.35), np.float64(76.49), np.float64(76.08), np.float64(69.09), np.float64(63.87), np.float64(55.43), np.float64(53.1), np.float64(49.22), np.float64(44.89), np.float64(46.72), np.float64(44.71), np.float64(42.85), np.float64(42.58), np.float64(41.47), np.float64(39.3), np.float64(38.73)]
2026-07-02 00:15:48,334 [trainer.py] => CNN top5 curve: [np.float64(99.68), np.float64(96.52), np.float64(93.04), np.float64(93.34), np.float64(88.86), np.float64(84.98), np.float64(80.96), np.float64(79.02), np.float64(74.47), np.float64(71.68), np.float64(73.16), np.float64(71.29), np.float64(68.53), np.float64(67.82), np.float64(68.28), np.float64(67.52), np.float64(64.02)]

2026-07-02 00:15:48,334 [trainer.py] => Average Accuracy (CNN): 56.62058823529412 

2026-07-02 00:15:48,335 [trainer.py] => All params: 88079786
2026-07-02 00:15:48,335 [trainer.py] => Trainable params: 425642
2026-07-02 00:15:48,337 [lora.py] => Learning on 170-180
2026-07-02 00:15:48,339 [lora.py] => Trainable params this task: 433,332 / 88,087,476
2026-07-02 00:16:53,202 [lora.py] => Task 17 finished. Train_accy 90.56
2026-07-02 00:16:56,503 [sketchlora.py] => [SketchDiag] task 17: retained-energy mean=0.983 min=0.980 | ||ΔW||_F mean=0.869 | r_hat mean=51.0 total=1223
2026-07-02 00:17:43,070 [til_base.py] => TIL top1: 78.4
2026-07-02 00:17:43,070 [til_base.py] => CIL top1: 35.74 | TIL top1: 78.4
2026-07-02 00:17:43,070 [trainer.py] => No NME accuracy.
2026-07-02 00:17:43,070 [trainer.py] => CNN: {'total': np.float64(35.74), '00-09': np.float64(19.62), '10-19': np.float64(33.96), '20-29': np.float64(23.26), '30-39': np.float64(26.67), '40-49': np.float64(22.38), '50-59': np.float64(23.2), '60-69': np.float64(28.96), '70-79': np.float64(15.3), '80-89': np.float64(23.91), '90-99': np.float64(22.53), '100-109': np.float64(30.18), '110-119': np.float64(50.4), '120-129': np.float64(42.39), '130-139': np.float64(44.25), '140-149': np.float64(43.91), '150-159': np.float64(61.14), '160-169': np.float64(53.75), '170-179': np.float64(77.73), 'old': np.float64(33.79), 'new': np.float64(77.73)}
2026-07-02 00:17:43,070 [trainer.py] => CNN top1 curve: [np.float64(93.67), np.float64(84.35), np.float64(76.49), np.float64(76.08), np.float64(69.09), np.float64(63.87), np.float64(55.43), np.float64(53.1), np.float64(49.22), np.float64(44.89), np.float64(46.72), np.float64(44.71), np.float64(42.85), np.float64(42.58), np.float64(41.47), np.float64(39.3), np.float64(38.73), np.float64(35.74)]
2026-07-02 00:17:43,070 [trainer.py] => CNN top5 curve: [np.float64(99.68), np.float64(96.52), np.float64(93.04), np.float64(93.34), np.float64(88.86), np.float64(84.98), np.float64(80.96), np.float64(79.02), np.float64(74.47), np.float64(71.68), np.float64(73.16), np.float64(71.29), np.float64(68.53), np.float64(67.82), np.float64(68.28), np.float64(67.52), np.float64(64.02), np.float64(62.28)]

2026-07-02 00:17:43,071 [trainer.py] => Average Accuracy (CNN): 55.46055555555556 

2026-07-02 00:17:43,071 [trainer.py] => All params: 88110516
2026-07-02 00:17:43,072 [trainer.py] => Trainable params: 433332
2026-07-02 00:17:43,073 [lora.py] => Learning on 180-190
2026-07-02 00:17:43,075 [lora.py] => Trainable params this task: 441,022 / 88,118,206
2026-07-02 00:18:59,237 [lora.py] => Task 18 finished. Train_accy 92.10
2026-07-02 00:19:02,541 [sketchlora.py] => [SketchDiag] task 18: retained-energy mean=0.983 min=0.980 | ||ΔW||_F mean=0.890 | r_hat mean=51.8 total=1243
2026-07-02 00:19:51,803 [til_base.py] => TIL top1: 77.81
2026-07-02 00:19:51,803 [til_base.py] => CIL top1: 33.77 | TIL top1: 77.81
2026-07-02 00:19:51,803 [trainer.py] => No NME accuracy.
2026-07-02 00:19:51,803 [trainer.py] => CNN: {'total': np.float64(33.77), '00-09': np.float64(13.29), '10-19': np.float64(34.49), '20-29': np.float64(21.93), '30-39': np.float64(22.12), '40-49': np.float64(19.13), '50-59': np.float64(16.01), '60-69': np.float64(26.6), '70-79': np.float64(14.93), '80-89': np.float64(20.41), '90-99': np.float64(12.64), '100-109': np.float64(23.86), '110-119': np.float64(46.9), '120-129': np.float64(38.27), '130-139': np.float64(38.68), '140-149': np.float64(38.81), '150-159': np.float64(58.0), '160-169': np.float64(47.08), '170-179': np.float64(66.39), '180-189': np.float64(79.02), 'old': np.float64(31.36), 'new': np.float64(79.02)}
2026-07-02 00:19:51,803 [trainer.py] => CNN top1 curve: [np.float64(93.67), np.float64(84.35), np.float64(76.49), np.float64(76.08), np.float64(69.09), np.float64(63.87), np.float64(55.43), np.float64(53.1), np.float64(49.22), np.float64(44.89), np.float64(46.72), np.float64(44.71), np.float64(42.85), np.float64(42.58), np.float64(41.47), np.float64(39.3), np.float64(38.73), np.float64(35.74), np.float64(33.77)]
2026-07-02 00:19:51,803 [trainer.py] => CNN top5 curve: [np.float64(99.68), np.float64(96.52), np.float64(93.04), np.float64(93.34), np.float64(88.86), np.float64(84.98), np.float64(80.96), np.float64(79.02), np.float64(74.47), np.float64(71.68), np.float64(73.16), np.float64(71.29), np.float64(68.53), np.float64(67.82), np.float64(68.28), np.float64(67.52), np.float64(64.02), np.float64(62.28), np.float64(59.73)]

2026-07-02 00:19:51,803 [trainer.py] => Average Accuracy (CNN): 54.318947368421064 

2026-07-02 00:19:51,804 [trainer.py] => All params: 88148926
2026-07-02 00:19:51,805 [trainer.py] => Trainable params: 441022
2026-07-02 00:19:51,806 [lora.py] => Learning on 190-200
2026-07-02 00:19:51,808 [lora.py] => Trainable params this task: 448,712 / 88,156,616
2026-07-02 00:21:05,605 [lora.py] => Task 19 finished. Train_accy 93.32
2026-07-02 00:21:08,919 [sketchlora.py] => [SketchDiag] task 19: retained-energy mean=0.982 min=0.980 | ||ΔW||_F mean=0.908 | r_hat mean=52.4 total=1258
2026-07-02 00:22:00,606 [til_base.py] => TIL top1: 78.16
2026-07-02 00:22:00,606 [til_base.py] => CIL top1: 34.05 | TIL top1: 78.16
2026-07-02 00:22:00,607 [trainer.py] => No NME accuracy.
2026-07-02 00:22:00,607 [trainer.py] => CNN: {'total': np.float64(34.05), '00-09': np.float64(18.04), '10-19': np.float64(30.75), '20-29': np.float64(18.94), '30-39': np.float64(26.97), '40-49': np.float64(16.25), '50-59': np.float64(14.71), '60-69': np.float64(25.59), '70-79': np.float64(11.57), '80-89': np.float64(16.33), '90-99': np.float64(15.93), '100-109': np.float64(23.86), '110-119': np.float64(47.71), '120-129': np.float64(37.86), '130-139': np.float64(36.93), '140-149': np.float64(43.63), '150-159': np.float64(51.14), '160-169': np.float64(41.67), '170-179': np.float64(60.08), '180-189': np.float64(68.18), '190-199': np.float64(73.29), 'old': np.float64(32.12), 'new': np.float64(73.29)}
2026-07-02 00:22:00,607 [trainer.py] => CNN top1 curve: [np.float64(93.67), np.float64(84.35), np.float64(76.49), np.float64(76.08), np.float64(69.09), np.float64(63.87), np.float64(55.43), np.float64(53.1), np.float64(49.22), np.float64(44.89), np.float64(46.72), np.float64(44.71), np.float64(42.85), np.float64(42.58), np.float64(41.47), np.float64(39.3), np.float64(38.73), np.float64(35.74), np.float64(33.77), np.float64(34.05)]
2026-07-02 00:22:00,607 [trainer.py] => CNN top5 curve: [np.float64(99.68), np.float64(96.52), np.float64(93.04), np.float64(93.34), np.float64(88.86), np.float64(84.98), np.float64(80.96), np.float64(79.02), np.float64(74.47), np.float64(71.68), np.float64(73.16), np.float64(71.29), np.float64(68.53), np.float64(67.82), np.float64(68.28), np.float64(67.52), np.float64(64.02), np.float64(62.28), np.float64(59.73), np.float64(58.58)]

2026-07-02 00:22:00,607 [trainer.py] => Average Accuracy (CNN): 53.30550000000001 

2026-07-02 00:22:00,609 [trainer.py] => Forgetting (CNN): 46.752105263157894
2026-07-02 00:22:00,609 [trainer.py] => Forgetting (NME): 46.752105263157894
2026-07-02 00:22:00,610 [trainer.py] => Forgetting (TIL): 16.07684210526316
