2026-07-21 01:15:19,372 [trainer.py] => config: exps/review/scale1_lr1e3_check/sketchlora_imagenetr_eps001_20ep.json
2026-07-21 01:15:19,372 [trainer.py] => prefix: scale1_lr1e3_20ep_check_sketchlora_imagenetr_eps001
2026-07-21 01:15:19,372 [trainer.py] => dataset: imagenetr
2026-07-21 01:15:19,372 [trainer.py] => memory_size: 0
2026-07-21 01:15:19,372 [trainer.py] => memory_per_class: 0
2026-07-21 01:15:19,372 [trainer.py] => fixed_memory: False
2026-07-21 01:15:19,372 [trainer.py] => shuffle: True
2026-07-21 01:15:19,372 [trainer.py] => init_cls: 10
2026-07-21 01:15:19,372 [trainer.py] => increment: 10
2026-07-21 01:15:19,372 [trainer.py] => model_name: sketchlora
2026-07-21 01:15:19,372 [trainer.py] => backbone_type: vit_base_patch16_224_lora
2026-07-21 01:15:19,372 [trainer.py] => device: [device(type='cuda', index=0)]
2026-07-21 01:15:19,372 [trainer.py] => seed: 1993
2026-07-21 01:15:19,373 [trainer.py] => scenario: both
2026-07-21 01:15:19,373 [trainer.py] => lora_rank: 10
2026-07-21 01:15:19,373 [trainer.py] => lora_alpha: None
2026-07-21 01:15:19,373 [trainer.py] => lora_merge: True
2026-07-21 01:15:19,373 [trainer.py] => lora_train_merge: True
2026-07-21 01:15:19,373 [trainer.py] => svd_rank: 10
2026-07-21 01:15:19,373 [trainer.py] => svd_oversampling: 10
2026-07-21 01:15:19,373 [trainer.py] => svd_energy_target: 0.01
2026-07-21 01:15:19,373 [trainer.py] => lora_n_slots: 2
2026-07-21 01:15:19,373 [trainer.py] => tuned_epoch: 20
2026-07-21 01:15:19,373 [trainer.py] => init_lr: 0.001
2026-07-21 01:15:19,373 [trainer.py] => batch_size: 48
2026-07-21 01:15:19,373 [trainer.py] => weight_decay: 0.0005
2026-07-21 01:15:19,373 [trainer.py] => min_lr: 0.0
2026-07-21 01:15:19,373 [trainer.py] => pretrained: True
2026-07-21 01:15:19,373 [trainer.py] => print_forget: True
2026-07-21 01:15:19,373 [trainer.py] => stop_after_tasks: 5
2026-07-21 01:15:19,373 [trainer.py] => final_metrics: True
2026-07-21 01:15:19,458 [data_manager.py] => [168, 136, 51, 9, 183, 101, 171, 99, 42, 159, 191, 70, 16, 188, 27, 10, 175, 26, 68, 187, 98, 6, 85, 35, 112, 43, 100, 0, 103, 181, 88, 59, 4, 2, 116, 174, 94, 80, 106, 1, 147, 17, 141, 131, 72, 23, 173, 54, 197, 118, 87, 32, 79, 104, 91, 19, 135, 107, 178, 36, 11, 199, 142, 8, 122, 3, 28, 57, 153, 172, 190, 56, 49, 44, 97, 62, 151, 169, 194, 55, 192, 12, 189, 78, 66, 180, 15, 137, 109, 134, 92, 119, 126, 52, 170, 40, 148, 65, 144, 64, 138, 45, 77, 89, 154, 90, 71, 193, 74, 30, 113, 143, 96, 84, 67, 50, 186, 156, 69, 21, 18, 111, 108, 58, 125, 157, 150, 110, 182, 129, 166, 83, 81, 60, 13, 165, 14, 176, 63, 117, 5, 22, 145, 121, 38, 41, 82, 127, 114, 20, 31, 53, 37, 163, 196, 130, 152, 162, 86, 76, 24, 34, 184, 149, 33, 128, 198, 155, 146, 167, 139, 120, 140, 102, 47, 25, 158, 123, 46, 164, 61, 7, 115, 75, 133, 160, 105, 132, 179, 124, 48, 73, 93, 39, 95, 195, 29, 177, 185, 161]
2026-07-21 01:15:22,324 [trainer.py] => stop_after_tasks=5 (of 20 total)
2026-07-21 01:15:23,261 [trainer.py] => All params: 86535936
2026-07-21 01:15:23,261 [trainer.py] => Trainable params: 737280
2026-07-21 01:15:23,265 [lora.py] => Learning on 0-10
2026-07-21 01:15:23,267 [lora.py] => Trainable params this task: 376,330 / 86,543,626
2026-07-21 01:20:56,222 [lora.py] => Task 0 finished. Train_accy 96.12
2026-07-21 01:20:56,309 [sketchlora.py] => [SketchDiag] task 0: retained-energy mean=1.000 min=1.000 | ||ΔW||_F mean=1.246 | r_hat mean=10.0 total=240
2026-07-21 01:21:01,429 [til_base.py] => TIL top1: 94.3
2026-07-21 01:21:01,430 [til_base.py] => CIL top1: 94.3 | TIL top1: 94.3
2026-07-21 01:21:01,431 [trainer.py] => No NME accuracy.
2026-07-21 01:21:01,432 [trainer.py] => CNN: {'total': 94.3, '00-09': 94.3, 'old': 0, 'new': 94.3}
2026-07-21 01:21:01,432 [trainer.py] => CNN top1 curve: [94.3]
2026-07-21 01:21:01,432 [trainer.py] => CNN top5 curve: [99.37]

2026-07-21 01:21:01,432 [trainer.py] => Average Accuracy (CNN): 94.3 

2026-07-21 01:21:01,432 [trainer.py] => All params: 86543626
2026-07-21 01:21:01,433 [trainer.py] => Trainable params: 376330
2026-07-21 01:21:01,437 [lora.py] => Learning on 10-20
2026-07-21 01:21:01,440 [lora.py] => Trainable params this task: 384,020 / 86,551,316
2026-07-21 01:27:30,073 [lora.py] => Task 1 finished. Train_accy 97.03
2026-07-21 01:27:38,525 [sketchlora.py] => [SketchDiag] task 1: retained-energy mean=0.992 min=0.990 | ||ΔW||_F mean=1.890 | r_hat mean=16.0 total=384
2026-07-21 01:27:49,024 [til_base.py] => TIL top1: 95.07
2026-07-21 01:27:49,025 [til_base.py] => CIL top1: 91.16 | TIL top1: 95.07
2026-07-21 01:27:49,027 [trainer.py] => No NME accuracy.
2026-07-21 01:27:49,027 [trainer.py] => CNN: {'total': 91.16, '00-09': 84.49, '10-19': 96.79, 'old': 84.49, 'new': 96.79}
2026-07-21 01:27:49,027 [trainer.py] => CNN top1 curve: [94.3, 91.16]
2026-07-21 01:27:49,027 [trainer.py] => CNN top5 curve: [99.37, 98.7]

2026-07-21 01:27:49,027 [trainer.py] => Average Accuracy (CNN): 92.72999999999999 

2026-07-21 01:27:49,028 [trainer.py] => All params: 86772500
2026-07-21 01:27:49,028 [trainer.py] => Trainable params: 384020
2026-07-21 01:27:49,031 [lora.py] => Learning on 20-30
2026-07-21 01:27:49,033 [lora.py] => Trainable params this task: 391,710 / 86,780,190
2026-07-21 01:33:06,309 [lora.py] => Task 2 finished. Train_accy 95.82
2026-07-21 01:33:12,906 [sketchlora.py] => [SketchDiag] task 2: retained-energy mean=0.992 min=0.990 | ||ΔW||_F mean=2.362 | r_hat mean=21.8 total=523
2026-07-21 01:33:27,780 [til_base.py] => TIL top1: 94.55
2026-07-21 01:33:27,780 [til_base.py] => CIL top1: 86.78 | TIL top1: 94.55
2026-07-21 01:33:27,783 [trainer.py] => No NME accuracy.
2026-07-21 01:33:27,783 [trainer.py] => CNN: {'total': 86.78, '00-09': 73.1, '10-19': 91.44, '20-29': 95.35, 'old': 83.04, 'new': 95.35}
2026-07-21 01:33:27,783 [trainer.py] => CNN top1 curve: [94.3, 91.16, 86.78]
2026-07-21 01:33:27,783 [trainer.py] => CNN top5 curve: [99.37, 98.7, 97.48]

2026-07-21 01:33:27,783 [trainer.py] => Average Accuracy (CNN): 90.74666666666667 

2026-07-21 01:33:27,784 [trainer.py] => All params: 86993694
2026-07-21 01:33:27,785 [trainer.py] => Trainable params: 391710
2026-07-21 01:33:27,787 [lora.py] => Learning on 30-40
2026-07-21 01:33:27,791 [lora.py] => Trainable params this task: 399,400 / 87,001,384
2026-07-21 01:39:12,123 [lora.py] => Task 3 finished. Train_accy 94.71
2026-07-21 01:39:18,327 [sketchlora.py] => [SketchDiag] task 3: retained-energy mean=0.992 min=0.990 | ||ΔW||_F mean=2.761 | r_hat mean=26.8 total=644
2026-07-21 01:39:38,098 [til_base.py] => TIL top1: 94.1
2026-07-21 01:39:38,098 [til_base.py] => CIL top1: 83.42 | TIL top1: 94.1
2026-07-21 01:39:38,100 [trainer.py] => No NME accuracy.
2026-07-21 01:39:38,100 [trainer.py] => CNN: {'total': 83.42, '00-09': 67.09, '10-19': 84.49, '20-29': 88.04, '30-39': 93.64, 'old': 80.02, 'new': 93.64}
2026-07-21 01:39:38,100 [trainer.py] => CNN top1 curve: [94.3, 91.16, 86.78, 83.42]
2026-07-21 01:39:38,100 [trainer.py] => CNN top5 curve: [99.37, 98.7, 97.48, 96.59]

2026-07-21 01:39:38,100 [trainer.py] => Average Accuracy (CNN): 88.915 

2026-07-21 01:39:38,101 [trainer.py] => All params: 87187240
2026-07-21 01:39:38,101 [trainer.py] => Trainable params: 399400
2026-07-21 01:39:38,104 [lora.py] => Learning on 40-50
2026-07-21 01:39:38,106 [lora.py] => Trainable params this task: 407,090 / 87,194,930
2026-07-21 01:44:28,358 [lora.py] => Task 4 finished. Train_accy 95.83
2026-07-21 01:44:37,110 [sketchlora.py] => [SketchDiag] task 4: retained-energy mean=0.992 min=0.990 | ||ΔW||_F mean=3.071 | r_hat mean=31.5 total=756
2026-07-21 01:45:01,031 [til_base.py] => TIL top1: 92.62
2026-07-21 01:45:01,032 [til_base.py] => CIL top1: 78.47 | TIL top1: 92.62
2026-07-21 01:45:01,035 [trainer.py] => No NME accuracy.
2026-07-21 01:45:01,035 [trainer.py] => CNN: {'total': 78.47, '00-09': 64.24, '10-19': 74.87, '20-29': 81.06, '30-39': 86.06, '40-49': 87.73, 'old': 76.53, 'new': 87.73}
2026-07-21 01:45:01,035 [trainer.py] => CNN top1 curve: [94.3, 91.16, 86.78, 83.42, 78.47]
2026-07-21 01:45:01,035 [trainer.py] => CNN top5 curve: [99.37, 98.7, 97.48, 96.59, 93.62]

2026-07-21 01:45:01,035 [trainer.py] => Average Accuracy (CNN): 86.826 

2026-07-21 01:45:05,730 [metrics_logger.py] => [metrics] wrote run_logs/final/sketchlora/metrics_sketchlora_imagenetr_scale1_lr1e3_20ep_check_sketchlora_imagenetr_eps001_s1993.json
2026-07-21 01:45:05,731 [trainer.py] => Forgetting (CNN): 18.4625
2026-07-21 01:45:05,731 [trainer.py] => Forgetting (NME): 18.4625
2026-07-21 01:45:05,731 [trainer.py] => Forgetting (TIL): 3.4750000000000014
