2026-07-20 22:29:14,560 [trainer.py] => config: exps/review/scale1_lr4x_check/sketchlora_imagenetr_eps003.json
2026-07-20 22:29:14,560 [trainer.py] => prefix: scale1_lr4x_check_sketchlora_imagenetr_eps003
2026-07-20 22:29:14,560 [trainer.py] => dataset: imagenetr
2026-07-20 22:29:14,560 [trainer.py] => memory_size: 0
2026-07-20 22:29:14,560 [trainer.py] => memory_per_class: 0
2026-07-20 22:29:14,560 [trainer.py] => fixed_memory: False
2026-07-20 22:29:14,560 [trainer.py] => shuffle: True
2026-07-20 22:29:14,560 [trainer.py] => init_cls: 10
2026-07-20 22:29:14,560 [trainer.py] => increment: 10
2026-07-20 22:29:14,560 [trainer.py] => model_name: sketchlora
2026-07-20 22:29:14,560 [trainer.py] => backbone_type: vit_base_patch16_224_lora
2026-07-20 22:29:14,560 [trainer.py] => device: [device(type='cuda', index=0)]
2026-07-20 22:29:14,560 [trainer.py] => seed: 1993
2026-07-20 22:29:14,560 [trainer.py] => scenario: both
2026-07-20 22:29:14,560 [trainer.py] => lora_rank: 10
2026-07-20 22:29:14,560 [trainer.py] => lora_alpha: None
2026-07-20 22:29:14,561 [trainer.py] => lora_merge: True
2026-07-20 22:29:14,561 [trainer.py] => lora_train_merge: True
2026-07-20 22:29:14,561 [trainer.py] => svd_rank: 10
2026-07-20 22:29:14,561 [trainer.py] => svd_oversampling: 10
2026-07-20 22:29:14,561 [trainer.py] => svd_energy_target: 0.03
2026-07-20 22:29:14,561 [trainer.py] => lora_n_slots: 2
2026-07-20 22:29:14,561 [trainer.py] => tuned_epoch: 10
2026-07-20 22:29:14,561 [trainer.py] => init_lr: 0.002
2026-07-20 22:29:14,561 [trainer.py] => batch_size: 48
2026-07-20 22:29:14,561 [trainer.py] => weight_decay: 0.0005
2026-07-20 22:29:14,561 [trainer.py] => min_lr: 0.0
2026-07-20 22:29:14,561 [trainer.py] => pretrained: True
2026-07-20 22:29:14,561 [trainer.py] => print_forget: True
2026-07-20 22:29:14,561 [trainer.py] => stop_after_tasks: 5
2026-07-20 22:29:14,561 [trainer.py] => final_metrics: True
2026-07-20 22:29:14,646 [data_manager.py] => [168, 136, 51, 9, 183, 101, 171, 99, 42, 159, 191, 70, 16, 188, 27, 10, 175, 26, 68, 187, 98, 6, 85, 35, 112, 43, 100, 0, 103, 181, 88, 59, 4, 2, 116, 174, 94, 80, 106, 1, 147, 17, 141, 131, 72, 23, 173, 54, 197, 118, 87, 32, 79, 104, 91, 19, 135, 107, 178, 36, 11, 199, 142, 8, 122, 3, 28, 57, 153, 172, 190, 56, 49, 44, 97, 62, 151, 169, 194, 55, 192, 12, 189, 78, 66, 180, 15, 137, 109, 134, 92, 119, 126, 52, 170, 40, 148, 65, 144, 64, 138, 45, 77, 89, 154, 90, 71, 193, 74, 30, 113, 143, 96, 84, 67, 50, 186, 156, 69, 21, 18, 111, 108, 58, 125, 157, 150, 110, 182, 129, 166, 83, 81, 60, 13, 165, 14, 176, 63, 117, 5, 22, 145, 121, 38, 41, 82, 127, 114, 20, 31, 53, 37, 163, 196, 130, 152, 162, 86, 76, 24, 34, 184, 149, 33, 128, 198, 155, 146, 167, 139, 120, 140, 102, 47, 25, 158, 123, 46, 164, 61, 7, 115, 75, 133, 160, 105, 132, 179, 124, 48, 73, 93, 39, 95, 195, 29, 177, 185, 161]
2026-07-20 22:29:17,436 [trainer.py] => stop_after_tasks=5 (of 20 total)
2026-07-20 22:29:17,828 [trainer.py] => All params: 86535936
2026-07-20 22:29:17,829 [trainer.py] => Trainable params: 737280
2026-07-20 22:29:17,830 [lora.py] => Learning on 0-10
2026-07-20 22:29:17,832 [lora.py] => Trainable params this task: 376,330 / 86,543,626
2026-07-20 23:10:35,044 [trainer.py] => config: exps/review/scale1_lr4x_check/sketchlora_imagenetr_eps003.json
2026-07-20 23:10:35,044 [trainer.py] => prefix: scale1_lr4x_check_sketchlora_imagenetr_eps003
2026-07-20 23:10:35,044 [trainer.py] => dataset: imagenetr
2026-07-20 23:10:35,044 [trainer.py] => memory_size: 0
2026-07-20 23:10:35,044 [trainer.py] => memory_per_class: 0
2026-07-20 23:10:35,044 [trainer.py] => fixed_memory: False
2026-07-20 23:10:35,044 [trainer.py] => shuffle: True
2026-07-20 23:10:35,044 [trainer.py] => init_cls: 10
2026-07-20 23:10:35,044 [trainer.py] => increment: 10
2026-07-20 23:10:35,044 [trainer.py] => model_name: sketchlora
2026-07-20 23:10:35,044 [trainer.py] => backbone_type: vit_base_patch16_224_lora
2026-07-20 23:10:35,044 [trainer.py] => device: [device(type='cuda', index=0)]
2026-07-20 23:10:35,044 [trainer.py] => seed: 1993
2026-07-20 23:10:35,044 [trainer.py] => scenario: both
2026-07-20 23:10:35,044 [trainer.py] => lora_rank: 10
2026-07-20 23:10:35,044 [trainer.py] => lora_alpha: None
2026-07-20 23:10:35,044 [trainer.py] => lora_merge: True
2026-07-20 23:10:35,044 [trainer.py] => lora_train_merge: True
2026-07-20 23:10:35,044 [trainer.py] => svd_rank: 10
2026-07-20 23:10:35,045 [trainer.py] => svd_oversampling: 10
2026-07-20 23:10:35,045 [trainer.py] => svd_energy_target: 0.03
2026-07-20 23:10:35,045 [trainer.py] => lora_n_slots: 2
2026-07-20 23:10:35,045 [trainer.py] => tuned_epoch: 10
2026-07-20 23:10:35,045 [trainer.py] => init_lr: 0.002
2026-07-20 23:10:35,045 [trainer.py] => batch_size: 48
2026-07-20 23:10:35,045 [trainer.py] => weight_decay: 0.0005
2026-07-20 23:10:35,045 [trainer.py] => min_lr: 0.0
2026-07-20 23:10:35,045 [trainer.py] => pretrained: True
2026-07-20 23:10:35,045 [trainer.py] => print_forget: True
2026-07-20 23:10:35,045 [trainer.py] => stop_after_tasks: 5
2026-07-20 23:10:35,045 [trainer.py] => final_metrics: True
2026-07-20 23:10:35,132 [data_manager.py] => [168, 136, 51, 9, 183, 101, 171, 99, 42, 159, 191, 70, 16, 188, 27, 10, 175, 26, 68, 187, 98, 6, 85, 35, 112, 43, 100, 0, 103, 181, 88, 59, 4, 2, 116, 174, 94, 80, 106, 1, 147, 17, 141, 131, 72, 23, 173, 54, 197, 118, 87, 32, 79, 104, 91, 19, 135, 107, 178, 36, 11, 199, 142, 8, 122, 3, 28, 57, 153, 172, 190, 56, 49, 44, 97, 62, 151, 169, 194, 55, 192, 12, 189, 78, 66, 180, 15, 137, 109, 134, 92, 119, 126, 52, 170, 40, 148, 65, 144, 64, 138, 45, 77, 89, 154, 90, 71, 193, 74, 30, 113, 143, 96, 84, 67, 50, 186, 156, 69, 21, 18, 111, 108, 58, 125, 157, 150, 110, 182, 129, 166, 83, 81, 60, 13, 165, 14, 176, 63, 117, 5, 22, 145, 121, 38, 41, 82, 127, 114, 20, 31, 53, 37, 163, 196, 130, 152, 162, 86, 76, 24, 34, 184, 149, 33, 128, 198, 155, 146, 167, 139, 120, 140, 102, 47, 25, 158, 123, 46, 164, 61, 7, 115, 75, 133, 160, 105, 132, 179, 124, 48, 73, 93, 39, 95, 195, 29, 177, 185, 161]
2026-07-20 23:10:37,739 [trainer.py] => stop_after_tasks=5 (of 20 total)
2026-07-20 23:10:38,292 [trainer.py] => All params: 86535936
2026-07-20 23:10:38,293 [trainer.py] => Trainable params: 737280
2026-07-20 23:10:38,293 [lora.py] => Learning on 0-10
2026-07-20 23:10:38,295 [lora.py] => Trainable params this task: 376,330 / 86,543,626
2026-07-20 23:12:04,901 [lora.py] => Task 0 finished. Train_accy 94.96
2026-07-20 23:12:04,932 [sketchlora.py] => [SketchDiag] task 0: retained-energy mean=1.000 min=1.000 | ||ΔW||_F mean=1.906 | r_hat mean=10.0 total=240
2026-07-20 23:12:08,195 [til_base.py] => TIL top1: 94.3
2026-07-20 23:12:08,195 [til_base.py] => CIL top1: 94.3 | TIL top1: 94.3
2026-07-20 23:12:08,197 [trainer.py] => No NME accuracy.
2026-07-20 23:12:08,197 [trainer.py] => CNN: {'total': 94.3, '00-09': 94.3, 'old': 0, 'new': 94.3}
2026-07-20 23:12:08,197 [trainer.py] => CNN top1 curve: [94.3]
2026-07-20 23:12:08,197 [trainer.py] => CNN top5 curve: [99.68]

2026-07-20 23:12:08,197 [trainer.py] => Average Accuracy (CNN): 94.3 

2026-07-20 23:12:08,198 [trainer.py] => All params: 86543626
2026-07-20 23:12:08,198 [trainer.py] => Trainable params: 376330
2026-07-20 23:12:08,199 [lora.py] => Learning on 10-20
2026-07-20 23:12:08,201 [lora.py] => Trainable params this task: 384,020 / 86,551,316
2026-07-20 23:13:48,504 [lora.py] => Task 1 finished. Train_accy 95.77
2026-07-20 23:13:51,526 [sketchlora.py] => [SketchDiag] task 1: retained-energy mean=0.974 min=0.971 | ||ΔW||_F mean=2.986 | r_hat mean=12.7 total=304
2026-07-20 23:13:58,029 [til_base.py] => TIL top1: 95.36
2026-07-20 23:13:58,030 [til_base.py] => CIL top1: 89.28 | TIL top1: 95.36
2026-07-20 23:13:58,031 [trainer.py] => No NME accuracy.
2026-07-20 23:13:58,032 [trainer.py] => CNN: {'total': 89.28, '00-09': 80.38, '10-19': 96.79, 'old': 80.38, 'new': 96.79}
2026-07-20 23:13:58,032 [trainer.py] => CNN top1 curve: [94.3, 89.28]
2026-07-20 23:13:58,032 [trainer.py] => CNN top5 curve: [99.68, 98.41]

2026-07-20 23:13:58,032 [trainer.py] => Average Accuracy (CNN): 91.78999999999999 

2026-07-20 23:13:58,032 [trainer.py] => All params: 86649620
2026-07-20 23:13:58,033 [trainer.py] => Trainable params: 384020
2026-07-20 23:13:58,034 [lora.py] => Learning on 20-30
2026-07-20 23:13:58,036 [lora.py] => Trainable params this task: 391,710 / 86,657,310
2026-07-20 23:15:20,636 [lora.py] => Task 2 finished. Train_accy 95.09
2026-07-20 23:15:23,459 [sketchlora.py] => [SketchDiag] task 2: retained-energy mean=0.974 min=0.970 | ||ΔW||_F mean=3.610 | r_hat mean=15.9 total=382
2026-07-20 23:15:32,538 [til_base.py] => TIL top1: 94.75
2026-07-20 23:15:32,538 [til_base.py] => CIL top1: 84.86 | TIL top1: 94.75
2026-07-20 23:15:32,540 [trainer.py] => No NME accuracy.
2026-07-20 23:15:32,540 [trainer.py] => CNN: {'total': 84.86, '00-09': 67.72, '10-19': 92.51, '20-29': 93.36, 'old': 81.16, 'new': 93.36}
2026-07-20 23:15:32,540 [trainer.py] => CNN top1 curve: [94.3, 89.28, 84.86]
2026-07-20 23:15:32,540 [trainer.py] => CNN top5 curve: [99.68, 98.41, 97.38]

2026-07-20 23:15:32,540 [trainer.py] => Average Accuracy (CNN): 89.48 

2026-07-20 23:15:32,541 [trainer.py] => All params: 86777118
2026-07-20 23:15:32,541 [trainer.py] => Trainable params: 391710
2026-07-20 23:15:32,542 [lora.py] => Learning on 30-40
2026-07-20 23:15:32,544 [lora.py] => Trainable params this task: 399,400 / 86,784,808
2026-07-20 23:17:02,393 [lora.py] => Task 3 finished. Train_accy 95.38
2026-07-20 23:17:05,258 [sketchlora.py] => [SketchDiag] task 3: retained-energy mean=0.974 min=0.970 | ||ΔW||_F mean=4.223 | r_hat mean=19.0 total=455
2026-07-20 23:17:17,407 [til_base.py] => TIL top1: 94.25
2026-07-20 23:17:17,407 [til_base.py] => CIL top1: 79.94 | TIL top1: 94.25
2026-07-20 23:17:17,409 [trainer.py] => No NME accuracy.
2026-07-20 23:17:17,409 [trainer.py] => CNN: {'total': 79.94, '00-09': 52.53, '10-19': 88.24, '20-29': 83.72, '30-39': 93.33, 'old': 75.48, 'new': 93.33}
2026-07-20 23:17:17,409 [trainer.py] => CNN top1 curve: [94.3, 89.28, 84.86, 79.94]
2026-07-20 23:17:17,409 [trainer.py] => CNN top5 curve: [99.68, 98.41, 97.38, 95.23]

2026-07-20 23:17:17,409 [trainer.py] => Average Accuracy (CNN): 87.095 

2026-07-20 23:17:17,410 [trainer.py] => All params: 86896936
2026-07-20 23:17:17,410 [trainer.py] => Trainable params: 399400
2026-07-20 23:17:17,411 [lora.py] => Learning on 40-50
2026-07-20 23:17:17,413 [lora.py] => Trainable params this task: 407,090 / 86,904,626
2026-07-20 23:18:34,109 [lora.py] => Task 4 finished. Train_accy 94.76
2026-07-20 23:18:37,037 [sketchlora.py] => [SketchDiag] task 4: retained-energy mean=0.975 min=0.968 | ||ΔW||_F mean=4.693 | r_hat mean=21.4 total=514
2026-07-20 23:18:51,800 [til_base.py] => TIL top1: 92.62
2026-07-20 23:18:51,800 [til_base.py] => CIL top1: 77.16 | TIL top1: 92.62
2026-07-20 23:18:51,802 [trainer.py] => No NME accuracy.
2026-07-20 23:18:51,802 [trainer.py] => CNN: {'total': 77.16, '00-09': 48.73, '10-19': 84.22, '20-29': 80.4, '30-39': 86.36, '40-49': 85.56, 'old': 75.4, 'new': 85.56}
2026-07-20 23:18:51,802 [trainer.py] => CNN top1 curve: [94.3, 89.28, 84.86, 79.94, 77.16]
2026-07-20 23:18:51,802 [trainer.py] => CNN top5 curve: [99.68, 98.41, 97.38, 95.23, 93.24]

2026-07-20 23:18:51,802 [trainer.py] => Average Accuracy (CNN): 85.10799999999999 

2026-07-20 23:18:54,907 [metrics_logger.py] => [metrics] wrote run_logs/final/sketchlora/metrics_sketchlora_imagenetr_scale1_lr4x_check_sketchlora_imagenetr_eps003_s1993.json
2026-07-20 23:18:54,907 [trainer.py] => Forgetting (CNN): 19.5175
2026-07-20 23:18:54,907 [trainer.py] => Forgetting (NME): 19.5175
2026-07-20 23:18:54,908 [trainer.py] => Forgetting (TIL): 3.5600000000000023
