2026-07-20 19:26:07,482 [trainer.py] => config: exps/review/seqlora_sketchlora_check/sketchlora_imagenetr_eps005.json
2026-07-20 19:26:07,482 [trainer.py] => prefix: sketchlora_eps_check_imagenetr_eps005
2026-07-20 19:26:07,482 [trainer.py] => dataset: imagenetr
2026-07-20 19:26:07,482 [trainer.py] => memory_size: 0
2026-07-20 19:26:07,482 [trainer.py] => memory_per_class: 0
2026-07-20 19:26:07,482 [trainer.py] => fixed_memory: False
2026-07-20 19:26:07,482 [trainer.py] => shuffle: True
2026-07-20 19:26:07,482 [trainer.py] => init_cls: 10
2026-07-20 19:26:07,482 [trainer.py] => increment: 10
2026-07-20 19:26:07,482 [trainer.py] => model_name: sketchlora
2026-07-20 19:26:07,482 [trainer.py] => backbone_type: vit_base_patch16_224_lora
2026-07-20 19:26:07,482 [trainer.py] => device: [device(type='cuda', index=0)]
2026-07-20 19:26:07,482 [trainer.py] => seed: 1993
2026-07-20 19:26:07,482 [trainer.py] => scenario: both
2026-07-20 19:26:07,483 [trainer.py] => lora_rank: 10
2026-07-20 19:26:07,483 [trainer.py] => lora_alpha: None
2026-07-20 19:26:07,483 [trainer.py] => lora_merge: True
2026-07-20 19:26:07,483 [trainer.py] => lora_train_merge: True
2026-07-20 19:26:07,483 [trainer.py] => svd_rank: 10
2026-07-20 19:26:07,483 [trainer.py] => svd_oversampling: 10
2026-07-20 19:26:07,483 [trainer.py] => svd_energy_target: 0.05
2026-07-20 19:26:07,483 [trainer.py] => lora_n_slots: 2
2026-07-20 19:26:07,483 [trainer.py] => tuned_epoch: 10
2026-07-20 19:26:07,483 [trainer.py] => init_lr: 0.0005
2026-07-20 19:26:07,483 [trainer.py] => batch_size: 48
2026-07-20 19:26:07,483 [trainer.py] => weight_decay: 0.0005
2026-07-20 19:26:07,483 [trainer.py] => min_lr: 0.0
2026-07-20 19:26:07,483 [trainer.py] => pretrained: True
2026-07-20 19:26:07,483 [trainer.py] => print_forget: True
2026-07-20 19:26:07,483 [trainer.py] => stop_after_tasks: 5
2026-07-20 19:26:07,483 [trainer.py] => final_metrics: True
2026-07-20 19:26:07,569 [data_manager.py] => [168, 136, 51, 9, 183, 101, 171, 99, 42, 159, 191, 70, 16, 188, 27, 10, 175, 26, 68, 187, 98, 6, 85, 35, 112, 43, 100, 0, 103, 181, 88, 59, 4, 2, 116, 174, 94, 80, 106, 1, 147, 17, 141, 131, 72, 23, 173, 54, 197, 118, 87, 32, 79, 104, 91, 19, 135, 107, 178, 36, 11, 199, 142, 8, 122, 3, 28, 57, 153, 172, 190, 56, 49, 44, 97, 62, 151, 169, 194, 55, 192, 12, 189, 78, 66, 180, 15, 137, 109, 134, 92, 119, 126, 52, 170, 40, 148, 65, 144, 64, 138, 45, 77, 89, 154, 90, 71, 193, 74, 30, 113, 143, 96, 84, 67, 50, 186, 156, 69, 21, 18, 111, 108, 58, 125, 157, 150, 110, 182, 129, 166, 83, 81, 60, 13, 165, 14, 176, 63, 117, 5, 22, 145, 121, 38, 41, 82, 127, 114, 20, 31, 53, 37, 163, 196, 130, 152, 162, 86, 76, 24, 34, 184, 149, 33, 128, 198, 155, 146, 167, 139, 120, 140, 102, 47, 25, 158, 123, 46, 164, 61, 7, 115, 75, 133, 160, 105, 132, 179, 124, 48, 73, 93, 39, 95, 195, 29, 177, 185, 161]
2026-07-20 19:26:10,223 [trainer.py] => stop_after_tasks=5 (of 20 total)
2026-07-20 19:26:10,760 [trainer.py] => All params: 86535936
2026-07-20 19:26:10,761 [trainer.py] => Trainable params: 737280
2026-07-20 19:26:10,761 [lora.py] => Learning on 0-10
2026-07-20 19:26:10,763 [lora.py] => Trainable params this task: 376,330 / 86,543,626
2026-07-20 19:27:35,888 [lora.py] => Task 0 finished. Train_accy 91.94
2026-07-20 19:27:38,508 [sketchlora.py] => [SketchDiag] task 0: retained-energy mean=0.965 min=0.951 | ||ΔW||_F mean=0.516 | r_hat mean=6.2 total=148
2026-07-20 19:27:41,857 [til_base.py] => TIL top1: 93.67
2026-07-20 19:27:41,857 [til_base.py] => CIL top1: 93.67 | TIL top1: 93.67
2026-07-20 19:27:41,859 [trainer.py] => No NME accuracy.
2026-07-20 19:27:41,859 [trainer.py] => CNN: {'total': 93.67, '00-09': 93.67, 'old': 0, 'new': 93.67}
2026-07-20 19:27:41,859 [trainer.py] => CNN top1 curve: [93.67]
2026-07-20 19:27:41,859 [trainer.py] => CNN top5 curve: [99.05]

2026-07-20 19:27:41,859 [trainer.py] => Average Accuracy (CNN): 93.67 

2026-07-20 19:27:41,860 [trainer.py] => All params: 86402314
2026-07-20 19:27:41,860 [trainer.py] => Trainable params: 376330
2026-07-20 19:27:41,861 [lora.py] => Learning on 10-20
2026-07-20 19:27:41,863 [lora.py] => Trainable params this task: 384,020 / 86,410,004
2026-07-20 19:29:20,812 [lora.py] => Task 1 finished. Train_accy 93.19
2026-07-20 19:29:23,510 [sketchlora.py] => [SketchDiag] task 1: retained-energy mean=0.959 min=0.950 | ||ΔW||_F mean=0.742 | r_hat mean=9.5 total=229
2026-07-20 19:29:30,051 [til_base.py] => TIL top1: 92.75
2026-07-20 19:29:30,051 [til_base.py] => CIL top1: 85.22 | TIL top1: 92.75
2026-07-20 19:29:30,052 [trainer.py] => No NME accuracy.
2026-07-20 19:29:30,052 [trainer.py] => CNN: {'total': 85.22, '00-09': 73.42, '10-19': 95.19, 'old': 73.42, 'new': 95.19}
2026-07-20 19:29:30,053 [trainer.py] => CNN top1 curve: [93.67, 85.22]
2026-07-20 19:29:30,053 [trainer.py] => CNN top5 curve: [99.05, 97.54]

2026-07-20 19:29:30,053 [trainer.py] => Average Accuracy (CNN): 89.445 

2026-07-20 19:29:30,053 [trainer.py] => All params: 86534420
2026-07-20 19:29:30,054 [trainer.py] => Trainable params: 384020
2026-07-20 19:29:30,055 [lora.py] => Learning on 20-30
2026-07-20 19:29:30,057 [lora.py] => Trainable params this task: 391,710 / 86,542,110
2026-07-20 19:30:51,410 [lora.py] => Task 2 finished. Train_accy 91.07
2026-07-20 19:30:54,331 [sketchlora.py] => [SketchDiag] task 2: retained-energy mean=0.958 min=0.950 | ||ΔW||_F mean=0.877 | r_hat mean=12.0 total=288
2026-07-20 19:31:03,524 [til_base.py] => TIL top1: 92.84
2026-07-20 19:31:03,524 [til_base.py] => CIL top1: 82.04 | TIL top1: 92.84
2026-07-20 19:31:03,526 [trainer.py] => No NME accuracy.
2026-07-20 19:31:03,526 [trainer.py] => CNN: {'total': 82.04, '00-09': 67.72, '10-19': 87.43, '20-29': 90.37, 'old': 78.41, 'new': 90.37}
2026-07-20 19:31:03,526 [trainer.py] => CNN top1 curve: [93.67, 85.22, 82.04]
2026-07-20 19:31:03,526 [trainer.py] => CNN top5 curve: [99.05, 97.54, 96.27]

2026-07-20 19:31:03,526 [trainer.py] => Average Accuracy (CNN): 86.97666666666667 

2026-07-20 19:31:03,527 [trainer.py] => All params: 86632734
2026-07-20 19:31:03,527 [trainer.py] => Trainable params: 391710
2026-07-20 19:31:03,528 [lora.py] => Learning on 30-40
2026-07-20 19:31:03,530 [lora.py] => Trainable params this task: 399,400 / 86,640,424
2026-07-20 19:32:32,076 [lora.py] => Task 3 finished. Train_accy 90.01
2026-07-20 19:32:34,969 [sketchlora.py] => [SketchDiag] task 3: retained-energy mean=0.956 min=0.951 | ||ΔW||_F mean=1.006 | r_hat mean=13.9 total=334
2026-07-20 19:32:47,207 [til_base.py] => TIL top1: 91.45
2026-07-20 19:32:47,207 [til_base.py] => CIL top1: 76.61 | TIL top1: 91.45
2026-07-20 19:32:47,209 [trainer.py] => No NME accuracy.
2026-07-20 19:32:47,209 [trainer.py] => CNN: {'total': 76.61, '00-09': 62.34, '10-19': 75.13, '20-29': 79.4, '30-39': 89.39, 'old': 72.35, 'new': 89.39}
2026-07-20 19:32:47,209 [trainer.py] => CNN top1 curve: [93.67, 85.22, 82.04, 76.61]
2026-07-20 19:32:47,209 [trainer.py] => CNN top5 curve: [99.05, 97.54, 96.27, 92.88]

2026-07-20 19:32:47,209 [trainer.py] => Average Accuracy (CNN): 84.385 

2026-07-20 19:32:47,210 [trainer.py] => All params: 86711080
2026-07-20 19:32:47,211 [trainer.py] => Trainable params: 399400
2026-07-20 19:32:47,212 [lora.py] => Learning on 40-50
2026-07-20 19:32:47,214 [lora.py] => Trainable params this task: 407,090 / 86,718,770
2026-07-20 19:34:02,494 [lora.py] => Task 4 finished. Train_accy 88.90
2026-07-20 19:34:05,327 [sketchlora.py] => [SketchDiag] task 4: retained-energy mean=0.958 min=0.950 | ||ΔW||_F mean=1.102 | r_hat mean=15.5 total=372
2026-07-20 19:34:20,168 [til_base.py] => TIL top1: 89.24
2026-07-20 19:34:20,169 [til_base.py] => CIL top1: 72.72 | TIL top1: 89.24
2026-07-20 19:34:20,170 [trainer.py] => No NME accuracy.
2026-07-20 19:34:20,171 [trainer.py] => CNN: {'total': 72.72, '00-09': 61.08, '10-19': 63.64, '20-29': 75.75, '30-39': 80.0, '40-49': 86.28, 'old': 69.87, 'new': 86.28}
2026-07-20 19:34:20,171 [trainer.py] => CNN top1 curve: [93.67, 85.22, 82.04, 76.61, 72.72]
2026-07-20 19:34:20,171 [trainer.py] => CNN top5 curve: [99.05, 97.54, 96.27, 92.88, 88.92]

2026-07-20 19:34:20,171 [trainer.py] => Average Accuracy (CNN): 82.05199999999999 

2026-07-20 19:34:23,274 [metrics_logger.py] => [metrics] wrote run_logs/final/sketchlora/metrics_sketchlora_imagenetr_sketchlora_eps_check_imagenetr_eps005_s1993.json
2026-07-20 19:34:23,275 [trainer.py] => Forgetting (CNN): 22.0375
2026-07-20 19:34:23,275 [trainer.py] => Forgetting (NME): 22.0375
2026-07-20 19:34:23,275 [trainer.py] => Forgetting (TIL): 5.845000000000002
2026-07-20 20:00:11,161 [trainer.py] => config: exps/review/seqlora_sketchlora_check/sketchlora_imagenetr_eps005.json
2026-07-20 20:00:11,161 [trainer.py] => prefix: sketchlora_eps_check_imagenetr_eps005
2026-07-20 20:00:11,161 [trainer.py] => dataset: imagenetr
2026-07-20 20:00:11,161 [trainer.py] => memory_size: 0
2026-07-20 20:00:11,161 [trainer.py] => memory_per_class: 0
2026-07-20 20:00:11,161 [trainer.py] => fixed_memory: False
2026-07-20 20:00:11,161 [trainer.py] => shuffle: True
2026-07-20 20:00:11,161 [trainer.py] => init_cls: 10
2026-07-20 20:00:11,161 [trainer.py] => increment: 10
2026-07-20 20:00:11,161 [trainer.py] => model_name: sketchlora
2026-07-20 20:00:11,161 [trainer.py] => backbone_type: vit_base_patch16_224_lora
2026-07-20 20:00:11,161 [trainer.py] => device: [device(type='cuda', index=0)]
2026-07-20 20:00:11,161 [trainer.py] => seed: 1993
2026-07-20 20:00:11,161 [trainer.py] => scenario: both
2026-07-20 20:00:11,162 [trainer.py] => lora_rank: 10
2026-07-20 20:00:11,162 [trainer.py] => lora_alpha: None
2026-07-20 20:00:11,162 [trainer.py] => lora_merge: True
2026-07-20 20:00:11,162 [trainer.py] => lora_train_merge: True
2026-07-20 20:00:11,162 [trainer.py] => svd_rank: 10
2026-07-20 20:00:11,162 [trainer.py] => svd_oversampling: 10
2026-07-20 20:00:11,162 [trainer.py] => svd_energy_target: 0.05
2026-07-20 20:00:11,162 [trainer.py] => lora_n_slots: 2
2026-07-20 20:00:11,162 [trainer.py] => tuned_epoch: 10
2026-07-20 20:00:11,162 [trainer.py] => init_lr: 0.0005
2026-07-20 20:00:11,162 [trainer.py] => batch_size: 48
2026-07-20 20:00:11,162 [trainer.py] => weight_decay: 0.0005
2026-07-20 20:00:11,162 [trainer.py] => min_lr: 0.0
2026-07-20 20:00:11,162 [trainer.py] => pretrained: True
2026-07-20 20:00:11,162 [trainer.py] => print_forget: True
2026-07-20 20:00:11,162 [trainer.py] => stop_after_tasks: 5
2026-07-20 20:00:11,162 [trainer.py] => final_metrics: True
2026-07-20 20:00:11,249 [data_manager.py] => [168, 136, 51, 9, 183, 101, 171, 99, 42, 159, 191, 70, 16, 188, 27, 10, 175, 26, 68, 187, 98, 6, 85, 35, 112, 43, 100, 0, 103, 181, 88, 59, 4, 2, 116, 174, 94, 80, 106, 1, 147, 17, 141, 131, 72, 23, 173, 54, 197, 118, 87, 32, 79, 104, 91, 19, 135, 107, 178, 36, 11, 199, 142, 8, 122, 3, 28, 57, 153, 172, 190, 56, 49, 44, 97, 62, 151, 169, 194, 55, 192, 12, 189, 78, 66, 180, 15, 137, 109, 134, 92, 119, 126, 52, 170, 40, 148, 65, 144, 64, 138, 45, 77, 89, 154, 90, 71, 193, 74, 30, 113, 143, 96, 84, 67, 50, 186, 156, 69, 21, 18, 111, 108, 58, 125, 157, 150, 110, 182, 129, 166, 83, 81, 60, 13, 165, 14, 176, 63, 117, 5, 22, 145, 121, 38, 41, 82, 127, 114, 20, 31, 53, 37, 163, 196, 130, 152, 162, 86, 76, 24, 34, 184, 149, 33, 128, 198, 155, 146, 167, 139, 120, 140, 102, 47, 25, 158, 123, 46, 164, 61, 7, 115, 75, 133, 160, 105, 132, 179, 124, 48, 73, 93, 39, 95, 195, 29, 177, 185, 161]
2026-07-20 20:00:13,925 [trainer.py] => stop_after_tasks=5 (of 20 total)
2026-07-20 20:00:14,543 [trainer.py] => All params: 86535936
2026-07-20 20:00:14,545 [trainer.py] => Trainable params: 737280
2026-07-20 20:00:14,545 [lora.py] => Learning on 0-10
2026-07-20 20:00:14,549 [lora.py] => Trainable params this task: 376,330 / 86,543,626
2026-07-20 20:01:39,733 [lora.py] => Task 0 finished. Train_accy 91.94
2026-07-20 20:01:39,764 [sketchlora.py] => [SketchDiag] task 0: retained-energy mean=1.000 min=1.000 | ||ΔW||_F mean=0.516 | r_hat mean=10.0 total=240
2026-07-20 20:01:43,076 [til_base.py] => TIL top1: 93.99
2026-07-20 20:01:43,077 [til_base.py] => CIL top1: 93.99 | TIL top1: 93.99
2026-07-20 20:01:43,079 [trainer.py] => No NME accuracy.
2026-07-20 20:01:43,079 [trainer.py] => CNN: {'total': 93.99, '00-09': 93.99, 'old': 0, 'new': 93.99}
2026-07-20 20:01:43,080 [trainer.py] => CNN top1 curve: [93.99]
2026-07-20 20:01:43,080 [trainer.py] => CNN top5 curve: [99.05]

2026-07-20 20:01:43,080 [trainer.py] => Average Accuracy (CNN): 93.99 

2026-07-20 20:01:43,081 [trainer.py] => All params: 86543626
2026-07-20 20:01:43,082 [trainer.py] => Trainable params: 376330
2026-07-20 20:01:43,083 [lora.py] => Learning on 10-20
2026-07-20 20:01:43,087 [lora.py] => Trainable params this task: 384,020 / 86,551,316
2026-07-20 20:03:21,163 [lora.py] => Task 1 finished. Train_accy 93.39
2026-07-20 20:03:24,204 [sketchlora.py] => [SketchDiag] task 1: retained-energy mean=0.956 min=0.946 | ||ΔW||_F mean=0.768 | r_hat mean=10.5 total=253
2026-07-20 20:03:30,680 [til_base.py] => TIL top1: 93.33
2026-07-20 20:03:30,680 [til_base.py] => CIL top1: 86.67 | TIL top1: 93.33
2026-07-20 20:03:30,682 [trainer.py] => No NME accuracy.
2026-07-20 20:03:30,682 [trainer.py] => CNN: {'total': 86.67, '00-09': 75.95, '10-19': 95.72, 'old': 75.95, 'new': 95.72}
2026-07-20 20:03:30,682 [trainer.py] => CNN top1 curve: [93.99, 86.67]
2026-07-20 20:03:30,682 [trainer.py] => CNN top5 curve: [99.05, 97.39]

2026-07-20 20:03:30,682 [trainer.py] => Average Accuracy (CNN): 90.33 

2026-07-20 20:03:30,682 [trainer.py] => All params: 86571284
2026-07-20 20:03:30,683 [trainer.py] => Trainable params: 384020
2026-07-20 20:03:30,684 [lora.py] => Learning on 20-30
2026-07-20 20:03:30,686 [lora.py] => Trainable params this task: 391,710 / 86,578,974
2026-07-20 20:04:51,219 [lora.py] => Task 2 finished. Train_accy 90.50
2026-07-20 20:04:54,040 [sketchlora.py] => [SketchDiag] task 2: retained-energy mean=0.957 min=0.948 | ||ΔW||_F mean=0.896 | r_hat mean=12.6 total=303
2026-07-20 20:05:03,117 [til_base.py] => TIL top1: 92.73
2026-07-20 20:05:03,117 [til_base.py] => CIL top1: 78.0 | TIL top1: 92.73
2026-07-20 20:05:03,119 [trainer.py] => No NME accuracy.
2026-07-20 20:05:03,119 [trainer.py] => CNN: {'total': 78.0, '00-09': 58.86, '10-19': 82.89, '20-29': 92.03, 'old': 71.88, 'new': 92.03}
2026-07-20 20:05:03,119 [trainer.py] => CNN top1 curve: [93.99, 86.67, 78.0]
2026-07-20 20:05:03,119 [trainer.py] => CNN top5 curve: [99.05, 97.39, 94.95]

2026-07-20 20:05:03,119 [trainer.py] => Average Accuracy (CNN): 86.21999999999998 

2026-07-20 20:05:03,120 [trainer.py] => All params: 86655774
2026-07-20 20:05:03,120 [trainer.py] => Trainable params: 391710
2026-07-20 20:05:03,121 [lora.py] => Learning on 30-40
2026-07-20 20:05:03,123 [lora.py] => Trainable params this task: 399,400 / 86,663,464
2026-07-20 20:06:30,864 [lora.py] => Task 3 finished. Train_accy 91.88
2026-07-20 20:06:33,771 [sketchlora.py] => [SketchDiag] task 3: retained-energy mean=0.955 min=0.950 | ||ΔW||_F mean=1.012 | r_hat mean=14.2 total=341
2026-07-20 20:06:45,882 [til_base.py] => TIL top1: 92.58
2026-07-20 20:06:45,883 [til_base.py] => CIL top1: 76.31 | TIL top1: 92.58
2026-07-20 20:06:45,884 [trainer.py] => No NME accuracy.
2026-07-20 20:06:45,885 [trainer.py] => CNN: {'total': 76.31, '00-09': 57.59, '10-19': 76.47, '20-29': 80.73, '30-39': 90.0, 'old': 71.75, 'new': 90.0}
2026-07-20 20:06:45,885 [trainer.py] => CNN top1 curve: [93.99, 86.67, 78.0, 76.31]
2026-07-20 20:06:45,885 [trainer.py] => CNN top5 curve: [99.05, 97.39, 94.95, 94.7]

2026-07-20 20:06:45,885 [trainer.py] => Average Accuracy (CNN): 83.74249999999999 

2026-07-20 20:06:45,885 [trainer.py] => All params: 86721832
2026-07-20 20:06:45,886 [trainer.py] => Trainable params: 399400
2026-07-20 20:06:45,887 [lora.py] => Learning on 40-50
2026-07-20 20:06:45,889 [lora.py] => Trainable params this task: 407,090 / 86,729,522
2026-07-20 20:08:00,570 [lora.py] => Task 4 finished. Train_accy 90.94
2026-07-20 20:08:03,478 [sketchlora.py] => [SketchDiag] task 4: retained-energy mean=0.957 min=0.950 | ||ΔW||_F mean=1.101 | r_hat mean=15.7 total=376
2026-07-20 20:08:18,129 [til_base.py] => TIL top1: 89.05
2026-07-20 20:08:18,130 [til_base.py] => CIL top1: 72.53 | TIL top1: 89.05
2026-07-20 20:08:18,132 [trainer.py] => No NME accuracy.
2026-07-20 20:08:18,132 [trainer.py] => CNN: {'total': 72.53, '00-09': 55.7, '10-19': 72.19, '20-29': 71.43, '30-39': 77.58, '40-49': 87.36, 'old': 69.42, 'new': 87.36}
2026-07-20 20:08:18,132 [trainer.py] => CNN top1 curve: [93.99, 86.67, 78.0, 76.31, 72.53]
2026-07-20 20:08:18,132 [trainer.py] => CNN top5 curve: [99.05, 97.39, 94.95, 94.7, 89.92]

2026-07-20 20:08:18,132 [trainer.py] => Average Accuracy (CNN): 81.5 

2026-07-20 20:08:21,221 [metrics_logger.py] => [metrics] wrote run_logs/final/sketchlora/metrics_sketchlora_imagenetr_sketchlora_eps_check_imagenetr_eps005_s1993.json
2026-07-20 20:08:21,222 [trainer.py] => Forgetting (CNN): 23.709999999999997
2026-07-20 20:08:21,222 [trainer.py] => Forgetting (NME): 23.709999999999997
2026-07-20 20:08:21,222 [trainer.py] => Forgetting (TIL): 7.162500000000001
2026-07-20 23:23:36,926 [trainer.py] => config: exps/review/seqlora_sketchlora_check/sketchlora_imagenetr_eps005.json
2026-07-20 23:23:36,926 [trainer.py] => prefix: sketchlora_eps_check_imagenetr_eps005
2026-07-20 23:23:36,926 [trainer.py] => dataset: imagenetr
2026-07-20 23:23:36,926 [trainer.py] => memory_size: 0
2026-07-20 23:23:36,926 [trainer.py] => memory_per_class: 0
2026-07-20 23:23:36,926 [trainer.py] => fixed_memory: False
2026-07-20 23:23:36,926 [trainer.py] => shuffle: True
2026-07-20 23:23:36,926 [trainer.py] => init_cls: 10
2026-07-20 23:23:36,926 [trainer.py] => increment: 10
2026-07-20 23:23:36,926 [trainer.py] => model_name: sketchlora
2026-07-20 23:23:36,926 [trainer.py] => backbone_type: vit_base_patch16_224_lora
2026-07-20 23:23:36,926 [trainer.py] => device: [device(type='cuda', index=0)]
2026-07-20 23:23:36,926 [trainer.py] => seed: 1993
2026-07-20 23:23:36,926 [trainer.py] => scenario: both
2026-07-20 23:23:36,926 [trainer.py] => lora_rank: 10
2026-07-20 23:23:36,926 [trainer.py] => lora_alpha: 40
2026-07-20 23:23:36,926 [trainer.py] => lora_merge: True
2026-07-20 23:23:36,926 [trainer.py] => lora_train_merge: True
2026-07-20 23:23:36,926 [trainer.py] => svd_rank: 10
2026-07-20 23:23:36,926 [trainer.py] => svd_oversampling: 10
2026-07-20 23:23:36,927 [trainer.py] => svd_energy_target: 0.05
2026-07-20 23:23:36,927 [trainer.py] => lora_n_slots: 2
2026-07-20 23:23:36,927 [trainer.py] => tuned_epoch: 10
2026-07-20 23:23:36,927 [trainer.py] => init_lr: 0.0005
2026-07-20 23:23:36,927 [trainer.py] => batch_size: 48
2026-07-20 23:23:36,927 [trainer.py] => weight_decay: 0.0005
2026-07-20 23:23:36,927 [trainer.py] => min_lr: 0.0
2026-07-20 23:23:36,927 [trainer.py] => pretrained: True
2026-07-20 23:23:36,927 [trainer.py] => print_forget: True
2026-07-20 23:23:36,927 [trainer.py] => stop_after_tasks: 5
2026-07-20 23:23:36,927 [trainer.py] => final_metrics: True
2026-07-20 23:23:37,013 [data_manager.py] => [168, 136, 51, 9, 183, 101, 171, 99, 42, 159, 191, 70, 16, 188, 27, 10, 175, 26, 68, 187, 98, 6, 85, 35, 112, 43, 100, 0, 103, 181, 88, 59, 4, 2, 116, 174, 94, 80, 106, 1, 147, 17, 141, 131, 72, 23, 173, 54, 197, 118, 87, 32, 79, 104, 91, 19, 135, 107, 178, 36, 11, 199, 142, 8, 122, 3, 28, 57, 153, 172, 190, 56, 49, 44, 97, 62, 151, 169, 194, 55, 192, 12, 189, 78, 66, 180, 15, 137, 109, 134, 92, 119, 126, 52, 170, 40, 148, 65, 144, 64, 138, 45, 77, 89, 154, 90, 71, 193, 74, 30, 113, 143, 96, 84, 67, 50, 186, 156, 69, 21, 18, 111, 108, 58, 125, 157, 150, 110, 182, 129, 166, 83, 81, 60, 13, 165, 14, 176, 63, 117, 5, 22, 145, 121, 38, 41, 82, 127, 114, 20, 31, 53, 37, 163, 196, 130, 152, 162, 86, 76, 24, 34, 184, 149, 33, 128, 198, 155, 146, 167, 139, 120, 140, 102, 47, 25, 158, 123, 46, 164, 61, 7, 115, 75, 133, 160, 105, 132, 179, 124, 48, 73, 93, 39, 95, 195, 29, 177, 185, 161]
2026-07-20 23:23:39,615 [trainer.py] => stop_after_tasks=5 (of 20 total)
2026-07-20 23:23:40,223 [trainer.py] => All params: 86535936
2026-07-20 23:23:40,224 [trainer.py] => Trainable params: 737280
2026-07-20 23:23:40,228 [lora.py] => Learning on 0-10
2026-07-20 23:23:40,230 [lora.py] => Trainable params this task: 376,330 / 86,543,626
2026-07-20 23:26:28,523 [lora.py] => Task 0 finished. Train_accy 93.95
2026-07-20 23:26:28,590 [sketchlora.py] => [SketchDiag] task 0: retained-energy mean=1.000 min=1.000 | ||ΔW||_F mean=0.318 | r_hat mean=10.0 total=240
2026-07-20 23:26:33,610 [til_base.py] => TIL top1: 95.89
2026-07-20 23:26:33,610 [til_base.py] => CIL top1: 95.89 | TIL top1: 95.89
2026-07-20 23:26:33,613 [trainer.py] => No NME accuracy.
2026-07-20 23:26:33,613 [trainer.py] => CNN: {'total': 95.89, '00-09': 95.89, 'old': 0, 'new': 95.89}
2026-07-20 23:26:33,613 [trainer.py] => CNN top1 curve: [95.89]
2026-07-20 23:26:33,613 [trainer.py] => CNN top5 curve: [99.05]

2026-07-20 23:26:33,613 [trainer.py] => Average Accuracy (CNN): 95.89 

2026-07-20 23:26:33,614 [trainer.py] => All params: 86543626
2026-07-20 23:26:33,615 [trainer.py] => Trainable params: 376330
2026-07-20 23:26:33,620 [lora.py] => Learning on 10-20
2026-07-20 23:26:33,623 [lora.py] => Trainable params this task: 384,020 / 86,551,316
2026-07-20 23:29:47,879 [lora.py] => Task 1 finished. Train_accy 94.45
2026-07-20 23:29:56,039 [sketchlora.py] => [SketchDiag] task 1: retained-energy mean=0.958 min=0.946 | ||ΔW||_F mean=0.493 | r_hat mean=14.1 total=338
2026-07-20 23:30:06,477 [til_base.py] => TIL top1: 93.04
2026-07-20 23:30:06,477 [til_base.py] => CIL top1: 86.09 | TIL top1: 93.04
2026-07-20 23:30:06,479 [trainer.py] => No NME accuracy.
2026-07-20 23:30:06,479 [trainer.py] => CNN: {'total': 86.09, '00-09': 75.32, '10-19': 95.19, 'old': 75.32, 'new': 95.19}
2026-07-20 23:30:06,479 [trainer.py] => CNN top1 curve: [95.89, 86.09]
2026-07-20 23:30:06,479 [trainer.py] => CNN top5 curve: [99.05, 97.39]

2026-07-20 23:30:06,479 [trainer.py] => Average Accuracy (CNN): 90.99000000000001 

2026-07-20 23:30:06,480 [trainer.py] => All params: 86701844
2026-07-20 23:30:06,480 [trainer.py] => Trainable params: 384020
2026-07-20 23:30:06,483 [lora.py] => Learning on 20-30
2026-07-20 23:30:06,485 [lora.py] => Trainable params this task: 391,710 / 86,709,534
2026-07-20 23:32:45,784 [lora.py] => Task 2 finished. Train_accy 92.96
2026-07-20 23:32:53,976 [sketchlora.py] => [SketchDiag] task 2: retained-energy mean=0.958 min=0.951 | ||ΔW||_F mean=0.599 | r_hat mean=17.9 total=429
2026-07-20 23:33:08,744 [til_base.py] => TIL top1: 91.32
2026-07-20 23:33:08,744 [til_base.py] => CIL top1: 80.93 | TIL top1: 91.32
2026-07-20 23:33:08,747 [trainer.py] => No NME accuracy.
2026-07-20 23:33:08,747 [trainer.py] => CNN: {'total': 80.93, '00-09': 62.66, '10-19': 88.24, '20-29': 91.03, 'old': 76.52, 'new': 91.03}
2026-07-20 23:33:08,747 [trainer.py] => CNN top1 curve: [95.89, 86.09, 80.93]
2026-07-20 23:33:08,747 [trainer.py] => CNN top5 curve: [99.05, 97.39, 96.27]

2026-07-20 23:33:08,747 [trainer.py] => Average Accuracy (CNN): 87.63666666666667 

2026-07-20 23:33:08,748 [trainer.py] => All params: 86849310
2026-07-20 23:33:08,749 [trainer.py] => Trainable params: 391710
2026-07-20 23:33:08,752 [lora.py] => Learning on 30-40
2026-07-20 23:33:08,756 [lora.py] => Trainable params this task: 399,400 / 86,857,000
2026-07-20 23:36:01,879 [lora.py] => Task 3 finished. Train_accy 93.07
2026-07-20 23:36:10,296 [sketchlora.py] => [SketchDiag] task 3: retained-energy mean=0.957 min=0.950 | ||ΔW||_F mean=0.675 | r_hat mean=20.9 total=502
2026-07-20 23:36:30,073 [til_base.py] => TIL top1: 92.2
2026-07-20 23:36:30,073 [til_base.py] => CIL top1: 78.96 | TIL top1: 92.2
2026-07-20 23:36:30,075 [trainer.py] => No NME accuracy.
2026-07-20 23:36:30,075 [trainer.py] => CNN: {'total': 78.96, '00-09': 59.81, '10-19': 82.09, '20-29': 83.39, '30-39': 89.7, 'old': 75.38, 'new': 89.7}
2026-07-20 23:36:30,075 [trainer.py] => CNN top1 curve: [95.89, 86.09, 80.93, 78.96]
2026-07-20 23:36:30,075 [trainer.py] => CNN top5 curve: [99.05, 97.39, 96.27, 94.63]

2026-07-20 23:36:30,075 [trainer.py] => Average Accuracy (CNN): 85.4675 

2026-07-20 23:36:30,076 [trainer.py] => All params: 86969128
2026-07-20 23:36:30,076 [trainer.py] => Trainable params: 399400
2026-07-20 23:36:30,079 [lora.py] => Learning on 40-50
2026-07-20 23:36:30,081 [lora.py] => Trainable params this task: 407,090 / 86,976,818
2026-07-20 23:38:57,227 [lora.py] => Task 4 finished. Train_accy 91.30
2026-07-20 23:39:05,814 [sketchlora.py] => [SketchDiag] task 4: retained-energy mean=0.958 min=0.951 | ||ΔW||_F mean=0.750 | r_hat mean=23.6 total=567
2026-07-20 23:39:29,008 [til_base.py] => TIL top1: 90.68
2026-07-20 23:39:29,008 [til_base.py] => CIL top1: 72.65 | TIL top1: 90.68
2026-07-20 23:39:29,010 [trainer.py] => No NME accuracy.
2026-07-20 23:39:29,010 [trainer.py] => CNN: {'total': 72.65, '00-09': 48.42, '10-19': 72.19, '20-29': 74.75, '30-39': 81.82, '40-49': 87.73, 'old': 69.49, 'new': 87.73}
2026-07-20 23:39:29,010 [trainer.py] => CNN top1 curve: [95.89, 86.09, 80.93, 78.96, 72.65]
2026-07-20 23:39:29,010 [trainer.py] => CNN top5 curve: [99.05, 97.39, 96.27, 94.63, 91.43]

2026-07-20 23:39:29,010 [trainer.py] => Average Accuracy (CNN): 82.904 

2026-07-20 23:39:33,706 [metrics_logger.py] => [metrics] wrote run_logs/final/sketchlora/metrics_sketchlora_imagenetr_sketchlora_eps_check_imagenetr_eps005_s1993.json
2026-07-20 23:39:33,707 [trainer.py] => Forgetting (CNN): 23.657500000000002
2026-07-20 23:39:33,707 [trainer.py] => Forgetting (NME): 23.657500000000002
2026-07-20 23:39:33,707 [trainer.py] => Forgetting (TIL): 5.229999999999997
