2026-07-28 09:54:33,747 [trainer.py] => config: exps/imagenetr_grid/_patched_inflora_100mb_s1993_gpu1.json
2026-07-28 09:54:33,748 [trainer.py] => dataset: imagenetr
2026-07-28 09:54:33,748 [trainer.py] => memory_size: 0
2026-07-28 09:54:33,748 [trainer.py] => memory_per_class: 0
2026-07-28 09:54:33,748 [trainer.py] => fixed_memory: False
2026-07-28 09:54:33,748 [trainer.py] => shuffle: True
2026-07-28 09:54:33,748 [trainer.py] => init_cls: 10
2026-07-28 09:54:33,748 [trainer.py] => increment: 10
2026-07-28 09:54:33,748 [trainer.py] => scenario: cil
2026-07-28 09:54:33,748 [trainer.py] => pretrained: True
2026-07-28 09:54:33,748 [trainer.py] => print_forget: False
2026-07-28 09:54:33,748 [trainer.py] => final_metrics: False
2026-07-28 09:54:33,748 [trainer.py] => backbone_type: vit_base_patch16_224_lora
2026-07-28 09:54:33,748 [trainer.py] => lora_rank: 10
2026-07-28 09:54:33,748 [trainer.py] => lora_alpha: None
2026-07-28 09:54:33,748 [trainer.py] => batch_size: 48
2026-07-28 09:54:33,748 [trainer.py] => weight_decay: 0.0005
2026-07-28 09:54:33,748 [trainer.py] => min_lr: 0.0
2026-07-28 09:54:33,748 [trainer.py] => tuned_epoch: 20
2026-07-28 09:54:33,748 [trainer.py] => boundary_mode: bounded_memory
2026-07-28 09:54:33,748 [trainer.py] => device: [device(type='cuda', index=1)]
2026-07-28 09:54:33,748 [trainer.py] => model_name: inflora
2026-07-28 09:54:33,748 [trainer.py] => lora_merge: True
2026-07-28 09:54:33,748 [trainer.py] => lamb: 0.975
2026-07-28 09:54:33,748 [trainer.py] => lame: 0.975
2026-07-28 09:54:33,748 [trainer.py] => init_lr: 0.0005
2026-07-28 09:54:33,748 [trainer.py] => seed: 1993
2026-07-28 09:54:33,749 [trainer.py] => bm_budget_mb: 100
2026-07-28 09:54:33,749 [trainer.py] => prefix: imagenetr_grid_100mb_inflora_s1993
2026-07-28 09:54:33,833 [data_manager.py] => [168, 136, 51, 9, 183, 101, 171, 99, 42, 159, 191, 70, 16, 188, 27, 10, 175, 26, 68, 187, 98, 6, 85, 35, 112, 43, 100, 0, 103, 181, 88, 59, 4, 2, 116, 174, 94, 80, 106, 1, 147, 17, 141, 131, 72, 23, 173, 54, 197, 118, 87, 32, 79, 104, 91, 19, 135, 107, 178, 36, 11, 199, 142, 8, 122, 3, 28, 57, 153, 172, 190, 56, 49, 44, 97, 62, 151, 169, 194, 55, 192, 12, 189, 78, 66, 180, 15, 137, 109, 134, 92, 119, 126, 52, 170, 40, 148, 65, 144, 64, 138, 45, 77, 89, 154, 90, 71, 193, 74, 30, 113, 143, 96, 84, 67, 50, 186, 156, 69, 21, 18, 111, 108, 58, 125, 157, 150, 110, 182, 129, 166, 83, 81, 60, 13, 165, 14, 176, 63, 117, 5, 22, 145, 121, 38, 41, 82, 127, 114, 20, 31, 53, 37, 163, 196, 130, 152, 162, 86, 76, 24, 34, 184, 149, 33, 128, 198, 155, 146, 167, 139, 120, 140, 102, 47, 25, 158, 123, 46, 164, 61, 7, 115, 75, 133, 160, 105, 132, 179, 124, 48, 73, 93, 39, 95, 195, 29, 177, 185, 161]
2026-07-28 09:54:36,638 [bounded_memory_mixin.py] => [bounded_mem] budget_mb=100.0 -> cycle=697 images (mean_task=1203.8 images, so this budget is 0.58x mean task size); 24076 total images -> 35 cycles (T=35 sessions); 20 eval checkpoints
2026-07-28 09:56:31,345 [inflora.py] => [InfLoRA] DualGPM threshold: 0.9750
2026-07-28 09:56:32,110 [inflora.py] => [InfLoRA] Layer 1: 10/768 type remove
2026-07-28 09:56:32,110 [inflora.py] => [InfLoRA] Layer 2: 11/768 type remove
2026-07-28 09:56:32,110 [inflora.py] => [InfLoRA] Layer 3: 12/768 type remove
2026-07-28 09:56:32,110 [inflora.py] => [InfLoRA] Layer 4: 11/768 type remove
2026-07-28 09:56:32,110 [inflora.py] => [InfLoRA] Layer 5: 14/768 type remove
2026-07-28 09:56:32,110 [inflora.py] => [InfLoRA] Layer 6: 17/768 type remove
2026-07-28 09:56:32,110 [inflora.py] => [InfLoRA] Layer 7: 21/768 type remove
2026-07-28 09:56:32,110 [inflora.py] => [InfLoRA] Layer 8: 20/768 type remove
2026-07-28 09:56:32,110 [inflora.py] => [InfLoRA] Layer 9: 29/768 type remove
2026-07-28 09:56:32,110 [inflora.py] => [InfLoRA] Layer 10: 23/768 type remove
2026-07-28 09:56:32,110 [inflora.py] => [InfLoRA] Layer 11: 14/768 type remove
2026-07-28 09:56:32,110 [inflora.py] => [InfLoRA] Layer 12: 32/768 type remove
2026-07-28 09:58:25,597 [inflora.py] => [InfLoRA] DualGPM threshold: 0.9750
2026-07-28 09:58:26,913 [inflora.py] => [InfLoRA] Layer 1: 11/768 type remove
2026-07-28 09:58:26,913 [inflora.py] => [InfLoRA] Layer 2: 12/768 type remove
2026-07-28 09:58:26,913 [inflora.py] => [InfLoRA] Layer 3: 14/768 type remove
2026-07-28 09:58:26,913 [inflora.py] => [InfLoRA] Layer 4: 13/768 type remove
2026-07-28 09:58:26,913 [inflora.py] => [InfLoRA] Layer 5: 17/768 type remove
2026-07-28 09:58:26,913 [inflora.py] => [InfLoRA] Layer 6: 20/768 type remove
2026-07-28 09:58:26,913 [inflora.py] => [InfLoRA] Layer 7: 24/768 type remove
2026-07-28 09:58:26,913 [inflora.py] => [InfLoRA] Layer 8: 25/768 type remove
2026-07-28 09:58:26,913 [inflora.py] => [InfLoRA] Layer 9: 37/768 type remove
2026-07-28 09:58:26,913 [inflora.py] => [InfLoRA] Layer 10: 32/768 type remove
2026-07-28 09:58:26,913 [inflora.py] => [InfLoRA] Layer 11: 19/768 type remove
2026-07-28 09:58:26,913 [inflora.py] => [InfLoRA] Layer 12: 42/768 type remove
2026-07-28 09:58:30,655 [bounded_memory_mixin.py] => [bounded_mem eval] volume 0.05 | cycle 1 | classes_seen 20 | CIL top1 71.45 | top5 89.57 | (nearest latent task ~1) | param_hash 8ed6948529b16bfc | per-task [88.92, 56.68]
2026-07-28 10:00:23,671 [inflora.py] => [InfLoRA] DualGPM threshold: 0.9750
2026-07-28 10:00:24,999 [inflora.py] => [InfLoRA] Layer 1: 11/768 type remove
2026-07-28 10:00:24,999 [inflora.py] => [InfLoRA] Layer 2: 12/768 type remove
2026-07-28 10:00:24,999 [inflora.py] => [InfLoRA] Layer 3: 14/768 type remove
2026-07-28 10:00:24,999 [inflora.py] => [InfLoRA] Layer 4: 14/768 type remove
2026-07-28 10:00:24,999 [inflora.py] => [InfLoRA] Layer 5: 19/768 type remove
2026-07-28 10:00:24,999 [inflora.py] => [InfLoRA] Layer 6: 22/768 type remove
2026-07-28 10:00:24,999 [inflora.py] => [InfLoRA] Layer 7: 27/768 type remove
2026-07-28 10:00:24,999 [inflora.py] => [InfLoRA] Layer 8: 29/768 type remove
2026-07-28 10:00:24,999 [inflora.py] => [InfLoRA] Layer 9: 43/768 type remove
2026-07-28 10:00:24,999 [inflora.py] => [InfLoRA] Layer 10: 36/768 type remove
2026-07-28 10:00:24,999 [inflora.py] => [InfLoRA] Layer 11: 22/768 type remove
2026-07-28 10:00:24,999 [inflora.py] => [InfLoRA] Layer 12: 51/768 type remove
2026-07-28 10:02:18,338 [inflora.py] => [InfLoRA] DualGPM threshold: 0.9750
2026-07-28 10:02:19,672 [inflora.py] => [InfLoRA] Layer 1: 11/768 type remove
2026-07-28 10:02:19,672 [inflora.py] => [InfLoRA] Layer 2: 12/768 type remove
2026-07-28 10:02:19,672 [inflora.py] => [InfLoRA] Layer 3: 15/768 type remove
2026-07-28 10:02:19,672 [inflora.py] => [InfLoRA] Layer 4: 14/768 type remove
2026-07-28 10:02:19,672 [inflora.py] => [InfLoRA] Layer 5: 19/768 type remove
2026-07-28 10:02:19,672 [inflora.py] => [InfLoRA] Layer 6: 23/768 type remove
2026-07-28 10:02:19,672 [inflora.py] => [InfLoRA] Layer 7: 29/768 type remove
2026-07-28 10:02:19,672 [inflora.py] => [InfLoRA] Layer 8: 32/768 type remove
2026-07-28 10:02:19,672 [inflora.py] => [InfLoRA] Layer 9: 48/768 type remove
2026-07-28 10:02:19,672 [inflora.py] => [InfLoRA] Layer 10: 40/768 type remove
2026-07-28 10:02:19,672 [inflora.py] => [InfLoRA] Layer 11: 25/768 type remove
2026-07-28 10:02:19,672 [inflora.py] => [InfLoRA] Layer 12: 57/768 type remove
2026-07-28 10:02:23,361 [bounded_memory_mixin.py] => [bounded_mem eval] volume 0.10 | cycle 3 | classes_seen 20 | CIL top1 83.62 | top5 94.78 | (nearest latent task ~1) | param_hash c949c2e21b2d2126 | per-task [86.08, 81.55]
2026-07-28 10:04:17,250 [inflora.py] => [InfLoRA] DualGPM threshold: 0.9750
2026-07-28 10:04:18,596 [inflora.py] => [InfLoRA] Layer 1: 14/768 type remove
2026-07-28 10:04:18,596 [inflora.py] => [InfLoRA] Layer 2: 13/768 type remove
2026-07-28 10:04:18,596 [inflora.py] => [InfLoRA] Layer 3: 16/768 type remove
2026-07-28 10:04:18,596 [inflora.py] => [InfLoRA] Layer 4: 14/768 type remove
2026-07-28 10:04:18,596 [inflora.py] => [InfLoRA] Layer 5: 20/768 type remove
2026-07-28 10:04:18,596 [inflora.py] => [InfLoRA] Layer 6: 24/768 type remove
2026-07-28 10:04:18,596 [inflora.py] => [InfLoRA] Layer 7: 30/768 type remove
2026-07-28 10:04:18,596 [inflora.py] => [InfLoRA] Layer 8: 33/768 type remove
2026-07-28 10:04:18,596 [inflora.py] => [InfLoRA] Layer 9: 49/768 type remove
2026-07-28 10:04:18,596 [inflora.py] => [InfLoRA] Layer 10: 41/768 type remove
2026-07-28 10:04:18,596 [inflora.py] => [InfLoRA] Layer 11: 27/768 type remove
2026-07-28 10:04:18,596 [inflora.py] => [InfLoRA] Layer 12: 63/768 type remove
2026-07-28 10:06:12,265 [inflora.py] => [InfLoRA] DualGPM threshold: 0.9750
2026-07-28 10:06:13,617 [inflora.py] => [InfLoRA] Layer 1: 14/768 type remove
2026-07-28 10:06:13,617 [inflora.py] => [InfLoRA] Layer 2: 13/768 type remove
2026-07-28 10:06:13,617 [inflora.py] => [InfLoRA] Layer 3: 16/768 type remove
2026-07-28 10:06:13,617 [inflora.py] => [InfLoRA] Layer 4: 14/768 type remove
2026-07-28 10:06:13,617 [inflora.py] => [InfLoRA] Layer 5: 20/768 type remove
2026-07-28 10:06:13,617 [inflora.py] => [InfLoRA] Layer 6: 24/768 type remove
2026-07-28 10:06:13,617 [inflora.py] => [InfLoRA] Layer 7: 30/768 type remove
2026-07-28 10:06:13,617 [inflora.py] => [InfLoRA] Layer 8: 33/768 type remove
2026-07-28 10:06:13,617 [inflora.py] => [InfLoRA] Layer 9: 49/768 type remove
2026-07-28 10:06:13,617 [inflora.py] => [InfLoRA] Layer 10: 41/768 type remove
2026-07-28 10:06:13,617 [inflora.py] => [InfLoRA] Layer 11: 27/768 type remove
2026-07-28 10:06:13,617 [inflora.py] => [InfLoRA] Layer 12: 64/768 type remove
2026-07-28 10:06:19,324 [bounded_memory_mixin.py] => [bounded_mem eval] volume 0.15 | cycle 5 | classes_seen 40 | CIL top1 67.15 | top5 84.41 | (nearest latent task ~3) | param_hash 709cb408043478c7 | per-task [85.13, 58.56, 79.07, 48.79]
2026-07-28 10:08:12,642 [inflora.py] => [InfLoRA] DualGPM threshold: 0.9750
2026-07-28 10:08:13,995 [inflora.py] => [InfLoRA] Layer 1: 14/768 type remove
2026-07-28 10:08:13,996 [inflora.py] => [InfLoRA] Layer 2: 13/768 type remove
2026-07-28 10:08:13,996 [inflora.py] => [InfLoRA] Layer 3: 16/768 type remove
2026-07-28 10:08:13,996 [inflora.py] => [InfLoRA] Layer 4: 14/768 type remove
2026-07-28 10:08:13,996 [inflora.py] => [InfLoRA] Layer 5: 20/768 type remove
2026-07-28 10:08:13,996 [inflora.py] => [InfLoRA] Layer 6: 25/768 type remove
2026-07-28 10:08:13,996 [inflora.py] => [InfLoRA] Layer 7: 31/768 type remove
2026-07-28 10:08:13,996 [inflora.py] => [InfLoRA] Layer 8: 34/768 type remove
2026-07-28 10:08:13,996 [inflora.py] => [InfLoRA] Layer 9: 50/768 type remove
2026-07-28 10:08:13,996 [inflora.py] => [InfLoRA] Layer 10: 42/768 type remove
2026-07-28 10:08:13,996 [inflora.py] => [InfLoRA] Layer 11: 28/768 type remove
2026-07-28 10:08:13,996 [inflora.py] => [InfLoRA] Layer 12: 68/768 type remove
2026-07-28 10:08:19,742 [bounded_memory_mixin.py] => [bounded_mem eval] volume 0.20 | cycle 6 | classes_seen 40 | CIL top1 71.54 | top5 88.04 | (nearest latent task ~3) | param_hash ce3fbf42a52cc7d4 | per-task [84.49, 54.28, 75.42, 75.15]
2026-07-28 10:10:13,690 [inflora.py] => [InfLoRA] DualGPM threshold: 0.9750
2026-07-28 10:10:15,040 [inflora.py] => [InfLoRA] Layer 1: 14/768 type remove
2026-07-28 10:10:15,040 [inflora.py] => [InfLoRA] Layer 2: 13/768 type remove
2026-07-28 10:10:15,040 [inflora.py] => [InfLoRA] Layer 3: 16/768 type remove
2026-07-28 10:10:15,040 [inflora.py] => [InfLoRA] Layer 4: 14/768 type remove
2026-07-28 10:10:15,040 [inflora.py] => [InfLoRA] Layer 5: 21/768 type remove
2026-07-28 10:10:15,040 [inflora.py] => [InfLoRA] Layer 6: 26/768 type remove
2026-07-28 10:10:15,040 [inflora.py] => [InfLoRA] Layer 7: 32/768 type remove
2026-07-28 10:10:15,040 [inflora.py] => [InfLoRA] Layer 8: 35/768 type remove
2026-07-28 10:10:15,040 [inflora.py] => [InfLoRA] Layer 9: 52/768 type remove
2026-07-28 10:10:15,040 [inflora.py] => [InfLoRA] Layer 10: 43/768 type remove
2026-07-28 10:10:15,040 [inflora.py] => [InfLoRA] Layer 11: 29/768 type remove
2026-07-28 10:10:15,041 [inflora.py] => [InfLoRA] Layer 12: 70/768 type remove
2026-07-28 10:12:08,402 [inflora.py] => [InfLoRA] DualGPM threshold: 0.9750
2026-07-28 10:12:09,762 [inflora.py] => [InfLoRA] Layer 1: 14/768 type remove
2026-07-28 10:12:09,763 [inflora.py] => [InfLoRA] Layer 2: 13/768 type remove
2026-07-28 10:12:09,763 [inflora.py] => [InfLoRA] Layer 3: 16/768 type remove
2026-07-28 10:12:09,763 [inflora.py] => [InfLoRA] Layer 4: 15/768 type remove
2026-07-28 10:12:09,763 [inflora.py] => [InfLoRA] Layer 5: 21/768 type remove
2026-07-28 10:12:09,763 [inflora.py] => [InfLoRA] Layer 6: 27/768 type remove
2026-07-28 10:12:09,763 [inflora.py] => [InfLoRA] Layer 7: 33/768 type remove
2026-07-28 10:12:09,763 [inflora.py] => [InfLoRA] Layer 8: 36/768 type remove
2026-07-28 10:12:09,763 [inflora.py] => [InfLoRA] Layer 9: 54/768 type remove
2026-07-28 10:12:09,763 [inflora.py] => [InfLoRA] Layer 10: 45/768 type remove
2026-07-28 10:12:09,763 [inflora.py] => [InfLoRA] Layer 11: 30/768 type remove
2026-07-28 10:12:09,763 [inflora.py] => [InfLoRA] Layer 12: 76/768 type remove
2026-07-28 10:12:16,394 [bounded_memory_mixin.py] => [bounded_mem eval] volume 0.25 | cycle 8 | classes_seen 50 | CIL top1 71.34 | top5 85.67 | (nearest latent task ~4) | param_hash 7b24c7b23a0a5de9 | per-task [85.44, 48.66, 71.76, 80.61, 74.37]
2026-07-28 10:14:10,164 [inflora.py] => [InfLoRA] DualGPM threshold: 0.9750
2026-07-28 10:14:11,532 [inflora.py] => [InfLoRA] Layer 1: 14/768 type remove
2026-07-28 10:14:11,532 [inflora.py] => [InfLoRA] Layer 2: 13/768 type remove
2026-07-28 10:14:11,532 [inflora.py] => [InfLoRA] Layer 3: 17/768 type remove
2026-07-28 10:14:11,532 [inflora.py] => [InfLoRA] Layer 4: 15/768 type remove
2026-07-28 10:14:11,532 [inflora.py] => [InfLoRA] Layer 5: 23/768 type remove
2026-07-28 10:14:11,532 [inflora.py] => [InfLoRA] Layer 6: 28/768 type remove
2026-07-28 10:14:11,532 [inflora.py] => [InfLoRA] Layer 7: 36/768 type remove
2026-07-28 10:14:11,532 [inflora.py] => [InfLoRA] Layer 8: 39/768 type remove
2026-07-28 10:14:11,533 [inflora.py] => [InfLoRA] Layer 9: 58/768 type remove
2026-07-28 10:14:11,533 [inflora.py] => [InfLoRA] Layer 10: 48/768 type remove
2026-07-28 10:14:11,533 [inflora.py] => [InfLoRA] Layer 11: 31/768 type remove
2026-07-28 10:14:11,533 [inflora.py] => [InfLoRA] Layer 12: 79/768 type remove
2026-07-28 10:16:05,400 [inflora.py] => [InfLoRA] DualGPM threshold: 0.9750
2026-07-28 10:16:06,772 [inflora.py] => [InfLoRA] Layer 1: 14/768 type remove
2026-07-28 10:16:06,772 [inflora.py] => [InfLoRA] Layer 2: 13/768 type remove
2026-07-28 10:16:06,772 [inflora.py] => [InfLoRA] Layer 3: 17/768 type remove
2026-07-28 10:16:06,772 [inflora.py] => [InfLoRA] Layer 4: 15/768 type remove
2026-07-28 10:16:06,772 [inflora.py] => [InfLoRA] Layer 5: 23/768 type remove
2026-07-28 10:16:06,772 [inflora.py] => [InfLoRA] Layer 6: 29/768 type remove
2026-07-28 10:16:06,772 [inflora.py] => [InfLoRA] Layer 7: 37/768 type remove
2026-07-28 10:16:06,772 [inflora.py] => [InfLoRA] Layer 8: 41/768 type remove
2026-07-28 10:16:06,772 [inflora.py] => [InfLoRA] Layer 9: 63/768 type remove
2026-07-28 10:16:06,772 [inflora.py] => [InfLoRA] Layer 10: 51/768 type remove
2026-07-28 10:16:06,772 [inflora.py] => [InfLoRA] Layer 11: 32/768 type remove
2026-07-28 10:16:06,772 [inflora.py] => [InfLoRA] Layer 12: 82/768 type remove
2026-07-28 10:16:14,401 [bounded_memory_mixin.py] => [bounded_mem eval] volume 0.30 | cycle 10 | classes_seen 60 | CIL top1 69.07 | top5 83.98 | (nearest latent task ~5) | param_hash 282e03d9d058d61a | per-task [85.13, 46.52, 65.45, 81.82, 66.43, 72.22]
2026-07-28 10:18:08,763 [inflora.py] => [InfLoRA] DualGPM threshold: 0.9750
2026-07-28 10:18:10,148 [inflora.py] => [InfLoRA] Layer 1: 14/768 type remove
2026-07-28 10:18:10,148 [inflora.py] => [InfLoRA] Layer 2: 13/768 type remove
2026-07-28 10:18:10,148 [inflora.py] => [InfLoRA] Layer 3: 17/768 type remove
2026-07-28 10:18:10,148 [inflora.py] => [InfLoRA] Layer 4: 15/768 type remove
2026-07-28 10:18:10,149 [inflora.py] => [InfLoRA] Layer 5: 23/768 type remove
2026-07-28 10:18:10,149 [inflora.py] => [InfLoRA] Layer 6: 29/768 type remove
2026-07-28 10:18:10,149 [inflora.py] => [InfLoRA] Layer 7: 38/768 type remove
2026-07-28 10:18:10,149 [inflora.py] => [InfLoRA] Layer 8: 42/768 type remove
2026-07-28 10:18:10,149 [inflora.py] => [InfLoRA] Layer 9: 64/768 type remove
2026-07-28 10:18:10,149 [inflora.py] => [InfLoRA] Layer 10: 52/768 type remove
2026-07-28 10:18:10,149 [inflora.py] => [InfLoRA] Layer 11: 33/768 type remove
2026-07-28 10:18:10,149 [inflora.py] => [InfLoRA] Layer 12: 86/768 type remove
2026-07-28 10:20:04,010 [inflora.py] => [InfLoRA] DualGPM threshold: 0.9750
2026-07-28 10:20:05,392 [inflora.py] => [InfLoRA] Layer 1: 14/768 type remove
2026-07-28 10:20:05,392 [inflora.py] => [InfLoRA] Layer 2: 13/768 type remove
2026-07-28 10:20:05,392 [inflora.py] => [InfLoRA] Layer 3: 17/768 type remove
2026-07-28 10:20:05,392 [inflora.py] => [InfLoRA] Layer 4: 16/768 type remove
2026-07-28 10:20:05,392 [inflora.py] => [InfLoRA] Layer 5: 24/768 type remove
2026-07-28 10:20:05,392 [inflora.py] => [InfLoRA] Layer 6: 31/768 type remove
2026-07-28 10:20:05,392 [inflora.py] => [InfLoRA] Layer 7: 40/768 type remove
2026-07-28 10:20:05,392 [inflora.py] => [InfLoRA] Layer 8: 43/768 type remove
2026-07-28 10:20:05,392 [inflora.py] => [InfLoRA] Layer 9: 66/768 type remove
2026-07-28 10:20:05,392 [inflora.py] => [InfLoRA] Layer 10: 55/768 type remove
2026-07-28 10:20:05,392 [inflora.py] => [InfLoRA] Layer 11: 34/768 type remove
2026-07-28 10:20:05,392 [inflora.py] => [InfLoRA] Layer 12: 88/768 type remove
2026-07-28 10:20:14,789 [bounded_memory_mixin.py] => [bounded_mem eval] volume 0.35 | cycle 12 | classes_seen 80 | CIL top1 65.49 | top5 82.99 | (nearest latent task ~7) | param_hash 40e13d46ea477280 | per-task [77.85, 43.32, 63.79, 80.3, 64.98, 60.46, 78.79, 57.09]
2026-07-28 10:22:08,719 [inflora.py] => [InfLoRA] DualGPM threshold: 0.9750
2026-07-28 10:22:10,101 [inflora.py] => [InfLoRA] Layer 1: 14/768 type remove
2026-07-28 10:22:10,101 [inflora.py] => [InfLoRA] Layer 2: 13/768 type remove
2026-07-28 10:22:10,101 [inflora.py] => [InfLoRA] Layer 3: 17/768 type remove
2026-07-28 10:22:10,101 [inflora.py] => [InfLoRA] Layer 4: 16/768 type remove
2026-07-28 10:22:10,101 [inflora.py] => [InfLoRA] Layer 5: 25/768 type remove
2026-07-28 10:22:10,101 [inflora.py] => [InfLoRA] Layer 6: 32/768 type remove
2026-07-28 10:22:10,101 [inflora.py] => [InfLoRA] Layer 7: 41/768 type remove
2026-07-28 10:22:10,101 [inflora.py] => [InfLoRA] Layer 8: 44/768 type remove
2026-07-28 10:22:10,101 [inflora.py] => [InfLoRA] Layer 9: 67/768 type remove
2026-07-28 10:22:10,101 [inflora.py] => [InfLoRA] Layer 10: 57/768 type remove
2026-07-28 10:22:10,101 [inflora.py] => [InfLoRA] Layer 11: 36/768 type remove
2026-07-28 10:22:10,101 [inflora.py] => [InfLoRA] Layer 12: 92/768 type remove
2026-07-28 10:22:19,543 [bounded_memory_mixin.py] => [bounded_mem eval] volume 0.40 | cycle 13 | classes_seen 80 | CIL top1 66.91 | top5 83.80 | (nearest latent task ~7) | param_hash e0642319d158a45a | per-task [77.53, 45.99, 60.13, 78.18, 63.54, 58.82, 77.44, 78.36]
2026-07-28 10:24:13,523 [inflora.py] => [InfLoRA] DualGPM threshold: 0.9750
2026-07-28 10:24:14,905 [inflora.py] => [InfLoRA] Layer 1: 14/768 type remove
2026-07-28 10:24:14,905 [inflora.py] => [InfLoRA] Layer 2: 13/768 type remove
2026-07-28 10:24:14,905 [inflora.py] => [InfLoRA] Layer 3: 17/768 type remove
2026-07-28 10:24:14,905 [inflora.py] => [InfLoRA] Layer 4: 16/768 type remove
2026-07-28 10:24:14,905 [inflora.py] => [InfLoRA] Layer 5: 26/768 type remove
2026-07-28 10:24:14,906 [inflora.py] => [InfLoRA] Layer 6: 33/768 type remove
2026-07-28 10:24:14,906 [inflora.py] => [InfLoRA] Layer 7: 43/768 type remove
2026-07-28 10:24:14,906 [inflora.py] => [InfLoRA] Layer 8: 46/768 type remove
2026-07-28 10:24:14,906 [inflora.py] => [InfLoRA] Layer 9: 71/768 type remove
2026-07-28 10:24:14,906 [inflora.py] => [InfLoRA] Layer 10: 65/768 type remove
2026-07-28 10:24:14,906 [inflora.py] => [InfLoRA] Layer 11: 38/768 type remove
2026-07-28 10:24:14,906 [inflora.py] => [InfLoRA] Layer 12: 97/768 type remove
2026-07-28 10:26:08,080 [inflora.py] => [InfLoRA] DualGPM threshold: 0.9750
2026-07-28 10:26:09,474 [inflora.py] => [InfLoRA] Layer 1: 14/768 type remove
2026-07-28 10:26:09,474 [inflora.py] => [InfLoRA] Layer 2: 13/768 type remove
2026-07-28 10:26:09,474 [inflora.py] => [InfLoRA] Layer 3: 18/768 type remove
2026-07-28 10:26:09,474 [inflora.py] => [InfLoRA] Layer 4: 17/768 type remove
2026-07-28 10:26:09,474 [inflora.py] => [InfLoRA] Layer 5: 27/768 type remove
2026-07-28 10:26:09,474 [inflora.py] => [InfLoRA] Layer 6: 35/768 type remove
2026-07-28 10:26:09,474 [inflora.py] => [InfLoRA] Layer 7: 45/768 type remove
2026-07-28 10:26:09,474 [inflora.py] => [InfLoRA] Layer 8: 49/768 type remove
2026-07-28 10:26:09,474 [inflora.py] => [InfLoRA] Layer 9: 76/768 type remove
2026-07-28 10:26:09,474 [inflora.py] => [InfLoRA] Layer 10: 70/768 type remove
2026-07-28 10:26:09,474 [inflora.py] => [InfLoRA] Layer 11: 41/768 type remove
2026-07-28 10:26:09,474 [inflora.py] => [InfLoRA] Layer 12: 101/768 type remove
2026-07-28 10:26:19,981 [bounded_memory_mixin.py] => [bounded_mem eval] volume 0.45 | cycle 15 | classes_seen 90 | CIL top1 67.96 | top5 84.64 | (nearest latent task ~8) | param_hash 1d37bbb189511b57 | per-task [74.05, 47.59, 61.46, 80.91, 66.79, 59.15, 75.08, 77.24, 73.18]
2026-07-28 10:28:13,419 [inflora.py] => [InfLoRA] DualGPM threshold: 0.9750
2026-07-28 10:28:14,825 [inflora.py] => [InfLoRA] Layer 1: 14/768 type remove
2026-07-28 10:28:14,825 [inflora.py] => [InfLoRA] Layer 2: 13/768 type remove
2026-07-28 10:28:14,825 [inflora.py] => [InfLoRA] Layer 3: 18/768 type remove
2026-07-28 10:28:14,825 [inflora.py] => [InfLoRA] Layer 4: 17/768 type remove
2026-07-28 10:28:14,825 [inflora.py] => [InfLoRA] Layer 5: 27/768 type remove
2026-07-28 10:28:14,825 [inflora.py] => [InfLoRA] Layer 6: 35/768 type remove
2026-07-28 10:28:14,825 [inflora.py] => [InfLoRA] Layer 7: 45/768 type remove
2026-07-28 10:28:14,825 [inflora.py] => [InfLoRA] Layer 8: 50/768 type remove
2026-07-28 10:28:14,825 [inflora.py] => [InfLoRA] Layer 9: 77/768 type remove
2026-07-28 10:28:14,825 [inflora.py] => [InfLoRA] Layer 10: 71/768 type remove
2026-07-28 10:28:14,825 [inflora.py] => [InfLoRA] Layer 11: 42/768 type remove
2026-07-28 10:28:14,825 [inflora.py] => [InfLoRA] Layer 12: 105/768 type remove
2026-07-28 10:30:08,219 [inflora.py] => [InfLoRA] DualGPM threshold: 0.9750
2026-07-28 10:30:09,629 [inflora.py] => [InfLoRA] Layer 1: 14/768 type remove
2026-07-28 10:30:09,629 [inflora.py] => [InfLoRA] Layer 2: 13/768 type remove
2026-07-28 10:30:09,630 [inflora.py] => [InfLoRA] Layer 3: 18/768 type remove
2026-07-28 10:30:09,630 [inflora.py] => [InfLoRA] Layer 4: 17/768 type remove
2026-07-28 10:30:09,630 [inflora.py] => [InfLoRA] Layer 5: 28/768 type remove
2026-07-28 10:30:09,630 [inflora.py] => [InfLoRA] Layer 6: 36/768 type remove
2026-07-28 10:30:09,630 [inflora.py] => [InfLoRA] Layer 7: 46/768 type remove
2026-07-28 10:30:09,630 [inflora.py] => [InfLoRA] Layer 8: 52/768 type remove
2026-07-28 10:30:09,630 [inflora.py] => [InfLoRA] Layer 9: 80/768 type remove
2026-07-28 10:30:09,630 [inflora.py] => [InfLoRA] Layer 10: 76/768 type remove
2026-07-28 10:30:09,630 [inflora.py] => [InfLoRA] Layer 11: 45/768 type remove
2026-07-28 10:30:09,630 [inflora.py] => [InfLoRA] Layer 12: 109/768 type remove
2026-07-28 10:30:21,630 [bounded_memory_mixin.py] => [bounded_mem eval] volume 0.50 | cycle 17 | classes_seen 110 | CIL top1 65.60 | top5 83.14 | (nearest latent task ~10) | param_hash 3ba596cbe8a106af | per-task [71.52, 47.86, 60.47, 76.36, 65.7, 60.46, 73.06, 74.63, 69.97, 71.43, 55.44]
2026-07-28 10:32:15,613 [inflora.py] => [InfLoRA] DualGPM threshold: 0.9750
2026-07-28 10:32:17,017 [inflora.py] => [InfLoRA] Layer 1: 15/768 type remove
2026-07-28 10:32:17,017 [inflora.py] => [InfLoRA] Layer 2: 13/768 type remove
2026-07-28 10:32:17,017 [inflora.py] => [InfLoRA] Layer 3: 20/768 type remove
2026-07-28 10:32:17,017 [inflora.py] => [InfLoRA] Layer 4: 19/768 type remove
2026-07-28 10:32:17,017 [inflora.py] => [InfLoRA] Layer 5: 31/768 type remove
2026-07-28 10:32:17,017 [inflora.py] => [InfLoRA] Layer 6: 39/768 type remove
2026-07-28 10:32:17,017 [inflora.py] => [InfLoRA] Layer 7: 49/768 type remove
2026-07-28 10:32:17,017 [inflora.py] => [InfLoRA] Layer 8: 58/768 type remove
2026-07-28 10:32:17,017 [inflora.py] => [InfLoRA] Layer 9: 91/768 type remove
2026-07-28 10:32:17,017 [inflora.py] => [InfLoRA] Layer 10: 91/768 type remove
2026-07-28 10:32:17,017 [inflora.py] => [InfLoRA] Layer 11: 53/768 type remove
2026-07-28 10:32:17,017 [inflora.py] => [InfLoRA] Layer 12: 115/768 type remove
2026-07-28 10:32:29,050 [bounded_memory_mixin.py] => [bounded_mem eval] volume 0.55 | cycle 18 | classes_seen 110 | CIL top1 65.75 | top5 84.05 | (nearest latent task ~10) | param_hash 1840d8d12fd870cc | per-task [71.84, 47.86, 59.14, 74.24, 65.7, 58.5, 72.05, 70.9, 68.22, 65.38, 73.33]
2026-07-28 10:34:22,772 [inflora.py] => [InfLoRA] DualGPM threshold: 0.9750
2026-07-28 10:34:24,189 [inflora.py] => [InfLoRA] Layer 1: 15/768 type remove
2026-07-28 10:34:24,189 [inflora.py] => [InfLoRA] Layer 2: 13/768 type remove
2026-07-28 10:34:24,189 [inflora.py] => [InfLoRA] Layer 3: 20/768 type remove
2026-07-28 10:34:24,189 [inflora.py] => [InfLoRA] Layer 4: 20/768 type remove
2026-07-28 10:34:24,190 [inflora.py] => [InfLoRA] Layer 5: 33/768 type remove
2026-07-28 10:34:24,190 [inflora.py] => [InfLoRA] Layer 6: 41/768 type remove
2026-07-28 10:34:24,190 [inflora.py] => [InfLoRA] Layer 7: 51/768 type remove
2026-07-28 10:34:24,190 [inflora.py] => [InfLoRA] Layer 8: 59/768 type remove
2026-07-28 10:34:24,190 [inflora.py] => [InfLoRA] Layer 9: 92/768 type remove
2026-07-28 10:34:24,190 [inflora.py] => [InfLoRA] Layer 10: 92/768 type remove
2026-07-28 10:34:24,190 [inflora.py] => [InfLoRA] Layer 11: 54/768 type remove
2026-07-28 10:34:24,190 [inflora.py] => [InfLoRA] Layer 12: 121/768 type remove
2026-07-28 10:36:18,003 [inflora.py] => [InfLoRA] DualGPM threshold: 0.9750
2026-07-28 10:36:19,423 [inflora.py] => [InfLoRA] Layer 1: 15/768 type remove
2026-07-28 10:36:19,423 [inflora.py] => [InfLoRA] Layer 2: 13/768 type remove
2026-07-28 10:36:19,423 [inflora.py] => [InfLoRA] Layer 3: 20/768 type remove
2026-07-28 10:36:19,423 [inflora.py] => [InfLoRA] Layer 4: 20/768 type remove
2026-07-28 10:36:19,423 [inflora.py] => [InfLoRA] Layer 5: 34/768 type remove
2026-07-28 10:36:19,423 [inflora.py] => [InfLoRA] Layer 6: 42/768 type remove
2026-07-28 10:36:19,423 [inflora.py] => [InfLoRA] Layer 7: 52/768 type remove
2026-07-28 10:36:19,423 [inflora.py] => [InfLoRA] Layer 8: 59/768 type remove
2026-07-28 10:36:19,423 [inflora.py] => [InfLoRA] Layer 9: 92/768 type remove
2026-07-28 10:36:19,423 [inflora.py] => [InfLoRA] Layer 10: 93/768 type remove
2026-07-28 10:36:19,423 [inflora.py] => [InfLoRA] Layer 11: 55/768 type remove
2026-07-28 10:36:19,423 [inflora.py] => [InfLoRA] Layer 12: 122/768 type remove
2026-07-28 10:36:32,442 [bounded_memory_mixin.py] => [bounded_mem eval] volume 0.60 | cycle 20 | classes_seen 120 | CIL top1 63.10 | top5 82.33 | (nearest latent task ~11) | param_hash 7dc149ac383633b7 | per-task [64.56, 41.44, 51.83, 73.64, 62.82, 56.54, 65.32, 69.03, 65.89, 67.03, 58.6, 81.94]
2026-07-28 10:38:26,452 [inflora.py] => [InfLoRA] DualGPM threshold: 0.9750
2026-07-28 10:38:27,868 [inflora.py] => [InfLoRA] Layer 1: 15/768 type remove
2026-07-28 10:38:27,868 [inflora.py] => [InfLoRA] Layer 2: 13/768 type remove
2026-07-28 10:38:27,868 [inflora.py] => [InfLoRA] Layer 3: 20/768 type remove
2026-07-28 10:38:27,868 [inflora.py] => [InfLoRA] Layer 4: 20/768 type remove
2026-07-28 10:38:27,868 [inflora.py] => [InfLoRA] Layer 5: 34/768 type remove
2026-07-28 10:38:27,868 [inflora.py] => [InfLoRA] Layer 6: 42/768 type remove
2026-07-28 10:38:27,868 [inflora.py] => [InfLoRA] Layer 7: 52/768 type remove
2026-07-28 10:38:27,868 [inflora.py] => [InfLoRA] Layer 8: 59/768 type remove
2026-07-28 10:38:27,868 [inflora.py] => [InfLoRA] Layer 9: 93/768 type remove
2026-07-28 10:38:27,868 [inflora.py] => [InfLoRA] Layer 10: 94/768 type remove
2026-07-28 10:38:27,868 [inflora.py] => [InfLoRA] Layer 11: 56/768 type remove
2026-07-28 10:38:27,868 [inflora.py] => [InfLoRA] Layer 12: 127/768 type remove
2026-07-28 10:40:21,902 [inflora.py] => [InfLoRA] DualGPM threshold: 0.9750
2026-07-28 10:40:23,324 [inflora.py] => [InfLoRA] Layer 1: 15/768 type remove
2026-07-28 10:40:23,324 [inflora.py] => [InfLoRA] Layer 2: 13/768 type remove
2026-07-28 10:40:23,324 [inflora.py] => [InfLoRA] Layer 3: 20/768 type remove
2026-07-28 10:40:23,324 [inflora.py] => [InfLoRA] Layer 4: 20/768 type remove
2026-07-28 10:40:23,324 [inflora.py] => [InfLoRA] Layer 5: 34/768 type remove
2026-07-28 10:40:23,324 [inflora.py] => [InfLoRA] Layer 6: 42/768 type remove
2026-07-28 10:40:23,324 [inflora.py] => [InfLoRA] Layer 7: 52/768 type remove
2026-07-28 10:40:23,324 [inflora.py] => [InfLoRA] Layer 8: 60/768 type remove
2026-07-28 10:40:23,324 [inflora.py] => [InfLoRA] Layer 9: 94/768 type remove
2026-07-28 10:40:23,324 [inflora.py] => [InfLoRA] Layer 10: 95/768 type remove
2026-07-28 10:40:23,324 [inflora.py] => [InfLoRA] Layer 11: 57/768 type remove
2026-07-28 10:40:23,324 [inflora.py] => [InfLoRA] Layer 12: 129/768 type remove
2026-07-28 10:40:38,319 [bounded_memory_mixin.py] => [bounded_mem eval] volume 0.65 | cycle 22 | classes_seen 140 | CIL top1 62.89 | top5 82.66 | (nearest latent task ~13) | param_hash 6b56c818ecadeacd | per-task [68.04, 43.05, 54.15, 72.73, 64.98, 56.86, 67.68, 71.27, 67.35, 69.23, 57.54, 76.82, 71.19, 43.55]
2026-07-28 10:42:32,783 [inflora.py] => [InfLoRA] DualGPM threshold: 0.9750
2026-07-28 10:42:34,204 [inflora.py] => [InfLoRA] Layer 1: 22/768 type remove
2026-07-28 10:42:34,205 [inflora.py] => [InfLoRA] Layer 2: 13/768 type remove
2026-07-28 10:42:34,205 [inflora.py] => [InfLoRA] Layer 3: 20/768 type remove
2026-07-28 10:42:34,205 [inflora.py] => [InfLoRA] Layer 4: 21/768 type remove
2026-07-28 10:42:34,205 [inflora.py] => [InfLoRA] Layer 5: 35/768 type remove
2026-07-28 10:42:34,205 [inflora.py] => [InfLoRA] Layer 6: 43/768 type remove
2026-07-28 10:42:34,205 [inflora.py] => [InfLoRA] Layer 7: 53/768 type remove
2026-07-28 10:42:34,205 [inflora.py] => [InfLoRA] Layer 8: 61/768 type remove
2026-07-28 10:42:34,205 [inflora.py] => [InfLoRA] Layer 9: 95/768 type remove
2026-07-28 10:42:34,205 [inflora.py] => [InfLoRA] Layer 10: 97/768 type remove
2026-07-28 10:42:34,205 [inflora.py] => [InfLoRA] Layer 11: 60/768 type remove
2026-07-28 10:42:34,205 [inflora.py] => [InfLoRA] Layer 12: 133/768 type remove
2026-07-28 10:44:28,110 [inflora.py] => [InfLoRA] DualGPM threshold: 0.9750
2026-07-28 10:44:29,535 [inflora.py] => [InfLoRA] Layer 1: 22/768 type remove
2026-07-28 10:44:29,535 [inflora.py] => [InfLoRA] Layer 2: 13/768 type remove
2026-07-28 10:44:29,536 [inflora.py] => [InfLoRA] Layer 3: 20/768 type remove
2026-07-28 10:44:29,536 [inflora.py] => [InfLoRA] Layer 4: 21/768 type remove
2026-07-28 10:44:29,536 [inflora.py] => [InfLoRA] Layer 5: 35/768 type remove
2026-07-28 10:44:29,536 [inflora.py] => [InfLoRA] Layer 6: 43/768 type remove
2026-07-28 10:44:29,536 [inflora.py] => [InfLoRA] Layer 7: 53/768 type remove
2026-07-28 10:44:29,536 [inflora.py] => [InfLoRA] Layer 8: 61/768 type remove
2026-07-28 10:44:29,536 [inflora.py] => [InfLoRA] Layer 9: 95/768 type remove
2026-07-28 10:44:29,536 [inflora.py] => [InfLoRA] Layer 10: 97/768 type remove
2026-07-28 10:44:29,536 [inflora.py] => [InfLoRA] Layer 11: 61/768 type remove
2026-07-28 10:44:29,536 [inflora.py] => [InfLoRA] Layer 12: 135/768 type remove
2026-07-28 10:44:45,628 [bounded_memory_mixin.py] => [bounded_mem eval] volume 0.70 | cycle 24 | classes_seen 150 | CIL top1 63.03 | top5 82.51 | (nearest latent task ~14) | param_hash 467168490c2e9d0d | per-task [59.18, 42.25, 51.83, 73.03, 64.98, 56.86, 67.68, 70.15, 65.6, 64.84, 59.3, 73.05, 67.49, 71.08, 62.61]
2026-07-28 10:46:39,120 [inflora.py] => [InfLoRA] DualGPM threshold: 0.9750
2026-07-28 10:46:40,541 [inflora.py] => [InfLoRA] Layer 1: 22/768 type remove
2026-07-28 10:46:40,541 [inflora.py] => [InfLoRA] Layer 2: 13/768 type remove
2026-07-28 10:46:40,542 [inflora.py] => [InfLoRA] Layer 3: 20/768 type remove
2026-07-28 10:46:40,542 [inflora.py] => [InfLoRA] Layer 4: 21/768 type remove
2026-07-28 10:46:40,542 [inflora.py] => [InfLoRA] Layer 5: 35/768 type remove
2026-07-28 10:46:40,542 [inflora.py] => [InfLoRA] Layer 6: 44/768 type remove
2026-07-28 10:46:40,542 [inflora.py] => [InfLoRA] Layer 7: 54/768 type remove
2026-07-28 10:46:40,542 [inflora.py] => [InfLoRA] Layer 8: 62/768 type remove
2026-07-28 10:46:40,542 [inflora.py] => [InfLoRA] Layer 9: 96/768 type remove
2026-07-28 10:46:40,542 [inflora.py] => [InfLoRA] Layer 10: 98/768 type remove
2026-07-28 10:46:40,542 [inflora.py] => [InfLoRA] Layer 11: 62/768 type remove
2026-07-28 10:46:40,542 [inflora.py] => [InfLoRA] Layer 12: 137/768 type remove
2026-07-28 10:46:56,611 [bounded_memory_mixin.py] => [bounded_mem eval] volume 0.75 | cycle 25 | classes_seen 150 | CIL top1 63.25 | top5 82.68 | (nearest latent task ~14) | param_hash 6f1a2647f7389c2e | per-task [56.65, 40.64, 48.5, 72.12, 62.45, 57.19, 67.0, 70.52, 64.14, 63.74, 58.25, 72.51, 69.55, 69.34, 78.47]
2026-07-28 10:48:52,554 [inflora.py] => [InfLoRA] DualGPM threshold: 0.9750
2026-07-28 10:48:53,982 [inflora.py] => [InfLoRA] Layer 1: 22/768 type remove
2026-07-28 10:48:53,982 [inflora.py] => [InfLoRA] Layer 2: 13/768 type remove
2026-07-28 10:48:53,982 [inflora.py] => [InfLoRA] Layer 3: 20/768 type remove
2026-07-28 10:48:53,982 [inflora.py] => [InfLoRA] Layer 4: 21/768 type remove
2026-07-28 10:48:53,982 [inflora.py] => [InfLoRA] Layer 5: 36/768 type remove
2026-07-28 10:48:53,982 [inflora.py] => [InfLoRA] Layer 6: 44/768 type remove
2026-07-28 10:48:53,982 [inflora.py] => [InfLoRA] Layer 7: 55/768 type remove
2026-07-28 10:48:53,982 [inflora.py] => [InfLoRA] Layer 8: 63/768 type remove
2026-07-28 10:48:53,982 [inflora.py] => [InfLoRA] Layer 9: 97/768 type remove
2026-07-28 10:48:53,982 [inflora.py] => [InfLoRA] Layer 10: 99/768 type remove
2026-07-28 10:48:53,982 [inflora.py] => [InfLoRA] Layer 11: 63/768 type remove
2026-07-28 10:48:53,982 [inflora.py] => [InfLoRA] Layer 12: 140/768 type remove
2026-07-28 10:50:53,284 [inflora.py] => [InfLoRA] DualGPM threshold: 0.9750
2026-07-28 10:50:54,724 [inflora.py] => [InfLoRA] Layer 1: 22/768 type remove
2026-07-28 10:50:54,724 [inflora.py] => [InfLoRA] Layer 2: 13/768 type remove
2026-07-28 10:50:54,724 [inflora.py] => [InfLoRA] Layer 3: 22/768 type remove
2026-07-28 10:50:54,724 [inflora.py] => [InfLoRA] Layer 4: 22/768 type remove
2026-07-28 10:50:54,724 [inflora.py] => [InfLoRA] Layer 5: 38/768 type remove
2026-07-28 10:50:54,724 [inflora.py] => [InfLoRA] Layer 6: 47/768 type remove
2026-07-28 10:50:54,724 [inflora.py] => [InfLoRA] Layer 7: 57/768 type remove
2026-07-28 10:50:54,725 [inflora.py] => [InfLoRA] Layer 8: 66/768 type remove
2026-07-28 10:50:54,725 [inflora.py] => [InfLoRA] Layer 9: 102/768 type remove
2026-07-28 10:50:54,725 [inflora.py] => [InfLoRA] Layer 10: 103/768 type remove
2026-07-28 10:50:54,725 [inflora.py] => [InfLoRA] Layer 11: 66/768 type remove
2026-07-28 10:50:54,725 [inflora.py] => [InfLoRA] Layer 12: 142/768 type remove
2026-07-28 10:51:12,758 [bounded_memory_mixin.py] => [bounded_mem eval] volume 0.80 | cycle 27 | classes_seen 160 | CIL top1 64.71 | top5 83.41 | (nearest latent task ~15) | param_hash 36d8d904730d9ec1 | per-task [60.44, 42.78, 50.17, 73.33, 64.62, 58.82, 68.01, 71.27, 64.43, 65.38, 58.6, 74.39, 66.67, 71.43, 74.79, 71.43]
2026-07-28 10:53:10,939 [inflora.py] => [InfLoRA] DualGPM threshold: 0.9750
2026-07-28 10:53:12,389 [inflora.py] => [InfLoRA] Layer 1: 22/768 type remove
2026-07-28 10:53:12,389 [inflora.py] => [InfLoRA] Layer 2: 13/768 type remove
2026-07-28 10:53:12,389 [inflora.py] => [InfLoRA] Layer 3: 22/768 type remove
2026-07-28 10:53:12,389 [inflora.py] => [InfLoRA] Layer 4: 22/768 type remove
2026-07-28 10:53:12,390 [inflora.py] => [InfLoRA] Layer 5: 38/768 type remove
2026-07-28 10:53:12,390 [inflora.py] => [InfLoRA] Layer 6: 47/768 type remove
2026-07-28 10:53:12,390 [inflora.py] => [InfLoRA] Layer 7: 57/768 type remove
2026-07-28 10:53:12,390 [inflora.py] => [InfLoRA] Layer 8: 66/768 type remove
2026-07-28 10:53:12,390 [inflora.py] => [InfLoRA] Layer 9: 103/768 type remove
2026-07-28 10:53:12,390 [inflora.py] => [InfLoRA] Layer 10: 104/768 type remove
2026-07-28 10:53:12,390 [inflora.py] => [InfLoRA] Layer 11: 66/768 type remove
2026-07-28 10:53:12,390 [inflora.py] => [InfLoRA] Layer 12: 144/768 type remove
2026-07-28 10:55:10,542 [inflora.py] => [InfLoRA] DualGPM threshold: 0.9750
2026-07-28 10:55:11,998 [inflora.py] => [InfLoRA] Layer 1: 22/768 type remove
2026-07-28 10:55:11,998 [inflora.py] => [InfLoRA] Layer 2: 13/768 type remove
2026-07-28 10:55:11,998 [inflora.py] => [InfLoRA] Layer 3: 22/768 type remove
2026-07-28 10:55:11,998 [inflora.py] => [InfLoRA] Layer 4: 22/768 type remove
2026-07-28 10:55:11,998 [inflora.py] => [InfLoRA] Layer 5: 38/768 type remove
2026-07-28 10:55:11,998 [inflora.py] => [InfLoRA] Layer 6: 47/768 type remove
2026-07-28 10:55:11,998 [inflora.py] => [InfLoRA] Layer 7: 57/768 type remove
2026-07-28 10:55:11,998 [inflora.py] => [InfLoRA] Layer 8: 67/768 type remove
2026-07-28 10:55:11,998 [inflora.py] => [InfLoRA] Layer 9: 104/768 type remove
2026-07-28 10:55:11,998 [inflora.py] => [InfLoRA] Layer 10: 105/768 type remove
2026-07-28 10:55:11,998 [inflora.py] => [InfLoRA] Layer 11: 67/768 type remove
2026-07-28 10:55:11,999 [inflora.py] => [InfLoRA] Layer 12: 150/768 type remove
2026-07-28 10:55:31,503 [bounded_memory_mixin.py] => [bounded_mem eval] volume 0.85 | cycle 29 | classes_seen 180 | CIL top1 63.79 | top5 82.39 | (nearest latent task ~17) | param_hash fd42b7d06b28badc | per-task [61.71, 44.65, 55.48, 75.15, 60.65, 60.78, 67.68, 67.91, 67.06, 68.13, 58.95, 70.89, 66.26, 72.47, 73.37, 66.29, 70.83, 38.24]
2026-07-28 10:57:30,369 [inflora.py] => [InfLoRA] DualGPM threshold: 0.9750
2026-07-28 10:57:31,814 [inflora.py] => [InfLoRA] Layer 1: 22/768 type remove
2026-07-28 10:57:31,814 [inflora.py] => [InfLoRA] Layer 2: 13/768 type remove
2026-07-28 10:57:31,814 [inflora.py] => [InfLoRA] Layer 3: 22/768 type remove
2026-07-28 10:57:31,814 [inflora.py] => [InfLoRA] Layer 4: 22/768 type remove
2026-07-28 10:57:31,814 [inflora.py] => [InfLoRA] Layer 5: 39/768 type remove
2026-07-28 10:57:31,814 [inflora.py] => [InfLoRA] Layer 6: 48/768 type remove
2026-07-28 10:57:31,814 [inflora.py] => [InfLoRA] Layer 7: 58/768 type remove
2026-07-28 10:57:31,814 [inflora.py] => [InfLoRA] Layer 8: 69/768 type remove
2026-07-28 10:57:31,815 [inflora.py] => [InfLoRA] Layer 9: 108/768 type remove
2026-07-28 10:57:31,815 [inflora.py] => [InfLoRA] Layer 10: 109/768 type remove
2026-07-28 10:57:31,815 [inflora.py] => [InfLoRA] Layer 11: 69/768 type remove
2026-07-28 10:57:31,815 [inflora.py] => [InfLoRA] Layer 12: 156/768 type remove
2026-07-28 10:59:28,449 [inflora.py] => [InfLoRA] DualGPM threshold: 0.9750
2026-07-28 10:59:29,929 [inflora.py] => [InfLoRA] Layer 1: 22/768 type remove
2026-07-28 10:59:29,930 [inflora.py] => [InfLoRA] Layer 2: 13/768 type remove
2026-07-28 10:59:29,930 [inflora.py] => [InfLoRA] Layer 3: 22/768 type remove
2026-07-28 10:59:29,930 [inflora.py] => [InfLoRA] Layer 4: 23/768 type remove
2026-07-28 10:59:29,930 [inflora.py] => [InfLoRA] Layer 5: 39/768 type remove
2026-07-28 10:59:29,930 [inflora.py] => [InfLoRA] Layer 6: 49/768 type remove
2026-07-28 10:59:29,930 [inflora.py] => [InfLoRA] Layer 7: 60/768 type remove
2026-07-28 10:59:29,930 [inflora.py] => [InfLoRA] Layer 8: 71/768 type remove
2026-07-28 10:59:29,930 [inflora.py] => [InfLoRA] Layer 9: 113/768 type remove
2026-07-28 10:59:29,930 [inflora.py] => [InfLoRA] Layer 10: 116/768 type remove
2026-07-28 10:59:29,930 [inflora.py] => [InfLoRA] Layer 11: 72/768 type remove
2026-07-28 10:59:29,930 [inflora.py] => [InfLoRA] Layer 12: 160/768 type remove
2026-07-28 10:59:49,830 [bounded_memory_mixin.py] => [bounded_mem eval] volume 0.90 | cycle 31 | classes_seen 190 | CIL top1 62.07 | top5 81.57 | (nearest latent task ~18) | param_hash 13333473e306c7dd | per-task [54.11, 41.44, 51.5, 73.64, 59.21, 59.8, 67.0, 68.66, 62.68, 61.54, 55.79, 70.62, 67.49, 70.38, 73.09, 62.0, 68.33, 70.17, 45.8]
2026-07-28 11:01:46,307 [inflora.py] => [InfLoRA] DualGPM threshold: 0.9750
2026-07-28 11:01:47,751 [inflora.py] => [InfLoRA] Layer 1: 22/768 type remove
2026-07-28 11:01:47,751 [inflora.py] => [InfLoRA] Layer 2: 13/768 type remove
2026-07-28 11:01:47,751 [inflora.py] => [InfLoRA] Layer 3: 22/768 type remove
2026-07-28 11:01:47,751 [inflora.py] => [InfLoRA] Layer 4: 23/768 type remove
2026-07-28 11:01:47,751 [inflora.py] => [InfLoRA] Layer 5: 40/768 type remove
2026-07-28 11:01:47,751 [inflora.py] => [InfLoRA] Layer 6: 51/768 type remove
2026-07-28 11:01:47,751 [inflora.py] => [InfLoRA] Layer 7: 62/768 type remove
2026-07-28 11:01:47,751 [inflora.py] => [InfLoRA] Layer 8: 74/768 type remove
2026-07-28 11:01:47,752 [inflora.py] => [InfLoRA] Layer 9: 119/768 type remove
2026-07-28 11:01:47,752 [inflora.py] => [InfLoRA] Layer 10: 124/768 type remove
2026-07-28 11:01:47,752 [inflora.py] => [InfLoRA] Layer 11: 78/768 type remove
2026-07-28 11:01:47,752 [inflora.py] => [InfLoRA] Layer 12: 163/768 type remove
2026-07-28 11:02:08,574 [bounded_memory_mixin.py] => [bounded_mem eval] volume 0.95 | cycle 32 | classes_seen 200 | CIL top1 59.27 | top5 79.59 | (nearest latent task ~19) | param_hash b9560d08762d7d29 | per-task [51.9, 39.84, 49.83, 68.48, 58.48, 56.54, 64.65, 67.91, 63.56, 57.69, 55.79, 66.04, 66.67, 67.6, 72.24, 61.71, 65.83, 70.59, 74.13, 7.58]
2026-07-28 11:04:05,070 [inflora.py] => [InfLoRA] DualGPM threshold: 0.9750
2026-07-28 11:04:06,513 [inflora.py] => [InfLoRA] Layer 1: 22/768 type remove
2026-07-28 11:04:06,513 [inflora.py] => [InfLoRA] Layer 2: 13/768 type remove
2026-07-28 11:04:06,513 [inflora.py] => [InfLoRA] Layer 3: 23/768 type remove
2026-07-28 11:04:06,513 [inflora.py] => [InfLoRA] Layer 4: 24/768 type remove
2026-07-28 11:04:06,513 [inflora.py] => [InfLoRA] Layer 5: 41/768 type remove
2026-07-28 11:04:06,513 [inflora.py] => [InfLoRA] Layer 6: 52/768 type remove
2026-07-28 11:04:06,513 [inflora.py] => [InfLoRA] Layer 7: 63/768 type remove
2026-07-28 11:04:06,513 [inflora.py] => [InfLoRA] Layer 8: 75/768 type remove
2026-07-28 11:04:06,513 [inflora.py] => [InfLoRA] Layer 9: 120/768 type remove
2026-07-28 11:04:06,513 [inflora.py] => [InfLoRA] Layer 10: 125/768 type remove
2026-07-28 11:04:06,514 [inflora.py] => [InfLoRA] Layer 11: 81/768 type remove
2026-07-28 11:04:06,514 [inflora.py] => [InfLoRA] Layer 12: 166/768 type remove
2026-07-28 11:05:16,432 [inflora.py] => [InfLoRA] DualGPM threshold: 0.9750
2026-07-28 11:05:17,888 [inflora.py] => [InfLoRA] Layer 1: 22/768 type remove
2026-07-28 11:05:17,888 [inflora.py] => [InfLoRA] Layer 2: 13/768 type remove
2026-07-28 11:05:17,888 [inflora.py] => [InfLoRA] Layer 3: 23/768 type remove
2026-07-28 11:05:17,889 [inflora.py] => [InfLoRA] Layer 4: 24/768 type remove
2026-07-28 11:05:17,889 [inflora.py] => [InfLoRA] Layer 5: 41/768 type remove
2026-07-28 11:05:17,889 [inflora.py] => [InfLoRA] Layer 6: 52/768 type remove
2026-07-28 11:05:17,889 [inflora.py] => [InfLoRA] Layer 7: 64/768 type remove
2026-07-28 11:05:17,889 [inflora.py] => [InfLoRA] Layer 8: 76/768 type remove
2026-07-28 11:05:17,889 [inflora.py] => [InfLoRA] Layer 9: 122/768 type remove
2026-07-28 11:05:17,889 [inflora.py] => [InfLoRA] Layer 10: 128/768 type remove
2026-07-28 11:05:17,889 [inflora.py] => [InfLoRA] Layer 11: 84/768 type remove
2026-07-28 11:05:17,889 [inflora.py] => [InfLoRA] Layer 12: 168/768 type remove
2026-07-28 11:05:39,153 [bounded_memory_mixin.py] => [bounded_mem eval] volume 1.00 | cycle 34 | classes_seen 200 | CIL top1 62.68 | top5 81.90 | (nearest latent task ~19) | param_hash fe6921df4994dc15 | per-task [53.48, 40.91, 49.5, 70.91, 57.76, 56.54, 63.64, 69.78, 65.31, 59.34, 55.09, 68.19, 67.49, 68.29, 72.52, 61.71, 66.25, 68.91, 74.13, 68.59]
2026-07-28 11:05:42,479 [metrics_logger.py] => [metrics] wrote run_logs/final/inflora/metrics_inflora_imagenetr_grid_100mb_inflora_s1993_s1993.json
2026-07-28 11:05:42,479 [bounded_memory_mixin.py] => [CE metric] inflora = 0.9934188553328462 (eps=20, N=35 cycles)
2026-07-28 11:05:42,480 [trainer.py] => [bounded_mem] volume checkpoints: [0.05, 0.1, 0.15, 0.2, 0.25, 0.3, 0.35, 0.4, 0.45, 0.5, 0.55, 0.6, 0.65, 0.7, 0.75, 0.8, 0.85, 0.9, 0.95, 1.0]
2026-07-28 11:05:42,480 [trainer.py] => [bounded_mem] CIL top1 curve: [71.45, 83.62, 67.15, 71.54, 71.34, 69.07, 65.49, 66.91, 67.96, 65.6, 65.75, 63.1, 62.89, 63.03, 63.25, 64.71, 63.79, 62.07, 59.27, 62.68]
2026-07-28 11:05:42,480 [trainer.py] => [bounded_mem] CIL top5 curve: [89.57, 94.78, 84.41, 88.04, 85.67, 83.98, 82.99, 83.8, 84.64, 83.14, 84.05, 82.33, 82.66, 82.51, 82.68, 83.41, 82.39, 81.57, 79.59, 81.9]
2026-07-28 11:05:42,480 [trainer.py] => [bounded_mem] FINAL CIL top1 62.68 | top5 81.90 (at 100% of stream)
