2026-07-28 16:46:31,753 [trainer.py] => config: exps/imagenetr_grid/_patched_inflora_200mb_s1993_gpu1.json
2026-07-28 16:46:31,753 [trainer.py] => dataset: imagenetr
2026-07-28 16:46:31,753 [trainer.py] => memory_size: 0
2026-07-28 16:46:31,753 [trainer.py] => memory_per_class: 0
2026-07-28 16:46:31,753 [trainer.py] => fixed_memory: False
2026-07-28 16:46:31,753 [trainer.py] => shuffle: True
2026-07-28 16:46:31,753 [trainer.py] => init_cls: 10
2026-07-28 16:46:31,753 [trainer.py] => increment: 10
2026-07-28 16:46:31,753 [trainer.py] => scenario: cil
2026-07-28 16:46:31,753 [trainer.py] => pretrained: True
2026-07-28 16:46:31,753 [trainer.py] => print_forget: False
2026-07-28 16:46:31,753 [trainer.py] => final_metrics: False
2026-07-28 16:46:31,753 [trainer.py] => backbone_type: vit_base_patch16_224_lora
2026-07-28 16:46:31,753 [trainer.py] => lora_rank: 10
2026-07-28 16:46:31,753 [trainer.py] => lora_alpha: None
2026-07-28 16:46:31,753 [trainer.py] => batch_size: 48
2026-07-28 16:46:31,753 [trainer.py] => weight_decay: 0.0005
2026-07-28 16:46:31,753 [trainer.py] => min_lr: 0.0
2026-07-28 16:46:31,753 [trainer.py] => tuned_epoch: 20
2026-07-28 16:46:31,753 [trainer.py] => boundary_mode: bounded_memory
2026-07-28 16:46:31,753 [trainer.py] => device: [device(type='cuda', index=1)]
2026-07-28 16:46:31,753 [trainer.py] => model_name: inflora
2026-07-28 16:46:31,753 [trainer.py] => lora_merge: True
2026-07-28 16:46:31,754 [trainer.py] => lamb: 0.975
2026-07-28 16:46:31,754 [trainer.py] => lame: 0.975
2026-07-28 16:46:31,754 [trainer.py] => init_lr: 0.0005
2026-07-28 16:46:31,754 [trainer.py] => seed: 1993
2026-07-28 16:46:31,754 [trainer.py] => bm_budget_mb: 200
2026-07-28 16:46:31,754 [trainer.py] => prefix: imagenetr_grid_200mb_inflora_s1993
2026-07-28 16:46:31,846 [data_manager.py] => [168, 136, 51, 9, 183, 101, 171, 99, 42, 159, 191, 70, 16, 188, 27, 10, 175, 26, 68, 187, 98, 6, 85, 35, 112, 43, 100, 0, 103, 181, 88, 59, 4, 2, 116, 174, 94, 80, 106, 1, 147, 17, 141, 131, 72, 23, 173, 54, 197, 118, 87, 32, 79, 104, 91, 19, 135, 107, 178, 36, 11, 199, 142, 8, 122, 3, 28, 57, 153, 172, 190, 56, 49, 44, 97, 62, 151, 169, 194, 55, 192, 12, 189, 78, 66, 180, 15, 137, 109, 134, 92, 119, 126, 52, 170, 40, 148, 65, 144, 64, 138, 45, 77, 89, 154, 90, 71, 193, 74, 30, 113, 143, 96, 84, 67, 50, 186, 156, 69, 21, 18, 111, 108, 58, 125, 157, 150, 110, 182, 129, 166, 83, 81, 60, 13, 165, 14, 176, 63, 117, 5, 22, 145, 121, 38, 41, 82, 127, 114, 20, 31, 53, 37, 163, 196, 130, 152, 162, 86, 76, 24, 34, 184, 149, 33, 128, 198, 155, 146, 167, 139, 120, 140, 102, 47, 25, 158, 123, 46, 164, 61, 7, 115, 75, 133, 160, 105, 132, 179, 124, 48, 73, 93, 39, 95, 195, 29, 177, 185, 161]
2026-07-28 16:46:39,550 [bounded_memory_mixin.py] => [bounded_mem] budget_mb=200.0 -> cycle=1393 images (mean_task=1203.8 images, so this budget is 1.16x mean task size); 24076 total images -> 18 cycles (T=18 sessions); 20 eval checkpoints
2026-07-28 16:53:51,582 [inflora.py] => [InfLoRA] DualGPM threshold: 0.9750
2026-07-28 16:53:53,360 [inflora.py] => [InfLoRA] Layer 1: 10/768 type remove
2026-07-28 16:53:53,361 [inflora.py] => [InfLoRA] Layer 2: 11/768 type remove
2026-07-28 16:53:53,361 [inflora.py] => [InfLoRA] Layer 3: 12/768 type remove
2026-07-28 16:53:53,361 [inflora.py] => [InfLoRA] Layer 4: 12/768 type remove
2026-07-28 16:53:53,361 [inflora.py] => [InfLoRA] Layer 5: 14/768 type remove
2026-07-28 16:53:53,361 [inflora.py] => [InfLoRA] Layer 6: 15/768 type remove
2026-07-28 16:53:53,361 [inflora.py] => [InfLoRA] Layer 7: 19/768 type remove
2026-07-28 16:53:53,361 [inflora.py] => [InfLoRA] Layer 8: 18/768 type remove
2026-07-28 16:53:53,361 [inflora.py] => [InfLoRA] Layer 9: 28/768 type remove
2026-07-28 16:53:53,361 [inflora.py] => [InfLoRA] Layer 10: 20/768 type remove
2026-07-28 16:53:53,361 [inflora.py] => [InfLoRA] Layer 11: 9/768 type remove
2026-07-28 16:53:53,361 [inflora.py] => [InfLoRA] Layer 12: 14/768 type remove
2026-07-28 16:53:59,950 [bounded_memory_mixin.py] => [bounded_mem eval] volume 0.05 | cycle 0 | classes_seen 20 | CIL top1 69.57 | top5 87.68 | (nearest latent task ~1) | param_hash 550e235a386cb676 | per-task [88.92, 53.21]
2026-07-28 17:01:09,404 [inflora.py] => [InfLoRA] DualGPM threshold: 0.9750
2026-07-28 17:01:13,021 [inflora.py] => [InfLoRA] Layer 1: 10/768 type remove
2026-07-28 17:01:13,021 [inflora.py] => [InfLoRA] Layer 2: 11/768 type remove
2026-07-28 17:01:13,021 [inflora.py] => [InfLoRA] Layer 3: 14/768 type remove
2026-07-28 17:01:13,021 [inflora.py] => [InfLoRA] Layer 4: 14/768 type remove
2026-07-28 17:01:13,021 [inflora.py] => [InfLoRA] Layer 5: 18/768 type remove
2026-07-28 17:01:13,021 [inflora.py] => [InfLoRA] Layer 6: 20/768 type remove
2026-07-28 17:01:13,021 [inflora.py] => [InfLoRA] Layer 7: 25/768 type remove
2026-07-28 17:01:13,021 [inflora.py] => [InfLoRA] Layer 8: 27/768 type remove
2026-07-28 17:01:13,021 [inflora.py] => [InfLoRA] Layer 9: 43/768 type remove
2026-07-28 17:01:13,022 [inflora.py] => [InfLoRA] Layer 10: 33/768 type remove
2026-07-28 17:01:13,022 [inflora.py] => [InfLoRA] Layer 11: 16/768 type remove
2026-07-28 17:01:13,022 [inflora.py] => [InfLoRA] Layer 12: 27/768 type remove
2026-07-28 17:01:18,405 [bounded_memory_mixin.py] => [bounded_mem eval] volume 0.10 | cycle 1 | classes_seen 20 | CIL top1 81.74 | top5 95.94 | (nearest latent task ~1) | param_hash cc41678584071b38 | per-task [86.71, 77.54]
2026-07-28 17:08:16,928 [inflora.py] => [InfLoRA] DualGPM threshold: 0.9750
2026-07-28 17:08:20,474 [inflora.py] => [InfLoRA] Layer 1: 11/768 type remove
2026-07-28 17:08:20,474 [inflora.py] => [InfLoRA] Layer 2: 12/768 type remove
2026-07-28 17:08:20,474 [inflora.py] => [InfLoRA] Layer 3: 15/768 type remove
2026-07-28 17:08:20,474 [inflora.py] => [InfLoRA] Layer 4: 14/768 type remove
2026-07-28 17:08:20,474 [inflora.py] => [InfLoRA] Layer 5: 19/768 type remove
2026-07-28 17:08:20,474 [inflora.py] => [InfLoRA] Layer 6: 21/768 type remove
2026-07-28 17:08:20,474 [inflora.py] => [InfLoRA] Layer 7: 26/768 type remove
2026-07-28 17:08:20,474 [inflora.py] => [InfLoRA] Layer 8: 28/768 type remove
2026-07-28 17:08:20,474 [inflora.py] => [InfLoRA] Layer 9: 45/768 type remove
2026-07-28 17:08:20,474 [inflora.py] => [InfLoRA] Layer 10: 36/768 type remove
2026-07-28 17:08:20,474 [inflora.py] => [InfLoRA] Layer 11: 18/768 type remove
2026-07-28 17:08:20,474 [inflora.py] => [InfLoRA] Layer 12: 34/768 type remove
2026-07-28 17:08:31,118 [bounded_memory_mixin.py] => [bounded_mem eval] volume 0.15 | cycle 2 | classes_seen 40 | CIL top1 64.95 | top5 84.63 | (nearest latent task ~3) | param_hash 2f6e81d231ac6c40 | per-task [83.23, 53.48, 79.07, 47.58]
2026-07-28 17:15:36,560 [inflora.py] => [InfLoRA] DualGPM threshold: 0.9750
2026-07-28 17:15:40,151 [inflora.py] => [InfLoRA] Layer 1: 11/768 type remove
2026-07-28 17:15:40,151 [inflora.py] => [InfLoRA] Layer 2: 12/768 type remove
2026-07-28 17:15:40,151 [inflora.py] => [InfLoRA] Layer 3: 15/768 type remove
2026-07-28 17:15:40,151 [inflora.py] => [InfLoRA] Layer 4: 14/768 type remove
2026-07-28 17:15:40,151 [inflora.py] => [InfLoRA] Layer 5: 19/768 type remove
2026-07-28 17:15:40,151 [inflora.py] => [InfLoRA] Layer 6: 22/768 type remove
2026-07-28 17:15:40,151 [inflora.py] => [InfLoRA] Layer 7: 27/768 type remove
2026-07-28 17:15:40,151 [inflora.py] => [InfLoRA] Layer 8: 30/768 type remove
2026-07-28 17:15:40,151 [inflora.py] => [InfLoRA] Layer 9: 49/768 type remove
2026-07-28 17:15:40,151 [inflora.py] => [InfLoRA] Layer 10: 40/768 type remove
2026-07-28 17:15:40,151 [inflora.py] => [InfLoRA] Layer 11: 21/768 type remove
2026-07-28 17:15:40,151 [inflora.py] => [InfLoRA] Layer 12: 42/768 type remove
2026-07-28 17:15:51,742 [bounded_memory_mixin.py] => [bounded_mem eval] volume 0.20 | cycle 3 | classes_seen 50 | CIL top1 68.90 | top5 87.55 | (nearest latent task ~4) | param_hash 3b80723713a0dd95 | per-task [76.9, 51.34, 73.75, 86.97, 56.68]
2026-07-28 17:22:58,991 [inflora.py] => [InfLoRA] DualGPM threshold: 0.9750
2026-07-28 17:23:02,618 [inflora.py] => [InfLoRA] Layer 1: 11/768 type remove
2026-07-28 17:23:02,619 [inflora.py] => [InfLoRA] Layer 2: 12/768 type remove
2026-07-28 17:23:02,619 [inflora.py] => [InfLoRA] Layer 3: 16/768 type remove
2026-07-28 17:23:02,619 [inflora.py] => [InfLoRA] Layer 4: 15/768 type remove
2026-07-28 17:23:02,619 [inflora.py] => [InfLoRA] Layer 5: 21/768 type remove
2026-07-28 17:23:02,619 [inflora.py] => [InfLoRA] Layer 6: 24/768 type remove
2026-07-28 17:23:02,619 [inflora.py] => [InfLoRA] Layer 7: 29/768 type remove
2026-07-28 17:23:02,619 [inflora.py] => [InfLoRA] Layer 8: 32/768 type remove
2026-07-28 17:23:02,619 [inflora.py] => [InfLoRA] Layer 9: 54/768 type remove
2026-07-28 17:23:02,619 [inflora.py] => [InfLoRA] Layer 10: 46/768 type remove
2026-07-28 17:23:02,619 [inflora.py] => [InfLoRA] Layer 11: 24/768 type remove
2026-07-28 17:23:02,619 [inflora.py] => [InfLoRA] Layer 12: 53/768 type remove
2026-07-28 17:23:16,725 [bounded_memory_mixin.py] => [bounded_mem eval] volume 0.25 | cycle 4 | classes_seen 60 | CIL top1 70.38 | top5 87.82 | (nearest latent task ~5) | param_hash 566025dbbc9a21f1 | per-task [72.78, 49.73, 72.09, 88.18, 79.78, 63.73]
2026-07-28 17:30:25,178 [inflora.py] => [InfLoRA] DualGPM threshold: 0.9750
2026-07-28 17:30:28,814 [inflora.py] => [InfLoRA] Layer 1: 11/768 type remove
2026-07-28 17:30:28,814 [inflora.py] => [InfLoRA] Layer 2: 12/768 type remove
2026-07-28 17:30:28,814 [inflora.py] => [InfLoRA] Layer 3: 16/768 type remove
2026-07-28 17:30:28,814 [inflora.py] => [InfLoRA] Layer 4: 15/768 type remove
2026-07-28 17:30:28,814 [inflora.py] => [InfLoRA] Layer 5: 21/768 type remove
2026-07-28 17:30:28,814 [inflora.py] => [InfLoRA] Layer 6: 25/768 type remove
2026-07-28 17:30:28,814 [inflora.py] => [InfLoRA] Layer 7: 32/768 type remove
2026-07-28 17:30:28,814 [inflora.py] => [InfLoRA] Layer 8: 35/768 type remove
2026-07-28 17:30:28,814 [inflora.py] => [InfLoRA] Layer 9: 58/768 type remove
2026-07-28 17:30:28,814 [inflora.py] => [InfLoRA] Layer 10: 49/768 type remove
2026-07-28 17:30:28,814 [inflora.py] => [InfLoRA] Layer 11: 26/768 type remove
2026-07-28 17:30:28,814 [inflora.py] => [InfLoRA] Layer 12: 59/768 type remove
2026-07-28 17:30:45,337 [bounded_memory_mixin.py] => [bounded_mem eval] volume 0.30 | cycle 5 | classes_seen 70 | CIL top1 69.10 | top5 86.92 | (nearest latent task ~6) | param_hash 65dab776e105e70d | per-task [71.52, 52.67, 72.43, 86.67, 78.34, 69.28, 55.56]
2026-07-28 17:37:52,384 [inflora.py] => [InfLoRA] DualGPM threshold: 0.9750
2026-07-28 17:37:56,045 [inflora.py] => [InfLoRA] Layer 1: 11/768 type remove
2026-07-28 17:37:56,045 [inflora.py] => [InfLoRA] Layer 2: 12/768 type remove
2026-07-28 17:37:56,045 [inflora.py] => [InfLoRA] Layer 3: 17/768 type remove
2026-07-28 17:37:56,045 [inflora.py] => [InfLoRA] Layer 4: 15/768 type remove
2026-07-28 17:37:56,045 [inflora.py] => [InfLoRA] Layer 5: 23/768 type remove
2026-07-28 17:37:56,045 [inflora.py] => [InfLoRA] Layer 6: 27/768 type remove
2026-07-28 17:37:56,045 [inflora.py] => [InfLoRA] Layer 7: 35/768 type remove
2026-07-28 17:37:56,045 [inflora.py] => [InfLoRA] Layer 8: 37/768 type remove
2026-07-28 17:37:56,046 [inflora.py] => [InfLoRA] Layer 9: 62/768 type remove
2026-07-28 17:37:56,046 [inflora.py] => [InfLoRA] Layer 10: 54/768 type remove
2026-07-28 17:37:56,046 [inflora.py] => [InfLoRA] Layer 11: 29/768 type remove
2026-07-28 17:37:56,046 [inflora.py] => [InfLoRA] Layer 12: 64/768 type remove
2026-07-28 17:38:14,454 [bounded_memory_mixin.py] => [bounded_mem eval] volume 0.35 | cycle 6 | classes_seen 80 | CIL top1 70.39 | top5 87.93 | (nearest latent task ~7) | param_hash 16a33ffa51ab7863 | per-task [65.51, 53.21, 71.43, 86.36, 76.53, 69.61, 71.04, 73.13]
2026-07-28 17:38:31,814 [bounded_memory_mixin.py] => [bounded_mem eval] volume 0.40 | cycle 6 | classes_seen 80 | CIL top1 70.39 | top5 87.93 | (nearest latent task ~7) | param_hash 16a33ffa51ab7863 | per-task [65.51, 53.21, 71.43, 86.36, 76.53, 69.61, 71.04, 73.13]
2026-07-28 17:45:22,813 [inflora.py] => [InfLoRA] DualGPM threshold: 0.9750
2026-07-28 17:45:26,566 [inflora.py] => [InfLoRA] Layer 1: 11/768 type remove
2026-07-28 17:45:26,566 [inflora.py] => [InfLoRA] Layer 2: 12/768 type remove
2026-07-28 17:45:26,566 [inflora.py] => [InfLoRA] Layer 3: 17/768 type remove
2026-07-28 17:45:26,567 [inflora.py] => [InfLoRA] Layer 4: 16/768 type remove
2026-07-28 17:45:26,567 [inflora.py] => [InfLoRA] Layer 5: 24/768 type remove
2026-07-28 17:45:26,567 [inflora.py] => [InfLoRA] Layer 6: 29/768 type remove
2026-07-28 17:45:26,567 [inflora.py] => [InfLoRA] Layer 7: 37/768 type remove
2026-07-28 17:45:26,567 [inflora.py] => [InfLoRA] Layer 8: 41/768 type remove
2026-07-28 17:45:26,567 [inflora.py] => [InfLoRA] Layer 9: 68/768 type remove
2026-07-28 17:45:26,567 [inflora.py] => [InfLoRA] Layer 10: 62/768 type remove
2026-07-28 17:45:26,567 [inflora.py] => [InfLoRA] Layer 11: 35/768 type remove
2026-07-28 17:45:26,567 [inflora.py] => [InfLoRA] Layer 12: 73/768 type remove
2026-07-28 17:45:46,866 [bounded_memory_mixin.py] => [bounded_mem eval] volume 0.45 | cycle 7 | classes_seen 90 | CIL top1 69.13 | top5 86.63 | (nearest latent task ~8) | param_hash a32983b5e5b79599 | per-task [60.13, 53.48, 66.45, 88.18, 77.98, 67.65, 69.7, 71.64, 70.26]
2026-07-28 17:52:51,805 [inflora.py] => [InfLoRA] DualGPM threshold: 0.9750
2026-07-28 17:52:55,554 [inflora.py] => [InfLoRA] Layer 1: 11/768 type remove
2026-07-28 17:52:55,555 [inflora.py] => [InfLoRA] Layer 2: 12/768 type remove
2026-07-28 17:52:55,555 [inflora.py] => [InfLoRA] Layer 3: 17/768 type remove
2026-07-28 17:52:55,555 [inflora.py] => [InfLoRA] Layer 4: 16/768 type remove
2026-07-28 17:52:55,555 [inflora.py] => [InfLoRA] Layer 5: 25/768 type remove
2026-07-28 17:52:55,555 [inflora.py] => [InfLoRA] Layer 6: 30/768 type remove
2026-07-28 17:52:55,555 [inflora.py] => [InfLoRA] Layer 7: 39/768 type remove
2026-07-28 17:52:55,555 [inflora.py] => [InfLoRA] Layer 8: 44/768 type remove
2026-07-28 17:52:55,555 [inflora.py] => [InfLoRA] Layer 9: 75/768 type remove
2026-07-28 17:52:55,555 [inflora.py] => [InfLoRA] Layer 10: 70/768 type remove
2026-07-28 17:52:55,555 [inflora.py] => [InfLoRA] Layer 11: 42/768 type remove
2026-07-28 17:52:55,555 [inflora.py] => [InfLoRA] Layer 12: 84/768 type remove
2026-07-28 17:53:18,959 [bounded_memory_mixin.py] => [bounded_mem eval] volume 0.50 | cycle 8 | classes_seen 110 | CIL top1 66.12 | top5 85.18 | (nearest latent task ~10) | param_hash ef27c3201093aec2 | per-task [55.06, 51.87, 67.11, 86.06, 76.9, 65.03, 69.02, 69.4, 67.64, 68.13, 54.39]
