2026-07-21 17:53:19,711 [trainer.py] => config: exps/review/imagenetr_3task_all_methods/inflora.json
2026-07-21 17:53:19,711 [trainer.py] => prefix: imagenetr_3task_inflora
2026-07-21 17:53:19,711 [trainer.py] => dataset: imagenetr
2026-07-21 17:53:19,711 [trainer.py] => memory_size: 0
2026-07-21 17:53:19,711 [trainer.py] => memory_per_class: 0
2026-07-21 17:53:19,711 [trainer.py] => fixed_memory: False
2026-07-21 17:53:19,711 [trainer.py] => shuffle: True
2026-07-21 17:53:19,711 [trainer.py] => init_cls: 10
2026-07-21 17:53:19,711 [trainer.py] => increment: 10
2026-07-21 17:53:19,711 [trainer.py] => model_name: inflora
2026-07-21 17:53:19,711 [trainer.py] => backbone_type: vit_base_patch16_224_lora
2026-07-21 17:53:19,711 [trainer.py] => device: [device(type='cuda', index=0)]
2026-07-21 17:53:19,711 [trainer.py] => seed: 1993
2026-07-21 17:53:19,711 [trainer.py] => scenario: both
2026-07-21 17:53:19,711 [trainer.py] => lora_rank: 10
2026-07-21 17:53:19,711 [trainer.py] => lora_alpha: None
2026-07-21 17:53:19,711 [trainer.py] => lora_merge: True
2026-07-21 17:53:19,711 [trainer.py] => lamb: 0.95
2026-07-21 17:53:19,711 [trainer.py] => lame: 1.0
2026-07-21 17:53:19,711 [trainer.py] => tuned_epoch: 10
2026-07-21 17:53:19,712 [trainer.py] => init_lr: 0.0005
2026-07-21 17:53:19,712 [trainer.py] => batch_size: 48
2026-07-21 17:53:19,712 [trainer.py] => weight_decay: 0.0005
2026-07-21 17:53:19,712 [trainer.py] => min_lr: 0.0
2026-07-21 17:53:19,712 [trainer.py] => pretrained: True
2026-07-21 17:53:19,712 [trainer.py] => print_forget: True
2026-07-21 17:53:19,712 [trainer.py] => stop_after_tasks: 3
2026-07-21 17:53:19,712 [trainer.py] => final_metrics: True
2026-07-21 17:53:19,799 [data_manager.py] => [168, 136, 51, 9, 183, 101, 171, 99, 42, 159, 191, 70, 16, 188, 27, 10, 175, 26, 68, 187, 98, 6, 85, 35, 112, 43, 100, 0, 103, 181, 88, 59, 4, 2, 116, 174, 94, 80, 106, 1, 147, 17, 141, 131, 72, 23, 173, 54, 197, 118, 87, 32, 79, 104, 91, 19, 135, 107, 178, 36, 11, 199, 142, 8, 122, 3, 28, 57, 153, 172, 190, 56, 49, 44, 97, 62, 151, 169, 194, 55, 192, 12, 189, 78, 66, 180, 15, 137, 109, 134, 92, 119, 126, 52, 170, 40, 148, 65, 144, 64, 138, 45, 77, 89, 154, 90, 71, 193, 74, 30, 113, 143, 96, 84, 67, 50, 186, 156, 69, 21, 18, 111, 108, 58, 125, 157, 150, 110, 182, 129, 166, 83, 81, 60, 13, 165, 14, 176, 63, 117, 5, 22, 145, 121, 38, 41, 82, 127, 114, 20, 31, 53, 37, 163, 196, 130, 152, 162, 86, 76, 24, 34, 184, 149, 33, 128, 198, 155, 146, 167, 139, 120, 140, 102, 47, 25, 158, 123, 46, 164, 61, 7, 115, 75, 133, 160, 105, 132, 179, 124, 48, 73, 93, 39, 95, 195, 29, 177, 185, 161]
2026-07-21 17:53:22,520 [trainer.py] => stop_after_tasks=3 (of 20 total)
2026-07-21 17:53:23,311 [trainer.py] => All params: 93171456
2026-07-21 17:53:23,313 [trainer.py] => Trainable params: 7372800
2026-07-21 17:53:23,314 [inflora.py] => [InfLoRA] Learning on 0-10
2026-07-21 17:53:29,952 [lora.py] => Trainable params this task: 192,010 / 93,179,146
2026-07-21 17:55:02,567 [lora.py] => Task 0 finished. Train_accy 90.78
2026-07-21 17:55:07,412 [inflora.py] => [InfLoRA] DualGPM threshold: 0.9500
2026-07-21 17:55:08,185 [inflora.py] => [InfLoRA] Layer 1: 6/768 type remove
2026-07-21 17:55:08,185 [inflora.py] => [InfLoRA] Layer 2: 9/768 type remove
2026-07-21 17:55:08,185 [inflora.py] => [InfLoRA] Layer 3: 11/768 type remove
2026-07-21 17:55:08,185 [inflora.py] => [InfLoRA] Layer 4: 12/768 type remove
2026-07-21 17:55:08,186 [inflora.py] => [InfLoRA] Layer 5: 17/768 type remove
2026-07-21 17:55:08,186 [inflora.py] => [InfLoRA] Layer 6: 15/768 type remove
2026-07-21 17:55:08,186 [inflora.py] => [InfLoRA] Layer 7: 13/768 type remove
2026-07-21 17:55:08,186 [inflora.py] => [InfLoRA] Layer 8: 10/768 type remove
2026-07-21 17:55:08,186 [inflora.py] => [InfLoRA] Layer 9: 9/768 type remove
2026-07-21 17:55:08,186 [inflora.py] => [InfLoRA] Layer 10: 8/768 type remove
2026-07-21 17:55:08,186 [inflora.py] => [InfLoRA] Layer 11: 2/768 type remove
2026-07-21 17:55:08,186 [inflora.py] => [InfLoRA] Layer 12: 3/768 type remove
2026-07-21 17:55:11,982 [til_base.py] => TIL top1: 94.94
2026-07-21 17:55:11,982 [til_base.py] => CIL top1: 94.94 | TIL top1: 94.94
2026-07-21 17:55:11,985 [trainer.py] => No NME accuracy.
2026-07-21 17:55:11,985 [trainer.py] => CNN: {'total': 94.94, '00-09': 94.94, 'old': 0, 'new': 94.94}
2026-07-21 17:55:11,985 [trainer.py] => CNN top1 curve: [94.94]
2026-07-21 17:55:11,985 [trainer.py] => CNN top5 curve: [99.68]

2026-07-21 17:55:11,986 [trainer.py] => Average Accuracy (CNN): 94.94 

2026-07-21 17:55:11,988 [trainer.py] => All params: 93179146
2026-07-21 17:55:11,990 [trainer.py] => Trainable params: 192010
2026-07-21 17:55:11,991 [inflora.py] => [InfLoRA] Learning on 10-20
2026-07-21 17:55:18,996 [lora.py] => Trainable params this task: 199,700 / 92,818,196
2026-07-21 17:57:07,268 [lora.py] => Task 1 finished. Train_accy 92.07
2026-07-21 17:57:13,032 [inflora.py] => [InfLoRA] DualGPM threshold: 0.9525
2026-07-21 17:57:14,341 [inflora.py] => [InfLoRA] Layer 1: 7/768 type remove
2026-07-21 17:57:14,342 [inflora.py] => [InfLoRA] Layer 2: 10/768 type remove
2026-07-21 17:57:14,342 [inflora.py] => [InfLoRA] Layer 3: 13/768 type remove
2026-07-21 17:57:14,342 [inflora.py] => [InfLoRA] Layer 4: 14/768 type remove
2026-07-21 17:57:14,342 [inflora.py] => [InfLoRA] Layer 5: 21/768 type remove
2026-07-21 17:57:14,342 [inflora.py] => [InfLoRA] Layer 6: 19/768 type remove
2026-07-21 17:57:14,342 [inflora.py] => [InfLoRA] Layer 7: 17/768 type remove
2026-07-21 17:57:14,342 [inflora.py] => [InfLoRA] Layer 8: 14/768 type remove
2026-07-21 17:57:14,342 [inflora.py] => [InfLoRA] Layer 9: 14/768 type remove
2026-07-21 17:57:14,342 [inflora.py] => [InfLoRA] Layer 10: 11/768 type remove
2026-07-21 17:57:14,342 [inflora.py] => [InfLoRA] Layer 11: 4/768 type remove
2026-07-21 17:57:14,342 [inflora.py] => [InfLoRA] Layer 12: 6/768 type remove
2026-07-21 17:57:21,446 [til_base.py] => TIL top1: 93.62
2026-07-21 17:57:21,446 [til_base.py] => CIL top1: 88.7 | TIL top1: 93.62
2026-07-21 17:57:21,450 [trainer.py] => No NME accuracy.
2026-07-21 17:57:21,450 [trainer.py] => CNN: {'total': 88.7, '00-09': 86.71, '10-19': 90.37, 'old': 86.71, 'new': 90.37}
2026-07-21 17:57:21,450 [trainer.py] => CNN top1 curve: [94.94, 88.7]
2026-07-21 17:57:21,450 [trainer.py] => CNN top5 curve: [99.68, 97.25]

2026-07-21 17:57:21,450 [trainer.py] => Average Accuracy (CNN): 91.82 

2026-07-21 17:57:21,452 [trainer.py] => All params: 92818196
2026-07-21 17:57:21,454 [trainer.py] => Trainable params: 199700
2026-07-21 17:57:21,455 [inflora.py] => [InfLoRA] Learning on 20-30
2026-07-21 17:57:27,513 [lora.py] => Trainable params this task: 207,390 / 92,457,246
2026-07-21 17:58:56,087 [lora.py] => Task 2 finished. Train_accy 89.03
2026-07-21 17:59:00,933 [inflora.py] => [InfLoRA] DualGPM threshold: 0.9550
2026-07-21 17:59:02,241 [inflora.py] => [InfLoRA] Layer 1: 7/768 type remove
2026-07-21 17:59:02,241 [inflora.py] => [InfLoRA] Layer 2: 10/768 type remove
2026-07-21 17:59:02,241 [inflora.py] => [InfLoRA] Layer 3: 14/768 type remove
2026-07-21 17:59:02,241 [inflora.py] => [InfLoRA] Layer 4: 15/768 type remove
2026-07-21 17:59:02,241 [inflora.py] => [InfLoRA] Layer 5: 22/768 type remove
2026-07-21 17:59:02,241 [inflora.py] => [InfLoRA] Layer 6: 20/768 type remove
2026-07-21 17:59:02,241 [inflora.py] => [InfLoRA] Layer 7: 18/768 type remove
2026-07-21 17:59:02,241 [inflora.py] => [InfLoRA] Layer 8: 15/768 type remove
2026-07-21 17:59:02,241 [inflora.py] => [InfLoRA] Layer 9: 15/768 type remove
2026-07-21 17:59:02,241 [inflora.py] => [InfLoRA] Layer 10: 12/768 type remove
2026-07-21 17:59:02,241 [inflora.py] => [InfLoRA] Layer 11: 5/768 type remove
2026-07-21 17:59:02,241 [inflora.py] => [InfLoRA] Layer 12: 9/768 type remove
2026-07-21 17:59:12,260 [til_base.py] => TIL top1: 92.33
2026-07-21 17:59:12,260 [til_base.py] => CIL top1: 81.63 | TIL top1: 92.33
2026-07-21 17:59:12,263 [trainer.py] => No NME accuracy.
2026-07-21 17:59:12,264 [trainer.py] => CNN: {'total': 81.63, '00-09': 73.1, '10-19': 82.62, '20-29': 89.37, 'old': 78.26, 'new': 89.37}
2026-07-21 17:59:12,264 [trainer.py] => CNN top1 curve: [94.94, 88.7, 81.63]
2026-07-21 17:59:12,264 [trainer.py] => CNN top5 curve: [99.68, 97.25, 95.36]

2026-07-21 17:59:12,264 [trainer.py] => Average Accuracy (CNN): 88.42333333333333 

2026-07-21 17:59:15,179 [metrics_logger.py] => [metrics] wrote run_logs/final/inflora/metrics_inflora_imagenetr_imagenetr_3task_inflora_s1993.json
2026-07-21 17:59:15,179 [trainer.py] => Forgetting (CNN): 14.795000000000002
2026-07-21 17:59:15,179 [trainer.py] => Forgetting (NME): 14.795000000000002
2026-07-21 17:59:15,179 [trainer.py] => Forgetting (TIL): 3.2849999999999966
