2026-07-01 08:49:43,349 [trainer.py] => config: ./exps/inflora_inr20t_sample_s1995.json
2026-07-01 08:49:43,349 [trainer.py] => dataset: imagenetr
2026-07-01 08:49:43,349 [trainer.py] => memory_size: 0
2026-07-01 08:49:43,349 [trainer.py] => memory_per_class: 0
2026-07-01 08:49:43,349 [trainer.py] => fixed_memory: False
2026-07-01 08:49:43,349 [trainer.py] => shuffle: True
2026-07-01 08:49:43,349 [trainer.py] => init_cls: 10
2026-07-01 08:49:43,350 [trainer.py] => increment: 10
2026-07-01 08:49:43,350 [trainer.py] => backbone_type: vit_base_patch16_224_lora
2026-07-01 08:49:43,350 [trainer.py] => device: [device(type='cuda', index=0)]
2026-07-01 08:49:43,350 [trainer.py] => seed: 1995
2026-07-01 08:49:43,350 [trainer.py] => scenario: both
2026-07-01 08:49:43,350 [trainer.py] => lora_rank: 8
2026-07-01 08:49:43,350 [trainer.py] => n_lora_blocks: 3
2026-07-01 08:49:43,350 [trainer.py] => tuned_epoch: 10
2026-07-01 08:49:43,350 [trainer.py] => init_lr: 0.005
2026-07-01 08:49:43,350 [trainer.py] => batch_size: 48
2026-07-01 08:49:43,350 [trainer.py] => weight_decay: 0.0005
2026-07-01 08:49:43,350 [trainer.py] => min_lr: 0.0
2026-07-01 08:49:43,350 [trainer.py] => pretrained: True
2026-07-01 08:49:43,350 [trainer.py] => print_forget: True
2026-07-01 08:49:43,350 [trainer.py] => model_name: inflora
2026-07-01 08:49:43,350 [trainer.py] => lora_alpha: 32
2026-07-01 08:49:43,350 [trainer.py] => lora_merge: True
2026-07-01 08:49:43,350 [trainer.py] => lamb: 0.98
2026-07-01 08:49:43,350 [trainer.py] => lame: 0.98
2026-07-01 08:49:43,350 [trainer.py] => prefix: inr20t_sample
2026-07-01 08:49:43,350 [trainer.py] => boundary_mode: sample
2026-07-01 08:49:43,350 [trainer.py] => boundary_mult: 1.5
2026-07-01 08:49:43,430 [data_manager.py] => [146, 198, 169, 126, 142, 183, 108, 86, 79, 35, 112, 29, 0, 2, 59, 178, 143, 31, 147, 33, 123, 114, 194, 54, 138, 75, 158, 26, 131, 141, 180, 132, 22, 49, 116, 111, 24, 98, 107, 89, 151, 83, 185, 15, 27, 136, 65, 1, 82, 87, 99, 153, 47, 144, 145, 175, 155, 77, 191, 199, 46, 28, 76, 71, 93, 137, 5, 188, 187, 74, 103, 173, 18, 80, 88, 48, 109, 81, 91, 101, 43, 102, 61, 182, 3, 14, 40, 42, 167, 66, 57, 73, 135, 39, 45, 184, 161, 85, 148, 121, 8, 195, 21, 4, 106, 133, 118, 10, 176, 50, 36, 192, 162, 172, 96, 197, 20, 117, 140, 186, 92, 97, 44, 149, 13, 37, 170, 25, 181, 171, 23, 104, 189, 11, 159, 67, 94, 68, 55, 6, 150, 165, 120, 139, 72, 154, 115, 125, 53, 58, 16, 113, 41, 190, 174, 127, 110, 7, 38, 32, 95, 19, 196, 51, 78, 34, 122, 152, 119, 134, 129, 130, 128, 17, 30, 90, 124, 160, 100, 193, 12, 56, 64, 168, 105, 63, 177, 70, 60, 163, 9, 62, 156, 52, 84, 157, 69, 179, 166, 164]
2026-07-01 08:49:46,171 [stream_mixin.py] => [stream] adapter event every 15 global epochs (C=1.5 x 10 epochs); eval after each fold on completed tasks
2026-07-01 08:51:57,172 [inflora.py] => [InfLoRA] DualGPM threshold: 0.9800
2026-07-01 08:51:59,476 [inflora.py] => [InfLoRA] Layer 1: 7/768 type remove
2026-07-01 08:51:59,476 [inflora.py] => [InfLoRA] Layer 2: 8/768 type remove
2026-07-01 08:51:59,476 [inflora.py] => [InfLoRA] Layer 3: 8/768 type remove
2026-07-01 08:51:59,476 [inflora.py] => [InfLoRA] Layer 4: 6/768 type remove
2026-07-01 08:51:59,476 [inflora.py] => [InfLoRA] Layer 5: 8/768 type remove
2026-07-01 08:51:59,476 [inflora.py] => [InfLoRA] Layer 6: 7/768 type remove
2026-07-01 08:51:59,476 [inflora.py] => [InfLoRA] Layer 7: 8/768 type remove
2026-07-01 08:51:59,476 [inflora.py] => [InfLoRA] Layer 8: 8/768 type remove
2026-07-01 08:51:59,477 [inflora.py] => [InfLoRA] Layer 9: 9/768 type remove
2026-07-01 08:51:59,477 [inflora.py] => [InfLoRA] Layer 10: 9/768 type remove
2026-07-01 08:51:59,477 [inflora.py] => [InfLoRA] Layer 11: 8/768 type remove
2026-07-01 08:51:59,477 [inflora.py] => [InfLoRA] Layer 12: 21/768 type remove
2026-07-01 08:52:02,017 [stream_mixin.py] => [stream eval] completed  1 | CIL 31.63 | TIL 31.63 | TIL/task [31.63]
2026-07-01 08:54:15,640 [inflora.py] => [InfLoRA] DualGPM threshold: 0.9800
2026-07-01 08:54:20,131 [inflora.py] => [InfLoRA] Layer 1: 8/768 type remove
2026-07-01 08:54:20,131 [inflora.py] => [InfLoRA] Layer 2: 9/768 type remove
2026-07-01 08:54:20,131 [inflora.py] => [InfLoRA] Layer 3: 9/768 type remove
2026-07-01 08:54:20,131 [inflora.py] => [InfLoRA] Layer 4: 10/768 type remove
2026-07-01 08:54:20,131 [inflora.py] => [InfLoRA] Layer 5: 13/768 type remove
2026-07-01 08:54:20,131 [inflora.py] => [InfLoRA] Layer 6: 13/768 type remove
2026-07-01 08:54:20,131 [inflora.py] => [InfLoRA] Layer 7: 15/768 type remove
2026-07-01 08:54:20,131 [inflora.py] => [InfLoRA] Layer 8: 13/768 type remove
2026-07-01 08:54:20,131 [inflora.py] => [InfLoRA] Layer 9: 12/768 type remove
2026-07-01 08:54:20,131 [inflora.py] => [InfLoRA] Layer 10: 11/768 type remove
2026-07-01 08:54:20,131 [inflora.py] => [InfLoRA] Layer 11: 9/768 type remove
2026-07-01 08:54:20,131 [inflora.py] => [InfLoRA] Layer 12: 23/768 type remove
2026-07-01 08:54:28,037 [stream_mixin.py] => [stream eval] completed  3 | CIL 9.36 | TIL 29.26 | TIL/task [26.52, 27.41, 33.99]
2026-07-01 08:57:01,033 [inflora.py] => [InfLoRA] DualGPM threshold: 0.9800
2026-07-01 08:57:05,560 [inflora.py] => [InfLoRA] Layer 1: 8/768 type remove
2026-07-01 08:57:05,561 [inflora.py] => [InfLoRA] Layer 2: 10/768 type remove
2026-07-01 08:57:05,561 [inflora.py] => [InfLoRA] Layer 3: 11/768 type remove
2026-07-01 08:57:05,561 [inflora.py] => [InfLoRA] Layer 4: 13/768 type remove
2026-07-01 08:57:05,561 [inflora.py] => [InfLoRA] Layer 5: 16/768 type remove
2026-07-01 08:57:05,561 [inflora.py] => [InfLoRA] Layer 6: 17/768 type remove
2026-07-01 08:57:05,561 [inflora.py] => [InfLoRA] Layer 7: 20/768 type remove
2026-07-01 08:57:05,561 [inflora.py] => [InfLoRA] Layer 8: 18/768 type remove
2026-07-01 08:57:05,561 [inflora.py] => [InfLoRA] Layer 9: 15/768 type remove
2026-07-01 08:57:05,561 [inflora.py] => [InfLoRA] Layer 10: 13/768 type remove
2026-07-01 08:57:05,561 [inflora.py] => [InfLoRA] Layer 11: 11/768 type remove
2026-07-01 08:57:05,561 [inflora.py] => [InfLoRA] Layer 12: 25/768 type remove
2026-07-01 08:57:16,433 [stream_mixin.py] => [stream eval] completed  4 | CIL 2.54 | TIL 15.81 | TIL/task [14.06, 10.59, 11.44, 25.77]
2026-07-01 08:59:34,674 [inflora.py] => [InfLoRA] DualGPM threshold: 0.9800
2026-07-01 08:59:38,937 [inflora.py] => [InfLoRA] Layer 1: 8/768 type remove
2026-07-01 08:59:38,937 [inflora.py] => [InfLoRA] Layer 2: 11/768 type remove
2026-07-01 08:59:38,937 [inflora.py] => [InfLoRA] Layer 3: 12/768 type remove
2026-07-01 08:59:38,937 [inflora.py] => [InfLoRA] Layer 4: 14/768 type remove
2026-07-01 08:59:38,937 [inflora.py] => [InfLoRA] Layer 5: 17/768 type remove
2026-07-01 08:59:38,937 [inflora.py] => [InfLoRA] Layer 6: 19/768 type remove
2026-07-01 08:59:38,937 [inflora.py] => [InfLoRA] Layer 7: 23/768 type remove
2026-07-01 08:59:38,937 [inflora.py] => [InfLoRA] Layer 8: 22/768 type remove
2026-07-01 08:59:38,937 [inflora.py] => [InfLoRA] Layer 9: 17/768 type remove
2026-07-01 08:59:38,937 [inflora.py] => [InfLoRA] Layer 10: 14/768 type remove
2026-07-01 08:59:38,937 [inflora.py] => [InfLoRA] Layer 11: 12/768 type remove
2026-07-01 08:59:38,937 [inflora.py] => [InfLoRA] Layer 12: 26/768 type remove
2026-07-01 08:59:55,700 [stream_mixin.py] => [stream eval] completed  6 | CIL 6.02 | TIL 22.55 | TIL/task [9.58, 22.43, 13.4, 22.69, 33.15, 33.22]
2026-07-01 09:02:25,703 [inflora.py] => [InfLoRA] DualGPM threshold: 0.9800
2026-07-01 09:02:30,253 [inflora.py] => [InfLoRA] Layer 1: 8/768 type remove
2026-07-01 09:02:30,253 [inflora.py] => [InfLoRA] Layer 2: 12/768 type remove
2026-07-01 09:02:30,253 [inflora.py] => [InfLoRA] Layer 3: 14/768 type remove
2026-07-01 09:02:30,253 [inflora.py] => [InfLoRA] Layer 4: 17/768 type remove
2026-07-01 09:02:30,253 [inflora.py] => [InfLoRA] Layer 5: 21/768 type remove
2026-07-01 09:02:30,254 [inflora.py] => [InfLoRA] Layer 6: 23/768 type remove
2026-07-01 09:02:30,254 [inflora.py] => [InfLoRA] Layer 7: 27/768 type remove
2026-07-01 09:02:30,254 [inflora.py] => [InfLoRA] Layer 8: 27/768 type remove
2026-07-01 09:02:30,254 [inflora.py] => [InfLoRA] Layer 9: 21/768 type remove
2026-07-01 09:02:30,254 [inflora.py] => [InfLoRA] Layer 10: 15/768 type remove
2026-07-01 09:02:30,254 [inflora.py] => [InfLoRA] Layer 11: 13/768 type remove
2026-07-01 09:02:30,254 [inflora.py] => [InfLoRA] Layer 12: 27/768 type remove
2026-07-01 09:02:50,273 [stream_mixin.py] => [stream eval] completed  7 | CIL 3.05 | TIL 18.89 | TIL/task [12.46, 22.12, 17.65, 16.81, 21.63, 12.8, 27.04]
2026-07-01 09:04:44,498 [inflora.py] => [InfLoRA] DualGPM threshold: 0.9800
2026-07-01 09:04:49,126 [inflora.py] => [InfLoRA] Layer 1: 8/768 type remove
2026-07-01 09:04:49,126 [inflora.py] => [InfLoRA] Layer 2: 13/768 type remove
2026-07-01 09:04:49,126 [inflora.py] => [InfLoRA] Layer 3: 15/768 type remove
2026-07-01 09:04:49,126 [inflora.py] => [InfLoRA] Layer 4: 19/768 type remove
2026-07-01 09:04:49,126 [inflora.py] => [InfLoRA] Layer 5: 23/768 type remove
2026-07-01 09:04:49,126 [inflora.py] => [InfLoRA] Layer 6: 25/768 type remove
2026-07-01 09:04:49,126 [inflora.py] => [InfLoRA] Layer 7: 31/768 type remove
2026-07-01 09:04:49,126 [inflora.py] => [InfLoRA] Layer 8: 30/768 type remove
2026-07-01 09:04:49,127 [inflora.py] => [InfLoRA] Layer 9: 22/768 type remove
2026-07-01 09:04:49,127 [inflora.py] => [InfLoRA] Layer 10: 16/768 type remove
2026-07-01 09:04:49,127 [inflora.py] => [InfLoRA] Layer 11: 14/768 type remove
2026-07-01 09:04:49,127 [inflora.py] => [InfLoRA] Layer 12: 28/768 type remove
2026-07-01 09:05:14,061 [stream_mixin.py] => [stream eval] completed  9 | CIL 3.07 | TIL 19.12 | TIL/task [9.58, 16.51, 13.4, 12.32, 24.44, 12.8, 25.92, 25.57, 36.82]
2026-07-01 09:07:08,145 [inflora.py] => [InfLoRA] DualGPM threshold: 0.9800
2026-07-01 09:07:12,672 [inflora.py] => [InfLoRA] Layer 1: 8/768 type remove
2026-07-01 09:07:12,672 [inflora.py] => [InfLoRA] Layer 2: 14/768 type remove
2026-07-01 09:07:12,672 [inflora.py] => [InfLoRA] Layer 3: 17/768 type remove
2026-07-01 09:07:12,672 [inflora.py] => [InfLoRA] Layer 4: 22/768 type remove
2026-07-01 09:07:12,672 [inflora.py] => [InfLoRA] Layer 5: 26/768 type remove
2026-07-01 09:07:12,672 [inflora.py] => [InfLoRA] Layer 6: 28/768 type remove
2026-07-01 09:07:12,672 [inflora.py] => [InfLoRA] Layer 7: 35/768 type remove
2026-07-01 09:07:12,672 [inflora.py] => [InfLoRA] Layer 8: 33/768 type remove
2026-07-01 09:07:12,672 [inflora.py] => [InfLoRA] Layer 9: 24/768 type remove
2026-07-01 09:07:12,672 [inflora.py] => [InfLoRA] Layer 10: 17/768 type remove
2026-07-01 09:07:12,673 [inflora.py] => [InfLoRA] Layer 11: 15/768 type remove
2026-07-01 09:07:12,673 [inflora.py] => [InfLoRA] Layer 12: 29/768 type remove
2026-07-01 09:07:39,834 [stream_mixin.py] => [stream eval] completed 10 | CIL 2.71 | TIL 16.64 | TIL/task [11.5, 15.58, 10.13, 12.61, 23.88, 12.46, 14.08, 21.64, 23.38, 27.51]
2026-07-01 09:10:14,246 [inflora.py] => [InfLoRA] DualGPM threshold: 0.9800
2026-07-01 09:10:18,501 [inflora.py] => [InfLoRA] Layer 1: 8/768 type remove
2026-07-01 09:10:18,501 [inflora.py] => [InfLoRA] Layer 2: 16/768 type remove
2026-07-01 09:10:18,501 [inflora.py] => [InfLoRA] Layer 3: 20/768 type remove
2026-07-01 09:10:18,501 [inflora.py] => [InfLoRA] Layer 4: 25/768 type remove
2026-07-01 09:10:18,501 [inflora.py] => [InfLoRA] Layer 5: 29/768 type remove
2026-07-01 09:10:18,501 [inflora.py] => [InfLoRA] Layer 6: 31/768 type remove
2026-07-01 09:10:18,501 [inflora.py] => [InfLoRA] Layer 7: 40/768 type remove
2026-07-01 09:10:18,501 [inflora.py] => [InfLoRA] Layer 8: 37/768 type remove
2026-07-01 09:10:18,501 [inflora.py] => [InfLoRA] Layer 9: 26/768 type remove
2026-07-01 09:10:18,501 [inflora.py] => [InfLoRA] Layer 10: 18/768 type remove
2026-07-01 09:10:18,501 [inflora.py] => [InfLoRA] Layer 11: 16/768 type remove
2026-07-01 09:10:18,501 [inflora.py] => [InfLoRA] Layer 12: 30/768 type remove
2026-07-01 09:10:51,880 [stream_mixin.py] => [stream eval] completed 12 | CIL 2.51 | TIL 18.04 | TIL/task [10.86, 12.77, 4.58, 11.48, 19.38, 10.73, 15.49, 28.52, 22.89, 16.93, 27.72, 36.15]
2026-07-01 09:12:58,617 [inflora.py] => [InfLoRA] DualGPM threshold: 0.9800
2026-07-01 09:13:03,125 [inflora.py] => [InfLoRA] Layer 1: 8/768 type remove
2026-07-01 09:13:03,126 [inflora.py] => [InfLoRA] Layer 2: 17/768 type remove
2026-07-01 09:13:03,126 [inflora.py] => [InfLoRA] Layer 3: 21/768 type remove
2026-07-01 09:13:03,126 [inflora.py] => [InfLoRA] Layer 4: 27/768 type remove
2026-07-01 09:13:03,126 [inflora.py] => [InfLoRA] Layer 5: 31/768 type remove
2026-07-01 09:13:03,126 [inflora.py] => [InfLoRA] Layer 6: 33/768 type remove
2026-07-01 09:13:03,126 [inflora.py] => [InfLoRA] Layer 7: 42/768 type remove
2026-07-01 09:13:03,126 [inflora.py] => [InfLoRA] Layer 8: 40/768 type remove
2026-07-01 09:13:03,126 [inflora.py] => [InfLoRA] Layer 9: 28/768 type remove
2026-07-01 09:13:03,126 [inflora.py] => [InfLoRA] Layer 10: 19/768 type remove
2026-07-01 09:13:03,126 [inflora.py] => [InfLoRA] Layer 11: 17/768 type remove
2026-07-01 09:13:03,126 [inflora.py] => [InfLoRA] Layer 12: 31/768 type remove
2026-07-01 09:13:39,104 [stream_mixin.py] => [stream eval] completed 13 | CIL 1.46 | TIL 16.96 | TIL/task [13.74, 11.21, 11.44, 7.84, 18.26, 11.07, 13.24, 24.59, 13.43, 14.81, 27.37, 23.62, 34.7]
2026-07-01 09:15:57,272 [inflora.py] => [InfLoRA] DualGPM threshold: 0.9800
2026-07-01 09:16:01,847 [inflora.py] => [InfLoRA] Layer 1: 8/768 type remove
2026-07-01 09:16:01,848 [inflora.py] => [InfLoRA] Layer 2: 18/768 type remove
2026-07-01 09:16:01,848 [inflora.py] => [InfLoRA] Layer 3: 22/768 type remove
2026-07-01 09:16:01,848 [inflora.py] => [InfLoRA] Layer 4: 28/768 type remove
2026-07-01 09:16:01,848 [inflora.py] => [InfLoRA] Layer 5: 32/768 type remove
2026-07-01 09:16:01,848 [inflora.py] => [InfLoRA] Layer 6: 35/768 type remove
2026-07-01 09:16:01,848 [inflora.py] => [InfLoRA] Layer 7: 44/768 type remove
2026-07-01 09:16:01,848 [inflora.py] => [InfLoRA] Layer 8: 42/768 type remove
2026-07-01 09:16:01,848 [inflora.py] => [InfLoRA] Layer 9: 30/768 type remove
2026-07-01 09:16:01,848 [inflora.py] => [InfLoRA] Layer 10: 20/768 type remove
2026-07-01 09:16:01,848 [inflora.py] => [InfLoRA] Layer 11: 18/768 type remove
2026-07-01 09:16:01,848 [inflora.py] => [InfLoRA] Layer 12: 32/768 type remove
2026-07-01 09:16:44,044 [stream_mixin.py] => [stream eval] completed 15 | CIL 1.84 | TIL 17.58 | TIL/task [14.7, 11.53, 6.86, 8.96, 20.79, 12.46, 12.68, 18.36, 13.93, 11.11, 28.07, 20.7, 27.4, 31.92, 26.95]
2026-07-01 09:19:14,131 [inflora.py] => [InfLoRA] DualGPM threshold: 0.9800
2026-07-01 09:19:18,637 [inflora.py] => [InfLoRA] Layer 1: 8/768 type remove
2026-07-01 09:19:18,637 [inflora.py] => [InfLoRA] Layer 2: 19/768 type remove
2026-07-01 09:19:18,637 [inflora.py] => [InfLoRA] Layer 3: 24/768 type remove
2026-07-01 09:19:18,637 [inflora.py] => [InfLoRA] Layer 4: 31/768 type remove
2026-07-01 09:19:18,637 [inflora.py] => [InfLoRA] Layer 5: 35/768 type remove
2026-07-01 09:19:18,637 [inflora.py] => [InfLoRA] Layer 6: 38/768 type remove
2026-07-01 09:19:18,637 [inflora.py] => [InfLoRA] Layer 7: 48/768 type remove
2026-07-01 09:19:18,637 [inflora.py] => [InfLoRA] Layer 8: 46/768 type remove
2026-07-01 09:19:18,637 [inflora.py] => [InfLoRA] Layer 9: 33/768 type remove
2026-07-01 09:19:18,637 [inflora.py] => [InfLoRA] Layer 10: 22/768 type remove
2026-07-01 09:19:18,637 [inflora.py] => [InfLoRA] Layer 11: 19/768 type remove
2026-07-01 09:19:18,638 [inflora.py] => [InfLoRA] Layer 12: 33/768 type remove
2026-07-01 09:20:04,144 [stream_mixin.py] => [stream eval] completed 16 | CIL 1.07 | TIL 17.09 | TIL/task [15.02, 8.72, 15.03, 14.29, 16.01, 10.73, 20.0, 11.48, 10.45, 10.58, 24.56, 20.41, 17.81, 22.15, 17.58, 36.33]
2026-07-01 09:22:36,578 [inflora.py] => [InfLoRA] DualGPM threshold: 0.9800
2026-07-01 09:22:41,034 [inflora.py] => [InfLoRA] Layer 1: 8/768 type remove
2026-07-01 09:22:41,034 [inflora.py] => [InfLoRA] Layer 2: 20/768 type remove
2026-07-01 09:22:41,034 [inflora.py] => [InfLoRA] Layer 3: 25/768 type remove
2026-07-01 09:22:41,034 [inflora.py] => [InfLoRA] Layer 4: 32/768 type remove
2026-07-01 09:22:41,034 [inflora.py] => [InfLoRA] Layer 5: 36/768 type remove
2026-07-01 09:22:41,034 [inflora.py] => [InfLoRA] Layer 6: 39/768 type remove
2026-07-01 09:22:41,034 [inflora.py] => [InfLoRA] Layer 7: 49/768 type remove
2026-07-01 09:22:41,034 [inflora.py] => [InfLoRA] Layer 8: 47/768 type remove
2026-07-01 09:22:41,034 [inflora.py] => [InfLoRA] Layer 9: 34/768 type remove
2026-07-01 09:22:41,034 [inflora.py] => [InfLoRA] Layer 10: 23/768 type remove
2026-07-01 09:22:41,034 [inflora.py] => [InfLoRA] Layer 11: 20/768 type remove
2026-07-01 09:22:41,034 [inflora.py] => [InfLoRA] Layer 12: 34/768 type remove
2026-07-01 09:23:32,925 [stream_mixin.py] => [stream eval] completed 18 | CIL 1.50 | TIL 17.30 | TIL/task [11.18, 11.21, 8.82, 14.01, 12.36, 16.26, 15.49, 17.05, 13.43, 6.35, 25.61, 14.58, 10.5, 25.41, 12.89, 27.34, 28.97, 37.13]
2026-07-01 09:26:24,774 [inflora.py] => [InfLoRA] DualGPM threshold: 0.9800
2026-07-01 09:26:29,269 [inflora.py] => [InfLoRA] Layer 1: 8/768 type remove
2026-07-01 09:26:29,269 [inflora.py] => [InfLoRA] Layer 2: 22/768 type remove
2026-07-01 09:26:29,269 [inflora.py] => [InfLoRA] Layer 3: 26/768 type remove
2026-07-01 09:26:29,269 [inflora.py] => [InfLoRA] Layer 4: 33/768 type remove
2026-07-01 09:26:29,270 [inflora.py] => [InfLoRA] Layer 5: 37/768 type remove
2026-07-01 09:26:29,270 [inflora.py] => [InfLoRA] Layer 6: 40/768 type remove
2026-07-01 09:26:29,270 [inflora.py] => [InfLoRA] Layer 7: 50/768 type remove
2026-07-01 09:26:29,270 [inflora.py] => [InfLoRA] Layer 8: 48/768 type remove
2026-07-01 09:26:29,270 [inflora.py] => [InfLoRA] Layer 9: 35/768 type remove
2026-07-01 09:26:29,270 [inflora.py] => [InfLoRA] Layer 10: 24/768 type remove
2026-07-01 09:26:29,270 [inflora.py] => [InfLoRA] Layer 11: 21/768 type remove
2026-07-01 09:26:29,270 [inflora.py] => [InfLoRA] Layer 12: 35/768 type remove
2026-07-01 09:27:25,022 [stream_mixin.py] => [stream eval] completed 19 | CIL 1.75 | TIL 16.04 | TIL/task [8.31, 16.82, 14.71, 12.61, 14.89, 12.46, 7.04, 18.03, 10.95, 7.41, 9.47, 13.99, 18.26, 24.43, 10.16, 18.71, 20.56, 25.37, 36.2]
2026-07-01 09:28:30,337 [inflora.py] => [InfLoRA] DualGPM threshold: 0.9800
2026-07-01 09:28:34,996 [inflora.py] => [InfLoRA] Layer 1: 8/768 type remove
2026-07-01 09:28:34,997 [inflora.py] => [InfLoRA] Layer 2: 23/768 type remove
2026-07-01 09:28:34,997 [inflora.py] => [InfLoRA] Layer 3: 27/768 type remove
2026-07-01 09:28:34,997 [inflora.py] => [InfLoRA] Layer 4: 34/768 type remove
2026-07-01 09:28:34,997 [inflora.py] => [InfLoRA] Layer 5: 38/768 type remove
2026-07-01 09:28:34,997 [inflora.py] => [InfLoRA] Layer 6: 41/768 type remove
2026-07-01 09:28:34,997 [inflora.py] => [InfLoRA] Layer 7: 51/768 type remove
2026-07-01 09:28:34,997 [inflora.py] => [InfLoRA] Layer 8: 49/768 type remove
2026-07-01 09:28:34,998 [inflora.py] => [InfLoRA] Layer 9: 36/768 type remove
2026-07-01 09:28:34,998 [inflora.py] => [InfLoRA] Layer 10: 25/768 type remove
2026-07-01 09:28:34,998 [inflora.py] => [InfLoRA] Layer 11: 22/768 type remove
2026-07-01 09:28:34,998 [inflora.py] => [InfLoRA] Layer 12: 36/768 type remove
2026-07-01 09:29:34,861 [stream_mixin.py] => [stream eval] completed 20 | CIL 2.09 | TIL 17.44 | TIL/task [10.22, 14.95, 11.11, 12.04, 14.33, 11.07, 6.76, 17.05, 16.42, 5.82, 19.65, 9.04, 15.98, 23.78, 12.11, 26.98, 30.22, 24.63, 27.89, 36.31]
2026-07-01 09:29:34,861 [trainer.py] => [stream] completed-task checkpoints: [1, 3, 4, 6, 7, 9, 10, 12, 13, 15, 16, 18, 19, 20]
2026-07-01 09:29:34,862 [trainer.py] => [stream] CIL curve: [31.63, 9.36, 2.54, 6.02, 3.05, 3.07, 2.71, 2.51, 1.46, 1.84, 1.07, 1.5, 1.75, 2.09]
2026-07-01 09:29:34,862 [trainer.py] => [stream] TIL curve: [31.63, 29.26, 15.81, 22.55, 18.89, 19.12, 16.64, 18.04, 16.96, 17.58, 17.09, 17.3, 16.04, 17.44]
2026-07-01 09:29:34,862 [trainer.py] => [stream] FINAL  CIL 2.09 | TIL 17.44  (over 20 tasks)
2026-07-03 01:57:52,673 [trainer.py] => config: ./exps/inflora_inr20t_sample_s1995.json
2026-07-03 01:57:52,673 [trainer.py] => dataset: imagenetr
2026-07-03 01:57:52,673 [trainer.py] => memory_size: 0
2026-07-03 01:57:52,673 [trainer.py] => memory_per_class: 0
2026-07-03 01:57:52,673 [trainer.py] => fixed_memory: False
2026-07-03 01:57:52,673 [trainer.py] => shuffle: True
2026-07-03 01:57:52,673 [trainer.py] => init_cls: 10
2026-07-03 01:57:52,673 [trainer.py] => increment: 10
2026-07-03 01:57:52,673 [trainer.py] => backbone_type: vit_base_patch16_224_lora
2026-07-03 01:57:52,673 [trainer.py] => device: [device(type='cuda', index=0)]
2026-07-03 01:57:52,673 [trainer.py] => seed: 1995
2026-07-03 01:57:52,673 [trainer.py] => scenario: both
2026-07-03 01:57:52,674 [trainer.py] => lora_rank: 8
2026-07-03 01:57:52,674 [trainer.py] => tuned_epoch: 10
2026-07-03 01:57:52,674 [trainer.py] => init_lr: 0.0003
2026-07-03 01:57:52,674 [trainer.py] => batch_size: 48
2026-07-03 01:57:52,674 [trainer.py] => weight_decay: 0.0005
2026-07-03 01:57:52,674 [trainer.py] => min_lr: 0.0
2026-07-03 01:57:52,674 [trainer.py] => pretrained: True
2026-07-03 01:57:52,674 [trainer.py] => print_forget: True
2026-07-03 01:57:52,674 [trainer.py] => model_name: inflora
2026-07-03 01:57:52,674 [trainer.py] => lora_alpha: 32
2026-07-03 01:57:52,674 [trainer.py] => lora_merge: True
2026-07-03 01:57:52,674 [trainer.py] => lamb: 0.98
2026-07-03 01:57:52,674 [trainer.py] => lame: 0.98
2026-07-03 01:57:52,674 [trainer.py] => prefix: inr20t_sample
2026-07-03 01:57:52,674 [trainer.py] => boundary_mode: sample
2026-07-03 01:57:52,674 [trainer.py] => boundary_mult: 1.5
2026-07-03 01:57:52,756 [data_manager.py] => [146, 198, 169, 126, 142, 183, 108, 86, 79, 35, 112, 29, 0, 2, 59, 178, 143, 31, 147, 33, 123, 114, 194, 54, 138, 75, 158, 26, 131, 141, 180, 132, 22, 49, 116, 111, 24, 98, 107, 89, 151, 83, 185, 15, 27, 136, 65, 1, 82, 87, 99, 153, 47, 144, 145, 175, 155, 77, 191, 199, 46, 28, 76, 71, 93, 137, 5, 188, 187, 74, 103, 173, 18, 80, 88, 48, 109, 81, 91, 101, 43, 102, 61, 182, 3, 14, 40, 42, 167, 66, 57, 73, 135, 39, 45, 184, 161, 85, 148, 121, 8, 195, 21, 4, 106, 133, 118, 10, 176, 50, 36, 192, 162, 172, 96, 197, 20, 117, 140, 186, 92, 97, 44, 149, 13, 37, 170, 25, 181, 171, 23, 104, 189, 11, 159, 67, 94, 68, 55, 6, 150, 165, 120, 139, 72, 154, 115, 125, 53, 58, 16, 113, 41, 190, 174, 127, 110, 7, 38, 32, 95, 19, 196, 51, 78, 34, 122, 152, 119, 134, 129, 130, 128, 17, 30, 90, 124, 160, 100, 193, 12, 56, 64, 168, 105, 63, 177, 70, 60, 163, 9, 62, 156, 52, 84, 157, 69, 179, 166, 164]
2026-07-03 01:57:55,507 [stream_mixin.py] => [stream] adapter event every 15 global epochs (C=1.5 x 10 epochs); eval after each fold on completed tasks
2026-07-03 02:00:08,732 [inflora.py] => [InfLoRA] DualGPM threshold: 0.9800
2026-07-03 02:00:10,981 [inflora.py] => [InfLoRA] Layer 1: 7/768 type remove
2026-07-03 02:00:10,981 [inflora.py] => [InfLoRA] Layer 2: 10/768 type remove
2026-07-03 02:00:10,981 [inflora.py] => [InfLoRA] Layer 3: 15/768 type remove
2026-07-03 02:00:10,981 [inflora.py] => [InfLoRA] Layer 4: 18/768 type remove
2026-07-03 02:00:10,981 [inflora.py] => [InfLoRA] Layer 5: 27/768 type remove
2026-07-03 02:00:10,981 [inflora.py] => [InfLoRA] Layer 6: 23/768 type remove
2026-07-03 02:00:10,981 [inflora.py] => [InfLoRA] Layer 7: 22/768 type remove
2026-07-03 02:00:10,981 [inflora.py] => [InfLoRA] Layer 8: 16/768 type remove
2026-07-03 02:00:10,981 [inflora.py] => [InfLoRA] Layer 9: 12/768 type remove
2026-07-03 02:00:10,981 [inflora.py] => [InfLoRA] Layer 10: 10/768 type remove
2026-07-03 02:00:10,981 [inflora.py] => [InfLoRA] Layer 11: 4/768 type remove
2026-07-03 02:00:10,981 [inflora.py] => [InfLoRA] Layer 12: 5/768 type remove
2026-07-03 02:00:13,516 [stream_mixin.py] => [stream eval] completed  1 | CIL 88.82 | TIL 88.82 | TIL/task [88.82]
2026-07-03 02:02:27,646 [inflora.py] => [InfLoRA] DualGPM threshold: 0.9800
2026-07-03 02:02:32,177 [inflora.py] => [InfLoRA] Layer 1: 8/768 type remove
2026-07-03 02:02:32,178 [inflora.py] => [InfLoRA] Layer 2: 13/768 type remove
2026-07-03 02:02:32,178 [inflora.py] => [InfLoRA] Layer 3: 21/768 type remove
2026-07-03 02:02:32,178 [inflora.py] => [InfLoRA] Layer 4: 24/768 type remove
2026-07-03 02:02:32,178 [inflora.py] => [InfLoRA] Layer 5: 34/768 type remove
2026-07-03 02:02:32,178 [inflora.py] => [InfLoRA] Layer 6: 28/768 type remove
2026-07-03 02:02:32,178 [inflora.py] => [InfLoRA] Layer 7: 28/768 type remove
2026-07-03 02:02:32,178 [inflora.py] => [InfLoRA] Layer 8: 21/768 type remove
2026-07-03 02:02:32,178 [inflora.py] => [InfLoRA] Layer 9: 20/768 type remove
2026-07-03 02:02:32,178 [inflora.py] => [InfLoRA] Layer 10: 21/768 type remove
2026-07-03 02:02:32,178 [inflora.py] => [InfLoRA] Layer 11: 10/768 type remove
2026-07-03 02:02:32,178 [inflora.py] => [InfLoRA] Layer 12: 11/768 type remove
2026-07-03 02:02:40,122 [stream_mixin.py] => [stream eval] completed  3 | CIL 64.89 | TIL 79.68 | TIL/task [81.15, 84.74, 72.88]
2026-07-03 02:05:22,831 [inflora.py] => [InfLoRA] DualGPM threshold: 0.9800
2026-07-03 02:05:27,411 [inflora.py] => [InfLoRA] Layer 1: 8/768 type remove
2026-07-03 02:05:27,411 [inflora.py] => [InfLoRA] Layer 2: 14/768 type remove
2026-07-03 02:05:27,411 [inflora.py] => [InfLoRA] Layer 3: 23/768 type remove
2026-07-03 02:05:27,411 [inflora.py] => [InfLoRA] Layer 4: 27/768 type remove
2026-07-03 02:05:27,411 [inflora.py] => [InfLoRA] Layer 5: 42/768 type remove
2026-07-03 02:05:27,411 [inflora.py] => [InfLoRA] Layer 6: 34/768 type remove
2026-07-03 02:05:27,411 [inflora.py] => [InfLoRA] Layer 7: 36/768 type remove
2026-07-03 02:05:27,411 [inflora.py] => [InfLoRA] Layer 8: 28/768 type remove
2026-07-03 02:05:27,411 [inflora.py] => [InfLoRA] Layer 9: 25/768 type remove
2026-07-03 02:05:27,411 [inflora.py] => [InfLoRA] Layer 10: 26/768 type remove
2026-07-03 02:05:27,411 [inflora.py] => [InfLoRA] Layer 11: 12/768 type remove
2026-07-03 02:05:27,411 [inflora.py] => [InfLoRA] Layer 12: 15/768 type remove
2026-07-03 02:05:38,375 [stream_mixin.py] => [stream eval] completed  4 | CIL 37.09 | TIL 61.22 | TIL/task [49.84, 68.22, 35.95, 86.55]
2026-07-03 02:07:59,525 [inflora.py] => [InfLoRA] DualGPM threshold: 0.9800
2026-07-03 02:08:03,910 [inflora.py] => [InfLoRA] Layer 1: 8/768 type remove
2026-07-03 02:08:03,910 [inflora.py] => [InfLoRA] Layer 2: 15/768 type remove
2026-07-03 02:08:03,910 [inflora.py] => [InfLoRA] Layer 3: 26/768 type remove
2026-07-03 02:08:03,910 [inflora.py] => [InfLoRA] Layer 4: 31/768 type remove
2026-07-03 02:08:03,910 [inflora.py] => [InfLoRA] Layer 5: 47/768 type remove
2026-07-03 02:08:03,910 [inflora.py] => [InfLoRA] Layer 6: 37/768 type remove
2026-07-03 02:08:03,910 [inflora.py] => [InfLoRA] Layer 7: 39/768 type remove
2026-07-03 02:08:03,911 [inflora.py] => [InfLoRA] Layer 8: 31/768 type remove
2026-07-03 02:08:03,911 [inflora.py] => [InfLoRA] Layer 9: 29/768 type remove
2026-07-03 02:08:03,911 [inflora.py] => [InfLoRA] Layer 10: 29/768 type remove
2026-07-03 02:08:03,911 [inflora.py] => [InfLoRA] Layer 11: 16/768 type remove
2026-07-03 02:08:03,911 [inflora.py] => [InfLoRA] Layer 12: 21/768 type remove
2026-07-03 02:08:20,977 [stream_mixin.py] => [stream eval] completed  6 | CIL 39.80 | TIL 68.02 | TIL/task [52.4, 73.21, 28.76, 80.11, 83.43, 86.85]
2026-07-03 02:10:53,793 [inflora.py] => [InfLoRA] DualGPM threshold: 0.9800
2026-07-03 02:10:58,410 [inflora.py] => [InfLoRA] Layer 1: 8/768 type remove
2026-07-03 02:10:58,411 [inflora.py] => [InfLoRA] Layer 2: 16/768 type remove
2026-07-03 02:10:58,411 [inflora.py] => [InfLoRA] Layer 3: 30/768 type remove
2026-07-03 02:10:58,411 [inflora.py] => [InfLoRA] Layer 4: 37/768 type remove
2026-07-03 02:10:58,411 [inflora.py] => [InfLoRA] Layer 5: 52/768 type remove
2026-07-03 02:10:58,411 [inflora.py] => [InfLoRA] Layer 6: 41/768 type remove
2026-07-03 02:10:58,411 [inflora.py] => [InfLoRA] Layer 7: 44/768 type remove
2026-07-03 02:10:58,411 [inflora.py] => [InfLoRA] Layer 8: 39/768 type remove
2026-07-03 02:10:58,411 [inflora.py] => [InfLoRA] Layer 9: 36/768 type remove
2026-07-03 02:10:58,411 [inflora.py] => [InfLoRA] Layer 10: 33/768 type remove
2026-07-03 02:10:58,411 [inflora.py] => [InfLoRA] Layer 11: 19/768 type remove
2026-07-03 02:10:58,411 [inflora.py] => [InfLoRA] Layer 12: 24/768 type remove
2026-07-03 02:11:18,486 [stream_mixin.py] => [stream eval] completed  7 | CIL 19.59 | TIL 53.03 | TIL/task [41.21, 56.39, 25.82, 44.26, 57.58, 54.67, 86.76]
2026-07-03 02:13:14,981 [inflora.py] => [InfLoRA] DualGPM threshold: 0.9800
2026-07-03 02:13:19,759 [inflora.py] => [InfLoRA] Layer 1: 8/768 type remove
2026-07-03 02:13:19,760 [inflora.py] => [InfLoRA] Layer 2: 17/768 type remove
2026-07-03 02:13:19,760 [inflora.py] => [InfLoRA] Layer 3: 32/768 type remove
2026-07-03 02:13:19,760 [inflora.py] => [InfLoRA] Layer 4: 39/768 type remove
2026-07-03 02:13:19,760 [inflora.py] => [InfLoRA] Layer 5: 56/768 type remove
2026-07-03 02:13:19,760 [inflora.py] => [InfLoRA] Layer 6: 48/768 type remove
2026-07-03 02:13:19,760 [inflora.py] => [InfLoRA] Layer 7: 55/768 type remove
2026-07-03 02:13:19,760 [inflora.py] => [InfLoRA] Layer 8: 52/768 type remove
2026-07-03 02:13:19,760 [inflora.py] => [InfLoRA] Layer 9: 54/768 type remove
2026-07-03 02:13:19,760 [inflora.py] => [InfLoRA] Layer 10: 46/768 type remove
2026-07-03 02:13:19,760 [inflora.py] => [InfLoRA] Layer 11: 27/768 type remove
2026-07-03 02:13:19,760 [inflora.py] => [InfLoRA] Layer 12: 30/768 type remove
2026-07-03 02:13:45,046 [stream_mixin.py] => [stream eval] completed  9 | CIL 27.29 | TIL 66.57 | TIL/task [69.97, 70.09, 34.97, 56.86, 77.25, 61.25, 76.34, 80.33, 71.64]
2026-07-03 02:15:37,469 [inflora.py] => [InfLoRA] DualGPM threshold: 0.9800
2026-07-03 02:15:42,094 [inflora.py] => [InfLoRA] Layer 1: 8/768 type remove
2026-07-03 02:15:42,094 [inflora.py] => [InfLoRA] Layer 2: 18/768 type remove
2026-07-03 02:15:42,095 [inflora.py] => [InfLoRA] Layer 3: 33/768 type remove
2026-07-03 02:15:42,095 [inflora.py] => [InfLoRA] Layer 4: 41/768 type remove
2026-07-03 02:15:42,095 [inflora.py] => [InfLoRA] Layer 5: 59/768 type remove
2026-07-03 02:15:42,095 [inflora.py] => [InfLoRA] Layer 6: 50/768 type remove
2026-07-03 02:15:42,095 [inflora.py] => [InfLoRA] Layer 7: 58/768 type remove
2026-07-03 02:15:42,095 [inflora.py] => [InfLoRA] Layer 8: 54/768 type remove
2026-07-03 02:15:42,095 [inflora.py] => [InfLoRA] Layer 9: 56/768 type remove
2026-07-03 02:15:42,095 [inflora.py] => [InfLoRA] Layer 10: 47/768 type remove
2026-07-03 02:15:42,095 [inflora.py] => [InfLoRA] Layer 11: 28/768 type remove
2026-07-03 02:15:42,095 [inflora.py] => [InfLoRA] Layer 12: 32/768 type remove
2026-07-03 02:16:09,758 [stream_mixin.py] => [stream eval] completed 10 | CIL 24.43 | TIL 57.82 | TIL/task [57.51, 58.57, 21.57, 53.5, 70.22, 53.29, 66.2, 67.54, 49.25, 85.19]
2026-07-03 02:18:47,268 [inflora.py] => [InfLoRA] DualGPM threshold: 0.9800
2026-07-03 02:18:51,807 [inflora.py] => [InfLoRA] Layer 1: 8/768 type remove
2026-07-03 02:18:51,807 [inflora.py] => [InfLoRA] Layer 2: 19/768 type remove
2026-07-03 02:18:51,807 [inflora.py] => [InfLoRA] Layer 3: 35/768 type remove
2026-07-03 02:18:51,807 [inflora.py] => [InfLoRA] Layer 4: 43/768 type remove
2026-07-03 02:18:51,807 [inflora.py] => [InfLoRA] Layer 5: 63/768 type remove
2026-07-03 02:18:51,807 [inflora.py] => [InfLoRA] Layer 6: 56/768 type remove
2026-07-03 02:18:51,807 [inflora.py] => [InfLoRA] Layer 7: 65/768 type remove
2026-07-03 02:18:51,807 [inflora.py] => [InfLoRA] Layer 8: 61/768 type remove
2026-07-03 02:18:51,807 [inflora.py] => [InfLoRA] Layer 9: 66/768 type remove
2026-07-03 02:18:51,807 [inflora.py] => [InfLoRA] Layer 10: 56/768 type remove
2026-07-03 02:18:51,807 [inflora.py] => [InfLoRA] Layer 11: 32/768 type remove
2026-07-03 02:18:51,808 [inflora.py] => [InfLoRA] Layer 12: 36/768 type remove
2026-07-03 02:19:25,887 [stream_mixin.py] => [stream eval] completed 12 | CIL 23.90 | TIL 58.98 | TIL/task [55.91, 59.81, 17.32, 41.18, 73.31, 49.83, 60.85, 64.59, 45.27, 78.31, 83.51, 79.59]
2026-07-03 02:21:35,144 [inflora.py] => [InfLoRA] DualGPM threshold: 0.9800
2026-07-03 02:21:39,676 [inflora.py] => [InfLoRA] Layer 1: 8/768 type remove
2026-07-03 02:21:39,676 [inflora.py] => [InfLoRA] Layer 2: 20/768 type remove
2026-07-03 02:21:39,676 [inflora.py] => [InfLoRA] Layer 3: 37/768 type remove
2026-07-03 02:21:39,676 [inflora.py] => [InfLoRA] Layer 4: 46/768 type remove
2026-07-03 02:21:39,676 [inflora.py] => [InfLoRA] Layer 5: 66/768 type remove
2026-07-03 02:21:39,676 [inflora.py] => [InfLoRA] Layer 6: 59/768 type remove
2026-07-03 02:21:39,676 [inflora.py] => [InfLoRA] Layer 7: 68/768 type remove
2026-07-03 02:21:39,676 [inflora.py] => [InfLoRA] Layer 8: 65/768 type remove
2026-07-03 02:21:39,676 [inflora.py] => [InfLoRA] Layer 9: 68/768 type remove
2026-07-03 02:21:39,676 [inflora.py] => [InfLoRA] Layer 10: 58/768 type remove
2026-07-03 02:21:39,676 [inflora.py] => [InfLoRA] Layer 11: 35/768 type remove
2026-07-03 02:21:39,676 [inflora.py] => [InfLoRA] Layer 12: 40/768 type remove
2026-07-03 02:22:16,501 [stream_mixin.py] => [stream eval] completed 13 | CIL 19.33 | TIL 56.53 | TIL/task [52.4, 57.94, 20.26, 41.18, 68.54, 55.36, 53.24, 55.74, 39.8, 63.49, 85.61, 67.06, 79.45]
2026-07-03 02:24:41,003 [inflora.py] => [InfLoRA] DualGPM threshold: 0.9800
2026-07-03 02:24:45,570 [inflora.py] => [InfLoRA] Layer 1: 8/768 type remove
2026-07-03 02:24:45,571 [inflora.py] => [InfLoRA] Layer 2: 21/768 type remove
2026-07-03 02:24:45,571 [inflora.py] => [InfLoRA] Layer 3: 40/768 type remove
2026-07-03 02:24:45,571 [inflora.py] => [InfLoRA] Layer 4: 49/768 type remove
2026-07-03 02:24:45,571 [inflora.py] => [InfLoRA] Layer 5: 70/768 type remove
2026-07-03 02:24:45,571 [inflora.py] => [InfLoRA] Layer 6: 65/768 type remove
2026-07-03 02:24:45,571 [inflora.py] => [InfLoRA] Layer 7: 73/768 type remove
2026-07-03 02:24:45,571 [inflora.py] => [InfLoRA] Layer 8: 70/768 type remove
2026-07-03 02:24:45,571 [inflora.py] => [InfLoRA] Layer 9: 73/768 type remove
2026-07-03 02:24:45,571 [inflora.py] => [InfLoRA] Layer 10: 64/768 type remove
2026-07-03 02:24:45,571 [inflora.py] => [InfLoRA] Layer 11: 41/768 type remove
2026-07-03 02:24:45,571 [inflora.py] => [InfLoRA] Layer 12: 48/768 type remove
2026-07-03 02:25:28,367 [stream_mixin.py] => [stream eval] completed 15 | CIL 18.92 | TIL 57.20 | TIL/task [46.96, 57.63, 24.51, 50.14, 66.85, 53.29, 53.52, 54.75, 36.82, 57.67, 83.16, 45.19, 73.52, 79.8, 78.91]
2026-07-03 02:28:01,611 [inflora.py] => [InfLoRA] DualGPM threshold: 0.9800
2026-07-03 02:28:06,184 [inflora.py] => [InfLoRA] Layer 1: 8/768 type remove
2026-07-03 02:28:06,184 [inflora.py] => [InfLoRA] Layer 2: 22/768 type remove
2026-07-03 02:28:06,184 [inflora.py] => [InfLoRA] Layer 3: 41/768 type remove
2026-07-03 02:28:06,184 [inflora.py] => [InfLoRA] Layer 4: 52/768 type remove
2026-07-03 02:28:06,184 [inflora.py] => [InfLoRA] Layer 5: 73/768 type remove
2026-07-03 02:28:06,184 [inflora.py] => [InfLoRA] Layer 6: 68/768 type remove
2026-07-03 02:28:06,184 [inflora.py] => [InfLoRA] Layer 7: 78/768 type remove
2026-07-03 02:28:06,184 [inflora.py] => [InfLoRA] Layer 8: 74/768 type remove
2026-07-03 02:28:06,184 [inflora.py] => [InfLoRA] Layer 9: 75/768 type remove
2026-07-03 02:28:06,184 [inflora.py] => [InfLoRA] Layer 10: 66/768 type remove
2026-07-03 02:28:06,184 [inflora.py] => [InfLoRA] Layer 11: 44/768 type remove
2026-07-03 02:28:06,184 [inflora.py] => [InfLoRA] Layer 12: 52/768 type remove
2026-07-03 02:28:52,454 [stream_mixin.py] => [stream eval] completed 16 | CIL 12.54 | TIL 44.17 | TIL/task [39.62, 31.46, 14.38, 26.33, 49.44, 29.41, 32.96, 40.33, 33.83, 52.91, 67.02, 38.19, 53.42, 67.1, 54.69, 89.93]
2026-07-03 02:31:28,250 [inflora.py] => [InfLoRA] DualGPM threshold: 0.9800
2026-07-03 02:31:32,774 [inflora.py] => [InfLoRA] Layer 1: 8/768 type remove
2026-07-03 02:31:32,775 [inflora.py] => [InfLoRA] Layer 2: 23/768 type remove
2026-07-03 02:31:32,775 [inflora.py] => [InfLoRA] Layer 3: 43/768 type remove
2026-07-03 02:31:32,775 [inflora.py] => [InfLoRA] Layer 4: 55/768 type remove
2026-07-03 02:31:32,775 [inflora.py] => [InfLoRA] Layer 5: 76/768 type remove
2026-07-03 02:31:32,775 [inflora.py] => [InfLoRA] Layer 6: 73/768 type remove
2026-07-03 02:31:32,775 [inflora.py] => [InfLoRA] Layer 7: 86/768 type remove
2026-07-03 02:31:32,775 [inflora.py] => [InfLoRA] Layer 8: 85/768 type remove
2026-07-03 02:31:32,775 [inflora.py] => [InfLoRA] Layer 9: 87/768 type remove
2026-07-03 02:31:32,775 [inflora.py] => [InfLoRA] Layer 10: 78/768 type remove
2026-07-03 02:31:32,775 [inflora.py] => [InfLoRA] Layer 11: 52/768 type remove
2026-07-03 02:31:32,775 [inflora.py] => [InfLoRA] Layer 12: 60/768 type remove
2026-07-03 02:32:25,534 [stream_mixin.py] => [stream eval] completed 18 | CIL 13.75 | TIL 51.34 | TIL/task [52.72, 42.99, 24.18, 35.57, 57.87, 25.61, 39.72, 53.44, 35.82, 60.32, 65.61, 41.4, 56.16, 68.08, 50.78, 82.37, 74.45, 63.97]
2026-07-03 02:35:28,959 [inflora.py] => [InfLoRA] DualGPM threshold: 0.9800
2026-07-03 02:35:40,911 [inflora.py] => [InfLoRA] Layer 1: 8/768 type remove
2026-07-03 02:35:40,911 [inflora.py] => [InfLoRA] Layer 2: 24/768 type remove
2026-07-03 02:35:40,911 [inflora.py] => [InfLoRA] Layer 3: 45/768 type remove
2026-07-03 02:35:40,911 [inflora.py] => [InfLoRA] Layer 4: 58/768 type remove
2026-07-03 02:35:40,911 [inflora.py] => [InfLoRA] Layer 5: 79/768 type remove
2026-07-03 02:35:40,912 [inflora.py] => [InfLoRA] Layer 6: 75/768 type remove
2026-07-03 02:35:40,912 [inflora.py] => [InfLoRA] Layer 7: 89/768 type remove
2026-07-03 02:35:40,912 [inflora.py] => [InfLoRA] Layer 8: 87/768 type remove
2026-07-03 02:35:40,912 [inflora.py] => [InfLoRA] Layer 9: 89/768 type remove
2026-07-03 02:35:40,912 [inflora.py] => [InfLoRA] Layer 10: 81/768 type remove
2026-07-03 02:35:40,912 [inflora.py] => [InfLoRA] Layer 11: 54/768 type remove
2026-07-03 02:35:40,913 [inflora.py] => [InfLoRA] Layer 12: 63/768 type remove
2026-07-03 02:36:37,713 [stream_mixin.py] => [stream eval] completed 19 | CIL 11.41 | TIL 45.78 | TIL/task [31.31, 40.19, 23.2, 33.61, 51.97, 29.07, 36.34, 41.64, 34.33, 41.27, 61.05, 34.69, 39.27, 63.19, 35.16, 69.06, 63.24, 50.37, 83.98]
2026-07-03 02:37:47,503 [inflora.py] => [InfLoRA] DualGPM threshold: 0.9800
2026-07-03 02:37:52,108 [inflora.py] => [InfLoRA] Layer 1: 8/768 type remove
2026-07-03 02:37:52,108 [inflora.py] => [InfLoRA] Layer 2: 25/768 type remove
2026-07-03 02:37:52,108 [inflora.py] => [InfLoRA] Layer 3: 47/768 type remove
2026-07-03 02:37:52,108 [inflora.py] => [InfLoRA] Layer 4: 61/768 type remove
2026-07-03 02:37:52,108 [inflora.py] => [InfLoRA] Layer 5: 85/768 type remove
2026-07-03 02:37:52,108 [inflora.py] => [InfLoRA] Layer 6: 81/768 type remove
2026-07-03 02:37:52,108 [inflora.py] => [InfLoRA] Layer 7: 94/768 type remove
2026-07-03 02:37:52,108 [inflora.py] => [InfLoRA] Layer 8: 97/768 type remove
2026-07-03 02:37:52,109 [inflora.py] => [InfLoRA] Layer 9: 107/768 type remove
2026-07-03 02:37:52,109 [inflora.py] => [InfLoRA] Layer 10: 96/768 type remove
2026-07-03 02:37:52,109 [inflora.py] => [InfLoRA] Layer 11: 62/768 type remove
2026-07-03 02:37:52,109 [inflora.py] => [InfLoRA] Layer 12: 70/768 type remove
2026-07-03 02:38:52,835 [stream_mixin.py] => [stream eval] completed 20 | CIL 15.88 | TIL 51.92 | TIL/task [40.58, 49.53, 22.55, 38.66, 56.46, 37.72, 36.06, 46.89, 31.34, 43.92, 63.51, 37.03, 53.88, 70.68, 41.8, 74.46, 61.68, 43.38, 84.87, 94.59]
2026-07-03 02:38:52,836 [trainer.py] => [stream] completed-task checkpoints: [1, 3, 4, 6, 7, 9, 10, 12, 13, 15, 16, 18, 19, 20]
2026-07-03 02:38:52,836 [trainer.py] => [stream] CIL curve: [88.82, 64.89, 37.09, 39.8, 19.59, 27.29, 24.43, 23.9, 19.33, 18.92, 12.54, 13.75, 11.41, 15.88]
2026-07-03 02:38:52,836 [trainer.py] => [stream] TIL curve: [88.82, 79.68, 61.22, 68.02, 53.03, 66.57, 57.82, 58.98, 56.53, 57.2, 44.17, 51.34, 45.78, 51.92]
2026-07-03 02:38:52,836 [trainer.py] => [stream] FINAL  CIL 15.88 | TIL 51.92  (over 20 tasks)
