2026-07-07 17:22:12,735 [trainer.py] => config: ./exps/inflora_inr20t_sample_bm05_s1994.json
2026-07-07 17:22:12,736 [trainer.py] => dataset: imagenetr
2026-07-07 17:22:12,736 [trainer.py] => memory_size: 0
2026-07-07 17:22:12,736 [trainer.py] => memory_per_class: 0
2026-07-07 17:22:12,736 [trainer.py] => fixed_memory: False
2026-07-07 17:22:12,736 [trainer.py] => shuffle: True
2026-07-07 17:22:12,736 [trainer.py] => init_cls: 10
2026-07-07 17:22:12,736 [trainer.py] => increment: 10
2026-07-07 17:22:12,736 [trainer.py] => backbone_type: vit_base_patch16_224_lora
2026-07-07 17:22:12,736 [trainer.py] => device: [device(type='cuda', index=0)]
2026-07-07 17:22:12,736 [trainer.py] => seed: 1994
2026-07-07 17:22:12,736 [trainer.py] => scenario: both
2026-07-07 17:22:12,736 [trainer.py] => lora_rank: 8
2026-07-07 17:22:12,736 [trainer.py] => tuned_epoch: 10
2026-07-07 17:22:12,736 [trainer.py] => init_lr: 0.0003
2026-07-07 17:22:12,736 [trainer.py] => batch_size: 48
2026-07-07 17:22:12,736 [trainer.py] => weight_decay: 0.0005
2026-07-07 17:22:12,736 [trainer.py] => min_lr: 0.0
2026-07-07 17:22:12,736 [trainer.py] => pretrained: True
2026-07-07 17:22:12,736 [trainer.py] => print_forget: True
2026-07-07 17:22:12,736 [trainer.py] => model_name: inflora
2026-07-07 17:22:12,736 [trainer.py] => lora_alpha: 32
2026-07-07 17:22:12,736 [trainer.py] => lora_merge: True
2026-07-07 17:22:12,736 [trainer.py] => lamb: 0.98
2026-07-07 17:22:12,736 [trainer.py] => lame: 0.98
2026-07-07 17:22:12,736 [trainer.py] => prefix: inr20t_sample_bm05
2026-07-07 17:22:12,737 [trainer.py] => boundary_mode: sample
2026-07-07 17:22:12,737 [trainer.py] => boundary_mult: 0.5
2026-07-07 17:22:12,737 [trainer.py] => lora_n_slots: 40
2026-07-07 17:22:12,819 [data_manager.py] => [85, 41, 23, 28, 70, 87, 134, 151, 51, 159, 178, 119, 50, 117, 73, 95, 86, 147, 63, 22, 79, 175, 40, 155, 174, 54, 132, 72, 124, 157, 93, 26, 196, 74, 44, 15, 169, 122, 88, 171, 184, 6, 18, 145, 48, 197, 64, 172, 126, 96, 11, 55, 193, 66, 128, 21, 77, 113, 140, 116, 141, 133, 120, 29, 115, 14, 103, 127, 114, 19, 9, 38, 33, 195, 81, 35, 69, 181, 47, 129, 112, 168, 198, 71, 101, 188, 68, 90, 158, 163, 52, 8, 185, 59, 154, 92, 56, 183, 32, 136, 65, 45, 46, 173, 189, 108, 102, 144, 0, 107, 187, 100, 98, 192, 43, 161, 104, 75, 150, 166, 121, 60, 160, 3, 143, 153, 62, 142, 61, 110, 194, 97, 25, 177, 179, 17, 49, 31, 94, 111, 16, 53, 91, 58, 135, 83, 2, 12, 13, 165, 42, 36, 186, 105, 1, 7, 149, 170, 27, 24, 78, 167, 137, 138, 118, 10, 139, 164, 20, 57, 123, 199, 89, 130, 82, 162, 176, 148, 109, 125, 67, 106, 37, 146, 131, 180, 156, 39, 5, 84, 4, 190, 152, 191, 30, 76, 80, 34, 99, 182]
2026-07-07 17:22:15,898 [stream_mixin.py] => [stream] adapter event every 5 global epochs (C=0.5 x 10 epochs); eval after each fold on completed tasks
2026-07-07 17:24:15,179 [inflora.py] => [InfLoRA] DualGPM threshold: 0.9800
2026-07-07 17:24:17,735 [inflora.py] => [InfLoRA] Layer 1: 7/768 type remove
2026-07-07 17:24:17,735 [inflora.py] => [InfLoRA] Layer 2: 10/768 type remove
2026-07-07 17:24:17,736 [inflora.py] => [InfLoRA] Layer 3: 16/768 type remove
2026-07-07 17:24:17,736 [inflora.py] => [InfLoRA] Layer 4: 20/768 type remove
2026-07-07 17:24:17,736 [inflora.py] => [InfLoRA] Layer 5: 35/768 type remove
2026-07-07 17:24:17,736 [inflora.py] => [InfLoRA] Layer 6: 35/768 type remove
2026-07-07 17:24:17,736 [inflora.py] => [InfLoRA] Layer 7: 37/768 type remove
2026-07-07 17:24:17,736 [inflora.py] => [InfLoRA] Layer 8: 41/768 type remove
2026-07-07 17:24:17,737 [inflora.py] => [InfLoRA] Layer 9: 57/768 type remove
2026-07-07 17:24:17,737 [inflora.py] => [InfLoRA] Layer 10: 48/768 type remove
2026-07-07 17:24:17,737 [inflora.py] => [InfLoRA] Layer 11: 22/768 type remove
2026-07-07 17:24:17,737 [inflora.py] => [InfLoRA] Layer 12: 42/768 type remove
2026-07-07 17:26:14,258 [inflora.py] => [InfLoRA] DualGPM threshold: 0.9800
2026-07-07 17:26:19,236 [inflora.py] => [InfLoRA] Layer 1: 8/768 type remove
2026-07-07 17:26:19,236 [inflora.py] => [InfLoRA] Layer 2: 12/768 type remove
2026-07-07 17:26:19,236 [inflora.py] => [InfLoRA] Layer 3: 19/768 type remove
2026-07-07 17:26:19,236 [inflora.py] => [InfLoRA] Layer 4: 23/768 type remove
2026-07-07 17:26:19,236 [inflora.py] => [InfLoRA] Layer 5: 39/768 type remove
2026-07-07 17:26:19,236 [inflora.py] => [InfLoRA] Layer 6: 37/768 type remove
2026-07-07 17:26:19,236 [inflora.py] => [InfLoRA] Layer 7: 40/768 type remove
2026-07-07 17:26:19,236 [inflora.py] => [InfLoRA] Layer 8: 42/768 type remove
2026-07-07 17:26:19,236 [inflora.py] => [InfLoRA] Layer 9: 58/768 type remove
2026-07-07 17:26:19,236 [inflora.py] => [InfLoRA] Layer 10: 49/768 type remove
2026-07-07 17:26:19,236 [inflora.py] => [InfLoRA] Layer 11: 23/768 type remove
2026-07-07 17:26:19,236 [inflora.py] => [InfLoRA] Layer 12: 42/768 type remove
2026-07-07 17:26:24,220 [stream_mixin.py] => [stream eval] completed  1 | CIL 91.69 | TIL 91.69 | TIL/task [91.69]
2026-07-07 17:28:14,716 [inflora.py] => [InfLoRA] DualGPM threshold: 0.9800
2026-07-07 17:28:19,544 [inflora.py] => [InfLoRA] Layer 1: 8/768 type remove
2026-07-07 17:28:19,544 [inflora.py] => [InfLoRA] Layer 2: 13/768 type remove
2026-07-07 17:28:19,544 [inflora.py] => [InfLoRA] Layer 3: 21/768 type remove
2026-07-07 17:28:19,544 [inflora.py] => [InfLoRA] Layer 4: 25/768 type remove
2026-07-07 17:28:19,544 [inflora.py] => [InfLoRA] Layer 5: 41/768 type remove
2026-07-07 17:28:19,544 [inflora.py] => [InfLoRA] Layer 6: 39/768 type remove
2026-07-07 17:28:19,544 [inflora.py] => [InfLoRA] Layer 7: 42/768 type remove
2026-07-07 17:28:19,544 [inflora.py] => [InfLoRA] Layer 8: 43/768 type remove
2026-07-07 17:28:19,544 [inflora.py] => [InfLoRA] Layer 9: 59/768 type remove
2026-07-07 17:28:19,544 [inflora.py] => [InfLoRA] Layer 10: 50/768 type remove
2026-07-07 17:28:19,544 [inflora.py] => [InfLoRA] Layer 11: 24/768 type remove
2026-07-07 17:28:19,544 [inflora.py] => [InfLoRA] Layer 12: 45/768 type remove
2026-07-07 17:28:24,665 [stream_mixin.py] => [stream eval] completed  1 | CIL 87.26 | TIL 87.26 | TIL/task [87.26]
2026-07-07 17:30:16,778 [inflora.py] => [InfLoRA] DualGPM threshold: 0.9800
2026-07-07 17:30:21,580 [inflora.py] => [InfLoRA] Layer 1: 8/768 type remove
2026-07-07 17:30:21,580 [inflora.py] => [InfLoRA] Layer 2: 13/768 type remove
2026-07-07 17:30:21,580 [inflora.py] => [InfLoRA] Layer 3: 23/768 type remove
2026-07-07 17:30:21,580 [inflora.py] => [InfLoRA] Layer 4: 26/768 type remove
2026-07-07 17:30:21,580 [inflora.py] => [InfLoRA] Layer 5: 43/768 type remove
2026-07-07 17:30:21,580 [inflora.py] => [InfLoRA] Layer 6: 40/768 type remove
2026-07-07 17:30:21,580 [inflora.py] => [InfLoRA] Layer 7: 43/768 type remove
2026-07-07 17:30:21,580 [inflora.py] => [InfLoRA] Layer 8: 45/768 type remove
2026-07-07 17:30:21,580 [inflora.py] => [InfLoRA] Layer 9: 60/768 type remove
2026-07-07 17:30:21,580 [inflora.py] => [InfLoRA] Layer 10: 51/768 type remove
2026-07-07 17:30:21,580 [inflora.py] => [InfLoRA] Layer 11: 26/768 type remove
2026-07-07 17:30:21,581 [inflora.py] => [InfLoRA] Layer 12: 46/768 type remove
2026-07-07 17:30:31,523 [stream_mixin.py] => [stream eval] completed  2 | CIL 77.09 | TIL 87.96 | TIL/task [85.6, 90.62]
2026-07-07 17:32:06,366 [inflora.py] => [InfLoRA] DualGPM threshold: 0.9800
2026-07-07 17:32:15,997 [inflora.py] => [InfLoRA] Layer 1: 8/768 type remove
2026-07-07 17:32:15,997 [inflora.py] => [InfLoRA] Layer 2: 14/768 type remove
2026-07-07 17:32:15,997 [inflora.py] => [InfLoRA] Layer 3: 24/768 type remove
2026-07-07 17:32:15,998 [inflora.py] => [InfLoRA] Layer 4: 27/768 type remove
2026-07-07 17:32:15,998 [inflora.py] => [InfLoRA] Layer 5: 45/768 type remove
2026-07-07 17:32:15,998 [inflora.py] => [InfLoRA] Layer 6: 42/768 type remove
2026-07-07 17:32:15,998 [inflora.py] => [InfLoRA] Layer 7: 45/768 type remove
2026-07-07 17:32:15,998 [inflora.py] => [InfLoRA] Layer 8: 47/768 type remove
2026-07-07 17:32:15,998 [inflora.py] => [InfLoRA] Layer 9: 62/768 type remove
2026-07-07 17:32:15,998 [inflora.py] => [InfLoRA] Layer 10: 53/768 type remove
2026-07-07 17:32:15,999 [inflora.py] => [InfLoRA] Layer 11: 29/768 type remove
2026-07-07 17:32:15,999 [inflora.py] => [InfLoRA] Layer 12: 51/768 type remove
2026-07-07 17:32:26,214 [stream_mixin.py] => [stream eval] completed  2 | CIL 66.96 | TIL 80.18 | TIL/task [72.58, 88.75]
2026-07-07 17:34:00,117 [inflora.py] => [InfLoRA] DualGPM threshold: 0.9800
2026-07-07 17:34:07,943 [inflora.py] => [InfLoRA] Layer 1: 8/768 type remove
2026-07-07 17:34:07,944 [inflora.py] => [InfLoRA] Layer 2: 14/768 type remove
2026-07-07 17:34:07,944 [inflora.py] => [InfLoRA] Layer 3: 26/768 type remove
2026-07-07 17:34:07,944 [inflora.py] => [InfLoRA] Layer 4: 29/768 type remove
2026-07-07 17:34:07,944 [inflora.py] => [InfLoRA] Layer 5: 48/768 type remove
2026-07-07 17:34:07,944 [inflora.py] => [InfLoRA] Layer 6: 45/768 type remove
2026-07-07 17:34:07,944 [inflora.py] => [InfLoRA] Layer 7: 47/768 type remove
2026-07-07 17:34:07,944 [inflora.py] => [InfLoRA] Layer 8: 49/768 type remove
2026-07-07 17:34:07,944 [inflora.py] => [InfLoRA] Layer 9: 64/768 type remove
2026-07-07 17:34:07,944 [inflora.py] => [InfLoRA] Layer 10: 55/768 type remove
2026-07-07 17:34:07,944 [inflora.py] => [InfLoRA] Layer 11: 31/768 type remove
2026-07-07 17:34:07,945 [inflora.py] => [InfLoRA] Layer 12: 54/768 type remove
2026-07-07 17:34:22,358 [stream_mixin.py] => [stream eval] completed  3 | CIL 70.22 | TIL 85.91 | TIL/task [78.39, 89.38, 92.19]
2026-07-07 17:36:27,633 [inflora.py] => [InfLoRA] DualGPM threshold: 0.9800
2026-07-07 17:36:32,243 [inflora.py] => [InfLoRA] Layer 1: 8/768 type remove
2026-07-07 17:36:32,244 [inflora.py] => [InfLoRA] Layer 2: 15/768 type remove
2026-07-07 17:36:32,244 [inflora.py] => [InfLoRA] Layer 3: 29/768 type remove
2026-07-07 17:36:32,244 [inflora.py] => [InfLoRA] Layer 4: 32/768 type remove
2026-07-07 17:36:32,244 [inflora.py] => [InfLoRA] Layer 5: 52/768 type remove
2026-07-07 17:36:32,244 [inflora.py] => [InfLoRA] Layer 6: 47/768 type remove
2026-07-07 17:36:32,244 [inflora.py] => [InfLoRA] Layer 7: 50/768 type remove
2026-07-07 17:36:32,244 [inflora.py] => [InfLoRA] Layer 8: 52/768 type remove
2026-07-07 17:36:32,244 [inflora.py] => [InfLoRA] Layer 9: 66/768 type remove
2026-07-07 17:36:32,244 [inflora.py] => [InfLoRA] Layer 10: 58/768 type remove
2026-07-07 17:36:32,244 [inflora.py] => [InfLoRA] Layer 11: 34/768 type remove
2026-07-07 17:36:32,244 [inflora.py] => [InfLoRA] Layer 12: 60/768 type remove
2026-07-07 17:36:46,851 [stream_mixin.py] => [stream eval] completed  3 | CIL 56.56 | TIL 73.43 | TIL/task [64.82, 78.12, 79.69]
2026-07-07 17:40:09,316 [inflora.py] => [InfLoRA] DualGPM threshold: 0.9800
2026-07-07 17:43:00,550 [inflora.py] => [InfLoRA] Layer 1: 8/768 type remove
2026-07-07 17:43:00,550 [inflora.py] => [InfLoRA] Layer 2: 16/768 type remove
2026-07-07 17:43:00,550 [inflora.py] => [InfLoRA] Layer 3: 31/768 type remove
2026-07-07 17:43:00,551 [inflora.py] => [InfLoRA] Layer 4: 34/768 type remove
2026-07-07 17:43:00,551 [inflora.py] => [InfLoRA] Layer 5: 56/768 type remove
2026-07-07 17:43:00,551 [inflora.py] => [InfLoRA] Layer 6: 51/768 type remove
2026-07-07 17:43:00,551 [inflora.py] => [InfLoRA] Layer 7: 54/768 type remove
2026-07-07 17:43:00,551 [inflora.py] => [InfLoRA] Layer 8: 55/768 type remove
2026-07-07 17:43:00,551 [inflora.py] => [InfLoRA] Layer 9: 68/768 type remove
2026-07-07 17:43:00,552 [inflora.py] => [InfLoRA] Layer 10: 62/768 type remove
2026-07-07 17:43:00,552 [inflora.py] => [InfLoRA] Layer 11: 38/768 type remove
2026-07-07 17:43:00,552 [inflora.py] => [InfLoRA] Layer 12: 64/768 type remove
2026-07-07 17:43:21,620 [stream_mixin.py] => [stream eval] completed  4 | CIL 57.73 | TIL 79.22 | TIL/task [70.36, 79.38, 81.64, 86.69]
2026-07-07 17:45:24,585 [inflora.py] => [InfLoRA] DualGPM threshold: 0.9800
2026-07-07 17:45:30,373 [inflora.py] => [InfLoRA] Layer 1: 8/768 type remove
2026-07-07 17:45:30,373 [inflora.py] => [InfLoRA] Layer 2: 17/768 type remove
2026-07-07 17:45:30,373 [inflora.py] => [InfLoRA] Layer 3: 32/768 type remove
2026-07-07 17:45:30,373 [inflora.py] => [InfLoRA] Layer 4: 35/768 type remove
2026-07-07 17:45:30,373 [inflora.py] => [InfLoRA] Layer 5: 57/768 type remove
2026-07-07 17:45:30,380 [inflora.py] => [InfLoRA] Layer 6: 52/768 type remove
2026-07-07 17:45:30,380 [inflora.py] => [InfLoRA] Layer 7: 56/768 type remove
2026-07-07 17:45:30,380 [inflora.py] => [InfLoRA] Layer 8: 57/768 type remove
2026-07-07 17:45:30,380 [inflora.py] => [InfLoRA] Layer 9: 70/768 type remove
2026-07-07 17:45:30,380 [inflora.py] => [InfLoRA] Layer 10: 64/768 type remove
2026-07-07 17:45:30,380 [inflora.py] => [InfLoRA] Layer 11: 40/768 type remove
2026-07-07 17:45:30,381 [inflora.py] => [InfLoRA] Layer 12: 69/768 type remove
2026-07-07 17:45:51,432 [stream_mixin.py] => [stream eval] completed  4 | CIL 49.57 | TIL 71.06 | TIL/task [57.06, 73.12, 75.78, 80.47]
2026-07-07 17:47:54,876 [inflora.py] => [InfLoRA] DualGPM threshold: 0.9800
2026-07-07 17:48:02,249 [inflora.py] => [InfLoRA] Layer 1: 8/768 type remove
2026-07-07 17:48:02,249 [inflora.py] => [InfLoRA] Layer 2: 17/768 type remove
2026-07-07 17:48:02,249 [inflora.py] => [InfLoRA] Layer 3: 33/768 type remove
2026-07-07 17:48:02,249 [inflora.py] => [InfLoRA] Layer 4: 37/768 type remove
2026-07-07 17:48:02,250 [inflora.py] => [InfLoRA] Layer 5: 59/768 type remove
2026-07-07 17:48:02,250 [inflora.py] => [InfLoRA] Layer 6: 54/768 type remove
2026-07-07 17:48:02,250 [inflora.py] => [InfLoRA] Layer 7: 57/768 type remove
2026-07-07 17:48:02,250 [inflora.py] => [InfLoRA] Layer 8: 59/768 type remove
2026-07-07 17:48:02,250 [inflora.py] => [InfLoRA] Layer 9: 71/768 type remove
2026-07-07 17:48:02,250 [inflora.py] => [InfLoRA] Layer 10: 65/768 type remove
2026-07-07 17:48:02,250 [inflora.py] => [InfLoRA] Layer 11: 42/768 type remove
2026-07-07 17:48:02,250 [inflora.py] => [InfLoRA] Layer 12: 71/768 type remove
2026-07-07 17:48:31,604 [stream_mixin.py] => [stream eval] completed  5 | CIL 56.90 | TIL 79.90 | TIL/task [69.53, 80.31, 78.91, 81.36, 90.71]
2026-07-07 17:52:57,828 [inflora.py] => [InfLoRA] DualGPM threshold: 0.9800
2026-07-07 17:53:05,839 [inflora.py] => [InfLoRA] Layer 1: 8/768 type remove
2026-07-07 17:53:05,840 [inflora.py] => [InfLoRA] Layer 2: 18/768 type remove
2026-07-07 17:53:05,840 [inflora.py] => [InfLoRA] Layer 3: 34/768 type remove
2026-07-07 17:53:05,840 [inflora.py] => [InfLoRA] Layer 4: 39/768 type remove
2026-07-07 17:53:05,840 [inflora.py] => [InfLoRA] Layer 5: 61/768 type remove
2026-07-07 17:53:05,840 [inflora.py] => [InfLoRA] Layer 6: 55/768 type remove
2026-07-07 17:53:05,840 [inflora.py] => [InfLoRA] Layer 7: 59/768 type remove
2026-07-07 17:53:05,840 [inflora.py] => [InfLoRA] Layer 8: 62/768 type remove
2026-07-07 17:53:05,840 [inflora.py] => [InfLoRA] Layer 9: 73/768 type remove
2026-07-07 17:53:05,840 [inflora.py] => [InfLoRA] Layer 10: 67/768 type remove
2026-07-07 17:53:05,840 [inflora.py] => [InfLoRA] Layer 11: 44/768 type remove
2026-07-07 17:53:05,840 [inflora.py] => [InfLoRA] Layer 12: 75/768 type remove
2026-07-07 17:53:31,287 [stream_mixin.py] => [stream eval] completed  5 | CIL 43.79 | TIL 71.46 | TIL/task [60.66, 74.38, 64.45, 68.34, 90.06]
2026-07-07 17:55:46,171 [inflora.py] => [InfLoRA] DualGPM threshold: 0.9800
2026-07-07 17:55:54,438 [inflora.py] => [InfLoRA] Layer 1: 8/768 type remove
2026-07-07 17:55:54,439 [inflora.py] => [InfLoRA] Layer 2: 18/768 type remove
2026-07-07 17:55:54,439 [inflora.py] => [InfLoRA] Layer 3: 35/768 type remove
2026-07-07 17:55:54,439 [inflora.py] => [InfLoRA] Layer 4: 41/768 type remove
2026-07-07 17:55:54,439 [inflora.py] => [InfLoRA] Layer 5: 63/768 type remove
2026-07-07 17:55:54,439 [inflora.py] => [InfLoRA] Layer 6: 57/768 type remove
2026-07-07 17:55:54,439 [inflora.py] => [InfLoRA] Layer 7: 61/768 type remove
2026-07-07 17:55:54,439 [inflora.py] => [InfLoRA] Layer 8: 64/768 type remove
2026-07-07 17:55:54,440 [inflora.py] => [InfLoRA] Layer 9: 74/768 type remove
2026-07-07 17:55:54,440 [inflora.py] => [InfLoRA] Layer 10: 68/768 type remove
2026-07-07 17:55:54,440 [inflora.py] => [InfLoRA] Layer 11: 45/768 type remove
2026-07-07 17:55:54,440 [inflora.py] => [InfLoRA] Layer 12: 78/768 type remove
2026-07-07 17:56:26,616 [stream_mixin.py] => [stream eval] completed  6 | CIL 47.08 | TIL 77.31 | TIL/task [68.98, 76.25, 68.36, 70.41, 90.06, 90.85]
2026-07-07 17:58:19,738 [inflora.py] => [InfLoRA] DualGPM threshold: 0.9800
2026-07-07 17:58:24,523 [inflora.py] => [InfLoRA] Layer 1: 8/768 type remove
2026-07-07 17:58:24,523 [inflora.py] => [InfLoRA] Layer 2: 18/768 type remove
2026-07-07 17:58:24,523 [inflora.py] => [InfLoRA] Layer 3: 37/768 type remove
2026-07-07 17:58:24,523 [inflora.py] => [InfLoRA] Layer 4: 42/768 type remove
2026-07-07 17:58:24,523 [inflora.py] => [InfLoRA] Layer 5: 65/768 type remove
2026-07-07 17:58:24,523 [inflora.py] => [InfLoRA] Layer 6: 59/768 type remove
2026-07-07 17:58:24,524 [inflora.py] => [InfLoRA] Layer 7: 64/768 type remove
2026-07-07 17:58:24,524 [inflora.py] => [InfLoRA] Layer 8: 67/768 type remove
2026-07-07 17:58:24,524 [inflora.py] => [InfLoRA] Layer 9: 76/768 type remove
2026-07-07 17:58:24,524 [inflora.py] => [InfLoRA] Layer 10: 71/768 type remove
2026-07-07 17:58:24,524 [inflora.py] => [InfLoRA] Layer 11: 47/768 type remove
2026-07-07 17:58:24,524 [inflora.py] => [InfLoRA] Layer 12: 82/768 type remove
2026-07-07 17:58:57,263 [stream_mixin.py] => [stream eval] completed  6 | CIL 42.93 | TIL 75.03 | TIL/task [67.04, 73.12, 65.23, 69.23, 88.78, 87.46]
2026-07-07 18:00:48,598 [inflora.py] => [InfLoRA] DualGPM threshold: 0.9800
2026-07-07 18:00:53,622 [inflora.py] => [InfLoRA] Layer 1: 8/768 type remove
2026-07-07 18:00:53,623 [inflora.py] => [InfLoRA] Layer 2: 19/768 type remove
2026-07-07 18:00:53,623 [inflora.py] => [InfLoRA] Layer 3: 38/768 type remove
2026-07-07 18:00:53,623 [inflora.py] => [InfLoRA] Layer 4: 44/768 type remove
2026-07-07 18:00:53,623 [inflora.py] => [InfLoRA] Layer 5: 66/768 type remove
2026-07-07 18:00:53,623 [inflora.py] => [InfLoRA] Layer 6: 60/768 type remove
2026-07-07 18:00:53,623 [inflora.py] => [InfLoRA] Layer 7: 66/768 type remove
2026-07-07 18:00:53,623 [inflora.py] => [InfLoRA] Layer 8: 69/768 type remove
2026-07-07 18:00:53,623 [inflora.py] => [InfLoRA] Layer 9: 78/768 type remove
2026-07-07 18:00:53,623 [inflora.py] => [InfLoRA] Layer 10: 73/768 type remove
2026-07-07 18:00:53,623 [inflora.py] => [InfLoRA] Layer 11: 48/768 type remove
2026-07-07 18:00:53,623 [inflora.py] => [InfLoRA] Layer 12: 87/768 type remove
2026-07-07 18:01:26,325 [stream_mixin.py] => [stream eval] completed  7 | CIL 43.61 | TIL 76.79 | TIL/task [70.08, 73.44, 66.41, 70.41, 87.5, 85.76, 85.88]
2026-07-07 18:03:08,372 [inflora.py] => [InfLoRA] DualGPM threshold: 0.9800
2026-07-07 18:03:13,302 [inflora.py] => [InfLoRA] Layer 1: 8/768 type remove
2026-07-07 18:03:13,302 [inflora.py] => [InfLoRA] Layer 2: 20/768 type remove
2026-07-07 18:03:13,302 [inflora.py] => [InfLoRA] Layer 3: 39/768 type remove
2026-07-07 18:03:13,302 [inflora.py] => [InfLoRA] Layer 4: 45/768 type remove
2026-07-07 18:03:13,302 [inflora.py] => [InfLoRA] Layer 5: 68/768 type remove
2026-07-07 18:03:13,302 [inflora.py] => [InfLoRA] Layer 6: 62/768 type remove
2026-07-07 18:03:13,302 [inflora.py] => [InfLoRA] Layer 7: 68/768 type remove
2026-07-07 18:03:13,302 [inflora.py] => [InfLoRA] Layer 8: 71/768 type remove
2026-07-07 18:03:13,302 [inflora.py] => [InfLoRA] Layer 9: 80/768 type remove
2026-07-07 18:03:13,302 [inflora.py] => [InfLoRA] Layer 10: 75/768 type remove
2026-07-07 18:03:13,302 [inflora.py] => [InfLoRA] Layer 11: 50/768 type remove
2026-07-07 18:03:13,302 [inflora.py] => [InfLoRA] Layer 12: 89/768 type remove
2026-07-07 18:03:52,738 [stream_mixin.py] => [stream eval] completed  7 | CIL 29.01 | TIL 60.83 | TIL/task [42.94, 66.88, 43.75, 52.96, 79.81, 70.85, 71.37]
2026-07-07 18:05:48,294 [inflora.py] => [InfLoRA] DualGPM threshold: 0.9800
2026-07-07 18:05:53,139 [inflora.py] => [InfLoRA] Layer 1: 8/768 type remove
2026-07-07 18:05:53,139 [inflora.py] => [InfLoRA] Layer 2: 20/768 type remove
2026-07-07 18:05:53,139 [inflora.py] => [InfLoRA] Layer 3: 40/768 type remove
2026-07-07 18:05:53,139 [inflora.py] => [InfLoRA] Layer 4: 47/768 type remove
2026-07-07 18:05:53,139 [inflora.py] => [InfLoRA] Layer 5: 70/768 type remove
2026-07-07 18:05:53,139 [inflora.py] => [InfLoRA] Layer 6: 63/768 type remove
2026-07-07 18:05:53,139 [inflora.py] => [InfLoRA] Layer 7: 70/768 type remove
2026-07-07 18:05:53,139 [inflora.py] => [InfLoRA] Layer 8: 73/768 type remove
2026-07-07 18:05:53,139 [inflora.py] => [InfLoRA] Layer 9: 81/768 type remove
2026-07-07 18:05:53,139 [inflora.py] => [InfLoRA] Layer 10: 77/768 type remove
2026-07-07 18:05:53,139 [inflora.py] => [InfLoRA] Layer 11: 52/768 type remove
2026-07-07 18:05:53,139 [inflora.py] => [InfLoRA] Layer 12: 91/768 type remove
2026-07-07 18:06:35,889 [stream_mixin.py] => [stream eval] completed  8 | CIL 30.90 | TIL 68.42 | TIL/task [55.12, 73.12, 52.73, 56.8, 82.69, 73.56, 75.69, 82.98]
2026-07-07 18:08:47,997 [inflora.py] => [InfLoRA] DualGPM threshold: 0.9800
2026-07-07 18:08:57,290 [inflora.py] => [InfLoRA] Layer 1: 8/768 type remove
2026-07-07 18:08:57,290 [inflora.py] => [InfLoRA] Layer 2: 21/768 type remove
2026-07-07 18:08:57,290 [inflora.py] => [InfLoRA] Layer 3: 41/768 type remove
2026-07-07 18:08:57,290 [inflora.py] => [InfLoRA] Layer 4: 49/768 type remove
2026-07-07 18:08:57,290 [inflora.py] => [InfLoRA] Layer 5: 72/768 type remove
2026-07-07 18:08:57,290 [inflora.py] => [InfLoRA] Layer 6: 65/768 type remove
2026-07-07 18:08:57,290 [inflora.py] => [InfLoRA] Layer 7: 73/768 type remove
2026-07-07 18:08:57,291 [inflora.py] => [InfLoRA] Layer 8: 76/768 type remove
2026-07-07 18:08:57,291 [inflora.py] => [InfLoRA] Layer 9: 83/768 type remove
2026-07-07 18:08:57,291 [inflora.py] => [InfLoRA] Layer 10: 79/768 type remove
2026-07-07 18:08:57,291 [inflora.py] => [InfLoRA] Layer 11: 54/768 type remove
2026-07-07 18:08:57,291 [inflora.py] => [InfLoRA] Layer 12: 94/768 type remove
2026-07-07 18:09:41,334 [stream_mixin.py] => [stream eval] completed  8 | CIL 35.29 | TIL 70.91 | TIL/task [64.27, 60.94, 62.89, 69.23, 84.94, 77.63, 74.51, 74.89]
2026-07-07 18:11:56,118 [inflora.py] => [InfLoRA] DualGPM threshold: 0.9800
2026-07-07 18:12:01,211 [inflora.py] => [InfLoRA] Layer 1: 8/768 type remove
2026-07-07 18:12:01,211 [inflora.py] => [InfLoRA] Layer 2: 21/768 type remove
2026-07-07 18:12:01,211 [inflora.py] => [InfLoRA] Layer 3: 43/768 type remove
2026-07-07 18:12:01,211 [inflora.py] => [InfLoRA] Layer 4: 51/768 type remove
2026-07-07 18:12:01,212 [inflora.py] => [InfLoRA] Layer 5: 75/768 type remove
2026-07-07 18:12:01,212 [inflora.py] => [InfLoRA] Layer 6: 67/768 type remove
2026-07-07 18:12:01,212 [inflora.py] => [InfLoRA] Layer 7: 75/768 type remove
2026-07-07 18:12:01,212 [inflora.py] => [InfLoRA] Layer 8: 78/768 type remove
2026-07-07 18:12:01,212 [inflora.py] => [InfLoRA] Layer 9: 85/768 type remove
2026-07-07 18:12:01,212 [inflora.py] => [InfLoRA] Layer 10: 82/768 type remove
2026-07-07 18:12:01,212 [inflora.py] => [InfLoRA] Layer 11: 56/768 type remove
2026-07-07 18:12:01,212 [inflora.py] => [InfLoRA] Layer 12: 97/768 type remove
2026-07-07 18:12:50,500 [stream_mixin.py] => [stream eval] completed  9 | CIL 38.34 | TIL 74.06 | TIL/task [64.27, 63.75, 69.14, 68.05, 87.18, 80.68, 78.04, 72.77, 85.47]
2026-07-07 18:14:47,105 [inflora.py] => [InfLoRA] DualGPM threshold: 0.9800
2026-07-07 18:14:52,035 [inflora.py] => [InfLoRA] Layer 1: 8/768 type remove
2026-07-07 18:14:52,036 [inflora.py] => [InfLoRA] Layer 2: 21/768 type remove
2026-07-07 18:14:52,036 [inflora.py] => [InfLoRA] Layer 3: 44/768 type remove
2026-07-07 18:14:52,036 [inflora.py] => [InfLoRA] Layer 4: 52/768 type remove
2026-07-07 18:14:52,036 [inflora.py] => [InfLoRA] Layer 5: 77/768 type remove
2026-07-07 18:14:52,036 [inflora.py] => [InfLoRA] Layer 6: 69/768 type remove
2026-07-07 18:14:52,036 [inflora.py] => [InfLoRA] Layer 7: 76/768 type remove
2026-07-07 18:14:52,036 [inflora.py] => [InfLoRA] Layer 8: 80/768 type remove
2026-07-07 18:14:52,037 [inflora.py] => [InfLoRA] Layer 9: 87/768 type remove
2026-07-07 18:14:52,037 [inflora.py] => [InfLoRA] Layer 10: 87/768 type remove
2026-07-07 18:14:52,037 [inflora.py] => [InfLoRA] Layer 11: 61/768 type remove
2026-07-07 18:14:52,037 [inflora.py] => [InfLoRA] Layer 12: 102/768 type remove
2026-07-07 18:15:42,178 [stream_mixin.py] => [stream eval] completed  9 | CIL 29.91 | TIL 66.79 | TIL/task [53.46, 54.69, 55.47, 61.54, 80.13, 73.56, 72.55, 73.19, 81.08]
2026-07-07 18:17:38,673 [inflora.py] => [InfLoRA] DualGPM threshold: 0.9800
2026-07-07 18:17:43,703 [inflora.py] => [InfLoRA] Layer 1: 8/768 type remove
2026-07-07 18:17:43,704 [inflora.py] => [InfLoRA] Layer 2: 22/768 type remove
2026-07-07 18:17:43,704 [inflora.py] => [InfLoRA] Layer 3: 45/768 type remove
2026-07-07 18:17:43,704 [inflora.py] => [InfLoRA] Layer 4: 54/768 type remove
2026-07-07 18:17:43,704 [inflora.py] => [InfLoRA] Layer 5: 79/768 type remove
2026-07-07 18:17:43,704 [inflora.py] => [InfLoRA] Layer 6: 70/768 type remove
2026-07-07 18:17:43,704 [inflora.py] => [InfLoRA] Layer 7: 77/768 type remove
2026-07-07 18:17:43,704 [inflora.py] => [InfLoRA] Layer 8: 81/768 type remove
2026-07-07 18:17:43,704 [inflora.py] => [InfLoRA] Layer 9: 88/768 type remove
2026-07-07 18:17:43,704 [inflora.py] => [InfLoRA] Layer 10: 89/768 type remove
2026-07-07 18:17:43,704 [inflora.py] => [InfLoRA] Layer 11: 63/768 type remove
2026-07-07 18:17:43,704 [inflora.py] => [InfLoRA] Layer 12: 106/768 type remove
2026-07-07 18:18:39,821 [stream_mixin.py] => [stream eval] completed 10 | CIL 34.00 | TIL 71.52 | TIL/task [58.17, 63.12, 57.03, 64.5, 83.97, 73.56, 75.29, 71.91, 80.41, 93.2]
2026-07-07 18:20:44,308 [inflora.py] => [InfLoRA] DualGPM threshold: 0.9800
2026-07-07 18:20:49,161 [inflora.py] => [InfLoRA] Layer 1: 8/768 type remove
2026-07-07 18:20:49,161 [inflora.py] => [InfLoRA] Layer 2: 22/768 type remove
2026-07-07 18:20:49,161 [inflora.py] => [InfLoRA] Layer 3: 46/768 type remove
2026-07-07 18:20:49,161 [inflora.py] => [InfLoRA] Layer 4: 55/768 type remove
2026-07-07 18:20:49,161 [inflora.py] => [InfLoRA] Layer 5: 80/768 type remove
2026-07-07 18:20:49,162 [inflora.py] => [InfLoRA] Layer 6: 71/768 type remove
2026-07-07 18:20:49,162 [inflora.py] => [InfLoRA] Layer 7: 78/768 type remove
2026-07-07 18:20:49,162 [inflora.py] => [InfLoRA] Layer 8: 83/768 type remove
2026-07-07 18:20:49,162 [inflora.py] => [InfLoRA] Layer 9: 90/768 type remove
2026-07-07 18:20:49,162 [inflora.py] => [InfLoRA] Layer 10: 91/768 type remove
2026-07-07 18:20:49,162 [inflora.py] => [InfLoRA] Layer 11: 65/768 type remove
2026-07-07 18:20:49,162 [inflora.py] => [InfLoRA] Layer 12: 110/768 type remove
2026-07-07 18:21:45,043 [stream_mixin.py] => [stream eval] completed 10 | CIL 28.38 | TIL 63.74 | TIL/task [47.92, 56.25, 47.66, 63.31, 75.64, 67.12, 58.43, 62.98, 73.65, 88.8]
2026-07-07 18:23:53,346 [inflora.py] => [InfLoRA] DualGPM threshold: 0.9800
2026-07-07 18:23:58,332 [inflora.py] => [InfLoRA] Layer 1: 8/768 type remove
2026-07-07 18:23:58,332 [inflora.py] => [InfLoRA] Layer 2: 23/768 type remove
2026-07-07 18:23:58,332 [inflora.py] => [InfLoRA] Layer 3: 48/768 type remove
2026-07-07 18:23:58,332 [inflora.py] => [InfLoRA] Layer 4: 57/768 type remove
2026-07-07 18:23:58,332 [inflora.py] => [InfLoRA] Layer 5: 82/768 type remove
2026-07-07 18:23:58,332 [inflora.py] => [InfLoRA] Layer 6: 72/768 type remove
2026-07-07 18:23:58,332 [inflora.py] => [InfLoRA] Layer 7: 79/768 type remove
2026-07-07 18:23:58,332 [inflora.py] => [InfLoRA] Layer 8: 84/768 type remove
2026-07-07 18:23:58,332 [inflora.py] => [InfLoRA] Layer 9: 91/768 type remove
2026-07-07 18:23:58,332 [inflora.py] => [InfLoRA] Layer 10: 92/768 type remove
2026-07-07 18:23:58,332 [inflora.py] => [InfLoRA] Layer 11: 66/768 type remove
2026-07-07 18:23:58,332 [inflora.py] => [InfLoRA] Layer 12: 112/768 type remove
2026-07-07 18:25:01,250 [stream_mixin.py] => [stream eval] completed 11 | CIL 32.79 | TIL 69.56 | TIL/task [55.12, 63.44, 53.52, 68.34, 78.53, 71.19, 65.49, 66.38, 73.99, 90.0, 83.46]
2026-07-07 18:27:42,533 [inflora.py] => [InfLoRA] DualGPM threshold: 0.9800
2026-07-07 18:27:47,617 [inflora.py] => [InfLoRA] Layer 1: 8/768 type remove
2026-07-07 18:27:47,617 [inflora.py] => [InfLoRA] Layer 2: 24/768 type remove
2026-07-07 18:27:47,617 [inflora.py] => [InfLoRA] Layer 3: 49/768 type remove
2026-07-07 18:27:47,617 [inflora.py] => [InfLoRA] Layer 4: 58/768 type remove
2026-07-07 18:27:47,618 [inflora.py] => [InfLoRA] Layer 5: 85/768 type remove
2026-07-07 18:27:47,618 [inflora.py] => [InfLoRA] Layer 6: 74/768 type remove
2026-07-07 18:27:47,618 [inflora.py] => [InfLoRA] Layer 7: 81/768 type remove
2026-07-07 18:27:47,618 [inflora.py] => [InfLoRA] Layer 8: 86/768 type remove
2026-07-07 18:27:47,618 [inflora.py] => [InfLoRA] Layer 9: 93/768 type remove
2026-07-07 18:27:47,618 [inflora.py] => [InfLoRA] Layer 10: 94/768 type remove
2026-07-07 18:27:47,618 [inflora.py] => [InfLoRA] Layer 11: 69/768 type remove
2026-07-07 18:27:47,618 [inflora.py] => [InfLoRA] Layer 12: 114/768 type remove
2026-07-07 18:28:50,457 [stream_mixin.py] => [stream eval] completed 11 | CIL 20.53 | TIL 56.46 | TIL/task [36.84, 43.75, 44.53, 53.85, 60.26, 62.03, 57.25, 49.79, 67.57, 73.2, 79.04]
2026-07-07 18:31:27,816 [inflora.py] => [InfLoRA] DualGPM threshold: 0.9800
2026-07-07 18:31:32,786 [inflora.py] => [InfLoRA] Layer 1: 8/768 type remove
2026-07-07 18:31:32,787 [inflora.py] => [InfLoRA] Layer 2: 24/768 type remove
2026-07-07 18:31:32,787 [inflora.py] => [InfLoRA] Layer 3: 51/768 type remove
2026-07-07 18:31:32,787 [inflora.py] => [InfLoRA] Layer 4: 60/768 type remove
2026-07-07 18:31:32,787 [inflora.py] => [InfLoRA] Layer 5: 88/768 type remove
2026-07-07 18:31:32,787 [inflora.py] => [InfLoRA] Layer 6: 76/768 type remove
2026-07-07 18:31:32,787 [inflora.py] => [InfLoRA] Layer 7: 82/768 type remove
2026-07-07 18:31:32,787 [inflora.py] => [InfLoRA] Layer 8: 87/768 type remove
2026-07-07 18:31:32,787 [inflora.py] => [InfLoRA] Layer 9: 93/768 type remove
2026-07-07 18:31:32,787 [inflora.py] => [InfLoRA] Layer 10: 96/768 type remove
2026-07-07 18:31:32,787 [inflora.py] => [InfLoRA] Layer 11: 70/768 type remove
2026-07-07 18:31:32,787 [inflora.py] => [InfLoRA] Layer 12: 117/768 type remove
2026-07-07 18:32:44,315 [stream_mixin.py] => [stream eval] completed 12 | CIL 26.20 | TIL 63.76 | TIL/task [45.98, 49.06, 50.78, 58.88, 66.35, 67.12, 64.71, 53.19, 72.3, 74.8, 79.41, 85.23]
2026-07-07 18:34:49,264 [inflora.py] => [InfLoRA] DualGPM threshold: 0.9800
2026-07-07 18:34:54,140 [inflora.py] => [InfLoRA] Layer 1: 8/768 type remove
2026-07-07 18:34:54,140 [inflora.py] => [InfLoRA] Layer 2: 25/768 type remove
2026-07-07 18:34:54,140 [inflora.py] => [InfLoRA] Layer 3: 52/768 type remove
2026-07-07 18:34:54,140 [inflora.py] => [InfLoRA] Layer 4: 61/768 type remove
2026-07-07 18:34:54,141 [inflora.py] => [InfLoRA] Layer 5: 89/768 type remove
2026-07-07 18:34:54,141 [inflora.py] => [InfLoRA] Layer 6: 78/768 type remove
2026-07-07 18:34:54,141 [inflora.py] => [InfLoRA] Layer 7: 84/768 type remove
2026-07-07 18:34:54,141 [inflora.py] => [InfLoRA] Layer 8: 89/768 type remove
2026-07-07 18:34:54,141 [inflora.py] => [InfLoRA] Layer 9: 95/768 type remove
2026-07-07 18:34:54,141 [inflora.py] => [InfLoRA] Layer 10: 98/768 type remove
2026-07-07 18:34:54,141 [inflora.py] => [InfLoRA] Layer 11: 72/768 type remove
2026-07-07 18:34:54,141 [inflora.py] => [InfLoRA] Layer 12: 119/768 type remove
2026-07-07 18:36:05,595 [stream_mixin.py] => [stream eval] completed 12 | CIL 19.26 | TIL 52.29 | TIL/task [42.66, 39.69, 26.56, 39.64, 55.45, 63.73, 54.12, 40.85, 51.35, 68.8, 69.85, 75.69]
2026-07-07 18:38:08,962 [inflora.py] => [InfLoRA] DualGPM threshold: 0.9800
2026-07-07 18:38:13,639 [inflora.py] => [InfLoRA] Layer 1: 8/768 type remove
2026-07-07 18:38:13,639 [inflora.py] => [InfLoRA] Layer 2: 25/768 type remove
2026-07-07 18:38:13,639 [inflora.py] => [InfLoRA] Layer 3: 53/768 type remove
2026-07-07 18:38:13,639 [inflora.py] => [InfLoRA] Layer 4: 62/768 type remove
2026-07-07 18:38:13,639 [inflora.py] => [InfLoRA] Layer 5: 91/768 type remove
2026-07-07 18:38:13,639 [inflora.py] => [InfLoRA] Layer 6: 79/768 type remove
2026-07-07 18:38:13,639 [inflora.py] => [InfLoRA] Layer 7: 86/768 type remove
2026-07-07 18:38:13,639 [inflora.py] => [InfLoRA] Layer 8: 91/768 type remove
2026-07-07 18:38:13,639 [inflora.py] => [InfLoRA] Layer 9: 96/768 type remove
2026-07-07 18:38:13,639 [inflora.py] => [InfLoRA] Layer 10: 99/768 type remove
2026-07-07 18:38:13,639 [inflora.py] => [InfLoRA] Layer 11: 74/768 type remove
2026-07-07 18:38:13,639 [inflora.py] => [InfLoRA] Layer 12: 122/768 type remove
2026-07-07 18:39:32,119 [stream_mixin.py] => [stream eval] completed 13 | CIL 24.61 | TIL 61.13 | TIL/task [53.19, 43.12, 35.55, 54.73, 64.42, 65.08, 59.22, 50.21, 60.81, 74.8, 72.79, 78.15, 86.48]
2026-07-07 18:42:10,852 [inflora.py] => [InfLoRA] DualGPM threshold: 0.9800
2026-07-07 18:42:15,708 [inflora.py] => [InfLoRA] Layer 1: 8/768 type remove
2026-07-07 18:42:15,708 [inflora.py] => [InfLoRA] Layer 2: 26/768 type remove
2026-07-07 18:42:15,708 [inflora.py] => [InfLoRA] Layer 3: 54/768 type remove
2026-07-07 18:42:15,708 [inflora.py] => [InfLoRA] Layer 4: 63/768 type remove
2026-07-07 18:42:15,708 [inflora.py] => [InfLoRA] Layer 5: 92/768 type remove
2026-07-07 18:42:15,708 [inflora.py] => [InfLoRA] Layer 6: 81/768 type remove
2026-07-07 18:42:15,708 [inflora.py] => [InfLoRA] Layer 7: 88/768 type remove
2026-07-07 18:42:15,708 [inflora.py] => [InfLoRA] Layer 8: 93/768 type remove
2026-07-07 18:42:15,708 [inflora.py] => [InfLoRA] Layer 9: 98/768 type remove
2026-07-07 18:42:15,708 [inflora.py] => [InfLoRA] Layer 10: 100/768 type remove
2026-07-07 18:42:15,709 [inflora.py] => [InfLoRA] Layer 11: 75/768 type remove
2026-07-07 18:42:15,709 [inflora.py] => [InfLoRA] Layer 12: 123/768 type remove
2026-07-07 18:43:34,242 [stream_mixin.py] => [stream eval] completed 13 | CIL 17.40 | TIL 51.50 | TIL/task [45.98, 40.62, 23.05, 42.6, 42.95, 63.39, 39.61, 42.13, 42.91, 74.4, 66.18, 72.92, 76.23]
2026-07-07 18:46:22,804 [inflora.py] => [InfLoRA] DualGPM threshold: 0.9800
2026-07-07 18:46:27,669 [inflora.py] => [InfLoRA] Layer 1: 8/768 type remove
2026-07-07 18:46:27,669 [inflora.py] => [InfLoRA] Layer 2: 26/768 type remove
2026-07-07 18:46:27,669 [inflora.py] => [InfLoRA] Layer 3: 55/768 type remove
2026-07-07 18:46:27,669 [inflora.py] => [InfLoRA] Layer 4: 64/768 type remove
2026-07-07 18:46:27,669 [inflora.py] => [InfLoRA] Layer 5: 94/768 type remove
2026-07-07 18:46:27,669 [inflora.py] => [InfLoRA] Layer 6: 84/768 type remove
2026-07-07 18:46:27,669 [inflora.py] => [InfLoRA] Layer 7: 90/768 type remove
2026-07-07 18:46:27,669 [inflora.py] => [InfLoRA] Layer 8: 95/768 type remove
2026-07-07 18:46:27,669 [inflora.py] => [InfLoRA] Layer 9: 99/768 type remove
2026-07-07 18:46:27,670 [inflora.py] => [InfLoRA] Layer 10: 102/768 type remove
2026-07-07 18:46:27,670 [inflora.py] => [InfLoRA] Layer 11: 77/768 type remove
2026-07-07 18:46:27,670 [inflora.py] => [InfLoRA] Layer 12: 126/768 type remove
2026-07-07 18:47:58,108 [stream_mixin.py] => [stream eval] completed 14 | CIL 24.08 | TIL 60.72 | TIL/task [54.57, 46.56, 39.45, 51.18, 52.56, 64.41, 49.8, 48.09, 57.09, 82.0, 70.96, 73.54, 77.05, 84.01]
2026-07-07 18:51:00,774 [inflora.py] => [InfLoRA] DualGPM threshold: 0.9800
2026-07-07 18:51:05,763 [inflora.py] => [InfLoRA] Layer 1: 8/768 type remove
2026-07-07 18:51:05,763 [inflora.py] => [InfLoRA] Layer 2: 26/768 type remove
2026-07-07 18:51:05,763 [inflora.py] => [InfLoRA] Layer 3: 56/768 type remove
2026-07-07 18:51:05,763 [inflora.py] => [InfLoRA] Layer 4: 65/768 type remove
2026-07-07 18:51:05,764 [inflora.py] => [InfLoRA] Layer 5: 95/768 type remove
2026-07-07 18:51:05,764 [inflora.py] => [InfLoRA] Layer 6: 86/768 type remove
2026-07-07 18:51:05,764 [inflora.py] => [InfLoRA] Layer 7: 92/768 type remove
2026-07-07 18:51:05,764 [inflora.py] => [InfLoRA] Layer 8: 97/768 type remove
2026-07-07 18:51:05,764 [inflora.py] => [InfLoRA] Layer 9: 101/768 type remove
2026-07-07 18:51:05,764 [inflora.py] => [InfLoRA] Layer 10: 104/768 type remove
2026-07-07 18:51:05,764 [inflora.py] => [InfLoRA] Layer 11: 79/768 type remove
2026-07-07 18:51:05,764 [inflora.py] => [InfLoRA] Layer 12: 129/768 type remove
2026-07-07 18:52:33,814 [stream_mixin.py] => [stream eval] completed 14 | CIL 20.67 | TIL 54.81 | TIL/task [49.86, 49.38, 35.55, 52.37, 53.53, 57.29, 47.84, 48.94, 40.88, 67.6, 61.4, 65.85, 63.52, 72.1]
2026-07-07 18:55:10,143 [inflora.py] => [InfLoRA] DualGPM threshold: 0.9800
2026-07-07 18:55:15,180 [inflora.py] => [InfLoRA] Layer 1: 8/768 type remove
2026-07-07 18:55:15,180 [inflora.py] => [InfLoRA] Layer 2: 27/768 type remove
2026-07-07 18:55:15,180 [inflora.py] => [InfLoRA] Layer 3: 58/768 type remove
2026-07-07 18:55:15,180 [inflora.py] => [InfLoRA] Layer 4: 67/768 type remove
2026-07-07 18:55:15,180 [inflora.py] => [InfLoRA] Layer 5: 97/768 type remove
2026-07-07 18:55:15,180 [inflora.py] => [InfLoRA] Layer 6: 89/768 type remove
2026-07-07 18:55:15,180 [inflora.py] => [InfLoRA] Layer 7: 96/768 type remove
2026-07-07 18:55:15,181 [inflora.py] => [InfLoRA] Layer 8: 102/768 type remove
2026-07-07 18:55:15,181 [inflora.py] => [InfLoRA] Layer 9: 104/768 type remove
2026-07-07 18:55:15,181 [inflora.py] => [InfLoRA] Layer 10: 106/768 type remove
2026-07-07 18:55:15,181 [inflora.py] => [InfLoRA] Layer 11: 82/768 type remove
2026-07-07 18:55:15,181 [inflora.py] => [InfLoRA] Layer 12: 131/768 type remove
2026-07-07 18:56:50,519 [stream_mixin.py] => [stream eval] completed 15 | CIL 26.83 | TIL 62.35 | TIL/task [55.68, 55.94, 50.78, 60.06, 64.42, 56.61, 58.04, 51.49, 49.66, 77.2, 60.66, 62.77, 69.67, 74.92, 88.46]
2026-07-07 19:00:03,358 [inflora.py] => [InfLoRA] DualGPM threshold: 0.9800
2026-07-07 19:00:08,170 [inflora.py] => [InfLoRA] Layer 1: 8/768 type remove
2026-07-07 19:00:08,171 [inflora.py] => [InfLoRA] Layer 2: 27/768 type remove
2026-07-07 19:00:08,171 [inflora.py] => [InfLoRA] Layer 3: 59/768 type remove
2026-07-07 19:00:08,171 [inflora.py] => [InfLoRA] Layer 4: 68/768 type remove
2026-07-07 19:00:08,171 [inflora.py] => [InfLoRA] Layer 5: 99/768 type remove
2026-07-07 19:00:08,171 [inflora.py] => [InfLoRA] Layer 6: 91/768 type remove
2026-07-07 19:00:08,171 [inflora.py] => [InfLoRA] Layer 7: 98/768 type remove
2026-07-07 19:00:08,171 [inflora.py] => [InfLoRA] Layer 8: 106/768 type remove
2026-07-07 19:00:08,171 [inflora.py] => [InfLoRA] Layer 9: 106/768 type remove
2026-07-07 19:00:08,171 [inflora.py] => [InfLoRA] Layer 10: 108/768 type remove
2026-07-07 19:00:08,171 [inflora.py] => [InfLoRA] Layer 11: 84/768 type remove
2026-07-07 19:00:08,171 [inflora.py] => [InfLoRA] Layer 12: 134/768 type remove
2026-07-07 19:01:44,702 [stream_mixin.py] => [stream eval] completed 15 | CIL 21.31 | TIL 56.32 | TIL/task [55.12, 50.0, 37.5, 54.14, 55.77, 61.36, 41.57, 42.98, 51.01, 67.6, 46.32, 60.62, 64.75, 64.26, 88.11]
2026-07-07 19:05:03,453 [inflora.py] => [InfLoRA] DualGPM threshold: 0.9800
2026-07-07 19:05:11,342 [inflora.py] => [InfLoRA] Layer 1: 8/768 type remove
2026-07-07 19:05:11,342 [inflora.py] => [InfLoRA] Layer 2: 27/768 type remove
2026-07-07 19:05:11,342 [inflora.py] => [InfLoRA] Layer 3: 60/768 type remove
2026-07-07 19:05:11,342 [inflora.py] => [InfLoRA] Layer 4: 70/768 type remove
2026-07-07 19:05:11,342 [inflora.py] => [InfLoRA] Layer 5: 101/768 type remove
2026-07-07 19:05:11,342 [inflora.py] => [InfLoRA] Layer 6: 95/768 type remove
2026-07-07 19:05:11,342 [inflora.py] => [InfLoRA] Layer 7: 102/768 type remove
2026-07-07 19:05:11,342 [inflora.py] => [InfLoRA] Layer 8: 110/768 type remove
2026-07-07 19:05:11,342 [inflora.py] => [InfLoRA] Layer 9: 111/768 type remove
2026-07-07 19:05:11,342 [inflora.py] => [InfLoRA] Layer 10: 112/768 type remove
2026-07-07 19:05:11,342 [inflora.py] => [InfLoRA] Layer 11: 86/768 type remove
2026-07-07 19:05:11,342 [inflora.py] => [InfLoRA] Layer 12: 137/768 type remove
2026-07-07 19:07:10,661 [stream_mixin.py] => [stream eval] completed 16 | CIL 24.92 | TIL 63.14 | TIL/task [62.88, 54.69, 45.31, 59.17, 66.03, 68.47, 45.88, 44.68, 59.8, 75.2, 51.1, 63.69, 72.13, 55.8, 86.01, 89.37]
2026-07-07 19:10:44,238 [inflora.py] => [InfLoRA] DualGPM threshold: 0.9800
2026-07-07 19:10:49,278 [inflora.py] => [InfLoRA] Layer 1: 8/768 type remove
2026-07-07 19:10:49,278 [inflora.py] => [InfLoRA] Layer 2: 28/768 type remove
2026-07-07 19:10:49,278 [inflora.py] => [InfLoRA] Layer 3: 61/768 type remove
2026-07-07 19:10:49,279 [inflora.py] => [InfLoRA] Layer 4: 71/768 type remove
2026-07-07 19:10:49,279 [inflora.py] => [InfLoRA] Layer 5: 102/768 type remove
2026-07-07 19:10:49,279 [inflora.py] => [InfLoRA] Layer 6: 96/768 type remove
2026-07-07 19:10:49,279 [inflora.py] => [InfLoRA] Layer 7: 103/768 type remove
2026-07-07 19:10:49,279 [inflora.py] => [InfLoRA] Layer 8: 111/768 type remove
2026-07-07 19:10:49,279 [inflora.py] => [InfLoRA] Layer 9: 112/768 type remove
2026-07-07 19:10:49,279 [inflora.py] => [InfLoRA] Layer 10: 113/768 type remove
2026-07-07 19:10:49,279 [inflora.py] => [InfLoRA] Layer 11: 87/768 type remove
2026-07-07 19:10:49,280 [inflora.py] => [InfLoRA] Layer 12: 139/768 type remove
2026-07-07 19:12:35,918 [stream_mixin.py] => [stream eval] completed 16 | CIL 13.93 | TIL 48.64 | TIL/task [36.57, 39.38, 37.11, 29.59, 47.12, 64.07, 22.75, 38.72, 40.2, 58.8, 29.78, 52.31, 63.11, 52.04, 79.02, 81.74]
2026-07-07 19:15:18,184 [inflora.py] => [InfLoRA] DualGPM threshold: 0.9800
2026-07-07 19:15:23,042 [inflora.py] => [InfLoRA] Layer 1: 8/768 type remove
2026-07-07 19:15:23,042 [inflora.py] => [InfLoRA] Layer 2: 28/768 type remove
2026-07-07 19:15:23,042 [inflora.py] => [InfLoRA] Layer 3: 63/768 type remove
2026-07-07 19:15:23,042 [inflora.py] => [InfLoRA] Layer 4: 73/768 type remove
2026-07-07 19:15:23,042 [inflora.py] => [InfLoRA] Layer 5: 105/768 type remove
2026-07-07 19:15:23,042 [inflora.py] => [InfLoRA] Layer 6: 98/768 type remove
2026-07-07 19:15:23,042 [inflora.py] => [InfLoRA] Layer 7: 105/768 type remove
2026-07-07 19:15:23,042 [inflora.py] => [InfLoRA] Layer 8: 113/768 type remove
2026-07-07 19:15:23,042 [inflora.py] => [InfLoRA] Layer 9: 114/768 type remove
2026-07-07 19:15:23,042 [inflora.py] => [InfLoRA] Layer 10: 115/768 type remove
2026-07-07 19:15:23,042 [inflora.py] => [InfLoRA] Layer 11: 89/768 type remove
2026-07-07 19:15:23,042 [inflora.py] => [InfLoRA] Layer 12: 141/768 type remove
2026-07-07 19:17:18,020 [stream_mixin.py] => [stream eval] completed 17 | CIL 19.10 | TIL 55.83 | TIL/task [45.15, 44.06, 50.0, 46.75, 56.41, 62.71, 32.16, 41.7, 42.57, 62.8, 39.71, 51.08, 72.13, 51.72, 79.37, 82.56, 84.62]
2026-07-07 19:20:17,356 [inflora.py] => [InfLoRA] DualGPM threshold: 0.9800
2026-07-07 19:20:22,428 [inflora.py] => [InfLoRA] Layer 1: 8/768 type remove
2026-07-07 19:20:22,428 [inflora.py] => [InfLoRA] Layer 2: 29/768 type remove
2026-07-07 19:20:22,429 [inflora.py] => [InfLoRA] Layer 3: 64/768 type remove
2026-07-07 19:20:22,429 [inflora.py] => [InfLoRA] Layer 4: 74/768 type remove
2026-07-07 19:20:22,429 [inflora.py] => [InfLoRA] Layer 5: 106/768 type remove
2026-07-07 19:20:22,429 [inflora.py] => [InfLoRA] Layer 6: 99/768 type remove
2026-07-07 19:20:22,429 [inflora.py] => [InfLoRA] Layer 7: 106/768 type remove
2026-07-07 19:20:22,429 [inflora.py] => [InfLoRA] Layer 8: 114/768 type remove
2026-07-07 19:20:22,429 [inflora.py] => [InfLoRA] Layer 9: 116/768 type remove
2026-07-07 19:20:22,429 [inflora.py] => [InfLoRA] Layer 10: 117/768 type remove
2026-07-07 19:20:22,429 [inflora.py] => [InfLoRA] Layer 11: 90/768 type remove
2026-07-07 19:20:22,429 [inflora.py] => [InfLoRA] Layer 12: 142/768 type remove
2026-07-07 19:22:19,450 [stream_mixin.py] => [stream eval] completed 17 | CIL 12.14 | TIL 45.82 | TIL/task [24.1, 45.94, 41.02, 39.94, 53.53, 54.58, 31.76, 37.02, 29.73, 59.6, 26.47, 48.92, 60.66, 50.16, 53.85, 56.4, 67.13]
2026-07-07 19:25:18,326 [inflora.py] => [InfLoRA] DualGPM threshold: 0.9800
2026-07-07 19:25:24,598 [inflora.py] => [InfLoRA] Layer 1: 8/768 type remove
2026-07-07 19:25:24,598 [inflora.py] => [InfLoRA] Layer 2: 29/768 type remove
2026-07-07 19:25:24,598 [inflora.py] => [InfLoRA] Layer 3: 65/768 type remove
2026-07-07 19:25:24,598 [inflora.py] => [InfLoRA] Layer 4: 75/768 type remove
2026-07-07 19:25:24,598 [inflora.py] => [InfLoRA] Layer 5: 107/768 type remove
2026-07-07 19:25:24,598 [inflora.py] => [InfLoRA] Layer 6: 100/768 type remove
2026-07-07 19:25:24,598 [inflora.py] => [InfLoRA] Layer 7: 107/768 type remove
2026-07-07 19:25:24,599 [inflora.py] => [InfLoRA] Layer 8: 115/768 type remove
2026-07-07 19:25:24,599 [inflora.py] => [InfLoRA] Layer 9: 117/768 type remove
2026-07-07 19:25:24,599 [inflora.py] => [InfLoRA] Layer 10: 118/768 type remove
2026-07-07 19:25:24,599 [inflora.py] => [InfLoRA] Layer 11: 92/768 type remove
2026-07-07 19:25:24,599 [inflora.py] => [InfLoRA] Layer 12: 144/768 type remove
2026-07-07 19:27:30,336 [stream_mixin.py] => [stream eval] completed 18 | CIL 16.12 | TIL 52.80 | TIL/task [36.84, 50.31, 41.41, 47.04, 63.14, 57.63, 44.71, 35.74, 38.51, 63.2, 27.94, 51.08, 65.98, 53.61, 59.79, 58.58, 71.33, 81.35]
2026-07-07 19:30:09,853 [inflora.py] => [InfLoRA] DualGPM threshold: 0.9800
2026-07-07 19:30:14,804 [inflora.py] => [InfLoRA] Layer 1: 8/768 type remove
2026-07-07 19:30:14,804 [inflora.py] => [InfLoRA] Layer 2: 29/768 type remove
2026-07-07 19:30:14,804 [inflora.py] => [InfLoRA] Layer 3: 66/768 type remove
2026-07-07 19:30:14,804 [inflora.py] => [InfLoRA] Layer 4: 76/768 type remove
2026-07-07 19:30:14,804 [inflora.py] => [InfLoRA] Layer 5: 109/768 type remove
2026-07-07 19:30:14,804 [inflora.py] => [InfLoRA] Layer 6: 101/768 type remove
2026-07-07 19:30:14,804 [inflora.py] => [InfLoRA] Layer 7: 108/768 type remove
2026-07-07 19:30:14,805 [inflora.py] => [InfLoRA] Layer 8: 117/768 type remove
2026-07-07 19:30:14,805 [inflora.py] => [InfLoRA] Layer 9: 119/768 type remove
2026-07-07 19:30:14,805 [inflora.py] => [InfLoRA] Layer 10: 120/768 type remove
2026-07-07 19:30:14,805 [inflora.py] => [InfLoRA] Layer 11: 94/768 type remove
2026-07-07 19:30:14,805 [inflora.py] => [InfLoRA] Layer 12: 146/768 type remove
2026-07-07 19:32:21,878 [stream_mixin.py] => [stream eval] completed 18 | CIL 15.09 | TIL 48.42 | TIL/task [34.9, 45.62, 32.42, 42.9, 56.73, 41.02, 48.24, 35.74, 33.78, 62.4, 35.29, 39.69, 58.2, 51.1, 62.59, 59.95, 56.29, 73.63]
2026-07-07 19:35:02,101 [inflora.py] => [InfLoRA] DualGPM threshold: 0.9800
2026-07-07 19:35:06,973 [inflora.py] => [InfLoRA] Layer 1: 8/768 type remove
2026-07-07 19:35:06,973 [inflora.py] => [InfLoRA] Layer 2: 29/768 type remove
2026-07-07 19:35:06,974 [inflora.py] => [InfLoRA] Layer 3: 67/768 type remove
2026-07-07 19:35:06,974 [inflora.py] => [InfLoRA] Layer 4: 78/768 type remove
2026-07-07 19:35:06,974 [inflora.py] => [InfLoRA] Layer 5: 111/768 type remove
2026-07-07 19:35:06,974 [inflora.py] => [InfLoRA] Layer 6: 102/768 type remove
2026-07-07 19:35:06,974 [inflora.py] => [InfLoRA] Layer 7: 109/768 type remove
2026-07-07 19:35:06,974 [inflora.py] => [InfLoRA] Layer 8: 117/768 type remove
2026-07-07 19:35:06,974 [inflora.py] => [InfLoRA] Layer 9: 120/768 type remove
2026-07-07 19:35:06,974 [inflora.py] => [InfLoRA] Layer 10: 122/768 type remove
2026-07-07 19:35:06,974 [inflora.py] => [InfLoRA] Layer 11: 96/768 type remove
2026-07-07 19:35:06,974 [inflora.py] => [InfLoRA] Layer 12: 148/768 type remove
2026-07-07 19:37:22,787 [stream_mixin.py] => [stream eval] completed 19 | CIL 17.25 | TIL 53.19 | TIL/task [43.49, 52.5, 39.06, 45.86, 65.38, 45.42, 49.41, 37.45, 35.81, 57.6, 45.59, 38.46, 60.25, 50.78, 66.08, 63.22, 61.89, 70.42, 82.76]
2026-07-07 19:40:40,009 [inflora.py] => [InfLoRA] DualGPM threshold: 0.9800
2026-07-07 19:40:44,849 [inflora.py] => [InfLoRA] Layer 1: 8/768 type remove
2026-07-07 19:40:44,850 [inflora.py] => [InfLoRA] Layer 2: 30/768 type remove
2026-07-07 19:40:44,850 [inflora.py] => [InfLoRA] Layer 3: 68/768 type remove
2026-07-07 19:40:44,850 [inflora.py] => [InfLoRA] Layer 4: 79/768 type remove
2026-07-07 19:40:44,850 [inflora.py] => [InfLoRA] Layer 5: 112/768 type remove
2026-07-07 19:40:44,850 [inflora.py] => [InfLoRA] Layer 6: 103/768 type remove
2026-07-07 19:40:44,850 [inflora.py] => [InfLoRA] Layer 7: 110/768 type remove
2026-07-07 19:40:44,850 [inflora.py] => [InfLoRA] Layer 8: 118/768 type remove
2026-07-07 19:40:44,850 [inflora.py] => [InfLoRA] Layer 9: 122/768 type remove
2026-07-07 19:40:44,850 [inflora.py] => [InfLoRA] Layer 10: 124/768 type remove
2026-07-07 19:40:44,850 [inflora.py] => [InfLoRA] Layer 11: 98/768 type remove
2026-07-07 19:40:44,850 [inflora.py] => [InfLoRA] Layer 12: 152/768 type remove
2026-07-07 19:43:01,411 [stream_mixin.py] => [stream eval] completed 19 | CIL 10.22 | TIL 42.66 | TIL/task [29.36, 35.94, 37.5, 41.72, 60.9, 29.83, 28.63, 33.19, 27.7, 55.6, 41.91, 34.77, 44.26, 35.11, 51.75, 55.86, 38.46, 59.49, 69.35]
2026-07-07 19:46:24,251 [inflora.py] => [InfLoRA] DualGPM threshold: 0.9800
2026-07-07 19:46:29,138 [inflora.py] => [InfLoRA] Layer 1: 8/768 type remove
2026-07-07 19:46:29,138 [inflora.py] => [InfLoRA] Layer 2: 30/768 type remove
2026-07-07 19:46:29,138 [inflora.py] => [InfLoRA] Layer 3: 69/768 type remove
2026-07-07 19:46:29,138 [inflora.py] => [InfLoRA] Layer 4: 80/768 type remove
2026-07-07 19:46:29,138 [inflora.py] => [InfLoRA] Layer 5: 113/768 type remove
2026-07-07 19:46:29,138 [inflora.py] => [InfLoRA] Layer 6: 104/768 type remove
2026-07-07 19:46:29,139 [inflora.py] => [InfLoRA] Layer 7: 111/768 type remove
2026-07-07 19:46:29,139 [inflora.py] => [InfLoRA] Layer 8: 119/768 type remove
2026-07-07 19:46:29,139 [inflora.py] => [InfLoRA] Layer 9: 122/768 type remove
2026-07-07 19:46:29,139 [inflora.py] => [InfLoRA] Layer 10: 125/768 type remove
2026-07-07 19:46:29,139 [inflora.py] => [InfLoRA] Layer 11: 99/768 type remove
2026-07-07 19:46:29,139 [inflora.py] => [InfLoRA] Layer 12: 154/768 type remove
2026-07-07 19:48:55,807 [stream_mixin.py] => [stream eval] completed 20 | CIL 15.24 | TIL 51.69 | TIL/task [39.61, 44.69, 42.19, 50.3, 65.71, 37.63, 36.86, 39.57, 31.42, 61.2, 48.16, 41.85, 56.15, 42.95, 58.39, 59.4, 46.15, 67.2, 68.58, 90.45]
