2026-07-03 05:50:28,357 [trainer.py] => config: ./exps/inflora_inr20t_sample_flat.json
2026-07-03 05:50:28,357 [trainer.py] => dataset: imagenetr
2026-07-03 05:50:28,357 [trainer.py] => memory_size: 0
2026-07-03 05:50:28,357 [trainer.py] => memory_per_class: 0
2026-07-03 05:50:28,357 [trainer.py] => fixed_memory: False
2026-07-03 05:50:28,357 [trainer.py] => shuffle: True
2026-07-03 05:50:28,357 [trainer.py] => init_cls: 10
2026-07-03 05:50:28,357 [trainer.py] => increment: 10
2026-07-03 05:50:28,357 [trainer.py] => backbone_type: vit_base_patch16_224_lora
2026-07-03 05:50:28,357 [trainer.py] => device: [device(type='cuda', index=0)]
2026-07-03 05:50:28,357 [trainer.py] => seed: 1993
2026-07-03 05:50:28,357 [trainer.py] => scenario: both
2026-07-03 05:50:28,357 [trainer.py] => lora_rank: 8
2026-07-03 05:50:28,357 [trainer.py] => tuned_epoch: 10
2026-07-03 05:50:28,357 [trainer.py] => init_lr: 0.0003
2026-07-03 05:50:28,357 [trainer.py] => batch_size: 48
2026-07-03 05:50:28,357 [trainer.py] => weight_decay: 0.0005
2026-07-03 05:50:28,357 [trainer.py] => min_lr: 0.0
2026-07-03 05:50:28,357 [trainer.py] => pretrained: True
2026-07-03 05:50:28,357 [trainer.py] => print_forget: True
2026-07-03 05:50:28,357 [trainer.py] => model_name: inflora
2026-07-03 05:50:28,357 [trainer.py] => lora_alpha: 32
2026-07-03 05:50:28,358 [trainer.py] => lora_merge: True
2026-07-03 05:50:28,358 [trainer.py] => lamb: 0.98
2026-07-03 05:50:28,358 [trainer.py] => lame: 0.98
2026-07-03 05:50:28,358 [trainer.py] => prefix: inr20t_sample_flat
2026-07-03 05:50:28,358 [trainer.py] => boundary_mode: sample
2026-07-03 05:50:28,358 [trainer.py] => boundary_mult: 1.5
2026-07-03 05:50:28,358 [trainer.py] => lr_anneal: False
2026-07-03 05:50:28,439 [data_manager.py] => [168, 136, 51, 9, 183, 101, 171, 99, 42, 159, 191, 70, 16, 188, 27, 10, 175, 26, 68, 187, 98, 6, 85, 35, 112, 43, 100, 0, 103, 181, 88, 59, 4, 2, 116, 174, 94, 80, 106, 1, 147, 17, 141, 131, 72, 23, 173, 54, 197, 118, 87, 32, 79, 104, 91, 19, 135, 107, 178, 36, 11, 199, 142, 8, 122, 3, 28, 57, 153, 172, 190, 56, 49, 44, 97, 62, 151, 169, 194, 55, 192, 12, 189, 78, 66, 180, 15, 137, 109, 134, 92, 119, 126, 52, 170, 40, 148, 65, 144, 64, 138, 45, 77, 89, 154, 90, 71, 193, 74, 30, 113, 143, 96, 84, 67, 50, 186, 156, 69, 21, 18, 111, 108, 58, 125, 157, 150, 110, 182, 129, 166, 83, 81, 60, 13, 165, 14, 176, 63, 117, 5, 22, 145, 121, 38, 41, 82, 127, 114, 20, 31, 53, 37, 163, 196, 130, 152, 162, 86, 76, 24, 34, 184, 149, 33, 128, 198, 155, 146, 167, 139, 120, 140, 102, 47, 25, 158, 123, 46, 164, 61, 7, 115, 75, 133, 160, 105, 132, 179, 124, 48, 73, 93, 39, 95, 195, 29, 177, 185, 161]
2026-07-03 05:50:31,121 [stream_mixin.py] => [stream] adapter event every 15 global epochs (C=1.5 x 10 epochs); eval after each fold on completed tasks
2026-07-03 05:55:01,090 [inflora.py] => [InfLoRA] DualGPM threshold: 0.9800
2026-07-03 05:55:03,346 [inflora.py] => [InfLoRA] Layer 1: 7/768 type remove
2026-07-03 05:55:03,346 [inflora.py] => [InfLoRA] Layer 2: 10/768 type remove
2026-07-03 05:55:03,346 [inflora.py] => [InfLoRA] Layer 3: 14/768 type remove
2026-07-03 05:55:03,346 [inflora.py] => [InfLoRA] Layer 4: 19/768 type remove
2026-07-03 05:55:03,346 [inflora.py] => [InfLoRA] Layer 5: 28/768 type remove
2026-07-03 05:55:03,346 [inflora.py] => [InfLoRA] Layer 6: 28/768 type remove
2026-07-03 05:55:03,347 [inflora.py] => [InfLoRA] Layer 7: 28/768 type remove
2026-07-03 05:55:03,347 [inflora.py] => [InfLoRA] Layer 8: 28/768 type remove
2026-07-03 05:55:03,347 [inflora.py] => [InfLoRA] Layer 9: 19/768 type remove
2026-07-03 05:55:03,347 [inflora.py] => [InfLoRA] Layer 10: 14/768 type remove
2026-07-03 05:55:03,347 [inflora.py] => [InfLoRA] Layer 11: 6/768 type remove
2026-07-03 05:55:03,347 [inflora.py] => [InfLoRA] Layer 12: 7/768 type remove
2026-07-03 05:55:06,860 [stream_mixin.py] => [stream eval] completed  1 | CIL 76.58 | TIL 76.58 | TIL/task [76.58]
2026-07-03 05:59:29,724 [inflora.py] => [InfLoRA] DualGPM threshold: 0.9800
2026-07-03 05:59:34,248 [inflora.py] => [InfLoRA] Layer 1: 8/768 type remove
2026-07-03 05:59:34,248 [inflora.py] => [InfLoRA] Layer 2: 12/768 type remove
2026-07-03 05:59:34,249 [inflora.py] => [InfLoRA] Layer 3: 20/768 type remove
2026-07-03 05:59:34,249 [inflora.py] => [InfLoRA] Layer 4: 30/768 type remove
2026-07-03 05:59:34,249 [inflora.py] => [InfLoRA] Layer 5: 43/768 type remove
2026-07-03 05:59:34,249 [inflora.py] => [InfLoRA] Layer 6: 40/768 type remove
2026-07-03 05:59:34,249 [inflora.py] => [InfLoRA] Layer 7: 39/768 type remove
2026-07-03 05:59:34,249 [inflora.py] => [InfLoRA] Layer 8: 38/768 type remove
2026-07-03 05:59:34,249 [inflora.py] => [InfLoRA] Layer 9: 29/768 type remove
2026-07-03 05:59:34,249 [inflora.py] => [InfLoRA] Layer 10: 25/768 type remove
2026-07-03 05:59:34,249 [inflora.py] => [InfLoRA] Layer 11: 12/768 type remove
2026-07-03 05:59:34,249 [inflora.py] => [InfLoRA] Layer 12: 13/768 type remove
2026-07-03 05:59:48,418 [stream_mixin.py] => [stream eval] completed  3 | CIL 50.76 | TIL 77.90 | TIL/task [66.14, 76.2, 92.36]
2026-07-03 06:04:11,317 [inflora.py] => [InfLoRA] DualGPM threshold: 0.9800
2026-07-03 06:04:15,508 [inflora.py] => [InfLoRA] Layer 1: 8/768 type remove
2026-07-03 06:04:15,509 [inflora.py] => [InfLoRA] Layer 2: 13/768 type remove
2026-07-03 06:04:15,509 [inflora.py] => [InfLoRA] Layer 3: 22/768 type remove
2026-07-03 06:04:15,509 [inflora.py] => [InfLoRA] Layer 4: 35/768 type remove
2026-07-03 06:04:15,509 [inflora.py] => [InfLoRA] Layer 5: 49/768 type remove
2026-07-03 06:04:15,509 [inflora.py] => [InfLoRA] Layer 6: 45/768 type remove
2026-07-03 06:04:15,509 [inflora.py] => [InfLoRA] Layer 7: 49/768 type remove
2026-07-03 06:04:15,509 [inflora.py] => [InfLoRA] Layer 8: 51/768 type remove
2026-07-03 06:04:15,509 [inflora.py] => [InfLoRA] Layer 9: 39/768 type remove
2026-07-03 06:04:15,509 [inflora.py] => [InfLoRA] Layer 10: 33/768 type remove
2026-07-03 06:04:15,509 [inflora.py] => [InfLoRA] Layer 11: 15/768 type remove
2026-07-03 06:04:15,509 [inflora.py] => [InfLoRA] Layer 12: 19/768 type remove
2026-07-03 06:04:33,954 [stream_mixin.py] => [stream eval] completed  4 | CIL 28.77 | TIL 63.36 | TIL/task [53.16, 65.24, 56.15, 77.58]
2026-07-03 06:08:45,138 [inflora.py] => [InfLoRA] DualGPM threshold: 0.9800
2026-07-03 06:08:49,751 [inflora.py] => [InfLoRA] Layer 1: 8/768 type remove
2026-07-03 06:08:49,751 [inflora.py] => [InfLoRA] Layer 2: 14/768 type remove
2026-07-03 06:08:49,752 [inflora.py] => [InfLoRA] Layer 3: 27/768 type remove
2026-07-03 06:08:49,752 [inflora.py] => [InfLoRA] Layer 4: 41/768 type remove
2026-07-03 06:08:49,752 [inflora.py] => [InfLoRA] Layer 5: 59/768 type remove
2026-07-03 06:08:49,752 [inflora.py] => [InfLoRA] Layer 6: 58/768 type remove
2026-07-03 06:08:49,752 [inflora.py] => [InfLoRA] Layer 7: 65/768 type remove
2026-07-03 06:08:49,752 [inflora.py] => [InfLoRA] Layer 8: 67/768 type remove
2026-07-03 06:08:49,752 [inflora.py] => [InfLoRA] Layer 9: 55/768 type remove
2026-07-03 06:08:49,752 [inflora.py] => [InfLoRA] Layer 10: 46/768 type remove
2026-07-03 06:08:49,752 [inflora.py] => [InfLoRA] Layer 11: 21/768 type remove
2026-07-03 06:08:49,752 [inflora.py] => [InfLoRA] Layer 12: 25/768 type remove
2026-07-03 06:09:18,328 [stream_mixin.py] => [stream eval] completed  6 | CIL 29.78 | TIL 65.02 | TIL/task [45.57, 58.02, 62.79, 73.03, 68.95, 83.66]
2026-07-03 06:13:37,385 [inflora.py] => [InfLoRA] DualGPM threshold: 0.9800
2026-07-03 06:13:42,144 [inflora.py] => [InfLoRA] Layer 1: 8/768 type remove
2026-07-03 06:13:42,144 [inflora.py] => [InfLoRA] Layer 2: 15/768 type remove
2026-07-03 06:13:42,144 [inflora.py] => [InfLoRA] Layer 3: 31/768 type remove
2026-07-03 06:13:42,144 [inflora.py] => [InfLoRA] Layer 4: 48/768 type remove
2026-07-03 06:13:42,144 [inflora.py] => [InfLoRA] Layer 5: 68/768 type remove
2026-07-03 06:13:42,144 [inflora.py] => [InfLoRA] Layer 6: 66/768 type remove
2026-07-03 06:13:42,144 [inflora.py] => [InfLoRA] Layer 7: 72/768 type remove
2026-07-03 06:13:42,144 [inflora.py] => [InfLoRA] Layer 8: 72/768 type remove
2026-07-03 06:13:42,144 [inflora.py] => [InfLoRA] Layer 9: 63/768 type remove
2026-07-03 06:13:42,144 [inflora.py] => [InfLoRA] Layer 10: 58/768 type remove
2026-07-03 06:13:42,144 [inflora.py] => [InfLoRA] Layer 11: 29/768 type remove
2026-07-03 06:13:42,144 [inflora.py] => [InfLoRA] Layer 12: 33/768 type remove
2026-07-03 06:14:12,878 [stream_mixin.py] => [stream eval] completed  7 | CIL 14.68 | TIL 44.25 | TIL/task [16.14, 41.44, 44.85, 48.79, 40.79, 61.76, 57.24]
2026-07-03 06:18:56,234 [inflora.py] => [InfLoRA] DualGPM threshold: 0.9800
2026-07-03 06:19:00,928 [inflora.py] => [InfLoRA] Layer 1: 8/768 type remove
2026-07-03 06:19:00,928 [inflora.py] => [InfLoRA] Layer 2: 16/768 type remove
2026-07-03 06:19:00,928 [inflora.py] => [InfLoRA] Layer 3: 36/768 type remove
2026-07-03 06:19:00,928 [inflora.py] => [InfLoRA] Layer 4: 54/768 type remove
2026-07-03 06:19:00,928 [inflora.py] => [InfLoRA] Layer 5: 77/768 type remove
2026-07-03 06:19:00,928 [inflora.py] => [InfLoRA] Layer 6: 73/768 type remove
2026-07-03 06:19:00,928 [inflora.py] => [InfLoRA] Layer 7: 80/768 type remove
2026-07-03 06:19:00,928 [inflora.py] => [InfLoRA] Layer 8: 81/768 type remove
2026-07-03 06:19:00,928 [inflora.py] => [InfLoRA] Layer 9: 75/768 type remove
2026-07-03 06:19:00,928 [inflora.py] => [InfLoRA] Layer 10: 74/768 type remove
2026-07-03 06:19:00,929 [inflora.py] => [InfLoRA] Layer 11: 38/768 type remove
2026-07-03 06:19:00,929 [inflora.py] => [InfLoRA] Layer 12: 49/768 type remove
2026-07-03 06:19:44,876 [stream_mixin.py] => [stream eval] completed  9 | CIL 18.14 | TIL 51.21 | TIL/task [22.15, 44.39, 46.84, 43.03, 42.96, 49.02, 56.57, 78.73, 79.59]
2026-07-03 06:23:18,320 [inflora.py] => [InfLoRA] DualGPM threshold: 0.9800
2026-07-03 06:23:35,932 [inflora.py] => [InfLoRA] Layer 1: 8/768 type remove
2026-07-03 06:23:35,933 [inflora.py] => [InfLoRA] Layer 2: 17/768 type remove
2026-07-03 06:23:35,933 [inflora.py] => [InfLoRA] Layer 3: 42/768 type remove
2026-07-03 06:23:35,933 [inflora.py] => [InfLoRA] Layer 4: 59/768 type remove
2026-07-03 06:23:35,933 [inflora.py] => [InfLoRA] Layer 5: 85/768 type remove
2026-07-03 06:23:35,933 [inflora.py] => [InfLoRA] Layer 6: 82/768 type remove
2026-07-03 06:23:35,933 [inflora.py] => [InfLoRA] Layer 7: 89/768 type remove
2026-07-03 06:23:35,933 [inflora.py] => [InfLoRA] Layer 8: 89/768 type remove
2026-07-03 06:23:35,933 [inflora.py] => [InfLoRA] Layer 9: 84/768 type remove
2026-07-03 06:23:35,933 [inflora.py] => [InfLoRA] Layer 10: 83/768 type remove
2026-07-03 06:23:35,933 [inflora.py] => [InfLoRA] Layer 11: 45/768 type remove
2026-07-03 06:23:35,933 [inflora.py] => [InfLoRA] Layer 12: 54/768 type remove
2026-07-03 06:24:20,176 [stream_mixin.py] => [stream eval] completed 10 | CIL 11.42 | TIL 44.05 | TIL/task [26.58, 31.02, 38.87, 48.79, 31.41, 48.69, 41.08, 68.28, 58.02, 55.49]
2026-07-03 06:29:33,401 [inflora.py] => [InfLoRA] DualGPM threshold: 0.9800
2026-07-03 06:29:38,000 [inflora.py] => [InfLoRA] Layer 1: 8/768 type remove
2026-07-03 06:29:38,000 [inflora.py] => [InfLoRA] Layer 2: 18/768 type remove
2026-07-03 06:29:38,000 [inflora.py] => [InfLoRA] Layer 3: 45/768 type remove
2026-07-03 06:29:38,000 [inflora.py] => [InfLoRA] Layer 4: 63/768 type remove
2026-07-03 06:29:38,000 [inflora.py] => [InfLoRA] Layer 5: 88/768 type remove
2026-07-03 06:29:38,000 [inflora.py] => [InfLoRA] Layer 6: 84/768 type remove
2026-07-03 06:29:38,000 [inflora.py] => [InfLoRA] Layer 7: 92/768 type remove
2026-07-03 06:29:38,000 [inflora.py] => [InfLoRA] Layer 8: 93/768 type remove
2026-07-03 06:29:38,000 [inflora.py] => [InfLoRA] Layer 9: 91/768 type remove
2026-07-03 06:29:38,000 [inflora.py] => [InfLoRA] Layer 10: 89/768 type remove
2026-07-03 06:29:38,000 [inflora.py] => [InfLoRA] Layer 11: 51/768 type remove
2026-07-03 06:29:38,000 [inflora.py] => [InfLoRA] Layer 12: 61/768 type remove
2026-07-03 06:30:31,119 [stream_mixin.py] => [stream eval] completed 12 | CIL 15.29 | TIL 50.99 | TIL/task [23.73, 24.87, 39.53, 53.94, 46.57, 50.33, 34.68, 66.42, 54.81, 47.25, 78.25, 90.3]
2026-07-03 06:34:50,891 [inflora.py] => [InfLoRA] DualGPM threshold: 0.9800
2026-07-03 06:34:55,463 [inflora.py] => [InfLoRA] Layer 1: 8/768 type remove
2026-07-03 06:34:55,463 [inflora.py] => [InfLoRA] Layer 2: 19/768 type remove
2026-07-03 06:34:55,463 [inflora.py] => [InfLoRA] Layer 3: 50/768 type remove
2026-07-03 06:34:55,463 [inflora.py] => [InfLoRA] Layer 4: 68/768 type remove
2026-07-03 06:34:55,463 [inflora.py] => [InfLoRA] Layer 5: 93/768 type remove
2026-07-03 06:34:55,463 [inflora.py] => [InfLoRA] Layer 6: 89/768 type remove
2026-07-03 06:34:55,463 [inflora.py] => [InfLoRA] Layer 7: 96/768 type remove
2026-07-03 06:34:55,463 [inflora.py] => [InfLoRA] Layer 8: 99/768 type remove
2026-07-03 06:34:55,463 [inflora.py] => [InfLoRA] Layer 9: 99/768 type remove
2026-07-03 06:34:55,463 [inflora.py] => [InfLoRA] Layer 10: 97/768 type remove
2026-07-03 06:34:55,463 [inflora.py] => [InfLoRA] Layer 11: 57/768 type remove
2026-07-03 06:34:55,463 [inflora.py] => [InfLoRA] Layer 12: 69/768 type remove
2026-07-03 06:35:58,826 [stream_mixin.py] => [stream eval] completed 13 | CIL 9.76 | TIL 41.82 | TIL/task [37.34, 39.57, 39.2, 24.24, 38.63, 40.2, 33.0, 41.79, 39.36, 24.18, 52.28, 63.34, 66.26]
2026-07-03 06:41:26,166 [inflora.py] => [InfLoRA] DualGPM threshold: 0.9800
2026-07-03 06:41:30,728 [inflora.py] => [InfLoRA] Layer 1: 9/768 type remove
2026-07-03 06:41:30,728 [inflora.py] => [InfLoRA] Layer 2: 20/768 type remove
2026-07-03 06:41:30,728 [inflora.py] => [InfLoRA] Layer 3: 53/768 type remove
2026-07-03 06:41:30,728 [inflora.py] => [InfLoRA] Layer 4: 72/768 type remove
2026-07-03 06:41:30,728 [inflora.py] => [InfLoRA] Layer 5: 98/768 type remove
2026-07-03 06:41:30,728 [inflora.py] => [InfLoRA] Layer 6: 94/768 type remove
2026-07-03 06:41:30,729 [inflora.py] => [InfLoRA] Layer 7: 101/768 type remove
2026-07-03 06:41:30,729 [inflora.py] => [InfLoRA] Layer 8: 103/768 type remove
2026-07-03 06:41:30,729 [inflora.py] => [InfLoRA] Layer 9: 103/768 type remove
2026-07-03 06:41:30,729 [inflora.py] => [InfLoRA] Layer 10: 100/768 type remove
2026-07-03 06:41:30,729 [inflora.py] => [InfLoRA] Layer 11: 61/768 type remove
2026-07-03 06:41:30,729 [inflora.py] => [InfLoRA] Layer 12: 77/768 type remove
2026-07-03 06:42:46,154 [stream_mixin.py] => [stream eval] completed 15 | CIL 11.85 | TIL 44.10 | TIL/task [37.66, 41.44, 31.56, 24.85, 35.38, 31.7, 29.97, 46.64, 33.82, 38.46, 45.96, 44.47, 52.26, 74.22, 89.8]
2026-07-03 06:48:02,834 [inflora.py] => [InfLoRA] DualGPM threshold: 0.9800
2026-07-03 06:48:07,480 [inflora.py] => [InfLoRA] Layer 1: 9/768 type remove
2026-07-03 06:48:07,480 [inflora.py] => [InfLoRA] Layer 2: 21/768 type remove
2026-07-03 06:48:07,480 [inflora.py] => [InfLoRA] Layer 3: 54/768 type remove
2026-07-03 06:48:07,480 [inflora.py] => [InfLoRA] Layer 4: 74/768 type remove
2026-07-03 06:48:07,480 [inflora.py] => [InfLoRA] Layer 5: 99/768 type remove
2026-07-03 06:48:07,480 [inflora.py] => [InfLoRA] Layer 6: 95/768 type remove
2026-07-03 06:48:07,480 [inflora.py] => [InfLoRA] Layer 7: 103/768 type remove
2026-07-03 06:48:07,480 [inflora.py] => [InfLoRA] Layer 8: 105/768 type remove
2026-07-03 06:48:07,480 [inflora.py] => [InfLoRA] Layer 9: 106/768 type remove
2026-07-03 06:48:07,480 [inflora.py] => [InfLoRA] Layer 10: 103/768 type remove
2026-07-03 06:48:07,480 [inflora.py] => [InfLoRA] Layer 11: 64/768 type remove
2026-07-03 06:48:07,480 [inflora.py] => [InfLoRA] Layer 12: 82/768 type remove
2026-07-03 06:49:31,103 [stream_mixin.py] => [stream eval] completed 16 | CIL 6.59 | TIL 35.57 | TIL/task [27.53, 21.12, 19.27, 16.97, 28.88, 24.51, 26.94, 34.33, 25.07, 18.68, 53.33, 40.97, 27.57, 59.23, 66.57, 66.86]
2026-07-03 06:53:41,963 [inflora.py] => [InfLoRA] DualGPM threshold: 0.9800
2026-07-03 06:53:46,510 [inflora.py] => [InfLoRA] Layer 1: 9/768 type remove
2026-07-03 06:53:46,511 [inflora.py] => [InfLoRA] Layer 2: 22/768 type remove
2026-07-03 06:53:46,511 [inflora.py] => [InfLoRA] Layer 3: 56/768 type remove
2026-07-03 06:53:46,511 [inflora.py] => [InfLoRA] Layer 4: 78/768 type remove
2026-07-03 06:53:46,511 [inflora.py] => [InfLoRA] Layer 5: 104/768 type remove
2026-07-03 06:53:46,511 [inflora.py] => [InfLoRA] Layer 6: 99/768 type remove
2026-07-03 06:53:46,511 [inflora.py] => [InfLoRA] Layer 7: 108/768 type remove
2026-07-03 06:53:46,511 [inflora.py] => [InfLoRA] Layer 8: 112/768 type remove
2026-07-03 06:53:46,511 [inflora.py] => [InfLoRA] Layer 9: 114/768 type remove
2026-07-03 06:53:46,511 [inflora.py] => [InfLoRA] Layer 10: 108/768 type remove
2026-07-03 06:53:46,511 [inflora.py] => [InfLoRA] Layer 11: 69/768 type remove
2026-07-03 06:53:46,511 [inflora.py] => [InfLoRA] Layer 12: 90/768 type remove
2026-07-03 06:55:19,777 [stream_mixin.py] => [stream eval] completed 18 | CIL 7.18 | TIL 38.20 | TIL/task [27.53, 16.84, 25.58, 13.03, 22.38, 25.49, 26.26, 36.94, 20.12, 13.74, 45.96, 45.28, 36.63, 67.6, 61.76, 57.14, 66.25, 87.39]
2026-07-03 07:00:21,860 [inflora.py] => [InfLoRA] DualGPM threshold: 0.9800
2026-07-03 07:00:26,409 [inflora.py] => [InfLoRA] Layer 1: 9/768 type remove
2026-07-03 07:00:26,409 [inflora.py] => [InfLoRA] Layer 2: 23/768 type remove
2026-07-03 07:00:26,409 [inflora.py] => [InfLoRA] Layer 3: 58/768 type remove
2026-07-03 07:00:26,409 [inflora.py] => [InfLoRA] Layer 4: 82/768 type remove
2026-07-03 07:00:26,409 [inflora.py] => [InfLoRA] Layer 5: 108/768 type remove
2026-07-03 07:00:26,409 [inflora.py] => [InfLoRA] Layer 6: 102/768 type remove
2026-07-03 07:00:26,409 [inflora.py] => [InfLoRA] Layer 7: 113/768 type remove
2026-07-03 07:00:26,409 [inflora.py] => [InfLoRA] Layer 8: 118/768 type remove
2026-07-03 07:00:26,410 [inflora.py] => [InfLoRA] Layer 9: 124/768 type remove
2026-07-03 07:00:26,410 [inflora.py] => [InfLoRA] Layer 10: 115/768 type remove
2026-07-03 07:00:26,410 [inflora.py] => [InfLoRA] Layer 11: 76/768 type remove
2026-07-03 07:00:26,410 [inflora.py] => [InfLoRA] Layer 12: 95/768 type remove
2026-07-03 07:02:02,543 [stream_mixin.py] => [stream eval] completed 19 | CIL 5.67 | TIL 35.26 | TIL/task [14.56, 22.46, 24.58, 21.52, 19.86, 32.68, 20.88, 30.22, 24.78, 12.09, 46.67, 31.81, 39.92, 55.4, 43.06, 49.14, 54.58, 61.34, 70.98]
2026-07-03 07:03:58,915 [inflora.py] => [InfLoRA] DualGPM threshold: 0.9800
2026-07-03 07:04:03,435 [inflora.py] => [InfLoRA] Layer 1: 9/768 type remove
2026-07-03 07:04:03,435 [inflora.py] => [InfLoRA] Layer 2: 24/768 type remove
2026-07-03 07:04:03,435 [inflora.py] => [InfLoRA] Layer 3: 59/768 type remove
2026-07-03 07:04:03,435 [inflora.py] => [InfLoRA] Layer 4: 84/768 type remove
2026-07-03 07:04:03,435 [inflora.py] => [InfLoRA] Layer 5: 111/768 type remove
2026-07-03 07:04:03,435 [inflora.py] => [InfLoRA] Layer 6: 105/768 type remove
2026-07-03 07:04:03,435 [inflora.py] => [InfLoRA] Layer 7: 117/768 type remove
2026-07-03 07:04:03,435 [inflora.py] => [InfLoRA] Layer 8: 124/768 type remove
2026-07-03 07:04:03,435 [inflora.py] => [InfLoRA] Layer 9: 132/768 type remove
2026-07-03 07:04:03,435 [inflora.py] => [InfLoRA] Layer 10: 120/768 type remove
2026-07-03 07:04:03,435 [inflora.py] => [InfLoRA] Layer 11: 80/768 type remove
2026-07-03 07:04:03,435 [inflora.py] => [InfLoRA] Layer 12: 98/768 type remove
2026-07-03 07:05:50,639 [stream_mixin.py] => [stream eval] completed 20 | CIL 8.49 | TIL 38.13 | TIL/task [24.05, 21.12, 28.24, 21.82, 21.3, 30.07, 23.57, 27.99, 23.62, 12.09, 49.12, 27.49, 42.39, 54.36, 43.91, 46.29, 54.58, 59.24, 68.88, 94.22]
2026-07-03 07:05:50,640 [trainer.py] => [stream] completed-task checkpoints: [1, 3, 4, 6, 7, 9, 10, 12, 13, 15, 16, 18, 19, 20]
2026-07-03 07:05:50,640 [trainer.py] => [stream] CIL curve: [76.58, 50.76, 28.77, 29.78, 14.68, 18.14, 11.42, 15.29, 9.76, 11.85, 6.59, 7.18, 5.67, 8.49]
2026-07-03 07:05:50,640 [trainer.py] => [stream] TIL curve: [76.58, 77.9, 63.36, 65.02, 44.25, 51.21, 44.05, 50.99, 41.82, 44.1, 35.57, 38.2, 35.26, 38.13]
2026-07-03 07:05:50,640 [trainer.py] => [stream] FINAL  CIL 8.49 | TIL 38.13  (over 20 tasks)
