2026-07-23 11:33:18,805 [trainer.py] => config: exps/review/normalize_check/inflora_imagenetr_5task_lr1e3.json
2026-07-23 11:33:18,805 [trainer.py] => dataset: imagenetr
2026-07-23 11:33:18,805 [trainer.py] => memory_size: 0
2026-07-23 11:33:18,805 [trainer.py] => memory_per_class: 0
2026-07-23 11:33:18,806 [trainer.py] => fixed_memory: False
2026-07-23 11:33:18,806 [trainer.py] => shuffle: True
2026-07-23 11:33:18,806 [trainer.py] => init_cls: 10
2026-07-23 11:33:18,806 [trainer.py] => increment: 10
2026-07-23 11:33:18,806 [trainer.py] => seed: 1993
2026-07-23 11:33:18,806 [trainer.py] => scenario: cil
2026-07-23 11:33:18,806 [trainer.py] => stop_after_tasks: 5
2026-07-23 11:33:18,806 [trainer.py] => pretrained: True
2026-07-23 11:33:18,806 [trainer.py] => print_forget: True
2026-07-23 11:33:18,806 [trainer.py] => final_metrics: True
2026-07-23 11:33:18,806 [trainer.py] => backbone_type: vit_base_patch16_224_lora
2026-07-23 11:33:18,806 [trainer.py] => lora_rank: 10
2026-07-23 11:33:18,806 [trainer.py] => lora_alpha: None
2026-07-23 11:33:18,806 [trainer.py] => tuned_epoch: 10
2026-07-23 11:33:18,806 [trainer.py] => init_lr: 0.001
2026-07-23 11:33:18,806 [trainer.py] => batch_size: 48
2026-07-23 11:33:18,806 [trainer.py] => weight_decay: 0.0005
2026-07-23 11:33:18,806 [trainer.py] => min_lr: 0.0
2026-07-23 11:33:18,806 [trainer.py] => model_name: inflora
2026-07-23 11:33:18,806 [trainer.py] => lora_merge: True
2026-07-23 11:33:18,806 [trainer.py] => lamb: 0.95
2026-07-23 11:33:18,806 [trainer.py] => lame: 1.0
2026-07-23 11:33:18,806 [trainer.py] => device: [device(type='cuda', index=0)]
2026-07-23 11:33:18,806 [trainer.py] => prefix: normalize_check_inflora_imagenetr_5task_lr1e3
2026-07-23 11:33:18,891 [data_manager.py] => [168, 136, 51, 9, 183, 101, 171, 99, 42, 159, 191, 70, 16, 188, 27, 10, 175, 26, 68, 187, 98, 6, 85, 35, 112, 43, 100, 0, 103, 181, 88, 59, 4, 2, 116, 174, 94, 80, 106, 1, 147, 17, 141, 131, 72, 23, 173, 54, 197, 118, 87, 32, 79, 104, 91, 19, 135, 107, 178, 36, 11, 199, 142, 8, 122, 3, 28, 57, 153, 172, 190, 56, 49, 44, 97, 62, 151, 169, 194, 55, 192, 12, 189, 78, 66, 180, 15, 137, 109, 134, 92, 119, 126, 52, 170, 40, 148, 65, 144, 64, 138, 45, 77, 89, 154, 90, 71, 193, 74, 30, 113, 143, 96, 84, 67, 50, 186, 156, 69, 21, 18, 111, 108, 58, 125, 157, 150, 110, 182, 129, 166, 83, 81, 60, 13, 165, 14, 176, 63, 117, 5, 22, 145, 121, 38, 41, 82, 127, 114, 20, 31, 53, 37, 163, 196, 130, 152, 162, 86, 76, 24, 34, 184, 149, 33, 128, 198, 155, 146, 167, 139, 120, 140, 102, 47, 25, 158, 123, 46, 164, 61, 7, 115, 75, 133, 160, 105, 132, 179, 124, 48, 73, 93, 39, 95, 195, 29, 177, 185, 161]
2026-07-23 11:33:21,694 [trainer.py] => stop_after_tasks=5 (of 20 total)
2026-07-23 11:33:22,201 [trainer.py] => All params: 93171456
2026-07-23 11:33:22,204 [trainer.py] => Trainable params: 7372800
2026-07-23 11:33:22,204 [inflora.py] => [InfLoRA] Learning on 0-10
2026-07-23 11:33:28,657 [lora.py] => Trainable params this task: 192,010 / 93,179,146
2026-07-23 11:34:59,188 [lora.py] => Task 0 finished. Train_accy 91.71
2026-07-23 11:35:03,942 [inflora.py] => [InfLoRA] DualGPM threshold: 0.9500
2026-07-23 11:35:04,686 [inflora.py] => [InfLoRA] Layer 1: 5/768 type remove
2026-07-23 11:35:04,686 [inflora.py] => [InfLoRA] Layer 2: 8/768 type remove
2026-07-23 11:35:04,686 [inflora.py] => [InfLoRA] Layer 3: 11/768 type remove
2026-07-23 11:35:04,686 [inflora.py] => [InfLoRA] Layer 4: 10/768 type remove
2026-07-23 11:35:04,686 [inflora.py] => [InfLoRA] Layer 5: 13/768 type remove
2026-07-23 11:35:04,686 [inflora.py] => [InfLoRA] Layer 6: 13/768 type remove
2026-07-23 11:35:04,686 [inflora.py] => [InfLoRA] Layer 7: 14/768 type remove
2026-07-23 11:35:04,686 [inflora.py] => [InfLoRA] Layer 8: 13/768 type remove
2026-07-23 11:35:04,686 [inflora.py] => [InfLoRA] Layer 9: 17/768 type remove
2026-07-23 11:35:04,686 [inflora.py] => [InfLoRA] Layer 10: 17/768 type remove
2026-07-23 11:35:04,686 [inflora.py] => [InfLoRA] Layer 11: 6/768 type remove
2026-07-23 11:35:04,686 [inflora.py] => [InfLoRA] Layer 12: 10/768 type remove
2026-07-23 11:35:06,459 [trainer.py] => No NME accuracy.
2026-07-23 11:35:06,459 [trainer.py] => CNN: {'total': 90.51, '00-09': 90.51, 'old': 0, 'new': 90.51}
2026-07-23 11:35:06,459 [trainer.py] => CNN top1 curve: [90.51]
2026-07-23 11:35:06,459 [trainer.py] => CNN top5 curve: [99.68]

2026-07-23 11:35:06,459 [trainer.py] => Average Accuracy (CNN): 90.51 

2026-07-23 11:35:06,461 [trainer.py] => All params: 93179146
2026-07-23 11:35:06,463 [trainer.py] => Trainable params: 192010
2026-07-23 11:35:06,464 [inflora.py] => [InfLoRA] Learning on 10-20
2026-07-23 11:35:13,280 [lora.py] => Trainable params this task: 199,700 / 92,818,196
2026-07-23 11:36:59,014 [lora.py] => Task 1 finished. Train_accy 91.21
2026-07-23 11:37:04,656 [inflora.py] => [InfLoRA] DualGPM threshold: 0.9525
2026-07-23 11:37:05,960 [inflora.py] => [InfLoRA] Layer 1: 6/768 type remove
2026-07-23 11:37:05,960 [inflora.py] => [InfLoRA] Layer 2: 9/768 type remove
2026-07-23 11:37:05,960 [inflora.py] => [InfLoRA] Layer 3: 14/768 type remove
2026-07-23 11:37:05,960 [inflora.py] => [InfLoRA] Layer 4: 13/768 type remove
2026-07-23 11:37:05,960 [inflora.py] => [InfLoRA] Layer 5: 17/768 type remove
2026-07-23 11:37:05,960 [inflora.py] => [InfLoRA] Layer 6: 18/768 type remove
2026-07-23 11:37:05,960 [inflora.py] => [InfLoRA] Layer 7: 19/768 type remove
2026-07-23 11:37:05,960 [inflora.py] => [InfLoRA] Layer 8: 19/768 type remove
2026-07-23 11:37:05,961 [inflora.py] => [InfLoRA] Layer 9: 24/768 type remove
2026-07-23 11:37:05,961 [inflora.py] => [InfLoRA] Layer 10: 20/768 type remove
2026-07-23 11:37:05,961 [inflora.py] => [InfLoRA] Layer 11: 7/768 type remove
2026-07-23 11:37:05,961 [inflora.py] => [InfLoRA] Layer 12: 15/768 type remove
2026-07-23 11:37:08,951 [trainer.py] => No NME accuracy.
2026-07-23 11:37:08,951 [trainer.py] => CNN: {'total': 86.96, '00-09': 85.76, '10-19': 87.97, 'old': 85.76, 'new': 87.97}
2026-07-23 11:37:08,951 [trainer.py] => CNN top1 curve: [90.51, 86.96]
2026-07-23 11:37:08,951 [trainer.py] => CNN top5 curve: [99.68, 97.1]

2026-07-23 11:37:08,951 [trainer.py] => Average Accuracy (CNN): 88.735 

2026-07-23 11:37:08,953 [trainer.py] => All params: 92818196
2026-07-23 11:37:08,955 [trainer.py] => Trainable params: 199700
2026-07-23 11:37:08,957 [inflora.py] => [InfLoRA] Learning on 20-30
2026-07-23 11:37:14,895 [lora.py] => Trainable params this task: 207,390 / 92,457,246
2026-07-23 11:38:42,020 [lora.py] => Task 2 finished. Train_accy 91.24
2026-07-23 11:38:46,754 [inflora.py] => [InfLoRA] DualGPM threshold: 0.9550
2026-07-23 11:38:48,075 [inflora.py] => [InfLoRA] Layer 1: 7/768 type remove
2026-07-23 11:38:48,075 [inflora.py] => [InfLoRA] Layer 2: 10/768 type remove
2026-07-23 11:38:48,075 [inflora.py] => [InfLoRA] Layer 3: 15/768 type remove
2026-07-23 11:38:48,075 [inflora.py] => [InfLoRA] Layer 4: 14/768 type remove
2026-07-23 11:38:48,075 [inflora.py] => [InfLoRA] Layer 5: 19/768 type remove
2026-07-23 11:38:48,075 [inflora.py] => [InfLoRA] Layer 6: 19/768 type remove
2026-07-23 11:38:48,075 [inflora.py] => [InfLoRA] Layer 7: 21/768 type remove
2026-07-23 11:38:48,075 [inflora.py] => [InfLoRA] Layer 8: 20/768 type remove
2026-07-23 11:38:48,075 [inflora.py] => [InfLoRA] Layer 9: 26/768 type remove
2026-07-23 11:38:48,075 [inflora.py] => [InfLoRA] Layer 10: 22/768 type remove
2026-07-23 11:38:48,075 [inflora.py] => [InfLoRA] Layer 11: 8/768 type remove
2026-07-23 11:38:48,075 [inflora.py] => [InfLoRA] Layer 12: 17/768 type remove
2026-07-23 11:38:52,110 [trainer.py] => No NME accuracy.
2026-07-23 11:38:52,110 [trainer.py] => CNN: {'total': 82.95, '00-09': 80.7, '10-19': 83.96, '20-29': 84.05, 'old': 82.46, 'new': 84.05}
2026-07-23 11:38:52,110 [trainer.py] => CNN top1 curve: [90.51, 86.96, 82.95]
2026-07-23 11:38:52,110 [trainer.py] => CNN top5 curve: [99.68, 97.1, 95.26]

2026-07-23 11:38:52,110 [trainer.py] => Average Accuracy (CNN): 86.80666666666667 

2026-07-23 11:38:52,112 [trainer.py] => All params: 92457246
2026-07-23 11:38:52,114 [trainer.py] => Trainable params: 207390
2026-07-23 11:38:52,115 [inflora.py] => [InfLoRA] Learning on 30-40
2026-07-23 11:38:58,495 [lora.py] => Trainable params this task: 215,080 / 92,096,296
2026-07-23 11:40:33,140 [lora.py] => Task 3 finished. Train_accy 87.85
2026-07-23 11:40:38,131 [inflora.py] => [InfLoRA] DualGPM threshold: 0.9575
2026-07-23 11:40:39,522 [inflora.py] => [InfLoRA] Layer 1: 7/768 type remove
2026-07-23 11:40:39,522 [inflora.py] => [InfLoRA] Layer 2: 10/768 type remove
2026-07-23 11:40:39,522 [inflora.py] => [InfLoRA] Layer 3: 16/768 type remove
2026-07-23 11:40:39,522 [inflora.py] => [InfLoRA] Layer 4: 15/768 type remove
2026-07-23 11:40:39,522 [inflora.py] => [InfLoRA] Layer 5: 21/768 type remove
2026-07-23 11:40:39,522 [inflora.py] => [InfLoRA] Layer 6: 21/768 type remove
2026-07-23 11:40:39,522 [inflora.py] => [InfLoRA] Layer 7: 24/768 type remove
2026-07-23 11:40:39,522 [inflora.py] => [InfLoRA] Layer 8: 23/768 type remove
2026-07-23 11:40:39,522 [inflora.py] => [InfLoRA] Layer 9: 30/768 type remove
2026-07-23 11:40:39,522 [inflora.py] => [InfLoRA] Layer 10: 24/768 type remove
2026-07-23 11:40:39,522 [inflora.py] => [InfLoRA] Layer 11: 9/768 type remove
2026-07-23 11:40:39,522 [inflora.py] => [InfLoRA] Layer 12: 19/768 type remove
2026-07-23 11:40:44,653 [trainer.py] => No NME accuracy.
2026-07-23 11:40:44,653 [trainer.py] => CNN: {'total': 80.39, '00-09': 77.53, '10-19': 81.02, '20-29': 83.06, '30-39': 80.0, 'old': 80.52, 'new': 80.0}
2026-07-23 11:40:44,653 [trainer.py] => CNN top1 curve: [90.51, 86.96, 82.95, 80.39]
2026-07-23 11:40:44,653 [trainer.py] => CNN top5 curve: [99.68, 97.1, 95.26, 94.93]

2026-07-23 11:40:44,653 [trainer.py] => Average Accuracy (CNN): 85.2025 

2026-07-23 11:40:44,655 [trainer.py] => All params: 92096296
2026-07-23 11:40:44,657 [trainer.py] => Trainable params: 215080
2026-07-23 11:40:44,658 [inflora.py] => [InfLoRA] Learning on 40-50
2026-07-23 11:40:50,373 [lora.py] => Trainable params this task: 222,770 / 91,735,346
2026-07-23 11:42:10,975 [lora.py] => Task 4 finished. Train_accy 87.66
2026-07-23 11:42:15,303 [inflora.py] => [InfLoRA] DualGPM threshold: 0.9600
2026-07-23 11:42:16,645 [inflora.py] => [InfLoRA] Layer 1: 7/768 type remove
2026-07-23 11:42:16,645 [inflora.py] => [InfLoRA] Layer 2: 10/768 type remove
2026-07-23 11:42:16,645 [inflora.py] => [InfLoRA] Layer 3: 16/768 type remove
2026-07-23 11:42:16,645 [inflora.py] => [InfLoRA] Layer 4: 15/768 type remove
2026-07-23 11:42:16,645 [inflora.py] => [InfLoRA] Layer 5: 22/768 type remove
2026-07-23 11:42:16,645 [inflora.py] => [InfLoRA] Layer 6: 23/768 type remove
2026-07-23 11:42:16,645 [inflora.py] => [InfLoRA] Layer 7: 26/768 type remove
2026-07-23 11:42:16,645 [inflora.py] => [InfLoRA] Layer 8: 26/768 type remove
2026-07-23 11:42:16,646 [inflora.py] => [InfLoRA] Layer 9: 35/768 type remove
2026-07-23 11:42:16,646 [inflora.py] => [InfLoRA] Layer 10: 31/768 type remove
2026-07-23 11:42:16,646 [inflora.py] => [InfLoRA] Layer 11: 11/768 type remove
2026-07-23 11:42:16,646 [inflora.py] => [InfLoRA] Layer 12: 22/768 type remove
2026-07-23 11:42:22,714 [trainer.py] => No NME accuracy.
2026-07-23 11:42:22,714 [trainer.py] => CNN: {'total': 74.53, '00-09': 70.89, '10-19': 70.59, '20-29': 76.08, '30-39': 73.64, '40-49': 83.39, 'old': 72.67, 'new': 83.39}
2026-07-23 11:42:22,714 [trainer.py] => CNN top1 curve: [90.51, 86.96, 82.95, 80.39, 74.53]
2026-07-23 11:42:22,714 [trainer.py] => CNN top5 curve: [99.68, 97.1, 95.26, 94.93, 91.11]

2026-07-23 11:42:22,714 [trainer.py] => Average Accuracy (CNN): 83.06800000000001 

2026-07-23 11:42:25,893 [metrics_logger.py] => [metrics] wrote run_logs/final/inflora/metrics_inflora_imagenetr_normalize_check_inflora_imagenetr_5task_lr1e3_s1993.json
2026-07-23 11:42:25,894 [trainer.py] => Forgetting (CNN): 12.8325
2026-07-23 11:42:25,894 [trainer.py] => Forgetting (NME): 12.8325
2026-07-23 12:38:26,138 [trainer.py] => config: exps/review/normalize_check/inflora_imagenetr_5task_lr1e3.json
2026-07-23 12:38:26,138 [trainer.py] => dataset: imagenetr
2026-07-23 12:38:26,138 [trainer.py] => memory_size: 0
2026-07-23 12:38:26,138 [trainer.py] => memory_per_class: 0
2026-07-23 12:38:26,138 [trainer.py] => fixed_memory: False
2026-07-23 12:38:26,138 [trainer.py] => shuffle: True
2026-07-23 12:38:26,138 [trainer.py] => init_cls: 10
2026-07-23 12:38:26,138 [trainer.py] => increment: 10
2026-07-23 12:38:26,138 [trainer.py] => seed: 1993
2026-07-23 12:38:26,138 [trainer.py] => scenario: cil
2026-07-23 12:38:26,138 [trainer.py] => stop_after_tasks: 5
2026-07-23 12:38:26,138 [trainer.py] => pretrained: True
2026-07-23 12:38:26,138 [trainer.py] => print_forget: True
2026-07-23 12:38:26,138 [trainer.py] => final_metrics: True
2026-07-23 12:38:26,139 [trainer.py] => backbone_type: vit_base_patch16_224_lora
2026-07-23 12:38:26,139 [trainer.py] => lora_rank: 10
2026-07-23 12:38:26,139 [trainer.py] => lora_alpha: None
2026-07-23 12:38:26,139 [trainer.py] => tuned_epoch: 10
2026-07-23 12:38:26,139 [trainer.py] => init_lr: 0.001
2026-07-23 12:38:26,139 [trainer.py] => batch_size: 48
2026-07-23 12:38:26,139 [trainer.py] => weight_decay: 0.0005
2026-07-23 12:38:26,139 [trainer.py] => min_lr: 0.0
2026-07-23 12:38:26,139 [trainer.py] => model_name: inflora
2026-07-23 12:38:26,139 [trainer.py] => lora_merge: True
2026-07-23 12:38:26,139 [trainer.py] => lamb: 0.95
2026-07-23 12:38:26,139 [trainer.py] => lame: 1.0
2026-07-23 12:38:26,139 [trainer.py] => device: [device(type='cuda', index=0)]
2026-07-23 12:38:26,139 [trainer.py] => prefix: normalize_check_inflora_imagenetr_5task_lr1e3
2026-07-23 12:38:26,224 [data_manager.py] => [168, 136, 51, 9, 183, 101, 171, 99, 42, 159, 191, 70, 16, 188, 27, 10, 175, 26, 68, 187, 98, 6, 85, 35, 112, 43, 100, 0, 103, 181, 88, 59, 4, 2, 116, 174, 94, 80, 106, 1, 147, 17, 141, 131, 72, 23, 173, 54, 197, 118, 87, 32, 79, 104, 91, 19, 135, 107, 178, 36, 11, 199, 142, 8, 122, 3, 28, 57, 153, 172, 190, 56, 49, 44, 97, 62, 151, 169, 194, 55, 192, 12, 189, 78, 66, 180, 15, 137, 109, 134, 92, 119, 126, 52, 170, 40, 148, 65, 144, 64, 138, 45, 77, 89, 154, 90, 71, 193, 74, 30, 113, 143, 96, 84, 67, 50, 186, 156, 69, 21, 18, 111, 108, 58, 125, 157, 150, 110, 182, 129, 166, 83, 81, 60, 13, 165, 14, 176, 63, 117, 5, 22, 145, 121, 38, 41, 82, 127, 114, 20, 31, 53, 37, 163, 196, 130, 152, 162, 86, 76, 24, 34, 184, 149, 33, 128, 198, 155, 146, 167, 139, 120, 140, 102, 47, 25, 158, 123, 46, 164, 61, 7, 115, 75, 133, 160, 105, 132, 179, 124, 48, 73, 93, 39, 95, 195, 29, 177, 185, 161]
2026-07-23 12:38:28,908 [trainer.py] => stop_after_tasks=5 (of 20 total)
2026-07-23 12:38:29,380 [trainer.py] => All params: 93171456
2026-07-23 12:38:29,382 [trainer.py] => Trainable params: 7372800
2026-07-23 12:38:29,383 [inflora.py] => [InfLoRA] Learning on 0-10
2026-07-23 12:38:35,747 [lora.py] => Trainable params this task: 192,010 / 93,179,146
2026-07-23 12:40:05,148 [lora.py] => Task 0 finished. Train_accy 93.26
2026-07-23 12:40:09,806 [inflora.py] => [InfLoRA] DualGPM threshold: 0.9500
2026-07-23 12:40:10,577 [inflora.py] => [InfLoRA] Layer 1: 6/768 type remove
2026-07-23 12:40:10,577 [inflora.py] => [InfLoRA] Layer 2: 8/768 type remove
2026-07-23 12:40:10,577 [inflora.py] => [InfLoRA] Layer 3: 11/768 type remove
2026-07-23 12:40:10,578 [inflora.py] => [InfLoRA] Layer 4: 11/768 type remove
2026-07-23 12:40:10,578 [inflora.py] => [InfLoRA] Layer 5: 17/768 type remove
2026-07-23 12:40:10,578 [inflora.py] => [InfLoRA] Layer 6: 16/768 type remove
2026-07-23 12:40:10,578 [inflora.py] => [InfLoRA] Layer 7: 15/768 type remove
2026-07-23 12:40:10,578 [inflora.py] => [InfLoRA] Layer 8: 13/768 type remove
2026-07-23 12:40:10,578 [inflora.py] => [InfLoRA] Layer 9: 12/768 type remove
2026-07-23 12:40:10,578 [inflora.py] => [InfLoRA] Layer 10: 11/768 type remove
2026-07-23 12:40:10,578 [inflora.py] => [InfLoRA] Layer 11: 2/768 type remove
2026-07-23 12:40:10,578 [inflora.py] => [InfLoRA] Layer 12: 4/768 type remove
2026-07-23 12:40:12,238 [trainer.py] => No NME accuracy.
2026-07-23 12:40:12,238 [trainer.py] => CNN: {'total': 95.89, '00-09': 95.89, 'old': 0, 'new': 95.89}
2026-07-23 12:40:12,238 [trainer.py] => CNN top1 curve: [95.89]
2026-07-23 12:40:12,238 [trainer.py] => CNN top5 curve: [99.68]

2026-07-23 12:40:12,238 [trainer.py] => Average Accuracy (CNN): 95.89 

2026-07-23 12:40:12,241 [trainer.py] => All params: 93179146
2026-07-23 12:40:12,243 [trainer.py] => Trainable params: 192010
2026-07-23 12:40:12,243 [inflora.py] => [InfLoRA] Learning on 10-20
2026-07-23 12:40:18,989 [lora.py] => Trainable params this task: 199,700 / 92,818,196
2026-07-23 12:42:04,221 [lora.py] => Task 1 finished. Train_accy 93.72
2026-07-23 12:42:09,770 [inflora.py] => [InfLoRA] DualGPM threshold: 0.9525
2026-07-23 12:42:11,086 [inflora.py] => [InfLoRA] Layer 1: 7/768 type remove
2026-07-23 12:42:11,087 [inflora.py] => [InfLoRA] Layer 2: 10/768 type remove
2026-07-23 12:42:11,087 [inflora.py] => [InfLoRA] Layer 3: 13/768 type remove
2026-07-23 12:42:11,087 [inflora.py] => [InfLoRA] Layer 4: 14/768 type remove
2026-07-23 12:42:11,087 [inflora.py] => [InfLoRA] Layer 5: 22/768 type remove
2026-07-23 12:42:11,087 [inflora.py] => [InfLoRA] Layer 6: 20/768 type remove
2026-07-23 12:42:11,087 [inflora.py] => [InfLoRA] Layer 7: 20/768 type remove
2026-07-23 12:42:11,087 [inflora.py] => [InfLoRA] Layer 8: 18/768 type remove
2026-07-23 12:42:11,087 [inflora.py] => [InfLoRA] Layer 9: 18/768 type remove
2026-07-23 12:42:11,087 [inflora.py] => [InfLoRA] Layer 10: 16/768 type remove
2026-07-23 12:42:11,087 [inflora.py] => [InfLoRA] Layer 11: 4/768 type remove
2026-07-23 12:42:11,087 [inflora.py] => [InfLoRA] Layer 12: 9/768 type remove
2026-07-23 12:42:14,041 [trainer.py] => No NME accuracy.
2026-07-23 12:42:14,041 [trainer.py] => CNN: {'total': 88.41, '00-09': 80.38, '10-19': 95.19, 'old': 80.38, 'new': 95.19}
2026-07-23 12:42:14,041 [trainer.py] => CNN top1 curve: [95.89, 88.41]
2026-07-23 12:42:14,041 [trainer.py] => CNN top5 curve: [99.68, 98.41]

2026-07-23 12:42:14,041 [trainer.py] => Average Accuracy (CNN): 92.15 

2026-07-23 12:42:14,045 [trainer.py] => All params: 92818196
2026-07-23 12:42:14,048 [trainer.py] => Trainable params: 199700
2026-07-23 12:42:14,050 [inflora.py] => [InfLoRA] Learning on 20-30
2026-07-23 12:42:19,991 [lora.py] => Trainable params this task: 207,390 / 92,457,246
2026-07-23 12:43:46,427 [lora.py] => Task 2 finished. Train_accy 92.06
2026-07-23 12:43:51,062 [inflora.py] => [InfLoRA] DualGPM threshold: 0.9550
2026-07-23 12:43:52,382 [inflora.py] => [InfLoRA] Layer 1: 7/768 type remove
2026-07-23 12:43:52,382 [inflora.py] => [InfLoRA] Layer 2: 10/768 type remove
2026-07-23 12:43:52,382 [inflora.py] => [InfLoRA] Layer 3: 14/768 type remove
2026-07-23 12:43:52,382 [inflora.py] => [InfLoRA] Layer 4: 16/768 type remove
2026-07-23 12:43:52,382 [inflora.py] => [InfLoRA] Layer 5: 25/768 type remove
2026-07-23 12:43:52,382 [inflora.py] => [InfLoRA] Layer 6: 22/768 type remove
2026-07-23 12:43:52,382 [inflora.py] => [InfLoRA] Layer 7: 22/768 type remove
2026-07-23 12:43:52,382 [inflora.py] => [InfLoRA] Layer 8: 20/768 type remove
2026-07-23 12:43:52,382 [inflora.py] => [InfLoRA] Layer 9: 21/768 type remove
2026-07-23 12:43:52,382 [inflora.py] => [InfLoRA] Layer 10: 19/768 type remove
2026-07-23 12:43:52,382 [inflora.py] => [InfLoRA] Layer 11: 5/768 type remove
2026-07-23 12:43:52,382 [inflora.py] => [InfLoRA] Layer 12: 13/768 type remove
2026-07-23 12:43:56,306 [trainer.py] => No NME accuracy.
2026-07-23 12:43:56,306 [trainer.py] => CNN: {'total': 86.07, '00-09': 72.15, '10-19': 92.25, '20-29': 93.02, 'old': 83.04, 'new': 93.02}
2026-07-23 12:43:56,306 [trainer.py] => CNN top1 curve: [95.89, 88.41, 86.07]
2026-07-23 12:43:56,307 [trainer.py] => CNN top5 curve: [99.68, 98.41, 96.87]

2026-07-23 12:43:56,307 [trainer.py] => Average Accuracy (CNN): 90.12333333333333 

2026-07-23 12:43:56,309 [trainer.py] => All params: 92457246
2026-07-23 12:43:56,311 [trainer.py] => Trainable params: 207390
2026-07-23 12:43:56,312 [inflora.py] => [InfLoRA] Learning on 30-40
2026-07-23 12:44:02,626 [lora.py] => Trainable params this task: 215,080 / 92,096,296
2026-07-23 12:45:36,929 [lora.py] => Task 3 finished. Train_accy 90.76
2026-07-23 12:45:41,848 [inflora.py] => [InfLoRA] DualGPM threshold: 0.9575
2026-07-23 12:45:43,249 [inflora.py] => [InfLoRA] Layer 1: 7/768 type remove
2026-07-23 12:45:43,249 [inflora.py] => [InfLoRA] Layer 2: 11/768 type remove
2026-07-23 12:45:43,249 [inflora.py] => [InfLoRA] Layer 3: 15/768 type remove
2026-07-23 12:45:43,249 [inflora.py] => [InfLoRA] Layer 4: 17/768 type remove
2026-07-23 12:45:43,249 [inflora.py] => [InfLoRA] Layer 5: 28/768 type remove
2026-07-23 12:45:43,249 [inflora.py] => [InfLoRA] Layer 6: 25/768 type remove
2026-07-23 12:45:43,249 [inflora.py] => [InfLoRA] Layer 7: 25/768 type remove
2026-07-23 12:45:43,249 [inflora.py] => [InfLoRA] Layer 8: 24/768 type remove
2026-07-23 12:45:43,249 [inflora.py] => [InfLoRA] Layer 9: 26/768 type remove
2026-07-23 12:45:43,249 [inflora.py] => [InfLoRA] Layer 10: 23/768 type remove
2026-07-23 12:45:43,250 [inflora.py] => [InfLoRA] Layer 11: 8/768 type remove
2026-07-23 12:45:43,250 [inflora.py] => [InfLoRA] Layer 12: 18/768 type remove
2026-07-23 12:45:48,308 [trainer.py] => No NME accuracy.
2026-07-23 12:45:48,308 [trainer.py] => CNN: {'total': 86.07, '00-09': 68.99, '10-19': 91.18, '20-29': 90.03, '30-39': 93.03, 'old': 83.75, 'new': 93.03}
2026-07-23 12:45:48,308 [trainer.py] => CNN top1 curve: [95.89, 88.41, 86.07, 86.07]
2026-07-23 12:45:48,308 [trainer.py] => CNN top5 curve: [99.68, 98.41, 96.87, 96.37]

2026-07-23 12:45:48,308 [trainer.py] => Average Accuracy (CNN): 89.11 

2026-07-23 12:45:48,311 [trainer.py] => All params: 92096296
2026-07-23 12:45:48,312 [trainer.py] => Trainable params: 215080
2026-07-23 12:45:48,313 [inflora.py] => [InfLoRA] Learning on 40-50
2026-07-23 12:45:53,968 [lora.py] => Trainable params this task: 222,770 / 91,735,346
2026-07-23 12:47:14,000 [lora.py] => Task 4 finished. Train_accy 90.23
2026-07-23 12:47:18,223 [inflora.py] => [InfLoRA] DualGPM threshold: 0.9600
2026-07-23 12:47:19,570 [inflora.py] => [InfLoRA] Layer 1: 7/768 type remove
2026-07-23 12:47:19,570 [inflora.py] => [InfLoRA] Layer 2: 11/768 type remove
2026-07-23 12:47:19,570 [inflora.py] => [InfLoRA] Layer 3: 17/768 type remove
2026-07-23 12:47:19,571 [inflora.py] => [InfLoRA] Layer 4: 19/768 type remove
2026-07-23 12:47:19,571 [inflora.py] => [InfLoRA] Layer 5: 32/768 type remove
2026-07-23 12:47:19,571 [inflora.py] => [InfLoRA] Layer 6: 29/768 type remove
2026-07-23 12:47:19,571 [inflora.py] => [InfLoRA] Layer 7: 30/768 type remove
2026-07-23 12:47:19,571 [inflora.py] => [InfLoRA] Layer 8: 29/768 type remove
2026-07-23 12:47:19,571 [inflora.py] => [InfLoRA] Layer 9: 33/768 type remove
2026-07-23 12:47:19,571 [inflora.py] => [InfLoRA] Layer 10: 31/768 type remove
2026-07-23 12:47:19,571 [inflora.py] => [InfLoRA] Layer 11: 11/768 type remove
2026-07-23 12:47:19,571 [inflora.py] => [InfLoRA] Layer 12: 23/768 type remove
2026-07-23 12:47:25,577 [trainer.py] => No NME accuracy.
2026-07-23 12:47:25,577 [trainer.py] => CNN: {'total': 82.6, '00-09': 65.19, '10-19': 90.37, '20-29': 86.71, '30-39': 87.58, '40-49': 81.59, 'old': 82.82, 'new': 81.59}
2026-07-23 12:47:25,577 [trainer.py] => CNN top1 curve: [95.89, 88.41, 86.07, 86.07, 82.6]
2026-07-23 12:47:25,577 [trainer.py] => CNN top5 curve: [99.68, 98.41, 96.87, 96.37, 95.49]

2026-07-23 12:47:25,577 [trainer.py] => Average Accuracy (CNN): 87.80799999999999 

2026-07-23 12:47:28,676 [metrics_logger.py] => [metrics] wrote run_logs/final/inflora/metrics_inflora_imagenetr_normalize_check_inflora_imagenetr_5task_lr1e3_s1993.json
2026-07-23 12:47:28,677 [trainer.py] => Forgetting (CNN): 11.82
2026-07-23 12:47:28,677 [trainer.py] => Forgetting (NME): 11.82
