2026-07-18 15:14:57,537 [trainer.py] => config: exps/review/task_incremental_imr5t/inflora.json
2026-07-18 15:14:57,537 [trainer.py] => dataset: imagenetr
2026-07-18 15:14:57,537 [trainer.py] => memory_size: 0
2026-07-18 15:14:57,537 [trainer.py] => memory_per_class: 0
2026-07-18 15:14:57,537 [trainer.py] => fixed_memory: False
2026-07-18 15:14:57,537 [trainer.py] => shuffle: True
2026-07-18 15:14:57,537 [trainer.py] => init_cls: 10
2026-07-18 15:14:57,537 [trainer.py] => increment: 10
2026-07-18 15:14:57,537 [trainer.py] => seed: 1993
2026-07-18 15:14:57,537 [trainer.py] => scenario: cil
2026-07-18 15:14:57,537 [trainer.py] => stop_after_tasks: 5
2026-07-18 15:14:57,537 [trainer.py] => pretrained: True
2026-07-18 15:14:57,537 [trainer.py] => print_forget: True
2026-07-18 15:14:57,537 [trainer.py] => final_metrics: True
2026-07-18 15:14:57,537 [trainer.py] => backbone_type: vit_base_patch16_224_lora
2026-07-18 15:14:57,537 [trainer.py] => lora_rank: 8
2026-07-18 15:14:57,538 [trainer.py] => lora_alpha: 32
2026-07-18 15:14:57,538 [trainer.py] => tuned_epoch: 10
2026-07-18 15:14:57,538 [trainer.py] => init_lr: 0.0003
2026-07-18 15:14:57,538 [trainer.py] => batch_size: 48
2026-07-18 15:14:57,538 [trainer.py] => weight_decay: 0.0005
2026-07-18 15:14:57,538 [trainer.py] => min_lr: 0.0
2026-07-18 15:14:57,538 [trainer.py] => model_name: inflora
2026-07-18 15:14:57,538 [trainer.py] => lora_merge: True
2026-07-18 15:14:57,538 [trainer.py] => lamb: 0.95
2026-07-18 15:14:57,538 [trainer.py] => lame: 1.0
2026-07-18 15:14:57,538 [trainer.py] => device: [device(type='cuda', index=1)]
2026-07-18 15:14:57,538 [trainer.py] => prefix: review_imr5t_inflora
2026-07-18 15:14:57,624 [data_manager.py] => [168, 136, 51, 9, 183, 101, 171, 99, 42, 159, 191, 70, 16, 188, 27, 10, 175, 26, 68, 187, 98, 6, 85, 35, 112, 43, 100, 0, 103, 181, 88, 59, 4, 2, 116, 174, 94, 80, 106, 1, 147, 17, 141, 131, 72, 23, 173, 54, 197, 118, 87, 32, 79, 104, 91, 19, 135, 107, 178, 36, 11, 199, 142, 8, 122, 3, 28, 57, 153, 172, 190, 56, 49, 44, 97, 62, 151, 169, 194, 55, 192, 12, 189, 78, 66, 180, 15, 137, 109, 134, 92, 119, 126, 52, 170, 40, 148, 65, 144, 64, 138, 45, 77, 89, 154, 90, 71, 193, 74, 30, 113, 143, 96, 84, 67, 50, 186, 156, 69, 21, 18, 111, 108, 58, 125, 157, 150, 110, 182, 129, 166, 83, 81, 60, 13, 165, 14, 176, 63, 117, 5, 22, 145, 121, 38, 41, 82, 127, 114, 20, 31, 53, 37, 163, 196, 130, 152, 162, 86, 76, 24, 34, 184, 149, 33, 128, 198, 155, 146, 167, 139, 120, 140, 102, 47, 25, 158, 123, 46, 164, 61, 7, 115, 75, 133, 160, 105, 132, 179, 124, 48, 73, 93, 39, 95, 195, 29, 177, 185, 161]
2026-07-18 15:15:00,378 [trainer.py] => stop_after_tasks=5 (of 20 total)
2026-07-18 15:15:00,599 [trainer.py] => All params: 91696896
2026-07-18 15:15:00,602 [trainer.py] => Trainable params: 5898240
2026-07-18 15:15:00,902 [inflora.py] => [InfLoRA] Learning on 0-10
2026-07-18 15:15:07,551 [lora.py] => Trainable params this task: 155,146 / 91,704,586
2026-07-18 15:16:40,140 [lora.py] => Task 0 finished. Train_accy 89.61
2026-07-18 15:16:44,992 [inflora.py] => [InfLoRA] DualGPM threshold: 0.9500
2026-07-18 15:16:45,805 [inflora.py] => [InfLoRA] Layer 1: 6/768 type remove
2026-07-18 15:16:45,805 [inflora.py] => [InfLoRA] Layer 2: 8/768 type remove
2026-07-18 15:16:45,805 [inflora.py] => [InfLoRA] Layer 3: 10/768 type remove
2026-07-18 15:16:45,805 [inflora.py] => [InfLoRA] Layer 4: 11/768 type remove
2026-07-18 15:16:45,805 [inflora.py] => [InfLoRA] Layer 5: 16/768 type remove
2026-07-18 15:16:45,805 [inflora.py] => [InfLoRA] Layer 6: 16/768 type remove
2026-07-18 15:16:45,805 [inflora.py] => [InfLoRA] Layer 7: 16/768 type remove
2026-07-18 15:16:45,805 [inflora.py] => [InfLoRA] Layer 8: 11/768 type remove
2026-07-18 15:16:45,805 [inflora.py] => [InfLoRA] Layer 9: 13/768 type remove
2026-07-18 15:16:45,805 [inflora.py] => [InfLoRA] Layer 10: 10/768 type remove
2026-07-18 15:16:45,805 [inflora.py] => [InfLoRA] Layer 11: 2/768 type remove
2026-07-18 15:16:45,805 [inflora.py] => [InfLoRA] Layer 12: 6/768 type remove
2026-07-18 15:16:47,541 [trainer.py] => No NME accuracy.
2026-07-18 15:16:47,541 [trainer.py] => CNN: {'total': 94.3, '00-09': 94.3, 'old': 0, 'new': 94.3}
2026-07-18 15:16:47,541 [trainer.py] => CNN top1 curve: [94.3]
2026-07-18 15:16:47,541 [trainer.py] => CNN top5 curve: [99.37]

2026-07-18 15:16:47,541 [trainer.py] => Average Accuracy (CNN): 94.3 

2026-07-18 15:16:47,544 [trainer.py] => All params: 91704586
2026-07-18 15:16:47,546 [trainer.py] => Trainable params: 155146
2026-07-18 15:16:47,547 [inflora.py] => [InfLoRA] Learning on 10-20
2026-07-18 15:16:54,514 [lora.py] => Trainable params this task: 162,836 / 91,712,276
2026-07-18 15:18:43,428 [lora.py] => Task 1 finished. Train_accy 90.09
2026-07-18 15:18:49,222 [inflora.py] => [InfLoRA] DualGPM threshold: 0.9525
2026-07-18 15:18:50,547 [inflora.py] => [InfLoRA] Layer 1: 7/768 type remove
2026-07-18 15:18:50,547 [inflora.py] => [InfLoRA] Layer 2: 10/768 type remove
2026-07-18 15:18:50,547 [inflora.py] => [InfLoRA] Layer 3: 12/768 type remove
2026-07-18 15:18:50,547 [inflora.py] => [InfLoRA] Layer 4: 13/768 type remove
2026-07-18 15:18:50,547 [inflora.py] => [InfLoRA] Layer 5: 20/768 type remove
2026-07-18 15:18:50,547 [inflora.py] => [InfLoRA] Layer 6: 20/768 type remove
2026-07-18 15:18:50,547 [inflora.py] => [InfLoRA] Layer 7: 21/768 type remove
2026-07-18 15:18:50,547 [inflora.py] => [InfLoRA] Layer 8: 18/768 type remove
2026-07-18 15:18:50,547 [inflora.py] => [InfLoRA] Layer 9: 22/768 type remove
2026-07-18 15:18:50,547 [inflora.py] => [InfLoRA] Layer 10: 17/768 type remove
2026-07-18 15:18:50,547 [inflora.py] => [InfLoRA] Layer 11: 6/768 type remove
2026-07-18 15:18:50,547 [inflora.py] => [InfLoRA] Layer 12: 13/768 type remove
2026-07-18 15:18:53,540 [trainer.py] => No NME accuracy.
2026-07-18 15:18:53,540 [trainer.py] => CNN: {'total': 81.16, '00-09': 68.67, '10-19': 91.71, 'old': 68.67, 'new': 91.71}
2026-07-18 15:18:53,540 [trainer.py] => CNN top1 curve: [94.3, 81.16]
2026-07-18 15:18:53,540 [trainer.py] => CNN top5 curve: [99.37, 96.96]

2026-07-18 15:18:53,541 [trainer.py] => Average Accuracy (CNN): 87.72999999999999 

2026-07-18 15:18:53,543 [trainer.py] => All params: 91712276
2026-07-18 15:18:53,545 [trainer.py] => Trainable params: 162836
2026-07-18 15:18:53,546 [inflora.py] => [InfLoRA] Learning on 20-30
2026-07-18 15:18:59,651 [lora.py] => Trainable params this task: 170,526 / 91,719,966
2026-07-18 15:20:29,274 [lora.py] => Task 2 finished. Train_accy 90.17
2026-07-18 15:20:34,042 [inflora.py] => [InfLoRA] DualGPM threshold: 0.9550
2026-07-18 15:20:35,372 [inflora.py] => [InfLoRA] Layer 1: 7/768 type remove
2026-07-18 15:20:35,372 [inflora.py] => [InfLoRA] Layer 2: 10/768 type remove
2026-07-18 15:20:35,372 [inflora.py] => [InfLoRA] Layer 3: 14/768 type remove
2026-07-18 15:20:35,373 [inflora.py] => [InfLoRA] Layer 4: 15/768 type remove
2026-07-18 15:20:35,373 [inflora.py] => [InfLoRA] Layer 5: 24/768 type remove
2026-07-18 15:20:35,373 [inflora.py] => [InfLoRA] Layer 6: 24/768 type remove
2026-07-18 15:20:35,373 [inflora.py] => [InfLoRA] Layer 7: 25/768 type remove
2026-07-18 15:20:35,373 [inflora.py] => [InfLoRA] Layer 8: 21/768 type remove
2026-07-18 15:20:35,373 [inflora.py] => [InfLoRA] Layer 9: 26/768 type remove
2026-07-18 15:20:35,373 [inflora.py] => [InfLoRA] Layer 10: 20/768 type remove
2026-07-18 15:20:35,373 [inflora.py] => [InfLoRA] Layer 11: 8/768 type remove
2026-07-18 15:20:35,373 [inflora.py] => [InfLoRA] Layer 12: 20/768 type remove
2026-07-18 15:20:39,434 [trainer.py] => No NME accuracy.
2026-07-18 15:20:39,434 [trainer.py] => CNN: {'total': 72.25, '00-09': 47.15, '10-19': 79.95, '20-29': 89.04, 'old': 64.93, 'new': 89.04}
2026-07-18 15:20:39,434 [trainer.py] => CNN top1 curve: [94.3, 81.16, 72.25]
2026-07-18 15:20:39,434 [trainer.py] => CNN top5 curve: [99.37, 96.96, 91.73]

2026-07-18 15:20:39,434 [trainer.py] => Average Accuracy (CNN): 82.57 

2026-07-18 15:20:39,436 [trainer.py] => All params: 91719966
2026-07-18 15:20:39,438 [trainer.py] => Trainable params: 170526
2026-07-18 15:20:39,439 [inflora.py] => [InfLoRA] Learning on 30-40
2026-07-18 15:20:46,040 [lora.py] => Trainable params this task: 178,216 / 91,727,656
2026-07-18 15:22:23,379 [lora.py] => Task 3 finished. Train_accy 87.48
2026-07-18 15:22:28,475 [inflora.py] => [InfLoRA] DualGPM threshold: 0.9575
2026-07-18 15:22:29,896 [inflora.py] => [InfLoRA] Layer 1: 7/768 type remove
2026-07-18 15:22:29,896 [inflora.py] => [InfLoRA] Layer 2: 11/768 type remove
2026-07-18 15:22:29,896 [inflora.py] => [InfLoRA] Layer 3: 15/768 type remove
2026-07-18 15:22:29,896 [inflora.py] => [InfLoRA] Layer 4: 18/768 type remove
2026-07-18 15:22:29,896 [inflora.py] => [InfLoRA] Layer 5: 27/768 type remove
2026-07-18 15:22:29,896 [inflora.py] => [InfLoRA] Layer 6: 27/768 type remove
2026-07-18 15:22:29,896 [inflora.py] => [InfLoRA] Layer 7: 29/768 type remove
2026-07-18 15:22:29,896 [inflora.py] => [InfLoRA] Layer 8: 25/768 type remove
2026-07-18 15:22:29,896 [inflora.py] => [InfLoRA] Layer 9: 31/768 type remove
2026-07-18 15:22:29,896 [inflora.py] => [InfLoRA] Layer 10: 24/768 type remove
2026-07-18 15:22:29,896 [inflora.py] => [InfLoRA] Layer 11: 10/768 type remove
2026-07-18 15:22:29,896 [inflora.py] => [InfLoRA] Layer 12: 26/768 type remove
2026-07-18 15:22:35,119 [trainer.py] => No NME accuracy.
2026-07-18 15:22:35,119 [trainer.py] => CNN: {'total': 73.28, '00-09': 46.52, '10-19': 76.47, '20-29': 84.72, '30-39': 84.85, 'old': 69.42, 'new': 84.85}
2026-07-18 15:22:35,119 [trainer.py] => CNN top1 curve: [94.3, 81.16, 72.25, 73.28]
2026-07-18 15:22:35,119 [trainer.py] => CNN top5 curve: [99.37, 96.96, 91.73, 91.22]

2026-07-18 15:22:35,119 [trainer.py] => Average Accuracy (CNN): 80.2475 

2026-07-18 15:22:35,121 [trainer.py] => All params: 91727656
2026-07-18 15:22:35,123 [trainer.py] => Trainable params: 178216
2026-07-18 15:22:35,125 [inflora.py] => [InfLoRA] Learning on 40-50
2026-07-18 15:22:40,915 [lora.py] => Trainable params this task: 185,906 / 91,735,346
2026-07-18 15:24:03,140 [lora.py] => Task 4 finished. Train_accy 86.06
2026-07-18 15:24:07,597 [inflora.py] => [InfLoRA] DualGPM threshold: 0.9600
2026-07-18 15:24:08,952 [inflora.py] => [InfLoRA] Layer 1: 7/768 type remove
2026-07-18 15:24:08,952 [inflora.py] => [InfLoRA] Layer 2: 11/768 type remove
2026-07-18 15:24:08,952 [inflora.py] => [InfLoRA] Layer 3: 17/768 type remove
2026-07-18 15:24:08,952 [inflora.py] => [InfLoRA] Layer 4: 20/768 type remove
2026-07-18 15:24:08,952 [inflora.py] => [InfLoRA] Layer 5: 30/768 type remove
2026-07-18 15:24:08,953 [inflora.py] => [InfLoRA] Layer 6: 31/768 type remove
2026-07-18 15:24:08,953 [inflora.py] => [InfLoRA] Layer 7: 33/768 type remove
2026-07-18 15:24:08,953 [inflora.py] => [InfLoRA] Layer 8: 31/768 type remove
2026-07-18 15:24:08,953 [inflora.py] => [InfLoRA] Layer 9: 39/768 type remove
2026-07-18 15:24:08,953 [inflora.py] => [InfLoRA] Layer 10: 32/768 type remove
2026-07-18 15:24:08,953 [inflora.py] => [InfLoRA] Layer 11: 14/768 type remove
2026-07-18 15:24:08,953 [inflora.py] => [InfLoRA] Layer 12: 35/768 type remove
2026-07-18 15:24:15,081 [trainer.py] => No NME accuracy.
2026-07-18 15:24:15,081 [trainer.py] => CNN: {'total': 69.9, '00-09': 39.87, '10-19': 72.19, '20-29': 78.74, '30-39': 82.12, '40-49': 76.9, 'old': 68.43, 'new': 76.9}
2026-07-18 15:24:15,081 [trainer.py] => CNN top1 curve: [94.3, 81.16, 72.25, 73.28, 69.9]
2026-07-18 15:24:15,081 [trainer.py] => CNN top5 curve: [99.37, 96.96, 91.73, 91.22, 87.55]

2026-07-18 15:24:15,081 [trainer.py] => Average Accuracy (CNN): 78.178 

2026-07-18 15:24:17,937 [metrics_logger.py] => [metrics] wrote run_logs/final/inflora/metrics_inflora_imagenetr_review_imr5t_inflora_s1993.json
2026-07-18 15:24:17,938 [trainer.py] => Forgetting (CNN): 21.744999999999997
2026-07-18 15:24:17,938 [trainer.py] => Forgetting (NME): 21.744999999999997
