2026-07-20 15:33:27,533 [trainer.py] => config: exps/review/native_defaults_smoke/ease_cifar224.json
2026-07-20 15:33:27,533 [trainer.py] => prefix: native_defaults_smoke_ease_cifar224
2026-07-20 15:33:27,533 [trainer.py] => dataset: cifar224
2026-07-20 15:33:27,533 [trainer.py] => memory_size: 0
2026-07-20 15:33:27,533 [trainer.py] => memory_per_class: 0
2026-07-20 15:33:27,533 [trainer.py] => fixed_memory: False
2026-07-20 15:33:27,533 [trainer.py] => shuffle: True
2026-07-20 15:33:27,533 [trainer.py] => init_cls: 5
2026-07-20 15:33:27,533 [trainer.py] => increment: 5
2026-07-20 15:33:27,533 [trainer.py] => model_name: ease
2026-07-20 15:33:27,533 [trainer.py] => backbone_type: vit_base_patch16_224_ease
2026-07-20 15:33:27,533 [trainer.py] => device: [device(type='cuda', index=1)]
2026-07-20 15:33:27,533 [trainer.py] => seed: 1993
2026-07-20 15:33:27,533 [trainer.py] => init_epochs: 20
2026-07-20 15:33:27,533 [trainer.py] => init_lr: 0.025
2026-07-20 15:33:27,533 [trainer.py] => later_epochs: 20
2026-07-20 15:33:27,533 [trainer.py] => later_lr: 0.025
2026-07-20 15:33:27,533 [trainer.py] => batch_size: 48
2026-07-20 15:33:27,533 [trainer.py] => weight_decay: 0.0005
2026-07-20 15:33:27,533 [trainer.py] => min_lr: 0
2026-07-20 15:33:27,534 [trainer.py] => optimizer: sgd
2026-07-20 15:33:27,534 [trainer.py] => scheduler: cosine
2026-07-20 15:33:27,534 [trainer.py] => pretrained: True
2026-07-20 15:33:27,534 [trainer.py] => vpt_type: Deep
2026-07-20 15:33:27,534 [trainer.py] => prompt_token_num: 5
2026-07-20 15:33:27,534 [trainer.py] => ffn_num: 64
2026-07-20 15:33:27,534 [trainer.py] => use_diagonal: False
2026-07-20 15:33:27,534 [trainer.py] => recalc_sim: True
2026-07-20 15:33:27,534 [trainer.py] => alpha: 0.1
2026-07-20 15:33:27,534 [trainer.py] => use_init_ptm: False
2026-07-20 15:33:27,534 [trainer.py] => beta: 0
2026-07-20 15:33:27,534 [trainer.py] => use_old_data: False
2026-07-20 15:33:27,534 [trainer.py] => use_reweight: True
2026-07-20 15:33:27,534 [trainer.py] => moni_adam: False
2026-07-20 15:33:27,534 [trainer.py] => adapter_num: -1
2026-07-20 15:33:27,534 [trainer.py] => stop_after_tasks: 3
2026-07-20 15:33:27,534 [trainer.py] => final_metrics: True
2026-07-20 15:33:27,534 [trainer.py] => print_forget: True
2026-07-20 15:33:29,145 [data_manager.py] => [68, 56, 78, 8, 23, 84, 90, 65, 74, 76, 40, 89, 3, 92, 55, 9, 26, 80, 43, 38, 58, 70, 77, 1, 85, 19, 17, 50, 28, 53, 13, 81, 45, 82, 6, 59, 83, 16, 15, 44, 91, 41, 72, 60, 79, 52, 20, 10, 31, 54, 37, 95, 14, 71, 96, 98, 97, 2, 64, 66, 42, 22, 35, 86, 24, 34, 87, 21, 99, 0, 88, 27, 18, 94, 11, 12, 47, 25, 30, 46, 62, 69, 36, 61, 7, 63, 75, 5, 32, 4, 51, 48, 73, 93, 39, 67, 29, 49, 57, 33]
2026-07-20 17:09:58,623 [trainer.py] => config: exps/review/native_defaults_smoke/ease_cifar224.json
2026-07-20 17:09:58,624 [trainer.py] => prefix: native_defaults_smoke_ease_cifar224
2026-07-20 17:09:58,624 [trainer.py] => dataset: cifar224
2026-07-20 17:09:58,624 [trainer.py] => memory_size: 0
2026-07-20 17:09:58,624 [trainer.py] => memory_per_class: 0
2026-07-20 17:09:58,624 [trainer.py] => fixed_memory: False
2026-07-20 17:09:58,624 [trainer.py] => shuffle: True
2026-07-20 17:09:58,624 [trainer.py] => init_cls: 5
2026-07-20 17:09:58,624 [trainer.py] => increment: 5
2026-07-20 17:09:58,624 [trainer.py] => model_name: ease
2026-07-20 17:09:58,624 [trainer.py] => backbone_type: vit_base_patch16_224_ease
2026-07-20 17:09:58,624 [trainer.py] => device: [device(type='cuda', index=0)]
2026-07-20 17:09:58,624 [trainer.py] => seed: 1993
2026-07-20 17:09:58,624 [trainer.py] => init_epochs: 20
2026-07-20 17:09:58,624 [trainer.py] => init_lr: 0.025
2026-07-20 17:09:58,624 [trainer.py] => later_epochs: 20
2026-07-20 17:09:58,624 [trainer.py] => later_lr: 0.025
2026-07-20 17:09:58,624 [trainer.py] => batch_size: 48
2026-07-20 17:09:58,624 [trainer.py] => weight_decay: 0.0005
2026-07-20 17:09:58,624 [trainer.py] => min_lr: 0
2026-07-20 17:09:58,624 [trainer.py] => optimizer: sgd
2026-07-20 17:09:58,624 [trainer.py] => scheduler: cosine
2026-07-20 17:09:58,624 [trainer.py] => pretrained: True
2026-07-20 17:09:58,625 [trainer.py] => vpt_type: Deep
2026-07-20 17:09:58,625 [trainer.py] => prompt_token_num: 5
2026-07-20 17:09:58,625 [trainer.py] => ffn_num: 64
2026-07-20 17:09:58,625 [trainer.py] => use_diagonal: False
2026-07-20 17:09:58,625 [trainer.py] => recalc_sim: True
2026-07-20 17:09:58,625 [trainer.py] => alpha: 0.1
2026-07-20 17:09:58,625 [trainer.py] => use_init_ptm: False
2026-07-20 17:09:58,625 [trainer.py] => beta: 0
2026-07-20 17:09:58,625 [trainer.py] => use_old_data: False
2026-07-20 17:09:58,625 [trainer.py] => use_reweight: True
2026-07-20 17:09:58,625 [trainer.py] => moni_adam: False
2026-07-20 17:09:58,625 [trainer.py] => adapter_num: -1
2026-07-20 17:09:58,625 [trainer.py] => stop_after_tasks: 3
2026-07-20 17:09:58,625 [trainer.py] => final_metrics: True
2026-07-20 17:09:58,625 [trainer.py] => print_forget: True
2026-07-20 17:10:00,354 [data_manager.py] => [68, 56, 78, 8, 23, 84, 90, 65, 74, 76, 40, 89, 3, 92, 55, 9, 26, 80, 43, 38, 58, 70, 77, 1, 85, 19, 17, 50, 28, 53, 13, 81, 45, 82, 6, 59, 83, 16, 15, 44, 91, 41, 72, 60, 79, 52, 20, 10, 31, 54, 37, 95, 14, 71, 96, 98, 97, 2, 64, 66, 42, 22, 35, 86, 24, 34, 87, 21, 99, 0, 88, 27, 18, 94, 11, 12, 47, 25, 30, 46, 62, 69, 36, 61, 7, 63, 75, 5, 32, 4, 51, 48, 73, 93, 39, 67, 29, 49, 57, 33]
2026-07-20 17:10:03,870 [trainer.py] => stop_after_tasks=3 (of 20 total)
2026-07-20 17:10:03,879 [trainer.py] => All params: 86988288
2026-07-20 17:10:03,880 [trainer.py] => Trainable params: 1189632
2026-07-20 17:10:03,890 [ease.py] => Learning on 0-5
2026-07-20 17:19:28,276 [ease.py] => Task 0, Epoch 20/20 => Loss 0.123, Train_accy 96.28
2026-07-20 17:19:46,640 [ease.py] => Task correct: 100.0
2026-07-20 17:19:46,640 [ease.py] => Task acc: 99.8
2026-07-20 17:19:46,680 [trainer.py] => No NME accuracy.
2026-07-20 17:19:46,680 [trainer.py] => CNN: {'total': 99.8, '00-04': 99.8, 'old': 0, 'new': 99.8}
2026-07-20 17:19:46,680 [trainer.py] => CNN top1 curve: [99.8]
2026-07-20 17:19:46,680 [trainer.py] => CNN top5 curve: [100.0]

2026-07-20 17:19:46,680 [trainer.py] => Average Accuracy (CNN): 99.8 

2026-07-20 17:19:46,681 [trainer.py] => All params: 86995970
2026-07-20 17:19:46,682 [trainer.py] => Trainable params: 1189632
2026-07-20 17:19:46,684 [ease.py] => Learning on 5-10
2026-07-20 17:28:56,866 [ease.py] => Task 1, Epoch 20/20 => Loss 0.153, Train_accy 95.20
2026-07-20 17:29:37,744 [ease.py] => Task correct: 98.3
2026-07-20 17:29:37,744 [ease.py] => Task acc: 99.3
2026-07-20 17:29:37,815 [trainer.py] => No NME accuracy.
2026-07-20 17:29:37,815 [trainer.py] => CNN: {'total': 98.0, '00-04': 98.2, '05-09': 97.8, 'old': 98.2, 'new': 97.8}
2026-07-20 17:29:37,815 [trainer.py] => CNN top1 curve: [99.8, 98.0]
2026-07-20 17:29:37,815 [trainer.py] => CNN top5 curve: [100.0, 100.0]

2026-07-20 17:29:37,815 [trainer.py] => Average Accuracy (CNN): 98.9 

2026-07-20 17:29:37,815 [trainer.py] => All params: 87007490
2026-07-20 17:29:37,816 [trainer.py] => Trainable params: 1189632
2026-07-20 17:29:37,823 [ease.py] => Learning on 10-15
2026-07-20 17:38:54,814 [ease.py] => Task 2, Epoch 20/20 => Loss 0.162, Train_accy 94.36
2026-07-20 17:40:02,945 [ease.py] => Task correct: 97.0
2026-07-20 17:40:02,946 [ease.py] => Task acc: 99.2
2026-07-20 17:40:02,971 [trainer.py] => No NME accuracy.
2026-07-20 17:40:02,971 [trainer.py] => CNN: {'total': 96.67, '00-04': 98.2, '05-09': 94.6, '10-14': 97.2, 'old': 96.4, 'new': 97.2}
2026-07-20 17:40:02,971 [trainer.py] => CNN top1 curve: [99.8, 98.0, 96.67]
2026-07-20 17:40:02,971 [trainer.py] => CNN top5 curve: [100.0, 100.0, 99.8]

2026-07-20 17:40:02,971 [trainer.py] => Average Accuracy (CNN): 98.15666666666668 

2026-07-20 17:40:15,992 [metrics_logger.py] => [metrics] wrote run_logs/final/ease/metrics_ease_cifar224_native_defaults_smoke_ease_cifar224_s1993.json
2026-07-20 17:40:15,993 [trainer.py] => Forgetting (CNN): 2.3999999999999986
2026-07-20 17:40:15,993 [trainer.py] => Forgetting (NME): 2.3999999999999986
