2026-07-19 21:24:56,981 [trainer.py] => config: exps/review/three_task_check_bs48_lr3e4/cifar224_ease.json
2026-07-19 21:24:56,981 [trainer.py] => dataset: cifar224
2026-07-19 21:24:56,981 [trainer.py] => memory_size: 0
2026-07-19 21:24:56,981 [trainer.py] => memory_per_class: 0
2026-07-19 21:24:56,981 [trainer.py] => fixed_memory: False
2026-07-19 21:24:56,981 [trainer.py] => shuffle: True
2026-07-19 21:24:56,981 [trainer.py] => init_cls: 5
2026-07-19 21:24:56,981 [trainer.py] => increment: 5
2026-07-19 21:24:56,981 [trainer.py] => seed: 1993
2026-07-19 21:24:56,981 [trainer.py] => scenario: cil
2026-07-19 21:24:56,981 [trainer.py] => stop_after_tasks: 3
2026-07-19 21:24:56,981 [trainer.py] => pretrained: True
2026-07-19 21:24:56,982 [trainer.py] => print_forget: True
2026-07-19 21:24:56,982 [trainer.py] => final_metrics: True
2026-07-19 21:24:56,982 [trainer.py] => backbone_type: vit_base_patch16_224_ease
2026-07-19 21:24:56,982 [trainer.py] => init_epochs: 20
2026-07-19 21:24:56,982 [trainer.py] => init_lr: 0.0003
2026-07-19 21:24:56,982 [trainer.py] => later_epochs: 20
2026-07-19 21:24:56,982 [trainer.py] => later_lr: 0.0003
2026-07-19 21:24:56,982 [trainer.py] => batch_size: 48
2026-07-19 21:24:56,982 [trainer.py] => weight_decay: 0.005
2026-07-19 21:24:56,982 [trainer.py] => min_lr: 0
2026-07-19 21:24:56,982 [trainer.py] => optimizer: adamw
2026-07-19 21:24:56,982 [trainer.py] => scheduler: cosine
2026-07-19 21:24:56,982 [trainer.py] => model_name: ease
2026-07-19 21:24:56,982 [trainer.py] => vpt_type: Deep
2026-07-19 21:24:56,982 [trainer.py] => prompt_token_num: 5
2026-07-19 21:24:56,982 [trainer.py] => ffn_num: 8
2026-07-19 21:24:56,982 [trainer.py] => use_diagonal: False
2026-07-19 21:24:56,982 [trainer.py] => recalc_sim: True
2026-07-19 21:24:56,982 [trainer.py] => alpha: 0.1
2026-07-19 21:24:56,982 [trainer.py] => use_init_ptm: False
2026-07-19 21:24:56,982 [trainer.py] => beta: 0
2026-07-19 21:24:56,982 [trainer.py] => use_old_data: False
2026-07-19 21:24:56,982 [trainer.py] => use_reweight: True
2026-07-19 21:24:56,982 [trainer.py] => moni_adam: False
2026-07-19 21:24:56,983 [trainer.py] => adapter_num: -1
2026-07-19 21:24:56,983 [trainer.py] => device: [device(type='cuda', index=0)]
2026-07-19 21:24:56,983 [trainer.py] => prefix: three_task_check_bs48lr3e4_cifar224_ease
2026-07-19 21:24:58,650 [data_manager.py] => [68, 56, 78, 8, 23, 84, 90, 65, 74, 76, 40, 89, 3, 92, 55, 9, 26, 80, 43, 38, 58, 70, 77, 1, 85, 19, 17, 50, 28, 53, 13, 81, 45, 82, 6, 59, 83, 16, 15, 44, 91, 41, 72, 60, 79, 52, 20, 10, 31, 54, 37, 95, 14, 71, 96, 98, 97, 2, 64, 66, 42, 22, 35, 86, 24, 34, 87, 21, 99, 0, 88, 27, 18, 94, 11, 12, 47, 25, 30, 46, 62, 69, 36, 61, 7, 63, 75, 5, 32, 4, 51, 48, 73, 93, 39, 67, 29, 49, 57, 33]
2026-07-19 21:25:01,665 [trainer.py] => stop_after_tasks=3 (of 20 total)
2026-07-19 21:25:01,666 [trainer.py] => All params: 85955424
2026-07-19 21:25:01,666 [trainer.py] => Trainable params: 156768
2026-07-19 21:25:01,673 [ease.py] => Learning on 0-5
2026-07-19 21:29:53,805 [ease.py] => Task 0, Epoch 20/20 => Loss 0.714, Train_accy 95.08
2026-07-19 21:30:03,882 [ease.py] => Task correct: 100.0
2026-07-19 21:30:03,883 [ease.py] => Task acc: 99.4
2026-07-19 21:30:03,894 [trainer.py] => No NME accuracy.
2026-07-19 21:30:03,894 [trainer.py] => CNN: {'total': 99.4, '00-04': 99.4, 'old': 0, 'new': 99.4}
2026-07-19 21:30:03,895 [trainer.py] => CNN top1 curve: [99.4]
2026-07-19 21:30:03,895 [trainer.py] => CNN top5 curve: [100.0]

2026-07-19 21:30:03,895 [trainer.py] => Average Accuracy (CNN): 99.4 

2026-07-19 21:30:03,895 [trainer.py] => All params: 85963106
2026-07-19 21:30:03,896 [trainer.py] => Trainable params: 156768
2026-07-19 21:30:03,896 [ease.py] => Learning on 5-10
2026-07-19 21:34:55,932 [ease.py] => Task 1, Epoch 20/20 => Loss 0.746, Train_accy 93.80
2026-07-19 21:35:17,933 [ease.py] => Task correct: 95.3
2026-07-19 21:35:17,933 [ease.py] => Task acc: 99.3
2026-07-19 21:35:17,958 [trainer.py] => No NME accuracy.
2026-07-19 21:35:17,958 [trainer.py] => CNN: {'total': 95.1, '00-04': 98.0, '05-09': 92.2, 'old': 98.0, 'new': 92.2}
2026-07-19 21:35:17,959 [trainer.py] => CNN top1 curve: [99.4, 95.1]
2026-07-19 21:35:17,959 [trainer.py] => CNN top5 curve: [100.0, 100.0]

2026-07-19 21:35:17,959 [trainer.py] => Average Accuracy (CNN): 97.25 

2026-07-19 21:35:17,960 [trainer.py] => All params: 85974626
2026-07-19 21:35:17,960 [trainer.py] => Trainable params: 156768
2026-07-19 21:35:17,962 [ease.py] => Learning on 10-15
2026-07-19 21:40:09,950 [ease.py] => Task 2, Epoch 20/20 => Loss 0.759, Train_accy 93.40
2026-07-19 21:40:46,696 [ease.py] => Task correct: 89.93333333333334
2026-07-19 21:40:46,696 [ease.py] => Task acc: 98.86666666666666
2026-07-19 21:40:46,710 [trainer.py] => No NME accuracy.
2026-07-19 21:40:46,711 [trainer.py] => CNN: {'total': 89.8, '00-04': 95.2, '05-09': 84.8, '10-14': 89.4, 'old': 90.0, 'new': 89.4}
2026-07-19 21:40:46,711 [trainer.py] => CNN top1 curve: [99.4, 95.1, 89.8]
2026-07-19 21:40:46,711 [trainer.py] => CNN top5 curve: [100.0, 100.0, 99.67]

2026-07-19 21:40:46,711 [trainer.py] => Average Accuracy (CNN): 94.76666666666667 

2026-07-19 21:40:54,046 [metrics_logger.py] => [metrics] wrote run_logs/final/ease/metrics_ease_cifar224_three_task_check_bs48lr3e4_cifar224_ease_s1993.json
2026-07-19 21:40:54,047 [trainer.py] => Forgetting (CNN): 5.800000000000004
2026-07-19 21:40:54,047 [trainer.py] => Forgetting (NME): 5.800000000000004
