2026-07-16 17:25:12,589 [trainer.py] => config: ./exps/smoke/cllora_smoke.json
2026-07-16 17:25:12,589 [trainer.py] => prefix: cllora_smoke
2026-07-16 17:25:12,589 [trainer.py] => dataset: cifar224
2026-07-16 17:25:12,589 [trainer.py] => memory_size: 0
2026-07-16 17:25:12,589 [trainer.py] => memory_per_class: 0
2026-07-16 17:25:12,589 [trainer.py] => fixed_memory: False
2026-07-16 17:25:12,589 [trainer.py] => shuffle: True
2026-07-16 17:25:12,589 [trainer.py] => init_cls: 5
2026-07-16 17:25:12,589 [trainer.py] => increment: 5
2026-07-16 17:25:12,589 [trainer.py] => model_name: cllora
2026-07-16 17:25:12,589 [trainer.py] => backbone_type: vit_base_patch16_224_in21k_cllora
2026-07-16 17:25:12,589 [trainer.py] => device: [device(type='cuda', index=0)]
2026-07-16 17:25:12,589 [trainer.py] => seed: 1993
2026-07-16 17:25:12,589 [trainer.py] => scenario: cil
2026-07-16 17:25:12,589 [trainer.py] => init_epochs: 2
2026-07-16 17:25:12,589 [trainer.py] => init_lr: 0.03
2026-07-16 17:25:12,589 [trainer.py] => later_epochs: 2
2026-07-16 17:25:12,589 [trainer.py] => later_lr: 0.03
2026-07-16 17:25:12,590 [trainer.py] => batch_size: 48
2026-07-16 17:25:12,590 [trainer.py] => weight_decay: 0.0001
2026-07-16 17:25:12,590 [trainer.py] => min_lr: 0
2026-07-16 17:25:12,590 [trainer.py] => optimizer: sgd
2026-07-16 17:25:12,590 [trainer.py] => scheduler: cosine
2026-07-16 17:25:12,590 [trainer.py] => pretrained: True
2026-07-16 17:25:12,590 [trainer.py] => vpt_type: Deep
2026-07-16 17:25:12,590 [trainer.py] => prompt_token_num: 5
2026-07-16 17:25:12,590 [trainer.py] => ffn_num: 8
2026-07-16 17:25:12,590 [trainer.py] => use_diagonal: False
2026-07-16 17:25:12,590 [trainer.py] => recalc_sim: True
2026-07-16 17:25:12,590 [trainer.py] => alpha: 0.0
2026-07-16 17:25:12,590 [trainer.py] => use_init_ptm: False
2026-07-16 17:25:12,590 [trainer.py] => beta: 0
2026-07-16 17:25:12,590 [trainer.py] => use_old_data: False
2026-07-16 17:25:12,590 [trainer.py] => use_reweight: True
2026-07-16 17:25:12,590 [trainer.py] => moni_adam: False
2026-07-16 17:25:12,590 [trainer.py] => adapter_num: -1
2026-07-16 17:25:12,590 [trainer.py] => msa_adapt: True
2026-07-16 17:25:12,590 [trainer.py] => use_distillation: True
2026-07-16 17:25:12,590 [trainer.py] => use_block_weight: True
2026-07-16 17:25:12,590 [trainer.py] => msa: [1, 0, 1]
2026-07-16 17:25:12,590 [trainer.py] => general_pos: [0, 1, 2, 3, 4, 5]
2026-07-16 17:25:12,590 [trainer.py] => specfic_pos: [6, 7, 8, 9, 10, 11]
2026-07-16 17:25:12,590 [trainer.py] => print_forget: True
2026-07-16 17:25:12,590 [trainer.py] => stop_after_tasks: 3
2026-07-16 17:25:12,590 [trainer.py] => final_metrics: True
Files already downloaded and verified
Files already downloaded and verified
2026-07-16 17:25:14,229 [data_manager.py] => [68, 56, 78, 8, 23, 84, 90, 65, 74, 76, 40, 89, 3, 92, 55, 9, 26, 80, 43, 38, 58, 70, 77, 1, 85, 19, 17, 50, 28, 53, 13, 81, 45, 82, 6, 59, 83, 16, 15, 44, 91, 41, 72, 60, 79, 52, 20, 10, 31, 54, 37, 95, 14, 71, 96, 98, 97, 2, 64, 66, 42, 22, 35, 86, 24, 34, 87, 21, 99, 0, 88, 27, 18, 94, 11, 12, 47, 25, 30, 46, 62, 69, 36, 61, 7, 63, 75, 5, 32, 4, 51, 48, 73, 93, 39, 67, 29, 49, 57, 33]
/home/gmar762/research/continuous_learning/svd_sketching_vision/LAMDA-PILOT/models/base.py:8: UserWarning: A NumPy version >=1.23.5 and <2.3.0 is required for this version of SciPy (detected version 2.4.6)
  from scipy.spatial.distance import cdist
This is for the BaseNet initialization.
I'm using ViT with adapters.
_IncompatibleKeys(missing_keys=['block_weight', 'cur_adapter.0.0.lora_A.weight', 'cur_adapter.0.0.lora_B.weight', 'cur_adapter.0.2.lora_A.weight', 'cur_adapter.0.2.lora_B.weight', 'cur_adapter.1.0.lora_A.weight', 'cur_adapter.1.0.lora_B.weight', 'cur_adapter.1.2.lora_A.weight', 'cur_adapter.1.2.lora_B.weight', 'cur_adapter.2.0.lora_A.weight', 'cur_adapter.2.0.lora_B.weight', 'cur_adapter.2.2.lora_A.weight', 'cur_adapter.2.2.lora_B.weight', 'cur_adapter.3.0.lora_A.weight', 'cur_adapter.3.0.lora_B.weight', 'cur_adapter.3.2.lora_A.weight', 'cur_adapter.3.2.lora_B.weight', 'cur_adapter.4.0.lora_A.weight', 'cur_adapter.4.0.lora_B.weight', 'cur_adapter.4.2.lora_A.weight', 'cur_adapter.4.2.lora_B.weight', 'cur_adapter.5.0.lora_A.weight', 'cur_adapter.5.0.lora_B.weight', 'cur_adapter.5.2.lora_A.weight', 'cur_adapter.5.2.lora_B.weight', 'cur_adapter.6.0.lora_A.weight', 'cur_adapter.6.0.lora_B.weight', 'cur_adapter.6.2.lora_A.weight', 'cur_adapter.6.2.lora_B.weight', 'cur_adapter.7.0.lora_A.weight', 'cur_adapter.7.0.lora_B.weight', 'cur_adapter.7.2.lora_A.weight', 'cur_adapter.7.2.lora_B.weight', 'cur_adapter.8.0.lora_A.weight', 'cur_adapter.8.0.lora_B.weight', 'cur_adapter.8.2.lora_A.weight', 'cur_adapter.8.2.lora_B.weight', 'cur_adapter.9.0.lora_A.weight', 'cur_adapter.9.0.lora_B.weight', 'cur_adapter.9.2.lora_A.weight', 'cur_adapter.9.2.lora_B.weight', 'cur_adapter.10.0.lora_A.weight', 'cur_adapter.10.0.lora_B.weight', 'cur_adapter.10.2.lora_A.weight', 'cur_adapter.10.2.lora_B.weight', 'cur_adapter.11.0.lora_A.weight', 'cur_adapter.11.0.lora_B.weight', 'cur_adapter.11.2.lora_A.weight', 'cur_adapter.11.2.lora_B.weight'], unexpected_keys=[])
After BaseNet initialization.
2026-07-16 17:25:17,921 [trainer.py] => stop_after_tasks=3 (of 20 total)
2026-07-16 17:25:17,922 [trainer.py] => All params: 86093586
2026-07-16 17:25:17,923 [trainer.py] => Trainable params: 221202
2026-07-16 17:25:17,928 [cllora.py] => Learning on 0-5
  0%|          | 0/2 [00:00<?, ?it/s]Task 0, Epoch 1/2 => Loss 1.205, Train_accy 78.32:   0%|          | 0/2 [00:15<?, ?it/s]Task 0, Epoch 1/2 => Loss 1.205, Train_accy 78.32:  50%|█████     | 1/2 [00:15<00:15, 15.64s/it]Task 0, Epoch 2/2 => Loss 0.369, Train_accy 93.76:  50%|█████     | 1/2 [00:30<00:15, 15.64s/it]Task 0, Epoch 2/2 => Loss 0.369, Train_accy 93.76: 100%|██████████| 2/2 [00:30<00:00, 15.38s/it]Task 0, Epoch 2/2 => Loss 0.369, Train_accy 93.76: 100%|██████████| 2/2 [00:30<00:00, 15.42s/it]
2026-07-16 17:25:48,825 [cllora.py] => Task 0, Epoch 2/2 => Loss 0.369, Train_accy 93.76
2026-07-16 17:25:58,792 [cllora.py] => Task correct: 100.0
2026-07-16 17:25:58,792 [cllora.py] => Task acc: 99.6
2026-07-16 17:25:58,824 [trainer.py] => No NME accuracy.
2026-07-16 17:25:58,824 [trainer.py] => CNN: {'total': np.float64(99.6), '00-04': np.float64(99.6), 'old': 0, 'new': np.float64(99.6)}
2026-07-16 17:25:58,824 [trainer.py] => CNN top1 curve: [np.float64(99.6)]
2026-07-16 17:25:58,824 [trainer.py] => CNN top5 curve: [np.float64(100.0)]

Average Accuracy (CNN): 99.6
2026-07-16 17:25:58,824 [trainer.py] => Average Accuracy (CNN): 99.6 

2026-07-16 17:25:58,826 [trainer.py] => All params: 86400039
2026-07-16 17:25:58,827 [trainer.py] => Trainable params: 221202
2026-07-16 17:25:58,828 [cllora.py] => Learning on 5-10
  0%|          | 0/2 [00:00<?, ?it/s]  0%|          | 0/2 [00:00<?, ?it/s]
Traceback (most recent call last):
  File "/home/gmar762/research/continuous_learning/svd_sketching_vision/LAMDA-PILOT/main.py", line 25, in <module>
    main()
  File "/home/gmar762/research/continuous_learning/svd_sketching_vision/LAMDA-PILOT/main.py", line 11, in main
    train(args)
  File "/home/gmar762/research/continuous_learning/svd_sketching_vision/LAMDA-PILOT/trainer.py", line 20, in train
    _train(args)
  File "/home/gmar762/research/continuous_learning/svd_sketching_vision/LAMDA-PILOT/trainer.py", line 125, in _train
    model.incremental_train(data_manager)
  File "/home/gmar762/research/continuous_learning/svd_sketching_vision/LAMDA-PILOT/models/cllora.py", line 254, in incremental_train
    self._train(self.train_loader, self.test_loader)
  File "/home/gmar762/research/continuous_learning/svd_sketching_vision/LAMDA-PILOT/models/cllora.py", line 277, in _train
    self._init_train(train_loader, test_loader, optimizer, scheduler)
  File "/home/gmar762/research/continuous_learning/svd_sketching_vision/LAMDA-PILOT/models/cllora.py", line 373, in _init_train
    loss.backward()
  File "/home/gmar762/anaconda3/envs/treelora/lib/python3.12/site-packages/torch/_tensor.py", line 521, in backward
    torch.autograd.backward(
  File "/home/gmar762/anaconda3/envs/treelora/lib/python3.12/site-packages/torch/autograd/__init__.py", line 289, in backward
    _engine_run_backward(
  File "/home/gmar762/anaconda3/envs/treelora/lib/python3.12/site-packages/torch/autograd/graph.py", line 769, in _engine_run_backward
    return Variable._execution_engine.run_backward(  # Calls into the C++ engine to run the backward pass
           ^^^^^^^^^^^^^^^^^^^^^^^^^^^^^^^^^^^^^^^^^^^^^^^^^^^^^^^^^^^^^^^^^^^^^^^^^^^^^^^^^^^^^^^^^^^^^^
RuntimeError: one of the variables needed for gradient computation has been modified by an inplace operation: [torch.cuda.FloatTensor [1]] is at version 1; expected version 0 instead. Hint: enable anomaly detection to find the operation that failed to compute its gradient, with torch.autograd.set_detect_anomaly(True).
