2026-07-16 19:01:58,953 [trainer.py] => config: ./exps/smoke/rainbowprompt_smoke.json
2026-07-16 19:01:58,953 [trainer.py] => dataset: cifar224
2026-07-16 19:01:58,953 [trainer.py] => memory_size: 0
2026-07-16 19:01:58,953 [trainer.py] => memory_per_class: 0
2026-07-16 19:01:58,953 [trainer.py] => fixed_memory: False
2026-07-16 19:01:58,953 [trainer.py] => shuffle: True
2026-07-16 19:01:58,953 [trainer.py] => init_cls: 5
2026-07-16 19:01:58,953 [trainer.py] => increment: 5
2026-07-16 19:01:58,953 [trainer.py] => backbone_type: vit_base_patch16_224_rainbowprompt
2026-07-16 19:01:58,953 [trainer.py] => device: [device(type='cuda', index=0)]
2026-07-16 19:01:58,953 [trainer.py] => seed: 1993
2026-07-16 19:01:58,953 [trainer.py] => scenario: both
2026-07-16 19:01:58,953 [trainer.py] => tuned_epoch: 1
2026-07-16 19:01:58,953 [trainer.py] => init_lr: 0.03
2026-07-16 19:01:58,953 [trainer.py] => batch_size: 48
2026-07-16 19:01:58,953 [trainer.py] => weight_decay: 0.0
2026-07-16 19:01:58,954 [trainer.py] => min_lr: 0.0
2026-07-16 19:01:58,954 [trainer.py] => pretrained: True
2026-07-16 19:01:58,954 [trainer.py] => print_forget: True
2026-07-16 19:01:58,954 [trainer.py] => model_name: rainbowprompt
2026-07-16 19:01:58,954 [trainer.py] => prefix: rainbowprompt_smoke
2026-07-16 19:01:58,954 [trainer.py] => rp_length: 20
2026-07-16 19:01:58,954 [trainer.py] => self_attn_idx: [0, 1, 2, 3, 4, 5]
2026-07-16 19:01:58,954 [trainer.py] => KI_iter: 10
2026-07-16 19:01:58,954 [trainer.py] => pull_constraint_coeff: 0.1
2026-07-16 19:01:58,954 [trainer.py] => stop_after_tasks: 3
2026-07-16 19:01:58,954 [trainer.py] => final_metrics: True
Files already downloaded and verified
Files already downloaded and verified
2026-07-16 19:02:00,576 [data_manager.py] => [68, 56, 78, 8, 23, 84, 90, 65, 74, 76, 40, 89, 3, 92, 55, 9, 26, 80, 43, 38, 58, 70, 77, 1, 85, 19, 17, 50, 28, 53, 13, 81, 45, 82, 6, 59, 83, 16, 15, 44, 91, 41, 72, 60, 79, 52, 20, 10, 31, 54, 37, 95, 14, 71, 96, 98, 97, 2, 64, 66, 42, 22, 35, 86, 24, 34, 87, 21, 99, 0, 88, 27, 18, 94, 11, 12, 47, 25, 30, 46, 62, 69, 36, 61, 7, 63, 75, 5, 32, 4, 51, 48, 73, 93, 39, 67, 29, 49, 57, 33]
/home/gmar762/research/continuous_learning/svd_sketching_vision/LAMDA-PILOT/models/base.py:8: UserWarning: A NumPy version >=1.23.5 and <2.3.0 is required for this version of SciPy (detected version 2.4.6)
  from scipy.spatial.distance import cdist
This is for the BaseNet initialization.
I'm using ViT with RainbowPrompt (evolving base-knowledge prefixes).
_IncompatibleKeys(missing_keys=['prompt_module.base_key', 'prompt_module.stored_prompts', 'prompt_module.base_knowledge.0', 'prompt_module.base_knowledge.1', 'prompt_module.base_knowledge.2', 'prompt_module.base_knowledge.3', 'prompt_module.base_knowledge.4', 'prompt_module.base_knowledge.5', 'prompt_module.base_knowledge.6', 'prompt_module.base_knowledge.7', 'prompt_module.base_knowledge.8', 'prompt_module.base_knowledge.9', 'prompt_module.base_knowledge.10', 'prompt_module.base_knowledge.11'], unexpected_keys=[])
After BaseNet initialization.
2026-07-16 19:02:03,666 [trainer.py] => stop_after_tasks=3 (of 20 total)
2026-07-16 19:02:03,667 [trainer.py] => All params: 89500416
2026-07-16 19:02:03,667 [trainer.py] => Trainable params: 3701760
2026-07-16 19:02:03,670 [rainbowprompt.py] => [RainbowPrompt] Learning on 0-5
  0%|          | 0/1 [00:00<?, ?it/s][RainbowPrompt] Task 0, Epoch 1/1 => Loss 14.413, Acc 21.24:   0%|          | 0/1 [00:41<?, ?it/s][RainbowPrompt] Task 0, Epoch 1/1 => Loss 14.413, Acc 21.24: 100%|██████████| 1/1 [00:41<00:00, 41.87s/it][RainbowPrompt] Task 0, Epoch 1/1 => Loss 14.413, Acc 21.24: 100%|██████████| 1/1 [00:41<00:00, 41.87s/it]
2026-07-16 19:02:45,802 [rainbowprompt.py] => [RainbowPrompt] Task 0 done. Acc 21.24
2026-07-16 19:02:57,597 [til_base.py] => TIL top1: 20.0
2026-07-16 19:02:57,597 [til_base.py] => CIL top1: 20.0 | TIL top1: 20.0
2026-07-16 19:02:57,598 [trainer.py] => No NME accuracy.
2026-07-16 19:02:57,598 [trainer.py] => CNN: {'total': np.float64(20.0), '00-04': np.float64(20.0), 'old': 0, 'new': np.float64(20.0)}
2026-07-16 19:02:57,598 [trainer.py] => CNN top1 curve: [np.float64(20.0)]
2026-07-16 19:02:57,598 [trainer.py] => CNN top5 curve: [np.float64(100.0)]

Average Accuracy (CNN): 20.0
2026-07-16 19:02:57,598 [trainer.py] => Average Accuracy (CNN): 20.0 

2026-07-16 19:02:57,599 [trainer.py] => All params: 89504261
2026-07-16 19:02:57,599 [trainer.py] => Trainable params: 3705605
2026-07-16 19:02:57,603 [rainbowprompt.py] => [RainbowPrompt] Learning on 5-10
  0%|          | 0/1 [00:00<?, ?it/s][RainbowPrompt] Task 1, Epoch 1/1 => Loss 1.584, Acc 77.60:   0%|          | 0/1 [00:41<?, ?it/s][RainbowPrompt] Task 1, Epoch 1/1 => Loss 1.584, Acc 77.60: 100%|██████████| 1/1 [00:41<00:00, 41.87s/it][RainbowPrompt] Task 1, Epoch 1/1 => Loss 1.584, Acc 77.60: 100%|██████████| 1/1 [00:41<00:00, 41.87s/it]
2026-07-16 19:03:39,480 [rainbowprompt.py] => [RainbowPrompt] Task 1 done. Acc 77.60
2026-07-16 19:04:02,587 [til_base.py] => TIL top1: 57.6
2026-07-16 19:04:02,587 [til_base.py] => CIL top1: 37.1 | TIL top1: 57.6
2026-07-16 19:04:02,588 [trainer.py] => No NME accuracy.
2026-07-16 19:04:02,588 [trainer.py] => CNN: {'total': np.float64(37.1), '00-04': np.float64(5.2), '05-09': np.float64(69.0), 'old': np.float64(5.2), 'new': np.float64(69.0)}
2026-07-16 19:04:02,588 [trainer.py] => CNN top1 curve: [np.float64(20.0), np.float64(37.1)]
2026-07-16 19:04:02,588 [trainer.py] => CNN top5 curve: [np.float64(100.0), np.float64(75.8)]

Average Accuracy (CNN): 28.55
2026-07-16 19:04:02,588 [trainer.py] => Average Accuracy (CNN): 28.55 

2026-07-16 19:04:02,588 [trainer.py] => All params: 89508106
2026-07-16 19:04:02,589 [trainer.py] => Trainable params: 3709450
2026-07-16 19:04:02,593 [rainbowprompt.py] => [RainbowPrompt] Learning on 10-15
  0%|          | 0/1 [00:00<?, ?it/s]