2026-07-27 02:35:48,257 [trainer.py] => config: exps/round2_grid/_patched_inflora_200mb_s1996_gpu4.json
2026-07-27 02:35:48,257 [trainer.py] => dataset: omnibenchmark1k
2026-07-27 02:35:48,257 [trainer.py] => memory_size: 0
2026-07-27 02:35:48,257 [trainer.py] => memory_per_class: 0
2026-07-27 02:35:48,257 [trainer.py] => fixed_memory: False
2026-07-27 02:35:48,257 [trainer.py] => shuffle: True
2026-07-27 02:35:48,257 [trainer.py] => init_cls: 10
2026-07-27 02:35:48,257 [trainer.py] => increment: 10
2026-07-27 02:35:48,257 [trainer.py] => scenario: cil
2026-07-27 02:35:48,257 [trainer.py] => pretrained: True
2026-07-27 02:35:48,257 [trainer.py] => print_forget: False
2026-07-27 02:35:48,257 [trainer.py] => final_metrics: False
2026-07-27 02:35:48,258 [trainer.py] => backbone_type: vit_base_patch16_224_lora
2026-07-27 02:35:48,258 [trainer.py] => lora_rank: 10
2026-07-27 02:35:48,258 [trainer.py] => lora_alpha: None
2026-07-27 02:35:48,258 [trainer.py] => batch_size: 48
2026-07-27 02:35:48,258 [trainer.py] => weight_decay: 0.0005
2026-07-27 02:35:48,258 [trainer.py] => min_lr: 0.0
2026-07-27 02:35:48,258 [trainer.py] => tuned_epoch: 20
2026-07-27 02:35:48,258 [trainer.py] => boundary_mode: bounded_memory
2026-07-27 02:35:48,258 [trainer.py] => stop_after_tasks: 30
2026-07-27 02:35:48,258 [trainer.py] => model_name: inflora
2026-07-27 02:35:48,258 [trainer.py] => lora_merge: True
2026-07-27 02:35:48,258 [trainer.py] => lamb: 0.95
2026-07-27 02:35:48,258 [trainer.py] => lame: 1.0
2026-07-27 02:35:48,258 [trainer.py] => init_lr: 0.0005
2026-07-27 02:35:48,258 [trainer.py] => seed: 1996
2026-07-27 02:35:48,258 [trainer.py] => bm_budget_mb: 200
2026-07-27 02:35:48,258 [trainer.py] => prefix: round2_grid_omni30t_200mb_inflora_s1996
2026-07-27 02:35:48,258 [trainer.py] => device: [device(type='cuda', index=4)]
2026-07-27 02:35:48,829 [data_manager.py] => [438, 831, 338, 46, 856, 850, 593, 53, 230, 71, 34, 91, 794, 884, 358, 68, 585, 804, 601, 488, 443, 290, 699, 811, 898, 416, 424, 72, 235, 116, 908, 669, 569, 47, 983, 464, 545, 267, 383, 408, 96, 760, 935, 321, 511, 819, 253, 671, 945, 919, 209, 705, 711, 448, 106, 552, 486, 734, 978, 394, 654, 527, 522, 51, 774, 583, 234, 127, 958, 933, 398, 886, 21, 465, 104, 572, 377, 537, 50, 188, 697, 128, 28, 158, 855, 382, 496, 562, 225, 560, 242, 647, 255, 400, 274, 743, 775, 824, 258, 280, 806, 480, 652, 252, 528, 744, 578, 232, 203, 662, 474, 134, 403, 649, 250, 574, 638, 753, 926, 436, 785, 379, 27, 61, 543, 563, 826, 960, 879, 861, 214, 690, 776, 571, 798, 266, 590, 427, 622, 679, 0, 849, 902, 2, 925, 984, 92, 220, 674, 818, 848, 916, 959, 864, 29, 204, 482, 420, 322, 31, 207, 217, 869, 223, 271, 605, 558, 923, 710, 16, 469, 778, 497, 733, 874, 216, 777, 385, 841, 606, 183, 86, 717, 559, 277, 117, 114, 769, 462, 262, 814, 973, 348, 171, 291, 846, 112, 458, 78, 365, 74, 431, 272, 737, 937, 575, 166, 56, 534, 815, 353, 857, 952, 33, 144, 761, 211, 771, 359, 766, 133, 894, 816, 882, 366, 892, 852, 747, 546, 842, 355, 703, 553, 931, 317, 645, 36, 863, 890, 489, 900, 672, 370, 283, 80, 722, 109, 198, 614, 122, 356, 939, 725, 667, 459, 110, 18, 342, 102, 612, 823, 592, 419, 928, 210, 529, 411, 524, 772, 454, 943, 336, 873, 835, 118, 901, 751, 224, 75, 877, 439, 951, 93, 714, 15, 435, 992, 685, 59, 599, 659, 414, 52, 119, 239, 708, 310, 867, 298, 702, 401, 687, 386, 247, 570, 484, 616, 862, 428, 300, 971, 598, 557, 808, 977, 946, 508, 41, 539, 222, 412, 749, 790, 79, 131, 675, 579, 957, 344, 314, 677, 121, 161, 487, 970, 700, 129, 715, 390, 520, 719, 646, 201, 32, 704, 770, 876, 828, 82, 429, 989, 561, 905, 476, 248, 940, 384, 682, 406, 783, 839, 878, 123, 453, 643, 536, 493, 665, 202, 442, 872, 809, 532, 609, 880, 812, 391, 694, 173, 49, 650, 221, 44, 588, 944, 287, 349, 404, 481, 623, 154, 288, 301, 334, 227, 941, 917, 281, 25, 706, 228, 963, 485, 292, 728, 913, 124, 153, 306, 688, 955, 501, 607, 921, 765, 333, 449, 43, 986, 345, 907, 980, 500, 805, 120, 1, 914, 632, 695, 434, 651, 604, 184, 177, 825, 368, 445, 844, 847, 182, 663, 498, 88, 101, 479, 912, 212, 997, 372, 165, 30, 307, 530, 108, 352, 180, 237, 834, 375, 817, 795, 906, 587, 279, 625, 735, 328, 142, 194, 460, 141, 568, 380, 738, 936, 999, 17, 683, 888, 289, 360, 523, 789, 833, 40, 594, 354, 22, 326, 19, 832, 930, 293, 341, 716, 226, 470, 160, 788, 147, 361, 392, 64, 624, 245, 531, 241, 4, 396, 660, 433, 720, 514, 265, 264, 351, 103, 302, 655, 947, 376, 270, 617, 726, 455, 313, 903, 63, 263, 363, 787, 273, 137, 243, 595, 350, 807, 233, 259, 990, 452, 550, 409, 938, 975, 871, 724, 430, 910, 318, 780, 698, 473, 845, 399, 581, 178, 932, 332, 924, 407, 170, 472, 799, 566, 620, 296, 621, 723, 506, 393, 346, 904, 367, 60, 415, 192, 580, 8, 176, 85, 324, 554, 820, 186, 918, 69, 206, 752, 991, 740, 762, 260, 174, 754, 410, 475, 544, 246, 589, 269, 478, 803, 684, 801, 613, 979, 985, 693, 969, 66, 854, 89, 229, 282, 55, 389, 135, 150, 268, 821, 577, 730, 100, 729, 276, 875, 727, 556, 691, 373, 145, 791, 240, 149, 213, 909, 653, 374, 130, 155, 219, 929, 840, 98, 136, 896, 859, 3, 140, 564, 426, 866, 586, 70, 343, 962, 829, 640, 739, 922, 767, 513, 369, 525, 982, 67, 236, 325, 172, 73, 143, 444, 151, 953, 169, 35, 499, 657, 337, 538, 316, 94, 83, 309, 895, 319, 584, 591, 152, 13, 745, 320, 956, 830, 796, 633, 437, 87, 642, 713, 993, 518, 519, 215, 865, 689, 6, 187, 502, 763, 5, 950, 972, 335, 602, 115, 548, 779, 967, 927, 516, 718, 339, 299, 996, 966, 547, 507, 800, 630, 39, 603, 441, 742, 994, 417, 666, 615, 185, 628, 97, 231, 709, 26, 786, 942, 157, 111, 218, 504, 397, 329, 54, 308, 456, 636, 949, 193, 99, 853, 305, 249, 477, 634, 755, 509, 126, 168, 707, 190, 7, 286, 658, 988, 107, 510, 555, 512, 736, 541, 200, 37, 14, 362, 567, 24, 961, 12, 378, 9, 948, 315, 205, 303, 600, 899, 810, 284, 868, 673, 505, 792, 987, 492, 405, 889, 517, 858, 181, 189, 635, 457, 422, 768, 860, 891, 611, 294, 197, 664, 446, 191, 741, 756, 976, 95, 421, 998, 597, 105, 681, 670, 686, 851, 179, 468, 995, 413, 388, 781, 402, 113, 629, 731, 84, 285, 466, 934, 146, 20, 244, 802, 450, 254, 680, 515, 637, 644, 125, 295, 164, 251, 661, 696, 712, 58, 483, 920, 576, 175, 782, 503, 721, 381, 357, 371, 159, 327, 195, 521, 639, 238, 423, 304, 893, 887, 347, 631, 668, 784, 965, 81, 582, 533, 45, 138, 163, 261, 77, 542, 494, 648, 619, 750, 196, 275, 311, 440, 418, 701, 447, 57, 565, 618, 758, 495, 331, 813, 156, 822, 676, 627, 656, 491, 897, 432, 490, 981, 843, 911, 881, 62, 148, 11, 626, 387, 641, 964, 471, 773, 608, 746, 764, 732, 10, 551, 797, 535, 395, 692, 838, 199, 208, 425, 76, 23, 837, 974, 883, 90, 312, 678, 759, 836, 167, 42, 596, 748, 461, 915, 256, 278, 870, 757, 968, 364, 65, 573, 467, 330, 827, 793, 549, 48, 340, 162, 540, 132, 139, 885, 526, 463, 451, 297, 38, 323, 610, 257, 954]
This is for the BaseNet initialization.
I'm using ViT with per-task LoRA (q,v).
_IncompatibleKeys(missing_keys=['blocks.0.attn.cur_matrix', 'blocks.0.attn.frozen_delta_q', 'blocks.0.attn.frozen_delta_v', 'blocks.0.attn.lora_A_q.0.weight', 'blocks.0.attn.lora_B_q.0.weight', 'blocks.0.attn.lora_A_v.0.weight', 'blocks.0.attn.lora_B_v.0.weight', 'blocks.1.attn.cur_matrix', 'blocks.1.attn.frozen_delta_q', 'blocks.1.attn.frozen_delta_v', 'blocks.1.attn.lora_A_q.0.weight', 'blocks.1.attn.lora_B_q.0.weight', 'blocks.1.attn.lora_A_v.0.weight', 'blocks.1.attn.lora_B_v.0.weight', 'blocks.2.attn.cur_matrix', 'blocks.2.attn.frozen_delta_q', 'blocks.2.attn.frozen_delta_v', 'blocks.2.attn.lora_A_q.0.weight', 'blocks.2.attn.lora_B_q.0.weight', 'blocks.2.attn.lora_A_v.0.weight', 'blocks.2.attn.lora_B_v.0.weight', 'blocks.3.attn.cur_matrix', 'blocks.3.attn.frozen_delta_q', 'blocks.3.attn.frozen_delta_v', 'blocks.3.attn.lora_A_q.0.weight', 'blocks.3.attn.lora_B_q.0.weight', 'blocks.3.attn.lora_A_v.0.weight', 'blocks.3.attn.lora_B_v.0.weight', 'blocks.4.attn.cur_matrix', 'blocks.4.attn.frozen_delta_q', 'blocks.4.attn.frozen_delta_v', 'blocks.4.attn.lora_A_q.0.weight', 'blocks.4.attn.lora_B_q.0.weight', 'blocks.4.attn.lora_A_v.0.weight', 'blocks.4.attn.lora_B_v.0.weight', 'blocks.5.attn.cur_matrix', 'blocks.5.attn.frozen_delta_q', 'blocks.5.attn.frozen_delta_v', 'blocks.5.attn.lora_A_q.0.weight', 'blocks.5.attn.lora_B_q.0.weight', 'blocks.5.attn.lora_A_v.0.weight', 'blocks.5.attn.lora_B_v.0.weight', 'blocks.6.attn.cur_matrix', 'blocks.6.attn.frozen_delta_q', 'blocks.6.attn.frozen_delta_v', 'blocks.6.attn.lora_A_q.0.weight', 'blocks.6.attn.lora_B_q.0.weight', 'blocks.6.attn.lora_A_v.0.weight', 'blocks.6.attn.lora_B_v.0.weight', 'blocks.7.attn.cur_matrix', 'blocks.7.attn.frozen_delta_q', 'blocks.7.attn.frozen_delta_v', 'blocks.7.attn.lora_A_q.0.weight', 'blocks.7.attn.lora_B_q.0.weight', 'blocks.7.attn.lora_A_v.0.weight', 'blocks.7.attn.lora_B_v.0.weight', 'blocks.8.attn.cur_matrix', 'blocks.8.attn.frozen_delta_q', 'blocks.8.attn.frozen_delta_v', 'blocks.8.attn.lora_A_q.0.weight', 'blocks.8.attn.lora_B_q.0.weight', 'blocks.8.attn.lora_A_v.0.weight', 'blocks.8.attn.lora_B_v.0.weight', 'blocks.9.attn.cur_matrix', 'blocks.9.attn.frozen_delta_q', 'blocks.9.attn.frozen_delta_v', 'blocks.9.attn.lora_A_q.0.weight', 'blocks.9.attn.lora_B_q.0.weight', 'blocks.9.attn.lora_A_v.0.weight', 'blocks.9.attn.lora_B_v.0.weight', 'blocks.10.attn.cur_matrix', 'blocks.10.attn.frozen_delta_q', 'blocks.10.attn.frozen_delta_v', 'blocks.10.attn.lora_A_q.0.weight', 'blocks.10.attn.lora_B_q.0.weight', 'blocks.10.attn.lora_A_v.0.weight', 'blocks.10.attn.lora_B_v.0.weight', 'blocks.11.attn.cur_matrix', 'blocks.11.attn.frozen_delta_q', 'blocks.11.attn.frozen_delta_v', 'blocks.11.attn.lora_A_q.0.weight', 'blocks.11.attn.lora_B_q.0.weight', 'blocks.11.attn.lora_A_v.0.weight', 'blocks.11.attn.lora_B_v.0.weight'], unexpected_keys=[])
After BaseNet initialization.
2026-07-27 02:35:55,083 [bounded_memory_mixin.py] => [bounded_mem] stop_after_tasks=30 (of 100 total)
2026-07-27 02:35:55,125 [bounded_memory_mixin.py] => [bounded_mem] budget_mb=200.0 -> cycle=1393 images (mean_task=1660.6 images, so this budget is 0.84x mean task size); 49817 total images -> 36 cycles (T=36 sessions); 10 eval checkpoints
2026-07-27 02:39:26,860 [inflora.py] => [InfLoRA] DualGPM threshold: 0.9500
2026-07-27 02:39:27,595 [inflora.py] => [InfLoRA] Layer 1: 8/768 type remove
2026-07-27 02:39:27,595 [inflora.py] => [InfLoRA] Layer 2: 10/768 type remove
2026-07-27 02:39:27,595 [inflora.py] => [InfLoRA] Layer 3: 13/768 type remove
2026-07-27 02:39:27,595 [inflora.py] => [InfLoRA] Layer 4: 11/768 type remove
2026-07-27 02:39:27,595 [inflora.py] => [InfLoRA] Layer 5: 14/768 type remove
2026-07-27 02:39:27,595 [inflora.py] => [InfLoRA] Layer 6: 16/768 type remove
2026-07-27 02:39:27,595 [inflora.py] => [InfLoRA] Layer 7: 17/768 type remove
2026-07-27 02:39:27,595 [inflora.py] => [InfLoRA] Layer 8: 17/768 type remove
2026-07-27 02:39:27,595 [inflora.py] => [InfLoRA] Layer 9: 29/768 type remove
2026-07-27 02:39:27,595 [inflora.py] => [InfLoRA] Layer 10: 34/768 type remove
2026-07-27 02:39:27,595 [inflora.py] => [InfLoRA] Layer 11: 12/768 type remove
2026-07-27 02:39:27,595 [inflora.py] => [InfLoRA] Layer 12: 12/768 type remove
2026-07-27 02:43:00,581 [inflora.py] => [InfLoRA] DualGPM threshold: 0.9514
2026-07-27 02:43:01,885 [inflora.py] => [InfLoRA] Layer 1: 12/768 type remove
2026-07-27 02:43:01,885 [inflora.py] => [InfLoRA] Layer 2: 12/768 type remove
2026-07-27 02:43:01,885 [inflora.py] => [InfLoRA] Layer 3: 17/768 type remove
2026-07-27 02:43:01,885 [inflora.py] => [InfLoRA] Layer 4: 13/768 type remove
2026-07-27 02:43:01,885 [inflora.py] => [InfLoRA] Layer 5: 18/768 type remove
2026-07-27 02:43:01,885 [inflora.py] => [InfLoRA] Layer 6: 21/768 type remove
2026-07-27 02:43:01,885 [inflora.py] => [InfLoRA] Layer 7: 23/768 type remove
2026-07-27 02:43:01,885 [inflora.py] => [InfLoRA] Layer 8: 27/768 type remove
2026-07-27 02:43:01,885 [inflora.py] => [InfLoRA] Layer 9: 55/768 type remove
2026-07-27 02:43:01,885 [inflora.py] => [InfLoRA] Layer 10: 88/768 type remove
2026-07-27 02:43:01,885 [inflora.py] => [InfLoRA] Layer 11: 46/768 type remove
2026-07-27 02:43:01,885 [inflora.py] => [InfLoRA] Layer 12: 38/768 type remove
2026-07-27 02:46:34,971 [inflora.py] => [InfLoRA] DualGPM threshold: 0.9528
2026-07-27 02:46:36,305 [inflora.py] => [InfLoRA] Layer 1: 15/768 type remove
2026-07-27 02:46:36,306 [inflora.py] => [InfLoRA] Layer 2: 13/768 type remove
2026-07-27 02:46:36,306 [inflora.py] => [InfLoRA] Layer 3: 17/768 type remove
2026-07-27 02:46:36,306 [inflora.py] => [InfLoRA] Layer 4: 14/768 type remove
2026-07-27 02:46:36,306 [inflora.py] => [InfLoRA] Layer 5: 20/768 type remove
2026-07-27 02:46:36,306 [inflora.py] => [InfLoRA] Layer 6: 22/768 type remove
2026-07-27 02:46:36,306 [inflora.py] => [InfLoRA] Layer 7: 24/768 type remove
2026-07-27 02:46:36,306 [inflora.py] => [InfLoRA] Layer 8: 29/768 type remove
2026-07-27 02:46:36,306 [inflora.py] => [InfLoRA] Layer 9: 58/768 type remove
2026-07-27 02:46:36,306 [inflora.py] => [InfLoRA] Layer 10: 99/768 type remove
2026-07-27 02:46:36,306 [inflora.py] => [InfLoRA] Layer 11: 53/768 type remove
2026-07-27 02:46:36,306 [inflora.py] => [InfLoRA] Layer 12: 46/768 type remove
2026-07-27 02:50:09,583 [inflora.py] => [InfLoRA] DualGPM threshold: 0.9542
2026-07-27 02:50:10,921 [inflora.py] => [InfLoRA] Layer 1: 15/768 type remove
2026-07-27 02:50:10,921 [inflora.py] => [InfLoRA] Layer 2: 13/768 type remove
2026-07-27 02:50:10,921 [inflora.py] => [InfLoRA] Layer 3: 17/768 type remove
2026-07-27 02:50:10,921 [inflora.py] => [InfLoRA] Layer 4: 14/768 type remove
2026-07-27 02:50:10,921 [inflora.py] => [InfLoRA] Layer 5: 20/768 type remove
2026-07-27 02:50:10,921 [inflora.py] => [InfLoRA] Layer 6: 23/768 type remove
2026-07-27 02:50:10,921 [inflora.py] => [InfLoRA] Layer 7: 25/768 type remove
2026-07-27 02:50:10,921 [inflora.py] => [InfLoRA] Layer 8: 31/768 type remove
2026-07-27 02:50:10,921 [inflora.py] => [InfLoRA] Layer 9: 62/768 type remove
2026-07-27 02:50:10,921 [inflora.py] => [InfLoRA] Layer 10: 104/768 type remove
2026-07-27 02:50:10,921 [inflora.py] => [InfLoRA] Layer 11: 58/768 type remove
2026-07-27 02:50:10,921 [inflora.py] => [InfLoRA] Layer 12: 50/768 type remove
2026-07-27 02:50:15,152 [bounded_memory_mixin.py] => [bounded_mem eval] volume 0.10 | cycle 3 | classes_seen 40 | CIL top1 83.57 | top5 98.74 | (nearest latent task ~3) | param_hash 3a454245f2226dc7 | per-task [90.95, 93.0, 68.02, 82.05]
2026-07-27 02:53:48,937 [inflora.py] => [InfLoRA] DualGPM threshold: 0.9556
2026-07-27 02:53:50,292 [inflora.py] => [InfLoRA] Layer 1: 15/768 type remove
2026-07-27 02:53:50,292 [inflora.py] => [InfLoRA] Layer 2: 13/768 type remove
2026-07-27 02:53:50,292 [inflora.py] => [InfLoRA] Layer 3: 18/768 type remove
2026-07-27 02:53:50,292 [inflora.py] => [InfLoRA] Layer 4: 15/768 type remove
2026-07-27 02:53:50,292 [inflora.py] => [InfLoRA] Layer 5: 21/768 type remove
2026-07-27 02:53:50,292 [inflora.py] => [InfLoRA] Layer 6: 24/768 type remove
2026-07-27 02:53:50,292 [inflora.py] => [InfLoRA] Layer 7: 28/768 type remove
2026-07-27 02:53:50,292 [inflora.py] => [InfLoRA] Layer 8: 35/768 type remove
2026-07-27 02:53:50,292 [inflora.py] => [InfLoRA] Layer 9: 72/768 type remove
2026-07-27 02:53:50,292 [inflora.py] => [InfLoRA] Layer 10: 119/768 type remove
2026-07-27 02:53:50,292 [inflora.py] => [InfLoRA] Layer 11: 65/768 type remove
2026-07-27 02:53:50,292 [inflora.py] => [InfLoRA] Layer 12: 59/768 type remove
2026-07-27 02:57:24,171 [inflora.py] => [InfLoRA] DualGPM threshold: 0.9569
2026-07-27 02:57:25,536 [inflora.py] => [InfLoRA] Layer 1: 15/768 type remove
2026-07-27 02:57:25,536 [inflora.py] => [InfLoRA] Layer 2: 13/768 type remove
2026-07-27 02:57:25,536 [inflora.py] => [InfLoRA] Layer 3: 19/768 type remove
2026-07-27 02:57:25,536 [inflora.py] => [InfLoRA] Layer 4: 16/768 type remove
2026-07-27 02:57:25,536 [inflora.py] => [InfLoRA] Layer 5: 23/768 type remove
2026-07-27 02:57:25,536 [inflora.py] => [InfLoRA] Layer 6: 28/768 type remove
2026-07-27 02:57:25,536 [inflora.py] => [InfLoRA] Layer 7: 31/768 type remove
2026-07-27 02:57:25,536 [inflora.py] => [InfLoRA] Layer 8: 43/768 type remove
2026-07-27 02:57:25,536 [inflora.py] => [InfLoRA] Layer 9: 86/768 type remove
2026-07-27 02:57:25,536 [inflora.py] => [InfLoRA] Layer 10: 139/768 type remove
2026-07-27 02:57:25,536 [inflora.py] => [InfLoRA] Layer 11: 77/768 type remove
2026-07-27 02:57:25,536 [inflora.py] => [InfLoRA] Layer 12: 76/768 type remove
2026-07-27 03:00:59,606 [inflora.py] => [InfLoRA] DualGPM threshold: 0.9583
2026-07-27 03:01:00,993 [inflora.py] => [InfLoRA] Layer 1: 15/768 type remove
2026-07-27 03:01:00,993 [inflora.py] => [InfLoRA] Layer 2: 13/768 type remove
2026-07-27 03:01:00,993 [inflora.py] => [InfLoRA] Layer 3: 21/768 type remove
2026-07-27 03:01:00,993 [inflora.py] => [InfLoRA] Layer 4: 18/768 type remove
2026-07-27 03:01:00,993 [inflora.py] => [InfLoRA] Layer 5: 25/768 type remove
2026-07-27 03:01:00,993 [inflora.py] => [InfLoRA] Layer 6: 32/768 type remove
2026-07-27 03:01:00,993 [inflora.py] => [InfLoRA] Layer 7: 35/768 type remove
2026-07-27 03:01:00,993 [inflora.py] => [InfLoRA] Layer 8: 49/768 type remove
2026-07-27 03:01:00,993 [inflora.py] => [InfLoRA] Layer 9: 101/768 type remove
2026-07-27 03:01:00,993 [inflora.py] => [InfLoRA] Layer 10: 170/768 type remove
2026-07-27 03:01:00,993 [inflora.py] => [InfLoRA] Layer 11: 106/768 type remove
2026-07-27 03:01:00,993 [inflora.py] => [InfLoRA] Layer 12: 86/768 type remove
2026-07-27 03:04:35,566 [inflora.py] => [InfLoRA] DualGPM threshold: 0.9597
2026-07-27 03:04:36,966 [inflora.py] => [InfLoRA] Layer 1: 15/768 type remove
2026-07-27 03:04:36,966 [inflora.py] => [InfLoRA] Layer 2: 13/768 type remove
2026-07-27 03:04:36,966 [inflora.py] => [InfLoRA] Layer 3: 22/768 type remove
2026-07-27 03:04:36,966 [inflora.py] => [InfLoRA] Layer 4: 19/768 type remove
2026-07-27 03:04:36,966 [inflora.py] => [InfLoRA] Layer 5: 27/768 type remove
2026-07-27 03:04:36,967 [inflora.py] => [InfLoRA] Layer 6: 35/768 type remove
2026-07-27 03:04:36,967 [inflora.py] => [InfLoRA] Layer 7: 40/768 type remove
2026-07-27 03:04:36,967 [inflora.py] => [InfLoRA] Layer 8: 58/768 type remove
2026-07-27 03:04:36,967 [inflora.py] => [InfLoRA] Layer 9: 122/768 type remove
2026-07-27 03:04:36,967 [inflora.py] => [InfLoRA] Layer 10: 193/768 type remove
2026-07-27 03:04:36,967 [inflora.py] => [InfLoRA] Layer 11: 122/768 type remove
2026-07-27 03:04:36,967 [inflora.py] => [InfLoRA] Layer 12: 93/768 type remove
2026-07-27 03:04:43,089 [bounded_memory_mixin.py] => [bounded_mem eval] volume 0.20 | cycle 7 | classes_seen 70 | CIL top1 81.80 | top5 97.55 | (nearest latent task ~6) | param_hash c876f7bc94b5f7e2 | per-task [81.41, 88.0, 55.33, 81.54, 91.0, 90.45, 84.5]
2026-07-27 03:08:16,920 [inflora.py] => [InfLoRA] DualGPM threshold: 0.9611
2026-07-27 03:08:18,330 [inflora.py] => [InfLoRA] Layer 1: 15/768 type remove
2026-07-27 03:08:18,330 [inflora.py] => [InfLoRA] Layer 2: 13/768 type remove
2026-07-27 03:08:18,330 [inflora.py] => [InfLoRA] Layer 3: 22/768 type remove
2026-07-27 03:08:18,330 [inflora.py] => [InfLoRA] Layer 4: 20/768 type remove
2026-07-27 03:08:18,330 [inflora.py] => [InfLoRA] Layer 5: 28/768 type remove
2026-07-27 03:08:18,330 [inflora.py] => [InfLoRA] Layer 6: 36/768 type remove
2026-07-27 03:08:18,330 [inflora.py] => [InfLoRA] Layer 7: 42/768 type remove
2026-07-27 03:08:18,330 [inflora.py] => [InfLoRA] Layer 8: 62/768 type remove
2026-07-27 03:08:18,330 [inflora.py] => [InfLoRA] Layer 9: 130/768 type remove
2026-07-27 03:08:18,330 [inflora.py] => [InfLoRA] Layer 10: 201/768 type remove
2026-07-27 03:08:18,330 [inflora.py] => [InfLoRA] Layer 11: 131/768 type remove
2026-07-27 03:08:18,330 [inflora.py] => [InfLoRA] Layer 12: 98/768 type remove
2026-07-27 03:11:51,981 [inflora.py] => [InfLoRA] DualGPM threshold: 0.9625
2026-07-27 03:11:53,409 [inflora.py] => [InfLoRA] Layer 1: 16/768 type remove
2026-07-27 03:11:53,409 [inflora.py] => [InfLoRA] Layer 2: 13/768 type remove
2026-07-27 03:11:53,409 [inflora.py] => [InfLoRA] Layer 3: 23/768 type remove
2026-07-27 03:11:53,409 [inflora.py] => [InfLoRA] Layer 4: 21/768 type remove
2026-07-27 03:11:53,409 [inflora.py] => [InfLoRA] Layer 5: 29/768 type remove
2026-07-27 03:11:53,409 [inflora.py] => [InfLoRA] Layer 6: 37/768 type remove
2026-07-27 03:11:53,409 [inflora.py] => [InfLoRA] Layer 7: 43/768 type remove
2026-07-27 03:11:53,409 [inflora.py] => [InfLoRA] Layer 8: 64/768 type remove
2026-07-27 03:11:53,409 [inflora.py] => [InfLoRA] Layer 9: 133/768 type remove
2026-07-27 03:11:53,410 [inflora.py] => [InfLoRA] Layer 10: 208/768 type remove
2026-07-27 03:11:53,410 [inflora.py] => [InfLoRA] Layer 11: 138/768 type remove
2026-07-27 03:11:53,410 [inflora.py] => [InfLoRA] Layer 12: 104/768 type remove
2026-07-27 03:15:26,831 [inflora.py] => [InfLoRA] DualGPM threshold: 0.9639
2026-07-27 03:15:28,249 [inflora.py] => [InfLoRA] Layer 1: 16/768 type remove
2026-07-27 03:15:28,249 [inflora.py] => [InfLoRA] Layer 2: 13/768 type remove
2026-07-27 03:15:28,249 [inflora.py] => [InfLoRA] Layer 3: 23/768 type remove
2026-07-27 03:15:28,249 [inflora.py] => [InfLoRA] Layer 4: 21/768 type remove
2026-07-27 03:15:28,249 [inflora.py] => [InfLoRA] Layer 5: 30/768 type remove
2026-07-27 03:15:28,249 [inflora.py] => [InfLoRA] Layer 6: 39/768 type remove
2026-07-27 03:15:28,249 [inflora.py] => [InfLoRA] Layer 7: 45/768 type remove
2026-07-27 03:15:28,249 [inflora.py] => [InfLoRA] Layer 8: 68/768 type remove
2026-07-27 03:15:28,249 [inflora.py] => [InfLoRA] Layer 9: 136/768 type remove
2026-07-27 03:15:28,249 [inflora.py] => [InfLoRA] Layer 10: 210/768 type remove
2026-07-27 03:15:28,249 [inflora.py] => [InfLoRA] Layer 11: 140/768 type remove
2026-07-27 03:15:28,249 [inflora.py] => [InfLoRA] Layer 12: 109/768 type remove
2026-07-27 03:15:36,251 [bounded_memory_mixin.py] => [bounded_mem eval] volume 0.30 | cycle 10 | classes_seen 100 | CIL top1 79.23 | top5 96.78 | (nearest latent task ~9) | param_hash ee028c1b63b29d9a | per-task [83.42, 85.0, 53.81, 83.59, 89.5, 86.93, 82.0, 75.0, 87.0, 65.66]
2026-07-27 03:19:10,066 [inflora.py] => [InfLoRA] DualGPM threshold: 0.9653
2026-07-27 03:19:11,504 [inflora.py] => [InfLoRA] Layer 1: 16/768 type remove
2026-07-27 03:19:11,504 [inflora.py] => [InfLoRA] Layer 2: 13/768 type remove
2026-07-27 03:19:11,504 [inflora.py] => [InfLoRA] Layer 3: 24/768 type remove
2026-07-27 03:19:11,504 [inflora.py] => [InfLoRA] Layer 4: 23/768 type remove
2026-07-27 03:19:11,504 [inflora.py] => [InfLoRA] Layer 5: 33/768 type remove
2026-07-27 03:19:11,504 [inflora.py] => [InfLoRA] Layer 6: 43/768 type remove
2026-07-27 03:19:11,504 [inflora.py] => [InfLoRA] Layer 7: 52/768 type remove
2026-07-27 03:19:11,504 [inflora.py] => [InfLoRA] Layer 8: 77/768 type remove
2026-07-27 03:19:11,504 [inflora.py] => [InfLoRA] Layer 9: 143/768 type remove
2026-07-27 03:19:11,504 [inflora.py] => [InfLoRA] Layer 10: 214/768 type remove
2026-07-27 03:19:11,504 [inflora.py] => [InfLoRA] Layer 11: 143/768 type remove
2026-07-27 03:19:11,504 [inflora.py] => [InfLoRA] Layer 12: 115/768 type remove
2026-07-27 03:22:45,894 [inflora.py] => [InfLoRA] DualGPM threshold: 0.9667
2026-07-27 03:22:47,333 [inflora.py] => [InfLoRA] Layer 1: 16/768 type remove
2026-07-27 03:22:47,333 [inflora.py] => [InfLoRA] Layer 2: 13/768 type remove
2026-07-27 03:22:47,333 [inflora.py] => [InfLoRA] Layer 3: 25/768 type remove
2026-07-27 03:22:47,333 [inflora.py] => [InfLoRA] Layer 4: 25/768 type remove
2026-07-27 03:22:47,333 [inflora.py] => [InfLoRA] Layer 5: 36/768 type remove
2026-07-27 03:22:47,333 [inflora.py] => [InfLoRA] Layer 6: 48/768 type remove
2026-07-27 03:22:47,333 [inflora.py] => [InfLoRA] Layer 7: 57/768 type remove
2026-07-27 03:22:47,333 [inflora.py] => [InfLoRA] Layer 8: 83/768 type remove
2026-07-27 03:22:47,333 [inflora.py] => [InfLoRA] Layer 9: 152/768 type remove
2026-07-27 03:22:47,333 [inflora.py] => [InfLoRA] Layer 10: 227/768 type remove
2026-07-27 03:22:47,333 [inflora.py] => [InfLoRA] Layer 11: 152/768 type remove
2026-07-27 03:22:47,333 [inflora.py] => [InfLoRA] Layer 12: 134/768 type remove
2026-07-27 03:26:21,710 [inflora.py] => [InfLoRA] DualGPM threshold: 0.9681
2026-07-27 03:26:23,157 [inflora.py] => [InfLoRA] Layer 1: 16/768 type remove
2026-07-27 03:26:23,157 [inflora.py] => [InfLoRA] Layer 2: 13/768 type remove
2026-07-27 03:26:23,157 [inflora.py] => [InfLoRA] Layer 3: 26/768 type remove
2026-07-27 03:26:23,157 [inflora.py] => [InfLoRA] Layer 4: 26/768 type remove
2026-07-27 03:26:23,157 [inflora.py] => [InfLoRA] Layer 5: 37/768 type remove
2026-07-27 03:26:23,157 [inflora.py] => [InfLoRA] Layer 6: 50/768 type remove
2026-07-27 03:26:23,158 [inflora.py] => [InfLoRA] Layer 7: 60/768 type remove
2026-07-27 03:26:23,158 [inflora.py] => [InfLoRA] Layer 8: 88/768 type remove
2026-07-27 03:26:23,158 [inflora.py] => [InfLoRA] Layer 9: 161/768 type remove
2026-07-27 03:26:23,158 [inflora.py] => [InfLoRA] Layer 10: 239/768 type remove
2026-07-27 03:26:23,158 [inflora.py] => [InfLoRA] Layer 11: 164/768 type remove
2026-07-27 03:26:23,158 [inflora.py] => [InfLoRA] Layer 12: 145/768 type remove
2026-07-27 03:29:57,923 [inflora.py] => [InfLoRA] DualGPM threshold: 0.9694
2026-07-27 03:29:59,378 [inflora.py] => [InfLoRA] Layer 1: 25/768 type remove
2026-07-27 03:29:59,378 [inflora.py] => [InfLoRA] Layer 2: 15/768 type remove
2026-07-27 03:29:59,378 [inflora.py] => [InfLoRA] Layer 3: 29/768 type remove
2026-07-27 03:29:59,378 [inflora.py] => [InfLoRA] Layer 4: 28/768 type remove
2026-07-27 03:29:59,378 [inflora.py] => [InfLoRA] Layer 5: 41/768 type remove
2026-07-27 03:29:59,378 [inflora.py] => [InfLoRA] Layer 6: 57/768 type remove
2026-07-27 03:29:59,378 [inflora.py] => [InfLoRA] Layer 7: 69/768 type remove
2026-07-27 03:29:59,378 [inflora.py] => [InfLoRA] Layer 8: 107/768 type remove
2026-07-27 03:29:59,378 [inflora.py] => [InfLoRA] Layer 9: 194/768 type remove
2026-07-27 03:29:59,378 [inflora.py] => [InfLoRA] Layer 10: 275/768 type remove
2026-07-27 03:29:59,378 [inflora.py] => [InfLoRA] Layer 11: 195/768 type remove
2026-07-27 03:29:59,378 [inflora.py] => [InfLoRA] Layer 12: 162/768 type remove
2026-07-27 03:30:09,972 [bounded_memory_mixin.py] => [bounded_mem eval] volume 0.40 | cycle 14 | classes_seen 140 | CIL top1 74.22 | top5 94.64 | (nearest latent task ~13) | param_hash 2596b397e4376aef | per-task [75.38, 77.0, 51.78, 79.49, 85.5, 84.42, 81.5, 72.0, 83.5, 78.28, 84.34, 70.05, 81.0, 34.34]
2026-07-27 03:33:44,196 [inflora.py] => [InfLoRA] DualGPM threshold: 0.9708
2026-07-27 03:33:45,674 [inflora.py] => [InfLoRA] Layer 1: 27/768 type remove
2026-07-27 03:33:45,674 [inflora.py] => [InfLoRA] Layer 2: 16/768 type remove
2026-07-27 03:33:45,674 [inflora.py] => [InfLoRA] Layer 3: 31/768 type remove
2026-07-27 03:33:45,674 [inflora.py] => [InfLoRA] Layer 4: 30/768 type remove
2026-07-27 03:33:45,674 [inflora.py] => [InfLoRA] Layer 5: 44/768 type remove
2026-07-27 03:33:45,674 [inflora.py] => [InfLoRA] Layer 6: 61/768 type remove
2026-07-27 03:33:45,674 [inflora.py] => [InfLoRA] Layer 7: 74/768 type remove
2026-07-27 03:33:45,674 [inflora.py] => [InfLoRA] Layer 8: 117/768 type remove
2026-07-27 03:33:45,674 [inflora.py] => [InfLoRA] Layer 9: 215/768 type remove
2026-07-27 03:33:45,674 [inflora.py] => [InfLoRA] Layer 10: 312/768 type remove
2026-07-27 03:33:45,674 [inflora.py] => [InfLoRA] Layer 11: 237/768 type remove
2026-07-27 03:33:45,674 [inflora.py] => [InfLoRA] Layer 12: 172/768 type remove
2026-07-27 03:37:20,003 [inflora.py] => [InfLoRA] DualGPM threshold: 0.9722
2026-07-27 03:37:21,476 [inflora.py] => [InfLoRA] Layer 1: 27/768 type remove
2026-07-27 03:37:21,476 [inflora.py] => [InfLoRA] Layer 2: 16/768 type remove
2026-07-27 03:37:21,476 [inflora.py] => [InfLoRA] Layer 3: 31/768 type remove
2026-07-27 03:37:21,476 [inflora.py] => [InfLoRA] Layer 4: 30/768 type remove
2026-07-27 03:37:21,476 [inflora.py] => [InfLoRA] Layer 5: 45/768 type remove
2026-07-27 03:37:21,476 [inflora.py] => [InfLoRA] Layer 6: 62/768 type remove
2026-07-27 03:37:21,476 [inflora.py] => [InfLoRA] Layer 7: 76/768 type remove
2026-07-27 03:37:21,477 [inflora.py] => [InfLoRA] Layer 8: 120/768 type remove
2026-07-27 03:37:21,477 [inflora.py] => [InfLoRA] Layer 9: 220/768 type remove
2026-07-27 03:37:21,477 [inflora.py] => [InfLoRA] Layer 10: 318/768 type remove
2026-07-27 03:37:21,477 [inflora.py] => [InfLoRA] Layer 11: 242/768 type remove
2026-07-27 03:37:21,477 [inflora.py] => [InfLoRA] Layer 12: 182/768 type remove
2026-07-27 03:40:55,814 [inflora.py] => [InfLoRA] DualGPM threshold: 0.9736
2026-07-27 03:40:57,289 [inflora.py] => [InfLoRA] Layer 1: 27/768 type remove
2026-07-27 03:40:57,289 [inflora.py] => [InfLoRA] Layer 2: 16/768 type remove
2026-07-27 03:40:57,289 [inflora.py] => [InfLoRA] Layer 3: 31/768 type remove
2026-07-27 03:40:57,289 [inflora.py] => [InfLoRA] Layer 4: 31/768 type remove
2026-07-27 03:40:57,289 [inflora.py] => [InfLoRA] Layer 5: 46/768 type remove
2026-07-27 03:40:57,289 [inflora.py] => [InfLoRA] Layer 6: 64/768 type remove
2026-07-27 03:40:57,289 [inflora.py] => [InfLoRA] Layer 7: 78/768 type remove
2026-07-27 03:40:57,289 [inflora.py] => [InfLoRA] Layer 8: 122/768 type remove
2026-07-27 03:40:57,289 [inflora.py] => [InfLoRA] Layer 9: 222/768 type remove
2026-07-27 03:40:57,289 [inflora.py] => [InfLoRA] Layer 10: 320/768 type remove
2026-07-27 03:40:57,289 [inflora.py] => [InfLoRA] Layer 11: 244/768 type remove
2026-07-27 03:40:57,289 [inflora.py] => [InfLoRA] Layer 12: 192/768 type remove
2026-07-27 03:41:09,235 [bounded_memory_mixin.py] => [bounded_mem eval] volume 0.50 | cycle 17 | classes_seen 160 | CIL top1 74.43 | top5 94.12 | (nearest latent task ~15) | param_hash 6603a498a26b8d4e | per-task [75.38, 77.5, 51.27, 75.9, 86.5, 86.93, 79.5, 72.0, 82.5, 77.78, 82.32, 68.02, 80.5, 65.66, 72.5, 56.28]
2026-07-27 03:44:43,201 [inflora.py] => [InfLoRA] DualGPM threshold: 0.9750
2026-07-27 03:44:44,678 [inflora.py] => [InfLoRA] Layer 1: 27/768 type remove
2026-07-27 03:44:44,679 [inflora.py] => [InfLoRA] Layer 2: 16/768 type remove
2026-07-27 03:44:44,679 [inflora.py] => [InfLoRA] Layer 3: 32/768 type remove
2026-07-27 03:44:44,679 [inflora.py] => [InfLoRA] Layer 4: 32/768 type remove
2026-07-27 03:44:44,679 [inflora.py] => [InfLoRA] Layer 5: 48/768 type remove
2026-07-27 03:44:44,679 [inflora.py] => [InfLoRA] Layer 6: 67/768 type remove
2026-07-27 03:44:44,679 [inflora.py] => [InfLoRA] Layer 7: 83/768 type remove
2026-07-27 03:44:44,679 [inflora.py] => [InfLoRA] Layer 8: 130/768 type remove
2026-07-27 03:44:44,679 [inflora.py] => [InfLoRA] Layer 9: 233/768 type remove
2026-07-27 03:44:44,679 [inflora.py] => [InfLoRA] Layer 10: 331/768 type remove
2026-07-27 03:44:44,679 [inflora.py] => [InfLoRA] Layer 11: 252/768 type remove
2026-07-27 03:44:44,679 [inflora.py] => [InfLoRA] Layer 12: 212/768 type remove
2026-07-27 03:48:18,761 [inflora.py] => [InfLoRA] DualGPM threshold: 0.9764
2026-07-27 03:48:20,237 [inflora.py] => [InfLoRA] Layer 1: 27/768 type remove
2026-07-27 03:48:20,237 [inflora.py] => [InfLoRA] Layer 2: 16/768 type remove
2026-07-27 03:48:20,237 [inflora.py] => [InfLoRA] Layer 3: 35/768 type remove
2026-07-27 03:48:20,237 [inflora.py] => [InfLoRA] Layer 4: 34/768 type remove
2026-07-27 03:48:20,237 [inflora.py] => [InfLoRA] Layer 5: 52/768 type remove
2026-07-27 03:48:20,238 [inflora.py] => [InfLoRA] Layer 6: 71/768 type remove
2026-07-27 03:48:20,238 [inflora.py] => [InfLoRA] Layer 7: 88/768 type remove
2026-07-27 03:48:20,238 [inflora.py] => [InfLoRA] Layer 8: 138/768 type remove
2026-07-27 03:48:20,238 [inflora.py] => [InfLoRA] Layer 9: 244/768 type remove
2026-07-27 03:48:20,238 [inflora.py] => [InfLoRA] Layer 10: 335/768 type remove
2026-07-27 03:48:20,238 [inflora.py] => [InfLoRA] Layer 11: 256/768 type remove
2026-07-27 03:48:20,238 [inflora.py] => [InfLoRA] Layer 12: 220/768 type remove
2026-07-27 03:51:54,335 [inflora.py] => [InfLoRA] DualGPM threshold: 0.9778
2026-07-27 03:51:55,835 [inflora.py] => [InfLoRA] Layer 1: 40/768 type remove
2026-07-27 03:51:55,835 [inflora.py] => [InfLoRA] Layer 2: 22/768 type remove
2026-07-27 03:51:55,835 [inflora.py] => [InfLoRA] Layer 3: 40/768 type remove
2026-07-27 03:51:55,835 [inflora.py] => [InfLoRA] Layer 4: 38/768 type remove
2026-07-27 03:51:55,835 [inflora.py] => [InfLoRA] Layer 5: 58/768 type remove
2026-07-27 03:51:55,835 [inflora.py] => [InfLoRA] Layer 6: 78/768 type remove
2026-07-27 03:51:55,835 [inflora.py] => [InfLoRA] Layer 7: 95/768 type remove
2026-07-27 03:51:55,835 [inflora.py] => [InfLoRA] Layer 8: 149/768 type remove
2026-07-27 03:51:55,835 [inflora.py] => [InfLoRA] Layer 9: 258/768 type remove
2026-07-27 03:51:55,835 [inflora.py] => [InfLoRA] Layer 10: 351/768 type remove
2026-07-27 03:51:55,835 [inflora.py] => [InfLoRA] Layer 11: 272/768 type remove
2026-07-27 03:51:55,835 [inflora.py] => [InfLoRA] Layer 12: 226/768 type remove
2026-07-27 03:55:29,466 [inflora.py] => [InfLoRA] DualGPM threshold: 0.9792
2026-07-27 03:55:30,970 [inflora.py] => [InfLoRA] Layer 1: 40/768 type remove
2026-07-27 03:55:30,970 [inflora.py] => [InfLoRA] Layer 2: 22/768 type remove
2026-07-27 03:55:30,970 [inflora.py] => [InfLoRA] Layer 3: 44/768 type remove
2026-07-27 03:55:30,970 [inflora.py] => [InfLoRA] Layer 4: 42/768 type remove
2026-07-27 03:55:30,970 [inflora.py] => [InfLoRA] Layer 5: 63/768 type remove
2026-07-27 03:55:30,970 [inflora.py] => [InfLoRA] Layer 6: 84/768 type remove
2026-07-27 03:55:30,970 [inflora.py] => [InfLoRA] Layer 7: 101/768 type remove
2026-07-27 03:55:30,971 [inflora.py] => [InfLoRA] Layer 8: 153/768 type remove
2026-07-27 03:55:30,971 [inflora.py] => [InfLoRA] Layer 9: 262/768 type remove
2026-07-27 03:55:30,971 [inflora.py] => [InfLoRA] Layer 10: 361/768 type remove
2026-07-27 03:55:30,971 [inflora.py] => [InfLoRA] Layer 11: 286/768 type remove
2026-07-27 03:55:30,971 [inflora.py] => [InfLoRA] Layer 12: 232/768 type remove
2026-07-27 03:55:44,841 [bounded_memory_mixin.py] => [bounded_mem eval] volume 0.60 | cycle 21 | classes_seen 190 | CIL top1 71.90 | top5 93.36 | (nearest latent task ~18) | param_hash 106c6954a9917594 | per-task [67.34, 74.5, 50.76, 73.85, 84.5, 85.93, 78.0, 68.0, 74.0, 74.24, 79.8, 63.45, 78.0, 67.17, 69.5, 80.9, 63.82, 84.0, 48.0]
2026-07-27 03:59:18,650 [inflora.py] => [InfLoRA] DualGPM threshold: 0.9806
2026-07-27 03:59:20,151 [inflora.py] => [InfLoRA] Layer 1: 40/768 type remove
2026-07-27 03:59:20,151 [inflora.py] => [InfLoRA] Layer 2: 22/768 type remove
2026-07-27 03:59:20,151 [inflora.py] => [InfLoRA] Layer 3: 45/768 type remove
2026-07-27 03:59:20,151 [inflora.py] => [InfLoRA] Layer 4: 44/768 type remove
2026-07-27 03:59:20,151 [inflora.py] => [InfLoRA] Layer 5: 65/768 type remove
2026-07-27 03:59:20,151 [inflora.py] => [InfLoRA] Layer 6: 87/768 type remove
2026-07-27 03:59:20,151 [inflora.py] => [InfLoRA] Layer 7: 105/768 type remove
2026-07-27 03:59:20,151 [inflora.py] => [InfLoRA] Layer 8: 157/768 type remove
2026-07-27 03:59:20,151 [inflora.py] => [InfLoRA] Layer 9: 265/768 type remove
2026-07-27 03:59:20,151 [inflora.py] => [InfLoRA] Layer 10: 364/768 type remove
2026-07-27 03:59:20,151 [inflora.py] => [InfLoRA] Layer 11: 290/768 type remove
2026-07-27 03:59:20,151 [inflora.py] => [InfLoRA] Layer 12: 237/768 type remove
2026-07-27 04:02:54,500 [inflora.py] => [InfLoRA] DualGPM threshold: 0.9819
2026-07-27 04:02:56,021 [inflora.py] => [InfLoRA] Layer 1: 40/768 type remove
2026-07-27 04:02:56,021 [inflora.py] => [InfLoRA] Layer 2: 22/768 type remove
2026-07-27 04:02:56,021 [inflora.py] => [InfLoRA] Layer 3: 48/768 type remove
2026-07-27 04:02:56,021 [inflora.py] => [InfLoRA] Layer 4: 46/768 type remove
2026-07-27 04:02:56,021 [inflora.py] => [InfLoRA] Layer 5: 68/768 type remove
2026-07-27 04:02:56,021 [inflora.py] => [InfLoRA] Layer 6: 92/768 type remove
2026-07-27 04:02:56,021 [inflora.py] => [InfLoRA] Layer 7: 111/768 type remove
2026-07-27 04:02:56,021 [inflora.py] => [InfLoRA] Layer 8: 165/768 type remove
2026-07-27 04:02:56,021 [inflora.py] => [InfLoRA] Layer 9: 273/768 type remove
2026-07-27 04:02:56,021 [inflora.py] => [InfLoRA] Layer 10: 373/768 type remove
2026-07-27 04:02:56,021 [inflora.py] => [InfLoRA] Layer 11: 297/768 type remove
2026-07-27 04:02:56,021 [inflora.py] => [InfLoRA] Layer 12: 240/768 type remove
2026-07-27 04:06:30,199 [inflora.py] => [InfLoRA] DualGPM threshold: 0.9833
2026-07-27 04:06:31,712 [inflora.py] => [InfLoRA] Layer 1: 40/768 type remove
2026-07-27 04:06:31,712 [inflora.py] => [InfLoRA] Layer 2: 22/768 type remove
2026-07-27 04:06:31,712 [inflora.py] => [InfLoRA] Layer 3: 50/768 type remove
2026-07-27 04:06:31,712 [inflora.py] => [InfLoRA] Layer 4: 50/768 type remove
2026-07-27 04:06:31,713 [inflora.py] => [InfLoRA] Layer 5: 74/768 type remove
2026-07-27 04:06:31,713 [inflora.py] => [InfLoRA] Layer 6: 98/768 type remove
2026-07-27 04:06:31,713 [inflora.py] => [InfLoRA] Layer 7: 119/768 type remove
2026-07-27 04:06:31,713 [inflora.py] => [InfLoRA] Layer 8: 174/768 type remove
2026-07-27 04:06:31,713 [inflora.py] => [InfLoRA] Layer 9: 281/768 type remove
2026-07-27 04:06:31,713 [inflora.py] => [InfLoRA] Layer 10: 380/768 type remove
2026-07-27 04:06:31,713 [inflora.py] => [InfLoRA] Layer 11: 302/768 type remove
2026-07-27 04:06:31,713 [inflora.py] => [InfLoRA] Layer 12: 245/768 type remove
2026-07-27 04:10:06,180 [inflora.py] => [InfLoRA] DualGPM threshold: 0.9847
2026-07-27 04:10:07,734 [inflora.py] => [InfLoRA] Layer 1: 41/768 type remove
2026-07-27 04:10:07,734 [inflora.py] => [InfLoRA] Layer 2: 24/768 type remove
2026-07-27 04:10:07,734 [inflora.py] => [InfLoRA] Layer 3: 61/768 type remove
2026-07-27 04:10:07,734 [inflora.py] => [InfLoRA] Layer 4: 60/768 type remove
2026-07-27 04:10:07,734 [inflora.py] => [InfLoRA] Layer 5: 87/768 type remove
2026-07-27 04:10:07,734 [inflora.py] => [InfLoRA] Layer 6: 115/768 type remove
2026-07-27 04:10:07,734 [inflora.py] => [InfLoRA] Layer 7: 140/768 type remove
2026-07-27 04:10:07,734 [inflora.py] => [InfLoRA] Layer 8: 208/768 type remove
2026-07-27 04:10:07,734 [inflora.py] => [InfLoRA] Layer 9: 322/768 type remove
2026-07-27 04:10:07,771 [inflora.py] => [InfLoRA] Layer 10: 362/768 type retain
2026-07-27 04:10:07,771 [inflora.py] => [InfLoRA] Layer 11: 323/768 type remove
2026-07-27 04:10:07,771 [inflora.py] => [InfLoRA] Layer 12: 254/768 type remove
2026-07-27 04:10:23,570 [bounded_memory_mixin.py] => [bounded_mem eval] volume 0.70 | cycle 25 | classes_seen 220 | CIL top1 68.68 | top5 91.27 | (nearest latent task ~21) | param_hash 827b685dc9e5bbd2 | per-task [65.83, 75.0, 51.78, 73.33, 84.0, 80.4, 78.0, 69.0, 70.5, 69.19, 73.74, 57.36, 76.0, 62.63, 70.0, 80.9, 63.82, 82.0, 59.0, 59.8, 50.75, 57.5]
2026-07-27 04:13:57,997 [inflora.py] => [InfLoRA] DualGPM threshold: 0.9861
2026-07-27 04:13:59,604 [inflora.py] => [InfLoRA] Layer 1: 45/768 type remove
2026-07-27 04:13:59,604 [inflora.py] => [InfLoRA] Layer 2: 24/768 type remove
2026-07-27 04:13:59,604 [inflora.py] => [InfLoRA] Layer 3: 62/768 type remove
2026-07-27 04:13:59,604 [inflora.py] => [InfLoRA] Layer 4: 61/768 type remove
2026-07-27 04:13:59,604 [inflora.py] => [InfLoRA] Layer 5: 88/768 type remove
2026-07-27 04:13:59,604 [inflora.py] => [InfLoRA] Layer 6: 120/768 type remove
2026-07-27 04:13:59,604 [inflora.py] => [InfLoRA] Layer 7: 146/768 type remove
2026-07-27 04:13:59,604 [inflora.py] => [InfLoRA] Layer 8: 215/768 type remove
2026-07-27 04:13:59,604 [inflora.py] => [InfLoRA] Layer 9: 338/768 type remove
2026-07-27 04:13:59,604 [inflora.py] => [InfLoRA] Layer 10: 332/768 type retain
2026-07-27 04:13:59,604 [inflora.py] => [InfLoRA] Layer 11: 349/768 type remove
2026-07-27 04:13:59,604 [inflora.py] => [InfLoRA] Layer 12: 279/768 type remove
2026-07-27 04:17:34,004 [inflora.py] => [InfLoRA] DualGPM threshold: 0.9875
2026-07-27 04:17:35,640 [inflora.py] => [InfLoRA] Layer 1: 45/768 type remove
2026-07-27 04:17:35,640 [inflora.py] => [InfLoRA] Layer 2: 24/768 type remove
2026-07-27 04:17:35,640 [inflora.py] => [InfLoRA] Layer 3: 63/768 type remove
2026-07-27 04:17:35,640 [inflora.py] => [InfLoRA] Layer 4: 63/768 type remove
2026-07-27 04:17:35,640 [inflora.py] => [InfLoRA] Layer 5: 93/768 type remove
2026-07-27 04:17:35,641 [inflora.py] => [InfLoRA] Layer 6: 126/768 type remove
2026-07-27 04:17:35,641 [inflora.py] => [InfLoRA] Layer 7: 158/768 type remove
2026-07-27 04:17:35,641 [inflora.py] => [InfLoRA] Layer 8: 229/768 type remove
2026-07-27 04:17:35,641 [inflora.py] => [InfLoRA] Layer 9: 353/768 type remove
2026-07-27 04:17:35,641 [inflora.py] => [InfLoRA] Layer 10: 323/768 type retain
2026-07-27 04:17:35,641 [inflora.py] => [InfLoRA] Layer 11: 363/768 type remove
2026-07-27 04:17:35,641 [inflora.py] => [InfLoRA] Layer 12: 302/768 type remove
2026-07-27 04:21:09,837 [inflora.py] => [InfLoRA] DualGPM threshold: 0.9889
2026-07-27 04:21:11,485 [inflora.py] => [InfLoRA] Layer 1: 47/768 type remove
2026-07-27 04:21:11,485 [inflora.py] => [InfLoRA] Layer 2: 27/768 type remove
2026-07-27 04:21:11,485 [inflora.py] => [InfLoRA] Layer 3: 72/768 type remove
2026-07-27 04:21:11,485 [inflora.py] => [InfLoRA] Layer 4: 72/768 type remove
2026-07-27 04:21:11,485 [inflora.py] => [InfLoRA] Layer 5: 102/768 type remove
2026-07-27 04:21:11,485 [inflora.py] => [InfLoRA] Layer 6: 138/768 type remove
2026-07-27 04:21:11,485 [inflora.py] => [InfLoRA] Layer 7: 170/768 type remove
2026-07-27 04:21:11,485 [inflora.py] => [InfLoRA] Layer 8: 242/768 type remove
2026-07-27 04:21:11,485 [inflora.py] => [InfLoRA] Layer 9: 368/768 type remove
2026-07-27 04:21:11,485 [inflora.py] => [InfLoRA] Layer 10: 302/768 type retain
2026-07-27 04:21:11,508 [inflora.py] => [InfLoRA] Layer 11: 377/768 type retain
2026-07-27 04:21:11,508 [inflora.py] => [InfLoRA] Layer 12: 335/768 type remove
2026-07-27 04:21:29,208 [bounded_memory_mixin.py] => [bounded_mem eval] volume 0.80 | cycle 28 | classes_seen 250 | CIL top1 65.88 | top5 89.54 | (nearest latent task ~24) | param_hash d14e66bc05246f12 | per-task [63.32, 75.0, 49.75, 71.79, 83.5, 77.89, 76.5, 65.5, 67.5, 70.71, 67.68, 53.81, 76.0, 61.11, 67.5, 74.87, 63.32, 81.5, 57.0, 58.29, 47.74, 64.0, 50.76, 69.04, 52.5]
2026-07-27 04:25:03,372 [inflora.py] => [InfLoRA] DualGPM threshold: 0.9903
2026-07-27 04:25:05,158 [inflora.py] => [InfLoRA] Layer 1: 50/768 type remove
2026-07-27 04:25:05,158 [inflora.py] => [InfLoRA] Layer 2: 30/768 type remove
2026-07-27 04:25:05,158 [inflora.py] => [InfLoRA] Layer 3: 80/768 type remove
2026-07-27 04:25:05,158 [inflora.py] => [InfLoRA] Layer 4: 81/768 type remove
2026-07-27 04:25:05,158 [inflora.py] => [InfLoRA] Layer 5: 114/768 type remove
2026-07-27 04:25:05,159 [inflora.py] => [InfLoRA] Layer 6: 152/768 type remove
2026-07-27 04:25:05,159 [inflora.py] => [InfLoRA] Layer 7: 186/768 type remove
2026-07-27 04:25:05,159 [inflora.py] => [InfLoRA] Layer 8: 261/768 type remove
2026-07-27 04:25:05,181 [inflora.py] => [InfLoRA] Layer 9: 381/768 type retain
2026-07-27 04:25:05,181 [inflora.py] => [InfLoRA] Layer 10: 276/768 type retain
2026-07-27 04:25:05,181 [inflora.py] => [InfLoRA] Layer 11: 338/768 type retain
2026-07-27 04:25:05,181 [inflora.py] => [InfLoRA] Layer 12: 370/768 type remove
2026-07-27 04:28:39,338 [inflora.py] => [InfLoRA] DualGPM threshold: 0.9917
2026-07-27 04:28:41,165 [inflora.py] => [InfLoRA] Layer 1: 52/768 type remove
2026-07-27 04:28:41,165 [inflora.py] => [InfLoRA] Layer 2: 32/768 type remove
2026-07-27 04:28:41,165 [inflora.py] => [InfLoRA] Layer 3: 87/768 type remove
2026-07-27 04:28:41,165 [inflora.py] => [InfLoRA] Layer 4: 90/768 type remove
2026-07-27 04:28:41,165 [inflora.py] => [InfLoRA] Layer 5: 124/768 type remove
2026-07-27 04:28:41,165 [inflora.py] => [InfLoRA] Layer 6: 167/768 type remove
2026-07-27 04:28:41,165 [inflora.py] => [InfLoRA] Layer 7: 206/768 type remove
2026-07-27 04:28:41,165 [inflora.py] => [InfLoRA] Layer 8: 286/768 type remove
2026-07-27 04:28:41,165 [inflora.py] => [InfLoRA] Layer 9: 350/768 type retain
2026-07-27 04:28:41,165 [inflora.py] => [InfLoRA] Layer 10: 253/768 type retain
2026-07-27 04:28:41,165 [inflora.py] => [InfLoRA] Layer 11: 308/768 type retain
2026-07-27 04:28:41,188 [inflora.py] => [InfLoRA] Layer 12: 379/768 type retain
2026-07-27 04:32:16,294 [inflora.py] => [InfLoRA] DualGPM threshold: 0.9931
2026-07-27 04:32:18,284 [inflora.py] => [InfLoRA] Layer 1: 61/768 type remove
2026-07-27 04:32:18,284 [inflora.py] => [InfLoRA] Layer 2: 36/768 type remove
2026-07-27 04:32:18,284 [inflora.py] => [InfLoRA] Layer 3: 96/768 type remove
2026-07-27 04:32:18,284 [inflora.py] => [InfLoRA] Layer 4: 101/768 type remove
2026-07-27 04:32:18,284 [inflora.py] => [InfLoRA] Layer 5: 138/768 type remove
2026-07-27 04:32:18,284 [inflora.py] => [InfLoRA] Layer 6: 185/768 type remove
2026-07-27 04:32:18,284 [inflora.py] => [InfLoRA] Layer 7: 227/768 type remove
2026-07-27 04:32:18,284 [inflora.py] => [InfLoRA] Layer 8: 316/768 type remove
2026-07-27 04:32:18,284 [inflora.py] => [InfLoRA] Layer 9: 313/768 type retain
2026-07-27 04:32:18,284 [inflora.py] => [InfLoRA] Layer 10: 214/768 type retain
2026-07-27 04:32:18,284 [inflora.py] => [InfLoRA] Layer 11: 263/768 type retain
2026-07-27 04:32:18,284 [inflora.py] => [InfLoRA] Layer 12: 343/768 type retain
2026-07-27 04:35:53,009 [inflora.py] => [InfLoRA] DualGPM threshold: 0.9944
2026-07-27 04:35:55,096 [inflora.py] => [InfLoRA] Layer 1: 67/768 type remove
2026-07-27 04:35:55,096 [inflora.py] => [InfLoRA] Layer 2: 39/768 type remove
2026-07-27 04:35:55,096 [inflora.py] => [InfLoRA] Layer 3: 105/768 type remove
2026-07-27 04:35:55,096 [inflora.py] => [InfLoRA] Layer 4: 113/768 type remove
2026-07-27 04:35:55,096 [inflora.py] => [InfLoRA] Layer 5: 153/768 type remove
2026-07-27 04:35:55,096 [inflora.py] => [InfLoRA] Layer 6: 204/768 type remove
2026-07-27 04:35:55,096 [inflora.py] => [InfLoRA] Layer 7: 249/768 type remove
2026-07-27 04:35:55,096 [inflora.py] => [InfLoRA] Layer 8: 337/768 type remove
2026-07-27 04:35:55,096 [inflora.py] => [InfLoRA] Layer 9: 290/768 type retain
2026-07-27 04:35:55,096 [inflora.py] => [InfLoRA] Layer 10: 193/768 type retain
2026-07-27 04:35:55,096 [inflora.py] => [InfLoRA] Layer 11: 235/768 type retain
2026-07-27 04:35:55,096 [inflora.py] => [InfLoRA] Layer 12: 320/768 type retain
2026-07-27 04:36:14,711 [bounded_memory_mixin.py] => [bounded_mem eval] volume 0.90 | cycle 32 | classes_seen 280 | CIL top1 64.67 | top5 88.47 | (nearest latent task ~27) | param_hash 208f0a31ba9758ae | per-task [57.29, 75.5, 51.78, 68.72, 81.5, 79.9, 75.5, 60.5, 68.0, 70.2, 65.66, 51.27, 77.5, 62.12, 67.5, 72.36, 62.81, 79.0, 55.0, 57.79, 49.75, 59.0, 51.78, 69.54, 58.0, 75.76, 59.8, 47.0]
2026-07-27 04:39:49,339 [inflora.py] => [InfLoRA] DualGPM threshold: 0.9958
2026-07-27 04:39:51,290 [inflora.py] => [InfLoRA] Layer 1: 78/768 type remove
2026-07-27 04:39:51,290 [inflora.py] => [InfLoRA] Layer 2: 46/768 type remove
2026-07-27 04:39:51,290 [inflora.py] => [InfLoRA] Layer 3: 122/768 type remove
2026-07-27 04:39:51,290 [inflora.py] => [InfLoRA] Layer 4: 133/768 type remove
2026-07-27 04:39:51,290 [inflora.py] => [InfLoRA] Layer 5: 177/768 type remove
2026-07-27 04:39:51,290 [inflora.py] => [InfLoRA] Layer 6: 234/768 type remove
2026-07-27 04:39:51,290 [inflora.py] => [InfLoRA] Layer 7: 286/768 type remove
2026-07-27 04:39:51,290 [inflora.py] => [InfLoRA] Layer 8: 379/768 type remove
2026-07-27 04:39:51,290 [inflora.py] => [InfLoRA] Layer 9: 246/768 type retain
2026-07-27 04:39:51,290 [inflora.py] => [InfLoRA] Layer 10: 153/768 type retain
2026-07-27 04:39:51,290 [inflora.py] => [InfLoRA] Layer 11: 183/768 type retain
2026-07-27 04:39:51,290 [inflora.py] => [InfLoRA] Layer 12: 256/768 type retain
2026-07-27 04:43:25,804 [inflora.py] => [InfLoRA] DualGPM threshold: 0.9972
2026-07-27 04:43:27,774 [inflora.py] => [InfLoRA] Layer 1: 86/768 type remove
2026-07-27 04:43:27,774 [inflora.py] => [InfLoRA] Layer 2: 53/768 type remove
2026-07-27 04:43:27,774 [inflora.py] => [InfLoRA] Layer 3: 145/768 type remove
2026-07-27 04:43:27,774 [inflora.py] => [InfLoRA] Layer 4: 163/768 type remove
2026-07-27 04:43:27,774 [inflora.py] => [InfLoRA] Layer 5: 214/768 type remove
2026-07-27 04:43:27,775 [inflora.py] => [InfLoRA] Layer 6: 279/768 type remove
2026-07-27 04:43:27,775 [inflora.py] => [InfLoRA] Layer 7: 336/768 type remove
2026-07-27 04:43:27,801 [inflora.py] => [InfLoRA] Layer 8: 339/768 type retain
2026-07-27 04:43:27,801 [inflora.py] => [InfLoRA] Layer 9: 205/768 type retain
2026-07-27 04:43:27,801 [inflora.py] => [InfLoRA] Layer 10: 120/768 type retain
2026-07-27 04:43:27,801 [inflora.py] => [InfLoRA] Layer 11: 150/768 type retain
2026-07-27 04:43:27,801 [inflora.py] => [InfLoRA] Layer 12: 210/768 type retain
2026-07-27 04:46:15,684 [inflora.py] => [InfLoRA] DualGPM threshold: 0.9986
2026-07-27 04:46:17,729 [inflora.py] => [InfLoRA] Layer 1: 101/768 type remove
2026-07-27 04:46:17,730 [inflora.py] => [InfLoRA] Layer 2: 67/768 type remove
2026-07-27 04:46:17,730 [inflora.py] => [InfLoRA] Layer 3: 185/768 type remove
2026-07-27 04:46:17,730 [inflora.py] => [InfLoRA] Layer 4: 222/768 type remove
2026-07-27 04:46:17,730 [inflora.py] => [InfLoRA] Layer 5: 285/768 type remove
2026-07-27 04:46:17,730 [inflora.py] => [InfLoRA] Layer 6: 357/768 type remove
2026-07-27 04:46:17,754 [inflora.py] => [InfLoRA] Layer 7: 352/768 type retain
2026-07-27 04:46:17,754 [inflora.py] => [InfLoRA] Layer 8: 266/768 type retain
2026-07-27 04:46:17,754 [inflora.py] => [InfLoRA] Layer 9: 152/768 type retain
2026-07-27 04:46:17,754 [inflora.py] => [InfLoRA] Layer 10: 89/768 type retain
2026-07-27 04:46:17,754 [inflora.py] => [InfLoRA] Layer 11: 120/768 type retain
2026-07-27 04:46:17,755 [inflora.py] => [InfLoRA] Layer 12: 179/768 type retain
2026-07-27 04:46:38,663 [bounded_memory_mixin.py] => [bounded_mem eval] volume 1.00 | cycle 35 | classes_seen 300 | CIL top1 63.55 | top5 88.40 | (nearest latent task ~29) | param_hash 54fee20e7f3dc77e | per-task [54.77, 74.0, 51.78, 66.67, 80.0, 78.39, 74.5, 56.5, 60.5, 68.18, 61.11, 47.72, 73.0, 62.12, 66.0, 71.36, 61.31, 78.0, 56.5, 56.28, 49.75, 57.5, 51.27, 63.45, 58.0, 75.25, 58.79, 64.0, 69.54, 60.0]
2026-07-27 04:46:38,664 [trainer.py] => [bounded_mem] volume checkpoints: [0.1, 0.2, 0.3, 0.4, 0.5, 0.6, 0.7, 0.8, 0.9, 1.0]
2026-07-27 04:46:38,664 [trainer.py] => [bounded_mem] CIL top1 curve: [83.57, 81.8, 79.23, 74.22, 74.43, 71.9, 68.68, 65.88, 64.67, 63.55]
2026-07-27 04:46:38,664 [trainer.py] => [bounded_mem] CIL top5 curve: [98.74, 97.55, 96.78, 94.64, 94.12, 93.36, 91.27, 89.54, 88.47, 88.4]
[bounded_mem] checkpoints (fraction of stream): [0.1, 0.2, 0.3, 0.4, 0.5, 0.6, 0.7, 0.8, 0.9, 1.0]
[bounded_mem] CIL top1: [83.57, 81.8, 79.23, 74.22, 74.43, 71.9, 68.68, 65.88, 64.67, 63.55]
[bounded_mem] CIL top5: [98.74, 97.55, 96.78, 94.64, 94.12, 93.36, 91.27, 89.54, 88.47, 88.4]
2026-07-27 04:46:38,664 [trainer.py] => [bounded_mem] FINAL CIL top1 63.55 | top5 88.40 (at 100% of stream)
[bounded_mem] FINAL CIL top1 63.55 | top5 88.40
[bounded_mem] wrote run_logs/boundedmem_inflora_round2_grid_omni30t_200mb_inflora_s1996_s1996.json
