2026-07-27 00:24:41,142 [trainer.py] => config: exps/round2_grid/_patched_inflora_150mb_s1996_gpu4.json
2026-07-27 00:24:41,142 [trainer.py] => dataset: omnibenchmark1k
2026-07-27 00:24:41,142 [trainer.py] => memory_size: 0
2026-07-27 00:24:41,142 [trainer.py] => memory_per_class: 0
2026-07-27 00:24:41,142 [trainer.py] => fixed_memory: False
2026-07-27 00:24:41,142 [trainer.py] => shuffle: True
2026-07-27 00:24:41,142 [trainer.py] => init_cls: 10
2026-07-27 00:24:41,142 [trainer.py] => increment: 10
2026-07-27 00:24:41,142 [trainer.py] => scenario: cil
2026-07-27 00:24:41,142 [trainer.py] => pretrained: True
2026-07-27 00:24:41,142 [trainer.py] => print_forget: False
2026-07-27 00:24:41,142 [trainer.py] => final_metrics: False
2026-07-27 00:24:41,143 [trainer.py] => backbone_type: vit_base_patch16_224_lora
2026-07-27 00:24:41,143 [trainer.py] => lora_rank: 10
2026-07-27 00:24:41,143 [trainer.py] => lora_alpha: None
2026-07-27 00:24:41,143 [trainer.py] => batch_size: 48
2026-07-27 00:24:41,143 [trainer.py] => weight_decay: 0.0005
2026-07-27 00:24:41,143 [trainer.py] => min_lr: 0.0
2026-07-27 00:24:41,143 [trainer.py] => tuned_epoch: 20
2026-07-27 00:24:41,143 [trainer.py] => boundary_mode: bounded_memory
2026-07-27 00:24:41,143 [trainer.py] => stop_after_tasks: 30
2026-07-27 00:24:41,143 [trainer.py] => model_name: inflora
2026-07-27 00:24:41,143 [trainer.py] => lora_merge: True
2026-07-27 00:24:41,143 [trainer.py] => lamb: 0.95
2026-07-27 00:24:41,143 [trainer.py] => lame: 1.0
2026-07-27 00:24:41,143 [trainer.py] => init_lr: 0.0005
2026-07-27 00:24:41,143 [trainer.py] => seed: 1996
2026-07-27 00:24:41,143 [trainer.py] => bm_budget_mb: 150
2026-07-27 00:24:41,143 [trainer.py] => prefix: round2_grid_omni30t_150mb_inflora_s1996
2026-07-27 00:24:41,143 [trainer.py] => device: [device(type='cuda', index=4)]
2026-07-27 00:24:41,725 [data_manager.py] => [438, 831, 338, 46, 856, 850, 593, 53, 230, 71, 34, 91, 794, 884, 358, 68, 585, 804, 601, 488, 443, 290, 699, 811, 898, 416, 424, 72, 235, 116, 908, 669, 569, 47, 983, 464, 545, 267, 383, 408, 96, 760, 935, 321, 511, 819, 253, 671, 945, 919, 209, 705, 711, 448, 106, 552, 486, 734, 978, 394, 654, 527, 522, 51, 774, 583, 234, 127, 958, 933, 398, 886, 21, 465, 104, 572, 377, 537, 50, 188, 697, 128, 28, 158, 855, 382, 496, 562, 225, 560, 242, 647, 255, 400, 274, 743, 775, 824, 258, 280, 806, 480, 652, 252, 528, 744, 578, 232, 203, 662, 474, 134, 403, 649, 250, 574, 638, 753, 926, 436, 785, 379, 27, 61, 543, 563, 826, 960, 879, 861, 214, 690, 776, 571, 798, 266, 590, 427, 622, 679, 0, 849, 902, 2, 925, 984, 92, 220, 674, 818, 848, 916, 959, 864, 29, 204, 482, 420, 322, 31, 207, 217, 869, 223, 271, 605, 558, 923, 710, 16, 469, 778, 497, 733, 874, 216, 777, 385, 841, 606, 183, 86, 717, 559, 277, 117, 114, 769, 462, 262, 814, 973, 348, 171, 291, 846, 112, 458, 78, 365, 74, 431, 272, 737, 937, 575, 166, 56, 534, 815, 353, 857, 952, 33, 144, 761, 211, 771, 359, 766, 133, 894, 816, 882, 366, 892, 852, 747, 546, 842, 355, 703, 553, 931, 317, 645, 36, 863, 890, 489, 900, 672, 370, 283, 80, 722, 109, 198, 614, 122, 356, 939, 725, 667, 459, 110, 18, 342, 102, 612, 823, 592, 419, 928, 210, 529, 411, 524, 772, 454, 943, 336, 873, 835, 118, 901, 751, 224, 75, 877, 439, 951, 93, 714, 15, 435, 992, 685, 59, 599, 659, 414, 52, 119, 239, 708, 310, 867, 298, 702, 401, 687, 386, 247, 570, 484, 616, 862, 428, 300, 971, 598, 557, 808, 977, 946, 508, 41, 539, 222, 412, 749, 790, 79, 131, 675, 579, 957, 344, 314, 677, 121, 161, 487, 970, 700, 129, 715, 390, 520, 719, 646, 201, 32, 704, 770, 876, 828, 82, 429, 989, 561, 905, 476, 248, 940, 384, 682, 406, 783, 839, 878, 123, 453, 643, 536, 493, 665, 202, 442, 872, 809, 532, 609, 880, 812, 391, 694, 173, 49, 650, 221, 44, 588, 944, 287, 349, 404, 481, 623, 154, 288, 301, 334, 227, 941, 917, 281, 25, 706, 228, 963, 485, 292, 728, 913, 124, 153, 306, 688, 955, 501, 607, 921, 765, 333, 449, 43, 986, 345, 907, 980, 500, 805, 120, 1, 914, 632, 695, 434, 651, 604, 184, 177, 825, 368, 445, 844, 847, 182, 663, 498, 88, 101, 479, 912, 212, 997, 372, 165, 30, 307, 530, 108, 352, 180, 237, 834, 375, 817, 795, 906, 587, 279, 625, 735, 328, 142, 194, 460, 141, 568, 380, 738, 936, 999, 17, 683, 888, 289, 360, 523, 789, 833, 40, 594, 354, 22, 326, 19, 832, 930, 293, 341, 716, 226, 470, 160, 788, 147, 361, 392, 64, 624, 245, 531, 241, 4, 396, 660, 433, 720, 514, 265, 264, 351, 103, 302, 655, 947, 376, 270, 617, 726, 455, 313, 903, 63, 263, 363, 787, 273, 137, 243, 595, 350, 807, 233, 259, 990, 452, 550, 409, 938, 975, 871, 724, 430, 910, 318, 780, 698, 473, 845, 399, 581, 178, 932, 332, 924, 407, 170, 472, 799, 566, 620, 296, 621, 723, 506, 393, 346, 904, 367, 60, 415, 192, 580, 8, 176, 85, 324, 554, 820, 186, 918, 69, 206, 752, 991, 740, 762, 260, 174, 754, 410, 475, 544, 246, 589, 269, 478, 803, 684, 801, 613, 979, 985, 693, 969, 66, 854, 89, 229, 282, 55, 389, 135, 150, 268, 821, 577, 730, 100, 729, 276, 875, 727, 556, 691, 373, 145, 791, 240, 149, 213, 909, 653, 374, 130, 155, 219, 929, 840, 98, 136, 896, 859, 3, 140, 564, 426, 866, 586, 70, 343, 962, 829, 640, 739, 922, 767, 513, 369, 525, 982, 67, 236, 325, 172, 73, 143, 444, 151, 953, 169, 35, 499, 657, 337, 538, 316, 94, 83, 309, 895, 319, 584, 591, 152, 13, 745, 320, 956, 830, 796, 633, 437, 87, 642, 713, 993, 518, 519, 215, 865, 689, 6, 187, 502, 763, 5, 950, 972, 335, 602, 115, 548, 779, 967, 927, 516, 718, 339, 299, 996, 966, 547, 507, 800, 630, 39, 603, 441, 742, 994, 417, 666, 615, 185, 628, 97, 231, 709, 26, 786, 942, 157, 111, 218, 504, 397, 329, 54, 308, 456, 636, 949, 193, 99, 853, 305, 249, 477, 634, 755, 509, 126, 168, 707, 190, 7, 286, 658, 988, 107, 510, 555, 512, 736, 541, 200, 37, 14, 362, 567, 24, 961, 12, 378, 9, 948, 315, 205, 303, 600, 899, 810, 284, 868, 673, 505, 792, 987, 492, 405, 889, 517, 858, 181, 189, 635, 457, 422, 768, 860, 891, 611, 294, 197, 664, 446, 191, 741, 756, 976, 95, 421, 998, 597, 105, 681, 670, 686, 851, 179, 468, 995, 413, 388, 781, 402, 113, 629, 731, 84, 285, 466, 934, 146, 20, 244, 802, 450, 254, 680, 515, 637, 644, 125, 295, 164, 251, 661, 696, 712, 58, 483, 920, 576, 175, 782, 503, 721, 381, 357, 371, 159, 327, 195, 521, 639, 238, 423, 304, 893, 887, 347, 631, 668, 784, 965, 81, 582, 533, 45, 138, 163, 261, 77, 542, 494, 648, 619, 750, 196, 275, 311, 440, 418, 701, 447, 57, 565, 618, 758, 495, 331, 813, 156, 822, 676, 627, 656, 491, 897, 432, 490, 981, 843, 911, 881, 62, 148, 11, 626, 387, 641, 964, 471, 773, 608, 746, 764, 732, 10, 551, 797, 535, 395, 692, 838, 199, 208, 425, 76, 23, 837, 974, 883, 90, 312, 678, 759, 836, 167, 42, 596, 748, 461, 915, 256, 278, 870, 757, 968, 364, 65, 573, 467, 330, 827, 793, 549, 48, 340, 162, 540, 132, 139, 885, 526, 463, 451, 297, 38, 323, 610, 257, 954]
This is for the BaseNet initialization.
I'm using ViT with per-task LoRA (q,v).
_IncompatibleKeys(missing_keys=['blocks.0.attn.cur_matrix', 'blocks.0.attn.frozen_delta_q', 'blocks.0.attn.frozen_delta_v', 'blocks.0.attn.lora_A_q.0.weight', 'blocks.0.attn.lora_B_q.0.weight', 'blocks.0.attn.lora_A_v.0.weight', 'blocks.0.attn.lora_B_v.0.weight', 'blocks.1.attn.cur_matrix', 'blocks.1.attn.frozen_delta_q', 'blocks.1.attn.frozen_delta_v', 'blocks.1.attn.lora_A_q.0.weight', 'blocks.1.attn.lora_B_q.0.weight', 'blocks.1.attn.lora_A_v.0.weight', 'blocks.1.attn.lora_B_v.0.weight', 'blocks.2.attn.cur_matrix', 'blocks.2.attn.frozen_delta_q', 'blocks.2.attn.frozen_delta_v', 'blocks.2.attn.lora_A_q.0.weight', 'blocks.2.attn.lora_B_q.0.weight', 'blocks.2.attn.lora_A_v.0.weight', 'blocks.2.attn.lora_B_v.0.weight', 'blocks.3.attn.cur_matrix', 'blocks.3.attn.frozen_delta_q', 'blocks.3.attn.frozen_delta_v', 'blocks.3.attn.lora_A_q.0.weight', 'blocks.3.attn.lora_B_q.0.weight', 'blocks.3.attn.lora_A_v.0.weight', 'blocks.3.attn.lora_B_v.0.weight', 'blocks.4.attn.cur_matrix', 'blocks.4.attn.frozen_delta_q', 'blocks.4.attn.frozen_delta_v', 'blocks.4.attn.lora_A_q.0.weight', 'blocks.4.attn.lora_B_q.0.weight', 'blocks.4.attn.lora_A_v.0.weight', 'blocks.4.attn.lora_B_v.0.weight', 'blocks.5.attn.cur_matrix', 'blocks.5.attn.frozen_delta_q', 'blocks.5.attn.frozen_delta_v', 'blocks.5.attn.lora_A_q.0.weight', 'blocks.5.attn.lora_B_q.0.weight', 'blocks.5.attn.lora_A_v.0.weight', 'blocks.5.attn.lora_B_v.0.weight', 'blocks.6.attn.cur_matrix', 'blocks.6.attn.frozen_delta_q', 'blocks.6.attn.frozen_delta_v', 'blocks.6.attn.lora_A_q.0.weight', 'blocks.6.attn.lora_B_q.0.weight', 'blocks.6.attn.lora_A_v.0.weight', 'blocks.6.attn.lora_B_v.0.weight', 'blocks.7.attn.cur_matrix', 'blocks.7.attn.frozen_delta_q', 'blocks.7.attn.frozen_delta_v', 'blocks.7.attn.lora_A_q.0.weight', 'blocks.7.attn.lora_B_q.0.weight', 'blocks.7.attn.lora_A_v.0.weight', 'blocks.7.attn.lora_B_v.0.weight', 'blocks.8.attn.cur_matrix', 'blocks.8.attn.frozen_delta_q', 'blocks.8.attn.frozen_delta_v', 'blocks.8.attn.lora_A_q.0.weight', 'blocks.8.attn.lora_B_q.0.weight', 'blocks.8.attn.lora_A_v.0.weight', 'blocks.8.attn.lora_B_v.0.weight', 'blocks.9.attn.cur_matrix', 'blocks.9.attn.frozen_delta_q', 'blocks.9.attn.frozen_delta_v', 'blocks.9.attn.lora_A_q.0.weight', 'blocks.9.attn.lora_B_q.0.weight', 'blocks.9.attn.lora_A_v.0.weight', 'blocks.9.attn.lora_B_v.0.weight', 'blocks.10.attn.cur_matrix', 'blocks.10.attn.frozen_delta_q', 'blocks.10.attn.frozen_delta_v', 'blocks.10.attn.lora_A_q.0.weight', 'blocks.10.attn.lora_B_q.0.weight', 'blocks.10.attn.lora_A_v.0.weight', 'blocks.10.attn.lora_B_v.0.weight', 'blocks.11.attn.cur_matrix', 'blocks.11.attn.frozen_delta_q', 'blocks.11.attn.frozen_delta_v', 'blocks.11.attn.lora_A_q.0.weight', 'blocks.11.attn.lora_B_q.0.weight', 'blocks.11.attn.lora_A_v.0.weight', 'blocks.11.attn.lora_B_v.0.weight'], unexpected_keys=[])
After BaseNet initialization.
2026-07-27 00:24:48,115 [bounded_memory_mixin.py] => [bounded_mem] stop_after_tasks=30 (of 100 total)
2026-07-27 00:24:48,164 [bounded_memory_mixin.py] => [bounded_mem] budget_mb=150.0 -> cycle=1045 images (mean_task=1660.6 images, so this budget is 0.63x mean task size); 49817 total images -> 48 cycles (T=48 sessions); 10 eval checkpoints
2026-07-27 00:27:26,601 [inflora.py] => [InfLoRA] DualGPM threshold: 0.9500
2026-07-27 00:27:27,368 [inflora.py] => [InfLoRA] Layer 1: 8/768 type remove
2026-07-27 00:27:27,368 [inflora.py] => [InfLoRA] Layer 2: 9/768 type remove
2026-07-27 00:27:27,368 [inflora.py] => [InfLoRA] Layer 3: 13/768 type remove
2026-07-27 00:27:27,368 [inflora.py] => [InfLoRA] Layer 4: 11/768 type remove
2026-07-27 00:27:27,368 [inflora.py] => [InfLoRA] Layer 5: 13/768 type remove
2026-07-27 00:27:27,368 [inflora.py] => [InfLoRA] Layer 6: 15/768 type remove
2026-07-27 00:27:27,368 [inflora.py] => [InfLoRA] Layer 7: 17/768 type remove
2026-07-27 00:27:27,368 [inflora.py] => [InfLoRA] Layer 8: 17/768 type remove
2026-07-27 00:27:27,368 [inflora.py] => [InfLoRA] Layer 9: 29/768 type remove
2026-07-27 00:27:27,368 [inflora.py] => [InfLoRA] Layer 10: 33/768 type remove
2026-07-27 00:27:27,369 [inflora.py] => [InfLoRA] Layer 11: 12/768 type remove
2026-07-27 00:27:27,369 [inflora.py] => [InfLoRA] Layer 12: 12/768 type remove
2026-07-27 00:30:06,634 [inflora.py] => [InfLoRA] DualGPM threshold: 0.9510
2026-07-27 00:30:07,985 [inflora.py] => [InfLoRA] Layer 1: 10/768 type remove
2026-07-27 00:30:07,985 [inflora.py] => [InfLoRA] Layer 2: 11/768 type remove
2026-07-27 00:30:07,985 [inflora.py] => [InfLoRA] Layer 3: 15/768 type remove
2026-07-27 00:30:07,985 [inflora.py] => [InfLoRA] Layer 4: 12/768 type remove
2026-07-27 00:30:07,985 [inflora.py] => [InfLoRA] Layer 5: 16/768 type remove
2026-07-27 00:30:07,985 [inflora.py] => [InfLoRA] Layer 6: 18/768 type remove
2026-07-27 00:30:07,985 [inflora.py] => [InfLoRA] Layer 7: 20/768 type remove
2026-07-27 00:30:07,985 [inflora.py] => [InfLoRA] Layer 8: 23/768 type remove
2026-07-27 00:30:07,985 [inflora.py] => [InfLoRA] Layer 9: 48/768 type remove
2026-07-27 00:30:07,985 [inflora.py] => [InfLoRA] Layer 10: 76/768 type remove
2026-07-27 00:30:07,986 [inflora.py] => [InfLoRA] Layer 11: 34/768 type remove
2026-07-27 00:30:07,986 [inflora.py] => [InfLoRA] Layer 12: 36/768 type remove
2026-07-27 00:32:47,605 [inflora.py] => [InfLoRA] DualGPM threshold: 0.9521
2026-07-27 00:32:48,991 [inflora.py] => [InfLoRA] Layer 1: 13/768 type remove
2026-07-27 00:32:48,991 [inflora.py] => [InfLoRA] Layer 2: 13/768 type remove
2026-07-27 00:32:48,991 [inflora.py] => [InfLoRA] Layer 3: 17/768 type remove
2026-07-27 00:32:48,991 [inflora.py] => [InfLoRA] Layer 4: 14/768 type remove
2026-07-27 00:32:48,991 [inflora.py] => [InfLoRA] Layer 5: 18/768 type remove
2026-07-27 00:32:48,991 [inflora.py] => [InfLoRA] Layer 6: 22/768 type remove
2026-07-27 00:32:48,991 [inflora.py] => [InfLoRA] Layer 7: 25/768 type remove
2026-07-27 00:32:48,991 [inflora.py] => [InfLoRA] Layer 8: 32/768 type remove
2026-07-27 00:32:48,991 [inflora.py] => [InfLoRA] Layer 9: 66/768 type remove
2026-07-27 00:32:48,991 [inflora.py] => [InfLoRA] Layer 10: 112/768 type remove
2026-07-27 00:32:48,991 [inflora.py] => [InfLoRA] Layer 11: 67/768 type remove
2026-07-27 00:32:48,991 [inflora.py] => [InfLoRA] Layer 12: 49/768 type remove
2026-07-27 00:35:28,797 [inflora.py] => [InfLoRA] DualGPM threshold: 0.9531
2026-07-27 00:35:30,191 [inflora.py] => [InfLoRA] Layer 1: 15/768 type remove
2026-07-27 00:35:30,191 [inflora.py] => [InfLoRA] Layer 2: 13/768 type remove
2026-07-27 00:35:30,191 [inflora.py] => [InfLoRA] Layer 3: 17/768 type remove
2026-07-27 00:35:30,191 [inflora.py] => [InfLoRA] Layer 4: 14/768 type remove
2026-07-27 00:35:30,191 [inflora.py] => [InfLoRA] Layer 5: 19/768 type remove
2026-07-27 00:35:30,191 [inflora.py] => [InfLoRA] Layer 6: 22/768 type remove
2026-07-27 00:35:30,191 [inflora.py] => [InfLoRA] Layer 7: 25/768 type remove
2026-07-27 00:35:30,191 [inflora.py] => [InfLoRA] Layer 8: 33/768 type remove
2026-07-27 00:35:30,191 [inflora.py] => [InfLoRA] Layer 9: 68/768 type remove
2026-07-27 00:35:30,191 [inflora.py] => [InfLoRA] Layer 10: 117/768 type remove
2026-07-27 00:35:30,192 [inflora.py] => [InfLoRA] Layer 11: 72/768 type remove
2026-07-27 00:35:30,192 [inflora.py] => [InfLoRA] Layer 12: 56/768 type remove
2026-07-27 00:38:09,739 [inflora.py] => [InfLoRA] DualGPM threshold: 0.9542
2026-07-27 00:38:11,160 [inflora.py] => [InfLoRA] Layer 1: 15/768 type remove
2026-07-27 00:38:11,160 [inflora.py] => [InfLoRA] Layer 2: 13/768 type remove
2026-07-27 00:38:11,160 [inflora.py] => [InfLoRA] Layer 3: 17/768 type remove
2026-07-27 00:38:11,160 [inflora.py] => [InfLoRA] Layer 4: 15/768 type remove
2026-07-27 00:38:11,160 [inflora.py] => [InfLoRA] Layer 5: 20/768 type remove
2026-07-27 00:38:11,160 [inflora.py] => [InfLoRA] Layer 6: 23/768 type remove
2026-07-27 00:38:11,160 [inflora.py] => [InfLoRA] Layer 7: 26/768 type remove
2026-07-27 00:38:11,160 [inflora.py] => [InfLoRA] Layer 8: 34/768 type remove
2026-07-27 00:38:11,160 [inflora.py] => [InfLoRA] Layer 9: 70/768 type remove
2026-07-27 00:38:11,160 [inflora.py] => [InfLoRA] Layer 10: 122/768 type remove
2026-07-27 00:38:11,160 [inflora.py] => [InfLoRA] Layer 11: 75/768 type remove
2026-07-27 00:38:11,160 [inflora.py] => [InfLoRA] Layer 12: 60/768 type remove
2026-07-27 00:38:15,319 [bounded_memory_mixin.py] => [bounded_mem eval] volume 0.10 | cycle 4 | classes_seen 40 | CIL top1 80.91 | top5 98.61 | (nearest latent task ~3) | param_hash 33e4f3aad8527f47 | per-task [94.97, 91.5, 63.45, 73.33]
2026-07-27 00:40:55,460 [inflora.py] => [InfLoRA] DualGPM threshold: 0.9552
2026-07-27 00:40:56,880 [inflora.py] => [InfLoRA] Layer 1: 15/768 type remove
2026-07-27 00:40:56,880 [inflora.py] => [InfLoRA] Layer 2: 13/768 type remove
2026-07-27 00:40:56,880 [inflora.py] => [InfLoRA] Layer 3: 18/768 type remove
2026-07-27 00:40:56,880 [inflora.py] => [InfLoRA] Layer 4: 15/768 type remove
2026-07-27 00:40:56,880 [inflora.py] => [InfLoRA] Layer 5: 20/768 type remove
2026-07-27 00:40:56,880 [inflora.py] => [InfLoRA] Layer 6: 23/768 type remove
2026-07-27 00:40:56,880 [inflora.py] => [InfLoRA] Layer 7: 27/768 type remove
2026-07-27 00:40:56,880 [inflora.py] => [InfLoRA] Layer 8: 37/768 type remove
2026-07-27 00:40:56,880 [inflora.py] => [InfLoRA] Layer 9: 77/768 type remove
2026-07-27 00:40:56,880 [inflora.py] => [InfLoRA] Layer 10: 130/768 type remove
2026-07-27 00:40:56,880 [inflora.py] => [InfLoRA] Layer 11: 80/768 type remove
2026-07-27 00:40:56,880 [inflora.py] => [InfLoRA] Layer 12: 64/768 type remove
2026-07-27 00:43:37,049 [inflora.py] => [InfLoRA] DualGPM threshold: 0.9562
2026-07-27 00:43:38,468 [inflora.py] => [InfLoRA] Layer 1: 15/768 type remove
2026-07-27 00:43:38,468 [inflora.py] => [InfLoRA] Layer 2: 13/768 type remove
2026-07-27 00:43:38,468 [inflora.py] => [InfLoRA] Layer 3: 18/768 type remove
2026-07-27 00:43:38,468 [inflora.py] => [InfLoRA] Layer 4: 15/768 type remove
2026-07-27 00:43:38,468 [inflora.py] => [InfLoRA] Layer 5: 21/768 type remove
2026-07-27 00:43:38,468 [inflora.py] => [InfLoRA] Layer 6: 24/768 type remove
2026-07-27 00:43:38,468 [inflora.py] => [InfLoRA] Layer 7: 29/768 type remove
2026-07-27 00:43:38,468 [inflora.py] => [InfLoRA] Layer 8: 42/768 type remove
2026-07-27 00:43:38,468 [inflora.py] => [InfLoRA] Layer 9: 85/768 type remove
2026-07-27 00:43:38,468 [inflora.py] => [InfLoRA] Layer 10: 142/768 type remove
2026-07-27 00:43:38,468 [inflora.py] => [InfLoRA] Layer 11: 86/768 type remove
2026-07-27 00:43:38,468 [inflora.py] => [InfLoRA] Layer 12: 77/768 type remove
2026-07-27 00:46:19,447 [inflora.py] => [InfLoRA] DualGPM threshold: 0.9573
2026-07-27 00:46:20,862 [inflora.py] => [InfLoRA] Layer 1: 15/768 type remove
2026-07-27 00:46:20,862 [inflora.py] => [InfLoRA] Layer 2: 13/768 type remove
2026-07-27 00:46:20,862 [inflora.py] => [InfLoRA] Layer 3: 19/768 type remove
2026-07-27 00:46:20,862 [inflora.py] => [InfLoRA] Layer 4: 16/768 type remove
2026-07-27 00:46:20,862 [inflora.py] => [InfLoRA] Layer 5: 23/768 type remove
2026-07-27 00:46:20,862 [inflora.py] => [InfLoRA] Layer 6: 27/768 type remove
2026-07-27 00:46:20,862 [inflora.py] => [InfLoRA] Layer 7: 32/768 type remove
2026-07-27 00:46:20,862 [inflora.py] => [InfLoRA] Layer 8: 47/768 type remove
2026-07-27 00:46:20,863 [inflora.py] => [InfLoRA] Layer 9: 95/768 type remove
2026-07-27 00:46:20,863 [inflora.py] => [InfLoRA] Layer 10: 161/768 type remove
2026-07-27 00:46:20,863 [inflora.py] => [InfLoRA] Layer 11: 97/768 type remove
2026-07-27 00:46:20,863 [inflora.py] => [InfLoRA] Layer 12: 91/768 type remove
2026-07-27 00:49:01,459 [inflora.py] => [InfLoRA] DualGPM threshold: 0.9583
2026-07-27 00:49:02,897 [inflora.py] => [InfLoRA] Layer 1: 15/768 type remove
2026-07-27 00:49:02,898 [inflora.py] => [InfLoRA] Layer 2: 13/768 type remove
2026-07-27 00:49:02,898 [inflora.py] => [InfLoRA] Layer 3: 22/768 type remove
2026-07-27 00:49:02,898 [inflora.py] => [InfLoRA] Layer 4: 18/768 type remove
2026-07-27 00:49:02,898 [inflora.py] => [InfLoRA] Layer 5: 26/768 type remove
2026-07-27 00:49:02,898 [inflora.py] => [InfLoRA] Layer 6: 32/768 type remove
2026-07-27 00:49:02,898 [inflora.py] => [InfLoRA] Layer 7: 36/768 type remove
2026-07-27 00:49:02,898 [inflora.py] => [InfLoRA] Layer 8: 54/768 type remove
2026-07-27 00:49:02,898 [inflora.py] => [InfLoRA] Layer 9: 109/768 type remove
2026-07-27 00:49:02,898 [inflora.py] => [InfLoRA] Layer 10: 188/768 type remove
2026-07-27 00:49:02,898 [inflora.py] => [InfLoRA] Layer 11: 124/768 type remove
2026-07-27 00:49:02,898 [inflora.py] => [InfLoRA] Layer 12: 96/768 type remove
2026-07-27 00:51:43,719 [inflora.py] => [InfLoRA] DualGPM threshold: 0.9594
2026-07-27 00:51:45,177 [inflora.py] => [InfLoRA] Layer 1: 15/768 type remove
2026-07-27 00:51:45,177 [inflora.py] => [InfLoRA] Layer 2: 13/768 type remove
2026-07-27 00:51:45,177 [inflora.py] => [InfLoRA] Layer 3: 22/768 type remove
2026-07-27 00:51:45,177 [inflora.py] => [InfLoRA] Layer 4: 19/768 type remove
2026-07-27 00:51:45,177 [inflora.py] => [InfLoRA] Layer 5: 28/768 type remove
2026-07-27 00:51:45,177 [inflora.py] => [InfLoRA] Layer 6: 35/768 type remove
2026-07-27 00:51:45,177 [inflora.py] => [InfLoRA] Layer 7: 40/768 type remove
2026-07-27 00:51:45,177 [inflora.py] => [InfLoRA] Layer 8: 63/768 type remove
2026-07-27 00:51:45,177 [inflora.py] => [InfLoRA] Layer 9: 130/768 type remove
2026-07-27 00:51:45,178 [inflora.py] => [InfLoRA] Layer 10: 216/768 type remove
2026-07-27 00:51:45,178 [inflora.py] => [InfLoRA] Layer 11: 145/768 type remove
2026-07-27 00:51:45,178 [inflora.py] => [InfLoRA] Layer 12: 103/768 type remove
2026-07-27 00:51:51,242 [bounded_memory_mixin.py] => [bounded_mem eval] volume 0.20 | cycle 9 | classes_seen 70 | CIL top1 80.72 | top5 97.63 | (nearest latent task ~6) | param_hash c8fb7fdd3e5aef15 | per-task [89.95, 85.0, 56.35, 76.92, 86.5, 80.9, 89.0]
2026-07-27 00:54:31,754 [inflora.py] => [InfLoRA] DualGPM threshold: 0.9604
2026-07-27 00:54:33,222 [inflora.py] => [InfLoRA] Layer 1: 15/768 type remove
2026-07-27 00:54:33,223 [inflora.py] => [InfLoRA] Layer 2: 13/768 type remove
2026-07-27 00:54:33,223 [inflora.py] => [InfLoRA] Layer 3: 22/768 type remove
2026-07-27 00:54:33,223 [inflora.py] => [InfLoRA] Layer 4: 19/768 type remove
2026-07-27 00:54:33,223 [inflora.py] => [InfLoRA] Layer 5: 29/768 type remove
2026-07-27 00:54:33,223 [inflora.py] => [InfLoRA] Layer 6: 36/768 type remove
2026-07-27 00:54:33,223 [inflora.py] => [InfLoRA] Layer 7: 42/768 type remove
2026-07-27 00:54:33,223 [inflora.py] => [InfLoRA] Layer 8: 67/768 type remove
2026-07-27 00:54:33,223 [inflora.py] => [InfLoRA] Layer 9: 140/768 type remove
2026-07-27 00:54:33,223 [inflora.py] => [InfLoRA] Layer 10: 230/768 type remove
2026-07-27 00:54:33,223 [inflora.py] => [InfLoRA] Layer 11: 156/768 type remove
2026-07-27 00:54:33,223 [inflora.py] => [InfLoRA] Layer 12: 109/768 type remove
2026-07-27 00:57:13,553 [inflora.py] => [InfLoRA] DualGPM threshold: 0.9615
2026-07-27 00:57:15,039 [inflora.py] => [InfLoRA] Layer 1: 15/768 type remove
2026-07-27 00:57:15,039 [inflora.py] => [InfLoRA] Layer 2: 13/768 type remove
2026-07-27 00:57:15,039 [inflora.py] => [InfLoRA] Layer 3: 22/768 type remove
2026-07-27 00:57:15,039 [inflora.py] => [InfLoRA] Layer 4: 20/768 type remove
2026-07-27 00:57:15,039 [inflora.py] => [InfLoRA] Layer 5: 30/768 type remove
2026-07-27 00:57:15,039 [inflora.py] => [InfLoRA] Layer 6: 37/768 type remove
2026-07-27 00:57:15,039 [inflora.py] => [InfLoRA] Layer 7: 44/768 type remove
2026-07-27 00:57:15,039 [inflora.py] => [InfLoRA] Layer 8: 71/768 type remove
2026-07-27 00:57:15,040 [inflora.py] => [InfLoRA] Layer 9: 146/768 type remove
2026-07-27 00:57:15,040 [inflora.py] => [InfLoRA] Layer 10: 235/768 type remove
2026-07-27 00:57:15,040 [inflora.py] => [InfLoRA] Layer 11: 164/768 type remove
2026-07-27 00:57:15,040 [inflora.py] => [InfLoRA] Layer 12: 114/768 type remove
2026-07-27 00:59:55,559 [inflora.py] => [InfLoRA] DualGPM threshold: 0.9625
2026-07-27 00:59:57,019 [inflora.py] => [InfLoRA] Layer 1: 15/768 type remove
2026-07-27 00:59:57,020 [inflora.py] => [InfLoRA] Layer 2: 13/768 type remove
2026-07-27 00:59:57,020 [inflora.py] => [InfLoRA] Layer 3: 23/768 type remove
2026-07-27 00:59:57,020 [inflora.py] => [InfLoRA] Layer 4: 21/768 type remove
2026-07-27 00:59:57,020 [inflora.py] => [InfLoRA] Layer 5: 31/768 type remove
2026-07-27 00:59:57,020 [inflora.py] => [InfLoRA] Layer 6: 38/768 type remove
2026-07-27 00:59:57,020 [inflora.py] => [InfLoRA] Layer 7: 45/768 type remove
2026-07-27 00:59:57,020 [inflora.py] => [InfLoRA] Layer 8: 72/768 type remove
2026-07-27 00:59:57,020 [inflora.py] => [InfLoRA] Layer 9: 147/768 type remove
2026-07-27 00:59:57,020 [inflora.py] => [InfLoRA] Layer 10: 240/768 type remove
2026-07-27 00:59:57,020 [inflora.py] => [InfLoRA] Layer 11: 170/768 type remove
2026-07-27 00:59:57,020 [inflora.py] => [InfLoRA] Layer 12: 122/768 type remove
2026-07-27 01:02:37,591 [inflora.py] => [InfLoRA] DualGPM threshold: 0.9635
2026-07-27 01:02:39,065 [inflora.py] => [InfLoRA] Layer 1: 18/768 type remove
2026-07-27 01:02:39,065 [inflora.py] => [InfLoRA] Layer 2: 14/768 type remove
2026-07-27 01:02:39,065 [inflora.py] => [InfLoRA] Layer 3: 23/768 type remove
2026-07-27 01:02:39,065 [inflora.py] => [InfLoRA] Layer 4: 21/768 type remove
2026-07-27 01:02:39,065 [inflora.py] => [InfLoRA] Layer 5: 31/768 type remove
2026-07-27 01:02:39,065 [inflora.py] => [InfLoRA] Layer 6: 38/768 type remove
2026-07-27 01:02:39,065 [inflora.py] => [InfLoRA] Layer 7: 46/768 type remove
2026-07-27 01:02:39,065 [inflora.py] => [InfLoRA] Layer 8: 74/768 type remove
2026-07-27 01:02:39,065 [inflora.py] => [InfLoRA] Layer 9: 150/768 type remove
2026-07-27 01:02:39,065 [inflora.py] => [InfLoRA] Layer 10: 243/768 type remove
2026-07-27 01:02:39,065 [inflora.py] => [InfLoRA] Layer 11: 172/768 type remove
2026-07-27 01:02:39,066 [inflora.py] => [InfLoRA] Layer 12: 122/768 type remove
2026-07-27 01:05:19,550 [inflora.py] => [InfLoRA] DualGPM threshold: 0.9646
2026-07-27 01:05:21,041 [inflora.py] => [InfLoRA] Layer 1: 18/768 type remove
2026-07-27 01:05:21,041 [inflora.py] => [InfLoRA] Layer 2: 14/768 type remove
2026-07-27 01:05:21,041 [inflora.py] => [InfLoRA] Layer 3: 24/768 type remove
2026-07-27 01:05:21,041 [inflora.py] => [InfLoRA] Layer 4: 22/768 type remove
2026-07-27 01:05:21,041 [inflora.py] => [InfLoRA] Layer 5: 34/768 type remove
2026-07-27 01:05:21,042 [inflora.py] => [InfLoRA] Layer 6: 41/768 type remove
2026-07-27 01:05:21,042 [inflora.py] => [InfLoRA] Layer 7: 51/768 type remove
2026-07-27 01:05:21,042 [inflora.py] => [InfLoRA] Layer 8: 78/768 type remove
2026-07-27 01:05:21,042 [inflora.py] => [InfLoRA] Layer 9: 154/768 type remove
2026-07-27 01:05:21,042 [inflora.py] => [InfLoRA] Layer 10: 245/768 type remove
2026-07-27 01:05:21,042 [inflora.py] => [InfLoRA] Layer 11: 174/768 type remove
2026-07-27 01:05:21,042 [inflora.py] => [InfLoRA] Layer 12: 128/768 type remove
2026-07-27 01:05:29,050 [bounded_memory_mixin.py] => [bounded_mem eval] volume 0.30 | cycle 14 | classes_seen 100 | CIL top1 77.52 | top5 96.38 | (nearest latent task ~9) | param_hash e57b742eb8d65fc1 | per-task [83.92, 80.5, 57.87, 74.36, 88.0, 78.89, 90.5, 72.0, 75.5, 73.23]
2026-07-27 01:08:09,425 [inflora.py] => [InfLoRA] DualGPM threshold: 0.9656
2026-07-27 01:08:10,903 [inflora.py] => [InfLoRA] Layer 1: 18/768 type remove
2026-07-27 01:08:10,904 [inflora.py] => [InfLoRA] Layer 2: 14/768 type remove
2026-07-27 01:08:10,904 [inflora.py] => [InfLoRA] Layer 3: 24/768 type remove
2026-07-27 01:08:10,904 [inflora.py] => [InfLoRA] Layer 4: 23/768 type remove
2026-07-27 01:08:10,904 [inflora.py] => [InfLoRA] Layer 5: 36/768 type remove
2026-07-27 01:08:10,904 [inflora.py] => [InfLoRA] Layer 6: 45/768 type remove
2026-07-27 01:08:10,904 [inflora.py] => [InfLoRA] Layer 7: 54/768 type remove
2026-07-27 01:08:10,904 [inflora.py] => [InfLoRA] Layer 8: 83/768 type remove
2026-07-27 01:08:10,904 [inflora.py] => [InfLoRA] Layer 9: 157/768 type remove
2026-07-27 01:08:10,904 [inflora.py] => [InfLoRA] Layer 10: 247/768 type remove
2026-07-27 01:08:10,904 [inflora.py] => [InfLoRA] Layer 11: 175/768 type remove
2026-07-27 01:08:10,904 [inflora.py] => [InfLoRA] Layer 12: 134/768 type remove
2026-07-27 01:10:51,427 [inflora.py] => [InfLoRA] DualGPM threshold: 0.9667
2026-07-27 01:10:52,914 [inflora.py] => [InfLoRA] Layer 1: 18/768 type remove
2026-07-27 01:10:52,914 [inflora.py] => [InfLoRA] Layer 2: 14/768 type remove
2026-07-27 01:10:52,914 [inflora.py] => [InfLoRA] Layer 3: 26/768 type remove
2026-07-27 01:10:52,914 [inflora.py] => [InfLoRA] Layer 4: 25/768 type remove
2026-07-27 01:10:52,914 [inflora.py] => [InfLoRA] Layer 5: 40/768 type remove
2026-07-27 01:10:52,914 [inflora.py] => [InfLoRA] Layer 6: 50/768 type remove
2026-07-27 01:10:52,914 [inflora.py] => [InfLoRA] Layer 7: 60/768 type remove
2026-07-27 01:10:52,914 [inflora.py] => [InfLoRA] Layer 8: 90/768 type remove
2026-07-27 01:10:52,914 [inflora.py] => [InfLoRA] Layer 9: 165/768 type remove
2026-07-27 01:10:52,914 [inflora.py] => [InfLoRA] Layer 10: 255/768 type remove
2026-07-27 01:10:52,914 [inflora.py] => [InfLoRA] Layer 11: 181/768 type remove
2026-07-27 01:10:52,914 [inflora.py] => [InfLoRA] Layer 12: 146/768 type remove
2026-07-27 01:13:33,682 [inflora.py] => [InfLoRA] DualGPM threshold: 0.9677
2026-07-27 01:13:35,178 [inflora.py] => [InfLoRA] Layer 1: 18/768 type remove
2026-07-27 01:13:35,179 [inflora.py] => [InfLoRA] Layer 2: 14/768 type remove
2026-07-27 01:13:35,179 [inflora.py] => [InfLoRA] Layer 3: 26/768 type remove
2026-07-27 01:13:35,179 [inflora.py] => [InfLoRA] Layer 4: 26/768 type remove
2026-07-27 01:13:35,179 [inflora.py] => [InfLoRA] Layer 5: 40/768 type remove
2026-07-27 01:13:35,179 [inflora.py] => [InfLoRA] Layer 6: 51/768 type remove
2026-07-27 01:13:35,179 [inflora.py] => [InfLoRA] Layer 7: 62/768 type remove
2026-07-27 01:13:35,179 [inflora.py] => [InfLoRA] Layer 8: 93/768 type remove
2026-07-27 01:13:35,179 [inflora.py] => [InfLoRA] Layer 9: 169/768 type remove
2026-07-27 01:13:35,179 [inflora.py] => [InfLoRA] Layer 10: 259/768 type remove
2026-07-27 01:13:35,179 [inflora.py] => [InfLoRA] Layer 11: 185/768 type remove
2026-07-27 01:13:35,179 [inflora.py] => [InfLoRA] Layer 12: 152/768 type remove
2026-07-27 01:16:16,015 [inflora.py] => [InfLoRA] DualGPM threshold: 0.9688
2026-07-27 01:16:17,519 [inflora.py] => [InfLoRA] Layer 1: 18/768 type remove
2026-07-27 01:16:17,519 [inflora.py] => [InfLoRA] Layer 2: 14/768 type remove
2026-07-27 01:16:17,519 [inflora.py] => [InfLoRA] Layer 3: 27/768 type remove
2026-07-27 01:16:17,519 [inflora.py] => [InfLoRA] Layer 4: 27/768 type remove
2026-07-27 01:16:17,519 [inflora.py] => [InfLoRA] Layer 5: 42/768 type remove
2026-07-27 01:16:17,519 [inflora.py] => [InfLoRA] Layer 6: 54/768 type remove
2026-07-27 01:16:17,519 [inflora.py] => [InfLoRA] Layer 7: 67/768 type remove
2026-07-27 01:16:17,519 [inflora.py] => [InfLoRA] Layer 8: 102/768 type remove
2026-07-27 01:16:17,519 [inflora.py] => [InfLoRA] Layer 9: 183/768 type remove
2026-07-27 01:16:17,519 [inflora.py] => [InfLoRA] Layer 10: 275/768 type remove
2026-07-27 01:16:17,519 [inflora.py] => [InfLoRA] Layer 11: 196/768 type remove
2026-07-27 01:16:17,519 [inflora.py] => [InfLoRA] Layer 12: 171/768 type remove
2026-07-27 01:18:58,568 [inflora.py] => [InfLoRA] DualGPM threshold: 0.9698
2026-07-27 01:19:00,116 [inflora.py] => [InfLoRA] Layer 1: 26/768 type remove
2026-07-27 01:19:00,116 [inflora.py] => [InfLoRA] Layer 2: 16/768 type remove
2026-07-27 01:19:00,116 [inflora.py] => [InfLoRA] Layer 3: 30/768 type remove
2026-07-27 01:19:00,116 [inflora.py] => [InfLoRA] Layer 4: 29/768 type remove
2026-07-27 01:19:00,116 [inflora.py] => [InfLoRA] Layer 5: 45/768 type remove
2026-07-27 01:19:00,116 [inflora.py] => [InfLoRA] Layer 6: 59/768 type remove
2026-07-27 01:19:00,116 [inflora.py] => [InfLoRA] Layer 7: 72/768 type remove
2026-07-27 01:19:00,116 [inflora.py] => [InfLoRA] Layer 8: 114/768 type remove
2026-07-27 01:19:00,116 [inflora.py] => [InfLoRA] Layer 9: 207/768 type remove
2026-07-27 01:19:00,116 [inflora.py] => [InfLoRA] Layer 10: 302/768 type remove
2026-07-27 01:19:00,116 [inflora.py] => [InfLoRA] Layer 11: 221/768 type remove
2026-07-27 01:19:00,116 [inflora.py] => [InfLoRA] Layer 12: 183/768 type remove
2026-07-27 01:19:10,763 [bounded_memory_mixin.py] => [bounded_mem eval] volume 0.40 | cycle 19 | classes_seen 140 | CIL top1 74.25 | top5 94.86 | (nearest latent task ~13) | param_hash 1e7dbb3af5001929 | per-task [78.39, 75.5, 57.87, 73.85, 87.0, 78.89, 86.5, 69.5, 74.5, 78.79, 86.87, 59.39, 82.5, 49.49]
2026-07-27 01:21:51,628 [inflora.py] => [InfLoRA] DualGPM threshold: 0.9708
2026-07-27 01:21:53,159 [inflora.py] => [InfLoRA] Layer 1: 26/768 type remove
2026-07-27 01:21:53,159 [inflora.py] => [InfLoRA] Layer 2: 16/768 type remove
2026-07-27 01:21:53,159 [inflora.py] => [InfLoRA] Layer 3: 32/768 type remove
2026-07-27 01:21:53,159 [inflora.py] => [InfLoRA] Layer 4: 31/768 type remove
2026-07-27 01:21:53,159 [inflora.py] => [InfLoRA] Layer 5: 47/768 type remove
2026-07-27 01:21:53,159 [inflora.py] => [InfLoRA] Layer 6: 63/768 type remove
2026-07-27 01:21:53,160 [inflora.py] => [InfLoRA] Layer 7: 76/768 type remove
2026-07-27 01:21:53,160 [inflora.py] => [InfLoRA] Layer 8: 120/768 type remove
2026-07-27 01:21:53,160 [inflora.py] => [InfLoRA] Layer 9: 224/768 type remove
2026-07-27 01:21:53,160 [inflora.py] => [InfLoRA] Layer 10: 332/768 type remove
2026-07-27 01:21:53,160 [inflora.py] => [InfLoRA] Layer 11: 259/768 type remove
2026-07-27 01:21:53,160 [inflora.py] => [InfLoRA] Layer 12: 190/768 type remove
2026-07-27 01:24:33,948 [inflora.py] => [InfLoRA] DualGPM threshold: 0.9719
2026-07-27 01:24:35,474 [inflora.py] => [InfLoRA] Layer 1: 26/768 type remove
2026-07-27 01:24:35,474 [inflora.py] => [InfLoRA] Layer 2: 16/768 type remove
2026-07-27 01:24:35,474 [inflora.py] => [InfLoRA] Layer 3: 32/768 type remove
2026-07-27 01:24:35,474 [inflora.py] => [InfLoRA] Layer 4: 31/768 type remove
2026-07-27 01:24:35,474 [inflora.py] => [InfLoRA] Layer 5: 48/768 type remove
2026-07-27 01:24:35,474 [inflora.py] => [InfLoRA] Layer 6: 64/768 type remove
2026-07-27 01:24:35,475 [inflora.py] => [InfLoRA] Layer 7: 77/768 type remove
2026-07-27 01:24:35,475 [inflora.py] => [InfLoRA] Layer 8: 122/768 type remove
2026-07-27 01:24:35,475 [inflora.py] => [InfLoRA] Layer 9: 227/768 type remove
2026-07-27 01:24:35,475 [inflora.py] => [InfLoRA] Layer 10: 340/768 type remove
2026-07-27 01:24:35,475 [inflora.py] => [InfLoRA] Layer 11: 262/768 type remove
2026-07-27 01:24:35,475 [inflora.py] => [InfLoRA] Layer 12: 207/768 type remove
2026-07-27 01:27:15,884 [inflora.py] => [InfLoRA] DualGPM threshold: 0.9729
2026-07-27 01:27:17,425 [inflora.py] => [InfLoRA] Layer 1: 26/768 type remove
2026-07-27 01:27:17,425 [inflora.py] => [InfLoRA] Layer 2: 16/768 type remove
2026-07-27 01:27:17,425 [inflora.py] => [InfLoRA] Layer 3: 33/768 type remove
2026-07-27 01:27:17,425 [inflora.py] => [InfLoRA] Layer 4: 32/768 type remove
2026-07-27 01:27:17,425 [inflora.py] => [InfLoRA] Layer 5: 49/768 type remove
2026-07-27 01:27:17,425 [inflora.py] => [InfLoRA] Layer 6: 66/768 type remove
2026-07-27 01:27:17,425 [inflora.py] => [InfLoRA] Layer 7: 81/768 type remove
2026-07-27 01:27:17,425 [inflora.py] => [InfLoRA] Layer 8: 126/768 type remove
2026-07-27 01:27:17,425 [inflora.py] => [InfLoRA] Layer 9: 231/768 type remove
2026-07-27 01:27:17,425 [inflora.py] => [InfLoRA] Layer 10: 341/768 type remove
2026-07-27 01:27:17,425 [inflora.py] => [InfLoRA] Layer 11: 265/768 type remove
2026-07-27 01:27:17,425 [inflora.py] => [InfLoRA] Layer 12: 210/768 type remove
2026-07-27 01:29:57,674 [inflora.py] => [InfLoRA] DualGPM threshold: 0.9740
2026-07-27 01:29:59,205 [inflora.py] => [InfLoRA] Layer 1: 26/768 type remove
2026-07-27 01:29:59,206 [inflora.py] => [InfLoRA] Layer 2: 16/768 type remove
2026-07-27 01:29:59,206 [inflora.py] => [InfLoRA] Layer 3: 33/768 type remove
2026-07-27 01:29:59,206 [inflora.py] => [InfLoRA] Layer 4: 32/768 type remove
2026-07-27 01:29:59,206 [inflora.py] => [InfLoRA] Layer 5: 50/768 type remove
2026-07-27 01:29:59,206 [inflora.py] => [InfLoRA] Layer 6: 67/768 type remove
2026-07-27 01:29:59,206 [inflora.py] => [InfLoRA] Layer 7: 83/768 type remove
2026-07-27 01:29:59,206 [inflora.py] => [InfLoRA] Layer 8: 130/768 type remove
2026-07-27 01:29:59,206 [inflora.py] => [InfLoRA] Layer 9: 235/768 type remove
2026-07-27 01:29:59,206 [inflora.py] => [InfLoRA] Layer 10: 345/768 type remove
2026-07-27 01:29:59,206 [inflora.py] => [InfLoRA] Layer 11: 269/768 type remove
2026-07-27 01:29:59,206 [inflora.py] => [InfLoRA] Layer 12: 227/768 type remove
2026-07-27 01:30:11,133 [bounded_memory_mixin.py] => [bounded_mem eval] volume 0.50 | cycle 23 | classes_seen 160 | CIL top1 75.00 | top5 94.47 | (nearest latent task ~15) | param_hash 779f9f07e489d968 | per-task [78.89, 75.5, 55.33, 71.28, 86.5, 77.39, 87.0, 66.0, 72.0, 75.76, 84.34, 59.39, 84.0, 77.27, 81.0, 67.84]
2026-07-27 01:32:51,692 [inflora.py] => [InfLoRA] DualGPM threshold: 0.9750
2026-07-27 01:32:53,201 [inflora.py] => [InfLoRA] Layer 1: 26/768 type remove
2026-07-27 01:32:53,202 [inflora.py] => [InfLoRA] Layer 2: 16/768 type remove
2026-07-27 01:32:53,202 [inflora.py] => [InfLoRA] Layer 3: 34/768 type remove
2026-07-27 01:32:53,202 [inflora.py] => [InfLoRA] Layer 4: 33/768 type remove
2026-07-27 01:32:53,202 [inflora.py] => [InfLoRA] Layer 5: 52/768 type remove
2026-07-27 01:32:53,202 [inflora.py] => [InfLoRA] Layer 6: 70/768 type remove
2026-07-27 01:32:53,202 [inflora.py] => [InfLoRA] Layer 7: 87/768 type remove
2026-07-27 01:32:53,202 [inflora.py] => [InfLoRA] Layer 8: 137/768 type remove
2026-07-27 01:32:53,202 [inflora.py] => [InfLoRA] Layer 9: 242/768 type remove
2026-07-27 01:32:53,202 [inflora.py] => [InfLoRA] Layer 10: 354/768 type remove
2026-07-27 01:32:53,202 [inflora.py] => [InfLoRA] Layer 11: 275/768 type remove
2026-07-27 01:32:53,202 [inflora.py] => [InfLoRA] Layer 12: 235/768 type remove
2026-07-27 01:35:33,280 [inflora.py] => [InfLoRA] DualGPM threshold: 0.9760
2026-07-27 01:35:34,805 [inflora.py] => [InfLoRA] Layer 1: 26/768 type remove
2026-07-27 01:35:34,806 [inflora.py] => [InfLoRA] Layer 2: 16/768 type remove
2026-07-27 01:35:34,806 [inflora.py] => [InfLoRA] Layer 3: 36/768 type remove
2026-07-27 01:35:34,806 [inflora.py] => [InfLoRA] Layer 4: 35/768 type remove
2026-07-27 01:35:34,806 [inflora.py] => [InfLoRA] Layer 5: 55/768 type remove
2026-07-27 01:35:34,806 [inflora.py] => [InfLoRA] Layer 6: 73/768 type remove
2026-07-27 01:35:34,806 [inflora.py] => [InfLoRA] Layer 7: 91/768 type remove
2026-07-27 01:35:34,806 [inflora.py] => [InfLoRA] Layer 8: 143/768 type remove
2026-07-27 01:35:34,806 [inflora.py] => [InfLoRA] Layer 9: 250/768 type remove
2026-07-27 01:35:34,806 [inflora.py] => [InfLoRA] Layer 10: 357/768 type remove
2026-07-27 01:35:34,806 [inflora.py] => [InfLoRA] Layer 11: 279/768 type remove
2026-07-27 01:35:34,806 [inflora.py] => [InfLoRA] Layer 12: 244/768 type remove
2026-07-27 01:38:14,923 [inflora.py] => [InfLoRA] DualGPM threshold: 0.9771
2026-07-27 01:38:16,464 [inflora.py] => [InfLoRA] Layer 1: 29/768 type remove
2026-07-27 01:38:16,465 [inflora.py] => [InfLoRA] Layer 2: 19/768 type remove
2026-07-27 01:38:16,465 [inflora.py] => [InfLoRA] Layer 3: 39/768 type remove
2026-07-27 01:38:16,465 [inflora.py] => [InfLoRA] Layer 4: 38/768 type remove
2026-07-27 01:38:16,465 [inflora.py] => [InfLoRA] Layer 5: 60/768 type remove
2026-07-27 01:38:16,465 [inflora.py] => [InfLoRA] Layer 6: 78/768 type remove
2026-07-27 01:38:16,465 [inflora.py] => [InfLoRA] Layer 7: 96/768 type remove
2026-07-27 01:38:16,465 [inflora.py] => [InfLoRA] Layer 8: 149/768 type remove
2026-07-27 01:38:16,465 [inflora.py] => [InfLoRA] Layer 9: 259/768 type remove
2026-07-27 01:38:16,465 [inflora.py] => [InfLoRA] Layer 10: 368/768 type remove
2026-07-27 01:38:16,465 [inflora.py] => [InfLoRA] Layer 11: 289/768 type remove
2026-07-27 01:38:16,465 [inflora.py] => [InfLoRA] Layer 12: 258/768 type remove
2026-07-27 01:40:56,343 [inflora.py] => [InfLoRA] DualGPM threshold: 0.9781
2026-07-27 01:40:57,873 [inflora.py] => [InfLoRA] Layer 1: 42/768 type remove
2026-07-27 01:40:57,873 [inflora.py] => [InfLoRA] Layer 2: 22/768 type remove
2026-07-27 01:40:57,873 [inflora.py] => [InfLoRA] Layer 3: 43/768 type remove
2026-07-27 01:40:57,873 [inflora.py] => [InfLoRA] Layer 4: 41/768 type remove
2026-07-27 01:40:57,873 [inflora.py] => [InfLoRA] Layer 5: 64/768 type remove
2026-07-27 01:40:57,873 [inflora.py] => [InfLoRA] Layer 6: 83/768 type remove
2026-07-27 01:40:57,873 [inflora.py] => [InfLoRA] Layer 7: 102/768 type remove
2026-07-27 01:40:57,873 [inflora.py] => [InfLoRA] Layer 8: 156/768 type remove
2026-07-27 01:40:57,873 [inflora.py] => [InfLoRA] Layer 9: 268/768 type remove
2026-07-27 01:40:57,873 [inflora.py] => [InfLoRA] Layer 10: 379/768 type remove
2026-07-27 01:40:57,874 [inflora.py] => [InfLoRA] Layer 11: 306/768 type remove
2026-07-27 01:40:57,874 [inflora.py] => [InfLoRA] Layer 12: 259/768 type remove
2026-07-27 01:43:38,637 [inflora.py] => [InfLoRA] DualGPM threshold: 0.9792
2026-07-27 01:43:40,186 [inflora.py] => [InfLoRA] Layer 1: 42/768 type remove
2026-07-27 01:43:40,186 [inflora.py] => [InfLoRA] Layer 2: 22/768 type remove
2026-07-27 01:43:40,186 [inflora.py] => [InfLoRA] Layer 3: 46/768 type remove
2026-07-27 01:43:40,186 [inflora.py] => [InfLoRA] Layer 4: 43/768 type remove
2026-07-27 01:43:40,186 [inflora.py] => [InfLoRA] Layer 5: 68/768 type remove
2026-07-27 01:43:40,186 [inflora.py] => [InfLoRA] Layer 6: 87/768 type remove
2026-07-27 01:43:40,186 [inflora.py] => [InfLoRA] Layer 7: 106/768 type remove
2026-07-27 01:43:40,186 [inflora.py] => [InfLoRA] Layer 8: 159/768 type remove
2026-07-27 01:43:40,186 [inflora.py] => [InfLoRA] Layer 9: 271/768 type remove
2026-07-27 01:43:40,224 [inflora.py] => [InfLoRA] Layer 10: 382/768 type retain
2026-07-27 01:43:40,224 [inflora.py] => [InfLoRA] Layer 11: 317/768 type remove
2026-07-27 01:43:40,224 [inflora.py] => [InfLoRA] Layer 12: 265/768 type remove
2026-07-27 01:43:54,094 [bounded_memory_mixin.py] => [bounded_mem eval] volume 0.60 | cycle 28 | classes_seen 190 | CIL top1 72.43 | top5 93.46 | (nearest latent task ~18) | param_hash 5d84d3a23c50fbb4 | per-task [75.88, 71.0, 51.78, 72.31, 85.0, 79.4, 87.5, 61.5, 70.0, 73.74, 80.3, 57.36, 80.0, 81.82, 71.5, 79.4, 61.31, 83.5, 52.5]
2026-07-27 01:46:34,980 [inflora.py] => [InfLoRA] DualGPM threshold: 0.9802
2026-07-27 01:46:36,615 [inflora.py] => [InfLoRA] Layer 1: 42/768 type remove
2026-07-27 01:46:36,616 [inflora.py] => [InfLoRA] Layer 2: 22/768 type remove
2026-07-27 01:46:36,616 [inflora.py] => [InfLoRA] Layer 3: 49/768 type remove
2026-07-27 01:46:36,616 [inflora.py] => [InfLoRA] Layer 4: 46/768 type remove
2026-07-27 01:46:36,616 [inflora.py] => [InfLoRA] Layer 5: 71/768 type remove
2026-07-27 01:46:36,616 [inflora.py] => [InfLoRA] Layer 6: 91/768 type remove
2026-07-27 01:46:36,616 [inflora.py] => [InfLoRA] Layer 7: 110/768 type remove
2026-07-27 01:46:36,616 [inflora.py] => [InfLoRA] Layer 8: 163/768 type remove
2026-07-27 01:46:36,616 [inflora.py] => [InfLoRA] Layer 9: 275/768 type remove
2026-07-27 01:46:36,616 [inflora.py] => [InfLoRA] Layer 10: 377/768 type retain
2026-07-27 01:46:36,616 [inflora.py] => [InfLoRA] Layer 11: 326/768 type remove
2026-07-27 01:46:36,616 [inflora.py] => [InfLoRA] Layer 12: 266/768 type remove
2026-07-27 01:49:16,972 [inflora.py] => [InfLoRA] DualGPM threshold: 0.9812
2026-07-27 01:49:18,665 [inflora.py] => [InfLoRA] Layer 1: 42/768 type remove
2026-07-27 01:49:18,665 [inflora.py] => [InfLoRA] Layer 2: 22/768 type remove
2026-07-27 01:49:18,665 [inflora.py] => [InfLoRA] Layer 3: 50/768 type remove
2026-07-27 01:49:18,665 [inflora.py] => [InfLoRA] Layer 4: 47/768 type remove
2026-07-27 01:49:18,665 [inflora.py] => [InfLoRA] Layer 5: 73/768 type remove
2026-07-27 01:49:18,665 [inflora.py] => [InfLoRA] Layer 6: 93/768 type remove
2026-07-27 01:49:18,665 [inflora.py] => [InfLoRA] Layer 7: 114/768 type remove
2026-07-27 01:49:18,665 [inflora.py] => [InfLoRA] Layer 8: 168/768 type remove
2026-07-27 01:49:18,665 [inflora.py] => [InfLoRA] Layer 9: 280/768 type remove
2026-07-27 01:49:18,665 [inflora.py] => [InfLoRA] Layer 10: 372/768 type retain
2026-07-27 01:49:18,665 [inflora.py] => [InfLoRA] Layer 11: 331/768 type remove
2026-07-27 01:49:18,665 [inflora.py] => [InfLoRA] Layer 12: 272/768 type remove
2026-07-27 01:51:59,818 [inflora.py] => [InfLoRA] DualGPM threshold: 0.9823
2026-07-27 01:52:01,466 [inflora.py] => [InfLoRA] Layer 1: 42/768 type remove
2026-07-27 01:52:01,466 [inflora.py] => [InfLoRA] Layer 2: 22/768 type remove
2026-07-27 01:52:01,466 [inflora.py] => [InfLoRA] Layer 3: 51/768 type remove
2026-07-27 01:52:01,467 [inflora.py] => [InfLoRA] Layer 4: 48/768 type remove
2026-07-27 01:52:01,467 [inflora.py] => [InfLoRA] Layer 5: 75/768 type remove
2026-07-27 01:52:01,467 [inflora.py] => [InfLoRA] Layer 6: 96/768 type remove
2026-07-27 01:52:01,467 [inflora.py] => [InfLoRA] Layer 7: 117/768 type remove
2026-07-27 01:52:01,467 [inflora.py] => [InfLoRA] Layer 8: 172/768 type remove
2026-07-27 01:52:01,467 [inflora.py] => [InfLoRA] Layer 9: 284/768 type remove
2026-07-27 01:52:01,467 [inflora.py] => [InfLoRA] Layer 10: 369/768 type retain
2026-07-27 01:52:01,467 [inflora.py] => [InfLoRA] Layer 11: 334/768 type remove
2026-07-27 01:52:01,467 [inflora.py] => [InfLoRA] Layer 12: 274/768 type remove
2026-07-27 01:54:41,733 [inflora.py] => [InfLoRA] DualGPM threshold: 0.9833
2026-07-27 01:54:43,372 [inflora.py] => [InfLoRA] Layer 1: 42/768 type remove
2026-07-27 01:54:43,372 [inflora.py] => [InfLoRA] Layer 2: 22/768 type remove
2026-07-27 01:54:43,372 [inflora.py] => [InfLoRA] Layer 3: 53/768 type remove
2026-07-27 01:54:43,372 [inflora.py] => [InfLoRA] Layer 4: 52/768 type remove
2026-07-27 01:54:43,372 [inflora.py] => [InfLoRA] Layer 5: 80/768 type remove
2026-07-27 01:54:43,372 [inflora.py] => [InfLoRA] Layer 6: 103/768 type remove
2026-07-27 01:54:43,372 [inflora.py] => [InfLoRA] Layer 7: 125/768 type remove
2026-07-27 01:54:43,372 [inflora.py] => [InfLoRA] Layer 8: 181/768 type remove
2026-07-27 01:54:43,372 [inflora.py] => [InfLoRA] Layer 9: 292/768 type remove
2026-07-27 01:54:43,373 [inflora.py] => [InfLoRA] Layer 10: 363/768 type retain
2026-07-27 01:54:43,373 [inflora.py] => [InfLoRA] Layer 11: 337/768 type remove
2026-07-27 01:54:43,373 [inflora.py] => [InfLoRA] Layer 12: 279/768 type remove
2026-07-27 01:57:23,680 [inflora.py] => [InfLoRA] DualGPM threshold: 0.9844
2026-07-27 01:57:25,363 [inflora.py] => [InfLoRA] Layer 1: 42/768 type remove
2026-07-27 01:57:25,363 [inflora.py] => [InfLoRA] Layer 2: 23/768 type remove
2026-07-27 01:57:25,363 [inflora.py] => [InfLoRA] Layer 3: 59/768 type remove
2026-07-27 01:57:25,363 [inflora.py] => [InfLoRA] Layer 4: 59/768 type remove
2026-07-27 01:57:25,363 [inflora.py] => [InfLoRA] Layer 5: 89/768 type remove
2026-07-27 01:57:25,363 [inflora.py] => [InfLoRA] Layer 6: 117/768 type remove
2026-07-27 01:57:25,363 [inflora.py] => [InfLoRA] Layer 7: 143/768 type remove
2026-07-27 01:57:25,363 [inflora.py] => [InfLoRA] Layer 8: 208/768 type remove
2026-07-27 01:57:25,363 [inflora.py] => [InfLoRA] Layer 9: 329/768 type remove
2026-07-27 01:57:25,363 [inflora.py] => [InfLoRA] Layer 10: 336/768 type retain
2026-07-27 01:57:25,363 [inflora.py] => [InfLoRA] Layer 11: 357/768 type remove
2026-07-27 01:57:25,363 [inflora.py] => [InfLoRA] Layer 12: 291/768 type remove
2026-07-27 01:57:41,084 [bounded_memory_mixin.py] => [bounded_mem eval] volume 0.70 | cycle 33 | classes_seen 220 | CIL top1 69.07 | top5 91.14 | (nearest latent task ~21) | param_hash d8ff5841e857be2b | per-task [66.83, 70.5, 54.82, 69.74, 84.0, 76.88, 87.0, 66.5, 64.5, 75.25, 78.28, 51.78, 75.5, 76.77, 73.0, 80.4, 62.81, 85.0, 51.0, 54.27, 52.76, 61.5]
2026-07-27 02:00:21,243 [inflora.py] => [InfLoRA] DualGPM threshold: 0.9854
2026-07-27 02:00:22,893 [inflora.py] => [InfLoRA] Layer 1: 46/768 type remove
2026-07-27 02:00:22,893 [inflora.py] => [InfLoRA] Layer 2: 26/768 type remove
2026-07-27 02:00:22,893 [inflora.py] => [InfLoRA] Layer 3: 65/768 type remove
2026-07-27 02:00:22,893 [inflora.py] => [InfLoRA] Layer 4: 65/768 type remove
2026-07-27 02:00:22,893 [inflora.py] => [InfLoRA] Layer 5: 97/768 type remove
2026-07-27 02:00:22,893 [inflora.py] => [InfLoRA] Layer 6: 126/768 type remove
2026-07-27 02:00:22,893 [inflora.py] => [InfLoRA] Layer 7: 152/768 type remove
2026-07-27 02:00:22,893 [inflora.py] => [InfLoRA] Layer 8: 220/768 type remove
2026-07-27 02:00:22,893 [inflora.py] => [InfLoRA] Layer 9: 344/768 type remove
2026-07-27 02:00:22,893 [inflora.py] => [InfLoRA] Layer 10: 328/768 type retain
2026-07-27 02:00:22,893 [inflora.py] => [InfLoRA] Layer 11: 363/768 type remove
2026-07-27 02:00:22,893 [inflora.py] => [InfLoRA] Layer 12: 293/768 type remove
2026-07-27 02:03:03,282 [inflora.py] => [InfLoRA] DualGPM threshold: 0.9865
2026-07-27 02:03:04,959 [inflora.py] => [InfLoRA] Layer 1: 46/768 type remove
2026-07-27 02:03:04,959 [inflora.py] => [InfLoRA] Layer 2: 26/768 type remove
2026-07-27 02:03:04,959 [inflora.py] => [InfLoRA] Layer 3: 65/768 type remove
2026-07-27 02:03:04,959 [inflora.py] => [InfLoRA] Layer 4: 66/768 type remove
2026-07-27 02:03:04,959 [inflora.py] => [InfLoRA] Layer 5: 98/768 type remove
2026-07-27 02:03:04,960 [inflora.py] => [InfLoRA] Layer 6: 128/768 type remove
2026-07-27 02:03:04,960 [inflora.py] => [InfLoRA] Layer 7: 156/768 type remove
2026-07-27 02:03:04,960 [inflora.py] => [InfLoRA] Layer 8: 224/768 type remove
2026-07-27 02:03:04,960 [inflora.py] => [InfLoRA] Layer 9: 352/768 type remove
2026-07-27 02:03:04,960 [inflora.py] => [InfLoRA] Layer 10: 312/768 type retain
2026-07-27 02:03:04,960 [inflora.py] => [InfLoRA] Layer 11: 381/768 type remove
2026-07-27 02:03:04,960 [inflora.py] => [InfLoRA] Layer 12: 314/768 type remove
2026-07-27 02:05:45,233 [inflora.py] => [InfLoRA] DualGPM threshold: 0.9875
2026-07-27 02:05:46,879 [inflora.py] => [InfLoRA] Layer 1: 46/768 type remove
2026-07-27 02:05:46,879 [inflora.py] => [InfLoRA] Layer 2: 26/768 type remove
2026-07-27 02:05:46,879 [inflora.py] => [InfLoRA] Layer 3: 66/768 type remove
2026-07-27 02:05:46,879 [inflora.py] => [InfLoRA] Layer 4: 67/768 type remove
2026-07-27 02:05:46,880 [inflora.py] => [InfLoRA] Layer 5: 100/768 type remove
2026-07-27 02:05:46,880 [inflora.py] => [InfLoRA] Layer 6: 132/768 type remove
2026-07-27 02:05:46,880 [inflora.py] => [InfLoRA] Layer 7: 164/768 type remove
2026-07-27 02:05:46,880 [inflora.py] => [InfLoRA] Layer 8: 235/768 type remove
2026-07-27 02:05:46,880 [inflora.py] => [InfLoRA] Layer 9: 365/768 type remove
2026-07-27 02:05:46,880 [inflora.py] => [InfLoRA] Layer 10: 303/768 type retain
2026-07-27 02:05:46,904 [inflora.py] => [InfLoRA] Layer 11: 378/768 type retain
2026-07-27 02:05:46,904 [inflora.py] => [InfLoRA] Layer 12: 342/768 type remove
2026-07-27 02:08:27,427 [inflora.py] => [InfLoRA] DualGPM threshold: 0.9885
2026-07-27 02:08:29,170 [inflora.py] => [InfLoRA] Layer 1: 46/768 type remove
2026-07-27 02:08:29,170 [inflora.py] => [InfLoRA] Layer 2: 26/768 type remove
2026-07-27 02:08:29,170 [inflora.py] => [InfLoRA] Layer 3: 68/768 type remove
2026-07-27 02:08:29,170 [inflora.py] => [InfLoRA] Layer 4: 70/768 type remove
2026-07-27 02:08:29,170 [inflora.py] => [InfLoRA] Layer 5: 105/768 type remove
2026-07-27 02:08:29,170 [inflora.py] => [InfLoRA] Layer 6: 138/768 type remove
2026-07-27 02:08:29,170 [inflora.py] => [InfLoRA] Layer 7: 172/768 type remove
2026-07-27 02:08:29,170 [inflora.py] => [InfLoRA] Layer 8: 248/768 type remove
2026-07-27 02:08:29,170 [inflora.py] => [InfLoRA] Layer 9: 379/768 type remove
2026-07-27 02:08:29,170 [inflora.py] => [InfLoRA] Layer 10: 293/768 type retain
2026-07-27 02:08:29,170 [inflora.py] => [InfLoRA] Layer 11: 367/768 type retain
2026-07-27 02:08:29,170 [inflora.py] => [InfLoRA] Layer 12: 358/768 type remove
2026-07-27 02:11:09,590 [inflora.py] => [InfLoRA] DualGPM threshold: 0.9896
2026-07-27 02:11:11,451 [inflora.py] => [InfLoRA] Layer 1: 51/768 type remove
2026-07-27 02:11:11,451 [inflora.py] => [InfLoRA] Layer 2: 30/768 type remove
2026-07-27 02:11:11,451 [inflora.py] => [InfLoRA] Layer 3: 77/768 type remove
2026-07-27 02:11:11,452 [inflora.py] => [InfLoRA] Layer 4: 80/768 type remove
2026-07-27 02:11:11,452 [inflora.py] => [InfLoRA] Layer 5: 115/768 type remove
2026-07-27 02:11:11,452 [inflora.py] => [InfLoRA] Layer 6: 150/768 type remove
2026-07-27 02:11:11,452 [inflora.py] => [InfLoRA] Layer 7: 181/768 type remove
2026-07-27 02:11:11,452 [inflora.py] => [InfLoRA] Layer 8: 255/768 type remove
2026-07-27 02:11:11,476 [inflora.py] => [InfLoRA] Layer 9: 382/768 type retain
2026-07-27 02:11:11,476 [inflora.py] => [InfLoRA] Layer 10: 274/768 type retain
2026-07-27 02:11:11,476 [inflora.py] => [InfLoRA] Layer 11: 338/768 type retain
2026-07-27 02:11:11,476 [inflora.py] => [InfLoRA] Layer 12: 383/768 type remove
2026-07-27 02:11:29,142 [bounded_memory_mixin.py] => [bounded_mem eval] volume 0.80 | cycle 38 | classes_seen 250 | CIL top1 66.45 | top5 89.68 | (nearest latent task ~24) | param_hash 8fab0b58d716c36c | per-task [68.34, 66.5, 51.78, 63.59, 83.5, 71.36, 84.5, 56.5, 61.0, 73.74, 70.71, 50.76, 75.5, 75.25, 68.5, 76.88, 63.32, 85.5, 53.0, 55.78, 51.26, 51.0, 66.5, 77.16, 59.0]
2026-07-27 02:14:09,379 [inflora.py] => [InfLoRA] DualGPM threshold: 0.9906
2026-07-27 02:14:11,245 [inflora.py] => [InfLoRA] Layer 1: 51/768 type remove
2026-07-27 02:14:11,245 [inflora.py] => [InfLoRA] Layer 2: 30/768 type remove
2026-07-27 02:14:11,245 [inflora.py] => [InfLoRA] Layer 3: 82/768 type remove
2026-07-27 02:14:11,245 [inflora.py] => [InfLoRA] Layer 4: 86/768 type remove
2026-07-27 02:14:11,245 [inflora.py] => [InfLoRA] Layer 5: 124/768 type remove
2026-07-27 02:14:11,245 [inflora.py] => [InfLoRA] Layer 6: 161/768 type remove
2026-07-27 02:14:11,245 [inflora.py] => [InfLoRA] Layer 7: 196/768 type remove
2026-07-27 02:14:11,245 [inflora.py] => [InfLoRA] Layer 8: 273/768 type remove
2026-07-27 02:14:11,245 [inflora.py] => [InfLoRA] Layer 9: 358/768 type retain
2026-07-27 02:14:11,245 [inflora.py] => [InfLoRA] Layer 10: 244/768 type retain
2026-07-27 02:14:11,245 [inflora.py] => [InfLoRA] Layer 11: 295/768 type retain
2026-07-27 02:14:11,272 [inflora.py] => [InfLoRA] Layer 12: 345/768 type retain
2026-07-27 02:16:51,498 [inflora.py] => [InfLoRA] DualGPM threshold: 0.9917
2026-07-27 02:16:53,579 [inflora.py] => [InfLoRA] Layer 1: 52/768 type remove
2026-07-27 02:16:53,579 [inflora.py] => [InfLoRA] Layer 2: 32/768 type remove
2026-07-27 02:16:53,579 [inflora.py] => [InfLoRA] Layer 3: 88/768 type remove
2026-07-27 02:16:53,579 [inflora.py] => [InfLoRA] Layer 4: 93/768 type remove
2026-07-27 02:16:53,579 [inflora.py] => [InfLoRA] Layer 5: 132/768 type remove
2026-07-27 02:16:53,579 [inflora.py] => [InfLoRA] Layer 6: 172/768 type remove
2026-07-27 02:16:53,579 [inflora.py] => [InfLoRA] Layer 7: 210/768 type remove
2026-07-27 02:16:53,579 [inflora.py] => [InfLoRA] Layer 8: 289/768 type remove
2026-07-27 02:16:53,579 [inflora.py] => [InfLoRA] Layer 9: 342/768 type retain
2026-07-27 02:16:53,580 [inflora.py] => [InfLoRA] Layer 10: 234/768 type retain
2026-07-27 02:16:53,580 [inflora.py] => [InfLoRA] Layer 11: 283/768 type retain
2026-07-27 02:16:53,580 [inflora.py] => [InfLoRA] Layer 12: 340/768 type retain
2026-07-27 02:19:34,029 [inflora.py] => [InfLoRA] DualGPM threshold: 0.9927
2026-07-27 02:19:36,127 [inflora.py] => [InfLoRA] Layer 1: 59/768 type remove
2026-07-27 02:19:36,127 [inflora.py] => [InfLoRA] Layer 2: 35/768 type remove
2026-07-27 02:19:36,127 [inflora.py] => [InfLoRA] Layer 3: 95/768 type remove
2026-07-27 02:19:36,127 [inflora.py] => [InfLoRA] Layer 4: 101/768 type remove
2026-07-27 02:19:36,127 [inflora.py] => [InfLoRA] Layer 5: 143/768 type remove
2026-07-27 02:19:36,127 [inflora.py] => [InfLoRA] Layer 6: 185/768 type remove
2026-07-27 02:19:36,127 [inflora.py] => [InfLoRA] Layer 7: 227/768 type remove
2026-07-27 02:19:36,127 [inflora.py] => [InfLoRA] Layer 8: 314/768 type remove
2026-07-27 02:19:36,127 [inflora.py] => [InfLoRA] Layer 9: 308/768 type retain
2026-07-27 02:19:36,127 [inflora.py] => [InfLoRA] Layer 10: 202/768 type retain
2026-07-27 02:19:36,127 [inflora.py] => [InfLoRA] Layer 11: 246/768 type retain
2026-07-27 02:19:36,127 [inflora.py] => [InfLoRA] Layer 12: 310/768 type retain
2026-07-27 02:22:16,353 [inflora.py] => [InfLoRA] DualGPM threshold: 0.9938
2026-07-27 02:22:18,406 [inflora.py] => [InfLoRA] Layer 1: 63/768 type remove
2026-07-27 02:22:18,406 [inflora.py] => [InfLoRA] Layer 2: 38/768 type remove
2026-07-27 02:22:18,406 [inflora.py] => [InfLoRA] Layer 3: 103/768 type remove
2026-07-27 02:22:18,406 [inflora.py] => [InfLoRA] Layer 4: 110/768 type remove
2026-07-27 02:22:18,406 [inflora.py] => [InfLoRA] Layer 5: 153/768 type remove
2026-07-27 02:22:18,406 [inflora.py] => [InfLoRA] Layer 6: 199/768 type remove
2026-07-27 02:22:18,406 [inflora.py] => [InfLoRA] Layer 7: 244/768 type remove
2026-07-27 02:22:18,406 [inflora.py] => [InfLoRA] Layer 8: 335/768 type remove
2026-07-27 02:22:18,406 [inflora.py] => [InfLoRA] Layer 9: 286/768 type retain
2026-07-27 02:22:18,406 [inflora.py] => [InfLoRA] Layer 10: 183/768 type retain
2026-07-27 02:22:18,406 [inflora.py] => [InfLoRA] Layer 11: 224/768 type retain
2026-07-27 02:22:18,406 [inflora.py] => [InfLoRA] Layer 12: 291/768 type retain
2026-07-27 02:22:37,994 [bounded_memory_mixin.py] => [bounded_mem eval] volume 0.90 | cycle 42 | classes_seen 280 | CIL top1 63.11 | top5 87.64 | (nearest latent task ~27) | param_hash 207fd098fd0266e0 | per-task [66.83, 65.5, 51.27, 63.08, 80.0, 70.85, 85.0, 56.5, 60.5, 73.74, 69.7, 48.22, 75.0, 75.76, 67.0, 75.38, 60.8, 85.0, 50.5, 53.27, 49.75, 47.0, 62.94, 75.63, 48.5, 67.17, 63.82, 18.5]
2026-07-27 02:25:18,761 [inflora.py] => [InfLoRA] DualGPM threshold: 0.9948
2026-07-27 02:25:20,717 [inflora.py] => [InfLoRA] Layer 1: 69/768 type remove
2026-07-27 02:25:20,717 [inflora.py] => [InfLoRA] Layer 2: 41/768 type remove
2026-07-27 02:25:20,717 [inflora.py] => [InfLoRA] Layer 3: 111/768 type remove
2026-07-27 02:25:20,717 [inflora.py] => [InfLoRA] Layer 4: 122/768 type remove
2026-07-27 02:25:20,717 [inflora.py] => [InfLoRA] Layer 5: 169/768 type remove
2026-07-27 02:25:20,717 [inflora.py] => [InfLoRA] Layer 6: 218/768 type remove
2026-07-27 02:25:20,717 [inflora.py] => [InfLoRA] Layer 7: 265/768 type remove
2026-07-27 02:25:20,717 [inflora.py] => [InfLoRA] Layer 8: 354/768 type remove
2026-07-27 02:25:20,717 [inflora.py] => [InfLoRA] Layer 9: 267/768 type retain
2026-07-27 02:25:20,717 [inflora.py] => [InfLoRA] Layer 10: 166/768 type retain
2026-07-27 02:25:20,717 [inflora.py] => [InfLoRA] Layer 11: 201/768 type retain
2026-07-27 02:25:20,717 [inflora.py] => [InfLoRA] Layer 12: 275/768 type retain
2026-07-27 02:28:01,148 [inflora.py] => [InfLoRA] DualGPM threshold: 0.9958
2026-07-27 02:28:03,197 [inflora.py] => [InfLoRA] Layer 1: 78/768 type remove
2026-07-27 02:28:03,197 [inflora.py] => [InfLoRA] Layer 2: 46/768 type remove
2026-07-27 02:28:03,197 [inflora.py] => [InfLoRA] Layer 3: 124/768 type remove
2026-07-27 02:28:03,197 [inflora.py] => [InfLoRA] Layer 4: 137/768 type remove
2026-07-27 02:28:03,197 [inflora.py] => [InfLoRA] Layer 5: 186/768 type remove
2026-07-27 02:28:03,197 [inflora.py] => [InfLoRA] Layer 6: 241/768 type remove
2026-07-27 02:28:03,197 [inflora.py] => [InfLoRA] Layer 7: 293/768 type remove
2026-07-27 02:28:03,222 [inflora.py] => [InfLoRA] Layer 8: 381/768 type retain
2026-07-27 02:28:03,222 [inflora.py] => [InfLoRA] Layer 9: 235/768 type retain
2026-07-27 02:28:03,222 [inflora.py] => [InfLoRA] Layer 10: 137/768 type retain
2026-07-27 02:28:03,222 [inflora.py] => [InfLoRA] Layer 11: 164/768 type retain
2026-07-27 02:28:03,222 [inflora.py] => [InfLoRA] Layer 12: 223/768 type retain
2026-07-27 02:30:43,683 [inflora.py] => [InfLoRA] DualGPM threshold: 0.9969
2026-07-27 02:30:45,825 [inflora.py] => [InfLoRA] Layer 1: 84/768 type remove
2026-07-27 02:30:45,825 [inflora.py] => [InfLoRA] Layer 2: 52/768 type remove
2026-07-27 02:30:45,825 [inflora.py] => [InfLoRA] Layer 3: 141/768 type remove
2026-07-27 02:30:45,825 [inflora.py] => [InfLoRA] Layer 4: 161/768 type remove
2026-07-27 02:30:45,825 [inflora.py] => [InfLoRA] Layer 5: 214/768 type remove
2026-07-27 02:30:45,825 [inflora.py] => [InfLoRA] Layer 6: 275/768 type remove
2026-07-27 02:30:45,825 [inflora.py] => [InfLoRA] Layer 7: 332/768 type remove
2026-07-27 02:30:45,825 [inflora.py] => [InfLoRA] Layer 8: 339/768 type retain
2026-07-27 02:30:45,825 [inflora.py] => [InfLoRA] Layer 9: 196/768 type retain
2026-07-27 02:30:45,825 [inflora.py] => [InfLoRA] Layer 10: 109/768 type retain
2026-07-27 02:30:45,825 [inflora.py] => [InfLoRA] Layer 11: 129/768 type retain
2026-07-27 02:30:45,825 [inflora.py] => [InfLoRA] Layer 12: 182/768 type retain
2026-07-27 02:33:26,450 [inflora.py] => [InfLoRA] DualGPM threshold: 0.9979
2026-07-27 02:33:28,592 [inflora.py] => [InfLoRA] Layer 1: 93/768 type remove
2026-07-27 02:33:28,592 [inflora.py] => [InfLoRA] Layer 2: 59/768 type remove
2026-07-27 02:33:28,592 [inflora.py] => [InfLoRA] Layer 3: 167/768 type remove
2026-07-27 02:33:28,592 [inflora.py] => [InfLoRA] Layer 4: 196/768 type remove
2026-07-27 02:33:28,592 [inflora.py] => [InfLoRA] Layer 5: 256/768 type remove
2026-07-27 02:33:28,592 [inflora.py] => [InfLoRA] Layer 6: 318/768 type remove
2026-07-27 02:33:28,592 [inflora.py] => [InfLoRA] Layer 7: 379/768 type remove
2026-07-27 02:33:28,592 [inflora.py] => [InfLoRA] Layer 8: 300/768 type retain
2026-07-27 02:33:28,592 [inflora.py] => [InfLoRA] Layer 9: 171/768 type retain
2026-07-27 02:33:28,592 [inflora.py] => [InfLoRA] Layer 10: 95/768 type retain
2026-07-27 02:33:28,592 [inflora.py] => [InfLoRA] Layer 11: 121/768 type retain
2026-07-27 02:33:28,592 [inflora.py] => [InfLoRA] Layer 12: 170/768 type retain
2026-07-27 02:35:21,984 [inflora.py] => [InfLoRA] DualGPM threshold: 0.9990
2026-07-27 02:35:24,068 [inflora.py] => [InfLoRA] Layer 1: 109/768 type remove
2026-07-27 02:35:24,068 [inflora.py] => [InfLoRA] Layer 2: 75/768 type remove
2026-07-27 02:35:24,068 [inflora.py] => [InfLoRA] Layer 3: 208/768 type remove
2026-07-27 02:35:24,068 [inflora.py] => [InfLoRA] Layer 4: 255/768 type remove
2026-07-27 02:35:24,068 [inflora.py] => [InfLoRA] Layer 5: 327/768 type remove
2026-07-27 02:35:24,093 [inflora.py] => [InfLoRA] Layer 6: 375/768 type retain
2026-07-27 02:35:24,121 [inflora.py] => [InfLoRA] Layer 7: 314/768 type retain
2026-07-27 02:35:24,121 [inflora.py] => [InfLoRA] Layer 8: 231/768 type retain
2026-07-27 02:35:24,121 [inflora.py] => [InfLoRA] Layer 9: 120/768 type retain
2026-07-27 02:35:24,121 [inflora.py] => [InfLoRA] Layer 10: 63/768 type retain
2026-07-27 02:35:24,121 [inflora.py] => [InfLoRA] Layer 11: 87/768 type retain
2026-07-27 02:35:24,121 [inflora.py] => [InfLoRA] Layer 12: 131/768 type retain
2026-07-27 02:35:45,020 [bounded_memory_mixin.py] => [bounded_mem eval] volume 1.00 | cycle 47 | classes_seen 300 | CIL top1 62.46 | top5 87.90 | (nearest latent task ~29) | param_hash e744594773272a63 | per-task [60.3, 66.5, 50.25, 62.56, 81.0, 71.36, 85.0, 55.0, 51.5, 68.18, 67.68, 40.61, 71.0, 69.19, 68.5, 74.87, 60.8, 80.0, 50.5, 51.76, 48.24, 45.0, 63.45, 69.54, 48.5, 67.17, 63.82, 65.0, 54.82, 61.5]
2026-07-27 02:35:45,023 [trainer.py] => [bounded_mem] volume checkpoints: [0.1, 0.2, 0.3, 0.4, 0.5, 0.6, 0.7, 0.8, 0.9, 1.0]
2026-07-27 02:35:45,023 [trainer.py] => [bounded_mem] CIL top1 curve: [80.91, 80.72, 77.52, 74.25, 75.0, 72.43, 69.07, 66.45, 63.11, 62.46]
2026-07-27 02:35:45,023 [trainer.py] => [bounded_mem] CIL top5 curve: [98.61, 97.63, 96.38, 94.86, 94.47, 93.46, 91.14, 89.68, 87.64, 87.9]
[bounded_mem] checkpoints (fraction of stream): [0.1, 0.2, 0.3, 0.4, 0.5, 0.6, 0.7, 0.8, 0.9, 1.0]
[bounded_mem] CIL top1: [80.91, 80.72, 77.52, 74.25, 75.0, 72.43, 69.07, 66.45, 63.11, 62.46]
[bounded_mem] CIL top5: [98.61, 97.63, 96.38, 94.86, 94.47, 93.46, 91.14, 89.68, 87.64, 87.9]
2026-07-27 02:35:45,023 [trainer.py] => [bounded_mem] FINAL CIL top1 62.46 | top5 87.90 (at 100% of stream)
[bounded_mem] FINAL CIL top1 62.46 | top5 87.90
[bounded_mem] wrote run_logs/boundedmem_inflora_round2_grid_omni30t_150mb_inflora_s1996_s1996.json
