2026-07-27 04:46:41,996 [trainer.py] => config: exps/round2_grid/_patched_inflora_300mb_s1996_gpu4.json
2026-07-27 04:46:41,996 [trainer.py] => dataset: omnibenchmark1k
2026-07-27 04:46:41,996 [trainer.py] => memory_size: 0
2026-07-27 04:46:41,997 [trainer.py] => memory_per_class: 0
2026-07-27 04:46:41,997 [trainer.py] => fixed_memory: False
2026-07-27 04:46:41,997 [trainer.py] => shuffle: True
2026-07-27 04:46:41,997 [trainer.py] => init_cls: 10
2026-07-27 04:46:41,997 [trainer.py] => increment: 10
2026-07-27 04:46:41,997 [trainer.py] => scenario: cil
2026-07-27 04:46:41,997 [trainer.py] => pretrained: True
2026-07-27 04:46:41,997 [trainer.py] => print_forget: False
2026-07-27 04:46:41,997 [trainer.py] => final_metrics: False
2026-07-27 04:46:41,997 [trainer.py] => backbone_type: vit_base_patch16_224_lora
2026-07-27 04:46:41,997 [trainer.py] => lora_rank: 10
2026-07-27 04:46:41,997 [trainer.py] => lora_alpha: None
2026-07-27 04:46:41,997 [trainer.py] => batch_size: 48
2026-07-27 04:46:41,997 [trainer.py] => weight_decay: 0.0005
2026-07-27 04:46:41,997 [trainer.py] => min_lr: 0.0
2026-07-27 04:46:41,997 [trainer.py] => tuned_epoch: 20
2026-07-27 04:46:41,997 [trainer.py] => boundary_mode: bounded_memory
2026-07-27 04:46:41,997 [trainer.py] => stop_after_tasks: 30
2026-07-27 04:46:41,997 [trainer.py] => model_name: inflora
2026-07-27 04:46:41,997 [trainer.py] => lora_merge: True
2026-07-27 04:46:41,997 [trainer.py] => lamb: 0.95
2026-07-27 04:46:41,997 [trainer.py] => lame: 1.0
2026-07-27 04:46:41,997 [trainer.py] => init_lr: 0.0005
2026-07-27 04:46:41,997 [trainer.py] => seed: 1996
2026-07-27 04:46:41,997 [trainer.py] => bm_budget_mb: 300
2026-07-27 04:46:41,997 [trainer.py] => prefix: round2_grid_omni30t_300mb_inflora_s1996
2026-07-27 04:46:41,997 [trainer.py] => device: [device(type='cuda', index=4)]
2026-07-27 04:46:42,570 [data_manager.py] => [438, 831, 338, 46, 856, 850, 593, 53, 230, 71, 34, 91, 794, 884, 358, 68, 585, 804, 601, 488, 443, 290, 699, 811, 898, 416, 424, 72, 235, 116, 908, 669, 569, 47, 983, 464, 545, 267, 383, 408, 96, 760, 935, 321, 511, 819, 253, 671, 945, 919, 209, 705, 711, 448, 106, 552, 486, 734, 978, 394, 654, 527, 522, 51, 774, 583, 234, 127, 958, 933, 398, 886, 21, 465, 104, 572, 377, 537, 50, 188, 697, 128, 28, 158, 855, 382, 496, 562, 225, 560, 242, 647, 255, 400, 274, 743, 775, 824, 258, 280, 806, 480, 652, 252, 528, 744, 578, 232, 203, 662, 474, 134, 403, 649, 250, 574, 638, 753, 926, 436, 785, 379, 27, 61, 543, 563, 826, 960, 879, 861, 214, 690, 776, 571, 798, 266, 590, 427, 622, 679, 0, 849, 902, 2, 925, 984, 92, 220, 674, 818, 848, 916, 959, 864, 29, 204, 482, 420, 322, 31, 207, 217, 869, 223, 271, 605, 558, 923, 710, 16, 469, 778, 497, 733, 874, 216, 777, 385, 841, 606, 183, 86, 717, 559, 277, 117, 114, 769, 462, 262, 814, 973, 348, 171, 291, 846, 112, 458, 78, 365, 74, 431, 272, 737, 937, 575, 166, 56, 534, 815, 353, 857, 952, 33, 144, 761, 211, 771, 359, 766, 133, 894, 816, 882, 366, 892, 852, 747, 546, 842, 355, 703, 553, 931, 317, 645, 36, 863, 890, 489, 900, 672, 370, 283, 80, 722, 109, 198, 614, 122, 356, 939, 725, 667, 459, 110, 18, 342, 102, 612, 823, 592, 419, 928, 210, 529, 411, 524, 772, 454, 943, 336, 873, 835, 118, 901, 751, 224, 75, 877, 439, 951, 93, 714, 15, 435, 992, 685, 59, 599, 659, 414, 52, 119, 239, 708, 310, 867, 298, 702, 401, 687, 386, 247, 570, 484, 616, 862, 428, 300, 971, 598, 557, 808, 977, 946, 508, 41, 539, 222, 412, 749, 790, 79, 131, 675, 579, 957, 344, 314, 677, 121, 161, 487, 970, 700, 129, 715, 390, 520, 719, 646, 201, 32, 704, 770, 876, 828, 82, 429, 989, 561, 905, 476, 248, 940, 384, 682, 406, 783, 839, 878, 123, 453, 643, 536, 493, 665, 202, 442, 872, 809, 532, 609, 880, 812, 391, 694, 173, 49, 650, 221, 44, 588, 944, 287, 349, 404, 481, 623, 154, 288, 301, 334, 227, 941, 917, 281, 25, 706, 228, 963, 485, 292, 728, 913, 124, 153, 306, 688, 955, 501, 607, 921, 765, 333, 449, 43, 986, 345, 907, 980, 500, 805, 120, 1, 914, 632, 695, 434, 651, 604, 184, 177, 825, 368, 445, 844, 847, 182, 663, 498, 88, 101, 479, 912, 212, 997, 372, 165, 30, 307, 530, 108, 352, 180, 237, 834, 375, 817, 795, 906, 587, 279, 625, 735, 328, 142, 194, 460, 141, 568, 380, 738, 936, 999, 17, 683, 888, 289, 360, 523, 789, 833, 40, 594, 354, 22, 326, 19, 832, 930, 293, 341, 716, 226, 470, 160, 788, 147, 361, 392, 64, 624, 245, 531, 241, 4, 396, 660, 433, 720, 514, 265, 264, 351, 103, 302, 655, 947, 376, 270, 617, 726, 455, 313, 903, 63, 263, 363, 787, 273, 137, 243, 595, 350, 807, 233, 259, 990, 452, 550, 409, 938, 975, 871, 724, 430, 910, 318, 780, 698, 473, 845, 399, 581, 178, 932, 332, 924, 407, 170, 472, 799, 566, 620, 296, 621, 723, 506, 393, 346, 904, 367, 60, 415, 192, 580, 8, 176, 85, 324, 554, 820, 186, 918, 69, 206, 752, 991, 740, 762, 260, 174, 754, 410, 475, 544, 246, 589, 269, 478, 803, 684, 801, 613, 979, 985, 693, 969, 66, 854, 89, 229, 282, 55, 389, 135, 150, 268, 821, 577, 730, 100, 729, 276, 875, 727, 556, 691, 373, 145, 791, 240, 149, 213, 909, 653, 374, 130, 155, 219, 929, 840, 98, 136, 896, 859, 3, 140, 564, 426, 866, 586, 70, 343, 962, 829, 640, 739, 922, 767, 513, 369, 525, 982, 67, 236, 325, 172, 73, 143, 444, 151, 953, 169, 35, 499, 657, 337, 538, 316, 94, 83, 309, 895, 319, 584, 591, 152, 13, 745, 320, 956, 830, 796, 633, 437, 87, 642, 713, 993, 518, 519, 215, 865, 689, 6, 187, 502, 763, 5, 950, 972, 335, 602, 115, 548, 779, 967, 927, 516, 718, 339, 299, 996, 966, 547, 507, 800, 630, 39, 603, 441, 742, 994, 417, 666, 615, 185, 628, 97, 231, 709, 26, 786, 942, 157, 111, 218, 504, 397, 329, 54, 308, 456, 636, 949, 193, 99, 853, 305, 249, 477, 634, 755, 509, 126, 168, 707, 190, 7, 286, 658, 988, 107, 510, 555, 512, 736, 541, 200, 37, 14, 362, 567, 24, 961, 12, 378, 9, 948, 315, 205, 303, 600, 899, 810, 284, 868, 673, 505, 792, 987, 492, 405, 889, 517, 858, 181, 189, 635, 457, 422, 768, 860, 891, 611, 294, 197, 664, 446, 191, 741, 756, 976, 95, 421, 998, 597, 105, 681, 670, 686, 851, 179, 468, 995, 413, 388, 781, 402, 113, 629, 731, 84, 285, 466, 934, 146, 20, 244, 802, 450, 254, 680, 515, 637, 644, 125, 295, 164, 251, 661, 696, 712, 58, 483, 920, 576, 175, 782, 503, 721, 381, 357, 371, 159, 327, 195, 521, 639, 238, 423, 304, 893, 887, 347, 631, 668, 784, 965, 81, 582, 533, 45, 138, 163, 261, 77, 542, 494, 648, 619, 750, 196, 275, 311, 440, 418, 701, 447, 57, 565, 618, 758, 495, 331, 813, 156, 822, 676, 627, 656, 491, 897, 432, 490, 981, 843, 911, 881, 62, 148, 11, 626, 387, 641, 964, 471, 773, 608, 746, 764, 732, 10, 551, 797, 535, 395, 692, 838, 199, 208, 425, 76, 23, 837, 974, 883, 90, 312, 678, 759, 836, 167, 42, 596, 748, 461, 915, 256, 278, 870, 757, 968, 364, 65, 573, 467, 330, 827, 793, 549, 48, 340, 162, 540, 132, 139, 885, 526, 463, 451, 297, 38, 323, 610, 257, 954]
This is for the BaseNet initialization.
I'm using ViT with per-task LoRA (q,v).
_IncompatibleKeys(missing_keys=['blocks.0.attn.cur_matrix', 'blocks.0.attn.frozen_delta_q', 'blocks.0.attn.frozen_delta_v', 'blocks.0.attn.lora_A_q.0.weight', 'blocks.0.attn.lora_B_q.0.weight', 'blocks.0.attn.lora_A_v.0.weight', 'blocks.0.attn.lora_B_v.0.weight', 'blocks.1.attn.cur_matrix', 'blocks.1.attn.frozen_delta_q', 'blocks.1.attn.frozen_delta_v', 'blocks.1.attn.lora_A_q.0.weight', 'blocks.1.attn.lora_B_q.0.weight', 'blocks.1.attn.lora_A_v.0.weight', 'blocks.1.attn.lora_B_v.0.weight', 'blocks.2.attn.cur_matrix', 'blocks.2.attn.frozen_delta_q', 'blocks.2.attn.frozen_delta_v', 'blocks.2.attn.lora_A_q.0.weight', 'blocks.2.attn.lora_B_q.0.weight', 'blocks.2.attn.lora_A_v.0.weight', 'blocks.2.attn.lora_B_v.0.weight', 'blocks.3.attn.cur_matrix', 'blocks.3.attn.frozen_delta_q', 'blocks.3.attn.frozen_delta_v', 'blocks.3.attn.lora_A_q.0.weight', 'blocks.3.attn.lora_B_q.0.weight', 'blocks.3.attn.lora_A_v.0.weight', 'blocks.3.attn.lora_B_v.0.weight', 'blocks.4.attn.cur_matrix', 'blocks.4.attn.frozen_delta_q', 'blocks.4.attn.frozen_delta_v', 'blocks.4.attn.lora_A_q.0.weight', 'blocks.4.attn.lora_B_q.0.weight', 'blocks.4.attn.lora_A_v.0.weight', 'blocks.4.attn.lora_B_v.0.weight', 'blocks.5.attn.cur_matrix', 'blocks.5.attn.frozen_delta_q', 'blocks.5.attn.frozen_delta_v', 'blocks.5.attn.lora_A_q.0.weight', 'blocks.5.attn.lora_B_q.0.weight', 'blocks.5.attn.lora_A_v.0.weight', 'blocks.5.attn.lora_B_v.0.weight', 'blocks.6.attn.cur_matrix', 'blocks.6.attn.frozen_delta_q', 'blocks.6.attn.frozen_delta_v', 'blocks.6.attn.lora_A_q.0.weight', 'blocks.6.attn.lora_B_q.0.weight', 'blocks.6.attn.lora_A_v.0.weight', 'blocks.6.attn.lora_B_v.0.weight', 'blocks.7.attn.cur_matrix', 'blocks.7.attn.frozen_delta_q', 'blocks.7.attn.frozen_delta_v', 'blocks.7.attn.lora_A_q.0.weight', 'blocks.7.attn.lora_B_q.0.weight', 'blocks.7.attn.lora_A_v.0.weight', 'blocks.7.attn.lora_B_v.0.weight', 'blocks.8.attn.cur_matrix', 'blocks.8.attn.frozen_delta_q', 'blocks.8.attn.frozen_delta_v', 'blocks.8.attn.lora_A_q.0.weight', 'blocks.8.attn.lora_B_q.0.weight', 'blocks.8.attn.lora_A_v.0.weight', 'blocks.8.attn.lora_B_v.0.weight', 'blocks.9.attn.cur_matrix', 'blocks.9.attn.frozen_delta_q', 'blocks.9.attn.frozen_delta_v', 'blocks.9.attn.lora_A_q.0.weight', 'blocks.9.attn.lora_B_q.0.weight', 'blocks.9.attn.lora_A_v.0.weight', 'blocks.9.attn.lora_B_v.0.weight', 'blocks.10.attn.cur_matrix', 'blocks.10.attn.frozen_delta_q', 'blocks.10.attn.frozen_delta_v', 'blocks.10.attn.lora_A_q.0.weight', 'blocks.10.attn.lora_B_q.0.weight', 'blocks.10.attn.lora_A_v.0.weight', 'blocks.10.attn.lora_B_v.0.weight', 'blocks.11.attn.cur_matrix', 'blocks.11.attn.frozen_delta_q', 'blocks.11.attn.frozen_delta_v', 'blocks.11.attn.lora_A_q.0.weight', 'blocks.11.attn.lora_B_q.0.weight', 'blocks.11.attn.lora_A_v.0.weight', 'blocks.11.attn.lora_B_v.0.weight'], unexpected_keys=[])
After BaseNet initialization.
2026-07-27 04:46:49,018 [bounded_memory_mixin.py] => [bounded_mem] stop_after_tasks=30 (of 100 total)
2026-07-27 04:46:49,067 [bounded_memory_mixin.py] => [bounded_mem] budget_mb=300.0 -> cycle=2090 images (mean_task=1660.6 images, so this budget is 1.26x mean task size); 49817 total images -> 24 cycles (T=24 sessions); 10 eval checkpoints
2026-07-27 04:51:52,638 [inflora.py] => [InfLoRA] DualGPM threshold: 0.9500
2026-07-27 04:51:53,353 [inflora.py] => [InfLoRA] Layer 1: 8/768 type remove
2026-07-27 04:51:53,353 [inflora.py] => [InfLoRA] Layer 2: 10/768 type remove
2026-07-27 04:51:53,353 [inflora.py] => [InfLoRA] Layer 3: 13/768 type remove
2026-07-27 04:51:53,353 [inflora.py] => [InfLoRA] Layer 4: 11/768 type remove
2026-07-27 04:51:53,353 [inflora.py] => [InfLoRA] Layer 5: 14/768 type remove
2026-07-27 04:51:53,353 [inflora.py] => [InfLoRA] Layer 6: 16/768 type remove
2026-07-27 04:51:53,353 [inflora.py] => [InfLoRA] Layer 7: 17/768 type remove
2026-07-27 04:51:53,353 [inflora.py] => [InfLoRA] Layer 8: 21/768 type remove
2026-07-27 04:51:53,353 [inflora.py] => [InfLoRA] Layer 9: 35/768 type remove
2026-07-27 04:51:53,354 [inflora.py] => [InfLoRA] Layer 10: 40/768 type remove
2026-07-27 04:51:53,354 [inflora.py] => [InfLoRA] Layer 11: 12/768 type remove
2026-07-27 04:51:53,354 [inflora.py] => [InfLoRA] Layer 12: 15/768 type remove
2026-07-27 04:56:59,507 [inflora.py] => [InfLoRA] DualGPM threshold: 0.9521
2026-07-27 04:57:00,813 [inflora.py] => [InfLoRA] Layer 1: 14/768 type remove
2026-07-27 04:57:00,813 [inflora.py] => [InfLoRA] Layer 2: 12/768 type remove
2026-07-27 04:57:00,813 [inflora.py] => [InfLoRA] Layer 3: 16/768 type remove
2026-07-27 04:57:00,813 [inflora.py] => [InfLoRA] Layer 4: 13/768 type remove
2026-07-27 04:57:00,813 [inflora.py] => [InfLoRA] Layer 5: 18/768 type remove
2026-07-27 04:57:00,813 [inflora.py] => [InfLoRA] Layer 6: 20/768 type remove
2026-07-27 04:57:00,813 [inflora.py] => [InfLoRA] Layer 7: 21/768 type remove
2026-07-27 04:57:00,813 [inflora.py] => [InfLoRA] Layer 8: 31/768 type remove
2026-07-27 04:57:00,813 [inflora.py] => [InfLoRA] Layer 9: 56/768 type remove
2026-07-27 04:57:00,813 [inflora.py] => [InfLoRA] Layer 10: 83/768 type remove
2026-07-27 04:57:00,813 [inflora.py] => [InfLoRA] Layer 11: 36/768 type remove
2026-07-27 04:57:00,814 [inflora.py] => [InfLoRA] Layer 12: 33/768 type remove
2026-07-27 05:02:06,942 [inflora.py] => [InfLoRA] DualGPM threshold: 0.9542
2026-07-27 05:02:08,296 [inflora.py] => [InfLoRA] Layer 1: 14/768 type remove
2026-07-27 05:02:08,296 [inflora.py] => [InfLoRA] Layer 2: 12/768 type remove
2026-07-27 05:02:08,296 [inflora.py] => [InfLoRA] Layer 3: 17/768 type remove
2026-07-27 05:02:08,296 [inflora.py] => [InfLoRA] Layer 4: 14/768 type remove
2026-07-27 05:02:08,296 [inflora.py] => [InfLoRA] Layer 5: 19/768 type remove
2026-07-27 05:02:08,296 [inflora.py] => [InfLoRA] Layer 6: 22/768 type remove
2026-07-27 05:02:08,296 [inflora.py] => [InfLoRA] Layer 7: 24/768 type remove
2026-07-27 05:02:08,296 [inflora.py] => [InfLoRA] Layer 8: 35/768 type remove
2026-07-27 05:02:08,296 [inflora.py] => [InfLoRA] Layer 9: 62/768 type remove
2026-07-27 05:02:08,296 [inflora.py] => [InfLoRA] Layer 10: 91/768 type remove
2026-07-27 05:02:08,296 [inflora.py] => [InfLoRA] Layer 11: 42/768 type remove
2026-07-27 05:02:08,296 [inflora.py] => [InfLoRA] Layer 12: 40/768 type remove
2026-07-27 05:02:12,539 [bounded_memory_mixin.py] => [bounded_mem eval] volume 0.10 | cycle 2 | classes_seen 40 | CIL top1 84.58 | top5 99.49 | (nearest latent task ~3) | param_hash 13c412245b4a4d37 | per-task [94.97, 95.5, 64.47, 83.08]
2026-07-27 05:07:19,710 [inflora.py] => [InfLoRA] DualGPM threshold: 0.9562
2026-07-27 05:07:21,067 [inflora.py] => [InfLoRA] Layer 1: 14/768 type remove
2026-07-27 05:07:21,067 [inflora.py] => [InfLoRA] Layer 2: 12/768 type remove
2026-07-27 05:07:21,067 [inflora.py] => [InfLoRA] Layer 3: 19/768 type remove
2026-07-27 05:07:21,067 [inflora.py] => [InfLoRA] Layer 4: 15/768 type remove
2026-07-27 05:07:21,068 [inflora.py] => [InfLoRA] Layer 5: 23/768 type remove
2026-07-27 05:07:21,068 [inflora.py] => [InfLoRA] Layer 6: 26/768 type remove
2026-07-27 05:07:21,068 [inflora.py] => [InfLoRA] Layer 7: 29/768 type remove
2026-07-27 05:07:21,068 [inflora.py] => [InfLoRA] Layer 8: 45/768 type remove
2026-07-27 05:07:21,068 [inflora.py] => [InfLoRA] Layer 9: 80/768 type remove
2026-07-27 05:07:21,068 [inflora.py] => [InfLoRA] Layer 10: 115/768 type remove
2026-07-27 05:07:21,068 [inflora.py] => [InfLoRA] Layer 11: 51/768 type remove
2026-07-27 05:07:21,068 [inflora.py] => [InfLoRA] Layer 12: 55/768 type remove
2026-07-27 05:12:28,139 [inflora.py] => [InfLoRA] DualGPM threshold: 0.9583
2026-07-27 05:12:29,505 [inflora.py] => [InfLoRA] Layer 1: 14/768 type remove
2026-07-27 05:12:29,505 [inflora.py] => [InfLoRA] Layer 2: 12/768 type remove
2026-07-27 05:12:29,505 [inflora.py] => [InfLoRA] Layer 3: 21/768 type remove
2026-07-27 05:12:29,505 [inflora.py] => [InfLoRA] Layer 4: 18/768 type remove
2026-07-27 05:12:29,505 [inflora.py] => [InfLoRA] Layer 5: 27/768 type remove
2026-07-27 05:12:29,505 [inflora.py] => [InfLoRA] Layer 6: 32/768 type remove
2026-07-27 05:12:29,505 [inflora.py] => [InfLoRA] Layer 7: 35/768 type remove
2026-07-27 05:12:29,505 [inflora.py] => [InfLoRA] Layer 8: 56/768 type remove
2026-07-27 05:12:29,505 [inflora.py] => [InfLoRA] Layer 9: 106/768 type remove
2026-07-27 05:12:29,505 [inflora.py] => [InfLoRA] Layer 10: 162/768 type remove
2026-07-27 05:12:29,505 [inflora.py] => [InfLoRA] Layer 11: 86/768 type remove
2026-07-27 05:12:29,505 [inflora.py] => [InfLoRA] Layer 12: 72/768 type remove
2026-07-27 05:12:35,635 [bounded_memory_mixin.py] => [bounded_mem eval] volume 0.20 | cycle 4 | classes_seen 70 | CIL top1 82.66 | top5 97.91 | (nearest latent task ~6) | param_hash 75b166eb4eb9c7ca | per-task [90.45, 94.5, 61.42, 78.46, 86.0, 88.44, 79.0]
2026-07-27 05:17:42,557 [inflora.py] => [InfLoRA] DualGPM threshold: 0.9604
2026-07-27 05:17:43,949 [inflora.py] => [InfLoRA] Layer 1: 14/768 type remove
2026-07-27 05:17:43,949 [inflora.py] => [InfLoRA] Layer 2: 13/768 type remove
2026-07-27 05:17:43,949 [inflora.py] => [InfLoRA] Layer 3: 21/768 type remove
2026-07-27 05:17:43,949 [inflora.py] => [InfLoRA] Layer 4: 19/768 type remove
2026-07-27 05:17:43,949 [inflora.py] => [InfLoRA] Layer 5: 29/768 type remove
2026-07-27 05:17:43,949 [inflora.py] => [InfLoRA] Layer 6: 35/768 type remove
2026-07-27 05:17:43,949 [inflora.py] => [InfLoRA] Layer 7: 38/768 type remove
2026-07-27 05:17:43,949 [inflora.py] => [InfLoRA] Layer 8: 64/768 type remove
2026-07-27 05:17:43,949 [inflora.py] => [InfLoRA] Layer 9: 120/768 type remove
2026-07-27 05:17:43,949 [inflora.py] => [InfLoRA] Layer 10: 179/768 type remove
2026-07-27 05:17:43,949 [inflora.py] => [InfLoRA] Layer 11: 103/768 type remove
2026-07-27 05:17:43,949 [inflora.py] => [InfLoRA] Layer 12: 83/768 type remove
2026-07-27 05:22:51,023 [inflora.py] => [InfLoRA] DualGPM threshold: 0.9625
2026-07-27 05:22:52,421 [inflora.py] => [InfLoRA] Layer 1: 18/768 type remove
2026-07-27 05:22:52,421 [inflora.py] => [InfLoRA] Layer 2: 13/768 type remove
2026-07-27 05:22:52,421 [inflora.py] => [InfLoRA] Layer 3: 22/768 type remove
2026-07-27 05:22:52,421 [inflora.py] => [InfLoRA] Layer 4: 21/768 type remove
2026-07-27 05:22:52,421 [inflora.py] => [InfLoRA] Layer 5: 30/768 type remove
2026-07-27 05:22:52,421 [inflora.py] => [InfLoRA] Layer 6: 37/768 type remove
2026-07-27 05:22:52,421 [inflora.py] => [InfLoRA] Layer 7: 40/768 type remove
2026-07-27 05:22:52,421 [inflora.py] => [InfLoRA] Layer 8: 67/768 type remove
2026-07-27 05:22:52,421 [inflora.py] => [InfLoRA] Layer 9: 123/768 type remove
2026-07-27 05:22:52,422 [inflora.py] => [InfLoRA] Layer 10: 185/768 type remove
2026-07-27 05:22:52,422 [inflora.py] => [InfLoRA] Layer 11: 108/768 type remove
2026-07-27 05:22:52,422 [inflora.py] => [InfLoRA] Layer 12: 88/768 type remove
2026-07-27 05:27:59,316 [inflora.py] => [InfLoRA] DualGPM threshold: 0.9646
2026-07-27 05:28:00,741 [inflora.py] => [InfLoRA] Layer 1: 18/768 type remove
2026-07-27 05:28:00,741 [inflora.py] => [InfLoRA] Layer 2: 13/768 type remove
2026-07-27 05:28:00,741 [inflora.py] => [InfLoRA] Layer 3: 23/768 type remove
2026-07-27 05:28:00,741 [inflora.py] => [InfLoRA] Layer 4: 24/768 type remove
2026-07-27 05:28:00,741 [inflora.py] => [InfLoRA] Layer 5: 35/768 type remove
2026-07-27 05:28:00,741 [inflora.py] => [InfLoRA] Layer 6: 43/768 type remove
2026-07-27 05:28:00,741 [inflora.py] => [InfLoRA] Layer 7: 47/768 type remove
2026-07-27 05:28:00,741 [inflora.py] => [InfLoRA] Layer 8: 75/768 type remove
2026-07-27 05:28:00,741 [inflora.py] => [InfLoRA] Layer 9: 130/768 type remove
2026-07-27 05:28:00,741 [inflora.py] => [InfLoRA] Layer 10: 188/768 type remove
2026-07-27 05:28:00,741 [inflora.py] => [InfLoRA] Layer 11: 111/768 type remove
2026-07-27 05:28:00,741 [inflora.py] => [InfLoRA] Layer 12: 95/768 type remove
2026-07-27 05:28:09,437 [bounded_memory_mixin.py] => [bounded_mem eval] volume 0.30 | cycle 7 | classes_seen 110 | CIL top1 78.36 | top5 96.43 | (nearest latent task ~10) | param_hash 7861db18755d9fc5 | per-task [82.41, 91.5, 57.36, 76.41, 85.0, 86.93, 89.0, 68.5, 67.5, 83.84, 73.23]
2026-07-27 05:33:16,957 [inflora.py] => [InfLoRA] DualGPM threshold: 0.9667
2026-07-27 05:33:18,379 [inflora.py] => [InfLoRA] Layer 1: 18/768 type remove
2026-07-27 05:33:18,379 [inflora.py] => [InfLoRA] Layer 2: 13/768 type remove
2026-07-27 05:33:18,379 [inflora.py] => [InfLoRA] Layer 3: 25/768 type remove
2026-07-27 05:33:18,379 [inflora.py] => [InfLoRA] Layer 4: 26/768 type remove
2026-07-27 05:33:18,379 [inflora.py] => [InfLoRA] Layer 5: 38/768 type remove
2026-07-27 05:33:18,379 [inflora.py] => [InfLoRA] Layer 6: 48/768 type remove
2026-07-27 05:33:18,379 [inflora.py] => [InfLoRA] Layer 7: 52/768 type remove
2026-07-27 05:33:18,379 [inflora.py] => [InfLoRA] Layer 8: 82/768 type remove
2026-07-27 05:33:18,379 [inflora.py] => [InfLoRA] Layer 9: 138/768 type remove
2026-07-27 05:33:18,379 [inflora.py] => [InfLoRA] Layer 10: 201/768 type remove
2026-07-27 05:33:18,379 [inflora.py] => [InfLoRA] Layer 11: 120/768 type remove
2026-07-27 05:33:18,379 [inflora.py] => [InfLoRA] Layer 12: 115/768 type remove
2026-07-27 05:38:25,242 [inflora.py] => [InfLoRA] DualGPM threshold: 0.9688
2026-07-27 05:38:26,672 [inflora.py] => [InfLoRA] Layer 1: 19/768 type remove
2026-07-27 05:38:26,673 [inflora.py] => [InfLoRA] Layer 2: 14/768 type remove
2026-07-27 05:38:26,673 [inflora.py] => [InfLoRA] Layer 3: 27/768 type remove
2026-07-27 05:38:26,673 [inflora.py] => [InfLoRA] Layer 4: 27/768 type remove
2026-07-27 05:38:26,673 [inflora.py] => [InfLoRA] Layer 5: 40/768 type remove
2026-07-27 05:38:26,673 [inflora.py] => [InfLoRA] Layer 6: 54/768 type remove
2026-07-27 05:38:26,673 [inflora.py] => [InfLoRA] Layer 7: 61/768 type remove
2026-07-27 05:38:26,673 [inflora.py] => [InfLoRA] Layer 8: 100/768 type remove
2026-07-27 05:38:26,673 [inflora.py] => [InfLoRA] Layer 9: 167/768 type remove
2026-07-27 05:38:26,673 [inflora.py] => [InfLoRA] Layer 10: 234/768 type remove
2026-07-27 05:38:26,673 [inflora.py] => [InfLoRA] Layer 11: 148/768 type remove
2026-07-27 05:38:26,673 [inflora.py] => [InfLoRA] Layer 12: 138/768 type remove
2026-07-27 05:38:37,309 [bounded_memory_mixin.py] => [bounded_mem eval] volume 0.40 | cycle 9 | classes_seen 140 | CIL top1 75.04 | top5 95.18 | (nearest latent task ~13) | param_hash f00050874b720921 | per-task [81.41, 89.5, 55.84, 76.41, 81.5, 84.92, 86.5, 67.5, 68.5, 80.3, 87.37, 58.88, 77.5, 54.04]
2026-07-27 05:43:44,266 [inflora.py] => [InfLoRA] DualGPM threshold: 0.9708
2026-07-27 05:43:45,713 [inflora.py] => [InfLoRA] Layer 1: 24/768 type remove
2026-07-27 05:43:45,713 [inflora.py] => [InfLoRA] Layer 2: 15/768 type remove
2026-07-27 05:43:45,713 [inflora.py] => [InfLoRA] Layer 3: 30/768 type remove
2026-07-27 05:43:45,713 [inflora.py] => [InfLoRA] Layer 4: 30/768 type remove
2026-07-27 05:43:45,713 [inflora.py] => [InfLoRA] Layer 5: 44/768 type remove
2026-07-27 05:43:45,713 [inflora.py] => [InfLoRA] Layer 6: 59/768 type remove
2026-07-27 05:43:45,713 [inflora.py] => [InfLoRA] Layer 7: 66/768 type remove
2026-07-27 05:43:45,713 [inflora.py] => [InfLoRA] Layer 8: 114/768 type remove
2026-07-27 05:43:45,714 [inflora.py] => [InfLoRA] Layer 9: 194/768 type remove
2026-07-27 05:43:45,714 [inflora.py] => [InfLoRA] Layer 10: 279/768 type remove
2026-07-27 05:43:45,714 [inflora.py] => [InfLoRA] Layer 11: 191/768 type remove
2026-07-27 05:43:45,714 [inflora.py] => [InfLoRA] Layer 12: 155/768 type remove
2026-07-27 05:48:52,935 [inflora.py] => [InfLoRA] DualGPM threshold: 0.9729
2026-07-27 05:48:54,398 [inflora.py] => [InfLoRA] Layer 1: 24/768 type remove
2026-07-27 05:48:54,398 [inflora.py] => [InfLoRA] Layer 2: 15/768 type remove
2026-07-27 05:48:54,398 [inflora.py] => [InfLoRA] Layer 3: 31/768 type remove
2026-07-27 05:48:54,398 [inflora.py] => [InfLoRA] Layer 4: 32/768 type remove
2026-07-27 05:48:54,398 [inflora.py] => [InfLoRA] Layer 5: 47/768 type remove
2026-07-27 05:48:54,398 [inflora.py] => [InfLoRA] Layer 6: 62/768 type remove
2026-07-27 05:48:54,398 [inflora.py] => [InfLoRA] Layer 7: 71/768 type remove
2026-07-27 05:48:54,398 [inflora.py] => [InfLoRA] Layer 8: 119/768 type remove
2026-07-27 05:48:54,398 [inflora.py] => [InfLoRA] Layer 9: 200/768 type remove
2026-07-27 05:48:54,398 [inflora.py] => [InfLoRA] Layer 10: 283/768 type remove
2026-07-27 05:48:54,398 [inflora.py] => [InfLoRA] Layer 11: 194/768 type remove
2026-07-27 05:48:54,398 [inflora.py] => [InfLoRA] Layer 12: 171/768 type remove
2026-07-27 05:49:06,319 [bounded_memory_mixin.py] => [bounded_mem eval] volume 0.50 | cycle 11 | classes_seen 160 | CIL top1 75.47 | top5 94.47 | (nearest latent task ~15) | param_hash 1cc1c71265473735 | per-task [82.41, 88.0, 55.84, 76.41, 83.0, 83.92, 88.0, 69.0, 66.0, 75.76, 85.35, 59.39, 78.0, 82.83, 79.5, 53.77]
2026-07-27 05:54:13,643 [inflora.py] => [InfLoRA] DualGPM threshold: 0.9750
2026-07-27 05:54:15,103 [inflora.py] => [InfLoRA] Layer 1: 24/768 type remove
2026-07-27 05:54:15,103 [inflora.py] => [InfLoRA] Layer 2: 15/768 type remove
2026-07-27 05:54:15,103 [inflora.py] => [InfLoRA] Layer 3: 32/768 type remove
2026-07-27 05:54:15,103 [inflora.py] => [InfLoRA] Layer 4: 34/768 type remove
2026-07-27 05:54:15,103 [inflora.py] => [InfLoRA] Layer 5: 49/768 type remove
2026-07-27 05:54:15,103 [inflora.py] => [InfLoRA] Layer 6: 66/768 type remove
2026-07-27 05:54:15,103 [inflora.py] => [InfLoRA] Layer 7: 76/768 type remove
2026-07-27 05:54:15,103 [inflora.py] => [InfLoRA] Layer 8: 127/768 type remove
2026-07-27 05:54:15,103 [inflora.py] => [InfLoRA] Layer 9: 211/768 type remove
2026-07-27 05:54:15,103 [inflora.py] => [InfLoRA] Layer 10: 291/768 type remove
2026-07-27 05:54:15,103 [inflora.py] => [InfLoRA] Layer 11: 201/768 type remove
2026-07-27 05:54:15,103 [inflora.py] => [InfLoRA] Layer 12: 197/768 type remove
2026-07-27 05:59:22,422 [inflora.py] => [InfLoRA] DualGPM threshold: 0.9771
2026-07-27 05:59:23,900 [inflora.py] => [InfLoRA] Layer 1: 34/768 type remove
2026-07-27 05:59:23,900 [inflora.py] => [InfLoRA] Layer 2: 19/768 type remove
2026-07-27 05:59:23,900 [inflora.py] => [InfLoRA] Layer 3: 37/768 type remove
2026-07-27 05:59:23,900 [inflora.py] => [InfLoRA] Layer 4: 37/768 type remove
2026-07-27 05:59:23,900 [inflora.py] => [InfLoRA] Layer 5: 55/768 type remove
2026-07-27 05:59:23,900 [inflora.py] => [InfLoRA] Layer 6: 73/768 type remove
2026-07-27 05:59:23,900 [inflora.py] => [InfLoRA] Layer 7: 86/768 type remove
2026-07-27 05:59:23,900 [inflora.py] => [InfLoRA] Layer 8: 141/768 type remove
2026-07-27 05:59:23,900 [inflora.py] => [InfLoRA] Layer 9: 229/768 type remove
2026-07-27 05:59:23,900 [inflora.py] => [InfLoRA] Layer 10: 309/768 type remove
2026-07-27 05:59:23,900 [inflora.py] => [InfLoRA] Layer 11: 217/768 type remove
2026-07-27 05:59:23,900 [inflora.py] => [InfLoRA] Layer 12: 205/768 type remove
2026-07-27 06:04:31,270 [inflora.py] => [InfLoRA] DualGPM threshold: 0.9792
2026-07-27 06:04:32,776 [inflora.py] => [InfLoRA] Layer 1: 34/768 type remove
2026-07-27 06:04:32,776 [inflora.py] => [InfLoRA] Layer 2: 20/768 type remove
2026-07-27 06:04:32,776 [inflora.py] => [InfLoRA] Layer 3: 43/768 type remove
2026-07-27 06:04:32,776 [inflora.py] => [InfLoRA] Layer 4: 43/768 type remove
2026-07-27 06:04:32,776 [inflora.py] => [InfLoRA] Layer 5: 61/768 type remove
2026-07-27 06:04:32,776 [inflora.py] => [InfLoRA] Layer 6: 81/768 type remove
2026-07-27 06:04:32,776 [inflora.py] => [InfLoRA] Layer 7: 94/768 type remove
2026-07-27 06:04:32,776 [inflora.py] => [InfLoRA] Layer 8: 147/768 type remove
2026-07-27 06:04:32,776 [inflora.py] => [InfLoRA] Layer 9: 235/768 type remove
2026-07-27 06:04:32,776 [inflora.py] => [InfLoRA] Layer 10: 320/768 type remove
2026-07-27 06:04:32,776 [inflora.py] => [InfLoRA] Layer 11: 231/768 type remove
2026-07-27 06:04:32,776 [inflora.py] => [InfLoRA] Layer 12: 210/768 type remove
2026-07-27 06:04:46,660 [bounded_memory_mixin.py] => [bounded_mem eval] volume 0.60 | cycle 14 | classes_seen 190 | CIL top1 72.66 | top5 93.70 | (nearest latent task ~18) | param_hash dab583c27b250caf | per-task [76.88, 86.0, 54.31, 68.21, 81.5, 84.42, 88.0, 65.0, 60.0, 69.7, 84.34, 52.79, 75.5, 83.84, 71.5, 75.88, 62.81, 80.0, 59.5]
2026-07-27 06:09:54,158 [inflora.py] => [InfLoRA] DualGPM threshold: 0.9812
2026-07-27 06:09:55,654 [inflora.py] => [InfLoRA] Layer 1: 34/768 type remove
2026-07-27 06:09:55,654 [inflora.py] => [InfLoRA] Layer 2: 20/768 type remove
2026-07-27 06:09:55,654 [inflora.py] => [InfLoRA] Layer 3: 45/768 type remove
2026-07-27 06:09:55,654 [inflora.py] => [InfLoRA] Layer 4: 46/768 type remove
2026-07-27 06:09:55,654 [inflora.py] => [InfLoRA] Layer 5: 66/768 type remove
2026-07-27 06:09:55,654 [inflora.py] => [InfLoRA] Layer 6: 87/768 type remove
2026-07-27 06:09:55,654 [inflora.py] => [InfLoRA] Layer 7: 102/768 type remove
2026-07-27 06:09:55,655 [inflora.py] => [InfLoRA] Layer 8: 157/768 type remove
2026-07-27 06:09:55,655 [inflora.py] => [InfLoRA] Layer 9: 244/768 type remove
2026-07-27 06:09:55,655 [inflora.py] => [InfLoRA] Layer 10: 329/768 type remove
2026-07-27 06:09:55,655 [inflora.py] => [InfLoRA] Layer 11: 239/768 type remove
2026-07-27 06:09:55,655 [inflora.py] => [InfLoRA] Layer 12: 216/768 type remove
2026-07-27 06:15:03,392 [inflora.py] => [InfLoRA] DualGPM threshold: 0.9833
2026-07-27 06:15:04,893 [inflora.py] => [InfLoRA] Layer 1: 35/768 type remove
2026-07-27 06:15:04,893 [inflora.py] => [InfLoRA] Layer 2: 21/768 type remove
2026-07-27 06:15:04,893 [inflora.py] => [InfLoRA] Layer 3: 51/768 type remove
2026-07-27 06:15:04,893 [inflora.py] => [InfLoRA] Layer 4: 53/768 type remove
2026-07-27 06:15:04,893 [inflora.py] => [InfLoRA] Layer 5: 76/768 type remove
2026-07-27 06:15:04,893 [inflora.py] => [InfLoRA] Layer 6: 100/768 type remove
2026-07-27 06:15:04,893 [inflora.py] => [InfLoRA] Layer 7: 119/768 type remove
2026-07-27 06:15:04,893 [inflora.py] => [InfLoRA] Layer 8: 180/768 type remove
2026-07-27 06:15:04,893 [inflora.py] => [InfLoRA] Layer 9: 274/768 type remove
2026-07-27 06:15:04,893 [inflora.py] => [InfLoRA] Layer 10: 356/768 type remove
2026-07-27 06:15:04,893 [inflora.py] => [InfLoRA] Layer 11: 257/768 type remove
2026-07-27 06:15:04,893 [inflora.py] => [InfLoRA] Layer 12: 228/768 type remove
2026-07-27 06:15:20,648 [bounded_memory_mixin.py] => [bounded_mem eval] volume 0.70 | cycle 16 | classes_seen 220 | CIL top1 68.79 | top5 91.68 | (nearest latent task ~21) | param_hash 07b2d87585d79ed7 | per-task [72.86, 84.5, 55.84, 67.69, 79.5, 82.41, 86.5, 64.5, 56.0, 74.24, 82.83, 50.76, 73.0, 82.32, 74.0, 76.88, 61.31, 77.5, 52.0, 55.28, 45.23, 58.0]
2026-07-27 06:20:28,394 [inflora.py] => [InfLoRA] DualGPM threshold: 0.9854
2026-07-27 06:20:29,919 [inflora.py] => [InfLoRA] Layer 1: 44/768 type remove
2026-07-27 06:20:29,919 [inflora.py] => [InfLoRA] Layer 2: 23/768 type remove
2026-07-27 06:20:29,919 [inflora.py] => [InfLoRA] Layer 3: 57/768 type remove
2026-07-27 06:20:29,919 [inflora.py] => [InfLoRA] Layer 4: 59/768 type remove
2026-07-27 06:20:29,919 [inflora.py] => [InfLoRA] Layer 5: 84/768 type remove
2026-07-27 06:20:29,919 [inflora.py] => [InfLoRA] Layer 6: 113/768 type remove
2026-07-27 06:20:29,919 [inflora.py] => [InfLoRA] Layer 7: 134/768 type remove
2026-07-27 06:20:29,919 [inflora.py] => [InfLoRA] Layer 8: 204/768 type remove
2026-07-27 06:20:29,919 [inflora.py] => [InfLoRA] Layer 9: 305/768 type remove
2026-07-27 06:20:29,954 [inflora.py] => [InfLoRA] Layer 10: 380/768 type retain
2026-07-27 06:20:29,954 [inflora.py] => [InfLoRA] Layer 11: 284/768 type remove
2026-07-27 06:20:29,955 [inflora.py] => [InfLoRA] Layer 12: 252/768 type remove
2026-07-27 06:25:37,741 [inflora.py] => [InfLoRA] DualGPM threshold: 0.9875
2026-07-27 06:25:39,364 [inflora.py] => [InfLoRA] Layer 1: 44/768 type remove
2026-07-27 06:25:39,364 [inflora.py] => [InfLoRA] Layer 2: 23/768 type remove
2026-07-27 06:25:39,364 [inflora.py] => [InfLoRA] Layer 3: 60/768 type remove
2026-07-27 06:25:39,364 [inflora.py] => [InfLoRA] Layer 4: 63/768 type remove
2026-07-27 06:25:39,365 [inflora.py] => [InfLoRA] Layer 5: 91/768 type remove
2026-07-27 06:25:39,365 [inflora.py] => [InfLoRA] Layer 6: 122/768 type remove
2026-07-27 06:25:39,365 [inflora.py] => [InfLoRA] Layer 7: 148/768 type remove
2026-07-27 06:25:39,365 [inflora.py] => [InfLoRA] Layer 8: 222/768 type remove
2026-07-27 06:25:39,365 [inflora.py] => [InfLoRA] Layer 9: 324/768 type remove
2026-07-27 06:25:39,365 [inflora.py] => [InfLoRA] Layer 10: 367/768 type retain
2026-07-27 06:25:39,365 [inflora.py] => [InfLoRA] Layer 11: 302/768 type remove
2026-07-27 06:25:39,365 [inflora.py] => [InfLoRA] Layer 12: 277/768 type remove
2026-07-27 06:30:46,891 [inflora.py] => [InfLoRA] DualGPM threshold: 0.9896
2026-07-27 06:30:48,516 [inflora.py] => [InfLoRA] Layer 1: 49/768 type remove
2026-07-27 06:30:48,516 [inflora.py] => [InfLoRA] Layer 2: 27/768 type remove
2026-07-27 06:30:48,516 [inflora.py] => [InfLoRA] Layer 3: 72/768 type remove
2026-07-27 06:30:48,517 [inflora.py] => [InfLoRA] Layer 4: 76/768 type remove
2026-07-27 06:30:48,517 [inflora.py] => [InfLoRA] Layer 5: 107/768 type remove
2026-07-27 06:30:48,517 [inflora.py] => [InfLoRA] Layer 6: 140/768 type remove
2026-07-27 06:30:48,517 [inflora.py] => [InfLoRA] Layer 7: 169/768 type remove
2026-07-27 06:30:48,517 [inflora.py] => [InfLoRA] Layer 8: 243/768 type remove
2026-07-27 06:30:48,517 [inflora.py] => [InfLoRA] Layer 9: 352/768 type remove
2026-07-27 06:30:48,517 [inflora.py] => [InfLoRA] Layer 10: 321/768 type retain
2026-07-27 06:30:48,517 [inflora.py] => [InfLoRA] Layer 11: 361/768 type remove
2026-07-27 06:30:48,517 [inflora.py] => [InfLoRA] Layer 12: 325/768 type remove
2026-07-27 06:31:06,902 [bounded_memory_mixin.py] => [bounded_mem eval] volume 0.80 | cycle 19 | classes_seen 260 | CIL top1 66.40 | top5 90.08 | (nearest latent task ~25) | param_hash db5a6561a2097f38 | per-task [68.34, 86.0, 52.79, 66.15, 80.5, 82.91, 86.0, 60.0, 53.5, 73.23, 76.26, 46.7, 71.0, 82.32, 67.5, 74.87, 61.31, 76.0, 52.5, 52.76, 42.21, 68.5, 59.9, 75.63, 60.0, 48.99]
2026-07-27 06:36:14,867 [inflora.py] => [InfLoRA] DualGPM threshold: 0.9917
2026-07-27 06:36:16,509 [inflora.py] => [InfLoRA] Layer 1: 53/768 type remove
2026-07-27 06:36:16,509 [inflora.py] => [InfLoRA] Layer 2: 30/768 type remove
2026-07-27 06:36:16,509 [inflora.py] => [InfLoRA] Layer 3: 82/768 type remove
2026-07-27 06:36:16,509 [inflora.py] => [InfLoRA] Layer 4: 88/768 type remove
2026-07-27 06:36:16,509 [inflora.py] => [InfLoRA] Layer 5: 123/768 type remove
2026-07-27 06:36:16,510 [inflora.py] => [InfLoRA] Layer 6: 160/768 type remove
2026-07-27 06:36:16,510 [inflora.py] => [InfLoRA] Layer 7: 194/768 type remove
2026-07-27 06:36:16,510 [inflora.py] => [InfLoRA] Layer 8: 279/768 type remove
2026-07-27 06:36:16,533 [inflora.py] => [InfLoRA] Layer 9: 370/768 type retain
2026-07-27 06:36:16,534 [inflora.py] => [InfLoRA] Layer 10: 276/768 type retain
2026-07-27 06:36:16,558 [inflora.py] => [InfLoRA] Layer 11: 349/768 type retain
2026-07-27 06:36:16,558 [inflora.py] => [InfLoRA] Layer 12: 383/768 type remove
2026-07-27 06:41:24,513 [inflora.py] => [InfLoRA] DualGPM threshold: 0.9938
2026-07-27 06:41:26,346 [inflora.py] => [InfLoRA] Layer 1: 64/768 type remove
2026-07-27 06:41:26,347 [inflora.py] => [InfLoRA] Layer 2: 35/768 type remove
2026-07-27 06:41:26,347 [inflora.py] => [InfLoRA] Layer 3: 95/768 type remove
2026-07-27 06:41:26,347 [inflora.py] => [InfLoRA] Layer 4: 104/768 type remove
2026-07-27 06:41:26,347 [inflora.py] => [InfLoRA] Layer 5: 143/768 type remove
2026-07-27 06:41:26,347 [inflora.py] => [InfLoRA] Layer 6: 185/768 type remove
2026-07-27 06:41:26,347 [inflora.py] => [InfLoRA] Layer 7: 223/768 type remove
2026-07-27 06:41:26,347 [inflora.py] => [InfLoRA] Layer 8: 315/768 type remove
2026-07-27 06:41:26,347 [inflora.py] => [InfLoRA] Layer 9: 326/768 type retain
2026-07-27 06:41:26,347 [inflora.py] => [InfLoRA] Layer 10: 232/768 type retain
2026-07-27 06:41:26,347 [inflora.py] => [InfLoRA] Layer 11: 297/768 type retain
2026-07-27 06:41:26,371 [inflora.py] => [InfLoRA] Layer 12: 343/768 type retain
2026-07-27 06:41:46,014 [bounded_memory_mixin.py] => [bounded_mem eval] volume 0.90 | cycle 21 | classes_seen 280 | CIL top1 65.61 | top5 89.83 | (nearest latent task ~27) | param_hash 7962ae10e6118a17 | per-task [65.33, 86.0, 53.81, 64.1, 78.5, 82.91, 83.5, 52.5, 52.0, 70.2, 74.75, 47.72, 71.5, 79.8, 65.5, 76.38, 59.3, 76.0, 53.5, 53.27, 41.21, 65.0, 60.91, 77.16, 60.0, 72.73, 65.33, 48.0]
2026-07-27 06:46:54,093 [inflora.py] => [InfLoRA] DualGPM threshold: 0.9958
2026-07-27 06:46:56,150 [inflora.py] => [InfLoRA] Layer 1: 76/768 type remove
2026-07-27 06:46:56,150 [inflora.py] => [InfLoRA] Layer 2: 43/768 type remove
2026-07-27 06:46:56,150 [inflora.py] => [InfLoRA] Layer 3: 116/768 type remove
2026-07-27 06:46:56,150 [inflora.py] => [InfLoRA] Layer 4: 131/768 type remove
2026-07-27 06:46:56,150 [inflora.py] => [InfLoRA] Layer 5: 176/768 type remove
2026-07-27 06:46:56,150 [inflora.py] => [InfLoRA] Layer 6: 228/768 type remove
2026-07-27 06:46:56,150 [inflora.py] => [InfLoRA] Layer 7: 275/768 type remove
2026-07-27 06:46:56,150 [inflora.py] => [InfLoRA] Layer 8: 374/768 type remove
2026-07-27 06:46:56,151 [inflora.py] => [InfLoRA] Layer 9: 264/768 type retain
2026-07-27 06:46:56,151 [inflora.py] => [InfLoRA] Layer 10: 174/768 type retain
2026-07-27 06:46:56,151 [inflora.py] => [InfLoRA] Layer 11: 221/768 type retain
2026-07-27 06:46:56,151 [inflora.py] => [InfLoRA] Layer 12: 271/768 type retain
2026-07-27 06:51:17,675 [inflora.py] => [InfLoRA] DualGPM threshold: 0.9979
2026-07-27 06:51:19,654 [inflora.py] => [InfLoRA] Layer 1: 90/768 type remove
2026-07-27 06:51:19,654 [inflora.py] => [InfLoRA] Layer 2: 55/768 type remove
2026-07-27 06:51:19,654 [inflora.py] => [InfLoRA] Layer 3: 155/768 type remove
2026-07-27 06:51:19,654 [inflora.py] => [InfLoRA] Layer 4: 186/768 type remove
2026-07-27 06:51:19,654 [inflora.py] => [InfLoRA] Layer 5: 246/768 type remove
2026-07-27 06:51:19,654 [inflora.py] => [InfLoRA] Layer 6: 306/768 type remove
2026-07-27 06:51:19,654 [inflora.py] => [InfLoRA] Layer 7: 359/768 type remove
2026-07-27 06:51:19,682 [inflora.py] => [InfLoRA] Layer 8: 317/768 type retain
2026-07-27 06:51:19,682 [inflora.py] => [InfLoRA] Layer 9: 204/768 type retain
2026-07-27 06:51:19,683 [inflora.py] => [InfLoRA] Layer 10: 132/768 type retain
2026-07-27 06:51:19,683 [inflora.py] => [InfLoRA] Layer 11: 184/768 type retain
2026-07-27 06:51:19,683 [inflora.py] => [InfLoRA] Layer 12: 239/768 type retain
2026-07-27 06:51:40,548 [bounded_memory_mixin.py] => [bounded_mem eval] volume 1.00 | cycle 23 | classes_seen 300 | CIL top1 63.34 | top5 89.05 | (nearest latent task ~29) | param_hash 75a853acd7c7cbdf | per-task [63.32, 86.5, 52.28, 64.62, 76.5, 82.41, 82.5, 51.0, 44.0, 67.17, 72.73, 47.72, 69.5, 73.74, 67.0, 73.37, 59.3, 76.5, 54.5, 50.25, 41.71, 63.0, 59.9, 67.01, 61.5, 71.72, 64.32, 62.5, 55.84, 37.5]
2026-07-27 06:51:44,931 [metrics_logger.py] => [metrics] wrote run_logs/final/inflora/metrics_inflora_round2_grid_omni30t_300mb_inflora_s1996_s1996.json
2026-07-27 06:51:44,934 [trainer.py] => [bounded_mem] volume checkpoints: [0.1, 0.2, 0.3, 0.4, 0.5, 0.6, 0.7, 0.8, 0.9, 1.0]
2026-07-27 06:51:44,934 [trainer.py] => [bounded_mem] CIL top1 curve: [84.58, 82.66, 78.36, 75.04, 75.47, 72.66, 68.79, 66.4, 65.61, 63.34]
2026-07-27 06:51:44,934 [trainer.py] => [bounded_mem] CIL top5 curve: [99.49, 97.91, 96.43, 95.18, 94.47, 93.7, 91.68, 90.08, 89.83, 89.05]
[bounded_mem] checkpoints (fraction of stream): [0.1, 0.2, 0.3, 0.4, 0.5, 0.6, 0.7, 0.8, 0.9, 1.0]
[bounded_mem] CIL top1: [84.58, 82.66, 78.36, 75.04, 75.47, 72.66, 68.79, 66.4, 65.61, 63.34]
[bounded_mem] CIL top5: [99.49, 97.91, 96.43, 95.18, 94.47, 93.7, 91.68, 90.08, 89.83, 89.05]
2026-07-27 06:51:44,934 [trainer.py] => [bounded_mem] FINAL CIL top1 63.34 | top5 89.05 (at 100% of stream)
[bounded_mem] FINAL CIL top1 63.34 | top5 89.05
[bounded_mem] wrote run_logs/boundedmem_inflora_round2_grid_omni30t_300mb_inflora_s1996_s1996.json
