2026-07-26 18:52:19,204 [trainer.py] => config: exps/round2_grid/_patched_inflora_100mb_s1996_gpu4.json
2026-07-26 18:52:19,204 [trainer.py] => dataset: omnibenchmark1k
2026-07-26 18:52:19,204 [trainer.py] => memory_size: 0
2026-07-26 18:52:19,204 [trainer.py] => memory_per_class: 0
2026-07-26 18:52:19,204 [trainer.py] => fixed_memory: False
2026-07-26 18:52:19,204 [trainer.py] => shuffle: True
2026-07-26 18:52:19,204 [trainer.py] => init_cls: 10
2026-07-26 18:52:19,204 [trainer.py] => increment: 10
2026-07-26 18:52:19,204 [trainer.py] => scenario: cil
2026-07-26 18:52:19,204 [trainer.py] => pretrained: True
2026-07-26 18:52:19,204 [trainer.py] => print_forget: False
2026-07-26 18:52:19,204 [trainer.py] => final_metrics: False
2026-07-26 18:52:19,204 [trainer.py] => backbone_type: vit_base_patch16_224_lora
2026-07-26 18:52:19,204 [trainer.py] => lora_rank: 10
2026-07-26 18:52:19,204 [trainer.py] => lora_alpha: None
2026-07-26 18:52:19,204 [trainer.py] => batch_size: 48
2026-07-26 18:52:19,204 [trainer.py] => weight_decay: 0.0005
2026-07-26 18:52:19,205 [trainer.py] => min_lr: 0.0
2026-07-26 18:52:19,205 [trainer.py] => tuned_epoch: 20
2026-07-26 18:52:19,205 [trainer.py] => boundary_mode: bounded_memory
2026-07-26 18:52:19,205 [trainer.py] => stop_after_tasks: 30
2026-07-26 18:52:19,205 [trainer.py] => model_name: inflora
2026-07-26 18:52:19,205 [trainer.py] => lora_merge: True
2026-07-26 18:52:19,205 [trainer.py] => lamb: 0.95
2026-07-26 18:52:19,205 [trainer.py] => lame: 1.0
2026-07-26 18:52:19,205 [trainer.py] => init_lr: 0.0005
2026-07-26 18:52:19,205 [trainer.py] => seed: 1996
2026-07-26 18:52:19,205 [trainer.py] => bm_budget_mb: 100
2026-07-26 18:52:19,205 [trainer.py] => prefix: round2_grid_omni30t_100mb_inflora_s1996
2026-07-26 18:52:19,205 [trainer.py] => device: [device(type='cuda', index=4)]
2026-07-26 18:52:19,833 [data_manager.py] => [438, 831, 338, 46, 856, 850, 593, 53, 230, 71, 34, 91, 794, 884, 358, 68, 585, 804, 601, 488, 443, 290, 699, 811, 898, 416, 424, 72, 235, 116, 908, 669, 569, 47, 983, 464, 545, 267, 383, 408, 96, 760, 935, 321, 511, 819, 253, 671, 945, 919, 209, 705, 711, 448, 106, 552, 486, 734, 978, 394, 654, 527, 522, 51, 774, 583, 234, 127, 958, 933, 398, 886, 21, 465, 104, 572, 377, 537, 50, 188, 697, 128, 28, 158, 855, 382, 496, 562, 225, 560, 242, 647, 255, 400, 274, 743, 775, 824, 258, 280, 806, 480, 652, 252, 528, 744, 578, 232, 203, 662, 474, 134, 403, 649, 250, 574, 638, 753, 926, 436, 785, 379, 27, 61, 543, 563, 826, 960, 879, 861, 214, 690, 776, 571, 798, 266, 590, 427, 622, 679, 0, 849, 902, 2, 925, 984, 92, 220, 674, 818, 848, 916, 959, 864, 29, 204, 482, 420, 322, 31, 207, 217, 869, 223, 271, 605, 558, 923, 710, 16, 469, 778, 497, 733, 874, 216, 777, 385, 841, 606, 183, 86, 717, 559, 277, 117, 114, 769, 462, 262, 814, 973, 348, 171, 291, 846, 112, 458, 78, 365, 74, 431, 272, 737, 937, 575, 166, 56, 534, 815, 353, 857, 952, 33, 144, 761, 211, 771, 359, 766, 133, 894, 816, 882, 366, 892, 852, 747, 546, 842, 355, 703, 553, 931, 317, 645, 36, 863, 890, 489, 900, 672, 370, 283, 80, 722, 109, 198, 614, 122, 356, 939, 725, 667, 459, 110, 18, 342, 102, 612, 823, 592, 419, 928, 210, 529, 411, 524, 772, 454, 943, 336, 873, 835, 118, 901, 751, 224, 75, 877, 439, 951, 93, 714, 15, 435, 992, 685, 59, 599, 659, 414, 52, 119, 239, 708, 310, 867, 298, 702, 401, 687, 386, 247, 570, 484, 616, 862, 428, 300, 971, 598, 557, 808, 977, 946, 508, 41, 539, 222, 412, 749, 790, 79, 131, 675, 579, 957, 344, 314, 677, 121, 161, 487, 970, 700, 129, 715, 390, 520, 719, 646, 201, 32, 704, 770, 876, 828, 82, 429, 989, 561, 905, 476, 248, 940, 384, 682, 406, 783, 839, 878, 123, 453, 643, 536, 493, 665, 202, 442, 872, 809, 532, 609, 880, 812, 391, 694, 173, 49, 650, 221, 44, 588, 944, 287, 349, 404, 481, 623, 154, 288, 301, 334, 227, 941, 917, 281, 25, 706, 228, 963, 485, 292, 728, 913, 124, 153, 306, 688, 955, 501, 607, 921, 765, 333, 449, 43, 986, 345, 907, 980, 500, 805, 120, 1, 914, 632, 695, 434, 651, 604, 184, 177, 825, 368, 445, 844, 847, 182, 663, 498, 88, 101, 479, 912, 212, 997, 372, 165, 30, 307, 530, 108, 352, 180, 237, 834, 375, 817, 795, 906, 587, 279, 625, 735, 328, 142, 194, 460, 141, 568, 380, 738, 936, 999, 17, 683, 888, 289, 360, 523, 789, 833, 40, 594, 354, 22, 326, 19, 832, 930, 293, 341, 716, 226, 470, 160, 788, 147, 361, 392, 64, 624, 245, 531, 241, 4, 396, 660, 433, 720, 514, 265, 264, 351, 103, 302, 655, 947, 376, 270, 617, 726, 455, 313, 903, 63, 263, 363, 787, 273, 137, 243, 595, 350, 807, 233, 259, 990, 452, 550, 409, 938, 975, 871, 724, 430, 910, 318, 780, 698, 473, 845, 399, 581, 178, 932, 332, 924, 407, 170, 472, 799, 566, 620, 296, 621, 723, 506, 393, 346, 904, 367, 60, 415, 192, 580, 8, 176, 85, 324, 554, 820, 186, 918, 69, 206, 752, 991, 740, 762, 260, 174, 754, 410, 475, 544, 246, 589, 269, 478, 803, 684, 801, 613, 979, 985, 693, 969, 66, 854, 89, 229, 282, 55, 389, 135, 150, 268, 821, 577, 730, 100, 729, 276, 875, 727, 556, 691, 373, 145, 791, 240, 149, 213, 909, 653, 374, 130, 155, 219, 929, 840, 98, 136, 896, 859, 3, 140, 564, 426, 866, 586, 70, 343, 962, 829, 640, 739, 922, 767, 513, 369, 525, 982, 67, 236, 325, 172, 73, 143, 444, 151, 953, 169, 35, 499, 657, 337, 538, 316, 94, 83, 309, 895, 319, 584, 591, 152, 13, 745, 320, 956, 830, 796, 633, 437, 87, 642, 713, 993, 518, 519, 215, 865, 689, 6, 187, 502, 763, 5, 950, 972, 335, 602, 115, 548, 779, 967, 927, 516, 718, 339, 299, 996, 966, 547, 507, 800, 630, 39, 603, 441, 742, 994, 417, 666, 615, 185, 628, 97, 231, 709, 26, 786, 942, 157, 111, 218, 504, 397, 329, 54, 308, 456, 636, 949, 193, 99, 853, 305, 249, 477, 634, 755, 509, 126, 168, 707, 190, 7, 286, 658, 988, 107, 510, 555, 512, 736, 541, 200, 37, 14, 362, 567, 24, 961, 12, 378, 9, 948, 315, 205, 303, 600, 899, 810, 284, 868, 673, 505, 792, 987, 492, 405, 889, 517, 858, 181, 189, 635, 457, 422, 768, 860, 891, 611, 294, 197, 664, 446, 191, 741, 756, 976, 95, 421, 998, 597, 105, 681, 670, 686, 851, 179, 468, 995, 413, 388, 781, 402, 113, 629, 731, 84, 285, 466, 934, 146, 20, 244, 802, 450, 254, 680, 515, 637, 644, 125, 295, 164, 251, 661, 696, 712, 58, 483, 920, 576, 175, 782, 503, 721, 381, 357, 371, 159, 327, 195, 521, 639, 238, 423, 304, 893, 887, 347, 631, 668, 784, 965, 81, 582, 533, 45, 138, 163, 261, 77, 542, 494, 648, 619, 750, 196, 275, 311, 440, 418, 701, 447, 57, 565, 618, 758, 495, 331, 813, 156, 822, 676, 627, 656, 491, 897, 432, 490, 981, 843, 911, 881, 62, 148, 11, 626, 387, 641, 964, 471, 773, 608, 746, 764, 732, 10, 551, 797, 535, 395, 692, 838, 199, 208, 425, 76, 23, 837, 974, 883, 90, 312, 678, 759, 836, 167, 42, 596, 748, 461, 915, 256, 278, 870, 757, 968, 364, 65, 573, 467, 330, 827, 793, 549, 48, 340, 162, 540, 132, 139, 885, 526, 463, 451, 297, 38, 323, 610, 257, 954]
This is for the BaseNet initialization.
I'm using ViT with per-task LoRA (q,v).
_IncompatibleKeys(missing_keys=['blocks.0.attn.cur_matrix', 'blocks.0.attn.frozen_delta_q', 'blocks.0.attn.frozen_delta_v', 'blocks.0.attn.lora_A_q.0.weight', 'blocks.0.attn.lora_B_q.0.weight', 'blocks.0.attn.lora_A_v.0.weight', 'blocks.0.attn.lora_B_v.0.weight', 'blocks.1.attn.cur_matrix', 'blocks.1.attn.frozen_delta_q', 'blocks.1.attn.frozen_delta_v', 'blocks.1.attn.lora_A_q.0.weight', 'blocks.1.attn.lora_B_q.0.weight', 'blocks.1.attn.lora_A_v.0.weight', 'blocks.1.attn.lora_B_v.0.weight', 'blocks.2.attn.cur_matrix', 'blocks.2.attn.frozen_delta_q', 'blocks.2.attn.frozen_delta_v', 'blocks.2.attn.lora_A_q.0.weight', 'blocks.2.attn.lora_B_q.0.weight', 'blocks.2.attn.lora_A_v.0.weight', 'blocks.2.attn.lora_B_v.0.weight', 'blocks.3.attn.cur_matrix', 'blocks.3.attn.frozen_delta_q', 'blocks.3.attn.frozen_delta_v', 'blocks.3.attn.lora_A_q.0.weight', 'blocks.3.attn.lora_B_q.0.weight', 'blocks.3.attn.lora_A_v.0.weight', 'blocks.3.attn.lora_B_v.0.weight', 'blocks.4.attn.cur_matrix', 'blocks.4.attn.frozen_delta_q', 'blocks.4.attn.frozen_delta_v', 'blocks.4.attn.lora_A_q.0.weight', 'blocks.4.attn.lora_B_q.0.weight', 'blocks.4.attn.lora_A_v.0.weight', 'blocks.4.attn.lora_B_v.0.weight', 'blocks.5.attn.cur_matrix', 'blocks.5.attn.frozen_delta_q', 'blocks.5.attn.frozen_delta_v', 'blocks.5.attn.lora_A_q.0.weight', 'blocks.5.attn.lora_B_q.0.weight', 'blocks.5.attn.lora_A_v.0.weight', 'blocks.5.attn.lora_B_v.0.weight', 'blocks.6.attn.cur_matrix', 'blocks.6.attn.frozen_delta_q', 'blocks.6.attn.frozen_delta_v', 'blocks.6.attn.lora_A_q.0.weight', 'blocks.6.attn.lora_B_q.0.weight', 'blocks.6.attn.lora_A_v.0.weight', 'blocks.6.attn.lora_B_v.0.weight', 'blocks.7.attn.cur_matrix', 'blocks.7.attn.frozen_delta_q', 'blocks.7.attn.frozen_delta_v', 'blocks.7.attn.lora_A_q.0.weight', 'blocks.7.attn.lora_B_q.0.weight', 'blocks.7.attn.lora_A_v.0.weight', 'blocks.7.attn.lora_B_v.0.weight', 'blocks.8.attn.cur_matrix', 'blocks.8.attn.frozen_delta_q', 'blocks.8.attn.frozen_delta_v', 'blocks.8.attn.lora_A_q.0.weight', 'blocks.8.attn.lora_B_q.0.weight', 'blocks.8.attn.lora_A_v.0.weight', 'blocks.8.attn.lora_B_v.0.weight', 'blocks.9.attn.cur_matrix', 'blocks.9.attn.frozen_delta_q', 'blocks.9.attn.frozen_delta_v', 'blocks.9.attn.lora_A_q.0.weight', 'blocks.9.attn.lora_B_q.0.weight', 'blocks.9.attn.lora_A_v.0.weight', 'blocks.9.attn.lora_B_v.0.weight', 'blocks.10.attn.cur_matrix', 'blocks.10.attn.frozen_delta_q', 'blocks.10.attn.frozen_delta_v', 'blocks.10.attn.lora_A_q.0.weight', 'blocks.10.attn.lora_B_q.0.weight', 'blocks.10.attn.lora_A_v.0.weight', 'blocks.10.attn.lora_B_v.0.weight', 'blocks.11.attn.cur_matrix', 'blocks.11.attn.frozen_delta_q', 'blocks.11.attn.frozen_delta_v', 'blocks.11.attn.lora_A_q.0.weight', 'blocks.11.attn.lora_B_q.0.weight', 'blocks.11.attn.lora_A_v.0.weight', 'blocks.11.attn.lora_B_v.0.weight'], unexpected_keys=[])
After BaseNet initialization.
2026-07-26 18:52:27,990 [bounded_memory_mixin.py] => [bounded_mem] stop_after_tasks=30 (of 100 total)
2026-07-26 18:52:28,031 [bounded_memory_mixin.py] => [bounded_mem] budget_mb=100.0 -> cycle=697 images (mean_task=1660.6 images, so this budget is 0.42x mean task size); 49817 total images -> 72 cycles (T=72 sessions); 10 eval checkpoints
2026-07-26 18:54:19,496 [inflora.py] => [InfLoRA] DualGPM threshold: 0.9500
2026-07-26 18:54:20,255 [inflora.py] => [InfLoRA] Layer 1: 7/768 type remove
2026-07-26 18:54:20,255 [inflora.py] => [InfLoRA] Layer 2: 10/768 type remove
2026-07-26 18:54:20,255 [inflora.py] => [InfLoRA] Layer 3: 12/768 type remove
2026-07-26 18:54:20,255 [inflora.py] => [InfLoRA] Layer 4: 11/768 type remove
2026-07-26 18:54:20,255 [inflora.py] => [InfLoRA] Layer 5: 13/768 type remove
2026-07-26 18:54:20,255 [inflora.py] => [InfLoRA] Layer 6: 15/768 type remove
2026-07-26 18:54:20,255 [inflora.py] => [InfLoRA] Layer 7: 17/768 type remove
2026-07-26 18:54:20,255 [inflora.py] => [InfLoRA] Layer 8: 18/768 type remove
2026-07-26 18:54:20,255 [inflora.py] => [InfLoRA] Layer 9: 30/768 type remove
2026-07-26 18:54:20,255 [inflora.py] => [InfLoRA] Layer 10: 30/768 type remove
2026-07-26 18:54:20,255 [inflora.py] => [InfLoRA] Layer 11: 10/768 type remove
2026-07-26 18:54:20,256 [inflora.py] => [InfLoRA] Layer 12: 11/768 type remove
2026-07-26 18:56:13,372 [inflora.py] => [InfLoRA] DualGPM threshold: 0.9507
2026-07-26 18:56:14,676 [inflora.py] => [InfLoRA] Layer 1: 9/768 type remove
2026-07-26 18:56:14,676 [inflora.py] => [InfLoRA] Layer 2: 11/768 type remove
2026-07-26 18:56:14,677 [inflora.py] => [InfLoRA] Layer 3: 14/768 type remove
2026-07-26 18:56:14,677 [inflora.py] => [InfLoRA] Layer 4: 12/768 type remove
2026-07-26 18:56:14,677 [inflora.py] => [InfLoRA] Layer 5: 15/768 type remove
2026-07-26 18:56:14,677 [inflora.py] => [InfLoRA] Layer 6: 17/768 type remove
2026-07-26 18:56:14,677 [inflora.py] => [InfLoRA] Layer 7: 19/768 type remove
2026-07-26 18:56:14,677 [inflora.py] => [InfLoRA] Layer 8: 22/768 type remove
2026-07-26 18:56:14,677 [inflora.py] => [InfLoRA] Layer 9: 37/768 type remove
2026-07-26 18:56:14,677 [inflora.py] => [InfLoRA] Layer 10: 40/768 type remove
2026-07-26 18:56:14,677 [inflora.py] => [InfLoRA] Layer 11: 14/768 type remove
2026-07-26 18:56:14,677 [inflora.py] => [InfLoRA] Layer 12: 15/768 type remove
2026-07-26 18:58:08,390 [inflora.py] => [InfLoRA] DualGPM threshold: 0.9514
2026-07-26 18:58:09,707 [inflora.py] => [InfLoRA] Layer 1: 11/768 type remove
2026-07-26 18:58:09,707 [inflora.py] => [InfLoRA] Layer 2: 12/768 type remove
2026-07-26 18:58:09,708 [inflora.py] => [InfLoRA] Layer 3: 15/768 type remove
2026-07-26 18:58:09,708 [inflora.py] => [InfLoRA] Layer 4: 13/768 type remove
2026-07-26 18:58:09,708 [inflora.py] => [InfLoRA] Layer 5: 17/768 type remove
2026-07-26 18:58:09,708 [inflora.py] => [InfLoRA] Layer 6: 19/768 type remove
2026-07-26 18:58:09,708 [inflora.py] => [InfLoRA] Layer 7: 22/768 type remove
2026-07-26 18:58:09,708 [inflora.py] => [InfLoRA] Layer 8: 30/768 type remove
2026-07-26 18:58:09,708 [inflora.py] => [InfLoRA] Layer 9: 59/768 type remove
2026-07-26 18:58:09,708 [inflora.py] => [InfLoRA] Layer 10: 89/768 type remove
2026-07-26 18:58:09,708 [inflora.py] => [InfLoRA] Layer 11: 41/768 type remove
2026-07-26 18:58:09,708 [inflora.py] => [InfLoRA] Layer 12: 43/768 type remove
2026-07-26 19:00:03,283 [inflora.py] => [InfLoRA] DualGPM threshold: 0.9521
2026-07-26 19:00:04,633 [inflora.py] => [InfLoRA] Layer 1: 14/768 type remove
2026-07-26 19:00:04,633 [inflora.py] => [InfLoRA] Layer 2: 13/768 type remove
2026-07-26 19:00:04,633 [inflora.py] => [InfLoRA] Layer 3: 16/768 type remove
2026-07-26 19:00:04,633 [inflora.py] => [InfLoRA] Layer 4: 14/768 type remove
2026-07-26 19:00:04,633 [inflora.py] => [InfLoRA] Layer 5: 18/768 type remove
2026-07-26 19:00:04,633 [inflora.py] => [InfLoRA] Layer 6: 21/768 type remove
2026-07-26 19:00:04,633 [inflora.py] => [InfLoRA] Layer 7: 25/768 type remove
2026-07-26 19:00:04,633 [inflora.py] => [InfLoRA] Layer 8: 35/768 type remove
2026-07-26 19:00:04,633 [inflora.py] => [InfLoRA] Layer 9: 70/768 type remove
2026-07-26 19:00:04,633 [inflora.py] => [InfLoRA] Layer 10: 112/768 type remove
2026-07-26 19:00:04,633 [inflora.py] => [InfLoRA] Layer 11: 63/768 type remove
2026-07-26 19:00:04,633 [inflora.py] => [InfLoRA] Layer 12: 52/768 type remove
2026-07-26 19:01:58,374 [inflora.py] => [InfLoRA] DualGPM threshold: 0.9528
2026-07-26 19:01:59,736 [inflora.py] => [InfLoRA] Layer 1: 14/768 type remove
2026-07-26 19:01:59,736 [inflora.py] => [InfLoRA] Layer 2: 13/768 type remove
2026-07-26 19:01:59,736 [inflora.py] => [InfLoRA] Layer 3: 17/768 type remove
2026-07-26 19:01:59,736 [inflora.py] => [InfLoRA] Layer 4: 14/768 type remove
2026-07-26 19:01:59,736 [inflora.py] => [InfLoRA] Layer 5: 19/768 type remove
2026-07-26 19:01:59,736 [inflora.py] => [InfLoRA] Layer 6: 22/768 type remove
2026-07-26 19:01:59,736 [inflora.py] => [InfLoRA] Layer 7: 26/768 type remove
2026-07-26 19:01:59,736 [inflora.py] => [InfLoRA] Layer 8: 37/768 type remove
2026-07-26 19:01:59,736 [inflora.py] => [InfLoRA] Layer 9: 75/768 type remove
2026-07-26 19:01:59,736 [inflora.py] => [InfLoRA] Layer 10: 125/768 type remove
2026-07-26 19:01:59,736 [inflora.py] => [InfLoRA] Layer 11: 71/768 type remove
2026-07-26 19:01:59,736 [inflora.py] => [InfLoRA] Layer 12: 61/768 type remove
2026-07-26 19:03:52,916 [inflora.py] => [InfLoRA] DualGPM threshold: 0.9535
2026-07-26 19:03:54,293 [inflora.py] => [InfLoRA] Layer 1: 14/768 type remove
2026-07-26 19:03:54,293 [inflora.py] => [InfLoRA] Layer 2: 13/768 type remove
2026-07-26 19:03:54,293 [inflora.py] => [InfLoRA] Layer 3: 17/768 type remove
2026-07-26 19:03:54,293 [inflora.py] => [InfLoRA] Layer 4: 14/768 type remove
2026-07-26 19:03:54,293 [inflora.py] => [InfLoRA] Layer 5: 20/768 type remove
2026-07-26 19:03:54,293 [inflora.py] => [InfLoRA] Layer 6: 23/768 type remove
2026-07-26 19:03:54,293 [inflora.py] => [InfLoRA] Layer 7: 27/768 type remove
2026-07-26 19:03:54,293 [inflora.py] => [InfLoRA] Layer 8: 38/768 type remove
2026-07-26 19:03:54,293 [inflora.py] => [InfLoRA] Layer 9: 77/768 type remove
2026-07-26 19:03:54,293 [inflora.py] => [InfLoRA] Layer 10: 129/768 type remove
2026-07-26 19:03:54,293 [inflora.py] => [InfLoRA] Layer 11: 75/768 type remove
2026-07-26 19:03:54,294 [inflora.py] => [InfLoRA] Layer 12: 64/768 type remove
2026-07-26 19:05:47,692 [inflora.py] => [InfLoRA] DualGPM threshold: 0.9542
2026-07-26 19:05:49,075 [inflora.py] => [InfLoRA] Layer 1: 14/768 type remove
2026-07-26 19:05:49,075 [inflora.py] => [InfLoRA] Layer 2: 13/768 type remove
2026-07-26 19:05:49,075 [inflora.py] => [InfLoRA] Layer 3: 17/768 type remove
2026-07-26 19:05:49,076 [inflora.py] => [InfLoRA] Layer 4: 15/768 type remove
2026-07-26 19:05:49,076 [inflora.py] => [InfLoRA] Layer 5: 20/768 type remove
2026-07-26 19:05:49,076 [inflora.py] => [InfLoRA] Layer 6: 23/768 type remove
2026-07-26 19:05:49,076 [inflora.py] => [InfLoRA] Layer 7: 27/768 type remove
2026-07-26 19:05:49,076 [inflora.py] => [InfLoRA] Layer 8: 39/768 type remove
2026-07-26 19:05:49,076 [inflora.py] => [InfLoRA] Layer 9: 78/768 type remove
2026-07-26 19:05:49,076 [inflora.py] => [InfLoRA] Layer 10: 130/768 type remove
2026-07-26 19:05:49,076 [inflora.py] => [InfLoRA] Layer 11: 76/768 type remove
2026-07-26 19:05:49,076 [inflora.py] => [InfLoRA] Layer 12: 66/768 type remove
2026-07-26 19:07:43,171 [inflora.py] => [InfLoRA] DualGPM threshold: 0.9549
2026-07-26 19:07:44,554 [inflora.py] => [InfLoRA] Layer 1: 14/768 type remove
2026-07-26 19:07:44,554 [inflora.py] => [InfLoRA] Layer 2: 13/768 type remove
2026-07-26 19:07:44,554 [inflora.py] => [InfLoRA] Layer 3: 17/768 type remove
2026-07-26 19:07:44,555 [inflora.py] => [InfLoRA] Layer 4: 15/768 type remove
2026-07-26 19:07:44,555 [inflora.py] => [InfLoRA] Layer 5: 20/768 type remove
2026-07-26 19:07:44,555 [inflora.py] => [InfLoRA] Layer 6: 24/768 type remove
2026-07-26 19:07:44,555 [inflora.py] => [InfLoRA] Layer 7: 28/768 type remove
2026-07-26 19:07:44,555 [inflora.py] => [InfLoRA] Layer 8: 41/768 type remove
2026-07-26 19:07:44,555 [inflora.py] => [InfLoRA] Layer 9: 83/768 type remove
2026-07-26 19:07:44,555 [inflora.py] => [InfLoRA] Layer 10: 139/768 type remove
2026-07-26 19:07:44,555 [inflora.py] => [InfLoRA] Layer 11: 82/768 type remove
2026-07-26 19:07:44,555 [inflora.py] => [InfLoRA] Layer 12: 71/768 type remove
2026-07-26 19:07:49,124 [bounded_memory_mixin.py] => [bounded_mem eval] volume 0.10 | cycle 7 | classes_seen 40 | CIL top1 81.29 | top5 97.60 | (nearest latent task ~3) | param_hash 33cb6df9c67c5aff | per-task [93.97, 93.0, 58.88, 78.97]
2026-07-26 19:09:43,644 [inflora.py] => [InfLoRA] DualGPM threshold: 0.9556
2026-07-26 19:09:45,019 [inflora.py] => [InfLoRA] Layer 1: 14/768 type remove
2026-07-26 19:09:45,019 [inflora.py] => [InfLoRA] Layer 2: 13/768 type remove
2026-07-26 19:09:45,019 [inflora.py] => [InfLoRA] Layer 3: 18/768 type remove
2026-07-26 19:09:45,019 [inflora.py] => [InfLoRA] Layer 4: 15/768 type remove
2026-07-26 19:09:45,019 [inflora.py] => [InfLoRA] Layer 5: 21/768 type remove
2026-07-26 19:09:45,019 [inflora.py] => [InfLoRA] Layer 6: 25/768 type remove
2026-07-26 19:09:45,019 [inflora.py] => [InfLoRA] Layer 7: 30/768 type remove
2026-07-26 19:09:45,019 [inflora.py] => [InfLoRA] Layer 8: 44/768 type remove
2026-07-26 19:09:45,019 [inflora.py] => [InfLoRA] Layer 9: 87/768 type remove
2026-07-26 19:09:45,019 [inflora.py] => [InfLoRA] Layer 10: 145/768 type remove
2026-07-26 19:09:45,019 [inflora.py] => [InfLoRA] Layer 11: 84/768 type remove
2026-07-26 19:09:45,020 [inflora.py] => [InfLoRA] Layer 12: 72/768 type remove
2026-07-26 19:11:38,839 [inflora.py] => [InfLoRA] DualGPM threshold: 0.9562
2026-07-26 19:11:40,222 [inflora.py] => [InfLoRA] Layer 1: 14/768 type remove
2026-07-26 19:11:40,222 [inflora.py] => [InfLoRA] Layer 2: 13/768 type remove
2026-07-26 19:11:40,222 [inflora.py] => [InfLoRA] Layer 3: 18/768 type remove
2026-07-26 19:11:40,222 [inflora.py] => [InfLoRA] Layer 4: 15/768 type remove
2026-07-26 19:11:40,222 [inflora.py] => [InfLoRA] Layer 5: 22/768 type remove
2026-07-26 19:11:40,222 [inflora.py] => [InfLoRA] Layer 6: 26/768 type remove
2026-07-26 19:11:40,222 [inflora.py] => [InfLoRA] Layer 7: 32/768 type remove
2026-07-26 19:11:40,222 [inflora.py] => [InfLoRA] Layer 8: 48/768 type remove
2026-07-26 19:11:40,222 [inflora.py] => [InfLoRA] Layer 9: 92/768 type remove
2026-07-26 19:11:40,222 [inflora.py] => [InfLoRA] Layer 10: 155/768 type remove
2026-07-26 19:11:40,222 [inflora.py] => [InfLoRA] Layer 11: 91/768 type remove
2026-07-26 19:11:40,222 [inflora.py] => [InfLoRA] Layer 12: 84/768 type remove
2026-07-26 19:13:34,190 [inflora.py] => [InfLoRA] DualGPM threshold: 0.9569
2026-07-26 19:13:35,590 [inflora.py] => [InfLoRA] Layer 1: 14/768 type remove
2026-07-26 19:13:35,590 [inflora.py] => [InfLoRA] Layer 2: 13/768 type remove
2026-07-26 19:13:35,590 [inflora.py] => [InfLoRA] Layer 3: 19/768 type remove
2026-07-26 19:13:35,591 [inflora.py] => [InfLoRA] Layer 4: 16/768 type remove
2026-07-26 19:13:35,591 [inflora.py] => [InfLoRA] Layer 5: 24/768 type remove
2026-07-26 19:13:35,591 [inflora.py] => [InfLoRA] Layer 6: 28/768 type remove
2026-07-26 19:13:35,591 [inflora.py] => [InfLoRA] Layer 7: 35/768 type remove
2026-07-26 19:13:35,591 [inflora.py] => [InfLoRA] Layer 8: 53/768 type remove
2026-07-26 19:13:35,591 [inflora.py] => [InfLoRA] Layer 9: 100/768 type remove
2026-07-26 19:13:35,591 [inflora.py] => [InfLoRA] Layer 10: 165/768 type remove
2026-07-26 19:13:35,591 [inflora.py] => [InfLoRA] Layer 11: 97/768 type remove
2026-07-26 19:13:35,591 [inflora.py] => [InfLoRA] Layer 12: 87/768 type remove
2026-07-26 19:15:29,369 [inflora.py] => [InfLoRA] DualGPM threshold: 0.9576
2026-07-26 19:15:30,760 [inflora.py] => [InfLoRA] Layer 1: 14/768 type remove
2026-07-26 19:15:30,760 [inflora.py] => [InfLoRA] Layer 2: 13/768 type remove
2026-07-26 19:15:30,760 [inflora.py] => [InfLoRA] Layer 3: 19/768 type remove
2026-07-26 19:15:30,760 [inflora.py] => [InfLoRA] Layer 4: 17/768 type remove
2026-07-26 19:15:30,760 [inflora.py] => [InfLoRA] Layer 5: 25/768 type remove
2026-07-26 19:15:30,760 [inflora.py] => [InfLoRA] Layer 6: 30/768 type remove
2026-07-26 19:15:30,760 [inflora.py] => [InfLoRA] Layer 7: 37/768 type remove
2026-07-26 19:15:30,760 [inflora.py] => [InfLoRA] Layer 8: 56/768 type remove
2026-07-26 19:15:30,760 [inflora.py] => [InfLoRA] Layer 9: 109/768 type remove
2026-07-26 19:15:30,761 [inflora.py] => [InfLoRA] Layer 10: 181/768 type remove
2026-07-26 19:15:30,761 [inflora.py] => [InfLoRA] Layer 11: 109/768 type remove
2026-07-26 19:15:30,761 [inflora.py] => [InfLoRA] Layer 12: 97/768 type remove
2026-07-26 19:17:24,599 [inflora.py] => [InfLoRA] DualGPM threshold: 0.9583
2026-07-26 19:17:26,018 [inflora.py] => [InfLoRA] Layer 1: 15/768 type remove
2026-07-26 19:17:26,018 [inflora.py] => [InfLoRA] Layer 2: 13/768 type remove
2026-07-26 19:17:26,018 [inflora.py] => [InfLoRA] Layer 3: 21/768 type remove
2026-07-26 19:17:26,018 [inflora.py] => [InfLoRA] Layer 4: 19/768 type remove
2026-07-26 19:17:26,018 [inflora.py] => [InfLoRA] Layer 5: 27/768 type remove
2026-07-26 19:17:26,018 [inflora.py] => [InfLoRA] Layer 6: 34/768 type remove
2026-07-26 19:17:26,018 [inflora.py] => [InfLoRA] Layer 7: 40/768 type remove
2026-07-26 19:17:26,018 [inflora.py] => [InfLoRA] Layer 8: 61/768 type remove
2026-07-26 19:17:26,018 [inflora.py] => [InfLoRA] Layer 9: 121/768 type remove
2026-07-26 19:17:26,018 [inflora.py] => [InfLoRA] Layer 10: 205/768 type remove
2026-07-26 19:17:26,018 [inflora.py] => [InfLoRA] Layer 11: 134/768 type remove
2026-07-26 19:17:26,018 [inflora.py] => [InfLoRA] Layer 12: 101/768 type remove
2026-07-26 19:19:19,942 [inflora.py] => [InfLoRA] DualGPM threshold: 0.9590
2026-07-26 19:19:21,364 [inflora.py] => [InfLoRA] Layer 1: 15/768 type remove
2026-07-26 19:19:21,364 [inflora.py] => [InfLoRA] Layer 2: 13/768 type remove
2026-07-26 19:19:21,364 [inflora.py] => [InfLoRA] Layer 3: 22/768 type remove
2026-07-26 19:19:21,364 [inflora.py] => [InfLoRA] Layer 4: 19/768 type remove
2026-07-26 19:19:21,364 [inflora.py] => [InfLoRA] Layer 5: 28/768 type remove
2026-07-26 19:19:21,364 [inflora.py] => [InfLoRA] Layer 6: 36/768 type remove
2026-07-26 19:19:21,364 [inflora.py] => [InfLoRA] Layer 7: 42/768 type remove
2026-07-26 19:19:21,364 [inflora.py] => [InfLoRA] Layer 8: 65/768 type remove
2026-07-26 19:19:21,364 [inflora.py] => [InfLoRA] Layer 9: 129/768 type remove
2026-07-26 19:19:21,364 [inflora.py] => [InfLoRA] Layer 10: 218/768 type remove
2026-07-26 19:19:21,364 [inflora.py] => [InfLoRA] Layer 11: 144/768 type remove
2026-07-26 19:19:21,364 [inflora.py] => [InfLoRA] Layer 12: 105/768 type remove
2026-07-26 19:21:15,268 [inflora.py] => [InfLoRA] DualGPM threshold: 0.9597
2026-07-26 19:21:16,691 [inflora.py] => [InfLoRA] Layer 1: 15/768 type remove
2026-07-26 19:21:16,691 [inflora.py] => [InfLoRA] Layer 2: 13/768 type remove
2026-07-26 19:21:16,691 [inflora.py] => [InfLoRA] Layer 3: 22/768 type remove
2026-07-26 19:21:16,691 [inflora.py] => [InfLoRA] Layer 4: 20/768 type remove
2026-07-26 19:21:16,691 [inflora.py] => [InfLoRA] Layer 5: 30/768 type remove
2026-07-26 19:21:16,691 [inflora.py] => [InfLoRA] Layer 6: 39/768 type remove
2026-07-26 19:21:16,691 [inflora.py] => [InfLoRA] Layer 7: 46/768 type remove
2026-07-26 19:21:16,691 [inflora.py] => [InfLoRA] Layer 8: 74/768 type remove
2026-07-26 19:21:16,691 [inflora.py] => [InfLoRA] Layer 9: 146/768 type remove
2026-07-26 19:21:16,691 [inflora.py] => [InfLoRA] Layer 10: 238/768 type remove
2026-07-26 19:21:16,691 [inflora.py] => [InfLoRA] Layer 11: 158/768 type remove
2026-07-26 19:21:16,691 [inflora.py] => [InfLoRA] Layer 12: 112/768 type remove
2026-07-26 19:21:22,755 [bounded_memory_mixin.py] => [bounded_mem eval] volume 0.20 | cycle 14 | classes_seen 70 | CIL top1 79.93 | top5 95.47 | (nearest latent task ~6) | param_hash 3c50e6de0de62c66 | per-task [82.41, 86.5, 44.16, 77.95, 90.5, 89.95, 87.5]
2026-07-26 19:23:16,645 [inflora.py] => [InfLoRA] DualGPM threshold: 0.9604
2026-07-26 19:23:18,080 [inflora.py] => [InfLoRA] Layer 1: 15/768 type remove
2026-07-26 19:23:18,080 [inflora.py] => [InfLoRA] Layer 2: 13/768 type remove
2026-07-26 19:23:18,080 [inflora.py] => [InfLoRA] Layer 3: 23/768 type remove
2026-07-26 19:23:18,080 [inflora.py] => [InfLoRA] Layer 4: 20/768 type remove
2026-07-26 19:23:18,080 [inflora.py] => [InfLoRA] Layer 5: 30/768 type remove
2026-07-26 19:23:18,081 [inflora.py] => [InfLoRA] Layer 6: 41/768 type remove
2026-07-26 19:23:18,081 [inflora.py] => [InfLoRA] Layer 7: 47/768 type remove
2026-07-26 19:23:18,081 [inflora.py] => [InfLoRA] Layer 8: 77/768 type remove
2026-07-26 19:23:18,081 [inflora.py] => [InfLoRA] Layer 9: 152/768 type remove
2026-07-26 19:23:18,081 [inflora.py] => [InfLoRA] Layer 10: 247/768 type remove
2026-07-26 19:23:18,081 [inflora.py] => [InfLoRA] Layer 11: 165/768 type remove
2026-07-26 19:23:18,081 [inflora.py] => [InfLoRA] Layer 12: 113/768 type remove
2026-07-26 19:25:11,358 [inflora.py] => [InfLoRA] DualGPM threshold: 0.9611
2026-07-26 19:25:12,796 [inflora.py] => [InfLoRA] Layer 1: 15/768 type remove
2026-07-26 19:25:12,796 [inflora.py] => [InfLoRA] Layer 2: 13/768 type remove
2026-07-26 19:25:12,796 [inflora.py] => [InfLoRA] Layer 3: 23/768 type remove
2026-07-26 19:25:12,796 [inflora.py] => [InfLoRA] Layer 4: 21/768 type remove
2026-07-26 19:25:12,796 [inflora.py] => [InfLoRA] Layer 5: 31/768 type remove
2026-07-26 19:25:12,796 [inflora.py] => [InfLoRA] Layer 6: 42/768 type remove
2026-07-26 19:25:12,796 [inflora.py] => [InfLoRA] Layer 7: 48/768 type remove
2026-07-26 19:25:12,796 [inflora.py] => [InfLoRA] Layer 8: 78/768 type remove
2026-07-26 19:25:12,796 [inflora.py] => [InfLoRA] Layer 9: 155/768 type remove
2026-07-26 19:25:12,797 [inflora.py] => [InfLoRA] Layer 10: 251/768 type remove
2026-07-26 19:25:12,797 [inflora.py] => [InfLoRA] Layer 11: 171/768 type remove
2026-07-26 19:25:12,797 [inflora.py] => [InfLoRA] Layer 12: 119/768 type remove
2026-07-26 19:27:06,352 [inflora.py] => [InfLoRA] DualGPM threshold: 0.9618
2026-07-26 19:27:07,800 [inflora.py] => [InfLoRA] Layer 1: 15/768 type remove
2026-07-26 19:27:07,800 [inflora.py] => [InfLoRA] Layer 2: 13/768 type remove
2026-07-26 19:27:07,800 [inflora.py] => [InfLoRA] Layer 3: 23/768 type remove
2026-07-26 19:27:07,800 [inflora.py] => [InfLoRA] Layer 4: 21/768 type remove
2026-07-26 19:27:07,800 [inflora.py] => [InfLoRA] Layer 5: 31/768 type remove
2026-07-26 19:27:07,800 [inflora.py] => [InfLoRA] Layer 6: 43/768 type remove
2026-07-26 19:27:07,801 [inflora.py] => [InfLoRA] Layer 7: 49/768 type remove
2026-07-26 19:27:07,801 [inflora.py] => [InfLoRA] Layer 8: 81/768 type remove
2026-07-26 19:27:07,801 [inflora.py] => [InfLoRA] Layer 9: 160/768 type remove
2026-07-26 19:27:07,801 [inflora.py] => [InfLoRA] Layer 10: 253/768 type remove
2026-07-26 19:27:07,801 [inflora.py] => [InfLoRA] Layer 11: 173/768 type remove
2026-07-26 19:27:07,801 [inflora.py] => [InfLoRA] Layer 12: 119/768 type remove
2026-07-26 19:29:01,279 [inflora.py] => [InfLoRA] DualGPM threshold: 0.9625
2026-07-26 19:29:02,726 [inflora.py] => [InfLoRA] Layer 1: 15/768 type remove
2026-07-26 19:29:02,726 [inflora.py] => [InfLoRA] Layer 2: 13/768 type remove
2026-07-26 19:29:02,727 [inflora.py] => [InfLoRA] Layer 3: 23/768 type remove
2026-07-26 19:29:02,727 [inflora.py] => [InfLoRA] Layer 4: 22/768 type remove
2026-07-26 19:29:02,727 [inflora.py] => [InfLoRA] Layer 5: 32/768 type remove
2026-07-26 19:29:02,727 [inflora.py] => [InfLoRA] Layer 6: 44/768 type remove
2026-07-26 19:29:02,727 [inflora.py] => [InfLoRA] Layer 7: 50/768 type remove
2026-07-26 19:29:02,727 [inflora.py] => [InfLoRA] Layer 8: 82/768 type remove
2026-07-26 19:29:02,727 [inflora.py] => [InfLoRA] Layer 9: 161/768 type remove
2026-07-26 19:29:02,727 [inflora.py] => [InfLoRA] Layer 10: 257/768 type remove
2026-07-26 19:29:02,727 [inflora.py] => [InfLoRA] Layer 11: 178/768 type remove
2026-07-26 19:29:02,727 [inflora.py] => [InfLoRA] Layer 12: 125/768 type remove
2026-07-26 19:30:56,178 [inflora.py] => [InfLoRA] DualGPM threshold: 0.9632
2026-07-26 19:30:57,629 [inflora.py] => [InfLoRA] Layer 1: 20/768 type remove
2026-07-26 19:30:57,629 [inflora.py] => [InfLoRA] Layer 2: 13/768 type remove
2026-07-26 19:30:57,629 [inflora.py] => [InfLoRA] Layer 3: 24/768 type remove
2026-07-26 19:30:57,629 [inflora.py] => [InfLoRA] Layer 4: 22/768 type remove
2026-07-26 19:30:57,630 [inflora.py] => [InfLoRA] Layer 5: 32/768 type remove
2026-07-26 19:30:57,630 [inflora.py] => [InfLoRA] Layer 6: 44/768 type remove
2026-07-26 19:30:57,630 [inflora.py] => [InfLoRA] Layer 7: 51/768 type remove
2026-07-26 19:30:57,630 [inflora.py] => [InfLoRA] Layer 8: 84/768 type remove
2026-07-26 19:30:57,630 [inflora.py] => [InfLoRA] Layer 9: 163/768 type remove
2026-07-26 19:30:57,630 [inflora.py] => [InfLoRA] Layer 10: 260/768 type remove
2026-07-26 19:30:57,630 [inflora.py] => [InfLoRA] Layer 11: 180/768 type remove
2026-07-26 19:30:57,630 [inflora.py] => [InfLoRA] Layer 12: 125/768 type remove
2026-07-26 19:32:51,548 [inflora.py] => [InfLoRA] DualGPM threshold: 0.9639
2026-07-26 19:32:53,014 [inflora.py] => [InfLoRA] Layer 1: 20/768 type remove
2026-07-26 19:32:53,014 [inflora.py] => [InfLoRA] Layer 2: 14/768 type remove
2026-07-26 19:32:53,014 [inflora.py] => [InfLoRA] Layer 3: 24/768 type remove
2026-07-26 19:32:53,015 [inflora.py] => [InfLoRA] Layer 4: 22/768 type remove
2026-07-26 19:32:53,015 [inflora.py] => [InfLoRA] Layer 5: 33/768 type remove
2026-07-26 19:32:53,015 [inflora.py] => [InfLoRA] Layer 6: 45/768 type remove
2026-07-26 19:32:53,015 [inflora.py] => [InfLoRA] Layer 7: 52/768 type remove
2026-07-26 19:32:53,015 [inflora.py] => [InfLoRA] Layer 8: 85/768 type remove
2026-07-26 19:32:53,015 [inflora.py] => [InfLoRA] Layer 9: 165/768 type remove
2026-07-26 19:32:53,015 [inflora.py] => [InfLoRA] Layer 10: 262/768 type remove
2026-07-26 19:32:53,015 [inflora.py] => [InfLoRA] Layer 11: 181/768 type remove
2026-07-26 19:32:53,015 [inflora.py] => [InfLoRA] Layer 12: 125/768 type remove
2026-07-26 19:34:46,484 [inflora.py] => [InfLoRA] DualGPM threshold: 0.9646
2026-07-26 19:34:47,954 [inflora.py] => [InfLoRA] Layer 1: 20/768 type remove
2026-07-26 19:34:47,954 [inflora.py] => [InfLoRA] Layer 2: 14/768 type remove
2026-07-26 19:34:47,954 [inflora.py] => [InfLoRA] Layer 3: 25/768 type remove
2026-07-26 19:34:47,954 [inflora.py] => [InfLoRA] Layer 4: 23/768 type remove
2026-07-26 19:34:47,955 [inflora.py] => [InfLoRA] Layer 5: 36/768 type remove
2026-07-26 19:34:47,955 [inflora.py] => [InfLoRA] Layer 6: 48/768 type remove
2026-07-26 19:34:47,955 [inflora.py] => [InfLoRA] Layer 7: 56/768 type remove
2026-07-26 19:34:47,955 [inflora.py] => [InfLoRA] Layer 8: 90/768 type remove
2026-07-26 19:34:47,955 [inflora.py] => [InfLoRA] Layer 9: 170/768 type remove
2026-07-26 19:34:47,955 [inflora.py] => [InfLoRA] Layer 10: 264/768 type remove
2026-07-26 19:34:47,955 [inflora.py] => [InfLoRA] Layer 11: 183/768 type remove
2026-07-26 19:34:47,955 [inflora.py] => [InfLoRA] Layer 12: 130/768 type remove
2026-07-26 19:34:55,939 [bounded_memory_mixin.py] => [bounded_mem eval] volume 0.30 | cycle 21 | classes_seen 100 | CIL top1 77.36 | top5 94.82 | (nearest latent task ~9) | param_hash e9727ccc60155a8c | per-task [82.41, 84.5, 42.64, 77.95, 89.5, 87.44, 88.0, 79.0, 73.5, 68.18]
2026-07-26 19:36:49,955 [inflora.py] => [InfLoRA] DualGPM threshold: 0.9653
2026-07-26 19:36:51,414 [inflora.py] => [InfLoRA] Layer 1: 20/768 type remove
2026-07-26 19:36:51,414 [inflora.py] => [InfLoRA] Layer 2: 14/768 type remove
2026-07-26 19:36:51,414 [inflora.py] => [InfLoRA] Layer 3: 25/768 type remove
2026-07-26 19:36:51,414 [inflora.py] => [InfLoRA] Layer 4: 24/768 type remove
2026-07-26 19:36:51,414 [inflora.py] => [InfLoRA] Layer 5: 36/768 type remove
2026-07-26 19:36:51,414 [inflora.py] => [InfLoRA] Layer 6: 49/768 type remove
2026-07-26 19:36:51,414 [inflora.py] => [InfLoRA] Layer 7: 58/768 type remove
2026-07-26 19:36:51,414 [inflora.py] => [InfLoRA] Layer 8: 91/768 type remove
2026-07-26 19:36:51,414 [inflora.py] => [InfLoRA] Layer 9: 171/768 type remove
2026-07-26 19:36:51,414 [inflora.py] => [InfLoRA] Layer 10: 264/768 type remove
2026-07-26 19:36:51,414 [inflora.py] => [InfLoRA] Layer 11: 183/768 type remove
2026-07-26 19:36:51,414 [inflora.py] => [InfLoRA] Layer 12: 131/768 type remove
2026-07-26 19:38:45,984 [inflora.py] => [InfLoRA] DualGPM threshold: 0.9660
2026-07-26 19:38:47,453 [inflora.py] => [InfLoRA] Layer 1: 20/768 type remove
2026-07-26 19:38:47,453 [inflora.py] => [InfLoRA] Layer 2: 14/768 type remove
2026-07-26 19:38:47,453 [inflora.py] => [InfLoRA] Layer 3: 25/768 type remove
2026-07-26 19:38:47,453 [inflora.py] => [InfLoRA] Layer 4: 25/768 type remove
2026-07-26 19:38:47,453 [inflora.py] => [InfLoRA] Layer 5: 38/768 type remove
2026-07-26 19:38:47,453 [inflora.py] => [InfLoRA] Layer 6: 52/768 type remove
2026-07-26 19:38:47,453 [inflora.py] => [InfLoRA] Layer 7: 61/768 type remove
2026-07-26 19:38:47,453 [inflora.py] => [InfLoRA] Layer 8: 97/768 type remove
2026-07-26 19:38:47,453 [inflora.py] => [InfLoRA] Layer 9: 176/768 type remove
2026-07-26 19:38:47,453 [inflora.py] => [InfLoRA] Layer 10: 266/768 type remove
2026-07-26 19:38:47,453 [inflora.py] => [InfLoRA] Layer 11: 184/768 type remove
2026-07-26 19:38:47,454 [inflora.py] => [InfLoRA] Layer 12: 138/768 type remove
2026-07-26 19:40:41,358 [inflora.py] => [InfLoRA] DualGPM threshold: 0.9667
2026-07-26 19:40:42,823 [inflora.py] => [InfLoRA] Layer 1: 20/768 type remove
2026-07-26 19:40:42,823 [inflora.py] => [InfLoRA] Layer 2: 14/768 type remove
2026-07-26 19:40:42,823 [inflora.py] => [InfLoRA] Layer 3: 26/768 type remove
2026-07-26 19:40:42,823 [inflora.py] => [InfLoRA] Layer 4: 26/768 type remove
2026-07-26 19:40:42,823 [inflora.py] => [InfLoRA] Layer 5: 41/768 type remove
2026-07-26 19:40:42,823 [inflora.py] => [InfLoRA] Layer 6: 56/768 type remove
2026-07-26 19:40:42,823 [inflora.py] => [InfLoRA] Layer 7: 66/768 type remove
2026-07-26 19:40:42,823 [inflora.py] => [InfLoRA] Layer 8: 104/768 type remove
2026-07-26 19:40:42,824 [inflora.py] => [InfLoRA] Layer 9: 185/768 type remove
2026-07-26 19:40:42,824 [inflora.py] => [InfLoRA] Layer 10: 274/768 type remove
2026-07-26 19:40:42,824 [inflora.py] => [InfLoRA] Layer 11: 190/768 type remove
2026-07-26 19:40:42,824 [inflora.py] => [InfLoRA] Layer 12: 146/768 type remove
2026-07-26 19:42:36,604 [inflora.py] => [InfLoRA] DualGPM threshold: 0.9674
2026-07-26 19:42:38,060 [inflora.py] => [InfLoRA] Layer 1: 20/768 type remove
2026-07-26 19:42:38,060 [inflora.py] => [InfLoRA] Layer 2: 14/768 type remove
2026-07-26 19:42:38,060 [inflora.py] => [InfLoRA] Layer 3: 26/768 type remove
2026-07-26 19:42:38,060 [inflora.py] => [InfLoRA] Layer 4: 26/768 type remove
2026-07-26 19:42:38,060 [inflora.py] => [InfLoRA] Layer 5: 41/768 type remove
2026-07-26 19:42:38,060 [inflora.py] => [InfLoRA] Layer 6: 57/768 type remove
2026-07-26 19:42:38,060 [inflora.py] => [InfLoRA] Layer 7: 66/768 type remove
2026-07-26 19:42:38,060 [inflora.py] => [InfLoRA] Layer 8: 104/768 type remove
2026-07-26 19:42:38,060 [inflora.py] => [InfLoRA] Layer 9: 186/768 type remove
2026-07-26 19:42:38,060 [inflora.py] => [InfLoRA] Layer 10: 276/768 type remove
2026-07-26 19:42:38,060 [inflora.py] => [InfLoRA] Layer 11: 192/768 type remove
2026-07-26 19:42:38,060 [inflora.py] => [InfLoRA] Layer 12: 152/768 type remove
2026-07-26 19:44:32,481 [inflora.py] => [InfLoRA] DualGPM threshold: 0.9681
2026-07-26 19:44:33,952 [inflora.py] => [InfLoRA] Layer 1: 20/768 type remove
2026-07-26 19:44:33,953 [inflora.py] => [InfLoRA] Layer 2: 14/768 type remove
2026-07-26 19:44:33,953 [inflora.py] => [InfLoRA] Layer 3: 26/768 type remove
2026-07-26 19:44:33,953 [inflora.py] => [InfLoRA] Layer 4: 27/768 type remove
2026-07-26 19:44:33,953 [inflora.py] => [InfLoRA] Layer 5: 42/768 type remove
2026-07-26 19:44:33,953 [inflora.py] => [InfLoRA] Layer 6: 58/768 type remove
2026-07-26 19:44:33,953 [inflora.py] => [InfLoRA] Layer 7: 67/768 type remove
2026-07-26 19:44:33,953 [inflora.py] => [InfLoRA] Layer 8: 106/768 type remove
2026-07-26 19:44:33,953 [inflora.py] => [InfLoRA] Layer 9: 189/768 type remove
2026-07-26 19:44:33,953 [inflora.py] => [InfLoRA] Layer 10: 279/768 type remove
2026-07-26 19:44:33,953 [inflora.py] => [InfLoRA] Layer 11: 194/768 type remove
2026-07-26 19:44:33,953 [inflora.py] => [InfLoRA] Layer 12: 153/768 type remove
2026-07-26 19:46:27,926 [inflora.py] => [InfLoRA] DualGPM threshold: 0.9688
2026-07-26 19:46:29,397 [inflora.py] => [InfLoRA] Layer 1: 20/768 type remove
2026-07-26 19:46:29,397 [inflora.py] => [InfLoRA] Layer 2: 14/768 type remove
2026-07-26 19:46:29,397 [inflora.py] => [InfLoRA] Layer 3: 27/768 type remove
2026-07-26 19:46:29,397 [inflora.py] => [InfLoRA] Layer 4: 28/768 type remove
2026-07-26 19:46:29,397 [inflora.py] => [InfLoRA] Layer 5: 42/768 type remove
2026-07-26 19:46:29,397 [inflora.py] => [InfLoRA] Layer 6: 59/768 type remove
2026-07-26 19:46:29,397 [inflora.py] => [InfLoRA] Layer 7: 70/768 type remove
2026-07-26 19:46:29,398 [inflora.py] => [InfLoRA] Layer 8: 110/768 type remove
2026-07-26 19:46:29,398 [inflora.py] => [InfLoRA] Layer 9: 199/768 type remove
2026-07-26 19:46:29,398 [inflora.py] => [InfLoRA] Layer 10: 292/768 type remove
2026-07-26 19:46:29,398 [inflora.py] => [InfLoRA] Layer 11: 205/768 type remove
2026-07-26 19:46:29,398 [inflora.py] => [InfLoRA] Layer 12: 168/768 type remove
2026-07-26 19:48:23,701 [inflora.py] => [InfLoRA] DualGPM threshold: 0.9694
2026-07-26 19:48:25,185 [inflora.py] => [InfLoRA] Layer 1: 24/768 type remove
2026-07-26 19:48:25,185 [inflora.py] => [InfLoRA] Layer 2: 16/768 type remove
2026-07-26 19:48:25,185 [inflora.py] => [InfLoRA] Layer 3: 29/768 type remove
2026-07-26 19:48:25,185 [inflora.py] => [InfLoRA] Layer 4: 29/768 type remove
2026-07-26 19:48:25,185 [inflora.py] => [InfLoRA] Layer 5: 45/768 type remove
2026-07-26 19:48:25,185 [inflora.py] => [InfLoRA] Layer 6: 64/768 type remove
2026-07-26 19:48:25,185 [inflora.py] => [InfLoRA] Layer 7: 76/768 type remove
2026-07-26 19:48:25,185 [inflora.py] => [InfLoRA] Layer 8: 122/768 type remove
2026-07-26 19:48:25,185 [inflora.py] => [InfLoRA] Layer 9: 219/768 type remove
2026-07-26 19:48:25,185 [inflora.py] => [InfLoRA] Layer 10: 306/768 type remove
2026-07-26 19:48:25,185 [inflora.py] => [InfLoRA] Layer 11: 219/768 type remove
2026-07-26 19:48:25,185 [inflora.py] => [InfLoRA] Layer 12: 176/768 type remove
2026-07-26 19:48:35,137 [bounded_memory_mixin.py] => [bounded_mem eval] volume 0.40 | cycle 28 | classes_seen 130 | CIL top1 75.53 | top5 94.97 | (nearest latent task ~12) | param_hash b94ba3a6412b2f2c | per-task [77.89, 81.5, 41.62, 74.36, 87.5, 83.42, 84.5, 75.5, 73.0, 78.28, 83.33, 62.94, 77.5]
2026-07-26 19:50:29,477 [inflora.py] => [InfLoRA] DualGPM threshold: 0.9701
2026-07-26 19:50:30,962 [inflora.py] => [InfLoRA] Layer 1: 27/768 type remove
2026-07-26 19:50:30,962 [inflora.py] => [InfLoRA] Layer 2: 16/768 type remove
2026-07-26 19:50:30,962 [inflora.py] => [InfLoRA] Layer 3: 30/768 type remove
2026-07-26 19:50:30,962 [inflora.py] => [InfLoRA] Layer 4: 30/768 type remove
2026-07-26 19:50:30,962 [inflora.py] => [InfLoRA] Layer 5: 46/768 type remove
2026-07-26 19:50:30,962 [inflora.py] => [InfLoRA] Layer 6: 65/768 type remove
2026-07-26 19:50:30,962 [inflora.py] => [InfLoRA] Layer 7: 78/768 type remove
2026-07-26 19:50:30,962 [inflora.py] => [InfLoRA] Layer 8: 128/768 type remove
2026-07-26 19:50:30,962 [inflora.py] => [InfLoRA] Layer 9: 234/768 type remove
2026-07-26 19:50:30,962 [inflora.py] => [InfLoRA] Layer 10: 332/768 type remove
2026-07-26 19:50:30,962 [inflora.py] => [InfLoRA] Layer 11: 244/768 type remove
2026-07-26 19:50:30,962 [inflora.py] => [InfLoRA] Layer 12: 190/768 type remove
2026-07-26 19:52:25,545 [inflora.py] => [InfLoRA] DualGPM threshold: 0.9708
2026-07-26 19:52:27,042 [inflora.py] => [InfLoRA] Layer 1: 27/768 type remove
2026-07-26 19:52:27,042 [inflora.py] => [InfLoRA] Layer 2: 17/768 type remove
2026-07-26 19:52:27,042 [inflora.py] => [InfLoRA] Layer 3: 32/768 type remove
2026-07-26 19:52:27,042 [inflora.py] => [InfLoRA] Layer 4: 31/768 type remove
2026-07-26 19:52:27,042 [inflora.py] => [InfLoRA] Layer 5: 48/768 type remove
2026-07-26 19:52:27,043 [inflora.py] => [InfLoRA] Layer 6: 69/768 type remove
2026-07-26 19:52:27,043 [inflora.py] => [InfLoRA] Layer 7: 82/768 type remove
2026-07-26 19:52:27,043 [inflora.py] => [InfLoRA] Layer 8: 135/768 type remove
2026-07-26 19:52:27,043 [inflora.py] => [InfLoRA] Layer 9: 246/768 type remove
2026-07-26 19:52:27,043 [inflora.py] => [InfLoRA] Layer 10: 353/768 type remove
2026-07-26 19:52:27,043 [inflora.py] => [InfLoRA] Layer 11: 272/768 type remove
2026-07-26 19:52:27,043 [inflora.py] => [InfLoRA] Layer 12: 194/768 type remove
2026-07-26 19:54:22,482 [inflora.py] => [InfLoRA] DualGPM threshold: 0.9715
2026-07-26 19:54:23,998 [inflora.py] => [InfLoRA] Layer 1: 30/768 type remove
2026-07-26 19:54:23,998 [inflora.py] => [InfLoRA] Layer 2: 18/768 type remove
2026-07-26 19:54:23,998 [inflora.py] => [InfLoRA] Layer 3: 32/768 type remove
2026-07-26 19:54:23,999 [inflora.py] => [InfLoRA] Layer 4: 32/768 type remove
2026-07-26 19:54:23,999 [inflora.py] => [InfLoRA] Layer 5: 49/768 type remove
2026-07-26 19:54:23,999 [inflora.py] => [InfLoRA] Layer 6: 71/768 type remove
2026-07-26 19:54:23,999 [inflora.py] => [InfLoRA] Layer 7: 83/768 type remove
2026-07-26 19:54:23,999 [inflora.py] => [InfLoRA] Layer 8: 136/768 type remove
2026-07-26 19:54:23,999 [inflora.py] => [InfLoRA] Layer 9: 249/768 type remove
2026-07-26 19:54:23,999 [inflora.py] => [InfLoRA] Layer 10: 359/768 type remove
2026-07-26 19:54:23,999 [inflora.py] => [InfLoRA] Layer 11: 278/768 type remove
2026-07-26 19:54:23,999 [inflora.py] => [InfLoRA] Layer 12: 196/768 type remove
2026-07-26 19:56:17,926 [inflora.py] => [InfLoRA] DualGPM threshold: 0.9722
2026-07-26 19:56:19,445 [inflora.py] => [InfLoRA] Layer 1: 30/768 type remove
2026-07-26 19:56:19,445 [inflora.py] => [InfLoRA] Layer 2: 18/768 type remove
2026-07-26 19:56:19,445 [inflora.py] => [InfLoRA] Layer 3: 32/768 type remove
2026-07-26 19:56:19,445 [inflora.py] => [InfLoRA] Layer 4: 33/768 type remove
2026-07-26 19:56:19,445 [inflora.py] => [InfLoRA] Layer 5: 50/768 type remove
2026-07-26 19:56:19,445 [inflora.py] => [InfLoRA] Layer 6: 72/768 type remove
2026-07-26 19:56:19,445 [inflora.py] => [InfLoRA] Layer 7: 85/768 type remove
2026-07-26 19:56:19,445 [inflora.py] => [InfLoRA] Layer 8: 138/768 type remove
2026-07-26 19:56:19,445 [inflora.py] => [InfLoRA] Layer 9: 252/768 type remove
2026-07-26 19:56:19,445 [inflora.py] => [InfLoRA] Layer 10: 364/768 type remove
2026-07-26 19:56:19,445 [inflora.py] => [InfLoRA] Layer 11: 281/768 type remove
2026-07-26 19:56:19,445 [inflora.py] => [InfLoRA] Layer 12: 209/768 type remove
2026-07-26 19:58:14,166 [inflora.py] => [InfLoRA] DualGPM threshold: 0.9729
2026-07-26 19:58:15,709 [inflora.py] => [InfLoRA] Layer 1: 30/768 type remove
2026-07-26 19:58:15,709 [inflora.py] => [InfLoRA] Layer 2: 18/768 type remove
2026-07-26 19:58:15,709 [inflora.py] => [InfLoRA] Layer 3: 32/768 type remove
2026-07-26 19:58:15,709 [inflora.py] => [InfLoRA] Layer 4: 33/768 type remove
2026-07-26 19:58:15,709 [inflora.py] => [InfLoRA] Layer 5: 51/768 type remove
2026-07-26 19:58:15,709 [inflora.py] => [InfLoRA] Layer 6: 74/768 type remove
2026-07-26 19:58:15,710 [inflora.py] => [InfLoRA] Layer 7: 87/768 type remove
2026-07-26 19:58:15,710 [inflora.py] => [InfLoRA] Layer 8: 141/768 type remove
2026-07-26 19:58:15,710 [inflora.py] => [InfLoRA] Layer 9: 255/768 type remove
2026-07-26 19:58:15,710 [inflora.py] => [InfLoRA] Layer 10: 365/768 type remove
2026-07-26 19:58:15,710 [inflora.py] => [InfLoRA] Layer 11: 284/768 type remove
2026-07-26 19:58:15,710 [inflora.py] => [InfLoRA] Layer 12: 209/768 type remove
2026-07-26 20:00:10,286 [inflora.py] => [InfLoRA] DualGPM threshold: 0.9736
2026-07-26 20:00:11,787 [inflora.py] => [InfLoRA] Layer 1: 30/768 type remove
2026-07-26 20:00:11,787 [inflora.py] => [InfLoRA] Layer 2: 18/768 type remove
2026-07-26 20:00:11,787 [inflora.py] => [InfLoRA] Layer 3: 32/768 type remove
2026-07-26 20:00:11,787 [inflora.py] => [InfLoRA] Layer 4: 34/768 type remove
2026-07-26 20:00:11,787 [inflora.py] => [InfLoRA] Layer 5: 52/768 type remove
2026-07-26 20:00:11,787 [inflora.py] => [InfLoRA] Layer 6: 75/768 type remove
2026-07-26 20:00:11,787 [inflora.py] => [InfLoRA] Layer 7: 88/768 type remove
2026-07-26 20:00:11,787 [inflora.py] => [InfLoRA] Layer 8: 143/768 type remove
2026-07-26 20:00:11,787 [inflora.py] => [InfLoRA] Layer 9: 256/768 type remove
2026-07-26 20:00:11,787 [inflora.py] => [InfLoRA] Layer 10: 365/768 type remove
2026-07-26 20:00:11,787 [inflora.py] => [InfLoRA] Layer 11: 284/768 type remove
2026-07-26 20:00:11,787 [inflora.py] => [InfLoRA] Layer 12: 210/768 type remove
2026-07-26 20:02:06,344 [inflora.py] => [InfLoRA] DualGPM threshold: 0.9743
2026-07-26 20:02:07,847 [inflora.py] => [InfLoRA] Layer 1: 30/768 type remove
2026-07-26 20:02:07,848 [inflora.py] => [InfLoRA] Layer 2: 18/768 type remove
2026-07-26 20:02:07,848 [inflora.py] => [InfLoRA] Layer 3: 32/768 type remove
2026-07-26 20:02:07,848 [inflora.py] => [InfLoRA] Layer 4: 34/768 type remove
2026-07-26 20:02:07,848 [inflora.py] => [InfLoRA] Layer 5: 53/768 type remove
2026-07-26 20:02:07,848 [inflora.py] => [InfLoRA] Layer 6: 76/768 type remove
2026-07-26 20:02:07,848 [inflora.py] => [InfLoRA] Layer 7: 89/768 type remove
2026-07-26 20:02:07,848 [inflora.py] => [InfLoRA] Layer 8: 145/768 type remove
2026-07-26 20:02:07,848 [inflora.py] => [InfLoRA] Layer 9: 258/768 type remove
2026-07-26 20:02:07,848 [inflora.py] => [InfLoRA] Layer 10: 369/768 type remove
2026-07-26 20:02:07,848 [inflora.py] => [InfLoRA] Layer 11: 288/768 type remove
2026-07-26 20:02:07,848 [inflora.py] => [InfLoRA] Layer 12: 222/768 type remove
2026-07-26 20:02:19,773 [bounded_memory_mixin.py] => [bounded_mem eval] volume 0.50 | cycle 35 | classes_seen 160 | CIL top1 72.23 | top5 92.96 | (nearest latent task ~15) | param_hash ca46a65c43dcda49 | per-task [74.87, 80.0, 40.61, 75.38, 86.5, 84.42, 83.0, 76.0, 68.0, 77.78, 81.31, 59.39, 77.0, 74.75, 59.0, 57.29]
2026-07-26 20:04:14,370 [inflora.py] => [InfLoRA] DualGPM threshold: 0.9750
2026-07-26 20:04:15,870 [inflora.py] => [InfLoRA] Layer 1: 30/768 type remove
2026-07-26 20:04:15,870 [inflora.py] => [InfLoRA] Layer 2: 18/768 type remove
2026-07-26 20:04:15,870 [inflora.py] => [InfLoRA] Layer 3: 33/768 type remove
2026-07-26 20:04:15,870 [inflora.py] => [InfLoRA] Layer 4: 35/768 type remove
2026-07-26 20:04:15,870 [inflora.py] => [InfLoRA] Layer 5: 55/768 type remove
2026-07-26 20:04:15,870 [inflora.py] => [InfLoRA] Layer 6: 78/768 type remove
2026-07-26 20:04:15,870 [inflora.py] => [InfLoRA] Layer 7: 92/768 type remove
2026-07-26 20:04:15,871 [inflora.py] => [InfLoRA] Layer 8: 151/768 type remove
2026-07-26 20:04:15,871 [inflora.py] => [InfLoRA] Layer 9: 264/768 type remove
2026-07-26 20:04:15,871 [inflora.py] => [InfLoRA] Layer 10: 373/768 type remove
2026-07-26 20:04:15,871 [inflora.py] => [InfLoRA] Layer 11: 291/768 type remove
2026-07-26 20:04:15,871 [inflora.py] => [InfLoRA] Layer 12: 225/768 type remove
2026-07-26 20:06:10,230 [inflora.py] => [InfLoRA] DualGPM threshold: 0.9757
2026-07-26 20:06:11,740 [inflora.py] => [InfLoRA] Layer 1: 30/768 type remove
2026-07-26 20:06:11,740 [inflora.py] => [InfLoRA] Layer 2: 18/768 type remove
2026-07-26 20:06:11,740 [inflora.py] => [InfLoRA] Layer 3: 34/768 type remove
2026-07-26 20:06:11,740 [inflora.py] => [InfLoRA] Layer 4: 36/768 type remove
2026-07-26 20:06:11,740 [inflora.py] => [InfLoRA] Layer 5: 56/768 type remove
2026-07-26 20:06:11,740 [inflora.py] => [InfLoRA] Layer 6: 80/768 type remove
2026-07-26 20:06:11,740 [inflora.py] => [InfLoRA] Layer 7: 95/768 type remove
2026-07-26 20:06:11,740 [inflora.py] => [InfLoRA] Layer 8: 155/768 type remove
2026-07-26 20:06:11,740 [inflora.py] => [InfLoRA] Layer 9: 269/768 type remove
2026-07-26 20:06:11,740 [inflora.py] => [InfLoRA] Layer 10: 376/768 type remove
2026-07-26 20:06:11,741 [inflora.py] => [InfLoRA] Layer 11: 293/768 type remove
2026-07-26 20:06:11,741 [inflora.py] => [InfLoRA] Layer 12: 235/768 type remove
2026-07-26 20:08:06,061 [inflora.py] => [InfLoRA] DualGPM threshold: 0.9764
2026-07-26 20:08:07,623 [inflora.py] => [InfLoRA] Layer 1: 30/768 type remove
2026-07-26 20:08:07,623 [inflora.py] => [InfLoRA] Layer 2: 18/768 type remove
2026-07-26 20:08:07,623 [inflora.py] => [InfLoRA] Layer 3: 36/768 type remove
2026-07-26 20:08:07,623 [inflora.py] => [InfLoRA] Layer 4: 38/768 type remove
2026-07-26 20:08:07,623 [inflora.py] => [InfLoRA] Layer 5: 59/768 type remove
2026-07-26 20:08:07,623 [inflora.py] => [InfLoRA] Layer 6: 84/768 type remove
2026-07-26 20:08:07,623 [inflora.py] => [InfLoRA] Layer 7: 99/768 type remove
2026-07-26 20:08:07,623 [inflora.py] => [InfLoRA] Layer 8: 160/768 type remove
2026-07-26 20:08:07,623 [inflora.py] => [InfLoRA] Layer 9: 276/768 type remove
2026-07-26 20:08:07,623 [inflora.py] => [InfLoRA] Layer 10: 377/768 type remove
2026-07-26 20:08:07,623 [inflora.py] => [InfLoRA] Layer 11: 295/768 type remove
2026-07-26 20:08:07,623 [inflora.py] => [InfLoRA] Layer 12: 237/768 type remove
2026-07-26 20:10:02,053 [inflora.py] => [InfLoRA] DualGPM threshold: 0.9771
2026-07-26 20:10:03,576 [inflora.py] => [InfLoRA] Layer 1: 30/768 type remove
2026-07-26 20:10:03,576 [inflora.py] => [InfLoRA] Layer 2: 18/768 type remove
2026-07-26 20:10:03,576 [inflora.py] => [InfLoRA] Layer 3: 38/768 type remove
2026-07-26 20:10:03,576 [inflora.py] => [InfLoRA] Layer 4: 39/768 type remove
2026-07-26 20:10:03,576 [inflora.py] => [InfLoRA] Layer 5: 62/768 type remove
2026-07-26 20:10:03,576 [inflora.py] => [InfLoRA] Layer 6: 89/768 type remove
2026-07-26 20:10:03,576 [inflora.py] => [InfLoRA] Layer 7: 103/768 type remove
2026-07-26 20:10:03,576 [inflora.py] => [InfLoRA] Layer 8: 165/768 type remove
2026-07-26 20:10:03,576 [inflora.py] => [InfLoRA] Layer 9: 284/768 type remove
2026-07-26 20:10:03,576 [inflora.py] => [InfLoRA] Layer 10: 383/768 type remove
2026-07-26 20:10:03,576 [inflora.py] => [InfLoRA] Layer 11: 298/768 type remove
2026-07-26 20:10:03,576 [inflora.py] => [InfLoRA] Layer 12: 245/768 type remove
2026-07-26 20:11:57,637 [inflora.py] => [InfLoRA] DualGPM threshold: 0.9778
2026-07-26 20:11:59,158 [inflora.py] => [InfLoRA] Layer 1: 41/768 type remove
2026-07-26 20:11:59,158 [inflora.py] => [InfLoRA] Layer 2: 23/768 type remove
2026-07-26 20:11:59,158 [inflora.py] => [InfLoRA] Layer 3: 42/768 type remove
2026-07-26 20:11:59,158 [inflora.py] => [InfLoRA] Layer 4: 42/768 type remove
2026-07-26 20:11:59,158 [inflora.py] => [InfLoRA] Layer 5: 66/768 type remove
2026-07-26 20:11:59,158 [inflora.py] => [InfLoRA] Layer 6: 94/768 type remove
2026-07-26 20:11:59,158 [inflora.py] => [InfLoRA] Layer 7: 109/768 type remove
2026-07-26 20:11:59,158 [inflora.py] => [InfLoRA] Layer 8: 172/768 type remove
2026-07-26 20:11:59,158 [inflora.py] => [InfLoRA] Layer 9: 292/768 type remove
2026-07-26 20:11:59,196 [inflora.py] => [InfLoRA] Layer 10: 375/768 type retain
2026-07-26 20:11:59,196 [inflora.py] => [InfLoRA] Layer 11: 310/768 type remove
2026-07-26 20:11:59,196 [inflora.py] => [InfLoRA] Layer 12: 250/768 type remove
2026-07-26 20:13:53,677 [inflora.py] => [InfLoRA] DualGPM threshold: 0.9785
2026-07-26 20:13:55,386 [inflora.py] => [InfLoRA] Layer 1: 42/768 type remove
2026-07-26 20:13:55,386 [inflora.py] => [InfLoRA] Layer 2: 23/768 type remove
2026-07-26 20:13:55,386 [inflora.py] => [InfLoRA] Layer 3: 43/768 type remove
2026-07-26 20:13:55,386 [inflora.py] => [InfLoRA] Layer 4: 43/768 type remove
2026-07-26 20:13:55,386 [inflora.py] => [InfLoRA] Layer 5: 68/768 type remove
2026-07-26 20:13:55,386 [inflora.py] => [InfLoRA] Layer 6: 97/768 type remove
2026-07-26 20:13:55,386 [inflora.py] => [InfLoRA] Layer 7: 112/768 type remove
2026-07-26 20:13:55,386 [inflora.py] => [InfLoRA] Layer 8: 177/768 type remove
2026-07-26 20:13:55,386 [inflora.py] => [InfLoRA] Layer 9: 300/768 type remove
2026-07-26 20:13:55,387 [inflora.py] => [InfLoRA] Layer 10: 366/768 type retain
2026-07-26 20:13:55,387 [inflora.py] => [InfLoRA] Layer 11: 318/768 type remove
2026-07-26 20:13:55,387 [inflora.py] => [InfLoRA] Layer 12: 253/768 type remove
2026-07-26 20:15:50,013 [inflora.py] => [InfLoRA] DualGPM threshold: 0.9792
2026-07-26 20:15:51,627 [inflora.py] => [InfLoRA] Layer 1: 42/768 type remove
2026-07-26 20:15:51,627 [inflora.py] => [InfLoRA] Layer 2: 23/768 type remove
2026-07-26 20:15:51,627 [inflora.py] => [InfLoRA] Layer 3: 45/768 type remove
2026-07-26 20:15:51,627 [inflora.py] => [InfLoRA] Layer 4: 46/768 type remove
2026-07-26 20:15:51,627 [inflora.py] => [InfLoRA] Layer 5: 72/768 type remove
2026-07-26 20:15:51,627 [inflora.py] => [InfLoRA] Layer 6: 101/768 type remove
2026-07-26 20:15:51,627 [inflora.py] => [InfLoRA] Layer 7: 116/768 type remove
2026-07-26 20:15:51,628 [inflora.py] => [InfLoRA] Layer 8: 179/768 type remove
2026-07-26 20:15:51,628 [inflora.py] => [InfLoRA] Layer 9: 302/768 type remove
2026-07-26 20:15:51,628 [inflora.py] => [InfLoRA] Layer 10: 361/768 type retain
2026-07-26 20:15:51,628 [inflora.py] => [InfLoRA] Layer 11: 325/768 type remove
2026-07-26 20:15:51,628 [inflora.py] => [InfLoRA] Layer 12: 258/768 type remove
2026-07-26 20:16:05,493 [bounded_memory_mixin.py] => [bounded_mem eval] volume 0.60 | cycle 42 | classes_seen 190 | CIL top1 71.16 | top5 92.78 | (nearest latent task ~18) | param_hash 8788f6ad1597f2ac | per-task [74.37, 75.5, 40.1, 71.28, 86.0, 80.4, 84.0, 68.0, 66.5, 77.27, 80.3, 56.85, 75.5, 79.29, 64.0, 77.89, 66.83, 84.0, 43.5]
2026-07-26 20:17:59,979 [inflora.py] => [InfLoRA] DualGPM threshold: 0.9799
2026-07-26 20:18:01,674 [inflora.py] => [InfLoRA] Layer 1: 42/768 type remove
2026-07-26 20:18:01,674 [inflora.py] => [InfLoRA] Layer 2: 23/768 type remove
2026-07-26 20:18:01,674 [inflora.py] => [InfLoRA] Layer 3: 47/768 type remove
2026-07-26 20:18:01,674 [inflora.py] => [InfLoRA] Layer 4: 48/768 type remove
2026-07-26 20:18:01,674 [inflora.py] => [InfLoRA] Layer 5: 74/768 type remove
2026-07-26 20:18:01,674 [inflora.py] => [InfLoRA] Layer 6: 104/768 type remove
2026-07-26 20:18:01,674 [inflora.py] => [InfLoRA] Layer 7: 119/768 type remove
2026-07-26 20:18:01,674 [inflora.py] => [InfLoRA] Layer 8: 181/768 type remove
2026-07-26 20:18:01,674 [inflora.py] => [InfLoRA] Layer 9: 304/768 type remove
2026-07-26 20:18:01,674 [inflora.py] => [InfLoRA] Layer 10: 357/768 type retain
2026-07-26 20:18:01,674 [inflora.py] => [InfLoRA] Layer 11: 333/768 type remove
2026-07-26 20:18:01,674 [inflora.py] => [InfLoRA] Layer 12: 259/768 type remove
2026-07-26 20:19:56,306 [inflora.py] => [InfLoRA] DualGPM threshold: 0.9806
2026-07-26 20:19:58,011 [inflora.py] => [InfLoRA] Layer 1: 42/768 type remove
2026-07-26 20:19:58,011 [inflora.py] => [InfLoRA] Layer 2: 23/768 type remove
2026-07-26 20:19:58,011 [inflora.py] => [InfLoRA] Layer 3: 48/768 type remove
2026-07-26 20:19:58,011 [inflora.py] => [InfLoRA] Layer 4: 49/768 type remove
2026-07-26 20:19:58,011 [inflora.py] => [InfLoRA] Layer 5: 75/768 type remove
2026-07-26 20:19:58,011 [inflora.py] => [InfLoRA] Layer 6: 106/768 type remove
2026-07-26 20:19:58,011 [inflora.py] => [InfLoRA] Layer 7: 121/768 type remove
2026-07-26 20:19:58,011 [inflora.py] => [InfLoRA] Layer 8: 184/768 type remove
2026-07-26 20:19:58,011 [inflora.py] => [InfLoRA] Layer 9: 306/768 type remove
2026-07-26 20:19:58,011 [inflora.py] => [InfLoRA] Layer 10: 356/768 type retain
2026-07-26 20:19:58,011 [inflora.py] => [InfLoRA] Layer 11: 334/768 type remove
2026-07-26 20:19:58,011 [inflora.py] => [InfLoRA] Layer 12: 259/768 type remove
2026-07-26 20:21:52,814 [inflora.py] => [InfLoRA] DualGPM threshold: 0.9812
2026-07-26 20:21:54,426 [inflora.py] => [InfLoRA] Layer 1: 42/768 type remove
2026-07-26 20:21:54,426 [inflora.py] => [InfLoRA] Layer 2: 23/768 type remove
2026-07-26 20:21:54,426 [inflora.py] => [InfLoRA] Layer 3: 48/768 type remove
2026-07-26 20:21:54,426 [inflora.py] => [InfLoRA] Layer 4: 50/768 type remove
2026-07-26 20:21:54,426 [inflora.py] => [InfLoRA] Layer 5: 76/768 type remove
2026-07-26 20:21:54,426 [inflora.py] => [InfLoRA] Layer 6: 107/768 type remove
2026-07-26 20:21:54,426 [inflora.py] => [InfLoRA] Layer 7: 123/768 type remove
2026-07-26 20:21:54,426 [inflora.py] => [InfLoRA] Layer 8: 186/768 type remove
2026-07-26 20:21:54,426 [inflora.py] => [InfLoRA] Layer 9: 307/768 type remove
2026-07-26 20:21:54,426 [inflora.py] => [InfLoRA] Layer 10: 354/768 type retain
2026-07-26 20:21:54,426 [inflora.py] => [InfLoRA] Layer 11: 337/768 type remove
2026-07-26 20:21:54,426 [inflora.py] => [InfLoRA] Layer 12: 265/768 type remove
2026-07-26 20:23:49,097 [inflora.py] => [InfLoRA] DualGPM threshold: 0.9819
2026-07-26 20:23:50,720 [inflora.py] => [InfLoRA] Layer 1: 42/768 type remove
2026-07-26 20:23:50,720 [inflora.py] => [InfLoRA] Layer 2: 23/768 type remove
2026-07-26 20:23:50,720 [inflora.py] => [InfLoRA] Layer 3: 50/768 type remove
2026-07-26 20:23:50,721 [inflora.py] => [InfLoRA] Layer 4: 52/768 type remove
2026-07-26 20:23:50,721 [inflora.py] => [InfLoRA] Layer 5: 80/768 type remove
2026-07-26 20:23:50,721 [inflora.py] => [InfLoRA] Layer 6: 111/768 type remove
2026-07-26 20:23:50,721 [inflora.py] => [InfLoRA] Layer 7: 128/768 type remove
2026-07-26 20:23:50,721 [inflora.py] => [InfLoRA] Layer 8: 192/768 type remove
2026-07-26 20:23:50,721 [inflora.py] => [InfLoRA] Layer 9: 313/768 type remove
2026-07-26 20:23:50,721 [inflora.py] => [InfLoRA] Layer 10: 348/768 type retain
2026-07-26 20:23:50,721 [inflora.py] => [InfLoRA] Layer 11: 343/768 type remove
2026-07-26 20:23:50,721 [inflora.py] => [InfLoRA] Layer 12: 266/768 type remove
2026-07-26 20:25:45,322 [inflora.py] => [InfLoRA] DualGPM threshold: 0.9826
2026-07-26 20:25:46,979 [inflora.py] => [InfLoRA] Layer 1: 42/768 type remove
2026-07-26 20:25:46,979 [inflora.py] => [InfLoRA] Layer 2: 23/768 type remove
2026-07-26 20:25:46,979 [inflora.py] => [InfLoRA] Layer 3: 51/768 type remove
2026-07-26 20:25:46,979 [inflora.py] => [InfLoRA] Layer 4: 53/768 type remove
2026-07-26 20:25:46,979 [inflora.py] => [InfLoRA] Layer 5: 82/768 type remove
2026-07-26 20:25:46,979 [inflora.py] => [InfLoRA] Layer 6: 114/768 type remove
2026-07-26 20:25:46,979 [inflora.py] => [InfLoRA] Layer 7: 132/768 type remove
2026-07-26 20:25:46,979 [inflora.py] => [InfLoRA] Layer 8: 194/768 type remove
2026-07-26 20:25:46,979 [inflora.py] => [InfLoRA] Layer 9: 315/768 type remove
2026-07-26 20:25:46,979 [inflora.py] => [InfLoRA] Layer 10: 347/768 type retain
2026-07-26 20:25:46,980 [inflora.py] => [InfLoRA] Layer 11: 344/768 type remove
2026-07-26 20:25:46,980 [inflora.py] => [InfLoRA] Layer 12: 268/768 type remove
2026-07-26 20:27:41,855 [inflora.py] => [InfLoRA] DualGPM threshold: 0.9833
2026-07-26 20:27:43,522 [inflora.py] => [InfLoRA] Layer 1: 42/768 type remove
2026-07-26 20:27:43,522 [inflora.py] => [InfLoRA] Layer 2: 24/768 type remove
2026-07-26 20:27:43,522 [inflora.py] => [InfLoRA] Layer 3: 53/768 type remove
2026-07-26 20:27:43,522 [inflora.py] => [InfLoRA] Layer 4: 55/768 type remove
2026-07-26 20:27:43,522 [inflora.py] => [InfLoRA] Layer 5: 85/768 type remove
2026-07-26 20:27:43,522 [inflora.py] => [InfLoRA] Layer 6: 118/768 type remove
2026-07-26 20:27:43,523 [inflora.py] => [InfLoRA] Layer 7: 137/768 type remove
2026-07-26 20:27:43,523 [inflora.py] => [InfLoRA] Layer 8: 199/768 type remove
2026-07-26 20:27:43,523 [inflora.py] => [InfLoRA] Layer 9: 320/768 type remove
2026-07-26 20:27:43,523 [inflora.py] => [InfLoRA] Layer 10: 343/768 type retain
2026-07-26 20:27:43,523 [inflora.py] => [InfLoRA] Layer 11: 347/768 type remove
2026-07-26 20:27:43,523 [inflora.py] => [InfLoRA] Layer 12: 272/768 type remove
2026-07-26 20:29:38,120 [inflora.py] => [InfLoRA] DualGPM threshold: 0.9840
2026-07-26 20:29:39,773 [inflora.py] => [InfLoRA] Layer 1: 42/768 type remove
2026-07-26 20:29:39,773 [inflora.py] => [InfLoRA] Layer 2: 24/768 type remove
2026-07-26 20:29:39,773 [inflora.py] => [InfLoRA] Layer 3: 55/768 type remove
2026-07-26 20:29:39,773 [inflora.py] => [InfLoRA] Layer 4: 58/768 type remove
2026-07-26 20:29:39,773 [inflora.py] => [InfLoRA] Layer 5: 89/768 type remove
2026-07-26 20:29:39,773 [inflora.py] => [InfLoRA] Layer 6: 122/768 type remove
2026-07-26 20:29:39,773 [inflora.py] => [InfLoRA] Layer 7: 143/768 type remove
2026-07-26 20:29:39,773 [inflora.py] => [InfLoRA] Layer 8: 205/768 type remove
2026-07-26 20:29:39,773 [inflora.py] => [InfLoRA] Layer 9: 326/768 type remove
2026-07-26 20:29:39,773 [inflora.py] => [InfLoRA] Layer 10: 339/768 type retain
2026-07-26 20:29:39,773 [inflora.py] => [InfLoRA] Layer 11: 350/768 type remove
2026-07-26 20:29:39,773 [inflora.py] => [InfLoRA] Layer 12: 273/768 type remove
2026-07-26 20:31:34,574 [inflora.py] => [InfLoRA] DualGPM threshold: 0.9847
2026-07-26 20:31:36,214 [inflora.py] => [InfLoRA] Layer 1: 42/768 type remove
2026-07-26 20:31:36,214 [inflora.py] => [InfLoRA] Layer 2: 26/768 type remove
2026-07-26 20:31:36,214 [inflora.py] => [InfLoRA] Layer 3: 63/768 type remove
2026-07-26 20:31:36,214 [inflora.py] => [InfLoRA] Layer 4: 65/768 type remove
2026-07-26 20:31:36,214 [inflora.py] => [InfLoRA] Layer 5: 98/768 type remove
2026-07-26 20:31:36,214 [inflora.py] => [InfLoRA] Layer 6: 135/768 type remove
2026-07-26 20:31:36,214 [inflora.py] => [InfLoRA] Layer 7: 160/768 type remove
2026-07-26 20:31:36,214 [inflora.py] => [InfLoRA] Layer 8: 232/768 type remove
2026-07-26 20:31:36,214 [inflora.py] => [InfLoRA] Layer 9: 359/768 type remove
2026-07-26 20:31:36,214 [inflora.py] => [InfLoRA] Layer 10: 316/768 type retain
2026-07-26 20:31:36,214 [inflora.py] => [InfLoRA] Layer 11: 366/768 type remove
2026-07-26 20:31:36,214 [inflora.py] => [InfLoRA] Layer 12: 281/768 type remove
2026-07-26 20:31:52,089 [bounded_memory_mixin.py] => [bounded_mem eval] volume 0.70 | cycle 50 | classes_seen 220 | CIL top1 67.42 | top5 90.98 | (nearest latent task ~21) | param_hash b9a6930809b35fd2 | per-task [68.34, 73.0, 40.61, 68.21, 84.0, 74.87, 82.0, 65.0, 62.5, 72.73, 73.23, 51.78, 74.0, 73.23, 67.0, 75.38, 63.82, 82.5, 58.0, 55.78, 52.76, 64.0]
2026-07-26 20:33:47,279 [inflora.py] => [InfLoRA] DualGPM threshold: 0.9854
2026-07-26 20:33:48,965 [inflora.py] => [InfLoRA] Layer 1: 45/768 type remove
2026-07-26 20:33:48,965 [inflora.py] => [InfLoRA] Layer 2: 27/768 type remove
2026-07-26 20:33:48,965 [inflora.py] => [InfLoRA] Layer 3: 66/768 type remove
2026-07-26 20:33:48,965 [inflora.py] => [InfLoRA] Layer 4: 68/768 type remove
2026-07-26 20:33:48,965 [inflora.py] => [InfLoRA] Layer 5: 101/768 type remove
2026-07-26 20:33:48,965 [inflora.py] => [InfLoRA] Layer 6: 139/768 type remove
2026-07-26 20:33:48,965 [inflora.py] => [InfLoRA] Layer 7: 164/768 type remove
2026-07-26 20:33:48,966 [inflora.py] => [InfLoRA] Layer 8: 239/768 type remove
2026-07-26 20:33:48,966 [inflora.py] => [InfLoRA] Layer 9: 367/768 type remove
2026-07-26 20:33:48,966 [inflora.py] => [InfLoRA] Layer 10: 308/768 type retain
2026-07-26 20:33:48,966 [inflora.py] => [InfLoRA] Layer 11: 371/768 type remove
2026-07-26 20:33:48,966 [inflora.py] => [InfLoRA] Layer 12: 284/768 type remove
2026-07-26 20:35:43,883 [inflora.py] => [InfLoRA] DualGPM threshold: 0.9861
2026-07-26 20:35:45,630 [inflora.py] => [InfLoRA] Layer 1: 48/768 type remove
2026-07-26 20:35:45,630 [inflora.py] => [InfLoRA] Layer 2: 27/768 type remove
2026-07-26 20:35:45,631 [inflora.py] => [InfLoRA] Layer 3: 67/768 type remove
2026-07-26 20:35:45,631 [inflora.py] => [InfLoRA] Layer 4: 69/768 type remove
2026-07-26 20:35:45,631 [inflora.py] => [InfLoRA] Layer 5: 103/768 type remove
2026-07-26 20:35:45,631 [inflora.py] => [InfLoRA] Layer 6: 142/768 type remove
2026-07-26 20:35:45,631 [inflora.py] => [InfLoRA] Layer 7: 168/768 type remove
2026-07-26 20:35:45,631 [inflora.py] => [InfLoRA] Layer 8: 245/768 type remove
2026-07-26 20:35:45,631 [inflora.py] => [InfLoRA] Layer 9: 378/768 type remove
2026-07-26 20:35:45,631 [inflora.py] => [InfLoRA] Layer 10: 290/768 type retain
2026-07-26 20:35:45,655 [inflora.py] => [InfLoRA] Layer 11: 380/768 type retain
2026-07-26 20:35:45,655 [inflora.py] => [InfLoRA] Layer 12: 300/768 type remove
2026-07-26 20:37:40,436 [inflora.py] => [InfLoRA] DualGPM threshold: 0.9868
2026-07-26 20:37:42,227 [inflora.py] => [InfLoRA] Layer 1: 48/768 type remove
2026-07-26 20:37:42,227 [inflora.py] => [InfLoRA] Layer 2: 27/768 type remove
2026-07-26 20:37:42,227 [inflora.py] => [InfLoRA] Layer 3: 67/768 type remove
2026-07-26 20:37:42,227 [inflora.py] => [InfLoRA] Layer 4: 70/768 type remove
2026-07-26 20:37:42,227 [inflora.py] => [InfLoRA] Layer 5: 104/768 type remove
2026-07-26 20:37:42,227 [inflora.py] => [InfLoRA] Layer 6: 145/768 type remove
2026-07-26 20:37:42,227 [inflora.py] => [InfLoRA] Layer 7: 172/768 type remove
2026-07-26 20:37:42,227 [inflora.py] => [InfLoRA] Layer 8: 250/768 type remove
2026-07-26 20:37:42,227 [inflora.py] => [InfLoRA] Layer 9: 383/768 type remove
2026-07-26 20:37:42,227 [inflora.py] => [InfLoRA] Layer 10: 283/768 type retain
2026-07-26 20:37:42,227 [inflora.py] => [InfLoRA] Layer 11: 369/768 type retain
2026-07-26 20:37:42,227 [inflora.py] => [InfLoRA] Layer 12: 309/768 type remove
2026-07-26 20:39:36,975 [inflora.py] => [InfLoRA] DualGPM threshold: 0.9875
2026-07-26 20:39:38,707 [inflora.py] => [InfLoRA] Layer 1: 48/768 type remove
2026-07-26 20:39:38,707 [inflora.py] => [InfLoRA] Layer 2: 27/768 type remove
2026-07-26 20:39:38,707 [inflora.py] => [InfLoRA] Layer 3: 68/768 type remove
2026-07-26 20:39:38,707 [inflora.py] => [InfLoRA] Layer 4: 72/768 type remove
2026-07-26 20:39:38,707 [inflora.py] => [InfLoRA] Layer 5: 107/768 type remove
2026-07-26 20:39:38,707 [inflora.py] => [InfLoRA] Layer 6: 150/768 type remove
2026-07-26 20:39:38,707 [inflora.py] => [InfLoRA] Layer 7: 180/768 type remove
2026-07-26 20:39:38,707 [inflora.py] => [InfLoRA] Layer 8: 260/768 type remove
2026-07-26 20:39:38,731 [inflora.py] => [InfLoRA] Layer 9: 376/768 type retain
2026-07-26 20:39:38,732 [inflora.py] => [InfLoRA] Layer 10: 278/768 type retain
2026-07-26 20:39:38,732 [inflora.py] => [InfLoRA] Layer 11: 362/768 type retain
2026-07-26 20:39:38,732 [inflora.py] => [InfLoRA] Layer 12: 329/768 type remove
2026-07-26 20:41:33,413 [inflora.py] => [InfLoRA] DualGPM threshold: 0.9882
2026-07-26 20:41:35,263 [inflora.py] => [InfLoRA] Layer 1: 48/768 type remove
2026-07-26 20:41:35,263 [inflora.py] => [InfLoRA] Layer 2: 27/768 type remove
2026-07-26 20:41:35,263 [inflora.py] => [InfLoRA] Layer 3: 69/768 type remove
2026-07-26 20:41:35,263 [inflora.py] => [InfLoRA] Layer 4: 73/768 type remove
2026-07-26 20:41:35,263 [inflora.py] => [InfLoRA] Layer 5: 110/768 type remove
2026-07-26 20:41:35,263 [inflora.py] => [InfLoRA] Layer 6: 154/768 type remove
2026-07-26 20:41:35,263 [inflora.py] => [InfLoRA] Layer 7: 187/768 type remove
2026-07-26 20:41:35,263 [inflora.py] => [InfLoRA] Layer 8: 270/768 type remove
2026-07-26 20:41:35,263 [inflora.py] => [InfLoRA] Layer 9: 364/768 type retain
2026-07-26 20:41:35,264 [inflora.py] => [InfLoRA] Layer 10: 272/768 type retain
2026-07-26 20:41:35,264 [inflora.py] => [InfLoRA] Layer 11: 353/768 type retain
2026-07-26 20:41:35,264 [inflora.py] => [InfLoRA] Layer 12: 341/768 type remove
2026-07-26 20:43:30,794 [inflora.py] => [InfLoRA] DualGPM threshold: 0.9889
2026-07-26 20:43:32,588 [inflora.py] => [InfLoRA] Layer 1: 48/768 type remove
2026-07-26 20:43:32,588 [inflora.py] => [InfLoRA] Layer 2: 28/768 type remove
2026-07-26 20:43:32,588 [inflora.py] => [InfLoRA] Layer 3: 73/768 type remove
2026-07-26 20:43:32,589 [inflora.py] => [InfLoRA] Layer 4: 78/768 type remove
2026-07-26 20:43:32,589 [inflora.py] => [InfLoRA] Layer 5: 115/768 type remove
2026-07-26 20:43:32,589 [inflora.py] => [InfLoRA] Layer 6: 160/768 type remove
2026-07-26 20:43:32,589 [inflora.py] => [InfLoRA] Layer 7: 193/768 type remove
2026-07-26 20:43:32,589 [inflora.py] => [InfLoRA] Layer 8: 277/768 type remove
2026-07-26 20:43:32,589 [inflora.py] => [InfLoRA] Layer 9: 355/768 type retain
2026-07-26 20:43:32,589 [inflora.py] => [InfLoRA] Layer 10: 261/768 type retain
2026-07-26 20:43:32,589 [inflora.py] => [InfLoRA] Layer 11: 338/768 type retain
2026-07-26 20:43:32,589 [inflora.py] => [InfLoRA] Layer 12: 364/768 type remove
2026-07-26 20:45:26,931 [inflora.py] => [InfLoRA] DualGPM threshold: 0.9896
2026-07-26 20:45:28,777 [inflora.py] => [InfLoRA] Layer 1: 52/768 type remove
2026-07-26 20:45:28,778 [inflora.py] => [InfLoRA] Layer 2: 32/768 type remove
2026-07-26 20:45:28,778 [inflora.py] => [InfLoRA] Layer 3: 81/768 type remove
2026-07-26 20:45:28,778 [inflora.py] => [InfLoRA] Layer 4: 86/768 type remove
2026-07-26 20:45:28,778 [inflora.py] => [InfLoRA] Layer 5: 125/768 type remove
2026-07-26 20:45:28,778 [inflora.py] => [InfLoRA] Layer 6: 169/768 type remove
2026-07-26 20:45:28,778 [inflora.py] => [InfLoRA] Layer 7: 200/768 type remove
2026-07-26 20:45:28,778 [inflora.py] => [InfLoRA] Layer 8: 281/768 type remove
2026-07-26 20:45:28,778 [inflora.py] => [InfLoRA] Layer 9: 351/768 type retain
2026-07-26 20:45:28,778 [inflora.py] => [InfLoRA] Layer 10: 249/768 type retain
2026-07-26 20:45:28,778 [inflora.py] => [InfLoRA] Layer 11: 317/768 type retain
2026-07-26 20:45:28,778 [inflora.py] => [InfLoRA] Layer 12: 377/768 type remove
2026-07-26 20:45:46,438 [bounded_memory_mixin.py] => [bounded_mem eval] volume 0.80 | cycle 57 | classes_seen 250 | CIL top1 65.76 | top5 89.84 | (nearest latent task ~24) | param_hash 00cb6f669cfa7f84 | per-task [65.33, 76.5, 39.09, 63.08, 82.5, 75.38, 81.5, 62.0, 63.0, 73.74, 66.67, 47.72, 73.0, 70.71, 62.5, 74.37, 65.33, 83.5, 58.0, 53.77, 48.24, 70.0, 66.5, 73.1, 48.0]
2026-07-26 20:47:40,949 [inflora.py] => [InfLoRA] DualGPM threshold: 0.9903
2026-07-26 20:47:42,812 [inflora.py] => [InfLoRA] Layer 1: 54/768 type remove
2026-07-26 20:47:42,812 [inflora.py] => [InfLoRA] Layer 2: 34/768 type remove
2026-07-26 20:47:42,812 [inflora.py] => [InfLoRA] Layer 3: 86/768 type remove
2026-07-26 20:47:42,812 [inflora.py] => [InfLoRA] Layer 4: 91/768 type remove
2026-07-26 20:47:42,812 [inflora.py] => [InfLoRA] Layer 5: 132/768 type remove
2026-07-26 20:47:42,812 [inflora.py] => [InfLoRA] Layer 6: 177/768 type remove
2026-07-26 20:47:42,812 [inflora.py] => [InfLoRA] Layer 7: 208/768 type remove
2026-07-26 20:47:42,812 [inflora.py] => [InfLoRA] Layer 8: 289/768 type remove
2026-07-26 20:47:42,812 [inflora.py] => [InfLoRA] Layer 9: 345/768 type retain
2026-07-26 20:47:42,812 [inflora.py] => [InfLoRA] Layer 10: 239/768 type retain
2026-07-26 20:47:42,812 [inflora.py] => [InfLoRA] Layer 11: 302/768 type retain
2026-07-26 20:47:42,835 [inflora.py] => [InfLoRA] Layer 12: 379/768 type retain
2026-07-26 20:49:37,416 [inflora.py] => [InfLoRA] DualGPM threshold: 0.9910
2026-07-26 20:49:39,440 [inflora.py] => [InfLoRA] Layer 1: 54/768 type remove
2026-07-26 20:49:39,440 [inflora.py] => [InfLoRA] Layer 2: 34/768 type remove
2026-07-26 20:49:39,440 [inflora.py] => [InfLoRA] Layer 3: 89/768 type remove
2026-07-26 20:49:39,440 [inflora.py] => [InfLoRA] Layer 4: 96/768 type remove
2026-07-26 20:49:39,440 [inflora.py] => [InfLoRA] Layer 5: 138/768 type remove
2026-07-26 20:49:39,440 [inflora.py] => [InfLoRA] Layer 6: 186/768 type remove
2026-07-26 20:49:39,440 [inflora.py] => [InfLoRA] Layer 7: 222/768 type remove
2026-07-26 20:49:39,441 [inflora.py] => [InfLoRA] Layer 8: 310/768 type remove
2026-07-26 20:49:39,441 [inflora.py] => [InfLoRA] Layer 9: 320/768 type retain
2026-07-26 20:49:39,441 [inflora.py] => [InfLoRA] Layer 10: 217/768 type retain
2026-07-26 20:49:39,441 [inflora.py] => [InfLoRA] Layer 11: 269/768 type retain
2026-07-26 20:49:39,441 [inflora.py] => [InfLoRA] Layer 12: 358/768 type retain
2026-07-26 20:51:34,001 [inflora.py] => [InfLoRA] DualGPM threshold: 0.9917
2026-07-26 20:51:36,009 [inflora.py] => [InfLoRA] Layer 1: 54/768 type remove
2026-07-26 20:51:36,009 [inflora.py] => [InfLoRA] Layer 2: 35/768 type remove
2026-07-26 20:51:36,009 [inflora.py] => [InfLoRA] Layer 3: 93/768 type remove
2026-07-26 20:51:36,009 [inflora.py] => [InfLoRA] Layer 4: 99/768 type remove
2026-07-26 20:51:36,009 [inflora.py] => [InfLoRA] Layer 5: 143/768 type remove
2026-07-26 20:51:36,009 [inflora.py] => [InfLoRA] Layer 6: 193/768 type remove
2026-07-26 20:51:36,009 [inflora.py] => [InfLoRA] Layer 7: 231/768 type remove
2026-07-26 20:51:36,010 [inflora.py] => [InfLoRA] Layer 8: 319/768 type remove
2026-07-26 20:51:36,010 [inflora.py] => [InfLoRA] Layer 9: 312/768 type retain
2026-07-26 20:51:36,010 [inflora.py] => [InfLoRA] Layer 10: 213/768 type retain
2026-07-26 20:51:36,010 [inflora.py] => [InfLoRA] Layer 11: 263/768 type retain
2026-07-26 20:51:36,010 [inflora.py] => [InfLoRA] Layer 12: 352/768 type retain
2026-07-26 20:53:30,620 [inflora.py] => [InfLoRA] DualGPM threshold: 0.9924
2026-07-26 20:53:32,584 [inflora.py] => [InfLoRA] Layer 1: 55/768 type remove
2026-07-26 20:53:32,584 [inflora.py] => [InfLoRA] Layer 2: 36/768 type remove
2026-07-26 20:53:32,584 [inflora.py] => [InfLoRA] Layer 3: 97/768 type remove
2026-07-26 20:53:32,584 [inflora.py] => [InfLoRA] Layer 4: 105/768 type remove
2026-07-26 20:53:32,584 [inflora.py] => [InfLoRA] Layer 5: 150/768 type remove
2026-07-26 20:53:32,584 [inflora.py] => [InfLoRA] Layer 6: 202/768 type remove
2026-07-26 20:53:32,584 [inflora.py] => [InfLoRA] Layer 7: 240/768 type remove
2026-07-26 20:53:32,584 [inflora.py] => [InfLoRA] Layer 8: 332/768 type remove
2026-07-26 20:53:32,584 [inflora.py] => [InfLoRA] Layer 9: 297/768 type retain
2026-07-26 20:53:32,584 [inflora.py] => [InfLoRA] Layer 10: 198/768 type retain
2026-07-26 20:53:32,584 [inflora.py] => [InfLoRA] Layer 11: 243/768 type retain
2026-07-26 20:53:32,584 [inflora.py] => [InfLoRA] Layer 12: 330/768 type retain
2026-07-26 20:55:27,286 [inflora.py] => [InfLoRA] DualGPM threshold: 0.9931
2026-07-26 20:55:29,430 [inflora.py] => [InfLoRA] Layer 1: 60/768 type remove
2026-07-26 20:55:29,430 [inflora.py] => [InfLoRA] Layer 2: 37/768 type remove
2026-07-26 20:55:29,430 [inflora.py] => [InfLoRA] Layer 3: 102/768 type remove
2026-07-26 20:55:29,430 [inflora.py] => [InfLoRA] Layer 4: 112/768 type remove
2026-07-26 20:55:29,430 [inflora.py] => [InfLoRA] Layer 5: 159/768 type remove
2026-07-26 20:55:29,430 [inflora.py] => [InfLoRA] Layer 6: 215/768 type remove
2026-07-26 20:55:29,430 [inflora.py] => [InfLoRA] Layer 7: 256/768 type remove
2026-07-26 20:55:29,430 [inflora.py] => [InfLoRA] Layer 8: 355/768 type remove
2026-07-26 20:55:29,430 [inflora.py] => [InfLoRA] Layer 9: 270/768 type retain
2026-07-26 20:55:29,431 [inflora.py] => [InfLoRA] Layer 10: 173/768 type retain
2026-07-26 20:55:29,431 [inflora.py] => [InfLoRA] Layer 11: 214/768 type retain
2026-07-26 20:55:29,431 [inflora.py] => [InfLoRA] Layer 12: 311/768 type retain
2026-07-26 20:57:24,066 [inflora.py] => [InfLoRA] DualGPM threshold: 0.9938
2026-07-26 20:57:26,111 [inflora.py] => [InfLoRA] Layer 1: 64/768 type remove
2026-07-26 20:57:26,111 [inflora.py] => [InfLoRA] Layer 2: 40/768 type remove
2026-07-26 20:57:26,111 [inflora.py] => [InfLoRA] Layer 3: 109/768 type remove
2026-07-26 20:57:26,111 [inflora.py] => [InfLoRA] Layer 4: 119/768 type remove
2026-07-26 20:57:26,111 [inflora.py] => [InfLoRA] Layer 5: 167/768 type remove
2026-07-26 20:57:26,111 [inflora.py] => [InfLoRA] Layer 6: 225/768 type remove
2026-07-26 20:57:26,111 [inflora.py] => [InfLoRA] Layer 7: 267/768 type remove
2026-07-26 20:57:26,111 [inflora.py] => [InfLoRA] Layer 8: 365/768 type remove
2026-07-26 20:57:26,111 [inflora.py] => [InfLoRA] Layer 9: 261/768 type retain
2026-07-26 20:57:26,111 [inflora.py] => [InfLoRA] Layer 10: 164/768 type retain
2026-07-26 20:57:26,111 [inflora.py] => [InfLoRA] Layer 11: 202/768 type retain
2026-07-26 20:57:26,111 [inflora.py] => [InfLoRA] Layer 12: 296/768 type retain
2026-07-26 20:59:20,907 [inflora.py] => [InfLoRA] DualGPM threshold: 0.9944
2026-07-26 20:59:23,017 [inflora.py] => [InfLoRA] Layer 1: 66/768 type remove
2026-07-26 20:59:23,018 [inflora.py] => [InfLoRA] Layer 2: 41/768 type remove
2026-07-26 20:59:23,018 [inflora.py] => [InfLoRA] Layer 3: 110/768 type remove
2026-07-26 20:59:23,018 [inflora.py] => [InfLoRA] Layer 4: 123/768 type remove
2026-07-26 20:59:23,018 [inflora.py] => [InfLoRA] Layer 5: 172/768 type remove
2026-07-26 20:59:23,018 [inflora.py] => [InfLoRA] Layer 6: 232/768 type remove
2026-07-26 20:59:23,018 [inflora.py] => [InfLoRA] Layer 7: 277/768 type remove
2026-07-26 20:59:23,018 [inflora.py] => [InfLoRA] Layer 8: 375/768 type remove
2026-07-26 20:59:23,018 [inflora.py] => [InfLoRA] Layer 9: 249/768 type retain
2026-07-26 20:59:23,018 [inflora.py] => [InfLoRA] Layer 10: 153/768 type retain
2026-07-26 20:59:23,018 [inflora.py] => [InfLoRA] Layer 11: 187/768 type retain
2026-07-26 20:59:23,018 [inflora.py] => [InfLoRA] Layer 12: 274/768 type retain
2026-07-26 20:59:42,605 [bounded_memory_mixin.py] => [bounded_mem eval] volume 0.90 | cycle 64 | classes_seen 280 | CIL top1 63.33 | top5 87.91 | (nearest latent task ~27) | param_hash 8050c724ff09ceff | per-task [62.81, 75.5, 39.09, 62.56, 82.0, 75.88, 78.5, 60.5, 63.5, 72.22, 67.17, 48.22, 72.5, 71.21, 61.5, 74.87, 62.81, 82.5, 56.5, 52.26, 49.75, 71.5, 64.97, 73.1, 34.5, 66.16, 50.75, 40.0]
2026-07-26 21:01:37,507 [inflora.py] => [InfLoRA] DualGPM threshold: 0.9951
2026-07-26 21:01:39,426 [inflora.py] => [InfLoRA] Layer 1: 72/768 type remove
2026-07-26 21:01:39,426 [inflora.py] => [InfLoRA] Layer 2: 44/768 type remove
2026-07-26 21:01:39,426 [inflora.py] => [InfLoRA] Layer 3: 119/768 type remove
2026-07-26 21:01:39,426 [inflora.py] => [InfLoRA] Layer 4: 135/768 type remove
2026-07-26 21:01:39,426 [inflora.py] => [InfLoRA] Layer 5: 187/768 type remove
2026-07-26 21:01:39,426 [inflora.py] => [InfLoRA] Layer 6: 249/768 type remove
2026-07-26 21:01:39,426 [inflora.py] => [InfLoRA] Layer 7: 296/768 type remove
2026-07-26 21:01:39,450 [inflora.py] => [InfLoRA] Layer 8: 375/768 type retain
2026-07-26 21:01:39,451 [inflora.py] => [InfLoRA] Layer 9: 233/768 type retain
2026-07-26 21:01:39,451 [inflora.py] => [InfLoRA] Layer 10: 143/768 type retain
2026-07-26 21:01:39,451 [inflora.py] => [InfLoRA] Layer 11: 173/768 type retain
2026-07-26 21:01:39,451 [inflora.py] => [InfLoRA] Layer 12: 270/768 type retain
2026-07-26 21:03:34,233 [inflora.py] => [InfLoRA] DualGPM threshold: 0.9958
2026-07-26 21:03:36,343 [inflora.py] => [InfLoRA] Layer 1: 76/768 type remove
2026-07-26 21:03:36,343 [inflora.py] => [InfLoRA] Layer 2: 48/768 type remove
2026-07-26 21:03:36,343 [inflora.py] => [InfLoRA] Layer 3: 128/768 type remove
2026-07-26 21:03:36,343 [inflora.py] => [InfLoRA] Layer 4: 145/768 type remove
2026-07-26 21:03:36,343 [inflora.py] => [InfLoRA] Layer 5: 199/768 type remove
2026-07-26 21:03:36,343 [inflora.py] => [InfLoRA] Layer 6: 264/768 type remove
2026-07-26 21:03:36,343 [inflora.py] => [InfLoRA] Layer 7: 313/768 type remove
2026-07-26 21:03:36,343 [inflora.py] => [InfLoRA] Layer 8: 359/768 type retain
2026-07-26 21:03:36,343 [inflora.py] => [InfLoRA] Layer 9: 217/768 type retain
2026-07-26 21:03:36,343 [inflora.py] => [InfLoRA] Layer 10: 128/768 type retain
2026-07-26 21:03:36,343 [inflora.py] => [InfLoRA] Layer 11: 153/768 type retain
2026-07-26 21:03:36,344 [inflora.py] => [InfLoRA] Layer 12: 252/768 type retain
2026-07-26 21:05:30,609 [inflora.py] => [InfLoRA] DualGPM threshold: 0.9965
2026-07-26 21:05:32,725 [inflora.py] => [InfLoRA] Layer 1: 82/768 type remove
2026-07-26 21:05:32,726 [inflora.py] => [InfLoRA] Layer 2: 52/768 type remove
2026-07-26 21:05:32,726 [inflora.py] => [InfLoRA] Layer 3: 140/768 type remove
2026-07-26 21:05:32,726 [inflora.py] => [InfLoRA] Layer 4: 160/768 type remove
2026-07-26 21:05:32,726 [inflora.py] => [InfLoRA] Layer 5: 218/768 type remove
2026-07-26 21:05:32,726 [inflora.py] => [InfLoRA] Layer 6: 289/768 type remove
2026-07-26 21:05:32,726 [inflora.py] => [InfLoRA] Layer 7: 341/768 type remove
2026-07-26 21:05:32,726 [inflora.py] => [InfLoRA] Layer 8: 325/768 type retain
2026-07-26 21:05:32,726 [inflora.py] => [InfLoRA] Layer 9: 187/768 type retain
2026-07-26 21:05:32,726 [inflora.py] => [InfLoRA] Layer 10: 106/768 type retain
2026-07-26 21:05:32,726 [inflora.py] => [InfLoRA] Layer 11: 126/768 type retain
2026-07-26 21:05:32,726 [inflora.py] => [InfLoRA] Layer 12: 202/768 type retain
2026-07-26 21:07:27,137 [inflora.py] => [InfLoRA] DualGPM threshold: 0.9972
2026-07-26 21:07:29,198 [inflora.py] => [InfLoRA] Layer 1: 89/768 type remove
2026-07-26 21:07:29,199 [inflora.py] => [InfLoRA] Layer 2: 58/768 type remove
2026-07-26 21:07:29,199 [inflora.py] => [InfLoRA] Layer 3: 155/768 type remove
2026-07-26 21:07:29,199 [inflora.py] => [InfLoRA] Layer 4: 179/768 type remove
2026-07-26 21:07:29,199 [inflora.py] => [InfLoRA] Layer 5: 240/768 type remove
2026-07-26 21:07:29,199 [inflora.py] => [InfLoRA] Layer 6: 314/768 type remove
2026-07-26 21:07:29,199 [inflora.py] => [InfLoRA] Layer 7: 366/768 type remove
2026-07-26 21:07:29,199 [inflora.py] => [InfLoRA] Layer 8: 302/768 type retain
2026-07-26 21:07:29,199 [inflora.py] => [InfLoRA] Layer 9: 165/768 type retain
2026-07-26 21:07:29,199 [inflora.py] => [InfLoRA] Layer 10: 89/768 type retain
2026-07-26 21:07:29,199 [inflora.py] => [InfLoRA] Layer 11: 102/768 type retain
2026-07-26 21:07:29,199 [inflora.py] => [InfLoRA] Layer 12: 172/768 type retain
2026-07-26 21:09:24,058 [inflora.py] => [InfLoRA] DualGPM threshold: 0.9979
2026-07-26 21:09:26,127 [inflora.py] => [InfLoRA] Layer 1: 93/768 type remove
2026-07-26 21:09:26,127 [inflora.py] => [InfLoRA] Layer 2: 62/768 type remove
2026-07-26 21:09:26,127 [inflora.py] => [InfLoRA] Layer 3: 171/768 type remove
2026-07-26 21:09:26,127 [inflora.py] => [InfLoRA] Layer 4: 203/768 type remove
2026-07-26 21:09:26,127 [inflora.py] => [InfLoRA] Layer 5: 271/768 type remove
2026-07-26 21:09:26,127 [inflora.py] => [InfLoRA] Layer 6: 345/768 type remove
2026-07-26 21:09:26,151 [inflora.py] => [InfLoRA] Layer 7: 366/768 type retain
2026-07-26 21:09:26,151 [inflora.py] => [InfLoRA] Layer 8: 273/768 type retain
2026-07-26 21:09:26,151 [inflora.py] => [InfLoRA] Layer 9: 149/768 type retain
2026-07-26 21:09:26,151 [inflora.py] => [InfLoRA] Layer 10: 81/768 type retain
2026-07-26 21:09:26,152 [inflora.py] => [InfLoRA] Layer 11: 99/768 type retain
2026-07-26 21:09:26,152 [inflora.py] => [InfLoRA] Layer 12: 162/768 type retain
2026-07-26 21:11:20,721 [inflora.py] => [InfLoRA] DualGPM threshold: 0.9986
2026-07-26 21:11:22,834 [inflora.py] => [InfLoRA] Layer 1: 102/768 type remove
2026-07-26 21:11:22,834 [inflora.py] => [InfLoRA] Layer 2: 71/768 type remove
2026-07-26 21:11:22,834 [inflora.py] => [InfLoRA] Layer 3: 195/768 type remove
2026-07-26 21:11:22,834 [inflora.py] => [InfLoRA] Layer 4: 238/768 type remove
2026-07-26 21:11:22,834 [inflora.py] => [InfLoRA] Layer 5: 314/768 type remove
2026-07-26 21:11:22,859 [inflora.py] => [InfLoRA] Layer 6: 378/768 type retain
2026-07-26 21:11:22,859 [inflora.py] => [InfLoRA] Layer 7: 321/768 type retain
2026-07-26 21:11:22,859 [inflora.py] => [InfLoRA] Layer 8: 234/768 type retain
2026-07-26 21:11:22,859 [inflora.py] => [InfLoRA] Layer 9: 123/768 type retain
2026-07-26 21:11:22,859 [inflora.py] => [InfLoRA] Layer 10: 66/768 type retain
2026-07-26 21:11:22,859 [inflora.py] => [InfLoRA] Layer 11: 86/768 type retain
2026-07-26 21:11:22,859 [inflora.py] => [InfLoRA] Layer 12: 146/768 type retain
2026-07-26 21:12:24,456 [inflora.py] => [InfLoRA] DualGPM threshold: 0.9993
2026-07-26 21:12:26,844 [inflora.py] => [InfLoRA] Layer 1: 120/768 type remove
2026-07-26 21:12:26,844 [inflora.py] => [InfLoRA] Layer 2: 92/768 type remove
2026-07-26 21:12:26,844 [inflora.py] => [InfLoRA] Layer 3: 242/768 type remove
2026-07-26 21:12:26,844 [inflora.py] => [InfLoRA] Layer 4: 305/768 type remove
2026-07-26 21:12:26,869 [inflora.py] => [InfLoRA] Layer 5: 378/768 type retain
2026-07-26 21:12:26,869 [inflora.py] => [InfLoRA] Layer 6: 302/768 type retain
2026-07-26 21:12:26,869 [inflora.py] => [InfLoRA] Layer 7: 250/768 type retain
2026-07-26 21:12:26,869 [inflora.py] => [InfLoRA] Layer 8: 175/768 type retain
2026-07-26 21:12:26,869 [inflora.py] => [InfLoRA] Layer 9: 81/768 type retain
2026-07-26 21:12:26,869 [inflora.py] => [InfLoRA] Layer 10: 41/768 type retain
2026-07-26 21:12:26,869 [inflora.py] => [InfLoRA] Layer 11: 55/768 type retain
2026-07-26 21:12:26,869 [inflora.py] => [InfLoRA] Layer 12: 103/768 type retain
2026-07-26 21:12:47,711 [bounded_memory_mixin.py] => [bounded_mem eval] volume 1.00 | cycle 71 | classes_seen 300 | CIL top1 61.06 | top5 87.69 | (nearest latent task ~29) | param_hash 62e22e4edb467e89 | per-task [53.27, 75.5, 36.55, 61.54, 81.0, 75.88, 77.0, 60.0, 53.0, 67.17, 59.6, 36.04, 66.5, 63.64, 60.5, 73.87, 63.32, 77.5, 58.0, 49.25, 49.25, 63.5, 61.93, 63.96, 27.5, 64.65, 51.26, 74.0, 56.85, 69.0]
2026-07-26 21:12:47,713 [trainer.py] => [bounded_mem] volume checkpoints: [0.1, 0.2, 0.3, 0.4, 0.5, 0.6, 0.7, 0.8, 0.9, 1.0]
2026-07-26 21:12:47,713 [trainer.py] => [bounded_mem] CIL top1 curve: [81.29, 79.93, 77.36, 75.53, 72.23, 71.16, 67.42, 65.76, 63.33, 61.06]
2026-07-26 21:12:47,713 [trainer.py] => [bounded_mem] CIL top5 curve: [97.6, 95.47, 94.82, 94.97, 92.96, 92.78, 90.98, 89.84, 87.91, 87.69]
[bounded_mem] checkpoints (fraction of stream): [0.1, 0.2, 0.3, 0.4, 0.5, 0.6, 0.7, 0.8, 0.9, 1.0]
[bounded_mem] CIL top1: [81.29, 79.93, 77.36, 75.53, 72.23, 71.16, 67.42, 65.76, 63.33, 61.06]
[bounded_mem] CIL top5: [97.6, 95.47, 94.82, 94.97, 92.96, 92.78, 90.98, 89.84, 87.91, 87.69]
2026-07-26 21:12:47,713 [trainer.py] => [bounded_mem] FINAL CIL top1 61.06 | top5 87.69 (at 100% of stream)
[bounded_mem] FINAL CIL top1 61.06 | top5 87.69
[bounded_mem] wrote run_logs/boundedmem_inflora_round2_grid_omni30t_100mb_inflora_s1996_s1996.json
