2026-07-27 11:10:45,183 [trainer.py] => config: exps/round2_grid/_patched_olora_200mb_s1996_gpu4.json
2026-07-27 11:10:45,183 [trainer.py] => dataset: omnibenchmark1k
2026-07-27 11:10:45,183 [trainer.py] => memory_size: 0
2026-07-27 11:10:45,183 [trainer.py] => memory_per_class: 0
2026-07-27 11:10:45,183 [trainer.py] => fixed_memory: False
2026-07-27 11:10:45,183 [trainer.py] => shuffle: True
2026-07-27 11:10:45,183 [trainer.py] => init_cls: 10
2026-07-27 11:10:45,183 [trainer.py] => increment: 10
2026-07-27 11:10:45,183 [trainer.py] => scenario: cil
2026-07-27 11:10:45,183 [trainer.py] => pretrained: True
2026-07-27 11:10:45,183 [trainer.py] => print_forget: False
2026-07-27 11:10:45,183 [trainer.py] => final_metrics: False
2026-07-27 11:10:45,183 [trainer.py] => backbone_type: vit_base_patch16_224_lora
2026-07-27 11:10:45,183 [trainer.py] => lora_rank: 10
2026-07-27 11:10:45,184 [trainer.py] => lora_alpha: None
2026-07-27 11:10:45,184 [trainer.py] => batch_size: 48
2026-07-27 11:10:45,184 [trainer.py] => weight_decay: 0.0005
2026-07-27 11:10:45,184 [trainer.py] => min_lr: 0.0
2026-07-27 11:10:45,184 [trainer.py] => tuned_epoch: 20
2026-07-27 11:10:45,184 [trainer.py] => boundary_mode: bounded_memory
2026-07-27 11:10:45,184 [trainer.py] => stop_after_tasks: 30
2026-07-27 11:10:45,184 [trainer.py] => model_name: olora
2026-07-27 11:10:45,184 [trainer.py] => lora_merge: True
2026-07-27 11:10:45,184 [trainer.py] => lamda_1: 0.5
2026-07-27 11:10:45,184 [trainer.py] => lamda_2: 0.0
2026-07-27 11:10:45,184 [trainer.py] => init_lr: 0.001
2026-07-27 11:10:45,184 [trainer.py] => seed: 1996
2026-07-27 11:10:45,184 [trainer.py] => bm_budget_mb: 200
2026-07-27 11:10:45,184 [trainer.py] => prefix: round2_grid_omni30t_200mb_olora_s1996
2026-07-27 11:10:45,184 [trainer.py] => device: [device(type='cuda', index=4)]
2026-07-27 11:10:45,757 [data_manager.py] => [438, 831, 338, 46, 856, 850, 593, 53, 230, 71, 34, 91, 794, 884, 358, 68, 585, 804, 601, 488, 443, 290, 699, 811, 898, 416, 424, 72, 235, 116, 908, 669, 569, 47, 983, 464, 545, 267, 383, 408, 96, 760, 935, 321, 511, 819, 253, 671, 945, 919, 209, 705, 711, 448, 106, 552, 486, 734, 978, 394, 654, 527, 522, 51, 774, 583, 234, 127, 958, 933, 398, 886, 21, 465, 104, 572, 377, 537, 50, 188, 697, 128, 28, 158, 855, 382, 496, 562, 225, 560, 242, 647, 255, 400, 274, 743, 775, 824, 258, 280, 806, 480, 652, 252, 528, 744, 578, 232, 203, 662, 474, 134, 403, 649, 250, 574, 638, 753, 926, 436, 785, 379, 27, 61, 543, 563, 826, 960, 879, 861, 214, 690, 776, 571, 798, 266, 590, 427, 622, 679, 0, 849, 902, 2, 925, 984, 92, 220, 674, 818, 848, 916, 959, 864, 29, 204, 482, 420, 322, 31, 207, 217, 869, 223, 271, 605, 558, 923, 710, 16, 469, 778, 497, 733, 874, 216, 777, 385, 841, 606, 183, 86, 717, 559, 277, 117, 114, 769, 462, 262, 814, 973, 348, 171, 291, 846, 112, 458, 78, 365, 74, 431, 272, 737, 937, 575, 166, 56, 534, 815, 353, 857, 952, 33, 144, 761, 211, 771, 359, 766, 133, 894, 816, 882, 366, 892, 852, 747, 546, 842, 355, 703, 553, 931, 317, 645, 36, 863, 890, 489, 900, 672, 370, 283, 80, 722, 109, 198, 614, 122, 356, 939, 725, 667, 459, 110, 18, 342, 102, 612, 823, 592, 419, 928, 210, 529, 411, 524, 772, 454, 943, 336, 873, 835, 118, 901, 751, 224, 75, 877, 439, 951, 93, 714, 15, 435, 992, 685, 59, 599, 659, 414, 52, 119, 239, 708, 310, 867, 298, 702, 401, 687, 386, 247, 570, 484, 616, 862, 428, 300, 971, 598, 557, 808, 977, 946, 508, 41, 539, 222, 412, 749, 790, 79, 131, 675, 579, 957, 344, 314, 677, 121, 161, 487, 970, 700, 129, 715, 390, 520, 719, 646, 201, 32, 704, 770, 876, 828, 82, 429, 989, 561, 905, 476, 248, 940, 384, 682, 406, 783, 839, 878, 123, 453, 643, 536, 493, 665, 202, 442, 872, 809, 532, 609, 880, 812, 391, 694, 173, 49, 650, 221, 44, 588, 944, 287, 349, 404, 481, 623, 154, 288, 301, 334, 227, 941, 917, 281, 25, 706, 228, 963, 485, 292, 728, 913, 124, 153, 306, 688, 955, 501, 607, 921, 765, 333, 449, 43, 986, 345, 907, 980, 500, 805, 120, 1, 914, 632, 695, 434, 651, 604, 184, 177, 825, 368, 445, 844, 847, 182, 663, 498, 88, 101, 479, 912, 212, 997, 372, 165, 30, 307, 530, 108, 352, 180, 237, 834, 375, 817, 795, 906, 587, 279, 625, 735, 328, 142, 194, 460, 141, 568, 380, 738, 936, 999, 17, 683, 888, 289, 360, 523, 789, 833, 40, 594, 354, 22, 326, 19, 832, 930, 293, 341, 716, 226, 470, 160, 788, 147, 361, 392, 64, 624, 245, 531, 241, 4, 396, 660, 433, 720, 514, 265, 264, 351, 103, 302, 655, 947, 376, 270, 617, 726, 455, 313, 903, 63, 263, 363, 787, 273, 137, 243, 595, 350, 807, 233, 259, 990, 452, 550, 409, 938, 975, 871, 724, 430, 910, 318, 780, 698, 473, 845, 399, 581, 178, 932, 332, 924, 407, 170, 472, 799, 566, 620, 296, 621, 723, 506, 393, 346, 904, 367, 60, 415, 192, 580, 8, 176, 85, 324, 554, 820, 186, 918, 69, 206, 752, 991, 740, 762, 260, 174, 754, 410, 475, 544, 246, 589, 269, 478, 803, 684, 801, 613, 979, 985, 693, 969, 66, 854, 89, 229, 282, 55, 389, 135, 150, 268, 821, 577, 730, 100, 729, 276, 875, 727, 556, 691, 373, 145, 791, 240, 149, 213, 909, 653, 374, 130, 155, 219, 929, 840, 98, 136, 896, 859, 3, 140, 564, 426, 866, 586, 70, 343, 962, 829, 640, 739, 922, 767, 513, 369, 525, 982, 67, 236, 325, 172, 73, 143, 444, 151, 953, 169, 35, 499, 657, 337, 538, 316, 94, 83, 309, 895, 319, 584, 591, 152, 13, 745, 320, 956, 830, 796, 633, 437, 87, 642, 713, 993, 518, 519, 215, 865, 689, 6, 187, 502, 763, 5, 950, 972, 335, 602, 115, 548, 779, 967, 927, 516, 718, 339, 299, 996, 966, 547, 507, 800, 630, 39, 603, 441, 742, 994, 417, 666, 615, 185, 628, 97, 231, 709, 26, 786, 942, 157, 111, 218, 504, 397, 329, 54, 308, 456, 636, 949, 193, 99, 853, 305, 249, 477, 634, 755, 509, 126, 168, 707, 190, 7, 286, 658, 988, 107, 510, 555, 512, 736, 541, 200, 37, 14, 362, 567, 24, 961, 12, 378, 9, 948, 315, 205, 303, 600, 899, 810, 284, 868, 673, 505, 792, 987, 492, 405, 889, 517, 858, 181, 189, 635, 457, 422, 768, 860, 891, 611, 294, 197, 664, 446, 191, 741, 756, 976, 95, 421, 998, 597, 105, 681, 670, 686, 851, 179, 468, 995, 413, 388, 781, 402, 113, 629, 731, 84, 285, 466, 934, 146, 20, 244, 802, 450, 254, 680, 515, 637, 644, 125, 295, 164, 251, 661, 696, 712, 58, 483, 920, 576, 175, 782, 503, 721, 381, 357, 371, 159, 327, 195, 521, 639, 238, 423, 304, 893, 887, 347, 631, 668, 784, 965, 81, 582, 533, 45, 138, 163, 261, 77, 542, 494, 648, 619, 750, 196, 275, 311, 440, 418, 701, 447, 57, 565, 618, 758, 495, 331, 813, 156, 822, 676, 627, 656, 491, 897, 432, 490, 981, 843, 911, 881, 62, 148, 11, 626, 387, 641, 964, 471, 773, 608, 746, 764, 732, 10, 551, 797, 535, 395, 692, 838, 199, 208, 425, 76, 23, 837, 974, 883, 90, 312, 678, 759, 836, 167, 42, 596, 748, 461, 915, 256, 278, 870, 757, 968, 364, 65, 573, 467, 330, 827, 793, 549, 48, 340, 162, 540, 132, 139, 885, 526, 463, 451, 297, 38, 323, 610, 257, 954]
This is for the BaseNet initialization.
I'm using ViT with per-task LoRA (q,v).
_IncompatibleKeys(missing_keys=['blocks.0.attn.cur_matrix', 'blocks.0.attn.frozen_delta_q', 'blocks.0.attn.frozen_delta_v', 'blocks.0.attn.lora_A_q.0.weight', 'blocks.0.attn.lora_B_q.0.weight', 'blocks.0.attn.lora_A_v.0.weight', 'blocks.0.attn.lora_B_v.0.weight', 'blocks.1.attn.cur_matrix', 'blocks.1.attn.frozen_delta_q', 'blocks.1.attn.frozen_delta_v', 'blocks.1.attn.lora_A_q.0.weight', 'blocks.1.attn.lora_B_q.0.weight', 'blocks.1.attn.lora_A_v.0.weight', 'blocks.1.attn.lora_B_v.0.weight', 'blocks.2.attn.cur_matrix', 'blocks.2.attn.frozen_delta_q', 'blocks.2.attn.frozen_delta_v', 'blocks.2.attn.lora_A_q.0.weight', 'blocks.2.attn.lora_B_q.0.weight', 'blocks.2.attn.lora_A_v.0.weight', 'blocks.2.attn.lora_B_v.0.weight', 'blocks.3.attn.cur_matrix', 'blocks.3.attn.frozen_delta_q', 'blocks.3.attn.frozen_delta_v', 'blocks.3.attn.lora_A_q.0.weight', 'blocks.3.attn.lora_B_q.0.weight', 'blocks.3.attn.lora_A_v.0.weight', 'blocks.3.attn.lora_B_v.0.weight', 'blocks.4.attn.cur_matrix', 'blocks.4.attn.frozen_delta_q', 'blocks.4.attn.frozen_delta_v', 'blocks.4.attn.lora_A_q.0.weight', 'blocks.4.attn.lora_B_q.0.weight', 'blocks.4.attn.lora_A_v.0.weight', 'blocks.4.attn.lora_B_v.0.weight', 'blocks.5.attn.cur_matrix', 'blocks.5.attn.frozen_delta_q', 'blocks.5.attn.frozen_delta_v', 'blocks.5.attn.lora_A_q.0.weight', 'blocks.5.attn.lora_B_q.0.weight', 'blocks.5.attn.lora_A_v.0.weight', 'blocks.5.attn.lora_B_v.0.weight', 'blocks.6.attn.cur_matrix', 'blocks.6.attn.frozen_delta_q', 'blocks.6.attn.frozen_delta_v', 'blocks.6.attn.lora_A_q.0.weight', 'blocks.6.attn.lora_B_q.0.weight', 'blocks.6.attn.lora_A_v.0.weight', 'blocks.6.attn.lora_B_v.0.weight', 'blocks.7.attn.cur_matrix', 'blocks.7.attn.frozen_delta_q', 'blocks.7.attn.frozen_delta_v', 'blocks.7.attn.lora_A_q.0.weight', 'blocks.7.attn.lora_B_q.0.weight', 'blocks.7.attn.lora_A_v.0.weight', 'blocks.7.attn.lora_B_v.0.weight', 'blocks.8.attn.cur_matrix', 'blocks.8.attn.frozen_delta_q', 'blocks.8.attn.frozen_delta_v', 'blocks.8.attn.lora_A_q.0.weight', 'blocks.8.attn.lora_B_q.0.weight', 'blocks.8.attn.lora_A_v.0.weight', 'blocks.8.attn.lora_B_v.0.weight', 'blocks.9.attn.cur_matrix', 'blocks.9.attn.frozen_delta_q', 'blocks.9.attn.frozen_delta_v', 'blocks.9.attn.lora_A_q.0.weight', 'blocks.9.attn.lora_B_q.0.weight', 'blocks.9.attn.lora_A_v.0.weight', 'blocks.9.attn.lora_B_v.0.weight', 'blocks.10.attn.cur_matrix', 'blocks.10.attn.frozen_delta_q', 'blocks.10.attn.frozen_delta_v', 'blocks.10.attn.lora_A_q.0.weight', 'blocks.10.attn.lora_B_q.0.weight', 'blocks.10.attn.lora_A_v.0.weight', 'blocks.10.attn.lora_B_v.0.weight', 'blocks.11.attn.cur_matrix', 'blocks.11.attn.frozen_delta_q', 'blocks.11.attn.frozen_delta_v', 'blocks.11.attn.lora_A_q.0.weight', 'blocks.11.attn.lora_B_q.0.weight', 'blocks.11.attn.lora_A_v.0.weight', 'blocks.11.attn.lora_B_v.0.weight'], unexpected_keys=[])
After BaseNet initialization.
2026-07-27 11:10:51,884 [bounded_memory_mixin.py] => [bounded_mem] stop_after_tasks=30 (of 100 total)
2026-07-27 11:10:51,933 [bounded_memory_mixin.py] => [bounded_mem] budget_mb=200.0 -> cycle=1393 images (mean_task=1660.6 images, so this budget is 0.84x mean task size); 49817 total images -> 36 cycles (T=36 sessions); 10 eval checkpoints
2026-07-27 11:24:26,696 [bounded_memory_mixin.py] => [bounded_mem eval] volume 0.10 | cycle 3 | classes_seen 40 | CIL top1 85.84 | top5 99.37 | (nearest latent task ~3) | param_hash 40b8390cc3f1b78f | per-task [92.46, 94.0, 70.56, 86.15]
2026-07-27 11:38:06,030 [bounded_memory_mixin.py] => [bounded_mem eval] volume 0.20 | cycle 7 | classes_seen 70 | CIL top1 84.60 | top5 98.06 | (nearest latent task ~6) | param_hash b95a52cc6f5af16d | per-task [86.93, 90.5, 57.87, 88.21, 91.5, 90.95, 86.0]
2026-07-27 11:48:24,057 [bounded_memory_mixin.py] => [bounded_mem eval] volume 0.30 | cycle 10 | classes_seen 100 | CIL top1 80.28 | top5 96.23 | (nearest latent task ~9) | param_hash 9ace02bc1f1eebc8 | per-task [83.92, 81.5, 54.82, 84.62, 89.5, 88.94, 80.0, 77.5, 90.5, 71.21]
2026-07-27 12:02:07,785 [bounded_memory_mixin.py] => [bounded_mem eval] volume 0.40 | cycle 14 | classes_seen 140 | CIL top1 76.38 | top5 95.69 | (nearest latent task ~13) | param_hash 272d7e21b2d6c1db | per-task [74.87, 79.5, 51.27, 80.51, 87.5, 82.41, 76.5, 73.0, 88.5, 83.84, 81.31, 73.6, 86.5, 49.49]
2026-07-27 12:12:30,248 [bounded_memory_mixin.py] => [bounded_mem eval] volume 0.50 | cycle 17 | classes_seen 160 | CIL top1 76.42 | top5 95.35 | (nearest latent task ~15) | param_hash 8de2d65f3fa2113f | per-task [75.88, 79.0, 51.27, 78.97, 85.5, 80.4, 76.5, 73.0, 89.0, 82.32, 84.34, 70.05, 85.0, 70.2, 82.0, 58.79]
2026-07-27 12:26:18,903 [bounded_memory_mixin.py] => [bounded_mem eval] volume 0.60 | cycle 21 | classes_seen 190 | CIL top1 74.46 | top5 94.81 | (nearest latent task ~18) | param_hash 3879edceeb608919 | per-task [68.84, 77.5, 48.73, 73.85, 86.0, 81.41, 74.0, 70.0, 86.5, 79.8, 79.8, 62.44, 83.0, 69.7, 76.5, 77.89, 69.35, 87.0, 62.0]
2026-07-27 12:40:08,358 [bounded_memory_mixin.py] => [bounded_mem eval] volume 0.70 | cycle 25 | classes_seen 220 | CIL top1 70.25 | top5 92.35 | (nearest latent task ~21) | param_hash 5ba96eeba8e9f9e0 | per-task [68.34, 73.5, 48.73, 72.82, 83.5, 78.89, 76.0, 67.5, 83.5, 74.75, 71.72, 54.31, 83.0, 70.71, 76.5, 73.37, 66.83, 84.5, 70.5, 57.79, 48.24, 60.0]
2026-07-27 12:50:37,275 [bounded_memory_mixin.py] => [bounded_mem eval] volume 0.80 | cycle 28 | classes_seen 250 | CIL top1 67.45 | top5 91.27 | (nearest latent task ~24) | param_hash 87d9da2c16caf030 | per-task [64.32, 70.5, 47.72, 70.26, 83.0, 76.38, 76.0, 65.5, 83.5, 75.25, 64.14, 52.28, 83.0, 70.71, 71.0, 69.85, 65.83, 84.5, 65.0, 57.29, 48.24, 61.5, 61.93, 73.1, 45.0]
2026-07-27 13:04:32,020 [bounded_memory_mixin.py] => [bounded_mem eval] volume 0.90 | cycle 32 | classes_seen 280 | CIL top1 66.34 | top5 91.20 | (nearest latent task ~27) | param_hash fe7e97f9641895e6 | per-task [58.79, 72.0, 47.72, 67.69, 81.0, 76.38, 74.5, 57.0, 81.0, 72.22, 63.13, 51.27, 81.0, 71.72, 69.5, 68.84, 64.32, 77.5, 67.5, 57.79, 47.24, 60.5, 60.91, 68.53, 59.5, 79.29, 60.3, 60.0]
2026-07-27 13:14:18,600 [bounded_memory_mixin.py] => [bounded_mem eval] volume 1.00 | cycle 35 | classes_seen 300 | CIL top1 65.03 | top5 90.60 | (nearest latent task ~29) | param_hash 9e6fa0644db65020 | per-task [50.25, 72.0, 47.21, 63.59, 80.5, 74.87, 75.5, 55.0, 68.0, 65.15, 62.12, 42.64, 77.0, 65.15, 69.0, 69.35, 60.8, 77.5, 65.5, 53.77, 47.74, 61.5, 59.9, 61.42, 59.0, 76.77, 60.8, 67.0, 78.68, 82.5]
2026-07-27 13:14:23,007 [metrics_logger.py] => [metrics] wrote run_logs/final/olora/metrics_olora_round2_grid_omni30t_200mb_olora_s1996_s1996.json
2026-07-27 13:14:23,010 [trainer.py] => [bounded_mem] volume checkpoints: [0.1, 0.2, 0.3, 0.4, 0.5, 0.6, 0.7, 0.8, 0.9, 1.0]
2026-07-27 13:14:23,010 [trainer.py] => [bounded_mem] CIL top1 curve: [85.84, 84.6, 80.28, 76.38, 76.42, 74.46, 70.25, 67.45, 66.34, 65.03]
2026-07-27 13:14:23,010 [trainer.py] => [bounded_mem] CIL top5 curve: [99.37, 98.06, 96.23, 95.69, 95.35, 94.81, 92.35, 91.27, 91.2, 90.6]
[bounded_mem] checkpoints (fraction of stream): [0.1, 0.2, 0.3, 0.4, 0.5, 0.6, 0.7, 0.8, 0.9, 1.0]
[bounded_mem] CIL top1: [85.84, 84.6, 80.28, 76.38, 76.42, 74.46, 70.25, 67.45, 66.34, 65.03]
[bounded_mem] CIL top5: [99.37, 98.06, 96.23, 95.69, 95.35, 94.81, 92.35, 91.27, 91.2, 90.6]
2026-07-27 13:14:23,010 [trainer.py] => [bounded_mem] FINAL CIL top1 65.03 | top5 90.60 (at 100% of stream)
[bounded_mem] FINAL CIL top1 65.03 | top5 90.60
[bounded_mem] wrote run_logs/boundedmem_olora_round2_grid_omni30t_200mb_olora_s1996_s1996.json
