2026-07-27 10:20:19,089 [trainer.py] => config: exps/round2_grid/_patched_olora_150mb_s1993_gpu2.json
2026-07-27 10:20:19,089 [trainer.py] => dataset: omnibenchmark1k
2026-07-27 10:20:19,089 [trainer.py] => memory_size: 0
2026-07-27 10:20:19,089 [trainer.py] => memory_per_class: 0
2026-07-27 10:20:19,089 [trainer.py] => fixed_memory: False
2026-07-27 10:20:19,089 [trainer.py] => shuffle: True
2026-07-27 10:20:19,089 [trainer.py] => init_cls: 10
2026-07-27 10:20:19,089 [trainer.py] => increment: 10
2026-07-27 10:20:19,089 [trainer.py] => scenario: cil
2026-07-27 10:20:19,089 [trainer.py] => pretrained: True
2026-07-27 10:20:19,089 [trainer.py] => print_forget: False
2026-07-27 10:20:19,089 [trainer.py] => final_metrics: False
2026-07-27 10:20:19,090 [trainer.py] => backbone_type: vit_base_patch16_224_lora
2026-07-27 10:20:19,090 [trainer.py] => lora_rank: 10
2026-07-27 10:20:19,090 [trainer.py] => lora_alpha: None
2026-07-27 10:20:19,090 [trainer.py] => batch_size: 48
2026-07-27 10:20:19,090 [trainer.py] => weight_decay: 0.0005
2026-07-27 10:20:19,090 [trainer.py] => min_lr: 0.0
2026-07-27 10:20:19,090 [trainer.py] => tuned_epoch: 20
2026-07-27 10:20:19,090 [trainer.py] => boundary_mode: bounded_memory
2026-07-27 10:20:19,090 [trainer.py] => stop_after_tasks: 30
2026-07-27 10:20:19,090 [trainer.py] => model_name: olora
2026-07-27 10:20:19,090 [trainer.py] => lora_merge: True
2026-07-27 10:20:19,090 [trainer.py] => lamda_1: 0.5
2026-07-27 10:20:19,090 [trainer.py] => lamda_2: 0.0
2026-07-27 10:20:19,090 [trainer.py] => init_lr: 0.001
2026-07-27 10:20:19,090 [trainer.py] => seed: 1993
2026-07-27 10:20:19,090 [trainer.py] => bm_budget_mb: 150
2026-07-27 10:20:19,090 [trainer.py] => prefix: round2_grid_omni30t_150mb_olora_s1993
2026-07-27 10:20:19,090 [trainer.py] => device: [device(type='cuda', index=2)]
2026-07-27 10:20:19,666 [data_manager.py] => [54, 7, 894, 512, 126, 337, 988, 11, 284, 493, 133, 783, 192, 979, 622, 215, 240, 548, 238, 419, 274, 108, 928, 856, 494, 836, 473, 650, 85, 262, 508, 590, 390, 174, 637, 288, 658, 219, 912, 142, 852, 160, 704, 289, 123, 323, 600, 542, 999, 634, 391, 761, 490, 842, 127, 850, 665, 990, 597, 722, 748, 14, 77, 437, 394, 859, 279, 539, 75, 466, 886, 312, 303, 62, 966, 413, 959, 782, 509, 400, 471, 632, 275, 730, 105, 523, 224, 186, 478, 507, 470, 906, 699, 989, 324, 812, 260, 911, 446, 44, 765, 759, 67, 36, 5, 30, 184, 797, 159, 741, 954, 465, 533, 585, 150, 101, 897, 363, 818, 620, 824, 154, 956, 176, 588, 986, 172, 223, 461, 94, 141, 621, 659, 360, 136, 578, 163, 427, 70, 226, 925, 596, 336, 412, 731, 755, 381, 810, 69, 898, 310, 120, 752, 93, 39, 326, 537, 905, 448, 347, 51, 615, 601, 229, 947, 348, 220, 949, 972, 73, 913, 522, 193, 753, 921, 257, 957, 691, 155, 820, 584, 948, 92, 582, 89, 379, 392, 64, 904, 169, 216, 694, 103, 410, 374, 515, 484, 624, 409, 156, 455, 846, 344, 371, 468, 844, 276, 740, 562, 503, 831, 516, 663, 630, 763, 456, 179, 996, 936, 248, 333, 941, 63, 738, 802, 372, 828, 74, 540, 299, 750, 335, 177, 822, 643, 593, 800, 459, 580, 933, 306, 378, 76, 227, 426, 403, 322, 321, 808, 393, 27, 200, 764, 651, 244, 479, 3, 415, 23, 964, 671, 195, 569, 917, 611, 644, 707, 355, 855, 8, 534, 657, 571, 811, 681, 543, 313, 129, 978, 592, 573, 128, 243, 520, 887, 892, 696, 26, 551, 168, 71, 398, 778, 529, 526, 792, 868, 266, 443, 24, 57, 15, 871, 678, 745, 845, 208, 188, 674, 175, 406, 421, 833, 106, 994, 815, 581, 676, 49, 619, 217, 631, 934, 932, 568, 353, 863, 827, 425, 420, 99, 823, 113, 974, 438, 874, 343, 118, 340, 472, 552, 937, 0, 10, 675, 316, 879, 561, 387, 726, 255, 407, 56, 927, 655, 809, 839, 640, 297, 34, 497, 210, 606, 971, 589, 138, 263, 587, 993, 973, 382, 572, 735, 535, 139, 524, 314, 463, 895, 376, 939, 157, 858, 457, 935, 183, 114, 903, 767, 666, 22, 525, 902, 233, 250, 825, 79, 843, 221, 214, 205, 166, 431, 860, 292, 976, 739, 899, 475, 242, 961, 531, 110, 769, 55, 701, 532, 586, 729, 253, 486, 787, 774, 165, 627, 32, 291, 962, 922, 222, 705, 454, 356, 445, 746, 776, 404, 950, 241, 452, 245, 487, 706, 2, 137, 6, 98, 647, 50, 91, 202, 556, 38, 68, 649, 258, 345, 361, 464, 514, 958, 504, 826, 668, 880, 28, 920, 918, 339, 315, 320, 768, 201, 733, 575, 781, 864, 617, 171, 795, 132, 145, 368, 147, 327, 713, 688, 848, 690, 975, 354, 853, 148, 648, 300, 436, 780, 693, 682, 246, 449, 492, 162, 97, 59, 357, 198, 519, 90, 236, 375, 359, 230, 476, 784, 117, 940, 396, 849, 102, 122, 282, 181, 130, 467, 88, 271, 793, 151, 847, 914, 42, 834, 521, 121, 29, 806, 607, 510, 837, 301, 669, 78, 256, 474, 840, 52, 505, 547, 641, 987, 801, 629, 491, 605, 112, 429, 401, 742, 528, 87, 442, 910, 638, 785, 264, 711, 369, 428, 805, 744, 380, 725, 480, 318, 997, 153, 384, 252, 985, 538, 654, 388, 100, 432, 832, 565, 908, 367, 591, 294, 272, 231, 213, 196, 743, 817, 433, 328, 970, 969, 4, 613, 182, 685, 724, 915, 311, 931, 865, 86, 119, 203, 268, 718, 317, 926, 269, 161, 209, 807, 645, 513, 261, 518, 305, 758, 872, 58, 65, 146, 395, 481, 747, 41, 283, 204, 564, 185, 777, 33, 500, 609, 286, 567, 80, 228, 683, 757, 942, 134, 673, 616, 960, 450, 350, 544, 830, 736, 170, 679, 838, 819, 485, 430, 190, 566, 511, 482, 232, 527, 411, 560, 281, 342, 614, 662, 47, 771, 861, 692, 686, 277, 373, 16, 946, 265, 35, 9, 884, 909, 610, 358, 18, 737, 977, 677, 803, 595, 135, 458, 12, 46, 418, 599, 187, 107, 992, 770, 298, 104, 351, 893, 698, 929, 502, 273, 20, 96, 791, 636, 708, 267, 867, 772, 604, 618, 346, 330, 554, 816, 664, 716, 189, 31, 721, 712, 397, 43, 943, 804, 296, 109, 576, 869, 955, 17, 506, 963, 786, 720, 628, 779, 982, 633, 891, 734, 980, 386, 365, 794, 325, 841, 878, 370, 695, 293, 951, 66, 594, 717, 116, 488, 796, 983, 646, 499, 53, 1, 603, 45, 424, 875, 254, 237, 199, 414, 307, 362, 557, 866, 341, 19, 965, 143, 555, 687, 235, 790, 125, 173, 364, 882, 727, 728, 563, 495, 21, 558, 709, 719, 877, 352, 83, 998, 991, 469, 967, 760, 498, 814, 612, 715, 290, 72, 131, 259, 441, 924, 773, 48, 625, 501, 440, 82, 684, 862, 574, 309, 408, 680, 623, 439, 180, 652, 968, 889, 334, 61, 766, 399, 598, 798, 653, 930, 149, 249, 890, 308, 881, 40, 835, 577, 422, 703, 813, 857, 995, 602, 583, 167, 670, 212, 751, 496, 608, 84, 639, 579, 178, 489, 37, 197, 789, 530, 111, 876, 570, 700, 444, 287, 366, 883, 385, 536, 460, 851, 81, 144, 60, 251, 13, 953, 270, 944, 319, 885, 710, 952, 517, 278, 656, 919, 377, 550, 207, 660, 984, 447, 553, 338, 234, 383, 749, 916, 626, 462, 788, 434, 714, 799, 821, 477, 549, 661, 206, 667, 541, 642, 689, 194, 152, 981, 938, 854, 483, 332, 280, 546, 389, 405, 545, 239, 896, 672, 923, 402, 423, 907, 888, 140, 870, 559, 756, 25, 211, 158, 723, 635, 302, 702, 453, 218, 164, 829, 247, 775, 191, 732, 115, 331, 901, 416, 873, 754, 900, 435, 762, 124, 304, 329, 349, 295, 95, 451, 285, 225, 945, 697, 417]
This is for the BaseNet initialization.
I'm using ViT with per-task LoRA (q,v).
_IncompatibleKeys(missing_keys=['blocks.0.attn.cur_matrix', 'blocks.0.attn.frozen_delta_q', 'blocks.0.attn.frozen_delta_v', 'blocks.0.attn.lora_A_q.0.weight', 'blocks.0.attn.lora_B_q.0.weight', 'blocks.0.attn.lora_A_v.0.weight', 'blocks.0.attn.lora_B_v.0.weight', 'blocks.1.attn.cur_matrix', 'blocks.1.attn.frozen_delta_q', 'blocks.1.attn.frozen_delta_v', 'blocks.1.attn.lora_A_q.0.weight', 'blocks.1.attn.lora_B_q.0.weight', 'blocks.1.attn.lora_A_v.0.weight', 'blocks.1.attn.lora_B_v.0.weight', 'blocks.2.attn.cur_matrix', 'blocks.2.attn.frozen_delta_q', 'blocks.2.attn.frozen_delta_v', 'blocks.2.attn.lora_A_q.0.weight', 'blocks.2.attn.lora_B_q.0.weight', 'blocks.2.attn.lora_A_v.0.weight', 'blocks.2.attn.lora_B_v.0.weight', 'blocks.3.attn.cur_matrix', 'blocks.3.attn.frozen_delta_q', 'blocks.3.attn.frozen_delta_v', 'blocks.3.attn.lora_A_q.0.weight', 'blocks.3.attn.lora_B_q.0.weight', 'blocks.3.attn.lora_A_v.0.weight', 'blocks.3.attn.lora_B_v.0.weight', 'blocks.4.attn.cur_matrix', 'blocks.4.attn.frozen_delta_q', 'blocks.4.attn.frozen_delta_v', 'blocks.4.attn.lora_A_q.0.weight', 'blocks.4.attn.lora_B_q.0.weight', 'blocks.4.attn.lora_A_v.0.weight', 'blocks.4.attn.lora_B_v.0.weight', 'blocks.5.attn.cur_matrix', 'blocks.5.attn.frozen_delta_q', 'blocks.5.attn.frozen_delta_v', 'blocks.5.attn.lora_A_q.0.weight', 'blocks.5.attn.lora_B_q.0.weight', 'blocks.5.attn.lora_A_v.0.weight', 'blocks.5.attn.lora_B_v.0.weight', 'blocks.6.attn.cur_matrix', 'blocks.6.attn.frozen_delta_q', 'blocks.6.attn.frozen_delta_v', 'blocks.6.attn.lora_A_q.0.weight', 'blocks.6.attn.lora_B_q.0.weight', 'blocks.6.attn.lora_A_v.0.weight', 'blocks.6.attn.lora_B_v.0.weight', 'blocks.7.attn.cur_matrix', 'blocks.7.attn.frozen_delta_q', 'blocks.7.attn.frozen_delta_v', 'blocks.7.attn.lora_A_q.0.weight', 'blocks.7.attn.lora_B_q.0.weight', 'blocks.7.attn.lora_A_v.0.weight', 'blocks.7.attn.lora_B_v.0.weight', 'blocks.8.attn.cur_matrix', 'blocks.8.attn.frozen_delta_q', 'blocks.8.attn.frozen_delta_v', 'blocks.8.attn.lora_A_q.0.weight', 'blocks.8.attn.lora_B_q.0.weight', 'blocks.8.attn.lora_A_v.0.weight', 'blocks.8.attn.lora_B_v.0.weight', 'blocks.9.attn.cur_matrix', 'blocks.9.attn.frozen_delta_q', 'blocks.9.attn.frozen_delta_v', 'blocks.9.attn.lora_A_q.0.weight', 'blocks.9.attn.lora_B_q.0.weight', 'blocks.9.attn.lora_A_v.0.weight', 'blocks.9.attn.lora_B_v.0.weight', 'blocks.10.attn.cur_matrix', 'blocks.10.attn.frozen_delta_q', 'blocks.10.attn.frozen_delta_v', 'blocks.10.attn.lora_A_q.0.weight', 'blocks.10.attn.lora_B_q.0.weight', 'blocks.10.attn.lora_A_v.0.weight', 'blocks.10.attn.lora_B_v.0.weight', 'blocks.11.attn.cur_matrix', 'blocks.11.attn.frozen_delta_q', 'blocks.11.attn.frozen_delta_v', 'blocks.11.attn.lora_A_q.0.weight', 'blocks.11.attn.lora_B_q.0.weight', 'blocks.11.attn.lora_A_v.0.weight', 'blocks.11.attn.lora_B_v.0.weight'], unexpected_keys=[])
After BaseNet initialization.
2026-07-27 10:20:25,809 [bounded_memory_mixin.py] => [bounded_mem] stop_after_tasks=30 (of 100 total)
2026-07-27 10:20:25,852 [bounded_memory_mixin.py] => [bounded_mem] budget_mb=150.0 -> cycle=1045 images (mean_task=1706.9 images, so this budget is 0.61x mean task size); 51208 total images -> 50 cycles (T=50 sessions); 10 eval checkpoints
2026-07-27 10:33:11,963 [bounded_memory_mixin.py] => [bounded_mem eval] volume 0.10 | cycle 4 | classes_seen 40 | CIL top1 78.67 | top5 95.98 | (nearest latent task ~3) | param_hash 9a3f4d5856df07be | per-task [87.94, 95.96, 97.0, 34.0]
2026-07-27 10:46:01,654 [bounded_memory_mixin.py] => [bounded_mem eval] volume 0.20 | cycle 9 | classes_seen 60 | CIL top1 83.68 | top5 99.00 | (nearest latent task ~5) | param_hash c603202466796c36 | per-task [77.89, 80.81, 91.0, 74.5, 85.43, 92.46]
2026-07-27 10:58:55,199 [bounded_memory_mixin.py] => [bounded_mem eval] volume 0.30 | cycle 14 | classes_seen 100 | CIL top1 78.85 | top5 97.78 | (nearest latent task ~9) | param_hash 71bd5c07fe57343a | per-task [76.88, 76.77, 89.5, 61.5, 85.43, 74.87, 83.08, 84.92, 88.5, 67.01]
2026-07-27 11:11:53,458 [bounded_memory_mixin.py] => [bounded_mem eval] volume 0.40 | cycle 19 | classes_seen 130 | CIL top1 74.62 | top5 95.62 | (nearest latent task ~12) | param_hash 2cfa96d0aa0db19f | per-task [72.36, 72.22, 80.5, 57.5, 83.42, 72.36, 77.44, 78.89, 86.5, 84.26, 77.39, 77.89, 49.24]
2026-07-27 11:24:54,709 [bounded_memory_mixin.py] => [bounded_mem eval] volume 0.50 | cycle 24 | classes_seen 160 | CIL top1 71.40 | top5 93.92 | (nearest latent task ~15) | param_hash cec23d220c5529e5 | per-task [73.37, 71.21, 80.0, 56.0, 83.42, 71.36, 78.46, 76.38, 82.5, 83.76, 71.86, 78.89, 59.39, 53.33, 66.33, 56.0]
2026-07-27 11:37:59,044 [bounded_memory_mixin.py] => [bounded_mem eval] volume 0.60 | cycle 29 | classes_seen 190 | CIL top1 68.63 | top5 92.12 | (nearest latent task ~18) | param_hash 5f7459e5bde9d12f | per-task [60.3, 72.73, 74.5, 57.0, 77.39, 62.81, 78.97, 70.85, 77.5, 83.25, 68.84, 79.4, 61.42, 51.79, 66.33, 85.5, 72.36, 69.7, 33.17]
2026-07-27 11:51:05,868 [bounded_memory_mixin.py] => [bounded_mem eval] volume 0.70 | cycle 34 | classes_seen 220 | CIL top1 67.09 | top5 92.03 | (nearest latent task ~21) | param_hash fb2e8e19e7a6664b | per-task [58.29, 70.2, 71.5, 55.5, 71.36, 64.82, 77.95, 68.84, 78.5, 85.28, 61.31, 71.86, 59.39, 49.23, 67.84, 83.5, 69.85, 64.14, 61.81, 45.41, 73.5, 65.33]
2026-07-27 12:04:15,560 [bounded_memory_mixin.py] => [bounded_mem eval] volume 0.80 | cycle 39 | classes_seen 250 | CIL top1 64.99 | top5 90.46 | (nearest latent task ~24) | param_hash f831478f9c8f0063 | per-task [58.29, 68.69, 70.0, 55.5, 69.85, 65.83, 76.41, 66.83, 77.0, 84.26, 62.31, 72.36, 54.31, 49.74, 65.33, 77.0, 68.34, 63.13, 58.79, 45.41, 72.5, 73.87, 66.5, 55.33, 46.46]
2026-07-27 12:17:27,145 [bounded_memory_mixin.py] => [bounded_mem eval] volume 0.90 | cycle 44 | classes_seen 280 | CIL top1 64.59 | top5 89.73 | (nearest latent task ~27) | param_hash 20035d2e913db94f | per-task [55.28, 70.71, 67.0, 57.0, 69.35, 62.81, 74.36, 66.33, 74.5, 84.77, 59.8, 71.86, 54.82, 49.23, 62.31, 74.5, 64.32, 63.13, 56.28, 44.9, 70.5, 72.86, 64.97, 54.82, 67.17, 68.53, 52.28, 73.6]
2026-07-27 12:28:19,360 [bounded_memory_mixin.py] => [bounded_mem eval] volume 1.00 | cycle 49 | classes_seen 300 | CIL top1 62.91 | top5 88.79 | (nearest latent task ~29) | param_hash 9a8a1b6d3fb7657f | per-task [52.76, 67.17, 66.5, 52.0, 70.85, 64.32, 62.05, 65.33, 74.0, 85.28, 56.28, 71.36, 50.25, 46.67, 61.81, 75.5, 63.82, 59.09, 53.27, 42.35, 68.5, 68.34, 64.47, 55.33, 65.15, 69.04, 51.27, 71.57, 62.31, 70.0]
2026-07-27 12:28:23,776 [metrics_logger.py] => [metrics] wrote run_logs/final/olora/metrics_olora_round2_grid_omni30t_150mb_olora_s1993_s1993.json
2026-07-27 12:28:23,776 [trainer.py] => [bounded_mem] volume checkpoints: [0.1, 0.2, 0.3, 0.4, 0.5, 0.6, 0.7, 0.8, 0.9, 1.0]
2026-07-27 12:28:23,776 [trainer.py] => [bounded_mem] CIL top1 curve: [78.67, 83.68, 78.85, 74.62, 71.4, 68.63, 67.09, 64.99, 64.59, 62.91]
2026-07-27 12:28:23,776 [trainer.py] => [bounded_mem] CIL top5 curve: [95.98, 99.0, 97.78, 95.62, 93.92, 92.12, 92.03, 90.46, 89.73, 88.79]
[bounded_mem] checkpoints (fraction of stream): [0.1, 0.2, 0.3, 0.4, 0.5, 0.6, 0.7, 0.8, 0.9, 1.0]
[bounded_mem] CIL top1: [78.67, 83.68, 78.85, 74.62, 71.4, 68.63, 67.09, 64.99, 64.59, 62.91]
[bounded_mem] CIL top5: [95.98, 99.0, 97.78, 95.62, 93.92, 92.12, 92.03, 90.46, 89.73, 88.79]
2026-07-27 12:28:23,777 [trainer.py] => [bounded_mem] FINAL CIL top1 62.91 | top5 88.79 (at 100% of stream)
[bounded_mem] FINAL CIL top1 62.91 | top5 88.79
[bounded_mem] wrote run_logs/boundedmem_olora_round2_grid_omni30t_150mb_olora_s1993_s1993.json
