[queue-gpu2] START inflora_100mb_s1993 Sun 26 Jul 2026 19:29:49 NZST
[queue-gpu2] DONE inflora_100mb_s1993 Sun 26 Jul 2026 22:51:22 NZST
[queue-gpu2] START inflora_150mb_s1993 Sun 26 Jul 2026 22:51:22 NZST
[queue-gpu2] START sketchlora_imagenetr_lr_sweep Sun 26 Jul 2026 22:51:36 NZST (fills missing IN-R sweep, user request)
[b2_sweep] START sketchlora imagenetr lr=0.0001 Sun 26 Jul 2026 22:51:36 NZST
[b2_sweep] DONE sketchlora imagenetr lr=0.0001 Sun 26 Jul 2026 23:00:20 NZST
[b2_sweep] START sketchlora imagenetr lr=0.0003 Sun 26 Jul 2026 23:00:20 NZST
[b2_sweep] DONE sketchlora imagenetr lr=0.0003 Sun 26 Jul 2026 23:08:56 NZST
[b2_sweep] START sketchlora imagenetr lr=0.001 Sun 26 Jul 2026 23:08:56 NZST
[b2_sweep] DONE sketchlora imagenetr lr=0.001 Sun 26 Jul 2026 23:17:33 NZST
[queue-gpu2] DONE sketchlora_imagenetr_lr_sweep Sun 26 Jul 2026 23:17:33 NZST
[queue-gpu2] START sketchlora_100mb_s1993 Sun 26 Jul 2026 23:17:33 NZST
[queue-gpu2] DONE sketchlora_100mb_s1993 Mon 27 Jul 2026 01:27:31 NZST
[queue-gpu2] START inflora_150mb_s1993 Mon 27 Jul 2026 01:27:31 NZST
[queue-gpu2] DONE inflora_150mb_s1993 Mon 27 Jul 2026 03:42:19 NZST
[queue-gpu2] START inflora_200mb_s1993 Mon 27 Jul 2026 03:42:19 NZST
[queue-gpu2] DONE inflora_200mb_s1993 Mon 27 Jul 2026 05:56:26 NZST
[queue-gpu2] START inflora_300mb_s1993 Mon 27 Jul 2026 05:56:26 NZST
[queue-gpu2] DONE inflora_300mb_s1993 Mon 27 Jul 2026 08:04:27 NZST
[queue-gpu2] START olora_100mb_s1993 Mon 27 Jul 2026 08:04:27 NZST
[queue-gpu2] DONE olora_100mb_s1993 Mon 27 Jul 2026 10:20:16 NZST
[queue-gpu2] START olora_150mb_s1993 Mon 27 Jul 2026 10:20:16 NZST
[queue-gpu2] DONE olora_150mb_s1993 Mon 27 Jul 2026 12:28:25 NZST
[queue-gpu2] START olora_200mb_s1993 Mon 27 Jul 2026 12:28:25 NZST
[queue-gpu2] DONE olora_200mb_s1993 Mon 27 Jul 2026 14:35:21 NZST
[queue-gpu2] START olora_300mb_s1993 Mon 27 Jul 2026 14:35:21 NZST
