2026-07-26 23:17:36,179 [trainer.py] => config: exps/round2_grid/_patched_sketchlora_100mb_s1993_gpu2.json
2026-07-26 23:17:36,179 [trainer.py] => dataset: omnibenchmark1k
2026-07-26 23:17:36,179 [trainer.py] => memory_size: 0
2026-07-26 23:17:36,179 [trainer.py] => memory_per_class: 0
2026-07-26 23:17:36,179 [trainer.py] => fixed_memory: False
2026-07-26 23:17:36,179 [trainer.py] => shuffle: True
2026-07-26 23:17:36,179 [trainer.py] => init_cls: 10
2026-07-26 23:17:36,179 [trainer.py] => increment: 10
2026-07-26 23:17:36,179 [trainer.py] => scenario: cil
2026-07-26 23:17:36,179 [trainer.py] => pretrained: True
2026-07-26 23:17:36,179 [trainer.py] => print_forget: False
2026-07-26 23:17:36,179 [trainer.py] => final_metrics: False
2026-07-26 23:17:36,179 [trainer.py] => backbone_type: vit_base_patch16_224_lora
2026-07-26 23:17:36,179 [trainer.py] => lora_rank: 10
2026-07-26 23:17:36,179 [trainer.py] => lora_alpha: None
2026-07-26 23:17:36,179 [trainer.py] => batch_size: 48
2026-07-26 23:17:36,179 [trainer.py] => weight_decay: 0.0005
2026-07-26 23:17:36,179 [trainer.py] => min_lr: 0.0
2026-07-26 23:17:36,180 [trainer.py] => tuned_epoch: 20
2026-07-26 23:17:36,180 [trainer.py] => boundary_mode: bounded_memory
2026-07-26 23:17:36,180 [trainer.py] => stop_after_tasks: 30
2026-07-26 23:17:36,180 [trainer.py] => model_name: sketchlora
2026-07-26 23:17:36,180 [trainer.py] => lora_merge: True
2026-07-26 23:17:36,180 [trainer.py] => lora_train_merge: True
2026-07-26 23:17:36,180 [trainer.py] => svd_rank: 10
2026-07-26 23:17:36,180 [trainer.py] => svd_oversampling: 10
2026-07-26 23:17:36,180 [trainer.py] => svd_energy_target: 0.01
2026-07-26 23:17:36,180 [trainer.py] => lora_n_slots: 2
2026-07-26 23:17:36,180 [trainer.py] => sketch_diag: True
2026-07-26 23:17:36,180 [trainer.py] => merge_op: exactsvd
2026-07-26 23:17:36,180 [trainer.py] => sketchlora_admission: bounded_eviction
2026-07-26 23:17:36,180 [trainer.py] => sketchlora_rank_cap: 128
2026-07-26 23:17:36,180 [trainer.py] => sketchlora_lora_wd: 0.0
2026-07-26 23:17:36,180 [trainer.py] => sketchlora_eviction_reading: conformant
2026-07-26 23:17:36,180 [trainer.py] => init_lr: 0.001
2026-07-26 23:17:36,180 [trainer.py] => seed: 1993
2026-07-26 23:17:36,180 [trainer.py] => bm_budget_mb: 100
2026-07-26 23:17:36,180 [trainer.py] => prefix: round2_grid_omni30t_100mb_sketchlora_s1993
2026-07-26 23:17:36,180 [trainer.py] => device: [device(type='cuda', index=2)]
2026-07-26 23:17:36,767 [data_manager.py] => [54, 7, 894, 512, 126, 337, 988, 11, 284, 493, 133, 783, 192, 979, 622, 215, 240, 548, 238, 419, 274, 108, 928, 856, 494, 836, 473, 650, 85, 262, 508, 590, 390, 174, 637, 288, 658, 219, 912, 142, 852, 160, 704, 289, 123, 323, 600, 542, 999, 634, 391, 761, 490, 842, 127, 850, 665, 990, 597, 722, 748, 14, 77, 437, 394, 859, 279, 539, 75, 466, 886, 312, 303, 62, 966, 413, 959, 782, 509, 400, 471, 632, 275, 730, 105, 523, 224, 186, 478, 507, 470, 906, 699, 989, 324, 812, 260, 911, 446, 44, 765, 759, 67, 36, 5, 30, 184, 797, 159, 741, 954, 465, 533, 585, 150, 101, 897, 363, 818, 620, 824, 154, 956, 176, 588, 986, 172, 223, 461, 94, 141, 621, 659, 360, 136, 578, 163, 427, 70, 226, 925, 596, 336, 412, 731, 755, 381, 810, 69, 898, 310, 120, 752, 93, 39, 326, 537, 905, 448, 347, 51, 615, 601, 229, 947, 348, 220, 949, 972, 73, 913, 522, 193, 753, 921, 257, 957, 691, 155, 820, 584, 948, 92, 582, 89, 379, 392, 64, 904, 169, 216, 694, 103, 410, 374, 515, 484, 624, 409, 156, 455, 846, 344, 371, 468, 844, 276, 740, 562, 503, 831, 516, 663, 630, 763, 456, 179, 996, 936, 248, 333, 941, 63, 738, 802, 372, 828, 74, 540, 299, 750, 335, 177, 822, 643, 593, 800, 459, 580, 933, 306, 378, 76, 227, 426, 403, 322, 321, 808, 393, 27, 200, 764, 651, 244, 479, 3, 415, 23, 964, 671, 195, 569, 917, 611, 644, 707, 355, 855, 8, 534, 657, 571, 811, 681, 543, 313, 129, 978, 592, 573, 128, 243, 520, 887, 892, 696, 26, 551, 168, 71, 398, 778, 529, 526, 792, 868, 266, 443, 24, 57, 15, 871, 678, 745, 845, 208, 188, 674, 175, 406, 421, 833, 106, 994, 815, 581, 676, 49, 619, 217, 631, 934, 932, 568, 353, 863, 827, 425, 420, 99, 823, 113, 974, 438, 874, 343, 118, 340, 472, 552, 937, 0, 10, 675, 316, 879, 561, 387, 726, 255, 407, 56, 927, 655, 809, 839, 640, 297, 34, 497, 210, 606, 971, 589, 138, 263, 587, 993, 973, 382, 572, 735, 535, 139, 524, 314, 463, 895, 376, 939, 157, 858, 457, 935, 183, 114, 903, 767, 666, 22, 525, 902, 233, 250, 825, 79, 843, 221, 214, 205, 166, 431, 860, 292, 976, 739, 899, 475, 242, 961, 531, 110, 769, 55, 701, 532, 586, 729, 253, 486, 787, 774, 165, 627, 32, 291, 962, 922, 222, 705, 454, 356, 445, 746, 776, 404, 950, 241, 452, 245, 487, 706, 2, 137, 6, 98, 647, 50, 91, 202, 556, 38, 68, 649, 258, 345, 361, 464, 514, 958, 504, 826, 668, 880, 28, 920, 918, 339, 315, 320, 768, 201, 733, 575, 781, 864, 617, 171, 795, 132, 145, 368, 147, 327, 713, 688, 848, 690, 975, 354, 853, 148, 648, 300, 436, 780, 693, 682, 246, 449, 492, 162, 97, 59, 357, 198, 519, 90, 236, 375, 359, 230, 476, 784, 117, 940, 396, 849, 102, 122, 282, 181, 130, 467, 88, 271, 793, 151, 847, 914, 42, 834, 521, 121, 29, 806, 607, 510, 837, 301, 669, 78, 256, 474, 840, 52, 505, 547, 641, 987, 801, 629, 491, 605, 112, 429, 401, 742, 528, 87, 442, 910, 638, 785, 264, 711, 369, 428, 805, 744, 380, 725, 480, 318, 997, 153, 384, 252, 985, 538, 654, 388, 100, 432, 832, 565, 908, 367, 591, 294, 272, 231, 213, 196, 743, 817, 433, 328, 970, 969, 4, 613, 182, 685, 724, 915, 311, 931, 865, 86, 119, 203, 268, 718, 317, 926, 269, 161, 209, 807, 645, 513, 261, 518, 305, 758, 872, 58, 65, 146, 395, 481, 747, 41, 283, 204, 564, 185, 777, 33, 500, 609, 286, 567, 80, 228, 683, 757, 942, 134, 673, 616, 960, 450, 350, 544, 830, 736, 170, 679, 838, 819, 485, 430, 190, 566, 511, 482, 232, 527, 411, 560, 281, 342, 614, 662, 47, 771, 861, 692, 686, 277, 373, 16, 946, 265, 35, 9, 884, 909, 610, 358, 18, 737, 977, 677, 803, 595, 135, 458, 12, 46, 418, 599, 187, 107, 992, 770, 298, 104, 351, 893, 698, 929, 502, 273, 20, 96, 791, 636, 708, 267, 867, 772, 604, 618, 346, 330, 554, 816, 664, 716, 189, 31, 721, 712, 397, 43, 943, 804, 296, 109, 576, 869, 955, 17, 506, 963, 786, 720, 628, 779, 982, 633, 891, 734, 980, 386, 365, 794, 325, 841, 878, 370, 695, 293, 951, 66, 594, 717, 116, 488, 796, 983, 646, 499, 53, 1, 603, 45, 424, 875, 254, 237, 199, 414, 307, 362, 557, 866, 341, 19, 965, 143, 555, 687, 235, 790, 125, 173, 364, 882, 727, 728, 563, 495, 21, 558, 709, 719, 877, 352, 83, 998, 991, 469, 967, 760, 498, 814, 612, 715, 290, 72, 131, 259, 441, 924, 773, 48, 625, 501, 440, 82, 684, 862, 574, 309, 408, 680, 623, 439, 180, 652, 968, 889, 334, 61, 766, 399, 598, 798, 653, 930, 149, 249, 890, 308, 881, 40, 835, 577, 422, 703, 813, 857, 995, 602, 583, 167, 670, 212, 751, 496, 608, 84, 639, 579, 178, 489, 37, 197, 789, 530, 111, 876, 570, 700, 444, 287, 366, 883, 385, 536, 460, 851, 81, 144, 60, 251, 13, 953, 270, 944, 319, 885, 710, 952, 517, 278, 656, 919, 377, 550, 207, 660, 984, 447, 553, 338, 234, 383, 749, 916, 626, 462, 788, 434, 714, 799, 821, 477, 549, 661, 206, 667, 541, 642, 689, 194, 152, 981, 938, 854, 483, 332, 280, 546, 389, 405, 545, 239, 896, 672, 923, 402, 423, 907, 888, 140, 870, 559, 756, 25, 211, 158, 723, 635, 302, 702, 453, 218, 164, 829, 247, 775, 191, 732, 115, 331, 901, 416, 873, 754, 900, 435, 762, 124, 304, 329, 349, 295, 95, 451, 285, 225, 945, 697, 417]
This is for the BaseNet initialization.
I'm using ViT with per-task LoRA (q,v).
_IncompatibleKeys(missing_keys=['blocks.0.attn.cur_matrix', 'blocks.0.attn.frozen_delta_q', 'blocks.0.attn.frozen_delta_v', 'blocks.0.attn.lora_A_q.0.weight', 'blocks.0.attn.lora_A_q.1.weight', 'blocks.0.attn.lora_B_q.0.weight', 'blocks.0.attn.lora_B_q.1.weight', 'blocks.0.attn.lora_A_v.0.weight', 'blocks.0.attn.lora_A_v.1.weight', 'blocks.0.attn.lora_B_v.0.weight', 'blocks.0.attn.lora_B_v.1.weight', 'blocks.1.attn.cur_matrix', 'blocks.1.attn.frozen_delta_q', 'blocks.1.attn.frozen_delta_v', 'blocks.1.attn.lora_A_q.0.weight', 'blocks.1.attn.lora_A_q.1.weight', 'blocks.1.attn.lora_B_q.0.weight', 'blocks.1.attn.lora_B_q.1.weight', 'blocks.1.attn.lora_A_v.0.weight', 'blocks.1.attn.lora_A_v.1.weight', 'blocks.1.attn.lora_B_v.0.weight', 'blocks.1.attn.lora_B_v.1.weight', 'blocks.2.attn.cur_matrix', 'blocks.2.attn.frozen_delta_q', 'blocks.2.attn.frozen_delta_v', 'blocks.2.attn.lora_A_q.0.weight', 'blocks.2.attn.lora_A_q.1.weight', 'blocks.2.attn.lora_B_q.0.weight', 'blocks.2.attn.lora_B_q.1.weight', 'blocks.2.attn.lora_A_v.0.weight', 'blocks.2.attn.lora_A_v.1.weight', 'blocks.2.attn.lora_B_v.0.weight', 'blocks.2.attn.lora_B_v.1.weight', 'blocks.3.attn.cur_matrix', 'blocks.3.attn.frozen_delta_q', 'blocks.3.attn.frozen_delta_v', 'blocks.3.attn.lora_A_q.0.weight', 'blocks.3.attn.lora_A_q.1.weight', 'blocks.3.attn.lora_B_q.0.weight', 'blocks.3.attn.lora_B_q.1.weight', 'blocks.3.attn.lora_A_v.0.weight', 'blocks.3.attn.lora_A_v.1.weight', 'blocks.3.attn.lora_B_v.0.weight', 'blocks.3.attn.lora_B_v.1.weight', 'blocks.4.attn.cur_matrix', 'blocks.4.attn.frozen_delta_q', 'blocks.4.attn.frozen_delta_v', 'blocks.4.attn.lora_A_q.0.weight', 'blocks.4.attn.lora_A_q.1.weight', 'blocks.4.attn.lora_B_q.0.weight', 'blocks.4.attn.lora_B_q.1.weight', 'blocks.4.attn.lora_A_v.0.weight', 'blocks.4.attn.lora_A_v.1.weight', 'blocks.4.attn.lora_B_v.0.weight', 'blocks.4.attn.lora_B_v.1.weight', 'blocks.5.attn.cur_matrix', 'blocks.5.attn.frozen_delta_q', 'blocks.5.attn.frozen_delta_v', 'blocks.5.attn.lora_A_q.0.weight', 'blocks.5.attn.lora_A_q.1.weight', 'blocks.5.attn.lora_B_q.0.weight', 'blocks.5.attn.lora_B_q.1.weight', 'blocks.5.attn.lora_A_v.0.weight', 'blocks.5.attn.lora_A_v.1.weight', 'blocks.5.attn.lora_B_v.0.weight', 'blocks.5.attn.lora_B_v.1.weight', 'blocks.6.attn.cur_matrix', 'blocks.6.attn.frozen_delta_q', 'blocks.6.attn.frozen_delta_v', 'blocks.6.attn.lora_A_q.0.weight', 'blocks.6.attn.lora_A_q.1.weight', 'blocks.6.attn.lora_B_q.0.weight', 'blocks.6.attn.lora_B_q.1.weight', 'blocks.6.attn.lora_A_v.0.weight', 'blocks.6.attn.lora_A_v.1.weight', 'blocks.6.attn.lora_B_v.0.weight', 'blocks.6.attn.lora_B_v.1.weight', 'blocks.7.attn.cur_matrix', 'blocks.7.attn.frozen_delta_q', 'blocks.7.attn.frozen_delta_v', 'blocks.7.attn.lora_A_q.0.weight', 'blocks.7.attn.lora_A_q.1.weight', 'blocks.7.attn.lora_B_q.0.weight', 'blocks.7.attn.lora_B_q.1.weight', 'blocks.7.attn.lora_A_v.0.weight', 'blocks.7.attn.lora_A_v.1.weight', 'blocks.7.attn.lora_B_v.0.weight', 'blocks.7.attn.lora_B_v.1.weight', 'blocks.8.attn.cur_matrix', 'blocks.8.attn.frozen_delta_q', 'blocks.8.attn.frozen_delta_v', 'blocks.8.attn.lora_A_q.0.weight', 'blocks.8.attn.lora_A_q.1.weight', 'blocks.8.attn.lora_B_q.0.weight', 'blocks.8.attn.lora_B_q.1.weight', 'blocks.8.attn.lora_A_v.0.weight', 'blocks.8.attn.lora_A_v.1.weight', 'blocks.8.attn.lora_B_v.0.weight', 'blocks.8.attn.lora_B_v.1.weight', 'blocks.9.attn.cur_matrix', 'blocks.9.attn.frozen_delta_q', 'blocks.9.attn.frozen_delta_v', 'blocks.9.attn.lora_A_q.0.weight', 'blocks.9.attn.lora_A_q.1.weight', 'blocks.9.attn.lora_B_q.0.weight', 'blocks.9.attn.lora_B_q.1.weight', 'blocks.9.attn.lora_A_v.0.weight', 'blocks.9.attn.lora_A_v.1.weight', 'blocks.9.attn.lora_B_v.0.weight', 'blocks.9.attn.lora_B_v.1.weight', 'blocks.10.attn.cur_matrix', 'blocks.10.attn.frozen_delta_q', 'blocks.10.attn.frozen_delta_v', 'blocks.10.attn.lora_A_q.0.weight', 'blocks.10.attn.lora_A_q.1.weight', 'blocks.10.attn.lora_B_q.0.weight', 'blocks.10.attn.lora_B_q.1.weight', 'blocks.10.attn.lora_A_v.0.weight', 'blocks.10.attn.lora_A_v.1.weight', 'blocks.10.attn.lora_B_v.0.weight', 'blocks.10.attn.lora_B_v.1.weight', 'blocks.11.attn.cur_matrix', 'blocks.11.attn.frozen_delta_q', 'blocks.11.attn.frozen_delta_v', 'blocks.11.attn.lora_A_q.0.weight', 'blocks.11.attn.lora_A_q.1.weight', 'blocks.11.attn.lora_B_q.0.weight', 'blocks.11.attn.lora_B_q.1.weight', 'blocks.11.attn.lora_A_v.0.weight', 'blocks.11.attn.lora_A_v.1.weight', 'blocks.11.attn.lora_B_v.0.weight', 'blocks.11.attn.lora_B_v.1.weight'], unexpected_keys=[])
After BaseNet initialization.
2026-07-26 23:17:43,106 [bounded_memory_mixin.py] => [bounded_mem] stop_after_tasks=30 (of 100 total)
2026-07-26 23:17:43,155 [bounded_memory_mixin.py] => [bounded_mem] budget_mb=100.0 -> cycle=697 images (mean_task=1706.9 images, so this budget is 0.41x mean task size); 51208 total images -> 74 cycles (T=74 sessions); 10 eval checkpoints
2026-07-26 23:19:20,526 [sketchlora.py] => [SketchDiag] task 0: retained-energy mean=1.000 min=1.000 | ||ΔW||_F mean=0.811 | r_hat mean=10.0 total=240
2026-07-26 23:21:00,566 [sketchlora.py] => [SketchDiag] task 1: retained-energy mean=0.993 min=0.990 | ||ΔW||_F mean=1.099 | r_hat mean=17.3 total=415
2026-07-26 23:22:41,948 [sketchlora.py] => [SketchDiag] task 2: retained-energy mean=0.992 min=0.990 | ||ΔW||_F mean=1.392 | r_hat mean=23.9 total=573
2026-07-26 23:24:23,694 [sketchlora.py] => [SketchDiag] task 3: retained-energy mean=0.991 min=0.990 | ||ΔW||_F mean=1.599 | r_hat mean=30.2 total=726
2026-07-26 23:26:05,747 [sketchlora.py] => [SketchDiag] task 4: retained-energy mean=0.991 min=0.990 | ||ΔW||_F mean=1.759 | r_hat mean=36.3 total=871
2026-07-26 23:27:48,076 [sketchlora.py] => [SketchDiag] task 5: retained-energy mean=0.991 min=0.990 | ||ΔW||_F mean=1.944 | r_hat mean=41.1 total=986
2026-07-26 23:29:30,887 [sketchlora.py] => [SketchDiag] task 6: retained-energy mean=0.991 min=0.990 | ||ΔW||_F mean=2.053 | r_hat mean=46.0 total=1104
2026-07-26 23:31:13,591 [sketchlora.py] => [SketchDiag] task 7: retained-energy mean=0.991 min=0.990 | ||ΔW||_F mean=2.216 | r_hat mean=50.3 total=1207
2026-07-26 23:31:17,580 [bounded_memory_mixin.py] => [bounded_mem eval] volume 0.10 | cycle 7 | classes_seen 40 | CIL top1 85.45 | top5 99.25 | (nearest latent task ~3) | param_hash db208436981e3239 | per-task [85.43, 79.8, 96.5, 80.0]
2026-07-26 23:33:00,582 [sketchlora.py] => [SketchDiag] task 8: retained-energy mean=0.991 min=0.990 | ||ΔW||_F mean=2.322 | r_hat mean=54.4 total=1305
2026-07-26 23:34:44,030 [sketchlora.py] => [SketchDiag] task 9: retained-energy mean=0.991 min=0.990 | ||ΔW||_F mean=2.442 | r_hat mean=57.9 total=1390
2026-07-26 23:36:28,315 [sketchlora.py] => [SketchDiag] task 10: retained-energy mean=0.991 min=0.990 | ||ΔW||_F mean=2.551 | r_hat mean=61.5 total=1476
2026-07-26 23:38:11,825 [sketchlora.py] => [SketchDiag] task 11: retained-energy mean=0.991 min=0.990 | ||ΔW||_F mean=2.640 | r_hat mean=64.8 total=1555
2026-07-26 23:39:55,555 [sketchlora.py] => [SketchDiag] task 12: retained-energy mean=0.991 min=0.990 | ||ΔW||_F mean=2.746 | r_hat mean=67.3 total=1616
2026-07-26 23:41:39,572 [sketchlora.py] => [SketchDiag] task 13: retained-energy mean=0.991 min=0.990 | ||ΔW||_F mean=2.834 | r_hat mean=70.2 total=1684
2026-07-26 23:43:23,611 [sketchlora.py] => [SketchDiag] task 14: retained-energy mean=0.991 min=0.990 | ||ΔW||_F mean=2.921 | r_hat mean=72.7 total=1744
2026-07-26 23:43:28,825 [bounded_memory_mixin.py] => [bounded_mem eval] volume 0.20 | cycle 14 | classes_seen 60 | CIL top1 85.61 | top5 98.83 | (nearest latent task ~5) | param_hash a3d6712b7e91f1eb | per-task [81.91, 77.78, 88.0, 80.5, 90.95, 94.47]
2026-07-26 23:45:13,003 [sketchlora.py] => [SketchDiag] task 15: retained-energy mean=0.991 min=0.990 | ||ΔW||_F mean=3.024 | r_hat mean=73.9 total=1774
2026-07-26 23:46:56,908 [sketchlora.py] => [SketchDiag] task 16: retained-energy mean=0.991 min=0.990 | ||ΔW||_F mean=3.088 | r_hat mean=75.9 total=1821
2026-07-26 23:48:40,928 [sketchlora.py] => [SketchDiag] task 17: retained-energy mean=0.991 min=0.990 | ||ΔW||_F mean=3.185 | r_hat mean=77.4 total=1857
2026-07-26 23:50:24,934 [sketchlora.py] => [SketchDiag] task 18: retained-energy mean=0.991 min=0.990 | ||ΔW||_F mean=3.250 | r_hat mean=79.2 total=1901
2026-07-26 23:52:08,740 [sketchlora.py] => [SketchDiag] task 19: retained-energy mean=0.991 min=0.990 | ||ΔW||_F mean=3.349 | r_hat mean=80.4 total=1929
2026-07-26 23:53:52,895 [sketchlora.py] => [SketchDiag] task 20: retained-energy mean=0.991 min=0.990 | ||ΔW||_F mean=3.404 | r_hat mean=81.9 total=1966
2026-07-26 23:55:36,883 [sketchlora.py] => [SketchDiag] task 21: retained-energy mean=0.991 min=0.990 | ||ΔW||_F mean=3.466 | r_hat mean=83.1 total=1995
2026-07-26 23:57:21,046 [sketchlora.py] => [SketchDiag] task 22: retained-energy mean=0.991 min=0.990 | ||ΔW||_F mean=3.532 | r_hat mean=84.0 total=2015
2026-07-26 23:57:28,692 [bounded_memory_mixin.py] => [bounded_mem eval] volume 0.30 | cycle 22 | classes_seen 100 | CIL top1 76.33 | top5 97.28 | (nearest latent task ~9) | param_hash de1087c5020bc8a9 | per-task [72.36, 65.66, 75.5, 47.0, 83.92, 79.9, 80.0, 85.93, 94.0, 79.19]
2026-07-26 23:59:13,054 [sketchlora.py] => [SketchDiag] task 23: retained-energy mean=0.991 min=0.990 | ||ΔW||_F mean=3.584 | r_hat mean=85.1 total=2042
2026-07-27 00:00:57,670 [sketchlora.py] => [SketchDiag] task 24: retained-energy mean=0.991 min=0.990 | ||ΔW||_F mean=3.684 | r_hat mean=85.8 total=2059
2026-07-27 00:02:42,181 [sketchlora.py] => [SketchDiag] task 25: retained-energy mean=0.991 min=0.990 | ||ΔW||_F mean=3.742 | r_hat mean=87.0 total=2087
2026-07-27 00:04:26,727 [sketchlora.py] => [SketchDiag] task 26: retained-energy mean=0.991 min=0.990 | ||ΔW||_F mean=3.811 | r_hat mean=87.9 total=2110
2026-07-27 00:06:11,474 [sketchlora.py] => [SketchDiag] task 27: retained-energy mean=0.991 min=0.990 | ||ΔW||_F mean=3.863 | r_hat mean=88.7 total=2128
2026-07-27 00:07:55,751 [sketchlora.py] => [SketchDiag] task 28: retained-energy mean=0.992 min=0.990 | ||ΔW||_F mean=3.906 | r_hat mean=89.1 total=2139
2026-07-27 00:09:39,915 [sketchlora.py] => [SketchDiag] task 29: retained-energy mean=0.991 min=0.990 | ||ΔW||_F mean=3.989 | r_hat mean=89.4 total=2146
2026-07-27 00:09:49,313 [bounded_memory_mixin.py] => [bounded_mem eval] volume 0.40 | cycle 29 | classes_seen 130 | CIL top1 73.30 | top5 95.43 | (nearest latent task ~12) | param_hash d36b96e632916910 | per-task [66.33, 61.62, 78.0, 50.5, 88.94, 79.9, 77.44, 83.42, 85.5, 77.16, 75.38, 72.86, 55.84]
2026-07-27 00:11:33,960 [sketchlora.py] => [SketchDiag] task 30: retained-energy mean=0.991 min=0.990 | ||ΔW||_F mean=4.031 | r_hat mean=89.8 total=2156
2026-07-27 00:13:18,300 [sketchlora.py] => [SketchDiag] task 31: retained-energy mean=0.991 min=0.990 | ||ΔW||_F mean=4.079 | r_hat mean=90.4 total=2170
2026-07-27 00:15:02,791 [sketchlora.py] => [SketchDiag] task 32: retained-energy mean=0.991 min=0.990 | ||ΔW||_F mean=4.165 | r_hat mean=90.8 total=2178
2026-07-27 00:16:47,364 [sketchlora.py] => [SketchDiag] task 33: retained-energy mean=0.991 min=0.990 | ||ΔW||_F mean=4.213 | r_hat mean=91.4 total=2193
2026-07-27 00:18:31,946 [sketchlora.py] => [SketchDiag] task 34: retained-energy mean=0.991 min=0.990 | ||ΔW||_F mean=4.267 | r_hat mean=91.6 total=2198
2026-07-27 00:20:16,954 [sketchlora.py] => [SketchDiag] task 35: retained-energy mean=0.992 min=0.990 | ||ΔW||_F mean=4.334 | r_hat mean=92.5 total=2219
2026-07-27 00:22:01,510 [sketchlora.py] => [SketchDiag] task 36: retained-energy mean=0.992 min=0.990 | ||ΔW||_F mean=4.402 | r_hat mean=92.7 total=2224
2026-07-27 00:22:12,142 [bounded_memory_mixin.py] => [bounded_mem eval] volume 0.50 | cycle 36 | classes_seen 150 | CIL top1 68.91 | top5 93.88 | (nearest latent task ~14) | param_hash 060d1c7bb6c8fc6f | per-task [63.82, 59.09, 72.0, 45.0, 78.39, 72.36, 75.9, 77.39, 77.5, 69.54, 69.35, 65.83, 64.47, 74.36, 68.84]
2026-07-27 00:23:56,713 [sketchlora.py] => [SketchDiag] task 37: retained-energy mean=0.992 min=0.990 | ||ΔW||_F mean=4.483 | r_hat mean=93.3 total=2240
2026-07-27 00:25:41,603 [sketchlora.py] => [SketchDiag] task 38: retained-energy mean=0.992 min=0.990 | ||ΔW||_F mean=4.530 | r_hat mean=93.6 total=2246
2026-07-27 00:27:26,366 [sketchlora.py] => [SketchDiag] task 39: retained-energy mean=0.991 min=0.990 | ||ΔW||_F mean=4.577 | r_hat mean=93.8 total=2251
2026-07-27 00:29:11,334 [sketchlora.py] => [SketchDiag] task 40: retained-energy mean=0.993 min=0.991 | ||ΔW||_F mean=4.637 | r_hat mean=94.2 total=2262
2026-07-27 00:30:56,197 [sketchlora.py] => [SketchDiag] task 41: retained-energy mean=0.992 min=0.990 | ||ΔW||_F mean=4.680 | r_hat mean=94.3 total=2264
2026-07-27 00:32:40,934 [sketchlora.py] => [SketchDiag] task 42: retained-energy mean=0.993 min=0.990 | ||ΔW||_F mean=4.745 | r_hat mean=94.4 total=2266
2026-07-27 00:34:26,294 [sketchlora.py] => [SketchDiag] task 43: retained-energy mean=0.992 min=0.990 | ||ΔW||_F mean=4.783 | r_hat mean=94.5 total=2267
2026-07-27 00:36:11,201 [sketchlora.py] => [SketchDiag] task 44: retained-energy mean=0.992 min=0.991 | ||ΔW||_F mean=4.821 | r_hat mean=94.5 total=2269
2026-07-27 00:36:24,238 [bounded_memory_mixin.py] => [bounded_mem eval] volume 0.60 | cycle 44 | classes_seen 190 | CIL top1 62.42 | top5 88.99 | (nearest latent task ~18) | param_hash 89914d00e8404488 | per-task [45.73, 59.09, 74.5, 40.0, 72.86, 69.35, 67.69, 62.81, 62.5, 65.48, 61.81, 55.78, 57.87, 62.56, 49.75, 70.0, 74.37, 89.39, 44.72]
2026-07-27 00:38:09,031 [sketchlora.py] => [SketchDiag] task 45: retained-energy mean=0.992 min=0.990 | ||ΔW||_F mean=4.852 | r_hat mean=94.6 total=2270
2026-07-27 00:39:53,717 [sketchlora.py] => [SketchDiag] task 46: retained-energy mean=0.992 min=0.990 | ||ΔW||_F mean=4.893 | r_hat mean=94.8 total=2275
2026-07-27 00:41:38,595 [sketchlora.py] => [SketchDiag] task 47: retained-energy mean=0.992 min=0.990 | ||ΔW||_F mean=4.946 | r_hat mean=95.2 total=2284
2026-07-27 00:43:23,695 [sketchlora.py] => [SketchDiag] task 48: retained-energy mean=0.993 min=0.990 | ||ΔW||_F mean=4.986 | r_hat mean=95.2 total=2285
2026-07-27 00:45:08,832 [sketchlora.py] => [SketchDiag] task 49: retained-energy mean=0.993 min=0.991 | ||ΔW||_F mean=5.046 | r_hat mean=95.3 total=2288
2026-07-27 00:46:53,858 [sketchlora.py] => [SketchDiag] task 50: retained-energy mean=0.992 min=0.990 | ||ΔW||_F mean=5.086 | r_hat mean=95.3 total=2288
2026-07-27 00:48:38,768 [sketchlora.py] => [SketchDiag] task 51: retained-energy mean=0.992 min=0.990 | ||ΔW||_F mean=5.136 | r_hat mean=95.4 total=2289
2026-07-27 00:48:53,561 [bounded_memory_mixin.py] => [bounded_mem eval] volume 0.70 | cycle 51 | classes_seen 220 | CIL top1 59.78 | top5 87.88 | (nearest latent task ~21) | param_hash 1bfcdba70c9abe21 | per-task [41.71, 56.06, 68.5, 38.5, 57.29, 66.33, 67.69, 56.78, 64.0, 63.96, 44.22, 50.25, 47.72, 52.31, 49.75, 67.0, 66.33, 79.8, 77.89, 46.43, 75.5, 76.88]
2026-07-27 00:50:38,507 [sketchlora.py] => [SketchDiag] task 52: retained-energy mean=0.992 min=0.990 | ||ΔW||_F mean=5.167 | r_hat mean=95.4 total=2289
2026-07-27 00:52:23,595 [sketchlora.py] => [SketchDiag] task 53: retained-energy mean=0.993 min=0.991 | ||ΔW||_F mean=5.194 | r_hat mean=95.4 total=2289
2026-07-27 00:54:08,562 [sketchlora.py] => [SketchDiag] task 54: retained-energy mean=0.993 min=0.990 | ||ΔW||_F mean=5.235 | r_hat mean=95.5 total=2292
2026-07-27 00:55:53,148 [sketchlora.py] => [SketchDiag] task 55: retained-energy mean=0.992 min=0.991 | ||ΔW||_F mean=5.268 | r_hat mean=95.5 total=2292
2026-07-27 00:57:38,128 [sketchlora.py] => [SketchDiag] task 56: retained-energy mean=0.993 min=0.991 | ||ΔW||_F mean=5.312 | r_hat mean=95.5 total=2293
2026-07-27 00:59:22,803 [sketchlora.py] => [SketchDiag] task 57: retained-energy mean=0.993 min=0.991 | ||ΔW||_F mean=5.343 | r_hat mean=95.5 total=2293
2026-07-27 01:01:07,431 [sketchlora.py] => [SketchDiag] task 58: retained-energy mean=0.992 min=0.991 | ||ΔW||_F mean=5.374 | r_hat mean=95.6 total=2294
2026-07-27 01:01:23,465 [bounded_memory_mixin.py] => [bounded_mem eval] volume 0.80 | cycle 58 | classes_seen 240 | CIL top1 58.13 | top5 86.91 | (nearest latent task ~23) | param_hash 8de18bb556580034 | per-task [43.72, 49.49, 71.5, 39.0, 51.26, 64.32, 61.54, 53.77, 61.5, 53.81, 42.71, 47.74, 39.59, 43.59, 40.2, 60.0, 65.83, 72.73, 76.38, 41.84, 73.0, 84.92, 69.04, 87.31]
2026-07-27 01:03:08,384 [sketchlora.py] => [SketchDiag] task 59: retained-energy mean=0.993 min=0.990 | ||ΔW||_F mean=5.446 | r_hat mean=95.6 total=2295
2026-07-27 01:04:53,355 [sketchlora.py] => [SketchDiag] task 60: retained-energy mean=0.992 min=0.990 | ||ΔW||_F mean=5.482 | r_hat mean=95.6 total=2295
2026-07-27 01:06:38,472 [sketchlora.py] => [SketchDiag] task 61: retained-energy mean=0.994 min=0.991 | ||ΔW||_F mean=5.520 | r_hat mean=95.8 total=2298
2026-07-27 01:08:23,598 [sketchlora.py] => [SketchDiag] task 62: retained-energy mean=0.993 min=0.991 | ||ΔW||_F mean=5.553 | r_hat mean=95.8 total=2298
2026-07-27 01:10:08,617 [sketchlora.py] => [SketchDiag] task 63: retained-energy mean=0.993 min=0.990 | ||ΔW||_F mean=5.591 | r_hat mean=95.8 total=2299
2026-07-27 01:11:53,714 [sketchlora.py] => [SketchDiag] task 64: retained-energy mean=0.993 min=0.991 | ||ΔW||_F mean=5.619 | r_hat mean=95.8 total=2299
2026-07-27 01:13:38,933 [sketchlora.py] => [SketchDiag] task 65: retained-energy mean=0.993 min=0.991 | ||ΔW||_F mean=5.649 | r_hat mean=95.8 total=2299
2026-07-27 01:15:23,968 [sketchlora.py] => [SketchDiag] task 66: retained-energy mean=0.994 min=0.991 | ||ΔW||_F mean=5.694 | r_hat mean=95.9 total=2302
2026-07-27 01:15:42,399 [bounded_memory_mixin.py] => [bounded_mem eval] volume 0.90 | cycle 66 | classes_seen 280 | CIL top1 56.01 | top5 84.63 | (nearest latent task ~27) | param_hash ba5e28a3ea19fb16 | per-task [35.18, 54.04, 66.5, 38.0, 45.73, 64.82, 62.56, 60.3, 55.5, 56.85, 44.22, 47.24, 40.1, 47.18, 37.19, 55.0, 66.33, 65.15, 61.81, 34.18, 59.0, 72.86, 60.91, 35.03, 66.67, 76.14, 79.19, 80.71]
2026-07-27 01:17:27,752 [sketchlora.py] => [SketchDiag] task 67: retained-energy mean=0.993 min=0.992 | ||ΔW||_F mean=5.724 | r_hat mean=95.9 total=2302
2026-07-27 01:19:12,923 [sketchlora.py] => [SketchDiag] task 68: retained-energy mean=0.993 min=0.991 | ||ΔW||_F mean=5.771 | r_hat mean=95.9 total=2302
2026-07-27 01:20:58,060 [sketchlora.py] => [SketchDiag] task 69: retained-energy mean=0.993 min=0.991 | ||ΔW||_F mean=5.797 | r_hat mean=95.9 total=2302
2026-07-27 01:22:43,129 [sketchlora.py] => [SketchDiag] task 70: retained-energy mean=0.993 min=0.991 | ||ΔW||_F mean=5.835 | r_hat mean=96.0 total=2303
2026-07-27 01:24:28,289 [sketchlora.py] => [SketchDiag] task 71: retained-energy mean=0.993 min=0.991 | ||ΔW||_F mean=5.864 | r_hat mean=96.0 total=2303
2026-07-27 01:26:13,285 [sketchlora.py] => [SketchDiag] task 72: retained-energy mean=0.994 min=0.992 | ||ΔW||_F mean=5.887 | r_hat mean=96.0 total=2303
2026-07-27 01:27:10,667 [sketchlora.py] => [SketchDiag] task 73: retained-energy mean=0.997 min=0.996 | ||ΔW||_F mean=5.886 | r_hat mean=96.0 total=2303
2026-07-27 01:27:30,180 [bounded_memory_mixin.py] => [bounded_mem eval] volume 1.00 | cycle 73 | classes_seen 300 | CIL top1 55.33 | top5 83.93 | (nearest latent task ~29) | param_hash 5f00a7b46de639e9 | per-task [34.17, 49.49, 64.5, 32.5, 45.73, 67.34, 49.23, 53.77, 53.5, 53.3, 44.22, 44.22, 35.03, 44.1, 39.7, 50.5, 63.82, 66.67, 58.29, 33.16, 57.5, 62.81, 62.44, 36.55, 60.61, 77.66, 76.65, 71.57, 85.43, 85.0]
2026-07-27 01:27:30,183 [trainer.py] => [bounded_mem] volume checkpoints: [0.1, 0.2, 0.3, 0.4, 0.5, 0.6, 0.7, 0.8, 0.9, 1.0]
2026-07-27 01:27:30,183 [trainer.py] => [bounded_mem] CIL top1 curve: [85.45, 85.61, 76.33, 73.3, 68.91, 62.42, 59.78, 58.13, 56.01, 55.33]
2026-07-27 01:27:30,183 [trainer.py] => [bounded_mem] CIL top5 curve: [99.25, 98.83, 97.28, 95.43, 93.88, 88.99, 87.88, 86.91, 84.63, 83.93]
[bounded_mem] checkpoints (fraction of stream): [0.1, 0.2, 0.3, 0.4, 0.5, 0.6, 0.7, 0.8, 0.9, 1.0]
[bounded_mem] CIL top1: [85.45, 85.61, 76.33, 73.3, 68.91, 62.42, 59.78, 58.13, 56.01, 55.33]
[bounded_mem] CIL top5: [99.25, 98.83, 97.28, 95.43, 93.88, 88.99, 87.88, 86.91, 84.63, 83.93]
2026-07-27 01:27:30,184 [trainer.py] => [bounded_mem] FINAL CIL top1 55.33 | top5 83.93 (at 100% of stream)
[bounded_mem] FINAL CIL top1 55.33 | top5 83.93
[bounded_mem] wrote run_logs/boundedmem_sketchlora_round2_grid_omni30t_100mb_sketchlora_s1993_s1993.json
