2026-07-06 15:56:06,861 [trainer.py] => config: ./exps/svdlora_omni1k_50t_smoke.json
2026-07-06 15:56:06,861 [trainer.py] => dataset: omnibenchmark1k
2026-07-06 15:56:06,861 [trainer.py] => memory_size: 0
2026-07-06 15:56:06,861 [trainer.py] => memory_per_class: 0
2026-07-06 15:56:06,861 [trainer.py] => fixed_memory: False
2026-07-06 15:56:06,861 [trainer.py] => shuffle: True
2026-07-06 15:56:06,861 [trainer.py] => backbone_type: vit_base_patch16_224_lora
2026-07-06 15:56:06,861 [trainer.py] => device: [device(type='cuda', index=0)]
2026-07-06 15:56:06,861 [trainer.py] => seed: 1993
2026-07-06 15:56:06,861 [trainer.py] => scenario: both
2026-07-06 15:56:06,861 [trainer.py] => lora_rank: 8
2026-07-06 15:56:06,861 [trainer.py] => lora_alpha: 32
2026-07-06 15:56:06,861 [trainer.py] => tuned_epoch: 10
2026-07-06 15:56:06,861 [trainer.py] => init_lr: 0.0003
2026-07-06 15:56:06,861 [trainer.py] => batch_size: 48
2026-07-06 15:56:06,861 [trainer.py] => weight_decay: 0.0005
2026-07-06 15:56:06,861 [trainer.py] => min_lr: 0.0
2026-07-06 15:56:06,861 [trainer.py] => pretrained: True
2026-07-06 15:56:06,861 [trainer.py] => print_forget: True
2026-07-06 15:56:06,861 [trainer.py] => model_name: sketchlora
2026-07-06 15:56:06,861 [trainer.py] => lora_merge: True
2026-07-06 15:56:06,861 [trainer.py] => lora_train_merge: True
2026-07-06 15:56:06,861 [trainer.py] => svd_rank: 8
2026-07-06 15:56:06,861 [trainer.py] => svd_oversampling: 10
2026-07-06 15:56:06,861 [trainer.py] => svd_energy_target: 0.005
2026-07-06 15:56:06,862 [trainer.py] => lora_n_slots: 2
2026-07-06 15:56:06,862 [trainer.py] => init_cls: 20
2026-07-06 15:56:06,862 [trainer.py] => increment: 20
2026-07-06 15:56:06,862 [trainer.py] => stop_after_tasks: 5
2026-07-06 15:56:06,862 [trainer.py] => prefix: omni1k_50t_smoke
2026-07-06 15:56:07,397 [data_manager.py] => [54, 7, 894, 512, 126, 337, 988, 11, 284, 493, 133, 783, 192, 979, 622, 215, 240, 548, 238, 419, 274, 108, 928, 856, 494, 836, 473, 650, 85, 262, 508, 590, 390, 174, 637, 288, 658, 219, 912, 142, 852, 160, 704, 289, 123, 323, 600, 542, 999, 634, 391, 761, 490, 842, 127, 850, 665, 990, 597, 722, 748, 14, 77, 437, 394, 859, 279, 539, 75, 466, 886, 312, 303, 62, 966, 413, 959, 782, 509, 400, 471, 632, 275, 730, 105, 523, 224, 186, 478, 507, 470, 906, 699, 989, 324, 812, 260, 911, 446, 44, 765, 759, 67, 36, 5, 30, 184, 797, 159, 741, 954, 465, 533, 585, 150, 101, 897, 363, 818, 620, 824, 154, 956, 176, 588, 986, 172, 223, 461, 94, 141, 621, 659, 360, 136, 578, 163, 427, 70, 226, 925, 596, 336, 412, 731, 755, 381, 810, 69, 898, 310, 120, 752, 93, 39, 326, 537, 905, 448, 347, 51, 615, 601, 229, 947, 348, 220, 949, 972, 73, 913, 522, 193, 753, 921, 257, 957, 691, 155, 820, 584, 948, 92, 582, 89, 379, 392, 64, 904, 169, 216, 694, 103, 410, 374, 515, 484, 624, 409, 156, 455, 846, 344, 371, 468, 844, 276, 740, 562, 503, 831, 516, 663, 630, 763, 456, 179, 996, 936, 248, 333, 941, 63, 738, 802, 372, 828, 74, 540, 299, 750, 335, 177, 822, 643, 593, 800, 459, 580, 933, 306, 378, 76, 227, 426, 403, 322, 321, 808, 393, 27, 200, 764, 651, 244, 479, 3, 415, 23, 964, 671, 195, 569, 917, 611, 644, 707, 355, 855, 8, 534, 657, 571, 811, 681, 543, 313, 129, 978, 592, 573, 128, 243, 520, 887, 892, 696, 26, 551, 168, 71, 398, 778, 529, 526, 792, 868, 266, 443, 24, 57, 15, 871, 678, 745, 845, 208, 188, 674, 175, 406, 421, 833, 106, 994, 815, 581, 676, 49, 619, 217, 631, 934, 932, 568, 353, 863, 827, 425, 420, 99, 823, 113, 974, 438, 874, 343, 118, 340, 472, 552, 937, 0, 10, 675, 316, 879, 561, 387, 726, 255, 407, 56, 927, 655, 809, 839, 640, 297, 34, 497, 210, 606, 971, 589, 138, 263, 587, 993, 973, 382, 572, 735, 535, 139, 524, 314, 463, 895, 376, 939, 157, 858, 457, 935, 183, 114, 903, 767, 666, 22, 525, 902, 233, 250, 825, 79, 843, 221, 214, 205, 166, 431, 860, 292, 976, 739, 899, 475, 242, 961, 531, 110, 769, 55, 701, 532, 586, 729, 253, 486, 787, 774, 165, 627, 32, 291, 962, 922, 222, 705, 454, 356, 445, 746, 776, 404, 950, 241, 452, 245, 487, 706, 2, 137, 6, 98, 647, 50, 91, 202, 556, 38, 68, 649, 258, 345, 361, 464, 514, 958, 504, 826, 668, 880, 28, 920, 918, 339, 315, 320, 768, 201, 733, 575, 781, 864, 617, 171, 795, 132, 145, 368, 147, 327, 713, 688, 848, 690, 975, 354, 853, 148, 648, 300, 436, 780, 693, 682, 246, 449, 492, 162, 97, 59, 357, 198, 519, 90, 236, 375, 359, 230, 476, 784, 117, 940, 396, 849, 102, 122, 282, 181, 130, 467, 88, 271, 793, 151, 847, 914, 42, 834, 521, 121, 29, 806, 607, 510, 837, 301, 669, 78, 256, 474, 840, 52, 505, 547, 641, 987, 801, 629, 491, 605, 112, 429, 401, 742, 528, 87, 442, 910, 638, 785, 264, 711, 369, 428, 805, 744, 380, 725, 480, 318, 997, 153, 384, 252, 985, 538, 654, 388, 100, 432, 832, 565, 908, 367, 591, 294, 272, 231, 213, 196, 743, 817, 433, 328, 970, 969, 4, 613, 182, 685, 724, 915, 311, 931, 865, 86, 119, 203, 268, 718, 317, 926, 269, 161, 209, 807, 645, 513, 261, 518, 305, 758, 872, 58, 65, 146, 395, 481, 747, 41, 283, 204, 564, 185, 777, 33, 500, 609, 286, 567, 80, 228, 683, 757, 942, 134, 673, 616, 960, 450, 350, 544, 830, 736, 170, 679, 838, 819, 485, 430, 190, 566, 511, 482, 232, 527, 411, 560, 281, 342, 614, 662, 47, 771, 861, 692, 686, 277, 373, 16, 946, 265, 35, 9, 884, 909, 610, 358, 18, 737, 977, 677, 803, 595, 135, 458, 12, 46, 418, 599, 187, 107, 992, 770, 298, 104, 351, 893, 698, 929, 502, 273, 20, 96, 791, 636, 708, 267, 867, 772, 604, 618, 346, 330, 554, 816, 664, 716, 189, 31, 721, 712, 397, 43, 943, 804, 296, 109, 576, 869, 955, 17, 506, 963, 786, 720, 628, 779, 982, 633, 891, 734, 980, 386, 365, 794, 325, 841, 878, 370, 695, 293, 951, 66, 594, 717, 116, 488, 796, 983, 646, 499, 53, 1, 603, 45, 424, 875, 254, 237, 199, 414, 307, 362, 557, 866, 341, 19, 965, 143, 555, 687, 235, 790, 125, 173, 364, 882, 727, 728, 563, 495, 21, 558, 709, 719, 877, 352, 83, 998, 991, 469, 967, 760, 498, 814, 612, 715, 290, 72, 131, 259, 441, 924, 773, 48, 625, 501, 440, 82, 684, 862, 574, 309, 408, 680, 623, 439, 180, 652, 968, 889, 334, 61, 766, 399, 598, 798, 653, 930, 149, 249, 890, 308, 881, 40, 835, 577, 422, 703, 813, 857, 995, 602, 583, 167, 670, 212, 751, 496, 608, 84, 639, 579, 178, 489, 37, 197, 789, 530, 111, 876, 570, 700, 444, 287, 366, 883, 385, 536, 460, 851, 81, 144, 60, 251, 13, 953, 270, 944, 319, 885, 710, 952, 517, 278, 656, 919, 377, 550, 207, 660, 984, 447, 553, 338, 234, 383, 749, 916, 626, 462, 788, 434, 714, 799, 821, 477, 549, 661, 206, 667, 541, 642, 689, 194, 152, 981, 938, 854, 483, 332, 280, 546, 389, 405, 545, 239, 896, 672, 923, 402, 423, 907, 888, 140, 870, 559, 756, 25, 211, 158, 723, 635, 302, 702, 453, 218, 164, 829, 247, 775, 191, 732, 115, 331, 901, 416, 873, 754, 900, 435, 762, 124, 304, 329, 349, 295, 95, 451, 285, 225, 945, 697, 417]
2026-07-06 15:56:15,076 [trainer.py] => stop_after_tasks=5 (of 50 total)
2026-07-06 15:56:15,077 [trainer.py] => All params: 86388480
2026-07-06 15:56:15,078 [trainer.py] => Trainable params: 589824
2026-07-06 15:56:15,630 [lora.py] => Learning on 0-20
2026-07-06 15:56:15,633 [lora.py] => Trainable params this task: 310,292 / 86,403,860
2026-07-06 15:59:53,335 [lora.py] => Task 0 finished. Train_accy 96.48
2026-07-06 15:59:56,188 [sketchlora.py] => [SketchDiag] task 0: retained-energy mean=1.000 min=0.995 | ||ΔW||_F mean=0.297 | r_hat mean=7.7 total=185
2026-07-06 16:00:00,175 [til_base.py] => TIL top1: 95.21
2026-07-06 16:00:00,176 [til_base.py] => CIL top1: 95.21 | TIL top1: 95.21
2026-07-06 16:00:00,176 [trainer.py] => No NME accuracy.
2026-07-06 16:00:00,176 [trainer.py] => CNN: {'total': np.float64(95.21), '00-19': np.float64(95.21), 'old': 0, 'new': np.float64(95.21)}
2026-07-06 16:00:00,176 [trainer.py] => CNN top1 curve: [np.float64(95.21)]
2026-07-06 16:00:00,176 [trainer.py] => CNN top5 curve: [np.float64(99.75)]

2026-07-06 16:00:00,176 [trainer.py] => Average Accuracy (CNN): 95.21 

2026-07-06 16:00:00,177 [trainer.py] => All params: 86393108
2026-07-06 16:00:00,177 [trainer.py] => Trainable params: 310292
2026-07-06 16:00:00,178 [lora.py] => Learning on 20-40
2026-07-06 16:00:00,180 [lora.py] => Trainable params this task: 325,672 / 86,408,488
2026-07-06 16:03:19,976 [lora.py] => Task 1 finished. Train_accy 96.73
2026-07-06 16:03:22,734 [sketchlora.py] => [SketchDiag] task 1: retained-energy mean=0.999 min=0.996 | ||ΔW||_F mean=0.410 | r_hat mean=15.0 total=361
2026-07-06 16:03:29,973 [til_base.py] => TIL top1: 94.35
2026-07-06 16:03:29,973 [til_base.py] => CIL top1: 84.94 | TIL top1: 94.35
2026-07-06 16:03:29,973 [trainer.py] => No NME accuracy.
2026-07-06 16:03:29,974 [trainer.py] => CNN: {'total': np.float64(84.94), '00-19': np.float64(76.32), '20-39': np.float64(93.5), 'old': np.float64(76.32), 'new': np.float64(93.5)}
2026-07-06 16:03:29,974 [trainer.py] => CNN top1 curve: [np.float64(95.21), np.float64(84.94)]
2026-07-06 16:03:29,974 [trainer.py] => CNN top5 curve: [np.float64(99.75), np.float64(99.12)]

2026-07-06 16:03:29,974 [trainer.py] => Average Accuracy (CNN): 90.07499999999999 

2026-07-06 16:03:29,974 [trainer.py] => All params: 86678824
2026-07-06 16:03:29,975 [trainer.py] => Trainable params: 325672
2026-07-06 16:03:29,976 [lora.py] => Learning on 40-60
2026-07-06 16:03:29,978 [lora.py] => Trainable params this task: 341,052 / 86,694,204
2026-07-06 16:27:38,565 [trainer.py] => config: ./exps/svdlora_omni1k_50t_smoke.json
2026-07-06 16:27:38,565 [trainer.py] => dataset: omnibenchmark1k
2026-07-06 16:27:38,566 [trainer.py] => memory_size: 0
2026-07-06 16:27:38,566 [trainer.py] => memory_per_class: 0
2026-07-06 16:27:38,566 [trainer.py] => fixed_memory: False
2026-07-06 16:27:38,566 [trainer.py] => shuffle: True
2026-07-06 16:27:38,566 [trainer.py] => backbone_type: vit_base_patch16_224_lora
2026-07-06 16:27:38,566 [trainer.py] => device: [device(type='cuda', index=0)]
2026-07-06 16:27:38,566 [trainer.py] => seed: 1993
2026-07-06 16:27:38,566 [trainer.py] => scenario: both
2026-07-06 16:27:38,566 [trainer.py] => lora_rank: 8
2026-07-06 16:27:38,566 [trainer.py] => lora_alpha: 32
2026-07-06 16:27:38,566 [trainer.py] => tuned_epoch: 10
2026-07-06 16:27:38,566 [trainer.py] => init_lr: 0.0003
2026-07-06 16:27:38,566 [trainer.py] => batch_size: 48
2026-07-06 16:27:38,566 [trainer.py] => weight_decay: 0.0005
2026-07-06 16:27:38,566 [trainer.py] => min_lr: 0.0
2026-07-06 16:27:38,566 [trainer.py] => pretrained: True
2026-07-06 16:27:38,566 [trainer.py] => print_forget: True
2026-07-06 16:27:38,566 [trainer.py] => model_name: sketchlora
2026-07-06 16:27:38,566 [trainer.py] => lora_merge: True
2026-07-06 16:27:38,566 [trainer.py] => lora_train_merge: True
2026-07-06 16:27:38,566 [trainer.py] => svd_rank: 8
2026-07-06 16:27:38,566 [trainer.py] => svd_oversampling: 10
2026-07-06 16:27:38,566 [trainer.py] => svd_energy_target: 0.005
2026-07-06 16:27:38,566 [trainer.py] => lora_n_slots: 2
2026-07-06 16:27:38,566 [trainer.py] => init_cls: 20
2026-07-06 16:27:38,566 [trainer.py] => increment: 20
2026-07-06 16:27:38,566 [trainer.py] => stop_after_tasks: 5
2026-07-06 16:27:38,567 [trainer.py] => prefix: omni1k_50t_smoke
2026-07-06 16:27:39,089 [data_manager.py] => [54, 7, 894, 512, 126, 337, 988, 11, 284, 493, 133, 783, 192, 979, 622, 215, 240, 548, 238, 419, 274, 108, 928, 856, 494, 836, 473, 650, 85, 262, 508, 590, 390, 174, 637, 288, 658, 219, 912, 142, 852, 160, 704, 289, 123, 323, 600, 542, 999, 634, 391, 761, 490, 842, 127, 850, 665, 990, 597, 722, 748, 14, 77, 437, 394, 859, 279, 539, 75, 466, 886, 312, 303, 62, 966, 413, 959, 782, 509, 400, 471, 632, 275, 730, 105, 523, 224, 186, 478, 507, 470, 906, 699, 989, 324, 812, 260, 911, 446, 44, 765, 759, 67, 36, 5, 30, 184, 797, 159, 741, 954, 465, 533, 585, 150, 101, 897, 363, 818, 620, 824, 154, 956, 176, 588, 986, 172, 223, 461, 94, 141, 621, 659, 360, 136, 578, 163, 427, 70, 226, 925, 596, 336, 412, 731, 755, 381, 810, 69, 898, 310, 120, 752, 93, 39, 326, 537, 905, 448, 347, 51, 615, 601, 229, 947, 348, 220, 949, 972, 73, 913, 522, 193, 753, 921, 257, 957, 691, 155, 820, 584, 948, 92, 582, 89, 379, 392, 64, 904, 169, 216, 694, 103, 410, 374, 515, 484, 624, 409, 156, 455, 846, 344, 371, 468, 844, 276, 740, 562, 503, 831, 516, 663, 630, 763, 456, 179, 996, 936, 248, 333, 941, 63, 738, 802, 372, 828, 74, 540, 299, 750, 335, 177, 822, 643, 593, 800, 459, 580, 933, 306, 378, 76, 227, 426, 403, 322, 321, 808, 393, 27, 200, 764, 651, 244, 479, 3, 415, 23, 964, 671, 195, 569, 917, 611, 644, 707, 355, 855, 8, 534, 657, 571, 811, 681, 543, 313, 129, 978, 592, 573, 128, 243, 520, 887, 892, 696, 26, 551, 168, 71, 398, 778, 529, 526, 792, 868, 266, 443, 24, 57, 15, 871, 678, 745, 845, 208, 188, 674, 175, 406, 421, 833, 106, 994, 815, 581, 676, 49, 619, 217, 631, 934, 932, 568, 353, 863, 827, 425, 420, 99, 823, 113, 974, 438, 874, 343, 118, 340, 472, 552, 937, 0, 10, 675, 316, 879, 561, 387, 726, 255, 407, 56, 927, 655, 809, 839, 640, 297, 34, 497, 210, 606, 971, 589, 138, 263, 587, 993, 973, 382, 572, 735, 535, 139, 524, 314, 463, 895, 376, 939, 157, 858, 457, 935, 183, 114, 903, 767, 666, 22, 525, 902, 233, 250, 825, 79, 843, 221, 214, 205, 166, 431, 860, 292, 976, 739, 899, 475, 242, 961, 531, 110, 769, 55, 701, 532, 586, 729, 253, 486, 787, 774, 165, 627, 32, 291, 962, 922, 222, 705, 454, 356, 445, 746, 776, 404, 950, 241, 452, 245, 487, 706, 2, 137, 6, 98, 647, 50, 91, 202, 556, 38, 68, 649, 258, 345, 361, 464, 514, 958, 504, 826, 668, 880, 28, 920, 918, 339, 315, 320, 768, 201, 733, 575, 781, 864, 617, 171, 795, 132, 145, 368, 147, 327, 713, 688, 848, 690, 975, 354, 853, 148, 648, 300, 436, 780, 693, 682, 246, 449, 492, 162, 97, 59, 357, 198, 519, 90, 236, 375, 359, 230, 476, 784, 117, 940, 396, 849, 102, 122, 282, 181, 130, 467, 88, 271, 793, 151, 847, 914, 42, 834, 521, 121, 29, 806, 607, 510, 837, 301, 669, 78, 256, 474, 840, 52, 505, 547, 641, 987, 801, 629, 491, 605, 112, 429, 401, 742, 528, 87, 442, 910, 638, 785, 264, 711, 369, 428, 805, 744, 380, 725, 480, 318, 997, 153, 384, 252, 985, 538, 654, 388, 100, 432, 832, 565, 908, 367, 591, 294, 272, 231, 213, 196, 743, 817, 433, 328, 970, 969, 4, 613, 182, 685, 724, 915, 311, 931, 865, 86, 119, 203, 268, 718, 317, 926, 269, 161, 209, 807, 645, 513, 261, 518, 305, 758, 872, 58, 65, 146, 395, 481, 747, 41, 283, 204, 564, 185, 777, 33, 500, 609, 286, 567, 80, 228, 683, 757, 942, 134, 673, 616, 960, 450, 350, 544, 830, 736, 170, 679, 838, 819, 485, 430, 190, 566, 511, 482, 232, 527, 411, 560, 281, 342, 614, 662, 47, 771, 861, 692, 686, 277, 373, 16, 946, 265, 35, 9, 884, 909, 610, 358, 18, 737, 977, 677, 803, 595, 135, 458, 12, 46, 418, 599, 187, 107, 992, 770, 298, 104, 351, 893, 698, 929, 502, 273, 20, 96, 791, 636, 708, 267, 867, 772, 604, 618, 346, 330, 554, 816, 664, 716, 189, 31, 721, 712, 397, 43, 943, 804, 296, 109, 576, 869, 955, 17, 506, 963, 786, 720, 628, 779, 982, 633, 891, 734, 980, 386, 365, 794, 325, 841, 878, 370, 695, 293, 951, 66, 594, 717, 116, 488, 796, 983, 646, 499, 53, 1, 603, 45, 424, 875, 254, 237, 199, 414, 307, 362, 557, 866, 341, 19, 965, 143, 555, 687, 235, 790, 125, 173, 364, 882, 727, 728, 563, 495, 21, 558, 709, 719, 877, 352, 83, 998, 991, 469, 967, 760, 498, 814, 612, 715, 290, 72, 131, 259, 441, 924, 773, 48, 625, 501, 440, 82, 684, 862, 574, 309, 408, 680, 623, 439, 180, 652, 968, 889, 334, 61, 766, 399, 598, 798, 653, 930, 149, 249, 890, 308, 881, 40, 835, 577, 422, 703, 813, 857, 995, 602, 583, 167, 670, 212, 751, 496, 608, 84, 639, 579, 178, 489, 37, 197, 789, 530, 111, 876, 570, 700, 444, 287, 366, 883, 385, 536, 460, 851, 81, 144, 60, 251, 13, 953, 270, 944, 319, 885, 710, 952, 517, 278, 656, 919, 377, 550, 207, 660, 984, 447, 553, 338, 234, 383, 749, 916, 626, 462, 788, 434, 714, 799, 821, 477, 549, 661, 206, 667, 541, 642, 689, 194, 152, 981, 938, 854, 483, 332, 280, 546, 389, 405, 545, 239, 896, 672, 923, 402, 423, 907, 888, 140, 870, 559, 756, 25, 211, 158, 723, 635, 302, 702, 453, 218, 164, 829, 247, 775, 191, 732, 115, 331, 901, 416, 873, 754, 900, 435, 762, 124, 304, 329, 349, 295, 95, 451, 285, 225, 945, 697, 417]
2026-07-06 16:27:46,571 [trainer.py] => stop_after_tasks=5 (of 50 total)
2026-07-06 16:27:46,572 [trainer.py] => All params: 86388480
2026-07-06 16:27:46,572 [trainer.py] => Trainable params: 589824
2026-07-06 16:27:47,161 [lora.py] => Learning on 0-20
2026-07-06 16:27:47,164 [lora.py] => Trainable params this task: 310,292 / 86,403,860
2026-07-06 16:31:25,746 [lora.py] => Task 0 finished. Train_accy 96.48
2026-07-06 16:31:28,606 [sketchlora.py] => [SketchDiag] task 0: retained-energy mean=1.000 min=0.995 | ||ΔW||_F mean=0.297 | r_hat mean=7.7 total=185
2026-07-06 16:31:32,675 [til_base.py] => TIL top1: 95.21
2026-07-06 16:31:32,675 [til_base.py] => CIL top1: 95.21 | TIL top1: 95.21
2026-07-06 16:31:32,675 [trainer.py] => No NME accuracy.
2026-07-06 16:31:32,675 [trainer.py] => CNN: {'total': np.float64(95.21), '00-19': np.float64(95.21), 'old': 0, 'new': np.float64(95.21)}
2026-07-06 16:31:32,675 [trainer.py] => CNN top1 curve: [np.float64(95.21)]
2026-07-06 16:31:32,675 [trainer.py] => CNN top5 curve: [np.float64(99.75)]

2026-07-06 16:31:32,675 [trainer.py] => Average Accuracy (CNN): 95.21 

2026-07-06 16:31:32,676 [trainer.py] => All params: 86393108
2026-07-06 16:31:32,677 [trainer.py] => Trainable params: 310292
2026-07-06 16:31:32,679 [lora.py] => Learning on 20-40
2026-07-06 16:31:32,681 [lora.py] => Trainable params this task: 325,672 / 86,408,488
2026-07-06 16:34:53,356 [lora.py] => Task 1 finished. Train_accy 96.73
2026-07-06 16:34:56,100 [sketchlora.py] => [SketchDiag] task 1: retained-energy mean=0.999 min=0.996 | ||ΔW||_F mean=0.410 | r_hat mean=15.0 total=361
2026-07-06 16:35:03,566 [til_base.py] => TIL top1: 94.35
2026-07-06 16:35:03,567 [til_base.py] => CIL top1: 84.94 | TIL top1: 94.35
2026-07-06 16:35:03,567 [trainer.py] => No NME accuracy.
2026-07-06 16:35:03,567 [trainer.py] => CNN: {'total': np.float64(84.94), '00-19': np.float64(76.32), '20-39': np.float64(93.5), 'old': np.float64(76.32), 'new': np.float64(93.5)}
2026-07-06 16:35:03,567 [trainer.py] => CNN top1 curve: [np.float64(95.21), np.float64(84.94)]
2026-07-06 16:35:03,567 [trainer.py] => CNN top5 curve: [np.float64(99.75), np.float64(99.12)]

2026-07-06 16:35:03,567 [trainer.py] => Average Accuracy (CNN): 90.07499999999999 

2026-07-06 16:35:03,568 [trainer.py] => All params: 86678824
2026-07-06 16:35:03,568 [trainer.py] => Trainable params: 325672
2026-07-06 16:35:03,569 [lora.py] => Learning on 40-60
2026-07-06 16:35:03,571 [lora.py] => Trainable params this task: 341,052 / 86,694,204
2026-07-06 16:38:56,371 [lora.py] => Task 2 finished. Train_accy 97.61
2026-07-06 16:38:59,230 [sketchlora.py] => [SketchDiag] task 2: retained-energy mean=0.997 min=0.995 | ||ΔW||_F mean=0.502 | r_hat mean=21.8 total=524
2026-07-06 16:39:09,907 [til_base.py] => TIL top1: 91.05
2026-07-06 16:39:09,907 [til_base.py] => CIL top1: 75.23 | TIL top1: 91.05
2026-07-06 16:39:09,907 [trainer.py] => No NME accuracy.
2026-07-06 16:39:09,907 [trainer.py] => CNN: {'total': np.float64(75.23), '00-19': np.float64(58.69), '20-39': np.float64(73.5), '40-59': np.float64(93.47), 'old': np.float64(66.12), 'new': np.float64(93.47)}
2026-07-06 16:39:09,907 [trainer.py] => CNN top1 curve: [np.float64(95.21), np.float64(84.94), np.float64(75.23)]
2026-07-06 16:39:09,907 [trainer.py] => CNN top5 curve: [np.float64(99.75), np.float64(99.12), np.float64(97.57)]

2026-07-06 16:39:09,907 [trainer.py] => Average Accuracy (CNN): 85.12666666666667 

2026-07-06 16:39:09,908 [trainer.py] => All params: 86944572
2026-07-06 16:39:09,909 [trainer.py] => Trainable params: 341052
2026-07-06 16:39:09,910 [lora.py] => Learning on 60-80
2026-07-06 16:39:09,912 [lora.py] => Trainable params this task: 356,432 / 86,959,952
2026-07-06 16:42:11,335 [lora.py] => Task 3 finished. Train_accy 96.88
2026-07-06 16:42:14,316 [sketchlora.py] => [SketchDiag] task 3: retained-energy mean=0.997 min=0.995 | ||ΔW||_F mean=0.573 | r_hat mean=28.2 total=678
2026-07-06 16:42:28,261 [til_base.py] => TIL top1: 90.94
2026-07-06 16:42:28,261 [til_base.py] => CIL top1: 73.32 | TIL top1: 90.94
2026-07-06 16:42:28,261 [trainer.py] => No NME accuracy.
2026-07-06 16:42:28,261 [trainer.py] => CNN: {'total': np.float64(73.32), '00-19': np.float64(48.87), '20-39': np.float64(67.25), '40-59': np.float64(87.94), '60-79': np.float64(89.34), 'old': np.float64(68.03), 'new': np.float64(89.34)}
2026-07-06 16:42:28,261 [trainer.py] => CNN top1 curve: [np.float64(95.21), np.float64(84.94), np.float64(75.23), np.float64(73.32)]
2026-07-06 16:42:28,262 [trainer.py] => CNN top5 curve: [np.float64(99.75), np.float64(99.12), np.float64(97.57), np.float64(95.72)]

2026-07-06 16:42:28,262 [trainer.py] => Average Accuracy (CNN): 82.175 

2026-07-06 16:42:28,262 [trainer.py] => All params: 87196496
2026-07-06 16:42:28,263 [trainer.py] => Trainable params: 356432
2026-07-06 16:42:28,264 [lora.py] => Learning on 80-100
2026-07-06 16:42:28,266 [lora.py] => Trainable params this task: 371,812 / 87,211,876
2026-07-06 16:46:00,492 [lora.py] => Task 4 finished. Train_accy 98.34
2026-07-06 16:46:03,566 [sketchlora.py] => [SketchDiag] task 4: retained-energy mean=0.996 min=0.995 | ||ΔW||_F mean=0.634 | r_hat mean=34.3 total=824
2026-07-06 16:46:20,923 [til_base.py] => TIL top1: 91.19
2026-07-06 16:46:20,923 [til_base.py] => CIL top1: 70.49 | TIL top1: 91.19
2026-07-06 16:46:20,923 [trainer.py] => No NME accuracy.
2026-07-06 16:46:20,923 [trainer.py] => CNN: {'total': np.float64(70.49), '00-19': np.float64(49.12), '20-39': np.float64(60.25), '40-59': np.float64(80.65), '60-79': np.float64(74.11), '80-99': np.float64(88.41), 'old': np.float64(66.02), 'new': np.float64(88.41)}
2026-07-06 16:46:20,923 [trainer.py] => CNN top1 curve: [np.float64(95.21), np.float64(84.94), np.float64(75.23), np.float64(73.32), np.float64(70.49)]
2026-07-06 16:46:20,924 [trainer.py] => CNN top5 curve: [np.float64(99.75), np.float64(99.12), np.float64(97.57), np.float64(95.72), np.float64(94.51)]

2026-07-06 16:46:20,924 [trainer.py] => Average Accuracy (CNN): 79.838 

2026-07-06 16:46:20,924 [trainer.py] => Forgetting (CNN): 26.8475
2026-07-06 16:46:20,924 [trainer.py] => Forgetting (NME): 26.8475
2026-07-06 16:46:20,924 [trainer.py] => Forgetting (TIL): 7.214999999999996
