2026-07-19 23:27:03,940 [trainer.py] => config: exps/review/budget250mb_check/cifar224_treelora.json
2026-07-19 23:27:03,940 [trainer.py] => dataset: cifar224
2026-07-19 23:27:03,940 [trainer.py] => memory_size: 0
2026-07-19 23:27:03,940 [trainer.py] => memory_per_class: 0
2026-07-19 23:27:03,940 [trainer.py] => fixed_memory: False
2026-07-19 23:27:03,940 [trainer.py] => shuffle: True
2026-07-19 23:27:03,940 [trainer.py] => init_cls: 5
2026-07-19 23:27:03,940 [trainer.py] => increment: 5
2026-07-19 23:27:03,940 [trainer.py] => seed: 1993
2026-07-19 23:27:03,941 [trainer.py] => scenario: cil
2026-07-19 23:27:03,941 [trainer.py] => pretrained: True
2026-07-19 23:27:03,941 [trainer.py] => print_forget: True
2026-07-19 23:27:03,941 [trainer.py] => backbone_type: vit_base_patch16_224_lora
2026-07-19 23:27:03,941 [trainer.py] => lora_rank: 8
2026-07-19 23:27:03,941 [trainer.py] => lora_alpha: 32
2026-07-19 23:27:03,941 [trainer.py] => tuned_epoch: 10
2026-07-19 23:27:03,941 [trainer.py] => init_lr: 0.0003
2026-07-19 23:27:03,941 [trainer.py] => batch_size: 48
2026-07-19 23:27:03,941 [trainer.py] => weight_decay: 0.0005
2026-07-19 23:27:03,941 [trainer.py] => min_lr: 0.0
2026-07-19 23:27:03,941 [trainer.py] => model_name: treelora
2026-07-19 23:27:03,941 [trainer.py] => reg: 0.5
2026-07-19 23:27:03,941 [trainer.py] => device: [device(type='cuda', index=0)]
2026-07-19 23:27:03,941 [trainer.py] => prefix: budget250mb_check_cifar224_treelora
2026-07-19 23:27:03,941 [trainer.py] => boundary_mode: sample
2026-07-19 23:27:03,941 [trainer.py] => stream_budget_mb: 250
2026-07-19 23:27:03,941 [trainer.py] => stop_after_tasks: 5
2026-07-19 23:27:05,610 [data_manager.py] => [68, 56, 78, 8, 23, 84, 90, 65, 74, 76, 40, 89, 3, 92, 55, 9, 26, 80, 43, 38, 58, 70, 77, 1, 85, 19, 17, 50, 28, 53, 13, 81, 45, 82, 6, 59, 83, 16, 15, 44, 91, 41, 72, 60, 79, 52, 20, 10, 31, 54, 37, 95, 14, 71, 96, 98, 97, 2, 64, 66, 42, 22, 35, 86, 24, 34, 87, 21, 99, 0, 88, 27, 18, 94, 11, 12, 47, 25, 30, 46, 62, 69, 36, 61, 7, 63, 75, 5, 32, 4, 51, 48, 73, 93, 39, 67, 29, 49, 57, 33]
2026-07-19 23:27:08,173 [stream_mixin.py] => [stream] stop_after_tasks=5 (of 20 total)
2026-07-19 23:27:08,217 [stream_mixin.py] => [stream] unique-image budget 1741 images (250.0MB); 12500 total images, 5 tasks -> 8 chunks
2026-07-19 23:31:15,333 [stream_mixin.py] => [stream eval] completed  1 | chunk   1 | CIL 100.00
2026-07-19 23:33:23,795 [stream_mixin.py] => [stream eval] completed  2 | chunk   2 | CIL 98.10
2026-07-19 23:37:39,227 [stream_mixin.py] => [stream eval] completed  3 | chunk   4 | CIL 96.20
2026-07-19 23:39:52,822 [stream_mixin.py] => [stream eval] completed  4 | chunk   5 | CIL 94.55
2026-07-19 23:42:35,966 [stream_mixin.py] => [stream eval] completed  5 | chunk   7 | CIL 94.28
2026-07-19 23:42:35,972 [trainer.py] => [stream] completed-task checkpoints: [1, 2, 3, 4, 5]
2026-07-19 23:42:35,972 [trainer.py] => [stream] CIL curve: [100.0, 98.1, 96.2, 94.55, 94.28]
2026-07-19 23:42:35,972 [trainer.py] => [stream] FINAL  CIL 94.28  (over 5 tasks) -- TIL not computed (meaningless in the memory-increment setup)
2026-07-20 00:47:37,286 [trainer.py] => config: exps/review/budget250mb_check/cifar224_treelora.json
2026-07-20 00:47:37,287 [trainer.py] => dataset: cifar224
2026-07-20 00:47:37,287 [trainer.py] => memory_size: 0
2026-07-20 00:47:37,287 [trainer.py] => memory_per_class: 0
2026-07-20 00:47:37,287 [trainer.py] => fixed_memory: False
2026-07-20 00:47:37,287 [trainer.py] => shuffle: True
2026-07-20 00:47:37,287 [trainer.py] => init_cls: 5
2026-07-20 00:47:37,287 [trainer.py] => increment: 5
2026-07-20 00:47:37,287 [trainer.py] => seed: 1993
2026-07-20 00:47:37,287 [trainer.py] => scenario: cil
2026-07-20 00:47:37,287 [trainer.py] => pretrained: True
2026-07-20 00:47:37,287 [trainer.py] => print_forget: True
2026-07-20 00:47:37,287 [trainer.py] => backbone_type: vit_base_patch16_224_lora
2026-07-20 00:47:37,287 [trainer.py] => lora_rank: 8
2026-07-20 00:47:37,287 [trainer.py] => lora_alpha: 32
2026-07-20 00:47:37,287 [trainer.py] => tuned_epoch: 10
2026-07-20 00:47:37,287 [trainer.py] => init_lr: 0.0003
2026-07-20 00:47:37,287 [trainer.py] => batch_size: 48
2026-07-20 00:47:37,287 [trainer.py] => weight_decay: 0.0005
2026-07-20 00:47:37,287 [trainer.py] => min_lr: 0.0
2026-07-20 00:47:37,287 [trainer.py] => model_name: treelora
2026-07-20 00:47:37,287 [trainer.py] => reg: 0.5
2026-07-20 00:47:37,287 [trainer.py] => device: [device(type='cuda', index=0)]
2026-07-20 00:47:37,287 [trainer.py] => prefix: budget250mb_check_cifar224_treelora
2026-07-20 00:47:37,288 [trainer.py] => boundary_mode: sample
2026-07-20 00:47:37,288 [trainer.py] => stream_budget_mb: 250
2026-07-20 00:47:37,288 [trainer.py] => stop_after_tasks: 5
2026-07-20 00:47:37,288 [trainer.py] => stream_eval_final_only: True
2026-07-20 00:47:38,949 [data_manager.py] => [68, 56, 78, 8, 23, 84, 90, 65, 74, 76, 40, 89, 3, 92, 55, 9, 26, 80, 43, 38, 58, 70, 77, 1, 85, 19, 17, 50, 28, 53, 13, 81, 45, 82, 6, 59, 83, 16, 15, 44, 91, 41, 72, 60, 79, 52, 20, 10, 31, 54, 37, 95, 14, 71, 96, 98, 97, 2, 64, 66, 42, 22, 35, 86, 24, 34, 87, 21, 99, 0, 88, 27, 18, 94, 11, 12, 47, 25, 30, 46, 62, 69, 36, 61, 7, 63, 75, 5, 32, 4, 51, 48, 73, 93, 39, 67, 29, 49, 57, 33]
2026-07-20 00:47:41,511 [stream_mixin.py] => [stream] stop_after_tasks=5 (of 20 total)
2026-07-20 00:47:41,555 [stream_mixin.py] => [stream] unique-image budget 1741 images (250.0MB); 12500 total images, 5 tasks -> 8 chunks
