2026-07-16 17:01:56,726 [trainer.py] => config: ./exps/smoke/treelora_smoke.json
2026-07-16 17:01:56,726 [trainer.py] => dataset: cifar224
2026-07-16 17:01:56,726 [trainer.py] => memory_size: 0
2026-07-16 17:01:56,726 [trainer.py] => memory_per_class: 0
2026-07-16 17:01:56,726 [trainer.py] => fixed_memory: False
2026-07-16 17:01:56,726 [trainer.py] => shuffle: True
2026-07-16 17:01:56,726 [trainer.py] => init_cls: 5
2026-07-16 17:01:56,726 [trainer.py] => increment: 5
2026-07-16 17:01:56,726 [trainer.py] => backbone_type: vit_base_patch16_224_lora
2026-07-16 17:01:56,726 [trainer.py] => device: [device(type='cuda', index=0)]
2026-07-16 17:01:56,726 [trainer.py] => seed: 1993
2026-07-16 17:01:56,726 [trainer.py] => scenario: both
2026-07-16 17:01:56,726 [trainer.py] => lora_rank: 8
2026-07-16 17:01:56,726 [trainer.py] => lora_alpha: 32
2026-07-16 17:01:56,726 [trainer.py] => tuned_epoch: 2
2026-07-16 17:01:56,726 [trainer.py] => init_lr: 0.0003
2026-07-16 17:01:56,726 [trainer.py] => batch_size: 48
2026-07-16 17:01:56,726 [trainer.py] => weight_decay: 0.0005
2026-07-16 17:01:56,726 [trainer.py] => min_lr: 0.0
2026-07-16 17:01:56,726 [trainer.py] => pretrained: True
2026-07-16 17:01:56,726 [trainer.py] => print_forget: True
2026-07-16 17:01:56,727 [trainer.py] => model_name: treelora
2026-07-16 17:01:56,727 [trainer.py] => prefix: treelora_smoke
2026-07-16 17:01:56,727 [trainer.py] => reg: 0.5
2026-07-16 17:01:56,727 [trainer.py] => stop_after_tasks: 4
2026-07-16 17:01:56,727 [trainer.py] => final_metrics: True
2026-07-16 17:01:58,346 [data_manager.py] => [68, 56, 78, 8, 23, 84, 90, 65, 74, 76, 40, 89, 3, 92, 55, 9, 26, 80, 43, 38, 58, 70, 77, 1, 85, 19, 17, 50, 28, 53, 13, 81, 45, 82, 6, 59, 83, 16, 15, 44, 91, 41, 72, 60, 79, 52, 20, 10, 31, 54, 37, 95, 14, 71, 96, 98, 97, 2, 64, 66, 42, 22, 35, 86, 24, 34, 87, 21, 99, 0, 88, 27, 18, 94, 11, 12, 47, 25, 30, 46, 62, 69, 36, 61, 7, 63, 75, 5, 32, 4, 51, 48, 73, 93, 39, 67, 29, 49, 57, 33]
2026-07-16 17:02:00,873 [trainer.py] => stop_after_tasks=4 (of 20 total)
2026-07-16 17:02:01,188 [trainer.py] => All params: 91696896
2026-07-16 17:02:01,190 [trainer.py] => Trainable params: 5898240
2026-07-16 17:02:01,607 [lora.py] => Learning on 0-5
2026-07-16 17:02:01,614 [lora.py] => Trainable params this task: 298,757 / 91,700,741
2026-07-16 17:02:31,953 [treelora.py] => [TreeLoRA] Task 0 done. Acc 94.00
2026-07-16 17:02:35,882 [til_base.py] => TIL top1: 98.6
2026-07-16 17:02:35,883 [til_base.py] => CIL top1: 98.6 | TIL top1: 98.6
2026-07-16 17:02:35,887 [trainer.py] => No NME accuracy.
2026-07-16 17:02:35,887 [trainer.py] => CNN: {'total': np.float64(98.6), '00-04': np.float64(98.6), 'old': 0, 'new': np.float64(98.6)}
2026-07-16 17:02:35,887 [trainer.py] => CNN top1 curve: [np.float64(98.6)]
2026-07-16 17:02:35,887 [trainer.py] => CNN top5 curve: [np.float64(100.0)]

2026-07-16 17:02:35,887 [trainer.py] => Average Accuracy (CNN): 98.6 

2026-07-16 17:02:35,889 [trainer.py] => All params: 91700741
2026-07-16 17:02:35,891 [trainer.py] => Trainable params: 298757
2026-07-16 17:02:35,892 [lora.py] => Learning on 5-10
2026-07-16 17:02:35,899 [lora.py] => Trainable params this task: 302,602 / 91,704,586
2026-07-16 17:03:07,767 [treelora.py] => [TreeLoRA] Task 1 done. Acc 89.52
2026-07-16 17:03:15,235 [til_base.py] => TIL top1: 97.3
2026-07-16 17:03:15,235 [til_base.py] => CIL top1: 93.6 | TIL top1: 97.3
2026-07-16 17:03:15,242 [trainer.py] => No NME accuracy.
2026-07-16 17:03:15,242 [trainer.py] => CNN: {'total': np.float64(93.6), '00-04': np.float64(94.2), '05-09': np.float64(93.0), 'old': np.float64(94.2), 'new': np.float64(93.0)}
2026-07-16 17:03:15,243 [trainer.py] => CNN top1 curve: [np.float64(98.6), np.float64(93.6)]
2026-07-16 17:03:15,243 [trainer.py] => CNN top5 curve: [np.float64(100.0), np.float64(99.8)]

2026-07-16 17:03:15,243 [trainer.py] => Average Accuracy (CNN): 96.1 

2026-07-16 17:03:15,246 [trainer.py] => All params: 91704586
2026-07-16 17:03:15,250 [trainer.py] => Trainable params: 302602
2026-07-16 17:03:15,251 [lora.py] => Learning on 10-15
2026-07-16 17:03:15,263 [lora.py] => Trainable params this task: 306,447 / 91,708,431
2026-07-16 17:03:47,840 [treelora.py] => [TreeLoRA] Task 2 done. Acc 89.52
2026-07-16 17:03:59,052 [til_base.py] => TIL top1: 97.33
2026-07-16 17:03:59,053 [til_base.py] => CIL top1: 84.6 | TIL top1: 97.33
2026-07-16 17:03:59,057 [trainer.py] => No NME accuracy.
2026-07-16 17:03:59,057 [trainer.py] => CNN: {'total': np.float64(84.6), '00-04': np.float64(82.0), '05-09': np.float64(74.0), '10-14': np.float64(97.8), 'old': np.float64(78.0), 'new': np.float64(97.8)}
2026-07-16 17:03:59,057 [trainer.py] => CNN top1 curve: [np.float64(98.6), np.float64(93.6), np.float64(84.6)]
2026-07-16 17:03:59,057 [trainer.py] => CNN top5 curve: [np.float64(100.0), np.float64(99.8), np.float64(98.4)]

2026-07-16 17:03:59,057 [trainer.py] => Average Accuracy (CNN): 92.26666666666665 

2026-07-16 17:03:59,059 [trainer.py] => All params: 91708431
2026-07-16 17:03:59,061 [trainer.py] => Trainable params: 306447
2026-07-16 17:03:59,062 [lora.py] => Learning on 15-20
2026-07-16 17:03:59,069 [lora.py] => Trainable params this task: 310,292 / 91,712,276
2026-07-16 17:04:32,457 [treelora.py] => [TreeLoRA] Task 3 done. Acc 90.64
2026-07-16 17:04:47,515 [til_base.py] => TIL top1: 96.45
2026-07-16 17:04:47,515 [til_base.py] => CIL top1: 80.35 | TIL top1: 96.45
2026-07-16 17:04:47,525 [trainer.py] => No NME accuracy.
2026-07-16 17:04:47,525 [trainer.py] => CNN: {'total': np.float64(80.35), '00-04': np.float64(74.2), '05-09': np.float64(67.6), '10-14': np.float64(92.8), '15-19': np.float64(86.8), 'old': np.float64(78.2), 'new': np.float64(86.8)}
2026-07-16 17:04:47,525 [trainer.py] => CNN top1 curve: [np.float64(98.6), np.float64(93.6), np.float64(84.6), np.float64(80.35)]
2026-07-16 17:04:47,525 [trainer.py] => CNN top5 curve: [np.float64(100.0), np.float64(99.8), np.float64(98.4), np.float64(97.0)]

2026-07-16 17:04:47,525 [trainer.py] => Average Accuracy (CNN): 89.2875 

2026-07-16 17:04:49,710 [metrics_logger.py] => [metrics] wrote run_logs/final/treelora/metrics_treelora_cifar224_treelora_smoke_s1993.json
2026-07-16 17:04:49,711 [trainer.py] => Forgetting (CNN): 18.266666666666666
2026-07-16 17:04:49,711 [trainer.py] => Forgetting (NME): 18.266666666666666
2026-07-16 17:04:49,711 [trainer.py] => Forgetting (TIL): 2.5333333333333363
