2026-07-20 15:33:17,301 [trainer.py] => config: exps/review/native_defaults_smoke/tuna_cifar224.json
2026-07-20 15:33:17,301 [trainer.py] => prefix: native_defaults_smoke_tuna_cifar224
2026-07-20 15:33:17,301 [trainer.py] => dataset: cifar224
2026-07-20 15:33:17,301 [trainer.py] => memory_size: 0
2026-07-20 15:33:17,301 [trainer.py] => memory_per_class: 0
2026-07-20 15:33:17,301 [trainer.py] => fixed_memory: False
2026-07-20 15:33:17,301 [trainer.py] => shuffle: True
2026-07-20 15:33:17,301 [trainer.py] => init_cls: 5
2026-07-20 15:33:17,301 [trainer.py] => increment: 5
2026-07-20 15:33:17,301 [trainer.py] => model_name: tuna
2026-07-20 15:33:17,301 [trainer.py] => backbone_type: vit_base_patch16_224_in21k_tuna
2026-07-20 15:33:17,301 [trainer.py] => device: [device(type='cuda', index=1)]
2026-07-20 15:33:17,301 [trainer.py] => seed: 1993
2026-07-20 15:33:17,301 [trainer.py] => tuned_epoch: 15
2026-07-20 15:33:17,302 [trainer.py] => init_lr: 0.01
2026-07-20 15:33:17,302 [trainer.py] => batch_size: 16
2026-07-20 15:33:17,302 [trainer.py] => weight_decay: 0.0005
2026-07-20 15:33:17,302 [trainer.py] => min_lr: 0
2026-07-20 15:33:17,302 [trainer.py] => optimizer: sgd
2026-07-20 15:33:17,302 [trainer.py] => scheduler: cosine
2026-07-20 15:33:17,302 [trainer.py] => reinit_optimizer: True
2026-07-20 15:33:17,302 [trainer.py] => init_milestones: [10]
2026-07-20 15:33:17,302 [trainer.py] => init_lr_decay: 0.1
2026-07-20 15:33:17,302 [trainer.py] => reg: 0.001
2026-07-20 15:33:17,302 [trainer.py] => use_orth: False
2026-07-20 15:33:17,302 [trainer.py] => crct_epochs: 30
2026-07-20 15:33:17,302 [trainer.py] => ca_lr: 0.005
2026-07-20 15:33:17,302 [trainer.py] => ca_storage_efficient_method: covariance
2026-07-20 15:33:17,302 [trainer.py] => ca_storage_efficient_method_choices: ['covariance', 'variance']
2026-07-20 15:33:17,302 [trainer.py] => decay: False
2026-07-20 15:33:17,302 [trainer.py] => pretrained: True
2026-07-20 15:33:17,302 [trainer.py] => drop: 0.0
2026-07-20 15:33:17,302 [trainer.py] => drop_path: 0.0
2026-07-20 15:33:17,302 [trainer.py] => r: 16
2026-07-20 15:33:17,302 [trainer.py] => scale: 20.0
2026-07-20 15:33:17,302 [trainer.py] => m: 0.0
2026-07-20 15:33:17,302 [trainer.py] => stop_after_tasks: 3
2026-07-20 15:33:17,302 [trainer.py] => final_metrics: True
2026-07-20 15:33:17,302 [trainer.py] => print_forget: True
2026-07-20 15:33:18,934 [data_manager.py] => [68, 56, 78, 8, 23, 84, 90, 65, 74, 76, 40, 89, 3, 92, 55, 9, 26, 80, 43, 38, 58, 70, 77, 1, 85, 19, 17, 50, 28, 53, 13, 81, 45, 82, 6, 59, 83, 16, 15, 44, 91, 41, 72, 60, 79, 52, 20, 10, 31, 54, 37, 95, 14, 71, 96, 98, 97, 2, 64, 66, 42, 22, 35, 86, 24, 34, 87, 21, 99, 0, 88, 27, 18, 94, 11, 12, 47, 25, 30, 46, 62, 69, 36, 61, 7, 63, 75, 5, 32, 4, 51, 48, 73, 93, 39, 67, 29, 49, 57, 33]
2026-07-20 16:11:49,191 [trainer.py] => config: exps/review/native_defaults_smoke/tuna_cifar224.json
2026-07-20 16:11:49,191 [trainer.py] => prefix: native_defaults_smoke_tuna_cifar224
2026-07-20 16:11:49,191 [trainer.py] => dataset: cifar224
2026-07-20 16:11:49,191 [trainer.py] => memory_size: 0
2026-07-20 16:11:49,191 [trainer.py] => memory_per_class: 0
2026-07-20 16:11:49,191 [trainer.py] => fixed_memory: False
2026-07-20 16:11:49,191 [trainer.py] => shuffle: True
2026-07-20 16:11:49,191 [trainer.py] => init_cls: 5
2026-07-20 16:11:49,191 [trainer.py] => increment: 5
2026-07-20 16:11:49,191 [trainer.py] => model_name: tuna
2026-07-20 16:11:49,192 [trainer.py] => backbone_type: vit_base_patch16_224_in21k_tuna
2026-07-20 16:11:49,192 [trainer.py] => device: [device(type='cuda', index=0)]
2026-07-20 16:11:49,192 [trainer.py] => seed: 1993
2026-07-20 16:11:49,192 [trainer.py] => tuned_epoch: 15
2026-07-20 16:11:49,192 [trainer.py] => init_lr: 0.01
2026-07-20 16:11:49,192 [trainer.py] => batch_size: 16
2026-07-20 16:11:49,192 [trainer.py] => weight_decay: 0.0005
2026-07-20 16:11:49,192 [trainer.py] => min_lr: 0
2026-07-20 16:11:49,192 [trainer.py] => optimizer: sgd
2026-07-20 16:11:49,192 [trainer.py] => scheduler: cosine
2026-07-20 16:11:49,192 [trainer.py] => reinit_optimizer: True
2026-07-20 16:11:49,192 [trainer.py] => init_milestones: [10]
2026-07-20 16:11:49,192 [trainer.py] => init_lr_decay: 0.1
2026-07-20 16:11:49,192 [trainer.py] => reg: 0.001
2026-07-20 16:11:49,192 [trainer.py] => use_orth: False
2026-07-20 16:11:49,192 [trainer.py] => crct_epochs: 30
2026-07-20 16:11:49,192 [trainer.py] => ca_lr: 0.005
2026-07-20 16:11:49,192 [trainer.py] => ca_storage_efficient_method: covariance
2026-07-20 16:11:49,192 [trainer.py] => ca_storage_efficient_method_choices: ['covariance', 'variance']
2026-07-20 16:11:49,192 [trainer.py] => decay: False
2026-07-20 16:11:49,192 [trainer.py] => pretrained: True
2026-07-20 16:11:49,192 [trainer.py] => drop: 0.0
2026-07-20 16:11:49,193 [trainer.py] => drop_path: 0.0
2026-07-20 16:11:49,193 [trainer.py] => r: 16
2026-07-20 16:11:49,193 [trainer.py] => scale: 20.0
2026-07-20 16:11:49,193 [trainer.py] => m: 0.0
2026-07-20 16:11:49,193 [trainer.py] => stop_after_tasks: 3
2026-07-20 16:11:49,193 [trainer.py] => final_metrics: True
2026-07-20 16:11:49,193 [trainer.py] => print_forget: True
2026-07-20 16:11:50,873 [data_manager.py] => [68, 56, 78, 8, 23, 84, 90, 65, 74, 76, 40, 89, 3, 92, 55, 9, 26, 80, 43, 38, 58, 70, 77, 1, 85, 19, 17, 50, 28, 53, 13, 81, 45, 82, 6, 59, 83, 16, 15, 44, 91, 41, 72, 60, 79, 52, 20, 10, 31, 54, 37, 95, 14, 71, 96, 98, 97, 2, 64, 66, 42, 22, 35, 86, 24, 34, 87, 21, 99, 0, 88, 27, 18, 94, 11, 12, 47, 25, 30, 46, 62, 69, 36, 61, 7, 63, 75, 5, 32, 4, 51, 48, 73, 93, 39, 67, 29, 49, 57, 33]
2026-07-20 16:11:54,225 [tuna.py] => 86,179,876 model total parameters.
2026-07-20 16:11:54,226 [tuna.py] => 381,220 model training parameters.
2026-07-20 16:11:54,226 [tuna.py] => backbone.head.weight: 76800
2026-07-20 16:11:54,226 [tuna.py] => backbone.head.bias: 100
2026-07-20 16:11:54,226 [tuna.py] => backbone.cur_adapter.0.down_proj.weight: 12288
2026-07-20 16:11:54,226 [tuna.py] => backbone.cur_adapter.0.down_proj.bias: 16
2026-07-20 16:11:54,226 [tuna.py] => backbone.cur_adapter.0.up_proj.weight: 12288
2026-07-20 16:11:54,226 [tuna.py] => backbone.cur_adapter.0.up_proj.bias: 768
2026-07-20 16:11:54,226 [tuna.py] => backbone.cur_adapter.1.down_proj.weight: 12288
2026-07-20 16:11:54,226 [tuna.py] => backbone.cur_adapter.1.down_proj.bias: 16
2026-07-20 16:11:54,227 [tuna.py] => backbone.cur_adapter.1.up_proj.weight: 12288
2026-07-20 16:11:54,227 [tuna.py] => backbone.cur_adapter.1.up_proj.bias: 768
2026-07-20 16:11:54,227 [tuna.py] => backbone.cur_adapter.2.down_proj.weight: 12288
2026-07-20 16:11:54,227 [tuna.py] => backbone.cur_adapter.2.down_proj.bias: 16
2026-07-20 16:11:54,227 [tuna.py] => backbone.cur_adapter.2.up_proj.weight: 12288
2026-07-20 16:11:54,227 [tuna.py] => backbone.cur_adapter.2.up_proj.bias: 768
2026-07-20 16:11:54,227 [tuna.py] => backbone.cur_adapter.3.down_proj.weight: 12288
2026-07-20 16:11:54,227 [tuna.py] => backbone.cur_adapter.3.down_proj.bias: 16
2026-07-20 16:11:54,227 [tuna.py] => backbone.cur_adapter.3.up_proj.weight: 12288
2026-07-20 16:11:54,227 [tuna.py] => backbone.cur_adapter.3.up_proj.bias: 768
2026-07-20 16:11:54,227 [tuna.py] => backbone.cur_adapter.4.down_proj.weight: 12288
2026-07-20 16:11:54,227 [tuna.py] => backbone.cur_adapter.4.down_proj.bias: 16
2026-07-20 16:11:54,227 [tuna.py] => backbone.cur_adapter.4.up_proj.weight: 12288
2026-07-20 16:11:54,227 [tuna.py] => backbone.cur_adapter.4.up_proj.bias: 768
2026-07-20 16:11:54,227 [tuna.py] => backbone.cur_adapter.5.down_proj.weight: 12288
2026-07-20 16:11:54,227 [tuna.py] => backbone.cur_adapter.5.down_proj.bias: 16
2026-07-20 16:11:54,227 [tuna.py] => backbone.cur_adapter.5.up_proj.weight: 12288
2026-07-20 16:11:54,227 [tuna.py] => backbone.cur_adapter.5.up_proj.bias: 768
2026-07-20 16:11:54,227 [tuna.py] => backbone.cur_adapter.6.down_proj.weight: 12288
2026-07-20 16:11:54,227 [tuna.py] => backbone.cur_adapter.6.down_proj.bias: 16
2026-07-20 16:11:54,227 [tuna.py] => backbone.cur_adapter.6.up_proj.weight: 12288
2026-07-20 16:11:54,227 [tuna.py] => backbone.cur_adapter.6.up_proj.bias: 768
2026-07-20 16:11:54,228 [tuna.py] => backbone.cur_adapter.7.down_proj.weight: 12288
2026-07-20 16:11:54,228 [tuna.py] => backbone.cur_adapter.7.down_proj.bias: 16
2026-07-20 16:11:54,228 [tuna.py] => backbone.cur_adapter.7.up_proj.weight: 12288
2026-07-20 16:11:54,228 [tuna.py] => backbone.cur_adapter.7.up_proj.bias: 768
2026-07-20 16:11:54,228 [tuna.py] => backbone.cur_adapter.8.down_proj.weight: 12288
2026-07-20 16:11:54,228 [tuna.py] => backbone.cur_adapter.8.down_proj.bias: 16
2026-07-20 16:11:54,228 [tuna.py] => backbone.cur_adapter.8.up_proj.weight: 12288
2026-07-20 16:11:54,228 [tuna.py] => backbone.cur_adapter.8.up_proj.bias: 768
2026-07-20 16:11:54,228 [tuna.py] => backbone.cur_adapter.9.down_proj.weight: 12288
2026-07-20 16:11:54,228 [tuna.py] => backbone.cur_adapter.9.down_proj.bias: 16
2026-07-20 16:11:54,228 [tuna.py] => backbone.cur_adapter.9.up_proj.weight: 12288
2026-07-20 16:11:54,228 [tuna.py] => backbone.cur_adapter.9.up_proj.bias: 768
2026-07-20 16:11:54,228 [tuna.py] => backbone.cur_adapter.10.down_proj.weight: 12288
2026-07-20 16:11:54,228 [tuna.py] => backbone.cur_adapter.10.down_proj.bias: 16
2026-07-20 16:11:54,228 [tuna.py] => backbone.cur_adapter.10.up_proj.weight: 12288
2026-07-20 16:11:54,228 [tuna.py] => backbone.cur_adapter.10.up_proj.bias: 768
2026-07-20 16:11:54,228 [tuna.py] => backbone.cur_adapter.11.down_proj.weight: 12288
2026-07-20 16:11:54,228 [tuna.py] => backbone.cur_adapter.11.down_proj.bias: 16
2026-07-20 16:11:54,228 [tuna.py] => backbone.cur_adapter.11.up_proj.weight: 12288
2026-07-20 16:11:54,228 [tuna.py] => backbone.cur_adapter.11.up_proj.bias: 768
2026-07-20 16:11:54,228 [trainer.py] => stop_after_tasks=3 (of 20 total)
2026-07-20 16:11:54,238 [trainer.py] => All params: 86179876
2026-07-20 16:11:54,239 [trainer.py] => Trainable params: 381220
2026-07-20 16:11:54,239 [tuna.py] => Learning on 0-5
2026-07-20 16:22:39,545 [tuna.py] => Task 0, Epoch 15/15 => Loss 0.104, Train_accy 96.64
2026-07-20 16:22:58,791 [trainer.py] => No NME accuracy.
2026-07-20 16:22:58,791 [trainer.py] => CNN: {'total': 99.8, '00-04': 99.8, 'old': 0, 'new': 99.8}
2026-07-20 16:22:58,792 [trainer.py] => CNN top1 curve: [99.8]
2026-07-20 16:22:58,792 [trainer.py] => CNN top5 curve: [100.0]

2026-07-20 16:22:58,792 [trainer.py] => Average Accuracy (CNN): 99.8 

2026-07-20 16:22:58,792 [trainer.py] => All params: 86488036
2026-07-20 16:22:58,793 [trainer.py] => Trainable params: 689380
2026-07-20 16:22:58,793 [tuna.py] => Learning on 5-10
2026-07-20 16:33:45,570 [tuna.py] => Task 1, Epoch 15/15 => Loss 0.116, Train_accy 92.52
2026-07-20 16:34:06,158 [tuna.py] => Task 1, Epoch 30/30 => Loss 0.024, CA_accy 100.00
2026-07-20 16:34:24,760 [trainer.py] => No NME accuracy.
2026-07-20 16:34:24,760 [trainer.py] => CNN: {'total': 98.9, '00-04': 99.4, '05-09': 98.4, 'old': 99.4, 'new': 98.4}
2026-07-20 16:34:24,760 [trainer.py] => CNN top1 curve: [99.8, 98.9]
2026-07-20 16:34:24,760 [trainer.py] => CNN top5 curve: [100.0, 99.9]

2026-07-20 16:34:24,761 [trainer.py] => Average Accuracy (CNN): 99.35 

2026-07-20 16:34:24,762 [trainer.py] => All params: 87100516
2026-07-20 16:34:24,764 [trainer.py] => Trainable params: 1301860
2026-07-20 16:34:24,765 [tuna.py] => Learning on 10-15
2026-07-20 16:44:53,692 [tuna.py] => Task 2, Epoch 15/15 => Loss 0.117, Train_accy 90.56
2026-07-20 16:45:15,850 [tuna.py] => Task 2, Epoch 30/30 => Loss 0.033, CA_accy 99.75
2026-07-20 16:45:52,601 [trainer.py] => No NME accuracy.
2026-07-20 16:45:52,601 [trainer.py] => CNN: {'total': 98.13, '00-04': 99.2, '05-09': 97.2, '10-14': 98.0, 'old': 98.2, 'new': 98.0}
2026-07-20 16:45:52,601 [trainer.py] => CNN top1 curve: [99.8, 98.9, 98.13]
2026-07-20 16:45:52,601 [trainer.py] => CNN top5 curve: [100.0, 99.9, 99.87]

2026-07-20 16:45:52,601 [trainer.py] => Average Accuracy (CNN): 98.94333333333333 

2026-07-20 16:45:58,470 [metrics_logger.py] => [metrics] wrote run_logs/final/tuna/metrics_tuna_cifar224_native_defaults_smoke_tuna_cifar224_s1993.json
2026-07-20 16:45:58,471 [trainer.py] => Forgetting (CNN): 0.8999999999999986
2026-07-20 16:45:58,471 [trainer.py] => Forgetting (NME): 0.8999999999999986
