2026-07-19 16:07:56,417 [trainer.py] => config: exps/review/stream_smoke/food101_500mb_rainbowprompt.json
2026-07-19 16:07:56,418 [trainer.py] => dataset: food101
2026-07-19 16:07:56,418 [trainer.py] => memory_size: 0
2026-07-19 16:07:56,418 [trainer.py] => memory_per_class: 0
2026-07-19 16:07:56,418 [trainer.py] => fixed_memory: False
2026-07-19 16:07:56,418 [trainer.py] => shuffle: True
2026-07-19 16:07:56,418 [trainer.py] => init_cls: 6
2026-07-19 16:07:56,418 [trainer.py] => increment: 5
2026-07-19 16:07:56,418 [trainer.py] => seed: 1993
2026-07-19 16:07:56,418 [trainer.py] => scenario: cil
2026-07-19 16:07:56,418 [trainer.py] => pretrained: True
2026-07-19 16:07:56,418 [trainer.py] => print_forget: True
2026-07-19 16:07:56,418 [trainer.py] => final_metrics: True
2026-07-19 16:07:56,418 [trainer.py] => backbone_type: vit_base_patch16_224_rainbowprompt
2026-07-19 16:07:56,418 [trainer.py] => tuned_epoch: 20
2026-07-19 16:07:56,418 [trainer.py] => init_lr: 0.03
2026-07-19 16:07:56,418 [trainer.py] => batch_size: 48
2026-07-19 16:07:56,418 [trainer.py] => weight_decay: 0.0
2026-07-19 16:07:56,418 [trainer.py] => min_lr: 0.0
2026-07-19 16:07:56,418 [trainer.py] => model_name: rainbowprompt
2026-07-19 16:07:56,418 [trainer.py] => rp_length: 20
2026-07-19 16:07:56,419 [trainer.py] => self_attn_idx: [0, 1, 2, 3, 4, 5]
2026-07-19 16:07:56,419 [trainer.py] => KI_iter: 10
2026-07-19 16:07:56,419 [trainer.py] => pull_constraint_coeff: 0.1
2026-07-19 16:07:56,419 [trainer.py] => use_linear: True
2026-07-19 16:07:56,419 [trainer.py] => rp_D1: 28
2026-07-19 16:07:56,419 [trainer.py] => rp_D2: 56
2026-07-19 16:07:56,419 [trainer.py] => device: [device(type='cuda', index=1)]
2026-07-19 16:07:56,419 [trainer.py] => prefix: stream_smoke_food101_500mb_rainbowprompt
2026-07-19 16:07:56,419 [trainer.py] => boundary_mode: sample
2026-07-19 16:07:56,419 [trainer.py] => stream_budget_mb: 500
2026-07-19 16:07:56,419 [trainer.py] => stop_after_tasks: 5
2026-07-19 16:07:56,694 [data_manager.py] => [68, 56, 78, 8, 23, 84, 90, 65, 74, 76, 40, 89, 3, 92, 55, 9, 26, 80, 43, 38, 58, 70, 77, 1, 85, 19, 17, 50, 28, 53, 13, 81, 45, 82, 6, 59, 83, 16, 15, 44, 91, 41, 72, 60, 79, 52, 20, 10, 31, 54, 37, 95, 14, 71, 96, 99, 98, 2, 64, 66, 42, 22, 35, 86, 24, 34, 87, 21, 100, 0, 88, 27, 18, 94, 11, 12, 47, 25, 30, 46, 62, 69, 36, 61, 7, 63, 75, 5, 32, 4, 51, 48, 73, 93, 39, 67, 29, 97, 49, 57, 33]
2026-07-19 16:07:59,999 [stream_mixin.py] => [stream] stop_after_tasks=5 (of 20 total)
2026-07-19 16:07:59,999 [stream_mixin.py] => [stream] adapter event every 3483 samples (memory constraint 500.0MB); eval after each fold on completed tasks
2026-07-19 16:22:59,918 [stream_mixin.py] => [stream eval] completed  1 | chunk  19 | CIL 98.60
2026-07-19 16:38:47,741 [stream_mixin.py] => [stream eval] completed  2 | chunk  39 | CIL 94.36
2026-07-19 16:59:38,940 [stream_mixin.py] => [stream eval] completed  3 | chunk  59 | CIL 90.80
