2026-07-19 23:42:39,377 [trainer.py] => config: exps/review/budget250mb_check/food101_progprompt.json
2026-07-19 23:42:39,377 [trainer.py] => dataset: food101
2026-07-19 23:42:39,377 [trainer.py] => memory_size: 0
2026-07-19 23:42:39,377 [trainer.py] => memory_per_class: 0
2026-07-19 23:42:39,377 [trainer.py] => fixed_memory: False
2026-07-19 23:42:39,377 [trainer.py] => shuffle: True
2026-07-19 23:42:39,377 [trainer.py] => init_cls: 6
2026-07-19 23:42:39,377 [trainer.py] => increment: 5
2026-07-19 23:42:39,378 [trainer.py] => seed: 1993
2026-07-19 23:42:39,378 [trainer.py] => scenario: cil
2026-07-19 23:42:39,378 [trainer.py] => pretrained: True
2026-07-19 23:42:39,378 [trainer.py] => print_forget: True
2026-07-19 23:42:39,378 [trainer.py] => backbone_type: vit_base_patch16_224_progprompt
2026-07-19 23:42:39,378 [trainer.py] => tuned_epoch: 15
2026-07-19 23:42:39,378 [trainer.py] => init_lr: 0.0003
2026-07-19 23:42:39,378 [trainer.py] => batch_size: 48
2026-07-19 23:42:39,378 [trainer.py] => weight_decay: 0.0
2026-07-19 23:42:39,378 [trainer.py] => min_lr: 0.0
2026-07-19 23:42:39,378 [trainer.py] => model_name: progprompt
2026-07-19 23:42:39,378 [trainer.py] => prompt_len: 10
2026-07-19 23:42:39,378 [trainer.py] => device: [device(type='cuda', index=0)]
2026-07-19 23:42:39,378 [trainer.py] => prefix: budget250mb_check_food101_progprompt
2026-07-19 23:42:39,378 [trainer.py] => boundary_mode: sample
2026-07-19 23:42:39,378 [trainer.py] => stream_budget_mb: 250
2026-07-19 23:42:39,378 [trainer.py] => stop_after_tasks: 5
2026-07-19 23:42:39,653 [data_manager.py] => [68, 56, 78, 8, 23, 84, 90, 65, 74, 76, 40, 89, 3, 92, 55, 9, 26, 80, 43, 38, 58, 70, 77, 1, 85, 19, 17, 50, 28, 53, 13, 81, 45, 82, 6, 59, 83, 16, 15, 44, 91, 41, 72, 60, 79, 52, 20, 10, 31, 54, 37, 95, 14, 71, 96, 99, 98, 2, 64, 66, 42, 22, 35, 86, 24, 34, 87, 21, 100, 0, 88, 27, 18, 94, 11, 12, 47, 25, 30, 46, 62, 69, 36, 61, 7, 63, 75, 5, 32, 4, 51, 48, 73, 93, 39, 67, 29, 97, 49, 57, 33]
2026-07-19 23:42:42,333 [stream_mixin.py] => [stream] stop_after_tasks=5 (of 20 total)
2026-07-19 23:42:42,338 [stream_mixin.py] => [stream] unique-image budget 1741 images (250.0MB); 19500 total images, 5 tasks -> 12 chunks
2026-07-19 23:51:17,567 [stream_mixin.py] => [stream eval] completed  1 | chunk   2 | CIL 97.40
2026-07-19 23:57:35,548 [stream_mixin.py] => [stream eval] completed  2 | chunk   4 | CIL 92.04
2026-07-20 00:04:55,476 [stream_mixin.py] => [stream eval] completed  3 | chunk   6 | CIL 89.95
2026-07-20 00:16:41,172 [stream_mixin.py] => [stream eval] completed  4 | chunk   9 | CIL 80.88
2026-07-20 00:22:10,200 [stream_mixin.py] => [stream eval] completed  5 | chunk  11 | CIL 75.78
2026-07-20 00:22:10,200 [trainer.py] => [stream] completed-task checkpoints: [1, 2, 3, 4, 5]
2026-07-20 00:22:10,200 [trainer.py] => [stream] CIL curve: [97.4, 92.04, 89.95, 80.88, 75.78]
2026-07-20 00:22:10,200 [trainer.py] => [stream] FINAL  CIL 75.78  (over 5 tasks) -- TIL not computed (meaningless in the memory-increment setup)
2026-07-20 00:54:21,472 [trainer.py] => config: exps/review/budget250mb_check/food101_progprompt.json
2026-07-20 00:54:21,472 [trainer.py] => dataset: food101
2026-07-20 00:54:21,472 [trainer.py] => memory_size: 0
2026-07-20 00:54:21,472 [trainer.py] => memory_per_class: 0
2026-07-20 00:54:21,472 [trainer.py] => fixed_memory: False
2026-07-20 00:54:21,472 [trainer.py] => shuffle: True
2026-07-20 00:54:21,472 [trainer.py] => init_cls: 6
2026-07-20 00:54:21,472 [trainer.py] => increment: 5
2026-07-20 00:54:21,472 [trainer.py] => seed: 1993
2026-07-20 00:54:21,472 [trainer.py] => scenario: cil
2026-07-20 00:54:21,473 [trainer.py] => pretrained: True
2026-07-20 00:54:21,473 [trainer.py] => print_forget: True
2026-07-20 00:54:21,473 [trainer.py] => backbone_type: vit_base_patch16_224_progprompt
2026-07-20 00:54:21,473 [trainer.py] => tuned_epoch: 15
2026-07-20 00:54:21,473 [trainer.py] => init_lr: 0.0003
2026-07-20 00:54:21,473 [trainer.py] => batch_size: 48
2026-07-20 00:54:21,473 [trainer.py] => weight_decay: 0.0
2026-07-20 00:54:21,473 [trainer.py] => min_lr: 0.0
2026-07-20 00:54:21,473 [trainer.py] => model_name: progprompt
2026-07-20 00:54:21,473 [trainer.py] => prompt_len: 10
2026-07-20 00:54:21,473 [trainer.py] => device: [device(type='cuda', index=0)]
2026-07-20 00:54:21,473 [trainer.py] => prefix: budget250mb_check_food101_progprompt
2026-07-20 00:54:21,473 [trainer.py] => boundary_mode: sample
2026-07-20 00:54:21,473 [trainer.py] => stream_budget_mb: 250
2026-07-20 00:54:21,473 [trainer.py] => stop_after_tasks: 5
2026-07-20 00:54:21,473 [trainer.py] => stream_eval_final_only: True
2026-07-20 00:54:21,747 [data_manager.py] => [68, 56, 78, 8, 23, 84, 90, 65, 74, 76, 40, 89, 3, 92, 55, 9, 26, 80, 43, 38, 58, 70, 77, 1, 85, 19, 17, 50, 28, 53, 13, 81, 45, 82, 6, 59, 83, 16, 15, 44, 91, 41, 72, 60, 79, 52, 20, 10, 31, 54, 37, 95, 14, 71, 96, 99, 98, 2, 64, 66, 42, 22, 35, 86, 24, 34, 87, 21, 100, 0, 88, 27, 18, 94, 11, 12, 47, 25, 30, 46, 62, 69, 36, 61, 7, 63, 75, 5, 32, 4, 51, 48, 73, 93, 39, 67, 29, 97, 49, 57, 33]
2026-07-20 00:54:24,408 [stream_mixin.py] => [stream] stop_after_tasks=5 (of 20 total)
2026-07-20 00:54:24,413 [stream_mixin.py] => [stream] unique-image budget 1741 images (250.0MB); 19500 total images, 5 tasks -> 12 chunks
