2026-07-19 17:01:04,769 [trainer.py] => config: exps/review/single_task_check/food101_progprompt.json
2026-07-19 17:01:04,769 [trainer.py] => dataset: food101
2026-07-19 17:01:04,769 [trainer.py] => memory_size: 0
2026-07-19 17:01:04,769 [trainer.py] => memory_per_class: 0
2026-07-19 17:01:04,770 [trainer.py] => fixed_memory: False
2026-07-19 17:01:04,770 [trainer.py] => shuffle: True
2026-07-19 17:01:04,770 [trainer.py] => init_cls: 6
2026-07-19 17:01:04,770 [trainer.py] => increment: 5
2026-07-19 17:01:04,770 [trainer.py] => seed: 1993
2026-07-19 17:01:04,770 [trainer.py] => scenario: cil
2026-07-19 17:01:04,770 [trainer.py] => stop_after_tasks: 1
2026-07-19 17:01:04,770 [trainer.py] => pretrained: True
2026-07-19 17:01:04,770 [trainer.py] => print_forget: True
2026-07-19 17:01:04,770 [trainer.py] => final_metrics: True
2026-07-19 17:01:04,770 [trainer.py] => backbone_type: vit_base_patch16_224_progprompt
2026-07-19 17:01:04,770 [trainer.py] => tuned_epoch: 5
2026-07-19 17:01:04,770 [trainer.py] => init_lr: 0.0015
2026-07-19 17:01:04,770 [trainer.py] => batch_size: 48
2026-07-19 17:01:04,770 [trainer.py] => weight_decay: 0.0
2026-07-19 17:01:04,770 [trainer.py] => min_lr: 0.0
2026-07-19 17:01:04,770 [trainer.py] => model_name: progprompt
2026-07-19 17:01:04,770 [trainer.py] => prompt_len: 10
2026-07-19 17:01:04,770 [trainer.py] => device: [device(type='cuda', index=4)]
2026-07-19 17:01:04,770 [trainer.py] => prefix: single_task_check_food101_progprompt
2026-07-19 17:01:05,043 [data_manager.py] => [68, 56, 78, 8, 23, 84, 90, 65, 74, 76, 40, 89, 3, 92, 55, 9, 26, 80, 43, 38, 58, 70, 77, 1, 85, 19, 17, 50, 28, 53, 13, 81, 45, 82, 6, 59, 83, 16, 15, 44, 91, 41, 72, 60, 79, 52, 20, 10, 31, 54, 37, 95, 14, 71, 96, 99, 98, 2, 64, 66, 42, 22, 35, 86, 24, 34, 87, 21, 100, 0, 88, 27, 18, 94, 11, 12, 47, 25, 30, 46, 62, 69, 36, 61, 7, 63, 75, 5, 32, 4, 51, 48, 73, 93, 39, 67, 29, 97, 49, 57, 33]
2026-07-19 17:01:07,763 [trainer.py] => stop_after_tasks=1 (of 20 total)
2026-07-19 17:01:08,011 [trainer.py] => All params: 85952256
2026-07-19 17:01:08,012 [trainer.py] => Trainable params: 153600
2026-07-19 17:01:08,311 [progprompt.py] => [ProgPrompt] Learning on 0-6
2026-07-19 17:03:27,537 [progprompt.py] => [ProgPrompt] Task 0 done. Acc 95.47
2026-07-19 17:03:32,562 [trainer.py] => No NME accuracy.
2026-07-19 17:03:32,562 [trainer.py] => CNN: {'total': 97.53, '00-05': 97.53, 'old': 0, 'new': 97.53}
2026-07-19 17:03:32,562 [trainer.py] => CNN top1 curve: [97.53]
2026-07-19 17:03:32,563 [trainer.py] => CNN top5 curve: [100.0]

2026-07-19 17:03:32,563 [trainer.py] => Average Accuracy (CNN): 97.53 

2026-07-19 17:03:32,563 [metrics_logger.py] => [metrics] Learner has no _deployed_forward; skipping inference-cost measurement
2026-07-19 17:03:32,563 [metrics_logger.py] => [metrics] wrote run_logs/final/progprompt/metrics_progprompt_food101_single_task_check_food101_progprompt_s1993.json
2026-07-19 17:03:32,565 [trainer.py] => Forgetting (CNN): nan
2026-07-19 17:03:32,565 [trainer.py] => Forgetting (NME): nan
