2026-07-19 17:49:38,206 [trainer.py] => config: exps/review/three_task_check/imagenetr_ease.json
2026-07-19 17:49:38,206 [trainer.py] => dataset: imagenetr
2026-07-19 17:49:38,206 [trainer.py] => memory_size: 0
2026-07-19 17:49:38,206 [trainer.py] => memory_per_class: 0
2026-07-19 17:49:38,207 [trainer.py] => fixed_memory: False
2026-07-19 17:49:38,207 [trainer.py] => shuffle: True
2026-07-19 17:49:38,207 [trainer.py] => init_cls: 10
2026-07-19 17:49:38,207 [trainer.py] => increment: 10
2026-07-19 17:49:38,207 [trainer.py] => seed: 1993
2026-07-19 17:49:38,207 [trainer.py] => scenario: cil
2026-07-19 17:49:38,207 [trainer.py] => stop_after_tasks: 3
2026-07-19 17:49:38,207 [trainer.py] => pretrained: True
2026-07-19 17:49:38,207 [trainer.py] => print_forget: True
2026-07-19 17:49:38,207 [trainer.py] => final_metrics: True
2026-07-19 17:49:38,207 [trainer.py] => backbone_type: vit_base_patch16_224_ease
2026-07-19 17:49:38,207 [trainer.py] => init_epochs: 20
2026-07-19 17:49:38,207 [trainer.py] => init_lr: 0.0005
2026-07-19 17:49:38,207 [trainer.py] => later_epochs: 20
2026-07-19 17:49:38,207 [trainer.py] => later_lr: 0.0005
2026-07-19 17:49:38,207 [trainer.py] => batch_size: 128
2026-07-19 17:49:38,207 [trainer.py] => weight_decay: 0.005
2026-07-19 17:49:38,207 [trainer.py] => min_lr: 0
2026-07-19 17:49:38,207 [trainer.py] => optimizer: adamw
2026-07-19 17:49:38,207 [trainer.py] => scheduler: cosine
2026-07-19 17:49:38,207 [trainer.py] => model_name: ease
2026-07-19 17:49:38,207 [trainer.py] => vpt_type: Deep
2026-07-19 17:49:38,208 [trainer.py] => prompt_token_num: 5
2026-07-19 17:49:38,208 [trainer.py] => ffn_num: 8
2026-07-19 17:49:38,208 [trainer.py] => use_diagonal: False
2026-07-19 17:49:38,208 [trainer.py] => recalc_sim: True
2026-07-19 17:49:38,208 [trainer.py] => alpha: 0.1
2026-07-19 17:49:38,208 [trainer.py] => use_init_ptm: False
2026-07-19 17:49:38,208 [trainer.py] => beta: 0
2026-07-19 17:49:38,208 [trainer.py] => use_old_data: False
2026-07-19 17:49:38,208 [trainer.py] => use_reweight: True
2026-07-19 17:49:38,208 [trainer.py] => moni_adam: False
2026-07-19 17:49:38,208 [trainer.py] => adapter_num: -1
2026-07-19 17:49:38,208 [trainer.py] => device: [device(type='cuda', index=2)]
2026-07-19 17:49:38,208 [trainer.py] => prefix: three_task_check_imagenetr_ease
2026-07-19 17:49:38,296 [data_manager.py] => [168, 136, 51, 9, 183, 101, 171, 99, 42, 159, 191, 70, 16, 188, 27, 10, 175, 26, 68, 187, 98, 6, 85, 35, 112, 43, 100, 0, 103, 181, 88, 59, 4, 2, 116, 174, 94, 80, 106, 1, 147, 17, 141, 131, 72, 23, 173, 54, 197, 118, 87, 32, 79, 104, 91, 19, 135, 107, 178, 36, 11, 199, 142, 8, 122, 3, 28, 57, 153, 172, 190, 56, 49, 44, 97, 62, 151, 169, 194, 55, 192, 12, 189, 78, 66, 180, 15, 137, 109, 134, 92, 119, 126, 52, 170, 40, 148, 65, 144, 64, 138, 45, 77, 89, 154, 90, 71, 193, 74, 30, 113, 143, 96, 84, 67, 50, 186, 156, 69, 21, 18, 111, 108, 58, 125, 157, 150, 110, 182, 129, 166, 83, 81, 60, 13, 165, 14, 176, 63, 117, 5, 22, 145, 121, 38, 41, 82, 127, 114, 20, 31, 53, 37, 163, 196, 130, 152, 162, 86, 76, 24, 34, 184, 149, 33, 128, 198, 155, 146, 167, 139, 120, 140, 102, 47, 25, 158, 123, 46, 164, 61, 7, 115, 75, 133, 160, 105, 132, 179, 124, 48, 73, 93, 39, 95, 195, 29, 177, 185, 161]
2026-07-19 17:49:41,514 [trainer.py] => stop_after_tasks=3 (of 20 total)
2026-07-19 17:49:41,515 [trainer.py] => All params: 85955424
2026-07-19 17:49:41,516 [trainer.py] => Trainable params: 156768
2026-07-19 17:49:41,522 [ease.py] => Learning on 0-10
2026-07-19 17:52:19,688 [ease.py] => Task 0, Epoch 20/20 => Loss 1.571, Train_accy 86.43
2026-07-19 17:52:26,640 [ease.py] => Task correct: 100.0
2026-07-19 17:52:26,640 [ease.py] => Task acc: 95.25316455696202
2026-07-19 17:52:26,651 [trainer.py] => No NME accuracy.
2026-07-19 17:52:26,651 [trainer.py] => CNN: {'total': 95.25, '00-09': 95.25, 'old': 0, 'new': 95.25}
2026-07-19 17:52:26,651 [trainer.py] => CNN top1 curve: [95.25]
2026-07-19 17:52:26,651 [trainer.py] => CNN top5 curve: [99.37]

2026-07-19 17:52:26,652 [trainer.py] => Average Accuracy (CNN): 95.25 

2026-07-19 17:52:26,652 [trainer.py] => All params: 85970786
2026-07-19 17:52:26,653 [trainer.py] => Trainable params: 156768
2026-07-19 17:52:26,653 [ease.py] => Learning on 10-20
2026-07-19 17:55:28,013 [ease.py] => Task 1, Epoch 20/20 => Loss 1.526, Train_accy 87.11
2026-07-19 17:55:43,776 [ease.py] => Task correct: 93.47826086956522
2026-07-19 17:55:43,776 [ease.py] => Task acc: 94.4927536231884
2026-07-19 17:55:43,787 [trainer.py] => No NME accuracy.
2026-07-19 17:55:43,788 [trainer.py] => CNN: {'total': 89.57, '00-09': 87.34, '10-19': 91.44, 'old': 87.34, 'new': 91.44}
2026-07-19 17:55:43,788 [trainer.py] => CNN top1 curve: [95.25, 89.57]
2026-07-19 17:55:43,788 [trainer.py] => CNN top5 curve: [99.37, 97.68]

2026-07-19 17:55:43,788 [trainer.py] => Average Accuracy (CNN): 92.41 

2026-07-19 17:55:43,788 [trainer.py] => All params: 85993826
2026-07-19 17:55:43,789 [trainer.py] => Trainable params: 156768
2026-07-19 17:55:43,790 [ease.py] => Learning on 20-30
2026-07-19 17:58:15,176 [ease.py] => Task 2, Epoch 20/20 => Loss 1.569, Train_accy 86.90
2026-07-19 17:58:38,076 [ease.py] => Task correct: 88.0928355196771
2026-07-19 17:58:38,076 [ease.py] => Task acc: 94.24823410696267
2026-07-19 17:58:38,088 [trainer.py] => No NME accuracy.
2026-07-19 17:58:38,088 [trainer.py] => CNN: {'total': 85.87, '00-09': 81.96, '10-19': 87.43, '20-29': 88.04, 'old': 84.93, 'new': 88.04}
2026-07-19 17:58:38,088 [trainer.py] => CNN top1 curve: [95.25, 89.57, 85.87]
2026-07-19 17:58:38,088 [trainer.py] => CNN top5 curve: [99.37, 97.68, 96.97]

2026-07-19 17:58:38,088 [trainer.py] => Average Accuracy (CNN): 90.23 

2026-07-19 17:58:38,088 [metrics_logger.py] => [metrics] Learner has no _deployed_forward; skipping inference-cost measurement
2026-07-19 17:58:38,089 [metrics_logger.py] => [metrics] wrote run_logs/final/ease/metrics_ease_imagenetr_three_task_check_imagenetr_ease_s1993.json
2026-07-19 17:58:38,089 [trainer.py] => Forgetting (CNN): 8.649999999999999
2026-07-19 17:58:38,089 [trainer.py] => Forgetting (NME): 8.649999999999999
