2026-07-28 02:30:26,294 [trainer.py] => config: exps/round2_slurm_grid/seqlora_200mb_s1996.json
2026-07-28 02:30:26,294 [trainer.py] => dataset: omnibenchmark1k
2026-07-28 02:30:26,294 [trainer.py] => memory_size: 0
2026-07-28 02:30:26,294 [trainer.py] => memory_per_class: 0
2026-07-28 02:30:26,294 [trainer.py] => fixed_memory: False
2026-07-28 02:30:26,294 [trainer.py] => shuffle: True
2026-07-28 02:30:26,294 [trainer.py] => init_cls: 10
2026-07-28 02:30:26,294 [trainer.py] => increment: 10
2026-07-28 02:30:26,294 [trainer.py] => scenario: cil
2026-07-28 02:30:26,294 [trainer.py] => pretrained: True
2026-07-28 02:30:26,294 [trainer.py] => print_forget: False
2026-07-28 02:30:26,294 [trainer.py] => final_metrics: False
2026-07-28 02:30:26,294 [trainer.py] => backbone_type: vit_base_patch16_224_lora
2026-07-28 02:30:26,294 [trainer.py] => lora_rank: 10
2026-07-28 02:30:26,294 [trainer.py] => lora_alpha: None
2026-07-28 02:30:26,294 [trainer.py] => batch_size: 48
2026-07-28 02:30:26,294 [trainer.py] => weight_decay: 0.0005
2026-07-28 02:30:26,294 [trainer.py] => min_lr: 0.0
2026-07-28 02:30:26,294 [trainer.py] => tuned_epoch: 20
2026-07-28 02:30:26,294 [trainer.py] => boundary_mode: bounded_memory
2026-07-28 02:30:26,294 [trainer.py] => stop_after_tasks: 100
2026-07-28 02:30:26,294 [trainer.py] => device: [device(type='cuda', index=0)]
2026-07-28 02:30:26,294 [trainer.py] => model_name: seqlora
2026-07-28 02:30:26,294 [trainer.py] => lora_merge: False
2026-07-28 02:30:26,294 [trainer.py] => init_lr: 0.0003
2026-07-28 02:30:26,294 [trainer.py] => seed: 1996
2026-07-28 02:30:26,294 [trainer.py] => bm_budget_mb: 200
2026-07-28 02:30:26,294 [trainer.py] => prefix: round2_slurm_grid_omni30t_200mb_seqlora_s1996
2026-07-28 02:30:26,570 [data_manager.py] => [438, 831, 338, 46, 856, 850, 593, 53, 230, 71, 34, 91, 794, 884, 358, 68, 585, 804, 601, 488, 443, 290, 699, 811, 898, 416, 424, 72, 235, 116, 908, 669, 569, 47, 983, 464, 545, 267, 383, 408, 96, 760, 935, 321, 511, 819, 253, 671, 945, 919, 209, 705, 711, 448, 106, 552, 486, 734, 978, 394, 654, 527, 522, 51, 774, 583, 234, 127, 958, 933, 398, 886, 21, 465, 104, 572, 377, 537, 50, 188, 697, 128, 28, 158, 855, 382, 496, 562, 225, 560, 242, 647, 255, 400, 274, 743, 775, 824, 258, 280, 806, 480, 652, 252, 528, 744, 578, 232, 203, 662, 474, 134, 403, 649, 250, 574, 638, 753, 926, 436, 785, 379, 27, 61, 543, 563, 826, 960, 879, 861, 214, 690, 776, 571, 798, 266, 590, 427, 622, 679, 0, 849, 902, 2, 925, 984, 92, 220, 674, 818, 848, 916, 959, 864, 29, 204, 482, 420, 322, 31, 207, 217, 869, 223, 271, 605, 558, 923, 710, 16, 469, 778, 497, 733, 874, 216, 777, 385, 841, 606, 183, 86, 717, 559, 277, 117, 114, 769, 462, 262, 814, 973, 348, 171, 291, 846, 112, 458, 78, 365, 74, 431, 272, 737, 937, 575, 166, 56, 534, 815, 353, 857, 952, 33, 144, 761, 211, 771, 359, 766, 133, 894, 816, 882, 366, 892, 852, 747, 546, 842, 355, 703, 553, 931, 317, 645, 36, 863, 890, 489, 900, 672, 370, 283, 80, 722, 109, 198, 614, 122, 356, 939, 725, 667, 459, 110, 18, 342, 102, 612, 823, 592, 419, 928, 210, 529, 411, 524, 772, 454, 943, 336, 873, 835, 118, 901, 751, 224, 75, 877, 439, 951, 93, 714, 15, 435, 992, 685, 59, 599, 659, 414, 52, 119, 239, 708, 310, 867, 298, 702, 401, 687, 386, 247, 570, 484, 616, 862, 428, 300, 971, 598, 557, 808, 977, 946, 508, 41, 539, 222, 412, 749, 790, 79, 131, 675, 579, 957, 344, 314, 677, 121, 161, 487, 970, 700, 129, 715, 390, 520, 719, 646, 201, 32, 704, 770, 876, 828, 82, 429, 989, 561, 905, 476, 248, 940, 384, 682, 406, 783, 839, 878, 123, 453, 643, 536, 493, 665, 202, 442, 872, 809, 532, 609, 880, 812, 391, 694, 173, 49, 650, 221, 44, 588, 944, 287, 349, 404, 481, 623, 154, 288, 301, 334, 227, 941, 917, 281, 25, 706, 228, 963, 485, 292, 728, 913, 124, 153, 306, 688, 955, 501, 607, 921, 765, 333, 449, 43, 986, 345, 907, 980, 500, 805, 120, 1, 914, 632, 695, 434, 651, 604, 184, 177, 825, 368, 445, 844, 847, 182, 663, 498, 88, 101, 479, 912, 212, 997, 372, 165, 30, 307, 530, 108, 352, 180, 237, 834, 375, 817, 795, 906, 587, 279, 625, 735, 328, 142, 194, 460, 141, 568, 380, 738, 936, 999, 17, 683, 888, 289, 360, 523, 789, 833, 40, 594, 354, 22, 326, 19, 832, 930, 293, 341, 716, 226, 470, 160, 788, 147, 361, 392, 64, 624, 245, 531, 241, 4, 396, 660, 433, 720, 514, 265, 264, 351, 103, 302, 655, 947, 376, 270, 617, 726, 455, 313, 903, 63, 263, 363, 787, 273, 137, 243, 595, 350, 807, 233, 259, 990, 452, 550, 409, 938, 975, 871, 724, 430, 910, 318, 780, 698, 473, 845, 399, 581, 178, 932, 332, 924, 407, 170, 472, 799, 566, 620, 296, 621, 723, 506, 393, 346, 904, 367, 60, 415, 192, 580, 8, 176, 85, 324, 554, 820, 186, 918, 69, 206, 752, 991, 740, 762, 260, 174, 754, 410, 475, 544, 246, 589, 269, 478, 803, 684, 801, 613, 979, 985, 693, 969, 66, 854, 89, 229, 282, 55, 389, 135, 150, 268, 821, 577, 730, 100, 729, 276, 875, 727, 556, 691, 373, 145, 791, 240, 149, 213, 909, 653, 374, 130, 155, 219, 929, 840, 98, 136, 896, 859, 3, 140, 564, 426, 866, 586, 70, 343, 962, 829, 640, 739, 922, 767, 513, 369, 525, 982, 67, 236, 325, 172, 73, 143, 444, 151, 953, 169, 35, 499, 657, 337, 538, 316, 94, 83, 309, 895, 319, 584, 591, 152, 13, 745, 320, 956, 830, 796, 633, 437, 87, 642, 713, 993, 518, 519, 215, 865, 689, 6, 187, 502, 763, 5, 950, 972, 335, 602, 115, 548, 779, 967, 927, 516, 718, 339, 299, 996, 966, 547, 507, 800, 630, 39, 603, 441, 742, 994, 417, 666, 615, 185, 628, 97, 231, 709, 26, 786, 942, 157, 111, 218, 504, 397, 329, 54, 308, 456, 636, 949, 193, 99, 853, 305, 249, 477, 634, 755, 509, 126, 168, 707, 190, 7, 286, 658, 988, 107, 510, 555, 512, 736, 541, 200, 37, 14, 362, 567, 24, 961, 12, 378, 9, 948, 315, 205, 303, 600, 899, 810, 284, 868, 673, 505, 792, 987, 492, 405, 889, 517, 858, 181, 189, 635, 457, 422, 768, 860, 891, 611, 294, 197, 664, 446, 191, 741, 756, 976, 95, 421, 998, 597, 105, 681, 670, 686, 851, 179, 468, 995, 413, 388, 781, 402, 113, 629, 731, 84, 285, 466, 934, 146, 20, 244, 802, 450, 254, 680, 515, 637, 644, 125, 295, 164, 251, 661, 696, 712, 58, 483, 920, 576, 175, 782, 503, 721, 381, 357, 371, 159, 327, 195, 521, 639, 238, 423, 304, 893, 887, 347, 631, 668, 784, 965, 81, 582, 533, 45, 138, 163, 261, 77, 542, 494, 648, 619, 750, 196, 275, 311, 440, 418, 701, 447, 57, 565, 618, 758, 495, 331, 813, 156, 822, 676, 627, 656, 491, 897, 432, 490, 981, 843, 911, 881, 62, 148, 11, 626, 387, 641, 964, 471, 773, 608, 746, 764, 732, 10, 551, 797, 535, 395, 692, 838, 199, 208, 425, 76, 23, 837, 974, 883, 90, 312, 678, 759, 836, 167, 42, 596, 748, 461, 915, 256, 278, 870, 757, 968, 364, 65, 573, 467, 330, 827, 793, 549, 48, 340, 162, 540, 132, 139, 885, 526, 463, 451, 297, 38, 323, 610, 257, 954]
This is for the BaseNet initialization.
I'm using ViT with per-task LoRA (q,v).
_IncompatibleKeys(missing_keys=['blocks.0.attn.cur_matrix', 'blocks.0.attn.frozen_delta_q', 'blocks.0.attn.frozen_delta_v', 'blocks.0.attn.lora_A_q.0.weight', 'blocks.0.attn.lora_B_q.0.weight', 'blocks.0.attn.lora_A_v.0.weight', 'blocks.0.attn.lora_B_v.0.weight', 'blocks.1.attn.cur_matrix', 'blocks.1.attn.frozen_delta_q', 'blocks.1.attn.frozen_delta_v', 'blocks.1.attn.lora_A_q.0.weight', 'blocks.1.attn.lora_B_q.0.weight', 'blocks.1.attn.lora_A_v.0.weight', 'blocks.1.attn.lora_B_v.0.weight', 'blocks.2.attn.cur_matrix', 'blocks.2.attn.frozen_delta_q', 'blocks.2.attn.frozen_delta_v', 'blocks.2.attn.lora_A_q.0.weight', 'blocks.2.attn.lora_B_q.0.weight', 'blocks.2.attn.lora_A_v.0.weight', 'blocks.2.attn.lora_B_v.0.weight', 'blocks.3.attn.cur_matrix', 'blocks.3.attn.frozen_delta_q', 'blocks.3.attn.frozen_delta_v', 'blocks.3.attn.lora_A_q.0.weight', 'blocks.3.attn.lora_B_q.0.weight', 'blocks.3.attn.lora_A_v.0.weight', 'blocks.3.attn.lora_B_v.0.weight', 'blocks.4.attn.cur_matrix', 'blocks.4.attn.frozen_delta_q', 'blocks.4.attn.frozen_delta_v', 'blocks.4.attn.lora_A_q.0.weight', 'blocks.4.attn.lora_B_q.0.weight', 'blocks.4.attn.lora_A_v.0.weight', 'blocks.4.attn.lora_B_v.0.weight', 'blocks.5.attn.cur_matrix', 'blocks.5.attn.frozen_delta_q', 'blocks.5.attn.frozen_delta_v', 'blocks.5.attn.lora_A_q.0.weight', 'blocks.5.attn.lora_B_q.0.weight', 'blocks.5.attn.lora_A_v.0.weight', 'blocks.5.attn.lora_B_v.0.weight', 'blocks.6.attn.cur_matrix', 'blocks.6.attn.frozen_delta_q', 'blocks.6.attn.frozen_delta_v', 'blocks.6.attn.lora_A_q.0.weight', 'blocks.6.attn.lora_B_q.0.weight', 'blocks.6.attn.lora_A_v.0.weight', 'blocks.6.attn.lora_B_v.0.weight', 'blocks.7.attn.cur_matrix', 'blocks.7.attn.frozen_delta_q', 'blocks.7.attn.frozen_delta_v', 'blocks.7.attn.lora_A_q.0.weight', 'blocks.7.attn.lora_B_q.0.weight', 'blocks.7.attn.lora_A_v.0.weight', 'blocks.7.attn.lora_B_v.0.weight', 'blocks.8.attn.cur_matrix', 'blocks.8.attn.frozen_delta_q', 'blocks.8.attn.frozen_delta_v', 'blocks.8.attn.lora_A_q.0.weight', 'blocks.8.attn.lora_B_q.0.weight', 'blocks.8.attn.lora_A_v.0.weight', 'blocks.8.attn.lora_B_v.0.weight', 'blocks.9.attn.cur_matrix', 'blocks.9.attn.frozen_delta_q', 'blocks.9.attn.frozen_delta_v', 'blocks.9.attn.lora_A_q.0.weight', 'blocks.9.attn.lora_B_q.0.weight', 'blocks.9.attn.lora_A_v.0.weight', 'blocks.9.attn.lora_B_v.0.weight', 'blocks.10.attn.cur_matrix', 'blocks.10.attn.frozen_delta_q', 'blocks.10.attn.frozen_delta_v', 'blocks.10.attn.lora_A_q.0.weight', 'blocks.10.attn.lora_B_q.0.weight', 'blocks.10.attn.lora_A_v.0.weight', 'blocks.10.attn.lora_B_v.0.weight', 'blocks.11.attn.cur_matrix', 'blocks.11.attn.frozen_delta_q', 'blocks.11.attn.frozen_delta_v', 'blocks.11.attn.lora_A_q.0.weight', 'blocks.11.attn.lora_B_q.0.weight', 'blocks.11.attn.lora_A_v.0.weight', 'blocks.11.attn.lora_B_v.0.weight'], unexpected_keys=[])
After BaseNet initialization.
2026-07-28 02:30:33,121 [bounded_memory_mixin.py] => [bounded_mem] budget_mb=200.0 -> cycle=1393 images (mean_task=1687.2 images, so this budget is 0.83x mean task size); 168718 total images -> 122 cycles (T=122 sessions); 10 eval checkpoints
2026-07-28 02:46:45,113 [bounded_memory_mixin.py] => [bounded_mem eval] volume 0.10 | cycle 12 | classes_seen 120 | CIL top1 67.90 | top5 93.87 | (nearest latent task ~11) | param_hash b8fce9cf8ec9a234 | per-task [56.78, 64.5, 46.19, 64.62, 77.0, 73.37, 73.0, 63.0, 85.0, 79.8, 82.32, 48.73]
2026-07-28 03:01:38,120 [bounded_memory_mixin.py] => [bounded_mem eval] volume 0.20 | cycle 24 | classes_seen 220 | CIL top1 52.52 | top5 83.98 | (nearest latent task ~21) | param_hash 3c8676b9d9d68dc9 | per-task [35.18, 49.5, 38.07, 36.41, 63.0, 61.31, 50.5, 46.5, 55.0, 62.12, 45.96, 31.98, 63.0, 58.59, 58.5, 68.84, 58.29, 77.0, 69.5, 58.79, 55.78, 11.0]
2026-07-28 03:16:33,157 [bounded_memory_mixin.py] => [bounded_mem eval] volume 0.30 | cycle 36 | classes_seen 310 | CIL top1 46.50 | top5 78.65 | (nearest latent task ~30) | param_hash 61f97e3d0bc6ce26 | per-task [26.63, 50.0, 31.47, 43.08, 27.5, 43.72, 46.5, 33.5, 35.0, 39.39, 26.77, 26.9, 36.5, 42.42, 41.5, 34.17, 44.22, 55.0, 37.0, 35.68, 36.68, 49.0, 56.85, 56.35, 44.5, 70.71, 70.85, 71.5, 77.66, 77.5, 73.0]
2026-07-28 03:31:30,299 [bounded_memory_mixin.py] => [bounded_mem eval] volume 0.40 | cycle 48 | classes_seen 420 | CIL top1 39.28 | top5 71.65 | (nearest latent task ~41) | param_hash f07fbaf8adb96202 | per-task [19.1, 38.5, 17.77, 14.87, 20.0, 41.71, 41.0, 21.0, 17.0, 47.47, 23.74, 23.35, 23.5, 32.83, 26.0, 10.55, 21.61, 39.0, 33.5, 31.66, 26.63, 38.5, 23.86, 44.67, 32.0, 45.96, 41.71, 57.5, 52.28, 54.0, 51.5, 50.0, 44.0, 52.5, 64.29, 60.3, 43.88, 42.13, 81.41, 78.28, 73.1, 47.24]
2026-07-28 03:46:29,812 [bounded_memory_mixin.py] => [bounded_mem eval] volume 0.50 | cycle 60 | classes_seen 510 | CIL top1 33.80 | top5 64.42 | (nearest latent task ~50) | param_hash ff358f4dc23c0d83 | per-task [14.07, 36.0, 12.18, 25.13, 11.0, 39.7, 30.5, 17.0, 17.0, 40.91, 23.23, 10.66, 18.5, 25.76, 21.0, 1.51, 20.6, 38.5, 25.0, 19.6, 29.15, 32.5, 16.24, 30.96, 18.0, 29.29, 32.16, 39.0, 25.89, 45.0, 40.0, 43.5, 32.0, 38.0, 37.24, 43.72, 30.61, 26.9, 50.25, 51.01, 52.28, 47.74, 17.77, 24.5, 71.0, 33.5, 61.11, 65.31, 64.0, 74.87, 72.36]
/data/gmar762/anaconda3/envs/treelora/lib/python3.10/site-packages/PIL/Image.py:1137: UserWarning: Palette images with Transparency expressed in bytes should be converted to RGBA images
  warnings.warn(
/data/gmar762/anaconda3/envs/treelora/lib/python3.10/site-packages/PIL/Image.py:1137: UserWarning: Palette images with Transparency expressed in bytes should be converted to RGBA images
  warnings.warn(
/data/gmar762/anaconda3/envs/treelora/lib/python3.10/site-packages/PIL/Image.py:1137: UserWarning: Palette images with Transparency expressed in bytes should be converted to RGBA images
  warnings.warn(
/data/gmar762/anaconda3/envs/treelora/lib/python3.10/site-packages/PIL/Image.py:1137: UserWarning: Palette images with Transparency expressed in bytes should be converted to RGBA images
  warnings.warn(
/data/gmar762/anaconda3/envs/treelora/lib/python3.10/site-packages/PIL/Image.py:1137: UserWarning: Palette images with Transparency expressed in bytes should be converted to RGBA images
  warnings.warn(
/data/gmar762/anaconda3/envs/treelora/lib/python3.10/site-packages/PIL/Image.py:1137: UserWarning: Palette images with Transparency expressed in bytes should be converted to RGBA images
  warnings.warn(
/data/gmar762/anaconda3/envs/treelora/lib/python3.10/site-packages/PIL/Image.py:1137: UserWarning: Palette images with Transparency expressed in bytes should be converted to RGBA images
  warnings.warn(
/data/gmar762/anaconda3/envs/treelora/lib/python3.10/site-packages/PIL/Image.py:1137: UserWarning: Palette images with Transparency expressed in bytes should be converted to RGBA images
  warnings.warn(
/data/gmar762/anaconda3/envs/treelora/lib/python3.10/site-packages/PIL/Image.py:1137: UserWarning: Palette images with Transparency expressed in bytes should be converted to RGBA images
  warnings.warn(
/data/gmar762/anaconda3/envs/treelora/lib/python3.10/site-packages/PIL/Image.py:1137: UserWarning: Palette images with Transparency expressed in bytes should be converted to RGBA images
  warnings.warn(
/data/gmar762/anaconda3/envs/treelora/lib/python3.10/site-packages/PIL/Image.py:1137: UserWarning: Palette images with Transparency expressed in bytes should be converted to RGBA images
  warnings.warn(
/data/gmar762/anaconda3/envs/treelora/lib/python3.10/site-packages/PIL/Image.py:1137: UserWarning: Palette images with Transparency expressed in bytes should be converted to RGBA images
  warnings.warn(
/data/gmar762/anaconda3/envs/treelora/lib/python3.10/site-packages/PIL/Image.py:1137: UserWarning: Palette images with Transparency expressed in bytes should be converted to RGBA images
  warnings.warn(
/data/gmar762/anaconda3/envs/treelora/lib/python3.10/site-packages/PIL/Image.py:1137: UserWarning: Palette images with Transparency expressed in bytes should be converted to RGBA images
  warnings.warn(
/data/gmar762/anaconda3/envs/treelora/lib/python3.10/site-packages/PIL/Image.py:1137: UserWarning: Palette images with Transparency expressed in bytes should be converted to RGBA images
  warnings.warn(
/data/gmar762/anaconda3/envs/treelora/lib/python3.10/site-packages/PIL/Image.py:1137: UserWarning: Palette images with Transparency expressed in bytes should be converted to RGBA images
  warnings.warn(
/data/gmar762/anaconda3/envs/treelora/lib/python3.10/site-packages/PIL/Image.py:1137: UserWarning: Palette images with Transparency expressed in bytes should be converted to RGBA images
  warnings.warn(
/data/gmar762/anaconda3/envs/treelora/lib/python3.10/site-packages/PIL/Image.py:1137: UserWarning: Palette images with Transparency expressed in bytes should be converted to RGBA images
  warnings.warn(
/data/gmar762/anaconda3/envs/treelora/lib/python3.10/site-packages/PIL/Image.py:1137: UserWarning: Palette images with Transparency expressed in bytes should be converted to RGBA images
  warnings.warn(
/data/gmar762/anaconda3/envs/treelora/lib/python3.10/site-packages/PIL/Image.py:1137: UserWarning: Palette images with Transparency expressed in bytes should be converted to RGBA images
  warnings.warn(
2026-07-28 04:01:28,219 [bounded_memory_mixin.py] => [bounded_mem eval] volume 0.60 | cycle 72 | classes_seen 610 | CIL top1 25.58 | top5 54.99 | (nearest latent task ~60) | param_hash ffa058b907d1e5ee | per-task [8.54, 28.0, 6.09, 12.31, 2.5, 21.61, 20.0, 11.0, 15.5, 19.7, 19.7, 5.58, 15.0, 26.77, 13.5, 4.52, 15.58, 26.5, 8.0, 16.58, 13.57, 13.0, 10.66, 14.72, 15.0, 9.6, 20.1, 24.5, 14.72, 20.0, 29.5, 21.5, 14.5, 27.0, 19.39, 29.65, 29.59, 20.81, 31.66, 27.78, 32.49, 27.64, 2.03, 9.0, 50.5, 19.5, 24.75, 33.67, 25.0, 44.72, 42.21, 47.5, 54.77, 43.43, 44.9, 52.79, 71.86, 44.5, 63.82, 89.95, 30.65]
2026-07-28 04:16:28,968 [bounded_memory_mixin.py] => [bounded_mem eval] volume 0.70 | cycle 84 | classes_seen 710 | CIL top1 23.13 | top5 50.14 | (nearest latent task ~70) | param_hash 3852d614e68e5696 | per-task [9.55, 23.0, 9.14, 11.28, 3.0, 15.58, 18.0, 3.0, 11.5, 24.75, 14.65, 5.58, 3.5, 13.64, 7.5, 2.51, 8.54, 18.0, 9.0, 6.53, 15.08, 14.0, 3.05, 14.72, 15.5, 6.06, 12.06, 28.0, 4.06, 22.0, 22.0, 6.5, 15.0, 31.0, 14.29, 25.13, 27.04, 12.18, 27.14, 19.19, 19.8, 17.09, 2.54, 5.0, 41.5, 14.5, 25.76, 26.53, 17.0, 27.14, 33.17, 29.5, 36.18, 25.25, 29.59, 22.84, 61.81, 12.5, 31.16, 65.33, 25.63, 9.09, 46.23, 47.96, 51.03, 56.28, 57.29, 51.26, 68.21, 90.4, 44.22]
2026-07-28 04:31:32,553 [bounded_memory_mixin.py] => [bounded_mem eval] volume 0.80 | cycle 96 | classes_seen 810 | CIL top1 20.57 | top5 46.57 | (nearest latent task ~80) | param_hash f940257fc6a1bd29 | per-task [5.03, 13.0, 4.06, 6.67, 3.5, 7.54, 13.5, 2.5, 2.5, 17.17, 4.04, 3.05, 8.0, 17.68, 3.0, 1.51, 5.53, 15.0, 8.0, 9.05, 10.55, 17.5, 1.52, 17.26, 6.0, 5.05, 11.06, 17.0, 8.63, 15.5, 20.0, 2.5, 6.0, 20.5, 12.24, 17.59, 17.35, 9.14, 23.12, 19.7, 14.72, 8.54, 2.03, 3.5, 34.0, 14.0, 11.11, 3.57, 9.0, 29.15, 25.13, 26.0, 29.15, 17.17, 21.94, 12.69, 35.68, 5.5, 24.12, 36.68, 8.54, 1.01, 36.68, 23.47, 26.8, 45.73, 46.73, 36.18, 41.54, 37.88, 12.06, 48.74, 54.31, 28.57, 53.0, 46.5, 71.36, 71.36, 60.41, 88.89, 54.82]
2026-07-28 04:47:50,971 [bounded_memory_mixin.py] => [bounded_mem eval] volume 0.90 | cycle 109 | classes_seen 910 | CIL top1 17.73 | top5 40.83 | (nearest latent task ~90) | param_hash 493116d766600aa0 | per-task [4.02, 13.0, 11.68, 8.21, 2.5, 9.55, 10.5, 0.5, 3.0, 17.17, 6.06, 1.02, 3.5, 14.65, 3.0, 3.52, 7.54, 15.0, 11.5, 3.52, 11.56, 18.5, 0.51, 11.17, 6.5, 9.6, 5.03, 2.5, 7.11, 8.5, 12.5, 2.5, 8.0, 15.0, 8.67, 9.05, 16.33, 6.6, 5.03, 8.59, 13.2, 8.54, 1.52, 4.0, 28.0, 5.5, 15.15, 9.69, 3.5, 16.58, 22.11, 21.0, 21.61, 16.16, 12.24, 13.71, 22.61, 0.0, 25.13, 27.64, 3.02, 1.01, 25.13, 26.53, 11.34, 25.63, 44.72, 16.08, 24.1, 27.78, 2.01, 20.6, 29.44, 18.37, 31.0, 16.5, 34.67, 36.18, 28.93, 65.66, 48.73, 25.13, 42.42, 35.68, 51.26, 14.8, 61.5, 44.22, 80.71, 43.72, 67.86]
2026-07-28 05:02:02,691 [bounded_memory_mixin.py] => [bounded_mem eval] volume 1.00 | cycle 121 | classes_seen 1000 | CIL top1 16.62 | top5 38.92 | (nearest latent task ~99) | param_hash 4491c930d36b6220 | per-task [4.52, 20.5, 13.71, 2.05, 1.5, 5.53, 1.5, 0.5, 0.0, 17.68, 3.54, 0.51, 2.0, 20.2, 0.5, 1.01, 6.53, 13.5, 6.0, 1.51, 10.05, 15.0, 2.03, 9.64, 6.5, 9.6, 4.02, 2.5, 4.57, 18.0, 7.0, 3.5, 5.5, 13.5, 13.27, 17.59, 14.29, 6.09, 10.05, 11.11, 8.12, 4.52, 0.51, 0.5, 16.0, 9.5, 7.58, 8.67, 5.0, 21.61, 22.11, 14.5, 13.07, 9.6, 9.69, 19.29, 16.58, 0.0, 13.57, 16.58, 8.04, 1.01, 21.61, 13.78, 7.22, 21.61, 32.66, 18.59, 15.9, 20.2, 1.01, 17.59, 24.37, 11.22, 21.5, 15.5, 37.19, 31.16, 16.24, 41.92, 29.95, 8.04, 22.22, 9.55, 24.12, 3.57, 45.0, 24.12, 45.69, 18.09, 41.33, 50.0, 39.7, 35.68, 48.99, 49.75, 58.59, 74.0, 46.23, 85.86]
2026-07-28 05:02:06,514 [metrics_logger.py] => [metrics] wrote run_logs/final/seqlora/metrics_seqlora_round2_slurm_grid_omni30t_200mb_seqlora_s1996_s1996.json
2026-07-28 05:02:06,515 [trainer.py] => [bounded_mem] volume checkpoints: [0.1, 0.2, 0.3, 0.4, 0.5, 0.6, 0.7, 0.8, 0.9, 1.0]
2026-07-28 05:02:06,515 [trainer.py] => [bounded_mem] CIL top1 curve: [67.9, 52.52, 46.5, 39.28, 33.8, 25.58, 23.13, 20.57, 17.73, 16.62]
2026-07-28 05:02:06,515 [trainer.py] => [bounded_mem] CIL top5 curve: [93.87, 83.98, 78.65, 71.65, 64.42, 54.99, 50.14, 46.57, 40.83, 38.92]
[bounded_mem] checkpoints (fraction of stream): [0.1, 0.2, 0.3, 0.4, 0.5, 0.6, 0.7, 0.8, 0.9, 1.0]
[bounded_mem] CIL top1: [67.9, 52.52, 46.5, 39.28, 33.8, 25.58, 23.13, 20.57, 17.73, 16.62]
[bounded_mem] CIL top5: [93.87, 83.98, 78.65, 71.65, 64.42, 54.99, 50.14, 46.57, 40.83, 38.92]
2026-07-28 05:02:06,515 [trainer.py] => [bounded_mem] FINAL CIL top1 16.62 | top5 38.92 (at 100% of stream)
[bounded_mem] FINAL CIL top1 16.62 | top5 38.92
[bounded_mem] wrote run_logs/boundedmem_seqlora_round2_slurm_grid_omni30t_200mb_seqlora_s1996_s1996.json
