2026-07-27 21:05:22,252 [trainer.py] => config: exps/round2_slurm_grid/sketchlora_200mb_s1993.json
2026-07-27 21:05:22,252 [trainer.py] => dataset: omnibenchmark1k
2026-07-27 21:05:22,252 [trainer.py] => memory_size: 0
2026-07-27 21:05:22,252 [trainer.py] => memory_per_class: 0
2026-07-27 21:05:22,252 [trainer.py] => fixed_memory: False
2026-07-27 21:05:22,252 [trainer.py] => shuffle: True
2026-07-27 21:05:22,252 [trainer.py] => init_cls: 10
2026-07-27 21:05:22,252 [trainer.py] => increment: 10
2026-07-27 21:05:22,252 [trainer.py] => scenario: cil
2026-07-27 21:05:22,252 [trainer.py] => pretrained: True
2026-07-27 21:05:22,252 [trainer.py] => print_forget: False
2026-07-27 21:05:22,252 [trainer.py] => final_metrics: False
2026-07-27 21:05:22,252 [trainer.py] => backbone_type: vit_base_patch16_224_lora
2026-07-27 21:05:22,252 [trainer.py] => lora_rank: 10
2026-07-27 21:05:22,252 [trainer.py] => lora_alpha: None
2026-07-27 21:05:22,252 [trainer.py] => batch_size: 48
2026-07-27 21:05:22,252 [trainer.py] => weight_decay: 0.0005
2026-07-27 21:05:22,252 [trainer.py] => min_lr: 0.0
2026-07-27 21:05:22,252 [trainer.py] => tuned_epoch: 20
2026-07-27 21:05:22,252 [trainer.py] => boundary_mode: bounded_memory
2026-07-27 21:05:22,252 [trainer.py] => stop_after_tasks: 100
2026-07-27 21:05:22,253 [trainer.py] => device: [device(type='cuda', index=0)]
2026-07-27 21:05:22,253 [trainer.py] => model_name: sketchlora
2026-07-27 21:05:22,253 [trainer.py] => lora_merge: True
2026-07-27 21:05:22,253 [trainer.py] => lora_train_merge: True
2026-07-27 21:05:22,253 [trainer.py] => svd_rank: 10
2026-07-27 21:05:22,253 [trainer.py] => svd_oversampling: 10
2026-07-27 21:05:22,253 [trainer.py] => svd_energy_target: 0.01
2026-07-27 21:05:22,253 [trainer.py] => lora_n_slots: 2
2026-07-27 21:05:22,253 [trainer.py] => sketch_diag: True
2026-07-27 21:05:22,253 [trainer.py] => merge_op: randsvd
2026-07-27 21:05:22,253 [trainer.py] => sketchlora_admission: bounded_eviction
2026-07-27 21:05:22,253 [trainer.py] => sketchlora_rank_cap: 128
2026-07-27 21:05:22,253 [trainer.py] => sketchlora_lora_wd: 0.0
2026-07-27 21:05:22,253 [trainer.py] => sketchlora_eviction_reading: conformant
2026-07-27 21:05:22,253 [trainer.py] => init_lr: 0.001
2026-07-27 21:05:22,253 [trainer.py] => seed: 1993
2026-07-27 21:05:22,253 [trainer.py] => bm_budget_mb: 200
2026-07-27 21:05:22,253 [trainer.py] => prefix: round2_slurm_grid_omni30t_200mb_sketchlora_s1993
2026-07-27 21:05:22,531 [data_manager.py] => [54, 7, 894, 512, 126, 337, 988, 11, 284, 493, 133, 783, 192, 979, 622, 215, 240, 548, 238, 419, 274, 108, 928, 856, 494, 836, 473, 650, 85, 262, 508, 590, 390, 174, 637, 288, 658, 219, 912, 142, 852, 160, 704, 289, 123, 323, 600, 542, 999, 634, 391, 761, 490, 842, 127, 850, 665, 990, 597, 722, 748, 14, 77, 437, 394, 859, 279, 539, 75, 466, 886, 312, 303, 62, 966, 413, 959, 782, 509, 400, 471, 632, 275, 730, 105, 523, 224, 186, 478, 507, 470, 906, 699, 989, 324, 812, 260, 911, 446, 44, 765, 759, 67, 36, 5, 30, 184, 797, 159, 741, 954, 465, 533, 585, 150, 101, 897, 363, 818, 620, 824, 154, 956, 176, 588, 986, 172, 223, 461, 94, 141, 621, 659, 360, 136, 578, 163, 427, 70, 226, 925, 596, 336, 412, 731, 755, 381, 810, 69, 898, 310, 120, 752, 93, 39, 326, 537, 905, 448, 347, 51, 615, 601, 229, 947, 348, 220, 949, 972, 73, 913, 522, 193, 753, 921, 257, 957, 691, 155, 820, 584, 948, 92, 582, 89, 379, 392, 64, 904, 169, 216, 694, 103, 410, 374, 515, 484, 624, 409, 156, 455, 846, 344, 371, 468, 844, 276, 740, 562, 503, 831, 516, 663, 630, 763, 456, 179, 996, 936, 248, 333, 941, 63, 738, 802, 372, 828, 74, 540, 299, 750, 335, 177, 822, 643, 593, 800, 459, 580, 933, 306, 378, 76, 227, 426, 403, 322, 321, 808, 393, 27, 200, 764, 651, 244, 479, 3, 415, 23, 964, 671, 195, 569, 917, 611, 644, 707, 355, 855, 8, 534, 657, 571, 811, 681, 543, 313, 129, 978, 592, 573, 128, 243, 520, 887, 892, 696, 26, 551, 168, 71, 398, 778, 529, 526, 792, 868, 266, 443, 24, 57, 15, 871, 678, 745, 845, 208, 188, 674, 175, 406, 421, 833, 106, 994, 815, 581, 676, 49, 619, 217, 631, 934, 932, 568, 353, 863, 827, 425, 420, 99, 823, 113, 974, 438, 874, 343, 118, 340, 472, 552, 937, 0, 10, 675, 316, 879, 561, 387, 726, 255, 407, 56, 927, 655, 809, 839, 640, 297, 34, 497, 210, 606, 971, 589, 138, 263, 587, 993, 973, 382, 572, 735, 535, 139, 524, 314, 463, 895, 376, 939, 157, 858, 457, 935, 183, 114, 903, 767, 666, 22, 525, 902, 233, 250, 825, 79, 843, 221, 214, 205, 166, 431, 860, 292, 976, 739, 899, 475, 242, 961, 531, 110, 769, 55, 701, 532, 586, 729, 253, 486, 787, 774, 165, 627, 32, 291, 962, 922, 222, 705, 454, 356, 445, 746, 776, 404, 950, 241, 452, 245, 487, 706, 2, 137, 6, 98, 647, 50, 91, 202, 556, 38, 68, 649, 258, 345, 361, 464, 514, 958, 504, 826, 668, 880, 28, 920, 918, 339, 315, 320, 768, 201, 733, 575, 781, 864, 617, 171, 795, 132, 145, 368, 147, 327, 713, 688, 848, 690, 975, 354, 853, 148, 648, 300, 436, 780, 693, 682, 246, 449, 492, 162, 97, 59, 357, 198, 519, 90, 236, 375, 359, 230, 476, 784, 117, 940, 396, 849, 102, 122, 282, 181, 130, 467, 88, 271, 793, 151, 847, 914, 42, 834, 521, 121, 29, 806, 607, 510, 837, 301, 669, 78, 256, 474, 840, 52, 505, 547, 641, 987, 801, 629, 491, 605, 112, 429, 401, 742, 528, 87, 442, 910, 638, 785, 264, 711, 369, 428, 805, 744, 380, 725, 480, 318, 997, 153, 384, 252, 985, 538, 654, 388, 100, 432, 832, 565, 908, 367, 591, 294, 272, 231, 213, 196, 743, 817, 433, 328, 970, 969, 4, 613, 182, 685, 724, 915, 311, 931, 865, 86, 119, 203, 268, 718, 317, 926, 269, 161, 209, 807, 645, 513, 261, 518, 305, 758, 872, 58, 65, 146, 395, 481, 747, 41, 283, 204, 564, 185, 777, 33, 500, 609, 286, 567, 80, 228, 683, 757, 942, 134, 673, 616, 960, 450, 350, 544, 830, 736, 170, 679, 838, 819, 485, 430, 190, 566, 511, 482, 232, 527, 411, 560, 281, 342, 614, 662, 47, 771, 861, 692, 686, 277, 373, 16, 946, 265, 35, 9, 884, 909, 610, 358, 18, 737, 977, 677, 803, 595, 135, 458, 12, 46, 418, 599, 187, 107, 992, 770, 298, 104, 351, 893, 698, 929, 502, 273, 20, 96, 791, 636, 708, 267, 867, 772, 604, 618, 346, 330, 554, 816, 664, 716, 189, 31, 721, 712, 397, 43, 943, 804, 296, 109, 576, 869, 955, 17, 506, 963, 786, 720, 628, 779, 982, 633, 891, 734, 980, 386, 365, 794, 325, 841, 878, 370, 695, 293, 951, 66, 594, 717, 116, 488, 796, 983, 646, 499, 53, 1, 603, 45, 424, 875, 254, 237, 199, 414, 307, 362, 557, 866, 341, 19, 965, 143, 555, 687, 235, 790, 125, 173, 364, 882, 727, 728, 563, 495, 21, 558, 709, 719, 877, 352, 83, 998, 991, 469, 967, 760, 498, 814, 612, 715, 290, 72, 131, 259, 441, 924, 773, 48, 625, 501, 440, 82, 684, 862, 574, 309, 408, 680, 623, 439, 180, 652, 968, 889, 334, 61, 766, 399, 598, 798, 653, 930, 149, 249, 890, 308, 881, 40, 835, 577, 422, 703, 813, 857, 995, 602, 583, 167, 670, 212, 751, 496, 608, 84, 639, 579, 178, 489, 37, 197, 789, 530, 111, 876, 570, 700, 444, 287, 366, 883, 385, 536, 460, 851, 81, 144, 60, 251, 13, 953, 270, 944, 319, 885, 710, 952, 517, 278, 656, 919, 377, 550, 207, 660, 984, 447, 553, 338, 234, 383, 749, 916, 626, 462, 788, 434, 714, 799, 821, 477, 549, 661, 206, 667, 541, 642, 689, 194, 152, 981, 938, 854, 483, 332, 280, 546, 389, 405, 545, 239, 896, 672, 923, 402, 423, 907, 888, 140, 870, 559, 756, 25, 211, 158, 723, 635, 302, 702, 453, 218, 164, 829, 247, 775, 191, 732, 115, 331, 901, 416, 873, 754, 900, 435, 762, 124, 304, 329, 349, 295, 95, 451, 285, 225, 945, 697, 417]
This is for the BaseNet initialization.
I'm using ViT with per-task LoRA (q,v).
_IncompatibleKeys(missing_keys=['blocks.0.attn.cur_matrix', 'blocks.0.attn.frozen_delta_q', 'blocks.0.attn.frozen_delta_v', 'blocks.0.attn.lora_A_q.0.weight', 'blocks.0.attn.lora_A_q.1.weight', 'blocks.0.attn.lora_B_q.0.weight', 'blocks.0.attn.lora_B_q.1.weight', 'blocks.0.attn.lora_A_v.0.weight', 'blocks.0.attn.lora_A_v.1.weight', 'blocks.0.attn.lora_B_v.0.weight', 'blocks.0.attn.lora_B_v.1.weight', 'blocks.1.attn.cur_matrix', 'blocks.1.attn.frozen_delta_q', 'blocks.1.attn.frozen_delta_v', 'blocks.1.attn.lora_A_q.0.weight', 'blocks.1.attn.lora_A_q.1.weight', 'blocks.1.attn.lora_B_q.0.weight', 'blocks.1.attn.lora_B_q.1.weight', 'blocks.1.attn.lora_A_v.0.weight', 'blocks.1.attn.lora_A_v.1.weight', 'blocks.1.attn.lora_B_v.0.weight', 'blocks.1.attn.lora_B_v.1.weight', 'blocks.2.attn.cur_matrix', 'blocks.2.attn.frozen_delta_q', 'blocks.2.attn.frozen_delta_v', 'blocks.2.attn.lora_A_q.0.weight', 'blocks.2.attn.lora_A_q.1.weight', 'blocks.2.attn.lora_B_q.0.weight', 'blocks.2.attn.lora_B_q.1.weight', 'blocks.2.attn.lora_A_v.0.weight', 'blocks.2.attn.lora_A_v.1.weight', 'blocks.2.attn.lora_B_v.0.weight', 'blocks.2.attn.lora_B_v.1.weight', 'blocks.3.attn.cur_matrix', 'blocks.3.attn.frozen_delta_q', 'blocks.3.attn.frozen_delta_v', 'blocks.3.attn.lora_A_q.0.weight', 'blocks.3.attn.lora_A_q.1.weight', 'blocks.3.attn.lora_B_q.0.weight', 'blocks.3.attn.lora_B_q.1.weight', 'blocks.3.attn.lora_A_v.0.weight', 'blocks.3.attn.lora_A_v.1.weight', 'blocks.3.attn.lora_B_v.0.weight', 'blocks.3.attn.lora_B_v.1.weight', 'blocks.4.attn.cur_matrix', 'blocks.4.attn.frozen_delta_q', 'blocks.4.attn.frozen_delta_v', 'blocks.4.attn.lora_A_q.0.weight', 'blocks.4.attn.lora_A_q.1.weight', 'blocks.4.attn.lora_B_q.0.weight', 'blocks.4.attn.lora_B_q.1.weight', 'blocks.4.attn.lora_A_v.0.weight', 'blocks.4.attn.lora_A_v.1.weight', 'blocks.4.attn.lora_B_v.0.weight', 'blocks.4.attn.lora_B_v.1.weight', 'blocks.5.attn.cur_matrix', 'blocks.5.attn.frozen_delta_q', 'blocks.5.attn.frozen_delta_v', 'blocks.5.attn.lora_A_q.0.weight', 'blocks.5.attn.lora_A_q.1.weight', 'blocks.5.attn.lora_B_q.0.weight', 'blocks.5.attn.lora_B_q.1.weight', 'blocks.5.attn.lora_A_v.0.weight', 'blocks.5.attn.lora_A_v.1.weight', 'blocks.5.attn.lora_B_v.0.weight', 'blocks.5.attn.lora_B_v.1.weight', 'blocks.6.attn.cur_matrix', 'blocks.6.attn.frozen_delta_q', 'blocks.6.attn.frozen_delta_v', 'blocks.6.attn.lora_A_q.0.weight', 'blocks.6.attn.lora_A_q.1.weight', 'blocks.6.attn.lora_B_q.0.weight', 'blocks.6.attn.lora_B_q.1.weight', 'blocks.6.attn.lora_A_v.0.weight', 'blocks.6.attn.lora_A_v.1.weight', 'blocks.6.attn.lora_B_v.0.weight', 'blocks.6.attn.lora_B_v.1.weight', 'blocks.7.attn.cur_matrix', 'blocks.7.attn.frozen_delta_q', 'blocks.7.attn.frozen_delta_v', 'blocks.7.attn.lora_A_q.0.weight', 'blocks.7.attn.lora_A_q.1.weight', 'blocks.7.attn.lora_B_q.0.weight', 'blocks.7.attn.lora_B_q.1.weight', 'blocks.7.attn.lora_A_v.0.weight', 'blocks.7.attn.lora_A_v.1.weight', 'blocks.7.attn.lora_B_v.0.weight', 'blocks.7.attn.lora_B_v.1.weight', 'blocks.8.attn.cur_matrix', 'blocks.8.attn.frozen_delta_q', 'blocks.8.attn.frozen_delta_v', 'blocks.8.attn.lora_A_q.0.weight', 'blocks.8.attn.lora_A_q.1.weight', 'blocks.8.attn.lora_B_q.0.weight', 'blocks.8.attn.lora_B_q.1.weight', 'blocks.8.attn.lora_A_v.0.weight', 'blocks.8.attn.lora_A_v.1.weight', 'blocks.8.attn.lora_B_v.0.weight', 'blocks.8.attn.lora_B_v.1.weight', 'blocks.9.attn.cur_matrix', 'blocks.9.attn.frozen_delta_q', 'blocks.9.attn.frozen_delta_v', 'blocks.9.attn.lora_A_q.0.weight', 'blocks.9.attn.lora_A_q.1.weight', 'blocks.9.attn.lora_B_q.0.weight', 'blocks.9.attn.lora_B_q.1.weight', 'blocks.9.attn.lora_A_v.0.weight', 'blocks.9.attn.lora_A_v.1.weight', 'blocks.9.attn.lora_B_v.0.weight', 'blocks.9.attn.lora_B_v.1.weight', 'blocks.10.attn.cur_matrix', 'blocks.10.attn.frozen_delta_q', 'blocks.10.attn.frozen_delta_v', 'blocks.10.attn.lora_A_q.0.weight', 'blocks.10.attn.lora_A_q.1.weight', 'blocks.10.attn.lora_B_q.0.weight', 'blocks.10.attn.lora_B_q.1.weight', 'blocks.10.attn.lora_A_v.0.weight', 'blocks.10.attn.lora_A_v.1.weight', 'blocks.10.attn.lora_B_v.0.weight', 'blocks.10.attn.lora_B_v.1.weight', 'blocks.11.attn.cur_matrix', 'blocks.11.attn.frozen_delta_q', 'blocks.11.attn.frozen_delta_v', 'blocks.11.attn.lora_A_q.0.weight', 'blocks.11.attn.lora_A_q.1.weight', 'blocks.11.attn.lora_B_q.0.weight', 'blocks.11.attn.lora_B_q.1.weight', 'blocks.11.attn.lora_A_v.0.weight', 'blocks.11.attn.lora_A_v.1.weight', 'blocks.11.attn.lora_B_v.0.weight', 'blocks.11.attn.lora_B_v.1.weight'], unexpected_keys=[])
After BaseNet initialization.
2026-07-27 21:05:30,975 [bounded_memory_mixin.py] => [bounded_mem] budget_mb=200.0 -> cycle=1393 images (mean_task=1687.2 images, so this budget is 0.83x mean task size); 168718 total images -> 122 cycles (T=122 sessions); 10 eval checkpoints
2026-07-27 21:07:13,032 [sketchlora.py] => [SketchDiag] task 0: retained-energy mean=1.000 min=1.000 | ||ΔW||_F mean=1.226 | r_hat mean=10.0 total=240
Target rank: 16
Target rank: 16
Target rank: 17
Target rank: 16
Target rank: 16
Target rank: 16
Target rank: 17
Target rank: 17
Target rank: 18
Target rank: 17
Target rank: 18
Target rank: 17
Target rank: 17
Target rank: 17
Target rank: 16
Target rank: 18
Target rank: 10
Target rank: 18
Target rank: 15
Target rank: 18
Target rank: 10
Target rank: 18
Target rank: 10
Target rank: 17
2026-07-27 21:08:30,759 [sketchlora.py] => [SketchDiag] task 1: retained-energy mean=0.992 min=0.990 | ||ΔW||_F mean=1.797 | r_hat mean=16.0 total=385
Target rank: 21
Target rank: 22
Target rank: 23
Target rank: 20
Target rank: 21
Target rank: 21
Target rank: 24
Target rank: 23
Target rank: 26
Target rank: 23
Target rank: 25
Target rank: 24
Target rank: 25
Target rank: 24
Target rank: 22
Target rank: 26
Target rank: 13
Target rank: 26
Target rank: 20
Target rank: 25
Target rank: 10
Target rank: 26
Target rank: 10
Target rank: 23
2026-07-27 21:09:48,538 [sketchlora.py] => [SketchDiag] task 2: retained-energy mean=0.992 min=0.990 | ||ΔW||_F mean=2.149 | r_hat mean=21.8 total=523
Target rank: 25
Target rank: 26
Target rank: 29
Target rank: 24
Target rank: 26
Target rank: 27
Target rank: 30
Target rank: 28
Target rank: 33
Target rank: 30
Target rank: 31
Target rank: 30
Target rank: 32
Target rank: 30
Target rank: 28
Target rank: 33
Target rank: 18
Target rank: 33
Target rank: 25
Target rank: 32
Target rank: 12
Target rank: 32
Target rank: 10
Target rank: 28
2026-07-27 21:11:05,299 [sketchlora.py] => [SketchDiag] task 3: retained-energy mean=0.992 min=0.990 | ||ΔW||_F mean=2.478 | r_hat mean=27.2 total=652
Target rank: 29
Target rank: 31
Target rank: 34
Target rank: 29
Target rank: 31
Target rank: 32
Target rank: 35
Target rank: 33
Target rank: 40
Target rank: 36
Target rank: 37
Target rank: 37
Target rank: 38
Target rank: 36
Target rank: 34
Target rank: 40
Target rank: 23
Target rank: 40
Target rank: 29
Target rank: 39
Target rank: 16
Target rank: 39
Target rank: 10
Target rank: 34
2026-07-27 21:12:23,297 [sketchlora.py] => [SketchDiag] task 4: retained-energy mean=0.992 min=0.990 | ||ΔW||_F mean=2.712 | r_hat mean=32.6 total=782
Target rank: 32
Target rank: 35
Target rank: 38
Target rank: 33
Target rank: 35
Target rank: 38
Target rank: 40
Target rank: 39
Target rank: 46
Target rank: 42
Target rank: 42
Target rank: 43
Target rank: 44
Target rank: 42
Target rank: 39
Target rank: 46
Target rank: 27
Target rank: 47
Target rank: 34
Target rank: 45
Target rank: 20
Target rank: 45
Target rank: 10
Target rank: 38
2026-07-27 21:13:41,886 [sketchlora.py] => [SketchDiag] task 5: retained-energy mean=0.991 min=0.990 | ||ΔW||_F mean=2.976 | r_hat mean=37.5 total=900
Target rank: 34
Target rank: 39
Target rank: 41
Target rank: 38
Target rank: 39
Target rank: 43
Target rank: 44
Target rank: 44
Target rank: 52
Target rank: 47
Target rank: 46
Target rank: 48
Target rank: 49
Target rank: 47
Target rank: 43
Target rank: 52
Target rank: 29
Target rank: 53
Target rank: 38
Target rank: 51
Target rank: 21
Target rank: 50
Target rank: 10
Target rank: 42
2026-07-27 21:15:00,510 [sketchlora.py] => [SketchDiag] task 6: retained-energy mean=0.991 min=0.990 | ||ΔW||_F mean=3.164 | r_hat mean=41.7 total=1000
Target rank: 36
Target rank: 42
Target rank: 44
Target rank: 42
Target rank: 42
Target rank: 47
Target rank: 47
Target rank: 48
Target rank: 56
Target rank: 52
Target rank: 51
Target rank: 52
Target rank: 54
Target rank: 51
Target rank: 46
Target rank: 57
Target rank: 32
Target rank: 58
Target rank: 41
Target rank: 55
Target rank: 23
Target rank: 55
Target rank: 10
Target rank: 45
2026-07-27 21:16:19,395 [sketchlora.py] => [SketchDiag] task 7: retained-energy mean=0.991 min=0.990 | ||ΔW||_F mean=3.376 | r_hat mean=45.2 total=1086
Target rank: 38
Target rank: 46
Target rank: 47
Target rank: 47
Target rank: 45
Target rank: 51
Target rank: 51
Target rank: 53
Target rank: 61
Target rank: 57
Target rank: 55
Target rank: 57
Target rank: 59
Target rank: 56
Target rank: 50
Target rank: 62
Target rank: 36
Target rank: 63
Target rank: 45
Target rank: 60
Target rank: 23
Target rank: 60
Target rank: 10
Target rank: 48
2026-07-27 21:17:38,512 [sketchlora.py] => [SketchDiag] task 8: retained-energy mean=0.991 min=0.990 | ||ΔW||_F mean=3.663 | r_hat mean=49.2 total=1180
Target rank: 39
Target rank: 49
Target rank: 48
Target rank: 50
Target rank: 47
Target rank: 54
Target rank: 55
Target rank: 56
Target rank: 64
Target rank: 61
Target rank: 58
Target rank: 61
Target rank: 63
Target rank: 60
Target rank: 53
Target rank: 66
Target rank: 38
Target rank: 68
Target rank: 49
Target rank: 64
Target rank: 25
Target rank: 64
Target rank: 10
Target rank: 52
2026-07-27 21:18:57,710 [sketchlora.py] => [SketchDiag] task 9: retained-energy mean=0.991 min=0.990 | ||ΔW||_F mean=3.844 | r_hat mean=52.2 total=1254
Target rank: 40
Target rank: 51
Target rank: 50
Target rank: 53
Target rank: 49
Target rank: 58
Target rank: 58
Target rank: 60
Target rank: 68
Target rank: 64
Target rank: 62
Target rank: 65
Target rank: 67
Target rank: 64
Target rank: 56
Target rank: 70
Target rank: 41
Target rank: 73
Target rank: 52
Target rank: 68
Target rank: 27
Target rank: 68
Target rank: 11
Target rank: 55
2026-07-27 21:20:16,563 [sketchlora.py] => [SketchDiag] task 10: retained-energy mean=0.991 min=0.990 | ||ΔW||_F mean=3.988 | r_hat mean=55.4 total=1330
Target rank: 41
Target rank: 53
Target rank: 51
Target rank: 55
Target rank: 51
Target rank: 60
Target rank: 60
Target rank: 63
Target rank: 71
Target rank: 67
Target rank: 65
Target rank: 68
Target rank: 70
Target rank: 67
Target rank: 58
Target rank: 73
Target rank: 43
Target rank: 77
Target rank: 54
Target rank: 71
Target rank: 28
Target rank: 71
Target rank: 12
Target rank: 57
2026-07-27 21:21:34,971 [sketchlora.py] => [SketchDiag] task 11: retained-energy mean=0.991 min=0.990 | ||ΔW||_F mean=4.122 | r_hat mean=57.8 total=1386
Target rank: 42
Target rank: 55
Target rank: 52
Target rank: 57
Target rank: 52
Target rank: 61
Target rank: 61
Target rank: 65
Target rank: 72
Target rank: 70
Target rank: 67
Target rank: 71
Target rank: 73
Target rank: 70
Target rank: 60
Target rank: 76
Target rank: 45
Target rank: 81
Target rank: 55
Target rank: 75
Target rank: 28
Target rank: 74
Target rank: 13
Target rank: 60
2026-07-27 21:22:54,772 [sketchlora.py] => [SketchDiag] task 12: retained-energy mean=0.991 min=0.990 | ||ΔW||_F mean=4.319 | r_hat mean=59.8 total=1435
2026-07-27 21:22:58,704 [bounded_memory_mixin.py] => [bounded_mem eval] volume 0.10 | cycle 12 | classes_seen 110 | CIL top1 74.37 | top5 95.97 | (nearest latent task ~10) | param_hash f8dddd2d7bcfa711 | per-task [56.78, 63.13, 76.0, 57.5, 77.39, 79.4, 80.0, 81.41, 81.5, 82.74, 82.41]
Target rank: 43
Target rank: 57
Target rank: 53
Target rank: 59
Target rank: 53
Target rank: 63
Target rank: 63
Target rank: 67
Target rank: 75
Target rank: 72
Target rank: 69
Target rank: 72
Target rank: 75
Target rank: 72
Target rank: 62
Target rank: 79
Target rank: 47
Target rank: 85
Target rank: 57
Target rank: 78
Target rank: 29
Target rank: 77
Target rank: 14
Target rank: 63
2026-07-27 21:24:17,397 [sketchlora.py] => [SketchDiag] task 13: retained-energy mean=0.991 min=0.990 | ||ΔW||_F mean=4.442 | r_hat mean=61.8 total=1484
Target rank: 44
Target rank: 58
Target rank: 54
Target rank: 60
Target rank: 55
Target rank: 66
Target rank: 65
Target rank: 70
Target rank: 78
Target rank: 75
Target rank: 71
Target rank: 75
Target rank: 78
Target rank: 75
Target rank: 65
Target rank: 82
Target rank: 48
Target rank: 88
Target rank: 59
Target rank: 81
Target rank: 29
Target rank: 80
Target rank: 15
Target rank: 65
2026-07-27 21:25:36,629 [sketchlora.py] => [SketchDiag] task 14: retained-energy mean=0.991 min=0.990 | ||ΔW||_F mean=4.601 | r_hat mean=64.0 total=1536
Target rank: 45
Target rank: 59
Target rank: 56
Target rank: 62
Target rank: 57
Target rank: 69
Target rank: 68
Target rank: 74
Target rank: 80
Target rank: 78
Target rank: 74
Target rank: 78
Target rank: 81
Target rank: 78
Target rank: 68
Target rank: 85
Target rank: 51
Target rank: 91
Target rank: 61
Target rank: 83
Target rank: 30
Target rank: 82
Target rank: 17
Target rank: 65
2026-07-27 21:26:55,954 [sketchlora.py] => [SketchDiag] task 15: retained-energy mean=0.991 min=0.990 | ||ΔW||_F mean=4.723 | r_hat mean=66.3 total=1592
Target rank: 45
Target rank: 61
Target rank: 57
Target rank: 64
Target rank: 57
Target rank: 71
Target rank: 70
Target rank: 76
Target rank: 81
Target rank: 81
Target rank: 76
Target rank: 80
Target rank: 83
Target rank: 80
Target rank: 69
Target rank: 88
Target rank: 53
Target rank: 93
Target rank: 61
Target rank: 86
Target rank: 31
Target rank: 84
Target rank: 18
Target rank: 68
2026-07-27 21:28:14,902 [sketchlora.py] => [SketchDiag] task 16: retained-energy mean=0.991 min=0.990 | ||ΔW||_F mean=4.906 | r_hat mean=68.0 total=1633
Target rank: 45
Target rank: 62
Target rank: 57
Target rank: 65
Target rank: 57
Target rank: 72
Target rank: 71
Target rank: 78
Target rank: 83
Target rank: 83
Target rank: 77
Target rank: 82
Target rank: 85
Target rank: 82
Target rank: 70
Target rank: 91
Target rank: 54
Target rank: 95
Target rank: 63
Target rank: 88
Target rank: 31
Target rank: 87
Target rank: 19
Target rank: 70
2026-07-27 21:29:34,291 [sketchlora.py] => [SketchDiag] task 17: retained-energy mean=0.991 min=0.990 | ||ΔW||_F mean=5.049 | r_hat mean=69.5 total=1667
Target rank: 45
Target rank: 63
Target rank: 57
Target rank: 66
Target rank: 57
Target rank: 73
Target rank: 72
Target rank: 79
Target rank: 84
Target rank: 83
Target rank: 79
Target rank: 84
Target rank: 86
Target rank: 83
Target rank: 71
Target rank: 92
Target rank: 55
Target rank: 97
Target rank: 64
Target rank: 90
Target rank: 32
Target rank: 89
Target rank: 19
Target rank: 73
2026-07-27 21:30:53,766 [sketchlora.py] => [SketchDiag] task 18: retained-energy mean=0.991 min=0.990 | ||ΔW||_F mean=5.141 | r_hat mean=70.5 total=1693
Target rank: 46
Target rank: 65
Target rank: 59
Target rank: 67
Target rank: 59
Target rank: 75
Target rank: 73
Target rank: 81
Target rank: 85
Target rank: 86
Target rank: 80
Target rank: 87
Target rank: 89
Target rank: 85
Target rank: 73
Target rank: 95
Target rank: 57
Target rank: 99
Target rank: 65
Target rank: 93
Target rank: 33
Target rank: 91
Target rank: 20
Target rank: 74
2026-07-27 21:32:12,396 [sketchlora.py] => [SketchDiag] task 19: retained-energy mean=0.991 min=0.990 | ||ΔW||_F mean=5.275 | r_hat mean=72.4 total=1737
Target rank: 46
Target rank: 65
Target rank: 59
Target rank: 67
Target rank: 59
Target rank: 76
Target rank: 73
Target rank: 81
Target rank: 86
Target rank: 86
Target rank: 81
Target rank: 88
Target rank: 89
Target rank: 86
Target rank: 74
Target rank: 96
Target rank: 58
Target rank: 100
Target rank: 66
Target rank: 94
Target rank: 34
Target rank: 93
Target rank: 21
Target rank: 76
2026-07-27 21:33:31,823 [sketchlora.py] => [SketchDiag] task 20: retained-energy mean=0.992 min=0.990 | ||ΔW||_F mean=5.382 | r_hat mean=73.1 total=1754
Target rank: 46
Target rank: 65
Target rank: 59
Target rank: 67
Target rank: 59
Target rank: 76
Target rank: 73
Target rank: 82
Target rank: 87
Target rank: 86
Target rank: 82
Target rank: 88
Target rank: 89
Target rank: 86
Target rank: 74
Target rank: 97
Target rank: 58
Target rank: 100
Target rank: 66
Target rank: 95
Target rank: 35
Target rank: 93
Target rank: 21
Target rank: 78
2026-07-27 21:34:51,538 [sketchlora.py] => [SketchDiag] task 21: retained-energy mean=0.991 min=0.990 | ||ΔW||_F mean=5.489 | r_hat mean=73.4 total=1762
Target rank: 46
Target rank: 66
Target rank: 59
Target rank: 68
Target rank: 59
Target rank: 77
Target rank: 74
Target rank: 83
Target rank: 88
Target rank: 87
Target rank: 83
Target rank: 89
Target rank: 89
Target rank: 88
Target rank: 75
Target rank: 99
Target rank: 59
Target rank: 101
Target rank: 66
Target rank: 97
Target rank: 36
Target rank: 95
Target rank: 22
Target rank: 80
2026-07-27 21:36:11,178 [sketchlora.py] => [SketchDiag] task 22: retained-energy mean=0.992 min=0.990 | ||ΔW||_F mean=5.599 | r_hat mean=74.4 total=1786
Target rank: 46
Target rank: 66
Target rank: 59
Target rank: 68
Target rank: 59
Target rank: 77
Target rank: 74
Target rank: 84
Target rank: 88
Target rank: 88
Target rank: 84
Target rank: 90
Target rank: 90
Target rank: 90
Target rank: 76
Target rank: 100
Target rank: 60
Target rank: 103
Target rank: 67
Target rank: 99
Target rank: 37
Target rank: 97
Target rank: 23
Target rank: 82
2026-07-27 21:37:30,958 [sketchlora.py] => [SketchDiag] task 23: retained-energy mean=0.992 min=0.990 | ||ΔW||_F mean=5.709 | r_hat mean=75.3 total=1807
Target rank: 46
Target rank: 66
Target rank: 59
Target rank: 69
Target rank: 60
Target rank: 78
Target rank: 75
Target rank: 86
Target rank: 88
Target rank: 90
Target rank: 85
Target rank: 92
Target rank: 91
Target rank: 92
Target rank: 77
Target rank: 101
Target rank: 61
Target rank: 105
Target rank: 68
Target rank: 101
Target rank: 38
Target rank: 99
Target rank: 24
Target rank: 84
2026-07-27 21:38:50,547 [sketchlora.py] => [SketchDiag] task 24: retained-energy mean=0.991 min=0.990 | ||ΔW||_F mean=5.803 | r_hat mean=76.5 total=1835
2026-07-27 21:38:57,106 [bounded_memory_mixin.py] => [bounded_mem eval] volume 0.20 | cycle 24 | classes_seen 210 | CIL top1 63.16 | top5 89.20 | (nearest latent task ~20) | param_hash 03975bd312f0cde4 | per-task [35.68, 58.08, 74.5, 39.5, 62.81, 68.84, 66.67, 55.78, 70.0, 68.53, 62.81, 53.27, 60.41, 51.79, 60.8, 67.5, 65.83, 78.28, 82.41, 76.53, 66.5]
Target rank: 46
Target rank: 66
Target rank: 59
Target rank: 69
Target rank: 60
Target rank: 79
Target rank: 75
Target rank: 87
Target rank: 89
Target rank: 92
Target rank: 86
Target rank: 94
Target rank: 92
Target rank: 93
Target rank: 78
Target rank: 103
Target rank: 62
Target rank: 107
Target rank: 69
Target rank: 103
Target rank: 39
Target rank: 100
Target rank: 25
Target rank: 85
2026-07-27 21:40:15,867 [sketchlora.py] => [SketchDiag] task 25: retained-energy mean=0.991 min=0.990 | ||ΔW||_F mean=5.894 | r_hat mean=77.4 total=1858
Target rank: 46
Target rank: 67
Target rank: 59
Target rank: 70
Target rank: 61
Target rank: 80
Target rank: 76
Target rank: 89
Target rank: 90
Target rank: 94
Target rank: 87
Target rank: 95
Target rank: 93
Target rank: 94
Target rank: 79
Target rank: 104
Target rank: 63
Target rank: 108
Target rank: 70
Target rank: 104
Target rank: 40
Target rank: 101
Target rank: 26
Target rank: 85
2026-07-27 21:41:34,891 [sketchlora.py] => [SketchDiag] task 26: retained-energy mean=0.992 min=0.990 | ||ΔW||_F mean=5.958 | r_hat mean=78.4 total=1881
Target rank: 46
Target rank: 68
Target rank: 59
Target rank: 70
Target rank: 61
Target rank: 80
Target rank: 76
Target rank: 89
Target rank: 90
Target rank: 95
Target rank: 88
Target rank: 96
Target rank: 94
Target rank: 95
Target rank: 79
Target rank: 105
Target rank: 64
Target rank: 109
Target rank: 70
Target rank: 105
Target rank: 41
Target rank: 103
Target rank: 26
Target rank: 87
2026-07-27 21:42:53,654 [sketchlora.py] => [SketchDiag] task 27: retained-energy mean=0.991 min=0.990 | ||ΔW||_F mean=6.065 | r_hat mean=79.0 total=1896
Target rank: 46
Target rank: 68
Target rank: 59
Target rank: 71
Target rank: 61
Target rank: 81
Target rank: 76
Target rank: 89
Target rank: 90
Target rank: 95
Target rank: 88
Target rank: 96
Target rank: 94
Target rank: 95
Target rank: 79
Target rank: 105
Target rank: 65
Target rank: 110
Target rank: 70
Target rank: 106
Target rank: 42
Target rank: 104
Target rank: 26
Target rank: 88
2026-07-27 21:44:13,185 [sketchlora.py] => [SketchDiag] task 28: retained-energy mean=0.991 min=0.990 | ||ΔW||_F mean=6.165 | r_hat mean=79.3 total=1904
Target rank: 46
Target rank: 69
Target rank: 60
Target rank: 72
Target rank: 61
Target rank: 83
Target rank: 77
Target rank: 90
Target rank: 91
Target rank: 96
Target rank: 88
Target rank: 97
Target rank: 95
Target rank: 96
Target rank: 80
Target rank: 106
Target rank: 66
Target rank: 112
Target rank: 70
Target rank: 108
Target rank: 44
Target rank: 106
Target rank: 26
Target rank: 90
2026-07-27 21:45:32,538 [sketchlora.py] => [SketchDiag] task 29: retained-energy mean=0.991 min=0.990 | ||ΔW||_F mean=6.300 | r_hat mean=80.4 total=1929
Target rank: 46
Target rank: 70
Target rank: 60
Target rank: 73
Target rank: 61
Target rank: 84
Target rank: 77
Target rank: 91
Target rank: 92
Target rank: 97
Target rank: 88
Target rank: 98
Target rank: 95
Target rank: 97
Target rank: 81
Target rank: 107
Target rank: 67
Target rank: 113
Target rank: 71
Target rank: 110
Target rank: 45
Target rank: 108
Target rank: 26
Target rank: 91
2026-07-27 21:46:51,497 [sketchlora.py] => [SketchDiag] task 30: retained-energy mean=0.991 min=0.990 | ||ΔW||_F mean=6.410 | r_hat mean=81.2 total=1948
Target rank: 46
Target rank: 71
Target rank: 60
Target rank: 73
Target rank: 61
Target rank: 85
Target rank: 77
Target rank: 92
Target rank: 92
Target rank: 97
Target rank: 88
Target rank: 99
Target rank: 95
Target rank: 98
Target rank: 81
Target rank: 107
Target rank: 67
Target rank: 113
Target rank: 71
Target rank: 110
Target rank: 45
Target rank: 108
Target rank: 26
Target rank: 92
2026-07-27 21:48:11,462 [sketchlora.py] => [SketchDiag] task 31: retained-energy mean=0.991 min=0.990 | ||ΔW||_F mean=6.462 | r_hat mean=81.4 total=1954
Target rank: 46
Target rank: 72
Target rank: 60
Target rank: 74
Target rank: 61
Target rank: 86
Target rank: 77
Target rank: 93
Target rank: 93
Target rank: 99
Target rank: 89
Target rank: 100
Target rank: 96
Target rank: 99
Target rank: 82
Target rank: 108
Target rank: 68
Target rank: 114
Target rank: 72
Target rank: 110
Target rank: 45
Target rank: 108
Target rank: 27
Target rank: 92
2026-07-27 21:49:30,989 [sketchlora.py] => [SketchDiag] task 32: retained-energy mean=0.992 min=0.990 | ||ΔW||_F mean=6.539 | r_hat mean=82.1 total=1971
Target rank: 46
Target rank: 72
Target rank: 60
Target rank: 74
Target rank: 61
Target rank: 86
Target rank: 77
Target rank: 93
Target rank: 93
Target rank: 99
Target rank: 89
Target rank: 100
Target rank: 96
Target rank: 99
Target rank: 82
Target rank: 108
Target rank: 68
Target rank: 114
Target rank: 72
Target rank: 111
Target rank: 45
Target rank: 108
Target rank: 28
Target rank: 94
2026-07-27 21:50:51,037 [sketchlora.py] => [SketchDiag] task 33: retained-energy mean=0.992 min=0.990 | ||ΔW||_F mean=6.600 | r_hat mean=82.3 total=1975
Target rank: 46
Target rank: 72
Target rank: 60
Target rank: 74
Target rank: 61
Target rank: 86
Target rank: 77
Target rank: 93
Target rank: 93
Target rank: 99
Target rank: 89
Target rank: 100
Target rank: 96
Target rank: 100
Target rank: 82
Target rank: 108
Target rank: 68
Target rank: 115
Target rank: 72
Target rank: 111
Target rank: 46
Target rank: 109
Target rank: 28
Target rank: 94
2026-07-27 21:52:10,127 [sketchlora.py] => [SketchDiag] task 34: retained-energy mean=0.991 min=0.990 | ||ΔW||_F mean=6.681 | r_hat mean=82.5 total=1979
Target rank: 46
Target rank: 72
Target rank: 60
Target rank: 74
Target rank: 61
Target rank: 86
Target rank: 77
Target rank: 93
Target rank: 93
Target rank: 99
Target rank: 89
Target rank: 100
Target rank: 96
Target rank: 100
Target rank: 82
Target rank: 108
Target rank: 68
Target rank: 116
Target rank: 72
Target rank: 111
Target rank: 47
Target rank: 109
Target rank: 29
Target rank: 96
2026-07-27 21:53:29,395 [sketchlora.py] => [SketchDiag] task 35: retained-energy mean=0.992 min=0.990 | ||ΔW||_F mean=6.740 | r_hat mean=82.7 total=1984
Target rank: 46
Target rank: 72
Target rank: 60
Target rank: 74
Target rank: 62
Target rank: 87
Target rank: 77
Target rank: 94
Target rank: 93
Target rank: 100
Target rank: 90
Target rank: 101
Target rank: 96
Target rank: 101
Target rank: 83
Target rank: 109
Target rank: 69
Target rank: 116
Target rank: 73
Target rank: 112
Target rank: 48
Target rank: 109
Target rank: 30
Target rank: 97
2026-07-27 21:54:49,348 [sketchlora.py] => [SketchDiag] task 36: retained-energy mean=0.992 min=0.990 | ||ΔW||_F mean=6.840 | r_hat mean=83.3 total=1999
2026-07-27 21:54:58,642 [bounded_memory_mixin.py] => [bounded_mem eval] volume 0.30 | cycle 36 | classes_seen 310 | CIL top1 56.25 | top5 84.88 | (nearest latent task ~30) | param_hash 36471203d6bfd737 | per-task [24.62, 52.02, 66.0, 30.0, 42.21, 65.83, 47.69, 49.75, 57.0, 64.47, 36.68, 52.76, 33.5, 38.97, 42.71, 54.5, 55.78, 63.13, 55.78, 60.2, 73.0, 67.84, 63.45, 58.38, 62.12, 82.23, 63.96, 68.02, 80.4, 88.0, 42.35]
Target rank: 46
Target rank: 73
Target rank: 60
Target rank: 74
Target rank: 63
Target rank: 88
Target rank: 77
Target rank: 95
Target rank: 93
Target rank: 102
Target rank: 92
Target rank: 102
Target rank: 97
Target rank: 102
Target rank: 84
Target rank: 110
Target rank: 70
Target rank: 117
Target rank: 74
Target rank: 112
Target rank: 49
Target rank: 109
Target rank: 31
Target rank: 97
2026-07-27 21:56:18,568 [sketchlora.py] => [SketchDiag] task 37: retained-energy mean=0.992 min=0.990 | ||ΔW||_F mean=6.947 | r_hat mean=84.0 total=2017
Target rank: 46
Target rank: 73
Target rank: 60
Target rank: 75
Target rank: 63
Target rank: 88
Target rank: 77
Target rank: 95
Target rank: 93
Target rank: 102
Target rank: 92
Target rank: 102
Target rank: 97
Target rank: 102
Target rank: 84
Target rank: 110
Target rank: 70
Target rank: 117
Target rank: 74
Target rank: 112
Target rank: 50
Target rank: 109
Target rank: 31
Target rank: 98
2026-07-27 21:57:38,653 [sketchlora.py] => [SketchDiag] task 38: retained-energy mean=0.992 min=0.990 | ||ΔW||_F mean=7.036 | r_hat mean=84.2 total=2020
Target rank: 46
Target rank: 73
Target rank: 60
Target rank: 75
Target rank: 63
Target rank: 88
Target rank: 77
Target rank: 95
Target rank: 93
Target rank: 102
Target rank: 92
Target rank: 102
Target rank: 97
Target rank: 102
Target rank: 84
Target rank: 110
Target rank: 70
Target rank: 117
Target rank: 74
Target rank: 112
Target rank: 50
Target rank: 109
Target rank: 31
Target rank: 99
2026-07-27 21:58:58,826 [sketchlora.py] => [SketchDiag] task 39: retained-energy mean=0.992 min=0.990 | ||ΔW||_F mean=7.114 | r_hat mean=84.2 total=2021
Target rank: 46
Target rank: 73
Target rank: 60
Target rank: 75
Target rank: 63
Target rank: 88
Target rank: 77
Target rank: 95
Target rank: 93
Target rank: 102
Target rank: 93
Target rank: 102
Target rank: 98
Target rank: 103
Target rank: 85
Target rank: 110
Target rank: 71
Target rank: 118
Target rank: 75
Target rank: 113
Target rank: 51
Target rank: 110
Target rank: 31
Target rank: 100
2026-07-27 22:00:18,696 [sketchlora.py] => [SketchDiag] task 40: retained-energy mean=0.991 min=0.990 | ||ΔW||_F mean=7.198 | r_hat mean=84.7 total=2032
Target rank: 46
Target rank: 74
Target rank: 60
Target rank: 76
Target rank: 63
Target rank: 88
Target rank: 78
Target rank: 96
Target rank: 93
Target rank: 103
Target rank: 94
Target rank: 103
Target rank: 99
Target rank: 104
Target rank: 85
Target rank: 111
Target rank: 71
Target rank: 118
Target rank: 75
Target rank: 113
Target rank: 51
Target rank: 110
Target rank: 32
Target rank: 100
2026-07-27 22:01:38,701 [sketchlora.py] => [SketchDiag] task 41: retained-energy mean=0.992 min=0.990 | ||ΔW||_F mean=7.270 | r_hat mean=85.1 total=2043
Target rank: 46
Target rank: 74
Target rank: 60
Target rank: 76
Target rank: 63
Target rank: 89
Target rank: 78
Target rank: 96
Target rank: 93
Target rank: 103
Target rank: 94
Target rank: 103
Target rank: 99
Target rank: 104
Target rank: 85
Target rank: 111
Target rank: 72
Target rank: 118
Target rank: 75
Target rank: 115
Target rank: 52
Target rank: 111
Target rank: 32
Target rank: 100
2026-07-27 22:02:58,401 [sketchlora.py] => [SketchDiag] task 42: retained-energy mean=0.992 min=0.990 | ||ΔW||_F mean=7.361 | r_hat mean=85.4 total=2049
Target rank: 46
Target rank: 74
Target rank: 60
Target rank: 76
Target rank: 63
Target rank: 89
Target rank: 78
Target rank: 96
Target rank: 93
Target rank: 103
Target rank: 94
Target rank: 103
Target rank: 99
Target rank: 104
Target rank: 85
Target rank: 112
Target rank: 72
Target rank: 118
Target rank: 75
Target rank: 115
Target rank: 53
Target rank: 112
Target rank: 32
Target rank: 101
2026-07-27 22:04:18,720 [sketchlora.py] => [SketchDiag] task 43: retained-energy mean=0.992 min=0.990 | ||ΔW||_F mean=7.435 | r_hat mean=85.5 total=2053
Target rank: 46
Target rank: 74
Target rank: 60
Target rank: 76
Target rank: 63
Target rank: 89
Target rank: 78
Target rank: 96
Target rank: 93
Target rank: 103
Target rank: 94
Target rank: 103
Target rank: 99
Target rank: 104
Target rank: 85
Target rank: 112
Target rank: 72
Target rank: 118
Target rank: 75
Target rank: 116
Target rank: 54
Target rank: 113
Target rank: 32
Target rank: 102
2026-07-27 22:05:38,113 [sketchlora.py] => [SketchDiag] task 44: retained-energy mean=0.992 min=0.990 | ||ΔW||_F mean=7.506 | r_hat mean=85.7 total=2057
Target rank: 46
Target rank: 74
Target rank: 60
Target rank: 76
Target rank: 63
Target rank: 89
Target rank: 78
Target rank: 96
Target rank: 93
Target rank: 103
Target rank: 94
Target rank: 104
Target rank: 99
Target rank: 104
Target rank: 85
Target rank: 112
Target rank: 72
Target rank: 118
Target rank: 75
Target rank: 116
Target rank: 55
Target rank: 113
Target rank: 32
Target rank: 102
2026-07-27 22:06:57,770 [sketchlora.py] => [SketchDiag] task 45: retained-energy mean=0.992 min=0.990 | ||ΔW||_F mean=7.589 | r_hat mean=85.8 total=2059
Target rank: 46
Target rank: 74
Target rank: 60
Target rank: 76
Target rank: 63
Target rank: 89
Target rank: 78
Target rank: 96
Target rank: 93
Target rank: 103
Target rank: 94
Target rank: 104
Target rank: 99
Target rank: 104
Target rank: 85
Target rank: 112
Target rank: 72
Target rank: 119
Target rank: 75
Target rank: 116
Target rank: 56
Target rank: 113
Target rank: 32
Target rank: 102
2026-07-27 22:08:17,035 [sketchlora.py] => [SketchDiag] task 46: retained-energy mean=0.992 min=0.990 | ||ΔW||_F mean=7.657 | r_hat mean=85.9 total=2061
Target rank: 46
Target rank: 74
Target rank: 60
Target rank: 76
Target rank: 63
Target rank: 90
Target rank: 78
Target rank: 96
Target rank: 93
Target rank: 103
Target rank: 94
Target rank: 104
Target rank: 99
Target rank: 104
Target rank: 85
Target rank: 112
Target rank: 72
Target rank: 128
Target rank: 76
Target rank: 116
Target rank: 57
Target rank: 113
Target rank: 33
Target rank: 103
2026-07-27 22:09:36,414 [sketchlora.py] => [SketchDiag] task 47: retained-energy mean=0.992 min=0.990 | ||ΔW||_F mean=7.724 | r_hat mean=86.5 total=2075
Target rank: 46
Target rank: 74
Target rank: 60
Target rank: 76
Target rank: 63
Target rank: 90
Target rank: 78
Target rank: 96
Target rank: 93
Target rank: 103
Target rank: 94
Target rank: 104
Target rank: 99
Target rank: 105
Target rank: 85
Target rank: 113
Target rank: 73
Target rank: 128
Target rank: 77
Target rank: 117
Target rank: 58
Target rank: 114
Target rank: 33
Target rank: 104
2026-07-27 22:10:55,661 [sketchlora.py] => [SketchDiag] task 48: retained-energy mean=0.992 min=0.990 | ||ΔW||_F mean=7.793 | r_hat mean=86.8 total=2083
2026-07-27 22:11:07,136 [bounded_memory_mixin.py] => [bounded_mem eval] volume 0.40 | cycle 48 | classes_seen 410 | CIL top1 48.43 | top5 79.64 | (nearest latent task ~40) | param_hash 52623ef61379edfe | per-task [15.58, 30.3, 50.5, 22.0, 35.18, 54.27, 28.72, 39.7, 48.5, 50.76, 29.65, 35.68, 30.46, 17.95, 38.69, 33.0, 49.75, 51.01, 44.72, 52.04, 57.0, 54.77, 46.7, 44.16, 48.48, 68.53, 50.25, 56.35, 62.81, 71.0, 53.57, 63.96, 67.5, 52.26, 47.5, 59.6, 51.0, 70.35, 78.39, 75.0, 46.97]
Target rank: 46
Target rank: 74
Target rank: 60
Target rank: 76
Target rank: 63
Target rank: 91
Target rank: 78
Target rank: 97
Target rank: 93
Target rank: 104
Target rank: 94
Target rank: 104
Target rank: 99
Target rank: 105
Target rank: 85
Target rank: 113
Target rank: 73
Target rank: 128
Target rank: 77
Target rank: 117
Target rank: 58
Target rank: 114
Target rank: 33
Target rank: 104
2026-07-27 22:12:26,985 [sketchlora.py] => [SketchDiag] task 49: retained-energy mean=0.992 min=0.991 | ||ΔW||_F mean=7.849 | r_hat mean=86.9 total=2086
Target rank: 46
Target rank: 74
Target rank: 60
Target rank: 76
Target rank: 63
Target rank: 92
Target rank: 78
Target rank: 98
Target rank: 94
Target rank: 105
Target rank: 95
Target rank: 105
Target rank: 100
Target rank: 106
Target rank: 86
Target rank: 114
Target rank: 74
Target rank: 128
Target rank: 78
Target rank: 118
Target rank: 59
Target rank: 114
Target rank: 34
Target rank: 104
2026-07-27 22:13:46,659 [sketchlora.py] => [SketchDiag] task 50: retained-energy mean=0.992 min=0.990 | ||ΔW||_F mean=7.965 | r_hat mean=87.5 total=2101
Target rank: 46
Target rank: 74
Target rank: 60
Target rank: 76
Target rank: 63
Target rank: 92
Target rank: 78
Target rank: 98
Target rank: 94
Target rank: 105
Target rank: 95
Target rank: 105
Target rank: 100
Target rank: 107
Target rank: 86
Target rank: 114
Target rank: 74
Target rank: 128
Target rank: 78
Target rank: 118
Target rank: 59
Target rank: 114
Target rank: 34
Target rank: 104
2026-07-27 22:15:06,249 [sketchlora.py] => [SketchDiag] task 51: retained-energy mean=0.992 min=0.990 | ||ΔW||_F mean=8.040 | r_hat mean=87.6 total=2102
Target rank: 46
Target rank: 74
Target rank: 60
Target rank: 76
Target rank: 63
Target rank: 92
Target rank: 78
Target rank: 98
Target rank: 94
Target rank: 105
Target rank: 95
Target rank: 105
Target rank: 100
Target rank: 107
Target rank: 86
Target rank: 114
Target rank: 74
Target rank: 128
Target rank: 78
Target rank: 118
Target rank: 60
Target rank: 115
Target rank: 34
Target rank: 104
2026-07-27 22:16:25,851 [sketchlora.py] => [SketchDiag] task 52: retained-energy mean=0.993 min=0.990 | ||ΔW||_F mean=8.091 | r_hat mean=87.7 total=2104
Target rank: 46
Target rank: 74
Target rank: 60
Target rank: 76
Target rank: 63
Target rank: 92
Target rank: 78
Target rank: 99
Target rank: 94
Target rank: 106
Target rank: 95
Target rank: 106
Target rank: 100
Target rank: 108
Target rank: 86
Target rank: 114
Target rank: 75
Target rank: 128
Target rank: 78
Target rank: 118
Target rank: 60
Target rank: 115
Target rank: 34
Target rank: 104
2026-07-27 22:17:45,435 [sketchlora.py] => [SketchDiag] task 53: retained-energy mean=0.991 min=0.990 | ||ΔW||_F mean=8.168 | r_hat mean=87.9 total=2109
Target rank: 46
Target rank: 74
Target rank: 60
Target rank: 76
Target rank: 63
Target rank: 92
Target rank: 78
Target rank: 99
Target rank: 94
Target rank: 107
Target rank: 95
Target rank: 107
Target rank: 100
Target rank: 108
Target rank: 86
Target rank: 114
Target rank: 75
Target rank: 128
Target rank: 78
Target rank: 118
Target rank: 60
Target rank: 115
Target rank: 34
Target rank: 104
2026-07-27 22:19:05,339 [sketchlora.py] => [SketchDiag] task 54: retained-energy mean=0.991 min=0.990 | ||ΔW||_F mean=8.228 | r_hat mean=88.0 total=2111
Target rank: 46
Target rank: 74
Target rank: 60
Target rank: 76
Target rank: 63
Target rank: 92
Target rank: 78
Target rank: 99
Target rank: 94
Target rank: 107
Target rank: 95
Target rank: 107
Target rank: 100
Target rank: 108
Target rank: 86
Target rank: 114
Target rank: 75
Target rank: 128
Target rank: 78
Target rank: 118
Target rank: 60
Target rank: 115
Target rank: 34
Target rank: 105
2026-07-27 22:20:25,323 [sketchlora.py] => [SketchDiag] task 55: retained-energy mean=0.994 min=0.991 | ||ΔW||_F mean=8.258 | r_hat mean=88.0 total=2112
Target rank: 46
Target rank: 74
Target rank: 60
Target rank: 76
Target rank: 63
Target rank: 92
Target rank: 78
Target rank: 99
Target rank: 94
Target rank: 107
Target rank: 95
Target rank: 107
Target rank: 100
Target rank: 108
Target rank: 86
Target rank: 114
Target rank: 75
Target rank: 128
Target rank: 78
Target rank: 118
Target rank: 60
Target rank: 115
Target rank: 34
Target rank: 105
2026-07-27 22:21:45,929 [sketchlora.py] => [SketchDiag] task 56: retained-energy mean=0.992 min=0.990 | ||ΔW||_F mean=8.315 | r_hat mean=88.0 total=2112
Target rank: 46
Target rank: 74
Target rank: 60
Target rank: 76
Target rank: 63
Target rank: 92
Target rank: 78
Target rank: 99
Target rank: 94
Target rank: 107
Target rank: 95
Target rank: 107
Target rank: 100
Target rank: 108
Target rank: 86
Target rank: 114
Target rank: 75
Target rank: 128
Target rank: 78
Target rank: 118
Target rank: 60
Target rank: 115
Target rank: 34
Target rank: 105
2026-07-27 22:23:05,622 [sketchlora.py] => [SketchDiag] task 57: retained-energy mean=0.993 min=0.991 | ||ΔW||_F mean=8.358 | r_hat mean=88.0 total=2112
Target rank: 46
Target rank: 74
Target rank: 60
Target rank: 76
Target rank: 63
Target rank: 92
Target rank: 78
Target rank: 99
Target rank: 94
Target rank: 107
Target rank: 95
Target rank: 107
Target rank: 100
Target rank: 108
Target rank: 87
Target rank: 114
Target rank: 75
Target rank: 128
Target rank: 78
Target rank: 119
Target rank: 60
Target rank: 115
Target rank: 34
Target rank: 105
2026-07-27 22:24:26,130 [sketchlora.py] => [SketchDiag] task 58: retained-energy mean=0.992 min=0.990 | ||ΔW||_F mean=8.438 | r_hat mean=88.1 total=2114
Target rank: 46
Target rank: 74
Target rank: 60
Target rank: 76
Target rank: 63
Target rank: 92
Target rank: 78
Target rank: 99
Target rank: 94
Target rank: 107
Target rank: 95
Target rank: 107
Target rank: 101
Target rank: 109
Target rank: 87
Target rank: 114
Target rank: 76
Target rank: 128
Target rank: 79
Target rank: 128
Target rank: 61
Target rank: 115
Target rank: 34
Target rank: 105
2026-07-27 22:25:46,136 [sketchlora.py] => [SketchDiag] task 59: retained-energy mean=0.992 min=0.990 | ||ΔW||_F mean=8.538 | r_hat mean=88.7 total=2128
Target rank: 46
Target rank: 74
Target rank: 60
Target rank: 76
Target rank: 63
Target rank: 92
Target rank: 78
Target rank: 99
Target rank: 94
Target rank: 107
Target rank: 95
Target rank: 107
Target rank: 101
Target rank: 109
Target rank: 87
Target rank: 114
Target rank: 76
Target rank: 128
Target rank: 79
Target rank: 128
Target rank: 61
Target rank: 115
Target rank: 34
Target rank: 105
2026-07-27 22:27:05,948 [sketchlora.py] => [SketchDiag] task 60: retained-energy mean=0.993 min=0.991 | ||ΔW||_F mean=8.573 | r_hat mean=88.7 total=2128
2026-07-27 22:27:20,156 [bounded_memory_mixin.py] => [bounded_mem eval] volume 0.50 | cycle 60 | classes_seen 510 | CIL top1 41.17 | top5 73.20 | (nearest latent task ~50) | param_hash db167e5f1463ab78 | per-task [10.55, 17.17, 31.5, 19.0, 24.62, 39.7, 15.9, 30.15, 39.5, 34.52, 23.12, 25.13, 29.95, 16.41, 35.18, 19.5, 34.67, 36.36, 27.64, 39.8, 51.5, 41.71, 35.03, 40.1, 35.86, 58.88, 35.03, 50.25, 55.28, 66.5, 31.12, 48.73, 53.0, 39.2, 41.5, 47.47, 39.5, 58.29, 59.8, 56.0, 65.15, 30.65, 76.5, 55.33, 37.19, 62.31, 73.23, 73.0, 63.13, 67.01, 0.0]
Target rank: 46
Target rank: 74
Target rank: 60
Target rank: 76
Target rank: 63
Target rank: 92
Target rank: 78
Target rank: 100
Target rank: 94
Target rank: 108
Target rank: 95
Target rank: 108
Target rank: 101
Target rank: 110
Target rank: 88
Target rank: 115
Target rank: 77
Target rank: 128
Target rank: 79
Target rank: 128
Target rank: 61
Target rank: 115
Target rank: 35
Target rank: 105
2026-07-27 22:28:40,348 [sketchlora.py] => [SketchDiag] task 61: retained-energy mean=0.992 min=0.990 | ||ΔW||_F mean=8.677 | r_hat mean=89.0 total=2136
Target rank: 46
Target rank: 74
Target rank: 60
Target rank: 76
Target rank: 63
Target rank: 92
Target rank: 78
Target rank: 100
Target rank: 94
Target rank: 108
Target rank: 95
Target rank: 108
Target rank: 101
Target rank: 110
Target rank: 88
Target rank: 115
Target rank: 77
Target rank: 128
Target rank: 79
Target rank: 128
Target rank: 61
Target rank: 115
Target rank: 35
Target rank: 105
2026-07-27 22:29:59,559 [sketchlora.py] => [SketchDiag] task 62: retained-energy mean=0.993 min=0.990 | ||ΔW||_F mean=8.744 | r_hat mean=89.0 total=2136
Target rank: 46
Target rank: 74
Target rank: 60
Target rank: 76
Target rank: 63
Target rank: 92
Target rank: 78
Target rank: 100
Target rank: 94
Target rank: 108
Target rank: 95
Target rank: 108
Target rank: 101
Target rank: 110
Target rank: 88
Target rank: 115
Target rank: 77
Target rank: 128
Target rank: 79
Target rank: 128
Target rank: 61
Target rank: 115
Target rank: 35
Target rank: 105
2026-07-27 22:31:19,397 [sketchlora.py] => [SketchDiag] task 63: retained-energy mean=0.993 min=0.991 | ||ΔW||_F mean=8.794 | r_hat mean=89.0 total=2136
Target rank: 46
Target rank: 74
Target rank: 60
Target rank: 76
Target rank: 63
Target rank: 92
Target rank: 78
Target rank: 100
Target rank: 94
Target rank: 108
Target rank: 95
Target rank: 108
Target rank: 101
Target rank: 110
Target rank: 88
Target rank: 115
Target rank: 77
Target rank: 128
Target rank: 79
Target rank: 128
Target rank: 61
Target rank: 115
Target rank: 35
Target rank: 105
2026-07-27 22:32:39,197 [sketchlora.py] => [SketchDiag] task 64: retained-energy mean=0.993 min=0.991 | ||ΔW||_F mean=8.837 | r_hat mean=89.0 total=2136
Target rank: 46
Target rank: 74
Target rank: 60
Target rank: 76
Target rank: 63
Target rank: 92
Target rank: 78
Target rank: 100
Target rank: 94
Target rank: 108
Target rank: 95
Target rank: 108
Target rank: 101
Target rank: 110
Target rank: 88
Target rank: 115
Target rank: 77
Target rank: 128
Target rank: 79
Target rank: 128
Target rank: 61
Target rank: 115
Target rank: 35
Target rank: 106
2026-07-27 22:33:59,260 [sketchlora.py] => [SketchDiag] task 65: retained-energy mean=0.994 min=0.991 | ||ΔW||_F mean=8.879 | r_hat mean=89.0 total=2137
Target rank: 46
Target rank: 74
Target rank: 60
Target rank: 76
Target rank: 63
Target rank: 92
Target rank: 78
Target rank: 100
Target rank: 94
Target rank: 108
Target rank: 95
Target rank: 108
Target rank: 101
Target rank: 110
Target rank: 88
Target rank: 115
Target rank: 77
Target rank: 128
Target rank: 79
Target rank: 128
Target rank: 62
Target rank: 115
Target rank: 35
Target rank: 106
2026-07-27 22:35:19,506 [sketchlora.py] => [SketchDiag] task 66: retained-energy mean=0.993 min=0.990 | ||ΔW||_F mean=8.959 | r_hat mean=89.1 total=2138
Target rank: 46
Target rank: 74
Target rank: 60
Target rank: 76
Target rank: 63
Target rank: 92
Target rank: 78
Target rank: 100
Target rank: 94
Target rank: 108
Target rank: 95
Target rank: 108
Target rank: 101
Target rank: 110
Target rank: 88
Target rank: 115
Target rank: 77
Target rank: 128
Target rank: 79
Target rank: 128
Target rank: 62
Target rank: 115
Target rank: 35
Target rank: 106
2026-07-27 22:36:39,541 [sketchlora.py] => [SketchDiag] task 67: retained-energy mean=0.994 min=0.991 | ||ΔW||_F mean=9.001 | r_hat mean=89.1 total=2138
Target rank: 46
Target rank: 74
Target rank: 60
Target rank: 76
Target rank: 63
Target rank: 92
Target rank: 78
Target rank: 100
Target rank: 94
Target rank: 108
Target rank: 95
Target rank: 108
Target rank: 101
Target rank: 110
Target rank: 88
Target rank: 115
Target rank: 77
Target rank: 128
Target rank: 79
Target rank: 128
Target rank: 63
Target rank: 115
Target rank: 35
Target rank: 106
2026-07-27 22:37:59,266 [sketchlora.py] => [SketchDiag] task 68: retained-energy mean=0.992 min=0.990 | ||ΔW||_F mean=9.114 | r_hat mean=89.1 total=2139
Target rank: 46
Target rank: 74
Target rank: 60
Target rank: 76
Target rank: 63
Target rank: 92
Target rank: 78
Target rank: 100
Target rank: 94
Target rank: 108
Target rank: 95
Target rank: 108
Target rank: 101
Target rank: 110
Target rank: 88
Target rank: 115
Target rank: 77
Target rank: 128
Target rank: 79
Target rank: 128
Target rank: 63
Target rank: 115
Target rank: 35
Target rank: 106
2026-07-27 22:39:18,910 [sketchlora.py] => [SketchDiag] task 69: retained-energy mean=0.993 min=0.990 | ||ΔW||_F mean=9.162 | r_hat mean=89.1 total=2139
/data/gmar762/anaconda3/envs/treelora/lib/python3.10/site-packages/PIL/Image.py:1137: UserWarning: Palette images with Transparency expressed in bytes should be converted to RGBA images
  warnings.warn(
/data/gmar762/anaconda3/envs/treelora/lib/python3.10/site-packages/PIL/Image.py:1137: UserWarning: Palette images with Transparency expressed in bytes should be converted to RGBA images
  warnings.warn(
/data/gmar762/anaconda3/envs/treelora/lib/python3.10/site-packages/PIL/Image.py:1137: UserWarning: Palette images with Transparency expressed in bytes should be converted to RGBA images
  warnings.warn(
/data/gmar762/anaconda3/envs/treelora/lib/python3.10/site-packages/PIL/Image.py:1137: UserWarning: Palette images with Transparency expressed in bytes should be converted to RGBA images
  warnings.warn(
/data/gmar762/anaconda3/envs/treelora/lib/python3.10/site-packages/PIL/Image.py:1137: UserWarning: Palette images with Transparency expressed in bytes should be converted to RGBA images
  warnings.warn(
/data/gmar762/anaconda3/envs/treelora/lib/python3.10/site-packages/PIL/Image.py:1137: UserWarning: Palette images with Transparency expressed in bytes should be converted to RGBA images
  warnings.warn(
/data/gmar762/anaconda3/envs/treelora/lib/python3.10/site-packages/PIL/Image.py:1137: UserWarning: Palette images with Transparency expressed in bytes should be converted to RGBA images
  warnings.warn(
/data/gmar762/anaconda3/envs/treelora/lib/python3.10/site-packages/PIL/Image.py:1137: UserWarning: Palette images with Transparency expressed in bytes should be converted to RGBA images
  warnings.warn(
/data/gmar762/anaconda3/envs/treelora/lib/python3.10/site-packages/PIL/Image.py:1137: UserWarning: Palette images with Transparency expressed in bytes should be converted to RGBA images
  warnings.warn(
/data/gmar762/anaconda3/envs/treelora/lib/python3.10/site-packages/PIL/Image.py:1137: UserWarning: Palette images with Transparency expressed in bytes should be converted to RGBA images
  warnings.warn(
/data/gmar762/anaconda3/envs/treelora/lib/python3.10/site-packages/PIL/Image.py:1137: UserWarning: Palette images with Transparency expressed in bytes should be converted to RGBA images
  warnings.warn(
/data/gmar762/anaconda3/envs/treelora/lib/python3.10/site-packages/PIL/Image.py:1137: UserWarning: Palette images with Transparency expressed in bytes should be converted to RGBA images
  warnings.warn(
/data/gmar762/anaconda3/envs/treelora/lib/python3.10/site-packages/PIL/Image.py:1137: UserWarning: Palette images with Transparency expressed in bytes should be converted to RGBA images
  warnings.warn(
/data/gmar762/anaconda3/envs/treelora/lib/python3.10/site-packages/PIL/Image.py:1137: UserWarning: Palette images with Transparency expressed in bytes should be converted to RGBA images
  warnings.warn(
/data/gmar762/anaconda3/envs/treelora/lib/python3.10/site-packages/PIL/Image.py:1137: UserWarning: Palette images with Transparency expressed in bytes should be converted to RGBA images
  warnings.warn(
/data/gmar762/anaconda3/envs/treelora/lib/python3.10/site-packages/PIL/Image.py:1137: UserWarning: Palette images with Transparency expressed in bytes should be converted to RGBA images
  warnings.warn(
/data/gmar762/anaconda3/envs/treelora/lib/python3.10/site-packages/PIL/Image.py:1137: UserWarning: Palette images with Transparency expressed in bytes should be converted to RGBA images
  warnings.warn(
/data/gmar762/anaconda3/envs/treelora/lib/python3.10/site-packages/PIL/Image.py:1137: UserWarning: Palette images with Transparency expressed in bytes should be converted to RGBA images
  warnings.warn(
/data/gmar762/anaconda3/envs/treelora/lib/python3.10/site-packages/PIL/Image.py:1137: UserWarning: Palette images with Transparency expressed in bytes should be converted to RGBA images
  warnings.warn(
/data/gmar762/anaconda3/envs/treelora/lib/python3.10/site-packages/PIL/Image.py:1137: UserWarning: Palette images with Transparency expressed in bytes should be converted to RGBA images
  warnings.warn(
Target rank: 46
Target rank: 74
Target rank: 60
Target rank: 76
Target rank: 63
Target rank: 92
Target rank: 78
Target rank: 100
Target rank: 94
Target rank: 108
Target rank: 95
Target rank: 108
Target rank: 101
Target rank: 110
Target rank: 88
Target rank: 115
Target rank: 77
Target rank: 128
Target rank: 79
Target rank: 128
Target rank: 63
Target rank: 115
Target rank: 35
Target rank: 106
2026-07-27 22:40:38,305 [sketchlora.py] => [SketchDiag] task 70: retained-energy mean=0.992 min=0.990 | ||ΔW||_F mean=9.250 | r_hat mean=89.1 total=2139
Target rank: 46
Target rank: 74
Target rank: 60
Target rank: 76
Target rank: 63
Target rank: 92
Target rank: 78
Target rank: 100
Target rank: 94
Target rank: 108
Target rank: 95
Target rank: 108
Target rank: 101
Target rank: 110
Target rank: 88
Target rank: 115
Target rank: 77
Target rank: 128
Target rank: 79
Target rank: 128
Target rank: 63
Target rank: 115
Target rank: 35
Target rank: 106
2026-07-27 22:41:59,058 [sketchlora.py] => [SketchDiag] task 71: retained-energy mean=0.993 min=0.990 | ||ΔW||_F mean=9.303 | r_hat mean=89.1 total=2139
Target rank: 46
Target rank: 74
Target rank: 60
Target rank: 76
Target rank: 63
Target rank: 92
Target rank: 78
Target rank: 100
Target rank: 94
Target rank: 108
Target rank: 95
Target rank: 108
Target rank: 101
Target rank: 110
Target rank: 88
Target rank: 115
Target rank: 77
Target rank: 128
Target rank: 79
Target rank: 128
Target rank: 63
Target rank: 115
Target rank: 35
Target rank: 106
2026-07-27 22:43:18,618 [sketchlora.py] => [SketchDiag] task 72: retained-energy mean=0.993 min=0.991 | ||ΔW||_F mean=9.344 | r_hat mean=89.1 total=2139
2026-07-27 22:43:35,336 [bounded_memory_mixin.py] => [bounded_mem eval] volume 0.60 | cycle 72 | classes_seen 610 | CIL top1 36.28 | top5 68.62 | (nearest latent task ~60) | param_hash 81081e3ebcd4edd7 | per-task [10.55, 16.67, 21.5, 11.0, 16.58, 28.14, 19.49, 24.12, 25.5, 27.41, 17.59, 14.07, 31.98, 8.21, 26.63, 19.0, 26.63, 27.27, 18.09, 36.22, 43.5, 37.19, 25.38, 27.92, 20.2, 56.35, 37.06, 42.64, 30.15, 59.5, 30.1, 46.7, 36.5, 31.16, 34.0, 31.31, 30.0, 46.23, 51.26, 36.0, 58.08, 23.62, 65.0, 47.21, 30.15, 44.72, 56.57, 54.5, 35.86, 47.21, 53.27, 51.5, 45.73, 36.68, 43.65, 61.34, 31.63, 70.56, 67.5, 77.16, 31.66]
Target rank: 46
Target rank: 74
Target rank: 60
Target rank: 76
Target rank: 63
Target rank: 92
Target rank: 78
Target rank: 100
Target rank: 94
Target rank: 108
Target rank: 95
Target rank: 108
Target rank: 101
Target rank: 110
Target rank: 88
Target rank: 115
Target rank: 77
Target rank: 128
Target rank: 79
Target rank: 128
Target rank: 63
Target rank: 115
Target rank: 35
Target rank: 106
2026-07-27 22:44:54,807 [sketchlora.py] => [SketchDiag] task 73: retained-energy mean=0.993 min=0.991 | ||ΔW||_F mean=9.382 | r_hat mean=89.1 total=2139
Target rank: 46
Target rank: 74
Target rank: 60
Target rank: 76
Target rank: 63
Target rank: 92
Target rank: 78
Target rank: 100
Target rank: 94
Target rank: 108
Target rank: 95
Target rank: 108
Target rank: 101
Target rank: 110
Target rank: 88
Target rank: 115
Target rank: 77
Target rank: 128
Target rank: 79
Target rank: 128
Target rank: 63
Target rank: 115
Target rank: 35
Target rank: 106
2026-07-27 22:46:13,864 [sketchlora.py] => [SketchDiag] task 74: retained-energy mean=0.994 min=0.991 | ||ΔW||_F mean=9.411 | r_hat mean=89.1 total=2139
Target rank: 46
Target rank: 74
Target rank: 60
Target rank: 76
Target rank: 63
Target rank: 92
Target rank: 78
Target rank: 100
Target rank: 94
Target rank: 108
Target rank: 95
Target rank: 108
Target rank: 101
Target rank: 110
Target rank: 88
Target rank: 115
Target rank: 77
Target rank: 128
Target rank: 79
Target rank: 128
Target rank: 63
Target rank: 115
Target rank: 35
Target rank: 106
2026-07-27 22:47:34,053 [sketchlora.py] => [SketchDiag] task 75: retained-energy mean=0.994 min=0.992 | ||ΔW||_F mean=9.440 | r_hat mean=89.1 total=2139
Target rank: 46
Target rank: 74
Target rank: 60
Target rank: 76
Target rank: 63
Target rank: 92
Target rank: 78
Target rank: 100
Target rank: 94
Target rank: 108
Target rank: 95
Target rank: 108
Target rank: 101
Target rank: 110
Target rank: 88
Target rank: 115
Target rank: 77
Target rank: 128
Target rank: 79
Target rank: 128
Target rank: 63
Target rank: 115
Target rank: 35
Target rank: 106
2026-07-27 22:48:53,794 [sketchlora.py] => [SketchDiag] task 76: retained-energy mean=0.992 min=0.990 | ||ΔW||_F mean=9.507 | r_hat mean=89.1 total=2139
Target rank: 46
Target rank: 74
Target rank: 60
Target rank: 76
Target rank: 63
Target rank: 92
Target rank: 78
Target rank: 100
Target rank: 94
Target rank: 108
Target rank: 95
Target rank: 108
Target rank: 101
Target rank: 110
Target rank: 88
Target rank: 115
Target rank: 77
Target rank: 128
Target rank: 79
Target rank: 128
Target rank: 63
Target rank: 115
Target rank: 35
Target rank: 106
2026-07-27 22:50:13,614 [sketchlora.py] => [SketchDiag] task 77: retained-energy mean=0.992 min=0.991 | ||ΔW||_F mean=9.560 | r_hat mean=89.1 total=2139
Target rank: 46
Target rank: 74
Target rank: 60
Target rank: 76
Target rank: 63
Target rank: 92
Target rank: 78
Target rank: 100
Target rank: 94
Target rank: 108
Target rank: 95
Target rank: 108
Target rank: 101
Target rank: 110
Target rank: 88
Target rank: 115
Target rank: 77
Target rank: 128
Target rank: 79
Target rank: 128
Target rank: 63
Target rank: 115
Target rank: 35
Target rank: 106
2026-07-27 22:51:33,896 [sketchlora.py] => [SketchDiag] task 78: retained-energy mean=0.993 min=0.991 | ||ΔW||_F mean=9.609 | r_hat mean=89.1 total=2139
Target rank: 46
Target rank: 74
Target rank: 60
Target rank: 76
Target rank: 63
Target rank: 92
Target rank: 78
Target rank: 100
Target rank: 94
Target rank: 108
Target rank: 95
Target rank: 108
Target rank: 101
Target rank: 110
Target rank: 88
Target rank: 115
Target rank: 77
Target rank: 128
Target rank: 79
Target rank: 128
Target rank: 63
Target rank: 115
Target rank: 35
Target rank: 106
2026-07-27 22:52:53,582 [sketchlora.py] => [SketchDiag] task 79: retained-energy mean=0.993 min=0.991 | ||ΔW||_F mean=9.659 | r_hat mean=89.1 total=2139
Target rank: 46
Target rank: 74
Target rank: 60
Target rank: 76
Target rank: 63
Target rank: 92
Target rank: 78
Target rank: 100
Target rank: 94
Target rank: 108
Target rank: 95
Target rank: 108
Target rank: 101
Target rank: 110
Target rank: 88
Target rank: 115
Target rank: 77
Target rank: 128
Target rank: 79
Target rank: 128
Target rank: 63
Target rank: 115
Target rank: 35
Target rank: 107
2026-07-27 22:54:13,779 [sketchlora.py] => [SketchDiag] task 80: retained-energy mean=0.993 min=0.991 | ||ΔW||_F mean=9.705 | r_hat mean=89.2 total=2140
Target rank: 46
Target rank: 74
Target rank: 60
Target rank: 76
Target rank: 63
Target rank: 92
Target rank: 78
Target rank: 100
Target rank: 94
Target rank: 108
Target rank: 95
Target rank: 108
Target rank: 101
Target rank: 110
Target rank: 88
Target rank: 115
Target rank: 77
Target rank: 128
Target rank: 79
Target rank: 128
Target rank: 63
Target rank: 115
Target rank: 35
Target rank: 107
2026-07-27 22:55:34,136 [sketchlora.py] => [SketchDiag] task 81: retained-energy mean=0.993 min=0.990 | ||ΔW||_F mean=9.756 | r_hat mean=89.2 total=2140
Target rank: 46
Target rank: 74
Target rank: 60
Target rank: 76
Target rank: 63
Target rank: 92
Target rank: 78
Target rank: 100
Target rank: 94
Target rank: 108
Target rank: 95
Target rank: 108
Target rank: 101
Target rank: 111
Target rank: 88
Target rank: 115
Target rank: 77
Target rank: 128
Target rank: 79
Target rank: 128
Target rank: 63
Target rank: 115
Target rank: 35
Target rank: 107
2026-07-27 22:56:53,934 [sketchlora.py] => [SketchDiag] task 82: retained-energy mean=0.992 min=0.990 | ||ΔW||_F mean=9.830 | r_hat mean=89.2 total=2141
Target rank: 46
Target rank: 74
Target rank: 60
Target rank: 76
Target rank: 63
Target rank: 92
Target rank: 78
Target rank: 100
Target rank: 94
Target rank: 108
Target rank: 95
Target rank: 108
Target rank: 101
Target rank: 111
Target rank: 88
Target rank: 115
Target rank: 77
Target rank: 128
Target rank: 79
Target rank: 128
Target rank: 63
Target rank: 115
Target rank: 35
Target rank: 107
2026-07-27 22:58:13,825 [sketchlora.py] => [SketchDiag] task 83: retained-energy mean=0.994 min=0.992 | ||ΔW||_F mean=9.862 | r_hat mean=89.2 total=2141
Target rank: 46
Target rank: 74
Target rank: 60
Target rank: 76
Target rank: 63
Target rank: 92
Target rank: 78
Target rank: 100
Target rank: 94
Target rank: 108
Target rank: 95
Target rank: 108
Target rank: 101
Target rank: 111
Target rank: 88
Target rank: 115
Target rank: 77
Target rank: 128
Target rank: 79
Target rank: 128
Target rank: 63
Target rank: 115
Target rank: 35
Target rank: 107
2026-07-27 22:59:32,866 [sketchlora.py] => [SketchDiag] task 84: retained-energy mean=0.993 min=0.992 | ||ΔW||_F mean=9.910 | r_hat mean=89.2 total=2141
2026-07-27 22:59:51,841 [bounded_memory_mixin.py] => [bounded_mem eval] volume 0.70 | cycle 84 | classes_seen 710 | CIL top1 33.63 | top5 65.04 | (nearest latent task ~70) | param_hash a7908e82e977802c | per-task [8.04, 6.57, 21.0, 12.0, 16.08, 29.65, 11.79, 17.09, 12.5, 14.21, 11.06, 21.11, 30.96, 5.13, 24.62, 16.5, 22.61, 23.74, 12.06, 27.55, 34.0, 37.19, 23.35, 25.89, 12.63, 43.65, 22.84, 29.95, 33.67, 57.0, 21.94, 31.47, 32.5, 24.12, 30.5, 27.27, 30.5, 26.63, 36.68, 34.5, 42.93, 16.58, 56.5, 36.04, 25.13, 40.2, 43.43, 48.0, 25.25, 45.18, 40.7, 43.5, 39.7, 33.67, 38.58, 52.06, 21.94, 55.84, 56.0, 69.04, 57.79, 58.38, 47.21, 52.02, 50.25, 60.8, 60.41, 64.65, 52.26, 70.56, 22.73]
Target rank: 46
Target rank: 74
Target rank: 60
Target rank: 76
Target rank: 63
Target rank: 92
Target rank: 78
Target rank: 100
Target rank: 94
Target rank: 108
Target rank: 95
Target rank: 108
Target rank: 101
Target rank: 111
Target rank: 88
Target rank: 115
Target rank: 77
Target rank: 128
Target rank: 79
Target rank: 128
Target rank: 63
Target rank: 115
Target rank: 35
Target rank: 107
2026-07-27 23:01:11,757 [sketchlora.py] => [SketchDiag] task 85: retained-energy mean=0.994 min=0.993 | ||ΔW||_F mean=9.938 | r_hat mean=89.2 total=2141
Target rank: 46
Target rank: 74
Target rank: 60
Target rank: 76
Target rank: 63
Target rank: 92
Target rank: 78
Target rank: 100
Target rank: 94
Target rank: 108
Target rank: 95
Target rank: 108
Target rank: 101
Target rank: 111
Target rank: 88
Target rank: 115
Target rank: 77
Target rank: 128
Target rank: 79
Target rank: 128
Target rank: 63
Target rank: 115
Target rank: 35
Target rank: 107
2026-07-27 23:02:31,766 [sketchlora.py] => [SketchDiag] task 86: retained-energy mean=0.994 min=0.991 | ||ΔW||_F mean=9.979 | r_hat mean=89.2 total=2141
Target rank: 46
Target rank: 74
Target rank: 60
Target rank: 76
Target rank: 63
Target rank: 92
Target rank: 78
Target rank: 100
Target rank: 94
Target rank: 108
Target rank: 95
Target rank: 108
Target rank: 101
Target rank: 111
Target rank: 88
Target rank: 115
Target rank: 77
Target rank: 128
Target rank: 79
Target rank: 128
Target rank: 63
Target rank: 115
Target rank: 35
Target rank: 107
2026-07-27 23:03:51,384 [sketchlora.py] => [SketchDiag] task 87: retained-energy mean=0.993 min=0.990 | ||ΔW||_F mean=10.032 | r_hat mean=89.2 total=2141
Target rank: 46
Target rank: 74
Target rank: 60
Target rank: 76
Target rank: 63
Target rank: 92
Target rank: 78
Target rank: 100
Target rank: 94
Target rank: 108
Target rank: 95
Target rank: 108
Target rank: 101
Target rank: 111
Target rank: 88
Target rank: 115
Target rank: 77
Target rank: 128
Target rank: 79
Target rank: 128
Target rank: 63
Target rank: 115
Target rank: 35
Target rank: 107
2026-07-27 23:05:11,535 [sketchlora.py] => [SketchDiag] task 88: retained-energy mean=0.993 min=0.991 | ||ΔW||_F mean=10.079 | r_hat mean=89.2 total=2141
Target rank: 46
Target rank: 74
Target rank: 60
Target rank: 76
Target rank: 63
Target rank: 92
Target rank: 78
Target rank: 100
Target rank: 94
Target rank: 108
Target rank: 95
Target rank: 108
Target rank: 101
Target rank: 111
Target rank: 88
Target rank: 115
Target rank: 77
Target rank: 128
Target rank: 79
Target rank: 128
Target rank: 63
Target rank: 115
Target rank: 36
Target rank: 107
2026-07-27 23:06:31,828 [sketchlora.py] => [SketchDiag] task 89: retained-energy mean=0.994 min=0.992 | ||ΔW||_F mean=10.124 | r_hat mean=89.2 total=2142
Target rank: 46
Target rank: 74
Target rank: 60
Target rank: 76
Target rank: 63
Target rank: 92
Target rank: 78
Target rank: 100
Target rank: 94
Target rank: 108
Target rank: 95
Target rank: 108
Target rank: 101
Target rank: 111
Target rank: 88
Target rank: 115
Target rank: 77
Target rank: 128
Target rank: 79
Target rank: 128
Target rank: 63
Target rank: 115
Target rank: 36
Target rank: 107
2026-07-27 23:07:52,797 [sketchlora.py] => [SketchDiag] task 90: retained-energy mean=0.995 min=0.993 | ||ΔW||_F mean=10.146 | r_hat mean=89.2 total=2142
Target rank: 46
Target rank: 74
Target rank: 60
Target rank: 76
Target rank: 63
Target rank: 92
Target rank: 78
Target rank: 100
Target rank: 94
Target rank: 108
Target rank: 95
Target rank: 108
Target rank: 101
Target rank: 111
Target rank: 88
Target rank: 115
Target rank: 77
Target rank: 128
Target rank: 79
Target rank: 128
Target rank: 63
Target rank: 115
Target rank: 36
Target rank: 107
2026-07-27 23:09:12,884 [sketchlora.py] => [SketchDiag] task 91: retained-energy mean=0.993 min=0.992 | ||ΔW||_F mean=10.196 | r_hat mean=89.2 total=2142
Target rank: 46
Target rank: 74
Target rank: 60
Target rank: 76
Target rank: 63
Target rank: 92
Target rank: 78
Target rank: 100
Target rank: 94
Target rank: 108
Target rank: 95
Target rank: 108
Target rank: 101
Target rank: 111
Target rank: 88
Target rank: 115
Target rank: 77
Target rank: 128
Target rank: 79
Target rank: 128
Target rank: 63
Target rank: 115
Target rank: 36
Target rank: 107
2026-07-27 23:10:32,826 [sketchlora.py] => [SketchDiag] task 92: retained-energy mean=0.994 min=0.993 | ||ΔW||_F mean=10.226 | r_hat mean=89.2 total=2142
Target rank: 46
Target rank: 74
Target rank: 60
Target rank: 76
Target rank: 63
Target rank: 92
Target rank: 78
Target rank: 100
Target rank: 94
Target rank: 108
Target rank: 95
Target rank: 108
Target rank: 101
Target rank: 111
Target rank: 88
Target rank: 115
Target rank: 77
Target rank: 128
Target rank: 79
Target rank: 128
Target rank: 63
Target rank: 115
Target rank: 36
Target rank: 108
2026-07-27 23:11:52,701 [sketchlora.py] => [SketchDiag] task 93: retained-energy mean=0.993 min=0.992 | ||ΔW||_F mean=10.293 | r_hat mean=89.3 total=2143
Target rank: 46
Target rank: 74
Target rank: 60
Target rank: 76
Target rank: 63
Target rank: 92
Target rank: 78
Target rank: 100
Target rank: 94
Target rank: 108
Target rank: 95
Target rank: 108
Target rank: 101
Target rank: 111
Target rank: 88
Target rank: 115
Target rank: 77
Target rank: 128
Target rank: 79
Target rank: 128
Target rank: 63
Target rank: 115
Target rank: 36
Target rank: 108
2026-07-27 23:13:12,631 [sketchlora.py] => [SketchDiag] task 94: retained-energy mean=0.993 min=0.991 | ||ΔW||_F mean=10.345 | r_hat mean=89.3 total=2143
Target rank: 46
Target rank: 74
Target rank: 60
Target rank: 76
Target rank: 63
Target rank: 92
Target rank: 78
Target rank: 100
Target rank: 94
Target rank: 108
Target rank: 95
Target rank: 108
Target rank: 101
Target rank: 111
Target rank: 88
Target rank: 115
Target rank: 77
Target rank: 128
Target rank: 79
Target rank: 128
Target rank: 63
Target rank: 115
Target rank: 36
Target rank: 108
2026-07-27 23:14:32,176 [sketchlora.py] => [SketchDiag] task 95: retained-energy mean=0.993 min=0.992 | ||ΔW||_F mean=10.391 | r_hat mean=89.3 total=2143
Target rank: 46
Target rank: 74
Target rank: 60
Target rank: 76
Target rank: 63
Target rank: 92
Target rank: 78
Target rank: 100
Target rank: 94
Target rank: 108
Target rank: 95
Target rank: 108
Target rank: 101
Target rank: 111
Target rank: 88
Target rank: 115
Target rank: 77
Target rank: 128
Target rank: 79
Target rank: 128
Target rank: 63
Target rank: 115
Target rank: 36
Target rank: 108
2026-07-27 23:15:52,283 [sketchlora.py] => [SketchDiag] task 96: retained-energy mean=0.993 min=0.992 | ||ΔW||_F mean=10.439 | r_hat mean=89.3 total=2143
2026-07-27 23:16:13,749 [bounded_memory_mixin.py] => [bounded_mem eval] volume 0.80 | cycle 96 | classes_seen 810 | CIL top1 31.06 | top5 61.76 | (nearest latent task ~80) | param_hash e1105f83eb3f3bea | per-task [4.02, 5.56, 21.5, 6.0, 7.54, 21.61, 6.67, 16.08, 13.5, 10.15, 11.06, 12.06, 25.38, 0.51, 22.11, 11.5, 19.1, 16.67, 10.55, 25.51, 33.0, 33.17, 18.78, 18.78, 10.61, 36.04, 14.21, 26.4, 16.58, 43.5, 18.88, 30.96, 30.5, 17.59, 21.5, 18.18, 21.5, 15.58, 25.63, 31.0, 32.83, 13.07, 49.0, 31.98, 18.59, 21.61, 40.4, 46.5, 26.26, 42.64, 29.65, 33.5, 27.14, 21.11, 34.52, 35.57, 11.73, 43.65, 36.0, 65.48, 48.74, 40.61, 38.58, 42.93, 49.25, 44.72, 50.76, 51.52, 40.2, 57.36, 44.95, 67.5, 61.0, 63.64, 70.5, 49.0, 36.68, 70.5, 56.57, 66.83, 51.5]
Target rank: 46
Target rank: 74
Target rank: 60
Target rank: 76
Target rank: 63
Target rank: 92
Target rank: 78
Target rank: 100
Target rank: 94
Target rank: 108
Target rank: 95
Target rank: 108
Target rank: 101
Target rank: 111
Target rank: 88
Target rank: 115
Target rank: 77
Target rank: 128
Target rank: 79
Target rank: 128
Target rank: 63
Target rank: 115
Target rank: 36
Target rank: 108
2026-07-27 23:17:33,687 [sketchlora.py] => [SketchDiag] task 97: retained-energy mean=0.995 min=0.993 | ||ΔW||_F mean=10.458 | r_hat mean=89.3 total=2143
Target rank: 46
Target rank: 74
Target rank: 60
Target rank: 76
Target rank: 63
Target rank: 92
Target rank: 78
Target rank: 100
Target rank: 94
Target rank: 108
Target rank: 95
Target rank: 108
Target rank: 101
Target rank: 111
Target rank: 88
Target rank: 115
Target rank: 77
Target rank: 128
Target rank: 79
Target rank: 128
Target rank: 63
Target rank: 115
Target rank: 36
Target rank: 108
2026-07-27 23:18:52,801 [sketchlora.py] => [SketchDiag] task 98: retained-energy mean=0.994 min=0.991 | ||ΔW||_F mean=10.521 | r_hat mean=89.3 total=2143
Target rank: 46
Target rank: 74
Target rank: 60
Target rank: 76
Target rank: 63
Target rank: 92
Target rank: 78
Target rank: 100
Target rank: 94
Target rank: 108
Target rank: 95
Target rank: 108
Target rank: 101
Target rank: 111
Target rank: 88
Target rank: 115
Target rank: 77
Target rank: 128
Target rank: 79
Target rank: 128
Target rank: 63
Target rank: 115
Target rank: 36
Target rank: 108
2026-07-27 23:20:12,433 [sketchlora.py] => [SketchDiag] task 99: retained-energy mean=0.994 min=0.992 | ||ΔW||_F mean=10.567 | r_hat mean=89.3 total=2143
Target rank: 46
Target rank: 74
Target rank: 60
Target rank: 76
Target rank: 63
Target rank: 92
Target rank: 78
Target rank: 100
Target rank: 94
Target rank: 108
Target rank: 95
Target rank: 108
Target rank: 101
Target rank: 111
Target rank: 88
Target rank: 115
Target rank: 77
Target rank: 128
Target rank: 79
Target rank: 128
Target rank: 63
Target rank: 115
Target rank: 36
Target rank: 108
2026-07-27 23:21:32,743 [sketchlora.py] => [SketchDiag] task 100: retained-energy mean=0.993 min=0.991 | ||ΔW||_F mean=10.633 | r_hat mean=89.3 total=2143
Target rank: 46
Target rank: 74
Target rank: 60
Target rank: 76
Target rank: 63
Target rank: 92
Target rank: 78
Target rank: 100
Target rank: 94
Target rank: 108
Target rank: 95
Target rank: 108
Target rank: 101
Target rank: 111
Target rank: 88
Target rank: 115
Target rank: 77
Target rank: 128
Target rank: 79
Target rank: 128
Target rank: 63
Target rank: 115
Target rank: 36
Target rank: 108
2026-07-27 23:22:51,818 [sketchlora.py] => [SketchDiag] task 101: retained-energy mean=0.993 min=0.992 | ||ΔW||_F mean=10.670 | r_hat mean=89.3 total=2143
Target rank: 46
Target rank: 74
Target rank: 60
Target rank: 76
Target rank: 63
Target rank: 92
Target rank: 78
Target rank: 100
Target rank: 94
Target rank: 108
Target rank: 95
Target rank: 108
Target rank: 101
Target rank: 111
Target rank: 88
Target rank: 115
Target rank: 77
Target rank: 128
Target rank: 79
Target rank: 128
Target rank: 63
Target rank: 115
Target rank: 36
Target rank: 108
2026-07-27 23:24:12,018 [sketchlora.py] => [SketchDiag] task 102: retained-energy mean=0.994 min=0.992 | ||ΔW||_F mean=10.698 | r_hat mean=89.3 total=2143
Target rank: 46
Target rank: 74
Target rank: 60
Target rank: 76
Target rank: 63
Target rank: 92
Target rank: 78
Target rank: 100
Target rank: 94
Target rank: 108
Target rank: 95
Target rank: 108
Target rank: 101
Target rank: 111
Target rank: 88
Target rank: 115
Target rank: 77
Target rank: 128
Target rank: 79
Target rank: 128
Target rank: 63
Target rank: 115
Target rank: 36
Target rank: 108
2026-07-27 23:25:31,788 [sketchlora.py] => [SketchDiag] task 103: retained-energy mean=0.995 min=0.993 | ||ΔW||_F mean=10.729 | r_hat mean=89.3 total=2143
Target rank: 46
Target rank: 74
Target rank: 60
Target rank: 76
Target rank: 63
Target rank: 92
Target rank: 78
Target rank: 100
Target rank: 94
Target rank: 108
Target rank: 95
Target rank: 108
Target rank: 101
Target rank: 111
Target rank: 88
Target rank: 115
Target rank: 77
Target rank: 128
Target rank: 79
Target rank: 128
Target rank: 63
Target rank: 115
Target rank: 36
Target rank: 108
2026-07-27 23:26:52,422 [sketchlora.py] => [SketchDiag] task 104: retained-energy mean=0.994 min=0.991 | ||ΔW||_F mean=10.805 | r_hat mean=89.3 total=2143
Target rank: 46
Target rank: 74
Target rank: 60
Target rank: 76
Target rank: 63
Target rank: 92
Target rank: 78
Target rank: 100
Target rank: 94
Target rank: 108
Target rank: 95
Target rank: 108
Target rank: 101
Target rank: 111
Target rank: 88
Target rank: 115
Target rank: 77
Target rank: 128
Target rank: 79
Target rank: 128
Target rank: 63
Target rank: 115
Target rank: 36
Target rank: 108
2026-07-27 23:28:12,126 [sketchlora.py] => [SketchDiag] task 105: retained-energy mean=0.994 min=0.991 | ||ΔW||_F mean=10.904 | r_hat mean=89.3 total=2143
Target rank: 46
Target rank: 74
Target rank: 60
Target rank: 76
Target rank: 63
Target rank: 92
Target rank: 78
Target rank: 100
Target rank: 94
Target rank: 108
Target rank: 95
Target rank: 108
Target rank: 101
Target rank: 111
Target rank: 88
Target rank: 115
Target rank: 77
Target rank: 128
Target rank: 79
Target rank: 128
Target rank: 63
Target rank: 115
Target rank: 36
Target rank: 108
2026-07-27 23:29:31,950 [sketchlora.py] => [SketchDiag] task 106: retained-energy mean=0.994 min=0.992 | ||ΔW||_F mean=10.956 | r_hat mean=89.3 total=2143
Target rank: 46
Target rank: 74
Target rank: 60
Target rank: 76
Target rank: 63
Target rank: 92
Target rank: 78
Target rank: 100
Target rank: 94
Target rank: 108
Target rank: 95
Target rank: 108
Target rank: 101
Target rank: 111
Target rank: 88
Target rank: 115
Target rank: 77
Target rank: 128
Target rank: 79
Target rank: 128
Target rank: 63
Target rank: 115
Target rank: 36
Target rank: 108
2026-07-27 23:30:52,025 [sketchlora.py] => [SketchDiag] task 107: retained-energy mean=0.994 min=0.992 | ||ΔW||_F mean=10.997 | r_hat mean=89.3 total=2143
Target rank: 46
Target rank: 74
Target rank: 60
Target rank: 76
Target rank: 63
Target rank: 92
Target rank: 78
Target rank: 100
Target rank: 94
Target rank: 108
Target rank: 95
Target rank: 108
Target rank: 101
Target rank: 111
Target rank: 88
Target rank: 115
Target rank: 77
Target rank: 128
Target rank: 79
Target rank: 128
Target rank: 63
Target rank: 115
Target rank: 36
Target rank: 108
2026-07-27 23:32:12,340 [sketchlora.py] => [SketchDiag] task 108: retained-energy mean=0.993 min=0.991 | ||ΔW||_F mean=11.055 | r_hat mean=89.3 total=2143
Target rank: 46
Target rank: 74
Target rank: 60
Target rank: 76
Target rank: 63
Target rank: 92
Target rank: 78
Target rank: 100
Target rank: 94
Target rank: 108
Target rank: 95
Target rank: 108
Target rank: 101
Target rank: 111
Target rank: 88
Target rank: 115
Target rank: 77
Target rank: 128
Target rank: 79
Target rank: 128
Target rank: 63
Target rank: 115
Target rank: 36
Target rank: 108
2026-07-27 23:33:32,552 [sketchlora.py] => [SketchDiag] task 109: retained-energy mean=0.993 min=0.991 | ||ΔW||_F mean=11.105 | r_hat mean=89.3 total=2143
2026-07-27 23:33:57,050 [bounded_memory_mixin.py] => [bounded_mem eval] volume 0.90 | cycle 109 | classes_seen 920 | CIL top1 27.62 | top5 57.26 | (nearest latent task ~91) | param_hash e2fd518f6cd41d0a | per-task [0.5, 4.04, 13.0, 5.5, 3.52, 19.1, 3.59, 12.06, 13.0, 5.58, 6.53, 3.52, 24.37, 2.05, 12.06, 9.5, 13.57, 11.11, 13.07, 20.92, 24.5, 27.14, 17.77, 23.86, 6.06, 40.1, 16.24, 18.78, 12.06, 30.0, 10.71, 21.83, 31.5, 16.58, 18.5, 19.19, 16.0, 16.58, 19.1, 27.0, 15.15, 13.57, 30.5, 24.87, 17.09, 20.6, 27.27, 29.5, 20.71, 27.92, 21.11, 26.5, 27.64, 15.58, 29.95, 35.57, 13.78, 30.96, 41.0, 44.67, 44.72, 37.56, 30.96, 34.85, 45.73, 44.72, 43.65, 37.37, 26.13, 50.76, 46.46, 55.0, 53.0, 39.39, 58.0, 38.5, 30.15, 60.0, 39.39, 50.75, 79.0, 47.74, 40.61, 46.46, 21.0, 20.1, 14.57, 51.76, 63.82, 65.33, 68.5, 29.5]
Target rank: 46
Target rank: 74
Target rank: 60
Target rank: 76
Target rank: 63
Target rank: 92
Target rank: 78
Target rank: 100
Target rank: 94
Target rank: 108
Target rank: 95
Target rank: 108
Target rank: 101
Target rank: 111
Target rank: 88
Target rank: 115
Target rank: 77
Target rank: 128
Target rank: 79
Target rank: 128
Target rank: 63
Target rank: 115
Target rank: 36
Target rank: 108
2026-07-27 23:35:17,005 [sketchlora.py] => [SketchDiag] task 110: retained-energy mean=0.995 min=0.993 | ||ΔW||_F mean=11.126 | r_hat mean=89.3 total=2143
Target rank: 46
Target rank: 74
Target rank: 60
Target rank: 76
Target rank: 63
Target rank: 92
Target rank: 78
Target rank: 100
Target rank: 94
Target rank: 108
Target rank: 95
Target rank: 108
Target rank: 101
Target rank: 111
Target rank: 88
Target rank: 115
Target rank: 77
Target rank: 128
Target rank: 79
Target rank: 128
Target rank: 63
Target rank: 115
Target rank: 36
Target rank: 108
2026-07-27 23:36:38,337 [sketchlora.py] => [SketchDiag] task 111: retained-energy mean=0.994 min=0.993 | ||ΔW||_F mean=11.160 | r_hat mean=89.3 total=2143
Target rank: 46
Target rank: 74
Target rank: 60
Target rank: 76
Target rank: 63
Target rank: 92
Target rank: 78
Target rank: 100
Target rank: 94
Target rank: 108
Target rank: 95
Target rank: 108
Target rank: 101
Target rank: 111
Target rank: 88
Target rank: 115
Target rank: 77
Target rank: 128
Target rank: 79
Target rank: 128
Target rank: 63
Target rank: 115
Target rank: 36
Target rank: 108
2026-07-27 23:37:57,856 [sketchlora.py] => [SketchDiag] task 112: retained-energy mean=0.994 min=0.992 | ||ΔW||_F mean=11.222 | r_hat mean=89.3 total=2143
Target rank: 46
Target rank: 74
Target rank: 60
Target rank: 76
Target rank: 63
Target rank: 92
Target rank: 78
Target rank: 100
Target rank: 94
Target rank: 108
Target rank: 95
Target rank: 108
Target rank: 101
Target rank: 111
Target rank: 88
Target rank: 115
Target rank: 77
Target rank: 128
Target rank: 79
Target rank: 128
Target rank: 63
Target rank: 115
Target rank: 36
Target rank: 108
2026-07-27 23:39:17,403 [sketchlora.py] => [SketchDiag] task 113: retained-energy mean=0.994 min=0.992 | ||ΔW||_F mean=11.258 | r_hat mean=89.3 total=2143
Target rank: 46
Target rank: 74
Target rank: 60
Target rank: 76
Target rank: 63
Target rank: 92
Target rank: 78
Target rank: 100
Target rank: 94
Target rank: 108
Target rank: 95
Target rank: 108
Target rank: 101
Target rank: 111
Target rank: 88
Target rank: 115
Target rank: 77
Target rank: 128
Target rank: 79
Target rank: 128
Target rank: 63
Target rank: 115
Target rank: 36
Target rank: 108
2026-07-27 23:40:36,719 [sketchlora.py] => [SketchDiag] task 114: retained-energy mean=0.994 min=0.992 | ||ΔW||_F mean=11.295 | r_hat mean=89.3 total=2143
Target rank: 46
Target rank: 74
Target rank: 60
Target rank: 76
Target rank: 63
Target rank: 92
Target rank: 78
Target rank: 100
Target rank: 94
Target rank: 108
Target rank: 95
Target rank: 108
Target rank: 101
Target rank: 111
Target rank: 88
Target rank: 115
Target rank: 77
Target rank: 128
Target rank: 79
Target rank: 128
Target rank: 63
Target rank: 115
Target rank: 36
Target rank: 108
2026-07-27 23:41:56,403 [sketchlora.py] => [SketchDiag] task 115: retained-energy mean=0.994 min=0.992 | ||ΔW||_F mean=11.341 | r_hat mean=89.3 total=2143
Target rank: 46
Target rank: 74
Target rank: 60
Target rank: 76
Target rank: 63
Target rank: 92
Target rank: 78
Target rank: 100
Target rank: 94
Target rank: 108
Target rank: 95
Target rank: 108
Target rank: 101
Target rank: 111
Target rank: 88
Target rank: 115
Target rank: 77
Target rank: 128
Target rank: 79
Target rank: 128
Target rank: 63
Target rank: 115
Target rank: 36
Target rank: 108
2026-07-27 23:43:15,886 [sketchlora.py] => [SketchDiag] task 116: retained-energy mean=0.996 min=0.995 | ||ΔW||_F mean=11.342 | r_hat mean=89.3 total=2143
Target rank: 46
Target rank: 74
Target rank: 60
Target rank: 76
Target rank: 63
Target rank: 92
Target rank: 78
Target rank: 100
Target rank: 94
Target rank: 108
Target rank: 95
Target rank: 108
Target rank: 101
Target rank: 111
Target rank: 88
Target rank: 115
Target rank: 77
Target rank: 128
Target rank: 79
Target rank: 128
Target rank: 63
Target rank: 115
Target rank: 36
Target rank: 108
2026-07-27 23:44:35,235 [sketchlora.py] => [SketchDiag] task 117: retained-energy mean=0.994 min=0.993 | ||ΔW||_F mean=11.388 | r_hat mean=89.3 total=2143
Target rank: 46
Target rank: 74
Target rank: 60
Target rank: 76
Target rank: 63
Target rank: 92
Target rank: 78
Target rank: 100
Target rank: 94
Target rank: 108
Target rank: 95
Target rank: 108
Target rank: 101
Target rank: 111
Target rank: 88
Target rank: 115
Target rank: 77
Target rank: 128
Target rank: 79
Target rank: 128
Target rank: 63
Target rank: 115
Target rank: 36
Target rank: 108
2026-07-27 23:45:55,032 [sketchlora.py] => [SketchDiag] task 118: retained-energy mean=0.994 min=0.991 | ||ΔW||_F mean=11.433 | r_hat mean=89.3 total=2143
Target rank: 46
Target rank: 74
Target rank: 60
Target rank: 76
Target rank: 63
Target rank: 92
Target rank: 78
Target rank: 100
Target rank: 94
Target rank: 108
Target rank: 95
Target rank: 108
Target rank: 101
Target rank: 111
Target rank: 88
Target rank: 115
Target rank: 77
Target rank: 128
Target rank: 79
Target rank: 128
Target rank: 63
Target rank: 115
Target rank: 36
Target rank: 108
2026-07-27 23:47:14,347 [sketchlora.py] => [SketchDiag] task 119: retained-energy mean=0.993 min=0.990 | ||ΔW||_F mean=11.485 | r_hat mean=89.3 total=2143
Target rank: 46
Target rank: 74
Target rank: 60
Target rank: 76
Target rank: 63
Target rank: 92
Target rank: 78
Target rank: 100
Target rank: 94
Target rank: 108
Target rank: 95
Target rank: 108
Target rank: 101
Target rank: 111
Target rank: 88
Target rank: 115
Target rank: 77
Target rank: 128
Target rank: 79
Target rank: 128
Target rank: 63
Target rank: 115
Target rank: 36
Target rank: 108
2026-07-27 23:48:34,039 [sketchlora.py] => [SketchDiag] task 120: retained-energy mean=0.995 min=0.993 | ||ΔW||_F mean=11.502 | r_hat mean=89.3 total=2143
Target rank: 46
Target rank: 74
Target rank: 60
Target rank: 76
Target rank: 63
Target rank: 92
Target rank: 78
Target rank: 100
Target rank: 94
Target rank: 108
Target rank: 95
Target rank: 108
Target rank: 101
Target rank: 111
Target rank: 88
Target rank: 115
Target rank: 77
Target rank: 128
Target rank: 79
Target rank: 128
Target rank: 63
Target rank: 115
Target rank: 36
Target rank: 108
2026-07-27 23:48:56,265 [sketchlora.py] => [SketchDiag] task 121: retained-energy mean=0.999 min=0.999 | ||ΔW||_F mean=11.480 | r_hat mean=89.3 total=2143
2026-07-27 23:49:22,533 [bounded_memory_mixin.py] => [bounded_mem eval] volume 1.00 | cycle 121 | classes_seen 1000 | CIL top1 25.77 | top5 55.47 | (nearest latent task ~99) | param_hash 61073489c03bdb91 | per-task [1.01, 7.58, 8.0, 4.5, 0.5, 10.55, 4.62, 9.55, 9.0, 6.6, 7.04, 3.52, 19.8, 4.1, 11.56, 5.0, 10.05, 10.61, 9.05, 16.33, 11.0, 21.61, 13.2, 21.83, 4.55, 25.38, 6.09, 12.69, 7.54, 24.0, 10.2, 24.87, 28.5, 11.56, 16.5, 17.68, 14.5, 20.6, 16.58, 21.0, 14.14, 13.07, 39.0, 25.89, 16.58, 19.1, 16.16, 24.0, 18.69, 31.98, 22.61, 21.0, 26.13, 13.07, 20.81, 31.96, 13.27, 20.3, 36.0, 36.04, 37.19, 27.41, 25.38, 32.32, 43.22, 34.17, 32.99, 27.78, 23.62, 47.21, 38.38, 40.5, 48.5, 32.32, 56.5, 37.5, 28.64, 60.0, 35.86, 36.18, 65.0, 36.18, 31.98, 32.83, 16.0, 16.58, 5.53, 40.2, 56.28, 59.8, 54.0, 54.5, 41.21, 53.0, 52.79, 50.5, 50.75, 44.62, 74.0, 45.23]
2026-07-27 23:49:28,026 [metrics_logger.py] => [metrics] wrote run_logs/final/sketchlora/metrics_sketchlora_round2_slurm_grid_omni30t_200mb_sketchlora_s1993_s1993.json
2026-07-27 23:49:28,027 [trainer.py] => [bounded_mem] volume checkpoints: [0.1, 0.2, 0.3, 0.4, 0.5, 0.6, 0.7, 0.8, 0.9, 1.0]
2026-07-27 23:49:28,027 [trainer.py] => [bounded_mem] CIL top1 curve: [74.37, 63.16, 56.25, 48.43, 41.17, 36.28, 33.63, 31.06, 27.62, 25.77]
2026-07-27 23:49:28,027 [trainer.py] => [bounded_mem] CIL top5 curve: [95.97, 89.2, 84.88, 79.64, 73.2, 68.62, 65.04, 61.76, 57.26, 55.47]
[bounded_mem] checkpoints (fraction of stream): [0.1, 0.2, 0.3, 0.4, 0.5, 0.6, 0.7, 0.8, 0.9, 1.0]
[bounded_mem] CIL top1: [74.37, 63.16, 56.25, 48.43, 41.17, 36.28, 33.63, 31.06, 27.62, 25.77]
[bounded_mem] CIL top5: [95.97, 89.2, 84.88, 79.64, 73.2, 68.62, 65.04, 61.76, 57.26, 55.47]
2026-07-27 23:49:28,027 [trainer.py] => [bounded_mem] FINAL CIL top1 25.77 | top5 55.47 (at 100% of stream)
[bounded_mem] FINAL CIL top1 25.77 | top5 55.47
[bounded_mem] wrote run_logs/boundedmem_sketchlora_round2_slurm_grid_omni30t_200mb_sketchlora_s1993_s1993.json
