2026-07-01 07:41:27,769 [trainer.py] => config: ./exps/svdlora_inr20t_sample_s1995.json
2026-07-01 07:41:27,769 [trainer.py] => dataset: imagenetr
2026-07-01 07:41:27,769 [trainer.py] => memory_size: 0
2026-07-01 07:41:27,769 [trainer.py] => memory_per_class: 0
2026-07-01 07:41:27,769 [trainer.py] => fixed_memory: False
2026-07-01 07:41:27,769 [trainer.py] => shuffle: True
2026-07-01 07:41:27,769 [trainer.py] => init_cls: 10
2026-07-01 07:41:27,769 [trainer.py] => increment: 10
2026-07-01 07:41:27,769 [trainer.py] => backbone_type: vit_base_patch16_224_lora
2026-07-01 07:41:27,769 [trainer.py] => device: [device(type='cuda', index=0)]
2026-07-01 07:41:27,769 [trainer.py] => seed: 1995
2026-07-01 07:41:27,769 [trainer.py] => scenario: both
2026-07-01 07:41:27,769 [trainer.py] => lora_rank: 8
2026-07-01 07:41:27,769 [trainer.py] => n_lora_blocks: 3
2026-07-01 07:41:27,769 [trainer.py] => tuned_epoch: 10
2026-07-01 07:41:27,769 [trainer.py] => init_lr: 0.005
2026-07-01 07:41:27,769 [trainer.py] => batch_size: 48
2026-07-01 07:41:27,770 [trainer.py] => weight_decay: 0.0005
2026-07-01 07:41:27,770 [trainer.py] => min_lr: 0.0
2026-07-01 07:41:27,770 [trainer.py] => pretrained: True
2026-07-01 07:41:27,770 [trainer.py] => print_forget: True
2026-07-01 07:41:27,770 [trainer.py] => model_name: sketchlora
2026-07-01 07:41:27,770 [trainer.py] => lora_alpha: 32
2026-07-01 07:41:27,770 [trainer.py] => lora_merge: True
2026-07-01 07:41:27,770 [trainer.py] => lora_train_merge: True
2026-07-01 07:41:27,770 [trainer.py] => svd_rank: 8
2026-07-01 07:41:27,770 [trainer.py] => svd_oversampling: 10
2026-07-01 07:41:27,770 [trainer.py] => svd_energy_target: 0.01
2026-07-01 07:41:27,770 [trainer.py] => lora_n_slots: 2
2026-07-01 07:41:27,770 [trainer.py] => prefix: inr20t_sample
2026-07-01 07:41:27,770 [trainer.py] => boundary_mode: sample
2026-07-01 07:41:27,770 [trainer.py] => boundary_mult: 1.5
2026-07-01 07:41:27,851 [data_manager.py] => [146, 198, 169, 126, 142, 183, 108, 86, 79, 35, 112, 29, 0, 2, 59, 178, 143, 31, 147, 33, 123, 114, 194, 54, 138, 75, 158, 26, 131, 141, 180, 132, 22, 49, 116, 111, 24, 98, 107, 89, 151, 83, 185, 15, 27, 136, 65, 1, 82, 87, 99, 153, 47, 144, 145, 175, 155, 77, 191, 199, 46, 28, 76, 71, 93, 137, 5, 188, 187, 74, 103, 173, 18, 80, 88, 48, 109, 81, 91, 101, 43, 102, 61, 182, 3, 14, 40, 42, 167, 66, 57, 73, 135, 39, 45, 184, 161, 85, 148, 121, 8, 195, 21, 4, 106, 133, 118, 10, 176, 50, 36, 192, 162, 172, 96, 197, 20, 117, 140, 186, 92, 97, 44, 149, 13, 37, 170, 25, 181, 171, 23, 104, 189, 11, 159, 67, 94, 68, 55, 6, 150, 165, 120, 139, 72, 154, 115, 125, 53, 58, 16, 113, 41, 190, 174, 127, 110, 7, 38, 32, 95, 19, 196, 51, 78, 34, 122, 152, 119, 134, 129, 130, 128, 17, 30, 90, 124, 160, 100, 193, 12, 56, 64, 168, 105, 63, 177, 70, 60, 163, 9, 62, 156, 52, 84, 157, 69, 179, 166, 164]
/home/gmar762/research/continuous_learning/svd_sketching_vision/LAMDA-PILOT/models/base.py:8: UserWarning: A NumPy version >=1.23.5 and <2.3.0 is required for this version of SciPy (detected version 2.4.6)
  from scipy.spatial.distance import cdist
This is for the BaseNet initialization.
I'm using ViT with per-task LoRA (q,v).
_IncompatibleKeys(missing_keys=['blocks.0.attn.lora_A_q.0.weight', 'blocks.0.attn.lora_A_q.1.weight', 'blocks.0.attn.lora_B_q.0.weight', 'blocks.0.attn.lora_B_q.1.weight', 'blocks.0.attn.lora_A_v.0.weight', 'blocks.0.attn.lora_A_v.1.weight', 'blocks.0.attn.lora_B_v.0.weight', 'blocks.0.attn.lora_B_v.1.weight', 'blocks.1.attn.lora_A_q.0.weight', 'blocks.1.attn.lora_A_q.1.weight', 'blocks.1.attn.lora_B_q.0.weight', 'blocks.1.attn.lora_B_q.1.weight', 'blocks.1.attn.lora_A_v.0.weight', 'blocks.1.attn.lora_A_v.1.weight', 'blocks.1.attn.lora_B_v.0.weight', 'blocks.1.attn.lora_B_v.1.weight', 'blocks.2.attn.lora_A_q.0.weight', 'blocks.2.attn.lora_A_q.1.weight', 'blocks.2.attn.lora_B_q.0.weight', 'blocks.2.attn.lora_B_q.1.weight', 'blocks.2.attn.lora_A_v.0.weight', 'blocks.2.attn.lora_A_v.1.weight', 'blocks.2.attn.lora_B_v.0.weight', 'blocks.2.attn.lora_B_v.1.weight', 'blocks.3.attn.lora_A_q.0.weight', 'blocks.3.attn.lora_A_q.1.weight', 'blocks.3.attn.lora_B_q.0.weight', 'blocks.3.attn.lora_B_q.1.weight', 'blocks.3.attn.lora_A_v.0.weight', 'blocks.3.attn.lora_A_v.1.weight', 'blocks.3.attn.lora_B_v.0.weight', 'blocks.3.attn.lora_B_v.1.weight', 'blocks.4.attn.lora_A_q.0.weight', 'blocks.4.attn.lora_A_q.1.weight', 'blocks.4.attn.lora_B_q.0.weight', 'blocks.4.attn.lora_B_q.1.weight', 'blocks.4.attn.lora_A_v.0.weight', 'blocks.4.attn.lora_A_v.1.weight', 'blocks.4.attn.lora_B_v.0.weight', 'blocks.4.attn.lora_B_v.1.weight', 'blocks.5.attn.lora_A_q.0.weight', 'blocks.5.attn.lora_A_q.1.weight', 'blocks.5.attn.lora_B_q.0.weight', 'blocks.5.attn.lora_B_q.1.weight', 'blocks.5.attn.lora_A_v.0.weight', 'blocks.5.attn.lora_A_v.1.weight', 'blocks.5.attn.lora_B_v.0.weight', 'blocks.5.attn.lora_B_v.1.weight', 'blocks.6.attn.lora_A_q.0.weight', 'blocks.6.attn.lora_A_q.1.weight', 'blocks.6.attn.lora_B_q.0.weight', 'blocks.6.attn.lora_B_q.1.weight', 'blocks.6.attn.lora_A_v.0.weight', 'blocks.6.attn.lora_A_v.1.weight', 'blocks.6.attn.lora_B_v.0.weight', 'blocks.6.attn.lora_B_v.1.weight', 'blocks.7.attn.lora_A_q.0.weight', 'blocks.7.attn.lora_A_q.1.weight', 'blocks.7.attn.lora_B_q.0.weight', 'blocks.7.attn.lora_B_q.1.weight', 'blocks.7.attn.lora_A_v.0.weight', 'blocks.7.attn.lora_A_v.1.weight', 'blocks.7.attn.lora_B_v.0.weight', 'blocks.7.attn.lora_B_v.1.weight', 'blocks.8.attn.lora_A_q.0.weight', 'blocks.8.attn.lora_A_q.1.weight', 'blocks.8.attn.lora_B_q.0.weight', 'blocks.8.attn.lora_B_q.1.weight', 'blocks.8.attn.lora_A_v.0.weight', 'blocks.8.attn.lora_A_v.1.weight', 'blocks.8.attn.lora_B_v.0.weight', 'blocks.8.attn.lora_B_v.1.weight', 'blocks.9.attn.lora_A_q.0.weight', 'blocks.9.attn.lora_A_q.1.weight', 'blocks.9.attn.lora_B_q.0.weight', 'blocks.9.attn.lora_B_q.1.weight', 'blocks.9.attn.lora_A_v.0.weight', 'blocks.9.attn.lora_A_v.1.weight', 'blocks.9.attn.lora_B_v.0.weight', 'blocks.9.attn.lora_B_v.1.weight', 'blocks.10.attn.lora_A_q.0.weight', 'blocks.10.attn.lora_A_q.1.weight', 'blocks.10.attn.lora_B_q.0.weight', 'blocks.10.attn.lora_B_q.1.weight', 'blocks.10.attn.lora_A_v.0.weight', 'blocks.10.attn.lora_A_v.1.weight', 'blocks.10.attn.lora_B_v.0.weight', 'blocks.10.attn.lora_B_v.1.weight', 'blocks.11.attn.lora_A_q.0.weight', 'blocks.11.attn.lora_A_q.1.weight', 'blocks.11.attn.lora_B_q.0.weight', 'blocks.11.attn.lora_B_q.1.weight', 'blocks.11.attn.lora_A_v.0.weight', 'blocks.11.attn.lora_A_v.1.weight', 'blocks.11.attn.lora_B_v.0.weight', 'blocks.11.attn.lora_B_v.1.weight'], unexpected_keys=[])
After BaseNet initialization.
2026-07-01 07:41:30,450 [stream_mixin.py] => [stream] adapter event every 15 global epochs (C=1.5 x 10 epochs); eval after each fold on completed tasks
Target rank: 6
Target rank: 8
Target rank: 6
Target rank: 8
Target rank: 7
Target rank: 8
2026-07-01 07:43:33,619 [sketchlora.py] => [SketchDiag] task 0: retained-energy mean=0.996 min=0.991 | ||ΔW||_F mean=6.563 | r_hat mean=7.2 total=43
2026-07-01 07:43:36,063 [stream_mixin.py] => [stream eval] completed  1 | CIL 5.43 | TIL 5.43 | TIL/task [5.43]
Target rank: 11
Target rank: 15
Target rank: 10
Target rank: 14
Target rank: 13
Target rank: 15
2026-07-01 07:45:36,698 [sketchlora.py] => [SketchDiag] task 1: retained-energy mean=0.993 min=0.991 | ||ΔW||_F mean=9.055 | r_hat mean=13.0 total=78
2026-07-01 07:45:44,153 [stream_mixin.py] => [stream eval] completed  3 | CIL 11.38 | TIL 26.60 | TIL/task [7.99, 33.02, 38.89]
Target rank: 15
Target rank: 21
Target rank: 14
Target rank: 19
Target rank: 17
Target rank: 21
2026-07-01 07:48:01,816 [sketchlora.py] => [SketchDiag] task 2: retained-energy mean=0.992 min=0.991 | ||ΔW||_F mean=12.753 | r_hat mean=17.8 total=107
2026-07-01 07:48:11,905 [stream_mixin.py] => [stream eval] completed  4 | CIL 8.64 | TIL 19.66 | TIL/task [7.03, 20.87, 12.75, 35.57]
Target rank: 20
Target rank: 26
Target rank: 17
Target rank: 23
Target rank: 21
Target rank: 26
2026-07-01 07:50:12,339 [sketchlora.py] => [SketchDiag] task 3: retained-energy mean=0.992 min=0.990 | ||ΔW||_F mean=14.922 | r_hat mean=22.2 total=133
2026-07-01 07:50:27,756 [stream_mixin.py] => [stream eval] completed  6 | CIL 6.33 | TIL 23.69 | TIL/task [7.67, 17.45, 10.46, 23.81, 37.64, 44.64]
Target rank: 23
Target rank: 31
Target rank: 19
Target rank: 27
Target rank: 25
Target rank: 30
2026-07-01 07:52:37,314 [sketchlora.py] => [SketchDiag] task 4: retained-energy mean=0.991 min=0.991 | ||ΔW||_F mean=17.731 | r_hat mean=25.8 total=155
2026-07-01 07:52:55,341 [stream_mixin.py] => [stream eval] completed  7 | CIL 3.00 | TIL 14.19 | TIL/task [4.79, 15.26, 7.19, 11.2, 13.2, 9.69, 35.21]
Target rank: 26
Target rank: 35
Target rank: 22
Target rank: 29
Target rank: 28
Target rank: 34
2026-07-01 07:54:30,115 [sketchlora.py] => [SketchDiag] task 5: retained-energy mean=0.992 min=0.990 | ||ΔW||_F mean=19.386 | r_hat mean=29.0 total=174
2026-07-01 07:54:52,529 [stream_mixin.py] => [stream eval] completed  9 | CIL 3.32 | TIL 18.48 | TIL/task [5.43, 11.21, 9.48, 14.85, 12.64, 18.69, 29.86, 34.43, 36.32]
Target rank: 27
Target rank: 38
Target rank: 24
Target rank: 31
Target rank: 30
Target rank: 38
2026-07-01 07:56:23,009 [sketchlora.py] => [SketchDiag] task 6: retained-energy mean=0.991 min=0.990 | ||ΔW||_F mean=20.957 | r_hat mean=31.3 total=188
2026-07-01 07:56:47,097 [stream_mixin.py] => [stream eval] completed 10 | CIL 1.77 | TIL 15.11 | TIL/task [6.39, 15.26, 7.52, 5.32, 18.26, 12.8, 22.82, 20.98, 18.41, 30.16]
Target rank: 30
Target rank: 42
Target rank: 26
Target rank: 34
Target rank: 32
Target rank: 39
2026-07-01 07:58:51,854 [sketchlora.py] => [SketchDiag] task 7: retained-energy mean=0.992 min=0.990 | ||ΔW||_F mean=22.608 | r_hat mean=33.8 total=203
2026-07-01 07:59:20,883 [stream_mixin.py] => [stream eval] completed 12 | CIL 1.82 | TIL 16.52 | TIL/task [6.07, 6.85, 11.11, 13.73, 13.2, 15.57, 15.77, 21.31, 14.43, 19.05, 24.56, 36.73]
Target rank: 31
Target rank: 44
Target rank: 28
Target rank: 36
Target rank: 32
Target rank: 42
2026-07-01 08:00:58,364 [sketchlora.py] => [SketchDiag] task 8: retained-energy mean=0.991 min=0.990 | ||ΔW||_F mean=24.164 | r_hat mean=35.5 total=213
2026-07-01 08:01:29,273 [stream_mixin.py] => [stream eval] completed 13 | CIL 0.81 | TIL 14.07 | TIL/task [7.35, 5.61, 8.82, 14.01, 8.71, 12.11, 18.03, 12.79, 14.93, 15.34, 15.79, 22.45, 32.88]
Target rank: 32
Target rank: 46
Target rank: 29
Target rank: 38
Target rank: 33
Target rank: 44
2026-07-01 08:03:15,670 [sketchlora.py] => [SketchDiag] task 9: retained-energy mean=0.992 min=0.990 | ||ΔW||_F mean=25.921 | r_hat mean=37.0 total=222
2026-07-01 08:03:51,293 [stream_mixin.py] => [stream eval] completed 15 | CIL 0.95 | TIL 14.65 | TIL/task [6.07, 5.92, 14.71, 19.05, 8.99, 11.07, 17.18, 11.15, 10.45, 15.34, 10.88, 14.87, 20.55, 27.69, 28.52]
Target rank: 32
Target rank: 47
Target rank: 30
Target rank: 40
Target rank: 34
Target rank: 47
2026-07-01 08:05:46,069 [sketchlora.py] => [SketchDiag] task 10: retained-energy mean=0.991 min=0.990 | ||ΔW||_F mean=27.933 | r_hat mean=38.3 total=230
2026-07-01 08:06:24,041 [stream_mixin.py] => [stream eval] completed 16 | CIL 1.32 | TIL 15.90 | TIL/task [11.18, 13.71, 7.52, 19.89, 10.96, 10.38, 14.93, 10.49, 16.92, 11.64, 18.95, 15.45, 15.98, 20.52, 14.06, 43.17]
Target rank: 34
Target rank: 49
Target rank: 31
Target rank: 41
Target rank: 34
Target rank: 47
2026-07-01 08:08:18,654 [sketchlora.py] => [SketchDiag] task 11: retained-energy mean=0.992 min=0.991 | ||ΔW||_F mean=29.402 | r_hat mean=39.3 total=236
2026-07-01 08:09:02,319 [stream_mixin.py] => [stream eval] completed 18 | CIL 1.33 | TIL 15.57 | TIL/task [12.46, 17.76, 7.19, 17.93, 10.11, 9.69, 14.37, 11.48, 12.94, 10.58, 13.33, 10.79, 13.24, 20.2, 13.28, 30.22, 21.5, 33.09]
Target rank: 34
Target rank: 50
Target rank: 31
Target rank: 44
Target rank: 34
Target rank: 49
2026-07-01 08:11:10,260 [sketchlora.py] => [SketchDiag] task 12: retained-energy mean=0.991 min=0.990 | ||ΔW||_F mean=31.970 | r_hat mean=40.3 total=242
2026-07-01 08:11:55,508 [stream_mixin.py] => [stream eval] completed 19 | CIL 1.11 | TIL 14.17 | TIL/task [15.65, 9.66, 5.23, 12.32, 15.17, 11.07, 16.06, 7.54, 7.96, 7.41, 11.93, 9.33, 12.33, 20.2, 11.72, 24.1, 22.12, 21.32, 23.15]
Target rank: 34
Target rank: 51
Target rank: 32
Target rank: 44
Target rank: 35
Target rank: 48
2026-07-01 08:12:36,518 [sketchlora.py] => [SketchDiag] task 13: retained-energy mean=0.992 min=0.991 | ||ΔW||_F mean=32.782 | r_hat mean=40.7 total=244
2026-07-01 08:13:24,296 [stream_mixin.py] => [stream eval] completed 20 | CIL 1.38 | TIL 14.04 | TIL/task [15.65, 9.03, 5.56, 15.41, 12.92, 10.73, 15.49, 7.54, 7.46, 8.47, 7.72, 9.91, 15.98, 17.26, 11.33, 20.86, 17.76, 15.81, 22.85, 28.03]
2026-07-01 08:13:24,297 [trainer.py] => [stream] completed-task checkpoints: [1, 3, 4, 6, 7, 9, 10, 12, 13, 15, 16, 18, 19, 20]
2026-07-01 08:13:24,297 [trainer.py] => [stream] CIL curve: [5.43, 11.38, 8.64, 6.33, 3.0, 3.32, 1.77, 1.82, 0.81, 0.95, 1.32, 1.33, 1.11, 1.38]
2026-07-01 08:13:24,297 [trainer.py] => [stream] TIL curve: [5.43, 26.6, 19.66, 23.69, 14.19, 18.48, 15.11, 16.52, 14.07, 14.65, 15.9, 15.57, 14.17, 14.04]
2026-07-01 08:13:24,297 [trainer.py] => [stream] FINAL  CIL 1.38 | TIL 14.04  (over 20 tasks)
[stream] checkpoints (completed tasks): [1, 3, 4, 6, 7, 9, 10, 12, 13, 15, 16, 18, 19, 20]
[stream] CIL: [5.43, 11.38, 8.64, 6.33, 3.0, 3.32, 1.77, 1.82, 0.81, 0.95, 1.32, 1.33, 1.11, 1.38]
[stream] TIL: [5.43, 26.6, 19.66, 23.69, 14.19, 18.48, 15.11, 16.52, 14.07, 14.65, 15.9, 15.57, 14.17, 14.04]
[stream] FINAL CIL 1.38 | TIL 14.04
[stream] wrote run_logs/stream_sketchlora_inr20t_sample_s1995.json
