2026-07-28 06:07:06,749 [trainer.py] => config: exps/imagenetr_grid/_patched_inflora_50mb_s1996_gpu4.json
2026-07-28 06:07:06,749 [trainer.py] => dataset: imagenetr
2026-07-28 06:07:06,749 [trainer.py] => memory_size: 0
2026-07-28 06:07:06,749 [trainer.py] => memory_per_class: 0
2026-07-28 06:07:06,749 [trainer.py] => fixed_memory: False
2026-07-28 06:07:06,749 [trainer.py] => shuffle: True
2026-07-28 06:07:06,749 [trainer.py] => init_cls: 10
2026-07-28 06:07:06,749 [trainer.py] => increment: 10
2026-07-28 06:07:06,749 [trainer.py] => scenario: cil
2026-07-28 06:07:06,749 [trainer.py] => pretrained: True
2026-07-28 06:07:06,749 [trainer.py] => print_forget: False
2026-07-28 06:07:06,749 [trainer.py] => final_metrics: False
2026-07-28 06:07:06,749 [trainer.py] => backbone_type: vit_base_patch16_224_lora
2026-07-28 06:07:06,749 [trainer.py] => lora_rank: 10
2026-07-28 06:07:06,749 [trainer.py] => lora_alpha: None
2026-07-28 06:07:06,749 [trainer.py] => batch_size: 48
2026-07-28 06:07:06,750 [trainer.py] => weight_decay: 0.0005
2026-07-28 06:07:06,750 [trainer.py] => min_lr: 0.0
2026-07-28 06:07:06,750 [trainer.py] => tuned_epoch: 20
2026-07-28 06:07:06,750 [trainer.py] => boundary_mode: bounded_memory
2026-07-28 06:07:06,750 [trainer.py] => device: [device(type='cuda', index=4)]
2026-07-28 06:07:06,750 [trainer.py] => model_name: inflora
2026-07-28 06:07:06,750 [trainer.py] => lora_merge: True
2026-07-28 06:07:06,750 [trainer.py] => lamb: 0.975
2026-07-28 06:07:06,750 [trainer.py] => lame: 0.975
2026-07-28 06:07:06,750 [trainer.py] => init_lr: 0.0005
2026-07-28 06:07:06,750 [trainer.py] => seed: 1996
2026-07-28 06:07:06,750 [trainer.py] => bm_budget_mb: 50
2026-07-28 06:07:06,750 [trainer.py] => prefix: imagenetr_grid_50mb_inflora_s1996
2026-07-28 06:07:06,834 [data_manager.py] => [92, 182, 15, 79, 26, 173, 109, 188, 27, 157, 177, 6, 35, 93, 52, 136, 164, 184, 2, 125, 130, 179, 135, 150, 100, 97, 7, 86, 158, 178, 168, 78, 181, 170, 32, 89, 8, 192, 104, 12, 145, 120, 80, 49, 155, 85, 95, 33, 17, 175, 137, 44, 112, 124, 153, 190, 83, 138, 43, 73, 87, 94, 140, 134, 180, 105, 111, 24, 60, 149, 63, 123, 152, 116, 185, 176, 198, 194, 133, 46, 51, 195, 88, 197, 13, 103, 121, 174, 160, 82, 151, 18, 20, 34, 66, 50, 40, 3, 4, 118, 36, 144, 169, 72, 58, 99, 142, 161, 64, 47, 193, 127, 101, 31, 71, 196, 9, 110, 126, 199, 128, 122, 91, 119, 189, 16, 159, 81, 163, 21, 141, 156, 77, 30, 107, 19, 55, 57, 53, 106, 146, 45, 54, 172, 154, 183, 75, 143, 113, 62, 148, 11, 114, 131, 129, 171, 5, 96, 10, 39, 29, 165, 191, 70, 76, 23, 69, 115, 90, 56, 166, 68, 167, 42, 187, 147, 0, 22, 102, 108, 65, 61, 74, 59, 25, 37, 48, 84, 162, 28, 132, 139, 117, 14, 41, 38, 67, 98, 1, 186]
This is for the BaseNet initialization.
I'm using ViT with per-task LoRA (q,v).
_IncompatibleKeys(missing_keys=['blocks.0.attn.cur_matrix', 'blocks.0.attn.frozen_delta_q', 'blocks.0.attn.frozen_delta_v', 'blocks.0.attn.lora_A_q.0.weight', 'blocks.0.attn.lora_B_q.0.weight', 'blocks.0.attn.lora_A_v.0.weight', 'blocks.0.attn.lora_B_v.0.weight', 'blocks.1.attn.cur_matrix', 'blocks.1.attn.frozen_delta_q', 'blocks.1.attn.frozen_delta_v', 'blocks.1.attn.lora_A_q.0.weight', 'blocks.1.attn.lora_B_q.0.weight', 'blocks.1.attn.lora_A_v.0.weight', 'blocks.1.attn.lora_B_v.0.weight', 'blocks.2.attn.cur_matrix', 'blocks.2.attn.frozen_delta_q', 'blocks.2.attn.frozen_delta_v', 'blocks.2.attn.lora_A_q.0.weight', 'blocks.2.attn.lora_B_q.0.weight', 'blocks.2.attn.lora_A_v.0.weight', 'blocks.2.attn.lora_B_v.0.weight', 'blocks.3.attn.cur_matrix', 'blocks.3.attn.frozen_delta_q', 'blocks.3.attn.frozen_delta_v', 'blocks.3.attn.lora_A_q.0.weight', 'blocks.3.attn.lora_B_q.0.weight', 'blocks.3.attn.lora_A_v.0.weight', 'blocks.3.attn.lora_B_v.0.weight', 'blocks.4.attn.cur_matrix', 'blocks.4.attn.frozen_delta_q', 'blocks.4.attn.frozen_delta_v', 'blocks.4.attn.lora_A_q.0.weight', 'blocks.4.attn.lora_B_q.0.weight', 'blocks.4.attn.lora_A_v.0.weight', 'blocks.4.attn.lora_B_v.0.weight', 'blocks.5.attn.cur_matrix', 'blocks.5.attn.frozen_delta_q', 'blocks.5.attn.frozen_delta_v', 'blocks.5.attn.lora_A_q.0.weight', 'blocks.5.attn.lora_B_q.0.weight', 'blocks.5.attn.lora_A_v.0.weight', 'blocks.5.attn.lora_B_v.0.weight', 'blocks.6.attn.cur_matrix', 'blocks.6.attn.frozen_delta_q', 'blocks.6.attn.frozen_delta_v', 'blocks.6.attn.lora_A_q.0.weight', 'blocks.6.attn.lora_B_q.0.weight', 'blocks.6.attn.lora_A_v.0.weight', 'blocks.6.attn.lora_B_v.0.weight', 'blocks.7.attn.cur_matrix', 'blocks.7.attn.frozen_delta_q', 'blocks.7.attn.frozen_delta_v', 'blocks.7.attn.lora_A_q.0.weight', 'blocks.7.attn.lora_B_q.0.weight', 'blocks.7.attn.lora_A_v.0.weight', 'blocks.7.attn.lora_B_v.0.weight', 'blocks.8.attn.cur_matrix', 'blocks.8.attn.frozen_delta_q', 'blocks.8.attn.frozen_delta_v', 'blocks.8.attn.lora_A_q.0.weight', 'blocks.8.attn.lora_B_q.0.weight', 'blocks.8.attn.lora_A_v.0.weight', 'blocks.8.attn.lora_B_v.0.weight', 'blocks.9.attn.cur_matrix', 'blocks.9.attn.frozen_delta_q', 'blocks.9.attn.frozen_delta_v', 'blocks.9.attn.lora_A_q.0.weight', 'blocks.9.attn.lora_B_q.0.weight', 'blocks.9.attn.lora_A_v.0.weight', 'blocks.9.attn.lora_B_v.0.weight', 'blocks.10.attn.cur_matrix', 'blocks.10.attn.frozen_delta_q', 'blocks.10.attn.frozen_delta_v', 'blocks.10.attn.lora_A_q.0.weight', 'blocks.10.attn.lora_B_q.0.weight', 'blocks.10.attn.lora_A_v.0.weight', 'blocks.10.attn.lora_B_v.0.weight', 'blocks.11.attn.cur_matrix', 'blocks.11.attn.frozen_delta_q', 'blocks.11.attn.frozen_delta_v', 'blocks.11.attn.lora_A_q.0.weight', 'blocks.11.attn.lora_B_q.0.weight', 'blocks.11.attn.lora_A_v.0.weight', 'blocks.11.attn.lora_B_v.0.weight'], unexpected_keys=[])
After BaseNet initialization.
2026-07-28 06:07:10,827 [bounded_memory_mixin.py] => [bounded_mem] budget_mb=50.0 -> cycle=348 images (mean_task=1203.8 images, so this budget is 0.29x mean task size); 24076 total images -> 70 cycles (T=70 sessions); 20 eval checkpoints
2026-07-28 06:08:17,919 [inflora.py] => [InfLoRA] DualGPM threshold: 0.9750
2026-07-28 06:08:18,653 [inflora.py] => [InfLoRA] Layer 1: 8/768 type remove
2026-07-28 06:08:18,653 [inflora.py] => [InfLoRA] Layer 2: 10/768 type remove
2026-07-28 06:08:18,653 [inflora.py] => [InfLoRA] Layer 3: 11/768 type remove
2026-07-28 06:08:18,653 [inflora.py] => [InfLoRA] Layer 4: 11/768 type remove
2026-07-28 06:08:18,653 [inflora.py] => [InfLoRA] Layer 5: 13/768 type remove
2026-07-28 06:08:18,653 [inflora.py] => [InfLoRA] Layer 6: 15/768 type remove
2026-07-28 06:08:18,653 [inflora.py] => [InfLoRA] Layer 7: 19/768 type remove
2026-07-28 06:08:18,653 [inflora.py] => [InfLoRA] Layer 8: 22/768 type remove
2026-07-28 06:08:18,653 [inflora.py] => [InfLoRA] Layer 9: 32/768 type remove
2026-07-28 06:08:18,653 [inflora.py] => [InfLoRA] Layer 10: 17/768 type remove
2026-07-28 06:08:18,653 [inflora.py] => [InfLoRA] Layer 11: 13/768 type remove
2026-07-28 06:08:18,653 [inflora.py] => [InfLoRA] Layer 12: 45/768 type remove
2026-07-28 06:09:23,970 [inflora.py] => [InfLoRA] DualGPM threshold: 0.9750
2026-07-28 06:09:25,292 [inflora.py] => [InfLoRA] Layer 1: 11/768 type remove
2026-07-28 06:09:25,292 [inflora.py] => [InfLoRA] Layer 2: 12/768 type remove
2026-07-28 06:09:25,292 [inflora.py] => [InfLoRA] Layer 3: 13/768 type remove
2026-07-28 06:09:25,292 [inflora.py] => [InfLoRA] Layer 4: 12/768 type remove
2026-07-28 06:09:25,292 [inflora.py] => [InfLoRA] Layer 5: 16/768 type remove
2026-07-28 06:09:25,292 [inflora.py] => [InfLoRA] Layer 6: 19/768 type remove
2026-07-28 06:09:25,292 [inflora.py] => [InfLoRA] Layer 7: 24/768 type remove
2026-07-28 06:09:25,292 [inflora.py] => [InfLoRA] Layer 8: 27/768 type remove
2026-07-28 06:09:25,292 [inflora.py] => [InfLoRA] Layer 9: 40/768 type remove
2026-07-28 06:09:25,292 [inflora.py] => [InfLoRA] Layer 10: 25/768 type remove
2026-07-28 06:09:25,292 [inflora.py] => [InfLoRA] Layer 11: 18/768 type remove
2026-07-28 06:09:25,292 [inflora.py] => [InfLoRA] Layer 12: 58/768 type remove
2026-07-28 06:10:29,586 [inflora.py] => [InfLoRA] DualGPM threshold: 0.9750
2026-07-28 06:10:30,917 [inflora.py] => [InfLoRA] Layer 1: 11/768 type remove
2026-07-28 06:10:30,917 [inflora.py] => [InfLoRA] Layer 2: 12/768 type remove
2026-07-28 06:10:30,917 [inflora.py] => [InfLoRA] Layer 3: 13/768 type remove
2026-07-28 06:10:30,917 [inflora.py] => [InfLoRA] Layer 4: 13/768 type remove
2026-07-28 06:10:30,917 [inflora.py] => [InfLoRA] Layer 5: 17/768 type remove
2026-07-28 06:10:30,917 [inflora.py] => [InfLoRA] Layer 6: 21/768 type remove
2026-07-28 06:10:30,917 [inflora.py] => [InfLoRA] Layer 7: 26/768 type remove
2026-07-28 06:10:30,917 [inflora.py] => [InfLoRA] Layer 8: 31/768 type remove
2026-07-28 06:10:30,917 [inflora.py] => [InfLoRA] Layer 9: 49/768 type remove
2026-07-28 06:10:30,917 [inflora.py] => [InfLoRA] Layer 10: 31/768 type remove
2026-07-28 06:10:30,917 [inflora.py] => [InfLoRA] Layer 11: 22/768 type remove
2026-07-28 06:10:30,917 [inflora.py] => [InfLoRA] Layer 12: 63/768 type remove
2026-07-28 06:11:34,970 [inflora.py] => [InfLoRA] DualGPM threshold: 0.9750
2026-07-28 06:11:36,309 [inflora.py] => [InfLoRA] Layer 1: 11/768 type remove
2026-07-28 06:11:36,309 [inflora.py] => [InfLoRA] Layer 2: 12/768 type remove
2026-07-28 06:11:36,309 [inflora.py] => [InfLoRA] Layer 3: 13/768 type remove
2026-07-28 06:11:36,309 [inflora.py] => [InfLoRA] Layer 4: 13/768 type remove
2026-07-28 06:11:36,309 [inflora.py] => [InfLoRA] Layer 5: 17/768 type remove
2026-07-28 06:11:36,309 [inflora.py] => [InfLoRA] Layer 6: 21/768 type remove
2026-07-28 06:11:36,309 [inflora.py] => [InfLoRA] Layer 7: 26/768 type remove
2026-07-28 06:11:36,309 [inflora.py] => [InfLoRA] Layer 8: 31/768 type remove
2026-07-28 06:11:36,309 [inflora.py] => [InfLoRA] Layer 9: 50/768 type remove
2026-07-28 06:11:36,309 [inflora.py] => [InfLoRA] Layer 10: 32/768 type remove
2026-07-28 06:11:36,309 [inflora.py] => [InfLoRA] Layer 11: 23/768 type remove
2026-07-28 06:11:36,309 [inflora.py] => [InfLoRA] Layer 12: 67/768 type remove
2026-07-28 06:11:39,908 [bounded_memory_mixin.py] => [bounded_mem eval] volume 0.05 | cycle 3 | classes_seen 20 | CIL top1 56.74 | top5 78.37 | (nearest latent task ~1) | param_hash 8ec65d7e84de5255 | per-task [81.33, 30.07]
2026-07-28 06:12:45,048 [inflora.py] => [InfLoRA] DualGPM threshold: 0.9750
2026-07-28 06:12:46,388 [inflora.py] => [InfLoRA] Layer 1: 11/768 type remove
2026-07-28 06:12:46,388 [inflora.py] => [InfLoRA] Layer 2: 12/768 type remove
2026-07-28 06:12:46,388 [inflora.py] => [InfLoRA] Layer 3: 13/768 type remove
2026-07-28 06:12:46,388 [inflora.py] => [InfLoRA] Layer 4: 13/768 type remove
2026-07-28 06:12:46,388 [inflora.py] => [InfLoRA] Layer 5: 17/768 type remove
2026-07-28 06:12:46,388 [inflora.py] => [InfLoRA] Layer 6: 21/768 type remove
2026-07-28 06:12:46,388 [inflora.py] => [InfLoRA] Layer 7: 26/768 type remove
2026-07-28 06:12:46,388 [inflora.py] => [InfLoRA] Layer 8: 31/768 type remove
2026-07-28 06:12:46,388 [inflora.py] => [InfLoRA] Layer 9: 51/768 type remove
2026-07-28 06:12:46,388 [inflora.py] => [InfLoRA] Layer 10: 33/768 type remove
2026-07-28 06:12:46,388 [inflora.py] => [InfLoRA] Layer 11: 24/768 type remove
2026-07-28 06:12:46,388 [inflora.py] => [InfLoRA] Layer 12: 73/768 type remove
2026-07-28 06:13:51,222 [inflora.py] => [InfLoRA] DualGPM threshold: 0.9750
2026-07-28 06:13:52,561 [inflora.py] => [InfLoRA] Layer 1: 11/768 type remove
2026-07-28 06:13:52,561 [inflora.py] => [InfLoRA] Layer 2: 12/768 type remove
2026-07-28 06:13:52,561 [inflora.py] => [InfLoRA] Layer 3: 13/768 type remove
2026-07-28 06:13:52,561 [inflora.py] => [InfLoRA] Layer 4: 13/768 type remove
2026-07-28 06:13:52,561 [inflora.py] => [InfLoRA] Layer 5: 17/768 type remove
2026-07-28 06:13:52,561 [inflora.py] => [InfLoRA] Layer 6: 22/768 type remove
2026-07-28 06:13:52,561 [inflora.py] => [InfLoRA] Layer 7: 27/768 type remove
2026-07-28 06:13:52,561 [inflora.py] => [InfLoRA] Layer 8: 32/768 type remove
2026-07-28 06:13:52,561 [inflora.py] => [InfLoRA] Layer 9: 52/768 type remove
2026-07-28 06:13:52,561 [inflora.py] => [InfLoRA] Layer 10: 34/768 type remove
2026-07-28 06:13:52,561 [inflora.py] => [InfLoRA] Layer 11: 25/768 type remove
2026-07-28 06:13:52,561 [inflora.py] => [InfLoRA] Layer 12: 78/768 type remove
2026-07-28 06:14:57,075 [inflora.py] => [InfLoRA] DualGPM threshold: 0.9750
2026-07-28 06:14:58,422 [inflora.py] => [InfLoRA] Layer 1: 11/768 type remove
2026-07-28 06:14:58,422 [inflora.py] => [InfLoRA] Layer 2: 12/768 type remove
2026-07-28 06:14:58,422 [inflora.py] => [InfLoRA] Layer 3: 13/768 type remove
2026-07-28 06:14:58,422 [inflora.py] => [InfLoRA] Layer 4: 13/768 type remove
2026-07-28 06:14:58,423 [inflora.py] => [InfLoRA] Layer 5: 17/768 type remove
2026-07-28 06:14:58,423 [inflora.py] => [InfLoRA] Layer 6: 22/768 type remove
2026-07-28 06:14:58,423 [inflora.py] => [InfLoRA] Layer 7: 28/768 type remove
2026-07-28 06:14:58,423 [inflora.py] => [InfLoRA] Layer 8: 33/768 type remove
2026-07-28 06:14:58,423 [inflora.py] => [InfLoRA] Layer 9: 54/768 type remove
2026-07-28 06:14:58,423 [inflora.py] => [InfLoRA] Layer 10: 35/768 type remove
2026-07-28 06:14:58,423 [inflora.py] => [InfLoRA] Layer 11: 25/768 type remove
2026-07-28 06:14:58,423 [inflora.py] => [InfLoRA] Layer 12: 79/768 type remove
2026-07-28 06:15:01,995 [bounded_memory_mixin.py] => [bounded_mem eval] volume 0.10 | cycle 6 | classes_seen 20 | CIL top1 74.45 | top5 91.69 | (nearest latent task ~1) | param_hash 1d81a464bd537396 | per-task [78.92, 69.61]
2026-07-28 06:16:06,880 [inflora.py] => [InfLoRA] DualGPM threshold: 0.9750
2026-07-28 06:16:08,230 [inflora.py] => [InfLoRA] Layer 1: 11/768 type remove
2026-07-28 06:16:08,230 [inflora.py] => [InfLoRA] Layer 2: 12/768 type remove
2026-07-28 06:16:08,230 [inflora.py] => [InfLoRA] Layer 3: 14/768 type remove
2026-07-28 06:16:08,231 [inflora.py] => [InfLoRA] Layer 4: 13/768 type remove
2026-07-28 06:16:08,231 [inflora.py] => [InfLoRA] Layer 5: 18/768 type remove
2026-07-28 06:16:08,231 [inflora.py] => [InfLoRA] Layer 6: 23/768 type remove
2026-07-28 06:16:08,231 [inflora.py] => [InfLoRA] Layer 7: 29/768 type remove
2026-07-28 06:16:08,231 [inflora.py] => [InfLoRA] Layer 8: 34/768 type remove
2026-07-28 06:16:08,231 [inflora.py] => [InfLoRA] Layer 9: 56/768 type remove
2026-07-28 06:16:08,231 [inflora.py] => [InfLoRA] Layer 10: 36/768 type remove
2026-07-28 06:16:08,231 [inflora.py] => [InfLoRA] Layer 11: 26/768 type remove
2026-07-28 06:16:08,231 [inflora.py] => [InfLoRA] Layer 12: 82/768 type remove
2026-07-28 06:17:13,931 [inflora.py] => [InfLoRA] DualGPM threshold: 0.9750
2026-07-28 06:17:15,285 [inflora.py] => [InfLoRA] Layer 1: 11/768 type remove
2026-07-28 06:17:15,285 [inflora.py] => [InfLoRA] Layer 2: 12/768 type remove
2026-07-28 06:17:15,285 [inflora.py] => [InfLoRA] Layer 3: 14/768 type remove
2026-07-28 06:17:15,285 [inflora.py] => [InfLoRA] Layer 4: 13/768 type remove
2026-07-28 06:17:15,285 [inflora.py] => [InfLoRA] Layer 5: 18/768 type remove
2026-07-28 06:17:15,285 [inflora.py] => [InfLoRA] Layer 6: 23/768 type remove
2026-07-28 06:17:15,285 [inflora.py] => [InfLoRA] Layer 7: 30/768 type remove
2026-07-28 06:17:15,285 [inflora.py] => [InfLoRA] Layer 8: 34/768 type remove
2026-07-28 06:17:15,285 [inflora.py] => [InfLoRA] Layer 9: 57/768 type remove
2026-07-28 06:17:15,285 [inflora.py] => [InfLoRA] Layer 10: 37/768 type remove
2026-07-28 06:17:15,285 [inflora.py] => [InfLoRA] Layer 11: 26/768 type remove
2026-07-28 06:17:15,285 [inflora.py] => [InfLoRA] Layer 12: 85/768 type remove
2026-07-28 06:18:21,066 [inflora.py] => [InfLoRA] DualGPM threshold: 0.9750
2026-07-28 06:18:22,424 [inflora.py] => [InfLoRA] Layer 1: 11/768 type remove
2026-07-28 06:18:22,424 [inflora.py] => [InfLoRA] Layer 2: 12/768 type remove
2026-07-28 06:18:22,425 [inflora.py] => [InfLoRA] Layer 3: 14/768 type remove
2026-07-28 06:18:22,425 [inflora.py] => [InfLoRA] Layer 4: 13/768 type remove
2026-07-28 06:18:22,425 [inflora.py] => [InfLoRA] Layer 5: 18/768 type remove
2026-07-28 06:18:22,425 [inflora.py] => [InfLoRA] Layer 6: 23/768 type remove
2026-07-28 06:18:22,425 [inflora.py] => [InfLoRA] Layer 7: 30/768 type remove
2026-07-28 06:18:22,425 [inflora.py] => [InfLoRA] Layer 8: 35/768 type remove
2026-07-28 06:18:22,425 [inflora.py] => [InfLoRA] Layer 9: 57/768 type remove
2026-07-28 06:18:22,425 [inflora.py] => [InfLoRA] Layer 10: 37/768 type remove
2026-07-28 06:18:22,425 [inflora.py] => [InfLoRA] Layer 11: 27/768 type remove
2026-07-28 06:18:22,425 [inflora.py] => [InfLoRA] Layer 12: 86/768 type remove
2026-07-28 06:19:27,527 [inflora.py] => [InfLoRA] DualGPM threshold: 0.9750
2026-07-28 06:19:28,885 [inflora.py] => [InfLoRA] Layer 1: 11/768 type remove
2026-07-28 06:19:28,885 [inflora.py] => [InfLoRA] Layer 2: 12/768 type remove
2026-07-28 06:19:28,885 [inflora.py] => [InfLoRA] Layer 3: 14/768 type remove
2026-07-28 06:19:28,885 [inflora.py] => [InfLoRA] Layer 4: 14/768 type remove
2026-07-28 06:19:28,885 [inflora.py] => [InfLoRA] Layer 5: 19/768 type remove
2026-07-28 06:19:28,885 [inflora.py] => [InfLoRA] Layer 6: 25/768 type remove
2026-07-28 06:19:28,885 [inflora.py] => [InfLoRA] Layer 7: 32/768 type remove
2026-07-28 06:19:28,885 [inflora.py] => [InfLoRA] Layer 8: 37/768 type remove
2026-07-28 06:19:28,885 [inflora.py] => [InfLoRA] Layer 9: 62/768 type remove
2026-07-28 06:19:28,885 [inflora.py] => [InfLoRA] Layer 10: 40/768 type remove
2026-07-28 06:19:28,885 [inflora.py] => [InfLoRA] Layer 11: 28/768 type remove
2026-07-28 06:19:28,885 [inflora.py] => [InfLoRA] Layer 12: 91/768 type remove
2026-07-28 06:19:34,395 [bounded_memory_mixin.py] => [bounded_mem eval] volume 0.15 | cycle 10 | classes_seen 40 | CIL top1 64.26 | top5 82.62 | (nearest latent task ~3) | param_hash 917a7bfe75cd912e | per-task [65.66, 65.36, 66.4, 60.4]
2026-07-28 06:20:39,485 [inflora.py] => [InfLoRA] DualGPM threshold: 0.9750
2026-07-28 06:20:40,856 [inflora.py] => [InfLoRA] Layer 1: 11/768 type remove
2026-07-28 06:20:40,856 [inflora.py] => [InfLoRA] Layer 2: 12/768 type remove
2026-07-28 06:20:40,856 [inflora.py] => [InfLoRA] Layer 3: 15/768 type remove
2026-07-28 06:20:40,856 [inflora.py] => [InfLoRA] Layer 4: 15/768 type remove
2026-07-28 06:20:40,856 [inflora.py] => [InfLoRA] Layer 5: 20/768 type remove
2026-07-28 06:20:40,856 [inflora.py] => [InfLoRA] Layer 6: 27/768 type remove
2026-07-28 06:20:40,856 [inflora.py] => [InfLoRA] Layer 7: 35/768 type remove
2026-07-28 06:20:40,856 [inflora.py] => [InfLoRA] Layer 8: 40/768 type remove
2026-07-28 06:20:40,856 [inflora.py] => [InfLoRA] Layer 9: 66/768 type remove
2026-07-28 06:20:40,857 [inflora.py] => [InfLoRA] Layer 10: 43/768 type remove
2026-07-28 06:20:40,857 [inflora.py] => [InfLoRA] Layer 11: 30/768 type remove
2026-07-28 06:20:40,857 [inflora.py] => [InfLoRA] Layer 12: 95/768 type remove
2026-07-28 06:21:46,475 [inflora.py] => [InfLoRA] DualGPM threshold: 0.9750
2026-07-28 06:21:47,844 [inflora.py] => [InfLoRA] Layer 1: 11/768 type remove
2026-07-28 06:21:47,844 [inflora.py] => [InfLoRA] Layer 2: 12/768 type remove
2026-07-28 06:21:47,844 [inflora.py] => [InfLoRA] Layer 3: 15/768 type remove
2026-07-28 06:21:47,844 [inflora.py] => [InfLoRA] Layer 4: 15/768 type remove
2026-07-28 06:21:47,844 [inflora.py] => [InfLoRA] Layer 5: 21/768 type remove
2026-07-28 06:21:47,844 [inflora.py] => [InfLoRA] Layer 6: 28/768 type remove
2026-07-28 06:21:47,844 [inflora.py] => [InfLoRA] Layer 7: 36/768 type remove
2026-07-28 06:21:47,844 [inflora.py] => [InfLoRA] Layer 8: 42/768 type remove
2026-07-28 06:21:47,844 [inflora.py] => [InfLoRA] Layer 9: 71/768 type remove
2026-07-28 06:21:47,844 [inflora.py] => [InfLoRA] Layer 10: 49/768 type remove
2026-07-28 06:21:47,844 [inflora.py] => [InfLoRA] Layer 11: 34/768 type remove
2026-07-28 06:21:47,844 [inflora.py] => [InfLoRA] Layer 12: 99/768 type remove
2026-07-28 06:22:53,539 [inflora.py] => [InfLoRA] DualGPM threshold: 0.9750
2026-07-28 06:22:54,922 [inflora.py] => [InfLoRA] Layer 1: 11/768 type remove
2026-07-28 06:22:54,922 [inflora.py] => [InfLoRA] Layer 2: 12/768 type remove
2026-07-28 06:22:54,922 [inflora.py] => [InfLoRA] Layer 3: 17/768 type remove
2026-07-28 06:22:54,922 [inflora.py] => [InfLoRA] Layer 4: 16/768 type remove
2026-07-28 06:22:54,922 [inflora.py] => [InfLoRA] Layer 5: 23/768 type remove
2026-07-28 06:22:54,922 [inflora.py] => [InfLoRA] Layer 6: 31/768 type remove
2026-07-28 06:22:54,922 [inflora.py] => [InfLoRA] Layer 7: 39/768 type remove
2026-07-28 06:22:54,922 [inflora.py] => [InfLoRA] Layer 8: 47/768 type remove
2026-07-28 06:22:54,922 [inflora.py] => [InfLoRA] Layer 9: 80/768 type remove
2026-07-28 06:22:54,922 [inflora.py] => [InfLoRA] Layer 10: 58/768 type remove
2026-07-28 06:22:54,922 [inflora.py] => [InfLoRA] Layer 11: 38/768 type remove
2026-07-28 06:22:54,922 [inflora.py] => [InfLoRA] Layer 12: 102/768 type remove
2026-07-28 06:23:00,450 [bounded_memory_mixin.py] => [bounded_mem eval] volume 0.20 | cycle 13 | classes_seen 40 | CIL top1 66.45 | top5 82.94 | (nearest latent task ~3) | param_hash db0d27996e4b680d | per-task [62.35, 63.4, 63.56, 75.14]
2026-07-28 06:24:05,407 [inflora.py] => [InfLoRA] DualGPM threshold: 0.9750
2026-07-28 06:24:06,782 [inflora.py] => [InfLoRA] Layer 1: 11/768 type remove
2026-07-28 06:24:06,782 [inflora.py] => [InfLoRA] Layer 2: 13/768 type remove
2026-07-28 06:24:06,782 [inflora.py] => [InfLoRA] Layer 3: 17/768 type remove
2026-07-28 06:24:06,782 [inflora.py] => [InfLoRA] Layer 4: 16/768 type remove
2026-07-28 06:24:06,782 [inflora.py] => [InfLoRA] Layer 5: 24/768 type remove
2026-07-28 06:24:06,782 [inflora.py] => [InfLoRA] Layer 6: 32/768 type remove
2026-07-28 06:24:06,782 [inflora.py] => [InfLoRA] Layer 7: 41/768 type remove
2026-07-28 06:24:06,782 [inflora.py] => [InfLoRA] Layer 8: 50/768 type remove
2026-07-28 06:24:06,782 [inflora.py] => [InfLoRA] Layer 9: 86/768 type remove
2026-07-28 06:24:06,782 [inflora.py] => [InfLoRA] Layer 10: 67/768 type remove
2026-07-28 06:24:06,782 [inflora.py] => [InfLoRA] Layer 11: 41/768 type remove
2026-07-28 06:24:06,782 [inflora.py] => [InfLoRA] Layer 12: 111/768 type remove
2026-07-28 06:25:12,150 [inflora.py] => [InfLoRA] DualGPM threshold: 0.9750
2026-07-28 06:25:13,533 [inflora.py] => [InfLoRA] Layer 1: 12/768 type remove
2026-07-28 06:25:13,533 [inflora.py] => [InfLoRA] Layer 2: 14/768 type remove
2026-07-28 06:25:13,533 [inflora.py] => [InfLoRA] Layer 3: 18/768 type remove
2026-07-28 06:25:13,533 [inflora.py] => [InfLoRA] Layer 4: 17/768 type remove
2026-07-28 06:25:13,533 [inflora.py] => [InfLoRA] Layer 5: 26/768 type remove
2026-07-28 06:25:13,533 [inflora.py] => [InfLoRA] Layer 6: 34/768 type remove
2026-07-28 06:25:13,533 [inflora.py] => [InfLoRA] Layer 7: 43/768 type remove
2026-07-28 06:25:13,533 [inflora.py] => [InfLoRA] Layer 8: 53/768 type remove
2026-07-28 06:25:13,533 [inflora.py] => [InfLoRA] Layer 9: 93/768 type remove
2026-07-28 06:25:13,533 [inflora.py] => [InfLoRA] Layer 10: 75/768 type remove
2026-07-28 06:25:13,534 [inflora.py] => [InfLoRA] Layer 11: 44/768 type remove
2026-07-28 06:25:13,534 [inflora.py] => [InfLoRA] Layer 12: 116/768 type remove
2026-07-28 06:26:18,697 [inflora.py] => [InfLoRA] DualGPM threshold: 0.9750
2026-07-28 06:26:20,085 [inflora.py] => [InfLoRA] Layer 1: 12/768 type remove
2026-07-28 06:26:20,085 [inflora.py] => [InfLoRA] Layer 2: 14/768 type remove
2026-07-28 06:26:20,085 [inflora.py] => [InfLoRA] Layer 3: 18/768 type remove
2026-07-28 06:26:20,085 [inflora.py] => [InfLoRA] Layer 4: 17/768 type remove
2026-07-28 06:26:20,085 [inflora.py] => [InfLoRA] Layer 5: 26/768 type remove
2026-07-28 06:26:20,085 [inflora.py] => [InfLoRA] Layer 6: 35/768 type remove
2026-07-28 06:26:20,085 [inflora.py] => [InfLoRA] Layer 7: 44/768 type remove
2026-07-28 06:26:20,085 [inflora.py] => [InfLoRA] Layer 8: 55/768 type remove
2026-07-28 06:26:20,085 [inflora.py] => [InfLoRA] Layer 9: 97/768 type remove
2026-07-28 06:26:20,086 [inflora.py] => [InfLoRA] Layer 10: 81/768 type remove
2026-07-28 06:26:20,086 [inflora.py] => [InfLoRA] Layer 11: 47/768 type remove
2026-07-28 06:26:20,086 [inflora.py] => [InfLoRA] Layer 12: 119/768 type remove
2026-07-28 06:27:25,241 [inflora.py] => [InfLoRA] DualGPM threshold: 0.9750
2026-07-28 06:27:26,646 [inflora.py] => [InfLoRA] Layer 1: 12/768 type remove
2026-07-28 06:27:26,646 [inflora.py] => [InfLoRA] Layer 2: 14/768 type remove
2026-07-28 06:27:26,646 [inflora.py] => [InfLoRA] Layer 3: 18/768 type remove
2026-07-28 06:27:26,646 [inflora.py] => [InfLoRA] Layer 4: 17/768 type remove
2026-07-28 06:27:26,646 [inflora.py] => [InfLoRA] Layer 5: 26/768 type remove
2026-07-28 06:27:26,646 [inflora.py] => [InfLoRA] Layer 6: 35/768 type remove
2026-07-28 06:27:26,646 [inflora.py] => [InfLoRA] Layer 7: 44/768 type remove
2026-07-28 06:27:26,647 [inflora.py] => [InfLoRA] Layer 8: 56/768 type remove
2026-07-28 06:27:26,647 [inflora.py] => [InfLoRA] Layer 9: 100/768 type remove
2026-07-28 06:27:26,647 [inflora.py] => [InfLoRA] Layer 10: 85/768 type remove
2026-07-28 06:27:26,647 [inflora.py] => [InfLoRA] Layer 11: 49/768 type remove
2026-07-28 06:27:26,647 [inflora.py] => [InfLoRA] Layer 12: 122/768 type remove
2026-07-28 06:27:33,806 [bounded_memory_mixin.py] => [bounded_mem eval] volume 0.25 | cycle 17 | classes_seen 57 | CIL top1 62.20 | top5 78.42 | (nearest latent task ~5) | param_hash 7a4178935389c783 | per-task [59.94, 62.75, 65.99, 69.36, 84.94, 10.0]
2026-07-28 06:28:39,114 [inflora.py] => [InfLoRA] DualGPM threshold: 0.9750
2026-07-28 06:28:40,524 [inflora.py] => [InfLoRA] Layer 1: 17/768 type remove
2026-07-28 06:28:40,524 [inflora.py] => [InfLoRA] Layer 2: 14/768 type remove
2026-07-28 06:28:40,524 [inflora.py] => [InfLoRA] Layer 3: 18/768 type remove
2026-07-28 06:28:40,524 [inflora.py] => [InfLoRA] Layer 4: 17/768 type remove
2026-07-28 06:28:40,524 [inflora.py] => [InfLoRA] Layer 5: 26/768 type remove
2026-07-28 06:28:40,524 [inflora.py] => [InfLoRA] Layer 6: 36/768 type remove
2026-07-28 06:28:40,524 [inflora.py] => [InfLoRA] Layer 7: 45/768 type remove
2026-07-28 06:28:40,524 [inflora.py] => [InfLoRA] Layer 8: 57/768 type remove
2026-07-28 06:28:40,524 [inflora.py] => [InfLoRA] Layer 9: 102/768 type remove
2026-07-28 06:28:40,524 [inflora.py] => [InfLoRA] Layer 10: 91/768 type remove
2026-07-28 06:28:40,524 [inflora.py] => [InfLoRA] Layer 11: 53/768 type remove
2026-07-28 06:28:40,524 [inflora.py] => [InfLoRA] Layer 12: 130/768 type remove
2026-07-28 06:29:45,659 [inflora.py] => [InfLoRA] DualGPM threshold: 0.9750
2026-07-28 06:29:47,066 [inflora.py] => [InfLoRA] Layer 1: 17/768 type remove
2026-07-28 06:29:47,067 [inflora.py] => [InfLoRA] Layer 2: 14/768 type remove
2026-07-28 06:29:47,067 [inflora.py] => [InfLoRA] Layer 3: 18/768 type remove
2026-07-28 06:29:47,067 [inflora.py] => [InfLoRA] Layer 4: 17/768 type remove
2026-07-28 06:29:47,067 [inflora.py] => [InfLoRA] Layer 5: 26/768 type remove
2026-07-28 06:29:47,067 [inflora.py] => [InfLoRA] Layer 6: 36/768 type remove
2026-07-28 06:29:47,067 [inflora.py] => [InfLoRA] Layer 7: 45/768 type remove
2026-07-28 06:29:47,067 [inflora.py] => [InfLoRA] Layer 8: 58/768 type remove
2026-07-28 06:29:47,067 [inflora.py] => [InfLoRA] Layer 9: 104/768 type remove
2026-07-28 06:29:47,067 [inflora.py] => [InfLoRA] Layer 10: 95/768 type remove
2026-07-28 06:29:47,067 [inflora.py] => [InfLoRA] Layer 11: 56/768 type remove
2026-07-28 06:29:47,067 [inflora.py] => [InfLoRA] Layer 12: 133/768 type remove
2026-07-28 06:30:52,317 [inflora.py] => [InfLoRA] DualGPM threshold: 0.9750
2026-07-28 06:30:53,751 [inflora.py] => [InfLoRA] Layer 1: 17/768 type remove
2026-07-28 06:30:53,751 [inflora.py] => [InfLoRA] Layer 2: 14/768 type remove
2026-07-28 06:30:53,751 [inflora.py] => [InfLoRA] Layer 3: 18/768 type remove
2026-07-28 06:30:53,751 [inflora.py] => [InfLoRA] Layer 4: 17/768 type remove
2026-07-28 06:30:53,751 [inflora.py] => [InfLoRA] Layer 5: 26/768 type remove
2026-07-28 06:30:53,751 [inflora.py] => [InfLoRA] Layer 6: 36/768 type remove
2026-07-28 06:30:53,751 [inflora.py] => [InfLoRA] Layer 7: 45/768 type remove
2026-07-28 06:30:53,751 [inflora.py] => [InfLoRA] Layer 8: 59/768 type remove
2026-07-28 06:30:53,751 [inflora.py] => [InfLoRA] Layer 9: 105/768 type remove
2026-07-28 06:30:53,751 [inflora.py] => [InfLoRA] Layer 10: 98/768 type remove
2026-07-28 06:30:53,751 [inflora.py] => [InfLoRA] Layer 11: 59/768 type remove
2026-07-28 06:30:53,751 [inflora.py] => [InfLoRA] Layer 12: 136/768 type remove
2026-07-28 06:31:02,129 [bounded_memory_mixin.py] => [bounded_mem eval] volume 0.30 | cycle 20 | classes_seen 70 | CIL top1 60.37 | top5 78.55 | (nearest latent task ~6) | param_hash 251ac87e8491aedb | per-task [58.43, 63.07, 64.37, 69.94, 84.29, 69.67, 17.27]
2026-07-28 06:32:07,470 [inflora.py] => [InfLoRA] DualGPM threshold: 0.9750
2026-07-28 06:32:08,885 [inflora.py] => [InfLoRA] Layer 1: 17/768 type remove
2026-07-28 06:32:08,885 [inflora.py] => [InfLoRA] Layer 2: 14/768 type remove
2026-07-28 06:32:08,885 [inflora.py] => [InfLoRA] Layer 3: 18/768 type remove
2026-07-28 06:32:08,885 [inflora.py] => [InfLoRA] Layer 4: 17/768 type remove
2026-07-28 06:32:08,886 [inflora.py] => [InfLoRA] Layer 5: 26/768 type remove
2026-07-28 06:32:08,886 [inflora.py] => [InfLoRA] Layer 6: 37/768 type remove
2026-07-28 06:32:08,886 [inflora.py] => [InfLoRA] Layer 7: 46/768 type remove
2026-07-28 06:32:08,886 [inflora.py] => [InfLoRA] Layer 8: 59/768 type remove
2026-07-28 06:32:08,886 [inflora.py] => [InfLoRA] Layer 9: 106/768 type remove
2026-07-28 06:32:08,886 [inflora.py] => [InfLoRA] Layer 10: 100/768 type remove
2026-07-28 06:32:08,886 [inflora.py] => [InfLoRA] Layer 11: 62/768 type remove
2026-07-28 06:32:08,886 [inflora.py] => [InfLoRA] Layer 12: 143/768 type remove
2026-07-28 06:33:13,662 [inflora.py] => [InfLoRA] DualGPM threshold: 0.9750
2026-07-28 06:33:15,076 [inflora.py] => [InfLoRA] Layer 1: 17/768 type remove
2026-07-28 06:33:15,076 [inflora.py] => [InfLoRA] Layer 2: 14/768 type remove
2026-07-28 06:33:15,076 [inflora.py] => [InfLoRA] Layer 3: 18/768 type remove
2026-07-28 06:33:15,076 [inflora.py] => [InfLoRA] Layer 4: 17/768 type remove
2026-07-28 06:33:15,076 [inflora.py] => [InfLoRA] Layer 5: 27/768 type remove
2026-07-28 06:33:15,076 [inflora.py] => [InfLoRA] Layer 6: 37/768 type remove
2026-07-28 06:33:15,076 [inflora.py] => [InfLoRA] Layer 7: 47/768 type remove
2026-07-28 06:33:15,076 [inflora.py] => [InfLoRA] Layer 8: 60/768 type remove
2026-07-28 06:33:15,077 [inflora.py] => [InfLoRA] Layer 9: 108/768 type remove
2026-07-28 06:33:15,077 [inflora.py] => [InfLoRA] Layer 10: 105/768 type remove
2026-07-28 06:33:15,077 [inflora.py] => [InfLoRA] Layer 11: 65/768 type remove
2026-07-28 06:33:15,077 [inflora.py] => [InfLoRA] Layer 12: 145/768 type remove
2026-07-28 06:34:20,634 [inflora.py] => [InfLoRA] DualGPM threshold: 0.9750
2026-07-28 06:34:22,050 [inflora.py] => [InfLoRA] Layer 1: 17/768 type remove
2026-07-28 06:34:22,050 [inflora.py] => [InfLoRA] Layer 2: 14/768 type remove
2026-07-28 06:34:22,050 [inflora.py] => [InfLoRA] Layer 3: 18/768 type remove
2026-07-28 06:34:22,050 [inflora.py] => [InfLoRA] Layer 4: 18/768 type remove
2026-07-28 06:34:22,050 [inflora.py] => [InfLoRA] Layer 5: 27/768 type remove
2026-07-28 06:34:22,050 [inflora.py] => [InfLoRA] Layer 6: 38/768 type remove
2026-07-28 06:34:22,050 [inflora.py] => [InfLoRA] Layer 7: 48/768 type remove
2026-07-28 06:34:22,050 [inflora.py] => [InfLoRA] Layer 8: 62/768 type remove
2026-07-28 06:34:22,050 [inflora.py] => [InfLoRA] Layer 9: 111/768 type remove
2026-07-28 06:34:22,050 [inflora.py] => [InfLoRA] Layer 10: 114/768 type remove
2026-07-28 06:34:22,050 [inflora.py] => [InfLoRA] Layer 11: 70/768 type remove
2026-07-28 06:34:22,050 [inflora.py] => [InfLoRA] Layer 12: 147/768 type remove
2026-07-28 06:35:28,525 [inflora.py] => [InfLoRA] DualGPM threshold: 0.9750
2026-07-28 06:35:29,954 [inflora.py] => [InfLoRA] Layer 1: 17/768 type remove
2026-07-28 06:35:29,954 [inflora.py] => [InfLoRA] Layer 2: 14/768 type remove
2026-07-28 06:35:29,954 [inflora.py] => [InfLoRA] Layer 3: 18/768 type remove
2026-07-28 06:35:29,954 [inflora.py] => [InfLoRA] Layer 4: 18/768 type remove
2026-07-28 06:35:29,954 [inflora.py] => [InfLoRA] Layer 5: 27/768 type remove
2026-07-28 06:35:29,954 [inflora.py] => [InfLoRA] Layer 6: 38/768 type remove
2026-07-28 06:35:29,954 [inflora.py] => [InfLoRA] Layer 7: 48/768 type remove
2026-07-28 06:35:29,955 [inflora.py] => [InfLoRA] Layer 8: 62/768 type remove
2026-07-28 06:35:29,955 [inflora.py] => [InfLoRA] Layer 9: 112/768 type remove
2026-07-28 06:35:29,955 [inflora.py] => [InfLoRA] Layer 10: 115/768 type remove
2026-07-28 06:35:29,955 [inflora.py] => [InfLoRA] Layer 11: 71/768 type remove
2026-07-28 06:35:29,955 [inflora.py] => [InfLoRA] Layer 12: 149/768 type remove
2026-07-28 06:35:39,120 [bounded_memory_mixin.py] => [bounded_mem eval] volume 0.35 | cycle 24 | classes_seen 80 | CIL top1 61.89 | top5 80.37 | (nearest latent task ~7) | param_hash 461445fb96dce143 | per-task [50.0, 55.88, 59.92, 65.61, 79.49, 65.16, 71.82, 42.62]
2026-07-28 06:36:45,014 [inflora.py] => [InfLoRA] DualGPM threshold: 0.9750
2026-07-28 06:36:46,434 [inflora.py] => [InfLoRA] Layer 1: 17/768 type remove
2026-07-28 06:36:46,434 [inflora.py] => [InfLoRA] Layer 2: 14/768 type remove
2026-07-28 06:36:46,434 [inflora.py] => [InfLoRA] Layer 3: 18/768 type remove
2026-07-28 06:36:46,435 [inflora.py] => [InfLoRA] Layer 4: 18/768 type remove
2026-07-28 06:36:46,435 [inflora.py] => [InfLoRA] Layer 5: 27/768 type remove
2026-07-28 06:36:46,435 [inflora.py] => [InfLoRA] Layer 6: 38/768 type remove
2026-07-28 06:36:46,435 [inflora.py] => [InfLoRA] Layer 7: 49/768 type remove
2026-07-28 06:36:46,435 [inflora.py] => [InfLoRA] Layer 8: 63/768 type remove
2026-07-28 06:36:46,435 [inflora.py] => [InfLoRA] Layer 9: 114/768 type remove
2026-07-28 06:36:46,435 [inflora.py] => [InfLoRA] Layer 10: 118/768 type remove
2026-07-28 06:36:46,435 [inflora.py] => [InfLoRA] Layer 11: 74/768 type remove
2026-07-28 06:36:46,435 [inflora.py] => [InfLoRA] Layer 12: 152/768 type remove
2026-07-28 06:37:52,764 [inflora.py] => [InfLoRA] DualGPM threshold: 0.9750
2026-07-28 06:37:54,188 [inflora.py] => [InfLoRA] Layer 1: 17/768 type remove
2026-07-28 06:37:54,188 [inflora.py] => [InfLoRA] Layer 2: 14/768 type remove
2026-07-28 06:37:54,188 [inflora.py] => [InfLoRA] Layer 3: 18/768 type remove
2026-07-28 06:37:54,188 [inflora.py] => [InfLoRA] Layer 4: 18/768 type remove
2026-07-28 06:37:54,188 [inflora.py] => [InfLoRA] Layer 5: 27/768 type remove
2026-07-28 06:37:54,188 [inflora.py] => [InfLoRA] Layer 6: 38/768 type remove
2026-07-28 06:37:54,189 [inflora.py] => [InfLoRA] Layer 7: 49/768 type remove
2026-07-28 06:37:54,189 [inflora.py] => [InfLoRA] Layer 8: 63/768 type remove
2026-07-28 06:37:54,189 [inflora.py] => [InfLoRA] Layer 9: 114/768 type remove
2026-07-28 06:37:54,189 [inflora.py] => [InfLoRA] Layer 10: 119/768 type remove
2026-07-28 06:37:54,189 [inflora.py] => [InfLoRA] Layer 11: 75/768 type remove
2026-07-28 06:37:54,189 [inflora.py] => [InfLoRA] Layer 12: 153/768 type remove
2026-07-28 06:38:59,745 [inflora.py] => [InfLoRA] DualGPM threshold: 0.9750
2026-07-28 06:39:01,166 [inflora.py] => [InfLoRA] Layer 1: 17/768 type remove
2026-07-28 06:39:01,167 [inflora.py] => [InfLoRA] Layer 2: 14/768 type remove
2026-07-28 06:39:01,167 [inflora.py] => [InfLoRA] Layer 3: 18/768 type remove
2026-07-28 06:39:01,167 [inflora.py] => [InfLoRA] Layer 4: 18/768 type remove
2026-07-28 06:39:01,167 [inflora.py] => [InfLoRA] Layer 5: 28/768 type remove
2026-07-28 06:39:01,167 [inflora.py] => [InfLoRA] Layer 6: 39/768 type remove
2026-07-28 06:39:01,167 [inflora.py] => [InfLoRA] Layer 7: 50/768 type remove
2026-07-28 06:39:01,167 [inflora.py] => [InfLoRA] Layer 8: 64/768 type remove
2026-07-28 06:39:01,167 [inflora.py] => [InfLoRA] Layer 9: 115/768 type remove
2026-07-28 06:39:01,167 [inflora.py] => [InfLoRA] Layer 10: 120/768 type remove
2026-07-28 06:39:01,167 [inflora.py] => [InfLoRA] Layer 11: 76/768 type remove
2026-07-28 06:39:01,167 [inflora.py] => [InfLoRA] Layer 12: 156/768 type remove
2026-07-28 06:39:11,348 [bounded_memory_mixin.py] => [bounded_mem eval] volume 0.40 | cycle 27 | classes_seen 90 | CIL top1 64.01 | top5 81.74 | (nearest latent task ~8) | param_hash bccb2f6c5dd3583a | per-task [50.9, 57.52, 59.11, 69.94, 80.45, 64.75, 73.03, 70.46, 49.67]
2026-07-28 06:40:16,648 [inflora.py] => [InfLoRA] DualGPM threshold: 0.9750
2026-07-28 06:40:18,064 [inflora.py] => [InfLoRA] Layer 1: 17/768 type remove
2026-07-28 06:40:18,064 [inflora.py] => [InfLoRA] Layer 2: 14/768 type remove
2026-07-28 06:40:18,064 [inflora.py] => [InfLoRA] Layer 3: 18/768 type remove
2026-07-28 06:40:18,064 [inflora.py] => [InfLoRA] Layer 4: 18/768 type remove
2026-07-28 06:40:18,064 [inflora.py] => [InfLoRA] Layer 5: 28/768 type remove
2026-07-28 06:40:18,064 [inflora.py] => [InfLoRA] Layer 6: 40/768 type remove
2026-07-28 06:40:18,064 [inflora.py] => [InfLoRA] Layer 7: 51/768 type remove
2026-07-28 06:40:18,064 [inflora.py] => [InfLoRA] Layer 8: 65/768 type remove
2026-07-28 06:40:18,064 [inflora.py] => [InfLoRA] Layer 9: 117/768 type remove
2026-07-28 06:40:18,064 [inflora.py] => [InfLoRA] Layer 10: 122/768 type remove
2026-07-28 06:40:18,064 [inflora.py] => [InfLoRA] Layer 11: 79/768 type remove
2026-07-28 06:40:18,064 [inflora.py] => [InfLoRA] Layer 12: 161/768 type remove
2026-07-28 06:41:23,584 [inflora.py] => [InfLoRA] DualGPM threshold: 0.9750
2026-07-28 06:41:25,012 [inflora.py] => [InfLoRA] Layer 1: 17/768 type remove
2026-07-28 06:41:25,012 [inflora.py] => [InfLoRA] Layer 2: 14/768 type remove
2026-07-28 06:41:25,012 [inflora.py] => [InfLoRA] Layer 3: 19/768 type remove
2026-07-28 06:41:25,012 [inflora.py] => [InfLoRA] Layer 4: 19/768 type remove
2026-07-28 06:41:25,012 [inflora.py] => [InfLoRA] Layer 5: 29/768 type remove
2026-07-28 06:41:25,012 [inflora.py] => [InfLoRA] Layer 6: 41/768 type remove
2026-07-28 06:41:25,012 [inflora.py] => [InfLoRA] Layer 7: 53/768 type remove
2026-07-28 06:41:25,012 [inflora.py] => [InfLoRA] Layer 8: 66/768 type remove
2026-07-28 06:41:25,012 [inflora.py] => [InfLoRA] Layer 9: 118/768 type remove
2026-07-28 06:41:25,012 [inflora.py] => [InfLoRA] Layer 10: 125/768 type remove
2026-07-28 06:41:25,012 [inflora.py] => [InfLoRA] Layer 11: 81/768 type remove
2026-07-28 06:41:25,012 [inflora.py] => [InfLoRA] Layer 12: 162/768 type remove
2026-07-28 06:42:30,165 [inflora.py] => [InfLoRA] DualGPM threshold: 0.9750
2026-07-28 06:42:31,586 [inflora.py] => [InfLoRA] Layer 1: 17/768 type remove
2026-07-28 06:42:31,586 [inflora.py] => [InfLoRA] Layer 2: 14/768 type remove
2026-07-28 06:42:31,586 [inflora.py] => [InfLoRA] Layer 3: 19/768 type remove
2026-07-28 06:42:31,586 [inflora.py] => [InfLoRA] Layer 4: 19/768 type remove
2026-07-28 06:42:31,586 [inflora.py] => [InfLoRA] Layer 5: 30/768 type remove
2026-07-28 06:42:31,586 [inflora.py] => [InfLoRA] Layer 6: 42/768 type remove
2026-07-28 06:42:31,586 [inflora.py] => [InfLoRA] Layer 7: 54/768 type remove
2026-07-28 06:42:31,586 [inflora.py] => [InfLoRA] Layer 8: 67/768 type remove
2026-07-28 06:42:31,586 [inflora.py] => [InfLoRA] Layer 9: 119/768 type remove
2026-07-28 06:42:31,586 [inflora.py] => [InfLoRA] Layer 10: 126/768 type remove
2026-07-28 06:42:31,586 [inflora.py] => [InfLoRA] Layer 11: 82/768 type remove
2026-07-28 06:42:31,586 [inflora.py] => [InfLoRA] Layer 12: 162/768 type remove
2026-07-28 06:43:37,165 [inflora.py] => [InfLoRA] DualGPM threshold: 0.9750
2026-07-28 06:43:38,586 [inflora.py] => [InfLoRA] Layer 1: 17/768 type remove
2026-07-28 06:43:38,586 [inflora.py] => [InfLoRA] Layer 2: 14/768 type remove
2026-07-28 06:43:38,586 [inflora.py] => [InfLoRA] Layer 3: 19/768 type remove
2026-07-28 06:43:38,586 [inflora.py] => [InfLoRA] Layer 4: 19/768 type remove
2026-07-28 06:43:38,586 [inflora.py] => [InfLoRA] Layer 5: 30/768 type remove
2026-07-28 06:43:38,586 [inflora.py] => [InfLoRA] Layer 6: 42/768 type remove
2026-07-28 06:43:38,586 [inflora.py] => [InfLoRA] Layer 7: 54/768 type remove
2026-07-28 06:43:38,586 [inflora.py] => [InfLoRA] Layer 8: 67/768 type remove
2026-07-28 06:43:38,586 [inflora.py] => [InfLoRA] Layer 9: 119/768 type remove
2026-07-28 06:43:38,586 [inflora.py] => [InfLoRA] Layer 10: 127/768 type remove
2026-07-28 06:43:38,586 [inflora.py] => [InfLoRA] Layer 11: 83/768 type remove
2026-07-28 06:43:38,586 [inflora.py] => [InfLoRA] Layer 12: 165/768 type remove
2026-07-28 06:43:49,212 [bounded_memory_mixin.py] => [bounded_mem eval] volume 0.45 | cycle 31 | classes_seen 100 | CIL top1 63.30 | top5 79.93 | (nearest latent task ~9) | param_hash a7795a805c444da6 | per-task [48.8, 53.59, 57.89, 68.5, 80.13, 60.25, 67.27, 68.35, 83.44, 36.99]
2026-07-28 06:44:55,679 [inflora.py] => [InfLoRA] DualGPM threshold: 0.9750
2026-07-28 06:44:57,099 [inflora.py] => [InfLoRA] Layer 1: 17/768 type remove
2026-07-28 06:44:57,099 [inflora.py] => [InfLoRA] Layer 2: 14/768 type remove
2026-07-28 06:44:57,099 [inflora.py] => [InfLoRA] Layer 3: 19/768 type remove
2026-07-28 06:44:57,099 [inflora.py] => [InfLoRA] Layer 4: 19/768 type remove
2026-07-28 06:44:57,099 [inflora.py] => [InfLoRA] Layer 5: 30/768 type remove
2026-07-28 06:44:57,099 [inflora.py] => [InfLoRA] Layer 6: 42/768 type remove
2026-07-28 06:44:57,099 [inflora.py] => [InfLoRA] Layer 7: 54/768 type remove
2026-07-28 06:44:57,099 [inflora.py] => [InfLoRA] Layer 8: 68/768 type remove
2026-07-28 06:44:57,099 [inflora.py] => [InfLoRA] Layer 9: 120/768 type remove
2026-07-28 06:44:57,099 [inflora.py] => [InfLoRA] Layer 10: 127/768 type remove
2026-07-28 06:44:57,099 [inflora.py] => [InfLoRA] Layer 11: 83/768 type remove
2026-07-28 06:44:57,099 [inflora.py] => [InfLoRA] Layer 12: 166/768 type remove
2026-07-28 06:46:03,007 [inflora.py] => [InfLoRA] DualGPM threshold: 0.9750
2026-07-28 06:46:04,425 [inflora.py] => [InfLoRA] Layer 1: 17/768 type remove
2026-07-28 06:46:04,425 [inflora.py] => [InfLoRA] Layer 2: 14/768 type remove
2026-07-28 06:46:04,425 [inflora.py] => [InfLoRA] Layer 3: 19/768 type remove
2026-07-28 06:46:04,425 [inflora.py] => [InfLoRA] Layer 4: 19/768 type remove
2026-07-28 06:46:04,425 [inflora.py] => [InfLoRA] Layer 5: 30/768 type remove
2026-07-28 06:46:04,425 [inflora.py] => [InfLoRA] Layer 6: 42/768 type remove
2026-07-28 06:46:04,425 [inflora.py] => [InfLoRA] Layer 7: 55/768 type remove
2026-07-28 06:46:04,425 [inflora.py] => [InfLoRA] Layer 8: 68/768 type remove
2026-07-28 06:46:04,425 [inflora.py] => [InfLoRA] Layer 9: 121/768 type remove
2026-07-28 06:46:04,425 [inflora.py] => [InfLoRA] Layer 10: 128/768 type remove
2026-07-28 06:46:04,425 [inflora.py] => [InfLoRA] Layer 11: 83/768 type remove
2026-07-28 06:46:04,425 [inflora.py] => [InfLoRA] Layer 12: 167/768 type remove
2026-07-28 06:47:10,149 [inflora.py] => [InfLoRA] DualGPM threshold: 0.9750
2026-07-28 06:47:11,581 [inflora.py] => [InfLoRA] Layer 1: 17/768 type remove
2026-07-28 06:47:11,581 [inflora.py] => [InfLoRA] Layer 2: 14/768 type remove
2026-07-28 06:47:11,582 [inflora.py] => [InfLoRA] Layer 3: 19/768 type remove
2026-07-28 06:47:11,582 [inflora.py] => [InfLoRA] Layer 4: 19/768 type remove
2026-07-28 06:47:11,582 [inflora.py] => [InfLoRA] Layer 5: 31/768 type remove
2026-07-28 06:47:11,582 [inflora.py] => [InfLoRA] Layer 6: 43/768 type remove
2026-07-28 06:47:11,582 [inflora.py] => [InfLoRA] Layer 7: 56/768 type remove
2026-07-28 06:47:11,582 [inflora.py] => [InfLoRA] Layer 8: 69/768 type remove
2026-07-28 06:47:11,582 [inflora.py] => [InfLoRA] Layer 9: 123/768 type remove
2026-07-28 06:47:11,582 [inflora.py] => [InfLoRA] Layer 10: 130/768 type remove
2026-07-28 06:47:11,582 [inflora.py] => [InfLoRA] Layer 11: 85/768 type remove
2026-07-28 06:47:11,582 [inflora.py] => [InfLoRA] Layer 12: 171/768 type remove
2026-07-28 06:47:22,960 [bounded_memory_mixin.py] => [bounded_mem eval] volume 0.50 | cycle 34 | classes_seen 110 | CIL top1 66.49 | top5 82.81 | (nearest latent task ~10) | param_hash d45f99a04f46e86b | per-task [49.7, 55.88, 60.32, 68.21, 80.45, 64.34, 69.09, 68.35, 84.44, 64.38, 65.06]
2026-07-28 06:48:28,903 [inflora.py] => [InfLoRA] DualGPM threshold: 0.9750
2026-07-28 06:48:30,345 [inflora.py] => [InfLoRA] Layer 1: 17/768 type remove
2026-07-28 06:48:30,345 [inflora.py] => [InfLoRA] Layer 2: 14/768 type remove
2026-07-28 06:48:30,345 [inflora.py] => [InfLoRA] Layer 3: 19/768 type remove
2026-07-28 06:48:30,345 [inflora.py] => [InfLoRA] Layer 4: 20/768 type remove
2026-07-28 06:48:30,345 [inflora.py] => [InfLoRA] Layer 5: 31/768 type remove
2026-07-28 06:48:30,345 [inflora.py] => [InfLoRA] Layer 6: 43/768 type remove
2026-07-28 06:48:30,345 [inflora.py] => [InfLoRA] Layer 7: 57/768 type remove
2026-07-28 06:48:30,345 [inflora.py] => [InfLoRA] Layer 8: 70/768 type remove
2026-07-28 06:48:30,345 [inflora.py] => [InfLoRA] Layer 9: 124/768 type remove
2026-07-28 06:48:30,345 [inflora.py] => [InfLoRA] Layer 10: 130/768 type remove
2026-07-28 06:48:30,345 [inflora.py] => [InfLoRA] Layer 11: 85/768 type remove
2026-07-28 06:48:30,345 [inflora.py] => [InfLoRA] Layer 12: 171/768 type remove
2026-07-28 06:49:35,983 [inflora.py] => [InfLoRA] DualGPM threshold: 0.9750
2026-07-28 06:49:37,426 [inflora.py] => [InfLoRA] Layer 1: 17/768 type remove
2026-07-28 06:49:37,426 [inflora.py] => [InfLoRA] Layer 2: 14/768 type remove
2026-07-28 06:49:37,426 [inflora.py] => [InfLoRA] Layer 3: 19/768 type remove
2026-07-28 06:49:37,426 [inflora.py] => [InfLoRA] Layer 4: 20/768 type remove
2026-07-28 06:49:37,426 [inflora.py] => [InfLoRA] Layer 5: 31/768 type remove
2026-07-28 06:49:37,426 [inflora.py] => [InfLoRA] Layer 6: 44/768 type remove
2026-07-28 06:49:37,426 [inflora.py] => [InfLoRA] Layer 7: 57/768 type remove
2026-07-28 06:49:37,426 [inflora.py] => [InfLoRA] Layer 8: 70/768 type remove
2026-07-28 06:49:37,426 [inflora.py] => [InfLoRA] Layer 9: 125/768 type remove
2026-07-28 06:49:37,426 [inflora.py] => [InfLoRA] Layer 10: 130/768 type remove
2026-07-28 06:49:37,426 [inflora.py] => [InfLoRA] Layer 11: 85/768 type remove
2026-07-28 06:49:37,426 [inflora.py] => [InfLoRA] Layer 12: 172/768 type remove
2026-07-28 06:50:43,155 [inflora.py] => [InfLoRA] DualGPM threshold: 0.9750
2026-07-28 06:50:44,599 [inflora.py] => [InfLoRA] Layer 1: 17/768 type remove
2026-07-28 06:50:44,599 [inflora.py] => [InfLoRA] Layer 2: 14/768 type remove
2026-07-28 06:50:44,599 [inflora.py] => [InfLoRA] Layer 3: 19/768 type remove
2026-07-28 06:50:44,599 [inflora.py] => [InfLoRA] Layer 4: 20/768 type remove
2026-07-28 06:50:44,599 [inflora.py] => [InfLoRA] Layer 5: 32/768 type remove
2026-07-28 06:50:44,599 [inflora.py] => [InfLoRA] Layer 6: 44/768 type remove
2026-07-28 06:50:44,599 [inflora.py] => [InfLoRA] Layer 7: 58/768 type remove
2026-07-28 06:50:44,600 [inflora.py] => [InfLoRA] Layer 8: 71/768 type remove
2026-07-28 06:50:44,600 [inflora.py] => [InfLoRA] Layer 9: 127/768 type remove
2026-07-28 06:50:44,600 [inflora.py] => [InfLoRA] Layer 10: 131/768 type remove
2026-07-28 06:50:44,600 [inflora.py] => [InfLoRA] Layer 11: 86/768 type remove
2026-07-28 06:50:44,600 [inflora.py] => [InfLoRA] Layer 12: 175/768 type remove
2026-07-28 06:51:51,294 [inflora.py] => [InfLoRA] DualGPM threshold: 0.9750
2026-07-28 06:51:52,724 [inflora.py] => [InfLoRA] Layer 1: 17/768 type remove
2026-07-28 06:51:52,724 [inflora.py] => [InfLoRA] Layer 2: 14/768 type remove
2026-07-28 06:51:52,724 [inflora.py] => [InfLoRA] Layer 3: 19/768 type remove
2026-07-28 06:51:52,724 [inflora.py] => [InfLoRA] Layer 4: 21/768 type remove
2026-07-28 06:51:52,724 [inflora.py] => [InfLoRA] Layer 5: 33/768 type remove
2026-07-28 06:51:52,724 [inflora.py] => [InfLoRA] Layer 6: 45/768 type remove
2026-07-28 06:51:52,724 [inflora.py] => [InfLoRA] Layer 7: 59/768 type remove
2026-07-28 06:51:52,724 [inflora.py] => [InfLoRA] Layer 8: 73/768 type remove
2026-07-28 06:51:52,724 [inflora.py] => [InfLoRA] Layer 9: 130/768 type remove
2026-07-28 06:51:52,725 [inflora.py] => [InfLoRA] Layer 10: 134/768 type remove
2026-07-28 06:51:52,725 [inflora.py] => [InfLoRA] Layer 11: 87/768 type remove
2026-07-28 06:51:52,725 [inflora.py] => [InfLoRA] Layer 12: 177/768 type remove
2026-07-28 06:52:05,324 [bounded_memory_mixin.py] => [bounded_mem eval] volume 0.55 | cycle 38 | classes_seen 120 | CIL top1 65.17 | top5 82.06 | (nearest latent task ~11) | param_hash 9b9973ed435fe36d | per-task [48.49, 57.84, 60.32, 70.23, 81.73, 62.7, 70.3, 64.56, 83.77, 66.21, 63.05, 53.99]
2026-07-28 06:53:11,702 [inflora.py] => [InfLoRA] DualGPM threshold: 0.9750
2026-07-28 06:53:13,131 [inflora.py] => [InfLoRA] Layer 1: 17/768 type remove
2026-07-28 06:53:13,131 [inflora.py] => [InfLoRA] Layer 2: 14/768 type remove
2026-07-28 06:53:13,131 [inflora.py] => [InfLoRA] Layer 3: 19/768 type remove
2026-07-28 06:53:13,131 [inflora.py] => [InfLoRA] Layer 4: 21/768 type remove
2026-07-28 06:53:13,131 [inflora.py] => [InfLoRA] Layer 5: 33/768 type remove
2026-07-28 06:53:13,131 [inflora.py] => [InfLoRA] Layer 6: 45/768 type remove
2026-07-28 06:53:13,131 [inflora.py] => [InfLoRA] Layer 7: 60/768 type remove
2026-07-28 06:53:13,131 [inflora.py] => [InfLoRA] Layer 8: 73/768 type remove
2026-07-28 06:53:13,131 [inflora.py] => [InfLoRA] Layer 9: 130/768 type remove
2026-07-28 06:53:13,131 [inflora.py] => [InfLoRA] Layer 10: 134/768 type remove
2026-07-28 06:53:13,131 [inflora.py] => [InfLoRA] Layer 11: 87/768 type remove
2026-07-28 06:53:13,131 [inflora.py] => [InfLoRA] Layer 12: 177/768 type remove
2026-07-28 06:54:19,359 [inflora.py] => [InfLoRA] DualGPM threshold: 0.9750
2026-07-28 06:54:20,791 [inflora.py] => [InfLoRA] Layer 1: 17/768 type remove
2026-07-28 06:54:20,791 [inflora.py] => [InfLoRA] Layer 2: 14/768 type remove
2026-07-28 06:54:20,791 [inflora.py] => [InfLoRA] Layer 3: 20/768 type remove
2026-07-28 06:54:20,791 [inflora.py] => [InfLoRA] Layer 4: 21/768 type remove
2026-07-28 06:54:20,791 [inflora.py] => [InfLoRA] Layer 5: 34/768 type remove
2026-07-28 06:54:20,791 [inflora.py] => [InfLoRA] Layer 6: 46/768 type remove
2026-07-28 06:54:20,791 [inflora.py] => [InfLoRA] Layer 7: 61/768 type remove
2026-07-28 06:54:20,791 [inflora.py] => [InfLoRA] Layer 8: 74/768 type remove
2026-07-28 06:54:20,791 [inflora.py] => [InfLoRA] Layer 9: 131/768 type remove
2026-07-28 06:54:20,791 [inflora.py] => [InfLoRA] Layer 10: 135/768 type remove
2026-07-28 06:54:20,791 [inflora.py] => [InfLoRA] Layer 11: 87/768 type remove
2026-07-28 06:54:20,791 [inflora.py] => [InfLoRA] Layer 12: 178/768 type remove
2026-07-28 06:55:26,318 [inflora.py] => [InfLoRA] DualGPM threshold: 0.9750
2026-07-28 06:55:27,761 [inflora.py] => [InfLoRA] Layer 1: 17/768 type remove
2026-07-28 06:55:27,762 [inflora.py] => [InfLoRA] Layer 2: 14/768 type remove
2026-07-28 06:55:27,762 [inflora.py] => [InfLoRA] Layer 3: 20/768 type remove
2026-07-28 06:55:27,762 [inflora.py] => [InfLoRA] Layer 4: 22/768 type remove
2026-07-28 06:55:27,762 [inflora.py] => [InfLoRA] Layer 5: 35/768 type remove
2026-07-28 06:55:27,762 [inflora.py] => [InfLoRA] Layer 6: 48/768 type remove
2026-07-28 06:55:27,762 [inflora.py] => [InfLoRA] Layer 7: 62/768 type remove
2026-07-28 06:55:27,762 [inflora.py] => [InfLoRA] Layer 8: 75/768 type remove
2026-07-28 06:55:27,762 [inflora.py] => [InfLoRA] Layer 9: 132/768 type remove
2026-07-28 06:55:27,762 [inflora.py] => [InfLoRA] Layer 10: 136/768 type remove
2026-07-28 06:55:27,762 [inflora.py] => [InfLoRA] Layer 11: 88/768 type remove
2026-07-28 06:55:27,762 [inflora.py] => [InfLoRA] Layer 12: 181/768 type remove
2026-07-28 06:55:41,569 [bounded_memory_mixin.py] => [bounded_mem eval] volume 0.60 | cycle 41 | classes_seen 130 | CIL top1 62.11 | top5 80.22 | (nearest latent task ~12) | param_hash 2b59c98664773247 | per-task [48.19, 55.88, 58.3, 69.36, 81.09, 61.07, 69.09, 64.98, 82.12, 62.56, 63.05, 57.18, 40.05]
2026-07-28 06:56:47,233 [inflora.py] => [InfLoRA] DualGPM threshold: 0.9750
2026-07-28 06:56:48,677 [inflora.py] => [InfLoRA] Layer 1: 17/768 type remove
2026-07-28 06:56:48,677 [inflora.py] => [InfLoRA] Layer 2: 14/768 type remove
2026-07-28 06:56:48,677 [inflora.py] => [InfLoRA] Layer 3: 20/768 type remove
2026-07-28 06:56:48,677 [inflora.py] => [InfLoRA] Layer 4: 22/768 type remove
2026-07-28 06:56:48,677 [inflora.py] => [InfLoRA] Layer 5: 35/768 type remove
2026-07-28 06:56:48,677 [inflora.py] => [InfLoRA] Layer 6: 48/768 type remove
2026-07-28 06:56:48,677 [inflora.py] => [InfLoRA] Layer 7: 62/768 type remove
2026-07-28 06:56:48,677 [inflora.py] => [InfLoRA] Layer 8: 75/768 type remove
2026-07-28 06:56:48,677 [inflora.py] => [InfLoRA] Layer 9: 132/768 type remove
2026-07-28 06:56:48,677 [inflora.py] => [InfLoRA] Layer 10: 136/768 type remove
2026-07-28 06:56:48,677 [inflora.py] => [InfLoRA] Layer 11: 88/768 type remove
2026-07-28 06:56:48,677 [inflora.py] => [InfLoRA] Layer 12: 182/768 type remove
2026-07-28 06:57:54,725 [inflora.py] => [InfLoRA] DualGPM threshold: 0.9750
2026-07-28 06:57:56,174 [inflora.py] => [InfLoRA] Layer 1: 17/768 type remove
2026-07-28 06:57:56,174 [inflora.py] => [InfLoRA] Layer 2: 14/768 type remove
2026-07-28 06:57:56,174 [inflora.py] => [InfLoRA] Layer 3: 20/768 type remove
2026-07-28 06:57:56,174 [inflora.py] => [InfLoRA] Layer 4: 22/768 type remove
2026-07-28 06:57:56,174 [inflora.py] => [InfLoRA] Layer 5: 35/768 type remove
2026-07-28 06:57:56,174 [inflora.py] => [InfLoRA] Layer 6: 48/768 type remove
2026-07-28 06:57:56,174 [inflora.py] => [InfLoRA] Layer 7: 62/768 type remove
2026-07-28 06:57:56,174 [inflora.py] => [InfLoRA] Layer 8: 75/768 type remove
2026-07-28 06:57:56,174 [inflora.py] => [InfLoRA] Layer 9: 133/768 type remove
2026-07-28 06:57:56,174 [inflora.py] => [InfLoRA] Layer 10: 137/768 type remove
2026-07-28 06:57:56,174 [inflora.py] => [InfLoRA] Layer 11: 89/768 type remove
2026-07-28 06:57:56,174 [inflora.py] => [InfLoRA] Layer 12: 183/768 type remove
2026-07-28 06:59:02,831 [inflora.py] => [InfLoRA] DualGPM threshold: 0.9750
2026-07-28 06:59:04,277 [inflora.py] => [InfLoRA] Layer 1: 17/768 type remove
2026-07-28 06:59:04,277 [inflora.py] => [InfLoRA] Layer 2: 14/768 type remove
2026-07-28 06:59:04,277 [inflora.py] => [InfLoRA] Layer 3: 20/768 type remove
2026-07-28 06:59:04,277 [inflora.py] => [InfLoRA] Layer 4: 22/768 type remove
2026-07-28 06:59:04,277 [inflora.py] => [InfLoRA] Layer 5: 35/768 type remove
2026-07-28 06:59:04,278 [inflora.py] => [InfLoRA] Layer 6: 49/768 type remove
2026-07-28 06:59:04,278 [inflora.py] => [InfLoRA] Layer 7: 63/768 type remove
2026-07-28 06:59:04,278 [inflora.py] => [InfLoRA] Layer 8: 76/768 type remove
2026-07-28 06:59:04,278 [inflora.py] => [InfLoRA] Layer 9: 133/768 type remove
2026-07-28 06:59:04,278 [inflora.py] => [InfLoRA] Layer 10: 138/768 type remove
2026-07-28 06:59:04,278 [inflora.py] => [InfLoRA] Layer 11: 90/768 type remove
2026-07-28 06:59:04,278 [inflora.py] => [InfLoRA] Layer 12: 184/768 type remove
2026-07-28 06:59:18,041 [bounded_memory_mixin.py] => [bounded_mem eval] volume 0.65 | cycle 44 | classes_seen 130 | CIL top1 63.71 | top5 81.87 | (nearest latent task ~12) | param_hash 8be5f49c246ca56c | per-task [47.29, 55.23, 57.89, 68.21, 78.53, 59.02, 67.27, 64.98, 82.45, 62.56, 61.85, 55.85, 66.4]
2026-07-28 07:00:23,445 [inflora.py] => [InfLoRA] DualGPM threshold: 0.9750
2026-07-28 07:00:24,901 [inflora.py] => [InfLoRA] Layer 1: 17/768 type remove
2026-07-28 07:00:24,902 [inflora.py] => [InfLoRA] Layer 2: 14/768 type remove
2026-07-28 07:00:24,902 [inflora.py] => [InfLoRA] Layer 3: 20/768 type remove
2026-07-28 07:00:24,902 [inflora.py] => [InfLoRA] Layer 4: 22/768 type remove
2026-07-28 07:00:24,902 [inflora.py] => [InfLoRA] Layer 5: 35/768 type remove
2026-07-28 07:00:24,902 [inflora.py] => [InfLoRA] Layer 6: 49/768 type remove
2026-07-28 07:00:24,902 [inflora.py] => [InfLoRA] Layer 7: 63/768 type remove
2026-07-28 07:00:24,902 [inflora.py] => [InfLoRA] Layer 8: 76/768 type remove
2026-07-28 07:00:24,902 [inflora.py] => [InfLoRA] Layer 9: 133/768 type remove
2026-07-28 07:00:24,902 [inflora.py] => [InfLoRA] Layer 10: 139/768 type remove
2026-07-28 07:00:24,902 [inflora.py] => [InfLoRA] Layer 11: 91/768 type remove
2026-07-28 07:00:24,902 [inflora.py] => [InfLoRA] Layer 12: 185/768 type remove
2026-07-28 07:01:31,162 [inflora.py] => [InfLoRA] DualGPM threshold: 0.9750
2026-07-28 07:01:32,615 [inflora.py] => [InfLoRA] Layer 1: 17/768 type remove
2026-07-28 07:01:32,615 [inflora.py] => [InfLoRA] Layer 2: 14/768 type remove
2026-07-28 07:01:32,615 [inflora.py] => [InfLoRA] Layer 3: 20/768 type remove
2026-07-28 07:01:32,615 [inflora.py] => [InfLoRA] Layer 4: 22/768 type remove
2026-07-28 07:01:32,615 [inflora.py] => [InfLoRA] Layer 5: 35/768 type remove
2026-07-28 07:01:32,615 [inflora.py] => [InfLoRA] Layer 6: 50/768 type remove
2026-07-28 07:01:32,615 [inflora.py] => [InfLoRA] Layer 7: 64/768 type remove
2026-07-28 07:01:32,615 [inflora.py] => [InfLoRA] Layer 8: 77/768 type remove
2026-07-28 07:01:32,615 [inflora.py] => [InfLoRA] Layer 9: 134/768 type remove
2026-07-28 07:01:32,615 [inflora.py] => [InfLoRA] Layer 10: 140/768 type remove
2026-07-28 07:01:32,615 [inflora.py] => [InfLoRA] Layer 11: 92/768 type remove
2026-07-28 07:01:32,615 [inflora.py] => [InfLoRA] Layer 12: 186/768 type remove
2026-07-28 07:02:38,229 [inflora.py] => [InfLoRA] DualGPM threshold: 0.9750
2026-07-28 07:02:39,687 [inflora.py] => [InfLoRA] Layer 1: 17/768 type remove
2026-07-28 07:02:39,687 [inflora.py] => [InfLoRA] Layer 2: 14/768 type remove
2026-07-28 07:02:39,687 [inflora.py] => [InfLoRA] Layer 3: 20/768 type remove
2026-07-28 07:02:39,687 [inflora.py] => [InfLoRA] Layer 4: 22/768 type remove
2026-07-28 07:02:39,687 [inflora.py] => [InfLoRA] Layer 5: 36/768 type remove
2026-07-28 07:02:39,687 [inflora.py] => [InfLoRA] Layer 6: 50/768 type remove
2026-07-28 07:02:39,687 [inflora.py] => [InfLoRA] Layer 7: 64/768 type remove
2026-07-28 07:02:39,687 [inflora.py] => [InfLoRA] Layer 8: 77/768 type remove
2026-07-28 07:02:39,687 [inflora.py] => [InfLoRA] Layer 9: 135/768 type remove
2026-07-28 07:02:39,687 [inflora.py] => [InfLoRA] Layer 10: 141/768 type remove
2026-07-28 07:02:39,687 [inflora.py] => [InfLoRA] Layer 11: 93/768 type remove
2026-07-28 07:02:39,687 [inflora.py] => [InfLoRA] Layer 12: 188/768 type remove
2026-07-28 07:03:45,350 [inflora.py] => [InfLoRA] DualGPM threshold: 0.9750
2026-07-28 07:03:46,816 [inflora.py] => [InfLoRA] Layer 1: 17/768 type remove
2026-07-28 07:03:46,816 [inflora.py] => [InfLoRA] Layer 2: 14/768 type remove
2026-07-28 07:03:46,816 [inflora.py] => [InfLoRA] Layer 3: 20/768 type remove
2026-07-28 07:03:46,816 [inflora.py] => [InfLoRA] Layer 4: 22/768 type remove
2026-07-28 07:03:46,816 [inflora.py] => [InfLoRA] Layer 5: 36/768 type remove
2026-07-28 07:03:46,816 [inflora.py] => [InfLoRA] Layer 6: 50/768 type remove
2026-07-28 07:03:46,816 [inflora.py] => [InfLoRA] Layer 7: 65/768 type remove
2026-07-28 07:03:46,816 [inflora.py] => [InfLoRA] Layer 8: 78/768 type remove
2026-07-28 07:03:46,816 [inflora.py] => [InfLoRA] Layer 9: 137/768 type remove
2026-07-28 07:03:46,816 [inflora.py] => [InfLoRA] Layer 10: 143/768 type remove
2026-07-28 07:03:46,816 [inflora.py] => [InfLoRA] Layer 11: 95/768 type remove
2026-07-28 07:03:46,816 [inflora.py] => [InfLoRA] Layer 12: 189/768 type remove
2026-07-28 07:04:02,398 [bounded_memory_mixin.py] => [bounded_mem eval] volume 0.70 | cycle 48 | classes_seen 150 | CIL top1 60.78 | top5 80.30 | (nearest latent task ~14) | param_hash 72b5ed5d050b5073 | per-task [46.08, 54.9, 59.11, 67.34, 79.81, 57.38, 67.88, 65.4, 83.44, 61.19, 62.25, 55.05, 58.06, 61.68, 32.28]
2026-07-28 07:05:08,448 [inflora.py] => [InfLoRA] DualGPM threshold: 0.9750
2026-07-28 07:05:09,896 [inflora.py] => [InfLoRA] Layer 1: 17/768 type remove
2026-07-28 07:05:09,896 [inflora.py] => [InfLoRA] Layer 2: 14/768 type remove
2026-07-28 07:05:09,896 [inflora.py] => [InfLoRA] Layer 3: 20/768 type remove
2026-07-28 07:05:09,896 [inflora.py] => [InfLoRA] Layer 4: 22/768 type remove
2026-07-28 07:05:09,896 [inflora.py] => [InfLoRA] Layer 5: 36/768 type remove
2026-07-28 07:05:09,896 [inflora.py] => [InfLoRA] Layer 6: 50/768 type remove
2026-07-28 07:05:09,896 [inflora.py] => [InfLoRA] Layer 7: 65/768 type remove
2026-07-28 07:05:09,896 [inflora.py] => [InfLoRA] Layer 8: 78/768 type remove
2026-07-28 07:05:09,896 [inflora.py] => [InfLoRA] Layer 9: 137/768 type remove
2026-07-28 07:05:09,896 [inflora.py] => [InfLoRA] Layer 10: 144/768 type remove
2026-07-28 07:05:09,896 [inflora.py] => [InfLoRA] Layer 11: 96/768 type remove
2026-07-28 07:05:09,896 [inflora.py] => [InfLoRA] Layer 12: 190/768 type remove
2026-07-28 07:06:15,284 [inflora.py] => [InfLoRA] DualGPM threshold: 0.9750
2026-07-28 07:06:16,728 [inflora.py] => [InfLoRA] Layer 1: 17/768 type remove
2026-07-28 07:06:16,728 [inflora.py] => [InfLoRA] Layer 2: 14/768 type remove
2026-07-28 07:06:16,728 [inflora.py] => [InfLoRA] Layer 3: 20/768 type remove
2026-07-28 07:06:16,728 [inflora.py] => [InfLoRA] Layer 4: 22/768 type remove
2026-07-28 07:06:16,728 [inflora.py] => [InfLoRA] Layer 5: 36/768 type remove
2026-07-28 07:06:16,728 [inflora.py] => [InfLoRA] Layer 6: 50/768 type remove
2026-07-28 07:06:16,728 [inflora.py] => [InfLoRA] Layer 7: 65/768 type remove
2026-07-28 07:06:16,728 [inflora.py] => [InfLoRA] Layer 8: 79/768 type remove
2026-07-28 07:06:16,728 [inflora.py] => [InfLoRA] Layer 9: 138/768 type remove
2026-07-28 07:06:16,728 [inflora.py] => [InfLoRA] Layer 10: 145/768 type remove
2026-07-28 07:06:16,728 [inflora.py] => [InfLoRA] Layer 11: 97/768 type remove
2026-07-28 07:06:16,729 [inflora.py] => [InfLoRA] Layer 12: 191/768 type remove
2026-07-28 07:07:22,574 [inflora.py] => [InfLoRA] DualGPM threshold: 0.9750
2026-07-28 07:07:24,028 [inflora.py] => [InfLoRA] Layer 1: 17/768 type remove
2026-07-28 07:07:24,028 [inflora.py] => [InfLoRA] Layer 2: 14/768 type remove
2026-07-28 07:07:24,028 [inflora.py] => [InfLoRA] Layer 3: 20/768 type remove
2026-07-28 07:07:24,028 [inflora.py] => [InfLoRA] Layer 4: 23/768 type remove
2026-07-28 07:07:24,028 [inflora.py] => [InfLoRA] Layer 5: 36/768 type remove
2026-07-28 07:07:24,028 [inflora.py] => [InfLoRA] Layer 6: 51/768 type remove
2026-07-28 07:07:24,029 [inflora.py] => [InfLoRA] Layer 7: 66/768 type remove
2026-07-28 07:07:24,029 [inflora.py] => [InfLoRA] Layer 8: 80/768 type remove
2026-07-28 07:07:24,029 [inflora.py] => [InfLoRA] Layer 9: 139/768 type remove
2026-07-28 07:07:24,029 [inflora.py] => [InfLoRA] Layer 10: 147/768 type remove
2026-07-28 07:07:24,029 [inflora.py] => [InfLoRA] Layer 11: 98/768 type remove
2026-07-28 07:07:24,029 [inflora.py] => [InfLoRA] Layer 12: 192/768 type remove
2026-07-28 07:07:40,442 [bounded_memory_mixin.py] => [bounded_mem eval] volume 0.75 | cycle 51 | classes_seen 160 | CIL top1 60.51 | top5 79.16 | (nearest latent task ~15) | param_hash 1217b27e4f63098d | per-task [46.39, 52.94, 57.09, 69.36, 78.85, 58.61, 66.97, 67.51, 83.11, 63.01, 63.86, 55.32, 58.06, 59.12, 66.67, 18.39]
2026-07-28 07:08:45,851 [inflora.py] => [InfLoRA] DualGPM threshold: 0.9750
2026-07-28 07:08:47,294 [inflora.py] => [InfLoRA] Layer 1: 17/768 type remove
2026-07-28 07:08:47,294 [inflora.py] => [InfLoRA] Layer 2: 14/768 type remove
2026-07-28 07:08:47,294 [inflora.py] => [InfLoRA] Layer 3: 20/768 type remove
2026-07-28 07:08:47,294 [inflora.py] => [InfLoRA] Layer 4: 23/768 type remove
2026-07-28 07:08:47,294 [inflora.py] => [InfLoRA] Layer 5: 36/768 type remove
2026-07-28 07:08:47,294 [inflora.py] => [InfLoRA] Layer 6: 51/768 type remove
2026-07-28 07:08:47,294 [inflora.py] => [InfLoRA] Layer 7: 66/768 type remove
2026-07-28 07:08:47,294 [inflora.py] => [InfLoRA] Layer 8: 80/768 type remove
2026-07-28 07:08:47,294 [inflora.py] => [InfLoRA] Layer 9: 140/768 type remove
2026-07-28 07:08:47,294 [inflora.py] => [InfLoRA] Layer 10: 148/768 type remove
2026-07-28 07:08:47,294 [inflora.py] => [InfLoRA] Layer 11: 99/768 type remove
2026-07-28 07:08:47,294 [inflora.py] => [InfLoRA] Layer 12: 195/768 type remove
2026-07-28 07:09:53,966 [inflora.py] => [InfLoRA] DualGPM threshold: 0.9750
2026-07-28 07:09:55,418 [inflora.py] => [InfLoRA] Layer 1: 17/768 type remove
2026-07-28 07:09:55,418 [inflora.py] => [InfLoRA] Layer 2: 14/768 type remove
2026-07-28 07:09:55,418 [inflora.py] => [InfLoRA] Layer 3: 20/768 type remove
2026-07-28 07:09:55,418 [inflora.py] => [InfLoRA] Layer 4: 23/768 type remove
2026-07-28 07:09:55,418 [inflora.py] => [InfLoRA] Layer 5: 36/768 type remove
2026-07-28 07:09:55,418 [inflora.py] => [InfLoRA] Layer 6: 51/768 type remove
2026-07-28 07:09:55,418 [inflora.py] => [InfLoRA] Layer 7: 66/768 type remove
2026-07-28 07:09:55,418 [inflora.py] => [InfLoRA] Layer 8: 81/768 type remove
2026-07-28 07:09:55,418 [inflora.py] => [InfLoRA] Layer 9: 141/768 type remove
2026-07-28 07:09:55,418 [inflora.py] => [InfLoRA] Layer 10: 150/768 type remove
2026-07-28 07:09:55,418 [inflora.py] => [InfLoRA] Layer 11: 100/768 type remove
2026-07-28 07:09:55,418 [inflora.py] => [InfLoRA] Layer 12: 197/768 type remove
2026-07-28 07:11:01,170 [inflora.py] => [InfLoRA] DualGPM threshold: 0.9750
2026-07-28 07:11:02,630 [inflora.py] => [InfLoRA] Layer 1: 17/768 type remove
2026-07-28 07:11:02,630 [inflora.py] => [InfLoRA] Layer 2: 14/768 type remove
2026-07-28 07:11:02,630 [inflora.py] => [InfLoRA] Layer 3: 20/768 type remove
2026-07-28 07:11:02,630 [inflora.py] => [InfLoRA] Layer 4: 23/768 type remove
2026-07-28 07:11:02,630 [inflora.py] => [InfLoRA] Layer 5: 36/768 type remove
2026-07-28 07:11:02,630 [inflora.py] => [InfLoRA] Layer 6: 51/768 type remove
2026-07-28 07:11:02,630 [inflora.py] => [InfLoRA] Layer 7: 66/768 type remove
2026-07-28 07:11:02,630 [inflora.py] => [InfLoRA] Layer 8: 81/768 type remove
2026-07-28 07:11:02,630 [inflora.py] => [InfLoRA] Layer 9: 142/768 type remove
2026-07-28 07:11:02,630 [inflora.py] => [InfLoRA] Layer 10: 151/768 type remove
2026-07-28 07:11:02,630 [inflora.py] => [InfLoRA] Layer 11: 101/768 type remove
2026-07-28 07:11:02,630 [inflora.py] => [InfLoRA] Layer 12: 198/768 type remove
2026-07-28 07:12:09,184 [inflora.py] => [InfLoRA] DualGPM threshold: 0.9750
2026-07-28 07:12:10,659 [inflora.py] => [InfLoRA] Layer 1: 17/768 type remove
2026-07-28 07:12:10,659 [inflora.py] => [InfLoRA] Layer 2: 14/768 type remove
2026-07-28 07:12:10,659 [inflora.py] => [InfLoRA] Layer 3: 21/768 type remove
2026-07-28 07:12:10,659 [inflora.py] => [InfLoRA] Layer 4: 24/768 type remove
2026-07-28 07:12:10,659 [inflora.py] => [InfLoRA] Layer 5: 37/768 type remove
2026-07-28 07:12:10,659 [inflora.py] => [InfLoRA] Layer 6: 53/768 type remove
2026-07-28 07:12:10,659 [inflora.py] => [InfLoRA] Layer 7: 68/768 type remove
2026-07-28 07:12:10,659 [inflora.py] => [InfLoRA] Layer 8: 84/768 type remove
2026-07-28 07:12:10,659 [inflora.py] => [InfLoRA] Layer 9: 145/768 type remove
2026-07-28 07:12:10,659 [inflora.py] => [InfLoRA] Layer 10: 154/768 type remove
2026-07-28 07:12:10,659 [inflora.py] => [InfLoRA] Layer 11: 104/768 type remove
2026-07-28 07:12:10,660 [inflora.py] => [InfLoRA] Layer 12: 200/768 type remove
2026-07-28 07:12:27,990 [bounded_memory_mixin.py] => [bounded_mem eval] volume 0.80 | cycle 55 | classes_seen 170 | CIL top1 61.10 | top5 80.36 | (nearest latent task ~16) | param_hash 13146b92c125f477 | per-task [43.67, 49.02, 53.85, 66.76, 77.24, 55.74, 64.85, 65.82, 81.13, 62.56, 62.25, 53.99, 59.41, 56.57, 65.61, 72.8, 49.26]
2026-07-28 07:13:34,184 [inflora.py] => [InfLoRA] DualGPM threshold: 0.9750
2026-07-28 07:13:35,650 [inflora.py] => [InfLoRA] Layer 1: 17/768 type remove
2026-07-28 07:13:35,650 [inflora.py] => [InfLoRA] Layer 2: 14/768 type remove
2026-07-28 07:13:35,650 [inflora.py] => [InfLoRA] Layer 3: 21/768 type remove
2026-07-28 07:13:35,650 [inflora.py] => [InfLoRA] Layer 4: 24/768 type remove
2026-07-28 07:13:35,650 [inflora.py] => [InfLoRA] Layer 5: 38/768 type remove
2026-07-28 07:13:35,650 [inflora.py] => [InfLoRA] Layer 6: 54/768 type remove
2026-07-28 07:13:35,650 [inflora.py] => [InfLoRA] Layer 7: 69/768 type remove
2026-07-28 07:13:35,650 [inflora.py] => [InfLoRA] Layer 8: 86/768 type remove
2026-07-28 07:13:35,650 [inflora.py] => [InfLoRA] Layer 9: 149/768 type remove
2026-07-28 07:13:35,650 [inflora.py] => [InfLoRA] Layer 10: 158/768 type remove
2026-07-28 07:13:35,650 [inflora.py] => [InfLoRA] Layer 11: 105/768 type remove
2026-07-28 07:13:35,650 [inflora.py] => [InfLoRA] Layer 12: 201/768 type remove
2026-07-28 07:14:41,526 [inflora.py] => [InfLoRA] DualGPM threshold: 0.9750
2026-07-28 07:14:42,977 [inflora.py] => [InfLoRA] Layer 1: 17/768 type remove
2026-07-28 07:14:42,977 [inflora.py] => [InfLoRA] Layer 2: 14/768 type remove
2026-07-28 07:14:42,977 [inflora.py] => [InfLoRA] Layer 3: 21/768 type remove
2026-07-28 07:14:42,977 [inflora.py] => [InfLoRA] Layer 4: 24/768 type remove
2026-07-28 07:14:42,977 [inflora.py] => [InfLoRA] Layer 5: 38/768 type remove
2026-07-28 07:14:42,977 [inflora.py] => [InfLoRA] Layer 6: 54/768 type remove
2026-07-28 07:14:42,977 [inflora.py] => [InfLoRA] Layer 7: 69/768 type remove
2026-07-28 07:14:42,977 [inflora.py] => [InfLoRA] Layer 8: 86/768 type remove
2026-07-28 07:14:42,977 [inflora.py] => [InfLoRA] Layer 9: 149/768 type remove
2026-07-28 07:14:42,977 [inflora.py] => [InfLoRA] Layer 10: 159/768 type remove
2026-07-28 07:14:42,977 [inflora.py] => [InfLoRA] Layer 11: 106/768 type remove
2026-07-28 07:14:42,977 [inflora.py] => [InfLoRA] Layer 12: 202/768 type remove
2026-07-28 07:15:49,171 [inflora.py] => [InfLoRA] DualGPM threshold: 0.9750
2026-07-28 07:15:50,638 [inflora.py] => [InfLoRA] Layer 1: 17/768 type remove
2026-07-28 07:15:50,638 [inflora.py] => [InfLoRA] Layer 2: 14/768 type remove
2026-07-28 07:15:50,638 [inflora.py] => [InfLoRA] Layer 3: 21/768 type remove
2026-07-28 07:15:50,638 [inflora.py] => [InfLoRA] Layer 4: 24/768 type remove
2026-07-28 07:15:50,638 [inflora.py] => [InfLoRA] Layer 5: 38/768 type remove
2026-07-28 07:15:50,638 [inflora.py] => [InfLoRA] Layer 6: 54/768 type remove
2026-07-28 07:15:50,638 [inflora.py] => [InfLoRA] Layer 7: 70/768 type remove
2026-07-28 07:15:50,638 [inflora.py] => [InfLoRA] Layer 8: 87/768 type remove
2026-07-28 07:15:50,638 [inflora.py] => [InfLoRA] Layer 9: 150/768 type remove
2026-07-28 07:15:50,638 [inflora.py] => [InfLoRA] Layer 10: 160/768 type remove
2026-07-28 07:15:50,638 [inflora.py] => [InfLoRA] Layer 11: 107/768 type remove
2026-07-28 07:15:50,638 [inflora.py] => [InfLoRA] Layer 12: 205/768 type remove
2026-07-28 07:16:08,961 [bounded_memory_mixin.py] => [bounded_mem eval] volume 0.85 | cycle 58 | classes_seen 180 | CIL top1 60.32 | top5 79.27 | (nearest latent task ~17) | param_hash 0972b8c7d040745c | per-task [42.17, 49.02, 53.44, 67.05, 77.56, 56.97, 62.73, 64.56, 79.14, 63.01, 62.65, 56.65, 58.33, 58.39, 65.61, 71.26, 41.54, 57.19]
2026-07-28 07:17:14,790 [inflora.py] => [InfLoRA] DualGPM threshold: 0.9750
2026-07-28 07:17:16,259 [inflora.py] => [InfLoRA] Layer 1: 17/768 type remove
2026-07-28 07:17:16,259 [inflora.py] => [InfLoRA] Layer 2: 14/768 type remove
2026-07-28 07:17:16,259 [inflora.py] => [InfLoRA] Layer 3: 21/768 type remove
2026-07-28 07:17:16,259 [inflora.py] => [InfLoRA] Layer 4: 24/768 type remove
2026-07-28 07:17:16,259 [inflora.py] => [InfLoRA] Layer 5: 39/768 type remove
2026-07-28 07:17:16,259 [inflora.py] => [InfLoRA] Layer 6: 55/768 type remove
2026-07-28 07:17:16,259 [inflora.py] => [InfLoRA] Layer 7: 70/768 type remove
2026-07-28 07:17:16,259 [inflora.py] => [InfLoRA] Layer 8: 87/768 type remove
2026-07-28 07:17:16,259 [inflora.py] => [InfLoRA] Layer 9: 150/768 type remove
2026-07-28 07:17:16,259 [inflora.py] => [InfLoRA] Layer 10: 161/768 type remove
2026-07-28 07:17:16,260 [inflora.py] => [InfLoRA] Layer 11: 108/768 type remove
2026-07-28 07:17:16,260 [inflora.py] => [InfLoRA] Layer 12: 206/768 type remove
2026-07-28 07:18:23,201 [inflora.py] => [InfLoRA] DualGPM threshold: 0.9750
2026-07-28 07:18:24,663 [inflora.py] => [InfLoRA] Layer 1: 17/768 type remove
2026-07-28 07:18:24,663 [inflora.py] => [InfLoRA] Layer 2: 14/768 type remove
2026-07-28 07:18:24,663 [inflora.py] => [InfLoRA] Layer 3: 21/768 type remove
2026-07-28 07:18:24,663 [inflora.py] => [InfLoRA] Layer 4: 24/768 type remove
2026-07-28 07:18:24,663 [inflora.py] => [InfLoRA] Layer 5: 39/768 type remove
2026-07-28 07:18:24,663 [inflora.py] => [InfLoRA] Layer 6: 55/768 type remove
2026-07-28 07:18:24,663 [inflora.py] => [InfLoRA] Layer 7: 70/768 type remove
2026-07-28 07:18:24,663 [inflora.py] => [InfLoRA] Layer 8: 87/768 type remove
2026-07-28 07:18:24,663 [inflora.py] => [InfLoRA] Layer 9: 150/768 type remove
2026-07-28 07:18:24,663 [inflora.py] => [InfLoRA] Layer 10: 161/768 type remove
2026-07-28 07:18:24,664 [inflora.py] => [InfLoRA] Layer 11: 109/768 type remove
2026-07-28 07:18:24,664 [inflora.py] => [InfLoRA] Layer 12: 206/768 type remove
2026-07-28 07:19:30,363 [inflora.py] => [InfLoRA] DualGPM threshold: 0.9750
2026-07-28 07:19:31,818 [inflora.py] => [InfLoRA] Layer 1: 17/768 type remove
2026-07-28 07:19:31,818 [inflora.py] => [InfLoRA] Layer 2: 14/768 type remove
2026-07-28 07:19:31,818 [inflora.py] => [InfLoRA] Layer 3: 21/768 type remove
2026-07-28 07:19:31,818 [inflora.py] => [InfLoRA] Layer 4: 24/768 type remove
2026-07-28 07:19:31,818 [inflora.py] => [InfLoRA] Layer 5: 39/768 type remove
2026-07-28 07:19:31,818 [inflora.py] => [InfLoRA] Layer 6: 55/768 type remove
2026-07-28 07:19:31,818 [inflora.py] => [InfLoRA] Layer 7: 70/768 type remove
2026-07-28 07:19:31,818 [inflora.py] => [InfLoRA] Layer 8: 87/768 type remove
2026-07-28 07:19:31,818 [inflora.py] => [InfLoRA] Layer 9: 150/768 type remove
2026-07-28 07:19:31,818 [inflora.py] => [InfLoRA] Layer 10: 161/768 type remove
2026-07-28 07:19:31,818 [inflora.py] => [InfLoRA] Layer 11: 109/768 type remove
2026-07-28 07:19:31,818 [inflora.py] => [InfLoRA] Layer 12: 206/768 type remove
2026-07-28 07:20:37,935 [inflora.py] => [InfLoRA] DualGPM threshold: 0.9750
2026-07-28 07:20:39,393 [inflora.py] => [InfLoRA] Layer 1: 17/768 type remove
2026-07-28 07:20:39,393 [inflora.py] => [InfLoRA] Layer 2: 14/768 type remove
2026-07-28 07:20:39,393 [inflora.py] => [InfLoRA] Layer 3: 21/768 type remove
2026-07-28 07:20:39,393 [inflora.py] => [InfLoRA] Layer 4: 24/768 type remove
2026-07-28 07:20:39,393 [inflora.py] => [InfLoRA] Layer 5: 40/768 type remove
2026-07-28 07:20:39,394 [inflora.py] => [InfLoRA] Layer 6: 56/768 type remove
2026-07-28 07:20:39,394 [inflora.py] => [InfLoRA] Layer 7: 71/768 type remove
2026-07-28 07:20:39,394 [inflora.py] => [InfLoRA] Layer 8: 88/768 type remove
2026-07-28 07:20:39,394 [inflora.py] => [InfLoRA] Layer 9: 151/768 type remove
2026-07-28 07:20:39,394 [inflora.py] => [InfLoRA] Layer 10: 162/768 type remove
2026-07-28 07:20:39,394 [inflora.py] => [InfLoRA] Layer 11: 110/768 type remove
2026-07-28 07:20:39,394 [inflora.py] => [InfLoRA] Layer 12: 207/768 type remove
2026-07-28 07:20:58,638 [bounded_memory_mixin.py] => [bounded_mem eval] volume 0.90 | cycle 62 | classes_seen 190 | CIL top1 60.24 | top5 80.00 | (nearest latent task ~18) | param_hash 09f730d596592b22 | per-task [38.55, 49.02, 50.61, 66.76, 76.92, 55.33, 62.42, 65.4, 79.8, 63.47, 63.86, 54.26, 58.87, 59.12, 63.86, 71.26, 42.28, 77.96, 46.13]
2026-07-28 07:22:04,833 [inflora.py] => [InfLoRA] DualGPM threshold: 0.9750
2026-07-28 07:22:06,301 [inflora.py] => [InfLoRA] Layer 1: 17/768 type remove
2026-07-28 07:22:06,301 [inflora.py] => [InfLoRA] Layer 2: 14/768 type remove
2026-07-28 07:22:06,301 [inflora.py] => [InfLoRA] Layer 3: 21/768 type remove
2026-07-28 07:22:06,301 [inflora.py] => [InfLoRA] Layer 4: 24/768 type remove
2026-07-28 07:22:06,301 [inflora.py] => [InfLoRA] Layer 5: 40/768 type remove
2026-07-28 07:22:06,301 [inflora.py] => [InfLoRA] Layer 6: 56/768 type remove
2026-07-28 07:22:06,301 [inflora.py] => [InfLoRA] Layer 7: 71/768 type remove
2026-07-28 07:22:06,301 [inflora.py] => [InfLoRA] Layer 8: 88/768 type remove
2026-07-28 07:22:06,301 [inflora.py] => [InfLoRA] Layer 9: 151/768 type remove
2026-07-28 07:22:06,301 [inflora.py] => [InfLoRA] Layer 10: 163/768 type remove
2026-07-28 07:22:06,301 [inflora.py] => [InfLoRA] Layer 11: 111/768 type remove
2026-07-28 07:22:06,301 [inflora.py] => [InfLoRA] Layer 12: 207/768 type remove
2026-07-28 07:23:13,133 [inflora.py] => [InfLoRA] DualGPM threshold: 0.9750
2026-07-28 07:23:14,603 [inflora.py] => [InfLoRA] Layer 1: 17/768 type remove
2026-07-28 07:23:14,603 [inflora.py] => [InfLoRA] Layer 2: 14/768 type remove
2026-07-28 07:23:14,603 [inflora.py] => [InfLoRA] Layer 3: 21/768 type remove
2026-07-28 07:23:14,603 [inflora.py] => [InfLoRA] Layer 4: 24/768 type remove
2026-07-28 07:23:14,603 [inflora.py] => [InfLoRA] Layer 5: 40/768 type remove
2026-07-28 07:23:14,603 [inflora.py] => [InfLoRA] Layer 6: 56/768 type remove
2026-07-28 07:23:14,603 [inflora.py] => [InfLoRA] Layer 7: 71/768 type remove
2026-07-28 07:23:14,603 [inflora.py] => [InfLoRA] Layer 8: 88/768 type remove
2026-07-28 07:23:14,603 [inflora.py] => [InfLoRA] Layer 9: 152/768 type remove
2026-07-28 07:23:14,603 [inflora.py] => [InfLoRA] Layer 10: 163/768 type remove
2026-07-28 07:23:14,603 [inflora.py] => [InfLoRA] Layer 11: 111/768 type remove
2026-07-28 07:23:14,604 [inflora.py] => [InfLoRA] Layer 12: 208/768 type remove
2026-07-28 07:24:20,466 [inflora.py] => [InfLoRA] DualGPM threshold: 0.9750
2026-07-28 07:24:21,915 [inflora.py] => [InfLoRA] Layer 1: 17/768 type remove
2026-07-28 07:24:21,915 [inflora.py] => [InfLoRA] Layer 2: 14/768 type remove
2026-07-28 07:24:21,915 [inflora.py] => [InfLoRA] Layer 3: 23/768 type remove
2026-07-28 07:24:21,915 [inflora.py] => [InfLoRA] Layer 4: 26/768 type remove
2026-07-28 07:24:21,915 [inflora.py] => [InfLoRA] Layer 5: 43/768 type remove
2026-07-28 07:24:21,915 [inflora.py] => [InfLoRA] Layer 6: 59/768 type remove
2026-07-28 07:24:21,915 [inflora.py] => [InfLoRA] Layer 7: 74/768 type remove
2026-07-28 07:24:21,915 [inflora.py] => [InfLoRA] Layer 8: 91/768 type remove
2026-07-28 07:24:21,915 [inflora.py] => [InfLoRA] Layer 9: 157/768 type remove
2026-07-28 07:24:21,915 [inflora.py] => [InfLoRA] Layer 10: 167/768 type remove
2026-07-28 07:24:21,915 [inflora.py] => [InfLoRA] Layer 11: 113/768 type remove
2026-07-28 07:24:21,915 [inflora.py] => [InfLoRA] Layer 12: 211/768 type remove
2026-07-28 07:24:42,198 [bounded_memory_mixin.py] => [bounded_mem eval] volume 0.95 | cycle 65 | classes_seen 200 | CIL top1 58.04 | top5 78.87 | (nearest latent task ~19) | param_hash a14f7e5028b36c03 | per-task [38.86, 51.63, 51.42, 65.61, 77.24, 56.15, 65.45, 63.71, 79.47, 64.84, 61.85, 52.13, 55.11, 59.12, 63.51, 71.65, 40.07, 76.68, 36.03, 36.86]
2026-07-28 07:25:48,189 [inflora.py] => [InfLoRA] DualGPM threshold: 0.9750
2026-07-28 07:25:49,655 [inflora.py] => [InfLoRA] Layer 1: 17/768 type remove
2026-07-28 07:25:49,655 [inflora.py] => [InfLoRA] Layer 2: 14/768 type remove
2026-07-28 07:25:49,655 [inflora.py] => [InfLoRA] Layer 3: 23/768 type remove
2026-07-28 07:25:49,656 [inflora.py] => [InfLoRA] Layer 4: 26/768 type remove
2026-07-28 07:25:49,656 [inflora.py] => [InfLoRA] Layer 5: 43/768 type remove
2026-07-28 07:25:49,656 [inflora.py] => [InfLoRA] Layer 6: 59/768 type remove
2026-07-28 07:25:49,656 [inflora.py] => [InfLoRA] Layer 7: 74/768 type remove
2026-07-28 07:25:49,656 [inflora.py] => [InfLoRA] Layer 8: 91/768 type remove
2026-07-28 07:25:49,656 [inflora.py] => [InfLoRA] Layer 9: 157/768 type remove
2026-07-28 07:25:49,656 [inflora.py] => [InfLoRA] Layer 10: 167/768 type remove
2026-07-28 07:25:49,656 [inflora.py] => [InfLoRA] Layer 11: 113/768 type remove
2026-07-28 07:25:49,656 [inflora.py] => [InfLoRA] Layer 12: 213/768 type remove
2026-07-28 07:26:55,960 [inflora.py] => [InfLoRA] DualGPM threshold: 0.9750
2026-07-28 07:26:57,436 [inflora.py] => [InfLoRA] Layer 1: 17/768 type remove
2026-07-28 07:26:57,436 [inflora.py] => [InfLoRA] Layer 2: 14/768 type remove
2026-07-28 07:26:57,436 [inflora.py] => [InfLoRA] Layer 3: 23/768 type remove
2026-07-28 07:26:57,436 [inflora.py] => [InfLoRA] Layer 4: 26/768 type remove
2026-07-28 07:26:57,436 [inflora.py] => [InfLoRA] Layer 5: 43/768 type remove
2026-07-28 07:26:57,436 [inflora.py] => [InfLoRA] Layer 6: 59/768 type remove
2026-07-28 07:26:57,436 [inflora.py] => [InfLoRA] Layer 7: 74/768 type remove
2026-07-28 07:26:57,436 [inflora.py] => [InfLoRA] Layer 8: 91/768 type remove
2026-07-28 07:26:57,436 [inflora.py] => [InfLoRA] Layer 9: 157/768 type remove
2026-07-28 07:26:57,436 [inflora.py] => [InfLoRA] Layer 10: 168/768 type remove
2026-07-28 07:26:57,436 [inflora.py] => [InfLoRA] Layer 11: 114/768 type remove
2026-07-28 07:26:57,436 [inflora.py] => [InfLoRA] Layer 12: 214/768 type remove
2026-07-28 07:28:03,745 [inflora.py] => [InfLoRA] DualGPM threshold: 0.9750
2026-07-28 07:28:05,208 [inflora.py] => [InfLoRA] Layer 1: 17/768 type remove
2026-07-28 07:28:05,208 [inflora.py] => [InfLoRA] Layer 2: 14/768 type remove
2026-07-28 07:28:05,208 [inflora.py] => [InfLoRA] Layer 3: 23/768 type remove
2026-07-28 07:28:05,209 [inflora.py] => [InfLoRA] Layer 4: 26/768 type remove
2026-07-28 07:28:05,209 [inflora.py] => [InfLoRA] Layer 5: 43/768 type remove
2026-07-28 07:28:05,209 [inflora.py] => [InfLoRA] Layer 6: 59/768 type remove
2026-07-28 07:28:05,209 [inflora.py] => [InfLoRA] Layer 7: 74/768 type remove
2026-07-28 07:28:05,209 [inflora.py] => [InfLoRA] Layer 8: 91/768 type remove
2026-07-28 07:28:05,209 [inflora.py] => [InfLoRA] Layer 9: 158/768 type remove
2026-07-28 07:28:05,209 [inflora.py] => [InfLoRA] Layer 10: 168/768 type remove
2026-07-28 07:28:05,209 [inflora.py] => [InfLoRA] Layer 11: 114/768 type remove
2026-07-28 07:28:05,209 [inflora.py] => [InfLoRA] Layer 12: 215/768 type remove
2026-07-28 07:28:31,806 [inflora.py] => [InfLoRA] DualGPM threshold: 0.9750
2026-07-28 07:28:33,290 [inflora.py] => [InfLoRA] Layer 1: 17/768 type remove
2026-07-28 07:28:33,290 [inflora.py] => [InfLoRA] Layer 2: 14/768 type remove
2026-07-28 07:28:33,290 [inflora.py] => [InfLoRA] Layer 3: 23/768 type remove
2026-07-28 07:28:33,290 [inflora.py] => [InfLoRA] Layer 4: 27/768 type remove
2026-07-28 07:28:33,290 [inflora.py] => [InfLoRA] Layer 5: 44/768 type remove
2026-07-28 07:28:33,290 [inflora.py] => [InfLoRA] Layer 6: 60/768 type remove
2026-07-28 07:28:33,290 [inflora.py] => [InfLoRA] Layer 7: 77/768 type remove
2026-07-28 07:28:33,290 [inflora.py] => [InfLoRA] Layer 8: 94/768 type remove
2026-07-28 07:28:33,290 [inflora.py] => [InfLoRA] Layer 9: 162/768 type remove
2026-07-28 07:28:33,290 [inflora.py] => [InfLoRA] Layer 10: 174/768 type remove
2026-07-28 07:28:33,290 [inflora.py] => [InfLoRA] Layer 11: 117/768 type remove
2026-07-28 07:28:33,290 [inflora.py] => [InfLoRA] Layer 12: 218/768 type remove
2026-07-28 07:28:53,478 [bounded_memory_mixin.py] => [bounded_mem eval] volume 1.00 | cycle 69 | classes_seen 200 | CIL top1 57.36 | top5 78.33 | (nearest latent task ~19) | param_hash 91ad7545b175a20a | per-task [36.45, 48.69, 49.8, 65.61, 77.56, 50.41, 63.03, 64.56, 77.15, 59.36, 58.23, 50.8, 51.88, 55.84, 60.7, 70.88, 38.6, 76.04, 30.64, 61.43]
2026-07-28 07:28:57,027 [metrics_logger.py] => [metrics] wrote run_logs/final/inflora/metrics_inflora_imagenetr_grid_50mb_inflora_s1996_s1996.json
2026-07-28 07:28:57,027 [bounded_memory_mixin.py] => [CE metric] inflora = 0.993844307396829 (eps=20, N=70 cycles)
2026-07-28 07:28:57,027 [trainer.py] => [bounded_mem] volume checkpoints: [0.05, 0.1, 0.15, 0.2, 0.25, 0.3, 0.35, 0.4, 0.45, 0.5, 0.55, 0.6, 0.65, 0.7, 0.75, 0.8, 0.85, 0.9, 0.95, 1.0]
2026-07-28 07:28:57,027 [trainer.py] => [bounded_mem] CIL top1 curve: [56.74, 74.45, 64.26, 66.45, 62.2, 60.37, 61.89, 64.01, 63.3, 66.49, 65.17, 62.11, 63.71, 60.78, 60.51, 61.1, 60.32, 60.24, 58.04, 57.36]
2026-07-28 07:28:57,027 [trainer.py] => [bounded_mem] CIL top5 curve: [78.37, 91.69, 82.62, 82.94, 78.42, 78.55, 80.37, 81.74, 79.93, 82.81, 82.06, 80.22, 81.87, 80.3, 79.16, 80.36, 79.27, 80.0, 78.87, 78.33]
[bounded_mem] checkpoints (fraction of stream): [0.05, 0.1, 0.15, 0.2, 0.25, 0.3, 0.35, 0.4, 0.45, 0.5, 0.55, 0.6, 0.65, 0.7, 0.75, 0.8, 0.85, 0.9, 0.95, 1.0]
[bounded_mem] CIL top1: [56.74, 74.45, 64.26, 66.45, 62.2, 60.37, 61.89, 64.01, 63.3, 66.49, 65.17, 62.11, 63.71, 60.78, 60.51, 61.1, 60.32, 60.24, 58.04, 57.36]
[bounded_mem] CIL top5: [78.37, 91.69, 82.62, 82.94, 78.42, 78.55, 80.37, 81.74, 79.93, 82.81, 82.06, 80.22, 81.87, 80.3, 79.16, 80.36, 79.27, 80.0, 78.87, 78.33]
2026-07-28 07:28:57,027 [trainer.py] => [bounded_mem] FINAL CIL top1 57.36 | top5 78.33 (at 100% of stream)
[bounded_mem] FINAL CIL top1 57.36 | top5 78.33
[bounded_mem] wrote run_logs/boundedmem_inflora_imagenetr_grid_50mb_inflora_s1996_s1996.json
