2026-07-28 06:07:06,762 [trainer.py] => config: exps/imagenetr_grid/_patched_olora_50mb_s1996_gpu2.json
2026-07-28 06:07:06,762 [trainer.py] => dataset: imagenetr
2026-07-28 06:07:06,762 [trainer.py] => memory_size: 0
2026-07-28 06:07:06,762 [trainer.py] => memory_per_class: 0
2026-07-28 06:07:06,762 [trainer.py] => fixed_memory: False
2026-07-28 06:07:06,762 [trainer.py] => shuffle: True
2026-07-28 06:07:06,762 [trainer.py] => init_cls: 10
2026-07-28 06:07:06,763 [trainer.py] => increment: 10
2026-07-28 06:07:06,763 [trainer.py] => scenario: cil
2026-07-28 06:07:06,763 [trainer.py] => pretrained: True
2026-07-28 06:07:06,763 [trainer.py] => print_forget: False
2026-07-28 06:07:06,763 [trainer.py] => final_metrics: False
2026-07-28 06:07:06,763 [trainer.py] => backbone_type: vit_base_patch16_224_lora
2026-07-28 06:07:06,763 [trainer.py] => lora_rank: 10
2026-07-28 06:07:06,763 [trainer.py] => lora_alpha: None
2026-07-28 06:07:06,763 [trainer.py] => batch_size: 48
2026-07-28 06:07:06,763 [trainer.py] => weight_decay: 0.0005
2026-07-28 06:07:06,763 [trainer.py] => min_lr: 0.0
2026-07-28 06:07:06,763 [trainer.py] => tuned_epoch: 20
2026-07-28 06:07:06,763 [trainer.py] => boundary_mode: bounded_memory
2026-07-28 06:07:06,763 [trainer.py] => device: [device(type='cuda', index=2)]
2026-07-28 06:07:06,763 [trainer.py] => model_name: olora
2026-07-28 06:07:06,763 [trainer.py] => lora_merge: True
2026-07-28 06:07:06,763 [trainer.py] => lamda_1: 0.5
2026-07-28 06:07:06,763 [trainer.py] => lamda_2: 0.0
2026-07-28 06:07:06,763 [trainer.py] => init_lr: 0.001
2026-07-28 06:07:06,763 [trainer.py] => seed: 1996
2026-07-28 06:07:06,763 [trainer.py] => bm_budget_mb: 50
2026-07-28 06:07:06,763 [trainer.py] => prefix: imagenetr_grid_50mb_olora_s1996
2026-07-28 06:07:06,848 [data_manager.py] => [92, 182, 15, 79, 26, 173, 109, 188, 27, 157, 177, 6, 35, 93, 52, 136, 164, 184, 2, 125, 130, 179, 135, 150, 100, 97, 7, 86, 158, 178, 168, 78, 181, 170, 32, 89, 8, 192, 104, 12, 145, 120, 80, 49, 155, 85, 95, 33, 17, 175, 137, 44, 112, 124, 153, 190, 83, 138, 43, 73, 87, 94, 140, 134, 180, 105, 111, 24, 60, 149, 63, 123, 152, 116, 185, 176, 198, 194, 133, 46, 51, 195, 88, 197, 13, 103, 121, 174, 160, 82, 151, 18, 20, 34, 66, 50, 40, 3, 4, 118, 36, 144, 169, 72, 58, 99, 142, 161, 64, 47, 193, 127, 101, 31, 71, 196, 9, 110, 126, 199, 128, 122, 91, 119, 189, 16, 159, 81, 163, 21, 141, 156, 77, 30, 107, 19, 55, 57, 53, 106, 146, 45, 54, 172, 154, 183, 75, 143, 113, 62, 148, 11, 114, 131, 129, 171, 5, 96, 10, 39, 29, 165, 191, 70, 76, 23, 69, 115, 90, 56, 166, 68, 167, 42, 187, 147, 0, 22, 102, 108, 65, 61, 74, 59, 25, 37, 48, 84, 162, 28, 132, 139, 117, 14, 41, 38, 67, 98, 1, 186]
This is for the BaseNet initialization.
I'm using ViT with per-task LoRA (q,v).
_IncompatibleKeys(missing_keys=['blocks.0.attn.cur_matrix', 'blocks.0.attn.frozen_delta_q', 'blocks.0.attn.frozen_delta_v', 'blocks.0.attn.lora_A_q.0.weight', 'blocks.0.attn.lora_B_q.0.weight', 'blocks.0.attn.lora_A_v.0.weight', 'blocks.0.attn.lora_B_v.0.weight', 'blocks.1.attn.cur_matrix', 'blocks.1.attn.frozen_delta_q', 'blocks.1.attn.frozen_delta_v', 'blocks.1.attn.lora_A_q.0.weight', 'blocks.1.attn.lora_B_q.0.weight', 'blocks.1.attn.lora_A_v.0.weight', 'blocks.1.attn.lora_B_v.0.weight', 'blocks.2.attn.cur_matrix', 'blocks.2.attn.frozen_delta_q', 'blocks.2.attn.frozen_delta_v', 'blocks.2.attn.lora_A_q.0.weight', 'blocks.2.attn.lora_B_q.0.weight', 'blocks.2.attn.lora_A_v.0.weight', 'blocks.2.attn.lora_B_v.0.weight', 'blocks.3.attn.cur_matrix', 'blocks.3.attn.frozen_delta_q', 'blocks.3.attn.frozen_delta_v', 'blocks.3.attn.lora_A_q.0.weight', 'blocks.3.attn.lora_B_q.0.weight', 'blocks.3.attn.lora_A_v.0.weight', 'blocks.3.attn.lora_B_v.0.weight', 'blocks.4.attn.cur_matrix', 'blocks.4.attn.frozen_delta_q', 'blocks.4.attn.frozen_delta_v', 'blocks.4.attn.lora_A_q.0.weight', 'blocks.4.attn.lora_B_q.0.weight', 'blocks.4.attn.lora_A_v.0.weight', 'blocks.4.attn.lora_B_v.0.weight', 'blocks.5.attn.cur_matrix', 'blocks.5.attn.frozen_delta_q', 'blocks.5.attn.frozen_delta_v', 'blocks.5.attn.lora_A_q.0.weight', 'blocks.5.attn.lora_B_q.0.weight', 'blocks.5.attn.lora_A_v.0.weight', 'blocks.5.attn.lora_B_v.0.weight', 'blocks.6.attn.cur_matrix', 'blocks.6.attn.frozen_delta_q', 'blocks.6.attn.frozen_delta_v', 'blocks.6.attn.lora_A_q.0.weight', 'blocks.6.attn.lora_B_q.0.weight', 'blocks.6.attn.lora_A_v.0.weight', 'blocks.6.attn.lora_B_v.0.weight', 'blocks.7.attn.cur_matrix', 'blocks.7.attn.frozen_delta_q', 'blocks.7.attn.frozen_delta_v', 'blocks.7.attn.lora_A_q.0.weight', 'blocks.7.attn.lora_B_q.0.weight', 'blocks.7.attn.lora_A_v.0.weight', 'blocks.7.attn.lora_B_v.0.weight', 'blocks.8.attn.cur_matrix', 'blocks.8.attn.frozen_delta_q', 'blocks.8.attn.frozen_delta_v', 'blocks.8.attn.lora_A_q.0.weight', 'blocks.8.attn.lora_B_q.0.weight', 'blocks.8.attn.lora_A_v.0.weight', 'blocks.8.attn.lora_B_v.0.weight', 'blocks.9.attn.cur_matrix', 'blocks.9.attn.frozen_delta_q', 'blocks.9.attn.frozen_delta_v', 'blocks.9.attn.lora_A_q.0.weight', 'blocks.9.attn.lora_B_q.0.weight', 'blocks.9.attn.lora_A_v.0.weight', 'blocks.9.attn.lora_B_v.0.weight', 'blocks.10.attn.cur_matrix', 'blocks.10.attn.frozen_delta_q', 'blocks.10.attn.frozen_delta_v', 'blocks.10.attn.lora_A_q.0.weight', 'blocks.10.attn.lora_B_q.0.weight', 'blocks.10.attn.lora_A_v.0.weight', 'blocks.10.attn.lora_B_v.0.weight', 'blocks.11.attn.cur_matrix', 'blocks.11.attn.frozen_delta_q', 'blocks.11.attn.frozen_delta_v', 'blocks.11.attn.lora_A_q.0.weight', 'blocks.11.attn.lora_B_q.0.weight', 'blocks.11.attn.lora_A_v.0.weight', 'blocks.11.attn.lora_B_v.0.weight'], unexpected_keys=[])
After BaseNet initialization.
2026-07-28 06:07:10,690 [bounded_memory_mixin.py] => [bounded_mem] budget_mb=50.0 -> cycle=348 images (mean_task=1203.8 images, so this budget is 0.29x mean task size); 24076 total images -> 70 cycles (T=70 sessions); 20 eval checkpoints
2026-07-28 06:11:21,824 [bounded_memory_mixin.py] => [bounded_mem eval] volume 0.05 | cycle 3 | classes_seen 20 | CIL top1 58.31 | top5 79.94 | (nearest latent task ~1) | param_hash 2007b9b5589e6b78 | per-task [81.02, 33.66]
2026-07-28 06:14:28,000 [bounded_memory_mixin.py] => [bounded_mem eval] volume 0.10 | cycle 6 | classes_seen 20 | CIL top1 76.80 | top5 92.16 | (nearest latent task ~1) | param_hash aa3ce28c1ec96ada | per-task [81.93, 71.24]
2026-07-28 06:18:39,329 [bounded_memory_mixin.py] => [bounded_mem eval] volume 0.15 | cycle 10 | classes_seen 40 | CIL top1 71.00 | top5 87.98 | (nearest latent task ~3) | param_hash 164193f7788880ab | per-task [74.7, 70.59, 70.45, 68.21]
2026-07-28 06:21:49,698 [bounded_memory_mixin.py] => [bounded_mem eval] volume 0.20 | cycle 13 | classes_seen 40 | CIL top1 73.27 | top5 89.36 | (nearest latent task ~3) | param_hash 6ec2c2897081516f | per-task [73.19, 71.57, 68.02, 78.61]
2026-07-28 06:26:00,971 [bounded_memory_mixin.py] => [bounded_mem eval] volume 0.25 | cycle 17 | classes_seen 57 | CIL top1 65.90 | top5 83.67 | (nearest latent task ~5) | param_hash 4aeef56da951e9c8 | per-task [71.08, 69.28, 65.59, 71.1, 86.22, 8.95]
2026-07-28 06:29:13,288 [bounded_memory_mixin.py] => [bounded_mem eval] volume 0.30 | cycle 20 | classes_seen 70 | CIL top1 66.18 | top5 84.46 | (nearest latent task ~6) | param_hash 08aad24829e40441 | per-task [71.08, 68.95, 65.99, 71.1, 85.26, 74.18, 29.7]
2026-07-28 06:33:28,262 [bounded_memory_mixin.py] => [bounded_mem eval] volume 0.35 | cycle 24 | classes_seen 80 | CIL top1 69.97 | top5 86.75 | (nearest latent task ~7) | param_hash 09d02a6e46a047bf | per-task [68.98, 66.34, 66.8, 71.97, 84.29, 72.95, 74.55, 48.1]
2026-07-28 06:36:44,072 [bounded_memory_mixin.py] => [bounded_mem eval] volume 0.40 | cycle 27 | classes_seen 90 | CIL top1 69.84 | top5 87.50 | (nearest latent task ~8) | param_hash a194c06cd46a7314 | per-task [68.07, 64.05, 63.97, 72.25, 83.33, 73.36, 71.52, 71.73, 59.6]
2026-07-28 06:40:59,822 [bounded_memory_mixin.py] => [bounded_mem eval] volume 0.45 | cycle 31 | classes_seen 100 | CIL top1 69.57 | top5 87.27 | (nearest latent task ~9) | param_hash 7eeaef11d61bd68f | per-task [66.87, 62.75, 63.97, 69.36, 82.05, 73.36, 69.09, 70.89, 83.11, 48.4]
2026-07-28 06:44:16,313 [bounded_memory_mixin.py] => [bounded_mem eval] volume 0.50 | cycle 34 | classes_seen 110 | CIL top1 70.33 | top5 87.20 | (nearest latent task ~10) | param_hash b93b7f34486d375c | per-task [64.16, 59.15, 61.54, 68.5, 82.37, 72.13, 67.88, 70.89, 82.12, 71.69, 73.9]
2026-07-28 06:48:35,983 [bounded_memory_mixin.py] => [bounded_mem eval] volume 0.55 | cycle 38 | classes_seen 120 | CIL top1 69.11 | top5 86.29 | (nearest latent task ~11) | param_hash 22f3c0cd6bd047d9 | per-task [66.27, 59.48, 60.32, 70.52, 80.13, 71.31, 68.79, 67.51, 79.47, 73.97, 76.31, 58.78]
2026-07-28 06:51:54,369 [bounded_memory_mixin.py] => [bounded_mem eval] volume 0.60 | cycle 41 | classes_seen 130 | CIL top1 68.29 | top5 85.02 | (nearest latent task ~12) | param_hash 2da92102c3bd6592 | per-task [66.57, 59.48, 61.94, 70.52, 82.05, 71.72, 68.48, 66.24, 80.46, 73.52, 75.1, 67.02, 50.27]
2026-07-28 06:55:14,864 [bounded_memory_mixin.py] => [bounded_mem eval] volume 0.65 | cycle 44 | classes_seen 130 | CIL top1 68.93 | top5 85.51 | (nearest latent task ~12) | param_hash b276c13211c6c72b | per-task [65.36, 59.8, 60.73, 69.65, 82.05, 73.36, 66.36, 65.4, 78.48, 72.6, 73.9, 66.76, 63.98]
2026-07-28 06:59:38,309 [bounded_memory_mixin.py] => [bounded_mem eval] volume 0.70 | cycle 48 | classes_seen 150 | CIL top1 66.46 | top5 84.88 | (nearest latent task ~14) | param_hash 70bd26a85e3f54d4 | per-task [64.16, 59.48, 60.73, 68.79, 80.13, 68.03, 65.45, 68.35, 78.48, 71.69, 75.9, 65.96, 63.71, 64.96, 42.81]
2026-07-28 07:02:59,719 [bounded_memory_mixin.py] => [bounded_mem eval] volume 0.75 | cycle 51 | classes_seen 160 | CIL top1 65.22 | top5 84.10 | (nearest latent task ~15) | param_hash d440542b17654b57 | per-task [62.35, 57.84, 59.92, 68.79, 80.77, 67.62, 65.45, 67.93, 78.48, 71.69, 76.31, 64.89, 63.44, 61.68, 68.07, 26.44]
2026-07-28 07:07:24,034 [bounded_memory_mixin.py] => [bounded_mem eval] volume 0.80 | cycle 55 | classes_seen 170 | CIL top1 65.87 | top5 83.94 | (nearest latent task ~16) | param_hash adc743854cc76105 | per-task [63.25, 57.19, 59.11, 67.34, 79.49, 66.8, 65.76, 67.93, 77.81, 70.32, 74.7, 63.83, 63.71, 60.22, 67.02, 70.88, 45.59]
2026-07-28 07:10:47,678 [bounded_memory_mixin.py] => [bounded_mem eval] volume 0.85 | cycle 58 | classes_seen 180 | CIL top1 64.66 | top5 82.93 | (nearest latent task ~17) | param_hash 56d1d1183d99d00a | per-task [61.45, 55.56, 58.7, 66.76, 79.49, 65.16, 65.15, 67.51, 77.48, 70.32, 74.3, 61.7, 62.63, 62.04, 65.61, 70.11, 38.24, 63.26]
2026-07-28 07:15:14,813 [bounded_memory_mixin.py] => [bounded_mem eval] volume 0.90 | cycle 62 | classes_seen 190 | CIL top1 64.55 | top5 82.69 | (nearest latent task ~18) | param_hash 61ec2ce7fbb3b69d | per-task [60.24, 56.86, 55.06, 66.76, 78.21, 65.98, 65.45, 67.93, 75.17, 70.78, 73.49, 59.57, 63.17, 60.58, 65.61, 68.97, 36.4, 80.19, 56.57]
2026-07-28 07:18:41,917 [bounded_memory_mixin.py] => [bounded_mem eval] volume 0.95 | cycle 65 | classes_seen 200 | CIL top1 62.91 | top5 82.16 | (nearest latent task ~19) | param_hash 2b0a648a9523ae92 | per-task [59.64, 55.56, 57.09, 66.76, 77.88, 64.75, 65.15, 68.78, 75.17, 70.32, 73.09, 59.57, 62.37, 60.22, 66.32, 69.35, 37.5, 79.23, 44.44, 49.14]
2026-07-28 07:22:32,200 [bounded_memory_mixin.py] => [bounded_mem eval] volume 1.00 | cycle 69 | classes_seen 200 | CIL top1 63.56 | top5 82.39 | (nearest latent task ~19) | param_hash 4234eb5bd3f635ff | per-task [61.14, 53.27, 57.09, 67.05, 80.45, 64.34, 65.45, 66.67, 76.49, 69.86, 72.29, 58.24, 62.37, 60.22, 65.26, 68.58, 37.13, 80.19, 42.76, 62.86]
2026-07-28 07:22:35,829 [metrics_logger.py] => [metrics] wrote run_logs/final/olora/metrics_olora_imagenetr_grid_50mb_olora_s1996_s1996.json
2026-07-28 07:22:35,829 [bounded_memory_mixin.py] => [CE metric] olora = 0.9999000867791727 (eps=20, N=70 cycles)
2026-07-28 07:22:35,830 [trainer.py] => [bounded_mem] volume checkpoints: [0.05, 0.1, 0.15, 0.2, 0.25, 0.3, 0.35, 0.4, 0.45, 0.5, 0.55, 0.6, 0.65, 0.7, 0.75, 0.8, 0.85, 0.9, 0.95, 1.0]
2026-07-28 07:22:35,830 [trainer.py] => [bounded_mem] CIL top1 curve: [58.31, 76.8, 71.0, 73.27, 65.9, 66.18, 69.97, 69.84, 69.57, 70.33, 69.11, 68.29, 68.93, 66.46, 65.22, 65.87, 64.66, 64.55, 62.91, 63.56]
2026-07-28 07:22:35,830 [trainer.py] => [bounded_mem] CIL top5 curve: [79.94, 92.16, 87.98, 89.36, 83.67, 84.46, 86.75, 87.5, 87.27, 87.2, 86.29, 85.02, 85.51, 84.88, 84.1, 83.94, 82.93, 82.69, 82.16, 82.39]
[bounded_mem] checkpoints (fraction of stream): [0.05, 0.1, 0.15, 0.2, 0.25, 0.3, 0.35, 0.4, 0.45, 0.5, 0.55, 0.6, 0.65, 0.7, 0.75, 0.8, 0.85, 0.9, 0.95, 1.0]
[bounded_mem] CIL top1: [58.31, 76.8, 71.0, 73.27, 65.9, 66.18, 69.97, 69.84, 69.57, 70.33, 69.11, 68.29, 68.93, 66.46, 65.22, 65.87, 64.66, 64.55, 62.91, 63.56]
[bounded_mem] CIL top5: [79.94, 92.16, 87.98, 89.36, 83.67, 84.46, 86.75, 87.5, 87.27, 87.2, 86.29, 85.02, 85.51, 84.88, 84.1, 83.94, 82.93, 82.69, 82.16, 82.39]
2026-07-28 07:22:35,830 [trainer.py] => [bounded_mem] FINAL CIL top1 63.56 | top5 82.39 (at 100% of stream)
[bounded_mem] FINAL CIL top1 63.56 | top5 82.39
[bounded_mem] wrote run_logs/boundedmem_olora_imagenetr_grid_50mb_olora_s1996_s1996.json
