==== imagenetr_grid_queue start Tue 28 Jul 2026 03:26:01 NZST ====
[imr] GROUP START budget=50mb seed=1993 Tue 28 Jul 2026 03:26:01 NZST
[imr] START seqlora_50mb_s1993 [gpu 1] Tue 28 Jul 2026 03:26:01 NZST
[imr] START olora_50mb_s1993 [gpu 2] Tue 28 Jul 2026 03:26:01 NZST
[imr] START inflora_50mb_s1993 [gpu 4] Tue 28 Jul 2026 03:26:01 NZST
==== imagenetr_grid_queue_v2 start (resuming group 1, adding sketchlora) Tue 28 Jul 2026 04:17:21 NZST ====
[imr] waiting on group-1 orphaned jobs (seqlora/olora/inflora, 50mb/1993) Tue 28 Jul 2026 04:17:21 NZST
==== imagenetr_grid_queue_v3 start (GPU0 permanently excluded) Tue 28 Jul 2026 04:28:11 NZST ====
[imr] waiting on group-1 orphaned jobs (seqlora/olora/inflora, 50mb/1993) Tue 28 Jul 2026 04:28:11 NZST
[imr] group-1 orphaned jobs all finished Tue 28 Jul 2026 04:47:02 NZST
[imr] START treelora_50mb_s1993 [gpu 1] Tue 28 Jul 2026 04:47:02 NZST
[imr] START sketchlora_50mb_s1993 [gpu 2] Tue 28 Jul 2026 04:47:02 NZST
[imr] DONE  sketchlora_50mb_s1993 [gpu 2] Tue 28 Jul 2026 06:03:37 NZST
[imr] DONE  treelora_50mb_s1993 [gpu 1] Tue 28 Jul 2026 06:07:04 NZST
[imr] GROUP DONE  budget=50mb seed=1993 Tue 28 Jul 2026 06:07:04 NZST
[imr] GROUP START budget=50mb seed=1996 Tue 28 Jul 2026 06:07:04 NZST
[imr] START seqlora_50mb_s1996 [gpu 1] Tue 28 Jul 2026 06:07:04 NZST
[imr] START olora_50mb_s1996 [gpu 2] Tue 28 Jul 2026 06:07:04 NZST
[imr] START inflora_50mb_s1996 [gpu 4] Tue 28 Jul 2026 06:07:04 NZST
[imr] DONE  seqlora_50mb_s1996 [gpu 1] Tue 28 Jul 2026 07:14:47 NZST
[imr] DONE  olora_50mb_s1996 [gpu 2] Tue 28 Jul 2026 07:22:37 NZST
[imr] DONE  inflora_50mb_s1996 [gpu 4] Tue 28 Jul 2026 07:28:58 NZST
[imr] START treelora_50mb_s1996 [gpu 1] Tue 28 Jul 2026 07:28:58 NZST
[imr] START sketchlora_50mb_s1996 [gpu 2] Tue 28 Jul 2026 07:28:58 NZST
[imr] DONE  sketchlora_50mb_s1996 [gpu 2] Tue 28 Jul 2026 08:45:01 NZST
[imr] DONE  treelora_50mb_s1996 [gpu 1] Tue 28 Jul 2026 08:48:47 NZST
[imr] GROUP DONE  budget=50mb seed=1996 Tue 28 Jul 2026 08:48:47 NZST
[imr] GROUP START budget=100mb seed=1993 Tue 28 Jul 2026 08:48:47 NZST
[imr] START seqlora_100mb_s1993 [gpu 1] Tue 28 Jul 2026 08:48:47 NZST
[imr] START olora_100mb_s1993 [gpu 2] Tue 28 Jul 2026 08:48:47 NZST
[imr] DONE  seqlora_100mb_s1993 [gpu 1] Tue 28 Jul 2026 09:47:30 NZST
[imr] DONE  olora_100mb_s1993 [gpu 2] Tue 28 Jul 2026 09:54:31 NZST
[imr] START inflora_100mb_s1993 [gpu 1] Tue 28 Jul 2026 09:54:31 NZST
[imr] START treelora_100mb_s1993 [gpu 2] Tue 28 Jul 2026 09:54:31 NZST
[imr] DONE  treelora_100mb_s1993 [gpu 2] Tue 28 Jul 2026 11:03:19 NZST
[imr] DONE  inflora_100mb_s1993 [gpu 1] Tue 28 Jul 2026 11:05:43 NZST
[imr] START sketchlora_100mb_s1993 [gpu 1] Tue 28 Jul 2026 11:05:43 NZST
[imr] DONE  sketchlora_100mb_s1993 [gpu 1] Tue 28 Jul 2026 12:12:16 NZST
[imr] GROUP DONE  budget=100mb seed=1993 Tue 28 Jul 2026 12:12:16 NZST
[imr] GROUP START budget=100mb seed=1996 Tue 28 Jul 2026 12:12:16 NZST
[imr] START seqlora_100mb_s1996 [gpu 1] Tue 28 Jul 2026 12:12:16 NZST
[imr] START olora_100mb_s1996 [gpu 2] Tue 28 Jul 2026 12:12:16 NZST
[imr] DONE  seqlora_100mb_s1996 [gpu 1] Tue 28 Jul 2026 13:13:20 NZST
[imr] DONE  olora_100mb_s1996 [gpu 2] Tue 28 Jul 2026 13:20:24 NZST
[imr] START inflora_100mb_s1996 [gpu 1] Tue 28 Jul 2026 13:20:24 NZST
[imr] START treelora_100mb_s1996 [gpu 2] Tue 28 Jul 2026 13:20:24 NZST
[imr] DONE  treelora_100mb_s1996 [gpu 2] Tue 28 Jul 2026 14:31:57 NZST
[imr] DONE  inflora_100mb_s1996 [gpu 1] Tue 28 Jul 2026 14:34:39 NZST
[imr] START sketchlora_100mb_s1996 [gpu 1] Tue 28 Jul 2026 14:34:39 NZST
[imr] DONE  sketchlora_100mb_s1996 [gpu 1] Tue 28 Jul 2026 15:41:56 NZST
[imr] GROUP DONE  budget=100mb seed=1996 Tue 28 Jul 2026 15:41:56 NZST
[imr] GROUP START budget=200mb seed=1993 Tue 28 Jul 2026 15:41:56 NZST
[imr] START seqlora_200mb_s1993 [gpu 1] Tue 28 Jul 2026 15:41:56 NZST
[imr] START olora_200mb_s1993 [gpu 2] Tue 28 Jul 2026 15:41:56 NZST
[imr] DONE  seqlora_200mb_s1993 [gpu 1] Tue 28 Jul 2026 16:40:56 NZST
[imr] DONE  olora_200mb_s1993 [gpu 2] Tue 28 Jul 2026 16:46:28 NZST
[imr] START treelora_200mb_s1993 [gpu 2] Tue 28 Jul 2026 16:46:28 NZST
[imr] START inflora_200mb_s1993 [gpu 1] Tue 28 Jul 2026 16:46:28 NZST
[imr] DONE  treelora_200mb_s1993 [gpu 2] Tue 28 Jul 2026 17:38:30 NZST
