2026-07-28 03:26:04,230 [trainer.py] => config: exps/imagenetr_grid/_patched_seqlora_50mb_s1993_gpu1.json
2026-07-28 03:26:04,230 [trainer.py] => dataset: imagenetr
2026-07-28 03:26:04,230 [trainer.py] => memory_size: 0
2026-07-28 03:26:04,230 [trainer.py] => memory_per_class: 0
2026-07-28 03:26:04,230 [trainer.py] => fixed_memory: False
2026-07-28 03:26:04,230 [trainer.py] => shuffle: True
2026-07-28 03:26:04,230 [trainer.py] => init_cls: 10
2026-07-28 03:26:04,230 [trainer.py] => increment: 10
2026-07-28 03:26:04,230 [trainer.py] => scenario: cil
2026-07-28 03:26:04,230 [trainer.py] => pretrained: True
2026-07-28 03:26:04,230 [trainer.py] => print_forget: False
2026-07-28 03:26:04,230 [trainer.py] => final_metrics: False
2026-07-28 03:26:04,230 [trainer.py] => backbone_type: vit_base_patch16_224_lora
2026-07-28 03:26:04,231 [trainer.py] => lora_rank: 10
2026-07-28 03:26:04,231 [trainer.py] => lora_alpha: None
2026-07-28 03:26:04,231 [trainer.py] => batch_size: 48
2026-07-28 03:26:04,231 [trainer.py] => weight_decay: 0.0005
2026-07-28 03:26:04,231 [trainer.py] => min_lr: 0.0
2026-07-28 03:26:04,231 [trainer.py] => tuned_epoch: 20
2026-07-28 03:26:04,231 [trainer.py] => boundary_mode: bounded_memory
2026-07-28 03:26:04,231 [trainer.py] => device: [device(type='cuda', index=1)]
2026-07-28 03:26:04,231 [trainer.py] => model_name: seqlora
2026-07-28 03:26:04,231 [trainer.py] => lora_merge: False
2026-07-28 03:26:04,231 [trainer.py] => init_lr: 0.0003
2026-07-28 03:26:04,231 [trainer.py] => seed: 1993
2026-07-28 03:26:04,231 [trainer.py] => bm_budget_mb: 50
2026-07-28 03:26:04,231 [trainer.py] => prefix: imagenetr_grid_50mb_seqlora_s1993
2026-07-28 03:26:04,317 [data_manager.py] => [168, 136, 51, 9, 183, 101, 171, 99, 42, 159, 191, 70, 16, 188, 27, 10, 175, 26, 68, 187, 98, 6, 85, 35, 112, 43, 100, 0, 103, 181, 88, 59, 4, 2, 116, 174, 94, 80, 106, 1, 147, 17, 141, 131, 72, 23, 173, 54, 197, 118, 87, 32, 79, 104, 91, 19, 135, 107, 178, 36, 11, 199, 142, 8, 122, 3, 28, 57, 153, 172, 190, 56, 49, 44, 97, 62, 151, 169, 194, 55, 192, 12, 189, 78, 66, 180, 15, 137, 109, 134, 92, 119, 126, 52, 170, 40, 148, 65, 144, 64, 138, 45, 77, 89, 154, 90, 71, 193, 74, 30, 113, 143, 96, 84, 67, 50, 186, 156, 69, 21, 18, 111, 108, 58, 125, 157, 150, 110, 182, 129, 166, 83, 81, 60, 13, 165, 14, 176, 63, 117, 5, 22, 145, 121, 38, 41, 82, 127, 114, 20, 31, 53, 37, 163, 196, 130, 152, 162, 86, 76, 24, 34, 184, 149, 33, 128, 198, 155, 146, 167, 139, 120, 140, 102, 47, 25, 158, 123, 46, 164, 61, 7, 115, 75, 133, 160, 105, 132, 179, 124, 48, 73, 93, 39, 95, 195, 29, 177, 185, 161]
This is for the BaseNet initialization.
I'm using ViT with per-task LoRA (q,v).
_IncompatibleKeys(missing_keys=['blocks.0.attn.cur_matrix', 'blocks.0.attn.frozen_delta_q', 'blocks.0.attn.frozen_delta_v', 'blocks.0.attn.lora_A_q.0.weight', 'blocks.0.attn.lora_B_q.0.weight', 'blocks.0.attn.lora_A_v.0.weight', 'blocks.0.attn.lora_B_v.0.weight', 'blocks.1.attn.cur_matrix', 'blocks.1.attn.frozen_delta_q', 'blocks.1.attn.frozen_delta_v', 'blocks.1.attn.lora_A_q.0.weight', 'blocks.1.attn.lora_B_q.0.weight', 'blocks.1.attn.lora_A_v.0.weight', 'blocks.1.attn.lora_B_v.0.weight', 'blocks.2.attn.cur_matrix', 'blocks.2.attn.frozen_delta_q', 'blocks.2.attn.frozen_delta_v', 'blocks.2.attn.lora_A_q.0.weight', 'blocks.2.attn.lora_B_q.0.weight', 'blocks.2.attn.lora_A_v.0.weight', 'blocks.2.attn.lora_B_v.0.weight', 'blocks.3.attn.cur_matrix', 'blocks.3.attn.frozen_delta_q', 'blocks.3.attn.frozen_delta_v', 'blocks.3.attn.lora_A_q.0.weight', 'blocks.3.attn.lora_B_q.0.weight', 'blocks.3.attn.lora_A_v.0.weight', 'blocks.3.attn.lora_B_v.0.weight', 'blocks.4.attn.cur_matrix', 'blocks.4.attn.frozen_delta_q', 'blocks.4.attn.frozen_delta_v', 'blocks.4.attn.lora_A_q.0.weight', 'blocks.4.attn.lora_B_q.0.weight', 'blocks.4.attn.lora_A_v.0.weight', 'blocks.4.attn.lora_B_v.0.weight', 'blocks.5.attn.cur_matrix', 'blocks.5.attn.frozen_delta_q', 'blocks.5.attn.frozen_delta_v', 'blocks.5.attn.lora_A_q.0.weight', 'blocks.5.attn.lora_B_q.0.weight', 'blocks.5.attn.lora_A_v.0.weight', 'blocks.5.attn.lora_B_v.0.weight', 'blocks.6.attn.cur_matrix', 'blocks.6.attn.frozen_delta_q', 'blocks.6.attn.frozen_delta_v', 'blocks.6.attn.lora_A_q.0.weight', 'blocks.6.attn.lora_B_q.0.weight', 'blocks.6.attn.lora_A_v.0.weight', 'blocks.6.attn.lora_B_v.0.weight', 'blocks.7.attn.cur_matrix', 'blocks.7.attn.frozen_delta_q', 'blocks.7.attn.frozen_delta_v', 'blocks.7.attn.lora_A_q.0.weight', 'blocks.7.attn.lora_B_q.0.weight', 'blocks.7.attn.lora_A_v.0.weight', 'blocks.7.attn.lora_B_v.0.weight', 'blocks.8.attn.cur_matrix', 'blocks.8.attn.frozen_delta_q', 'blocks.8.attn.frozen_delta_v', 'blocks.8.attn.lora_A_q.0.weight', 'blocks.8.attn.lora_B_q.0.weight', 'blocks.8.attn.lora_A_v.0.weight', 'blocks.8.attn.lora_B_v.0.weight', 'blocks.9.attn.cur_matrix', 'blocks.9.attn.frozen_delta_q', 'blocks.9.attn.frozen_delta_v', 'blocks.9.attn.lora_A_q.0.weight', 'blocks.9.attn.lora_B_q.0.weight', 'blocks.9.attn.lora_A_v.0.weight', 'blocks.9.attn.lora_B_v.0.weight', 'blocks.10.attn.cur_matrix', 'blocks.10.attn.frozen_delta_q', 'blocks.10.attn.frozen_delta_v', 'blocks.10.attn.lora_A_q.0.weight', 'blocks.10.attn.lora_B_q.0.weight', 'blocks.10.attn.lora_A_v.0.weight', 'blocks.10.attn.lora_B_v.0.weight', 'blocks.11.attn.cur_matrix', 'blocks.11.attn.frozen_delta_q', 'blocks.11.attn.frozen_delta_v', 'blocks.11.attn.lora_A_q.0.weight', 'blocks.11.attn.lora_B_q.0.weight', 'blocks.11.attn.lora_A_v.0.weight', 'blocks.11.attn.lora_B_v.0.weight'], unexpected_keys=[])
After BaseNet initialization.
2026-07-28 03:26:08,192 [bounded_memory_mixin.py] => [bounded_mem] budget_mb=50.0 -> cycle=348 images (mean_task=1203.8 images, so this budget is 0.29x mean task size); 24076 total images -> 70 cycles (T=70 sessions); 20 eval checkpoints
2026-07-28 03:29:50,865 [bounded_memory_mixin.py] => [bounded_mem eval] volume 0.05 | cycle 3 | classes_seen 20 | CIL top1 72.03 | top5 89.86 | (nearest latent task ~1) | param_hash b23f64b91dd232cc | per-task [87.34, 59.09]
2026-07-28 03:32:36,333 [bounded_memory_mixin.py] => [bounded_mem eval] volume 0.10 | cycle 6 | classes_seen 20 | CIL top1 83.77 | top5 95.94 | (nearest latent task ~1) | param_hash 13ed003d39980755 | per-task [76.27, 90.11]
2026-07-28 03:36:19,385 [bounded_memory_mixin.py] => [bounded_mem eval] volume 0.15 | cycle 10 | classes_seen 30 | CIL top1 72.55 | top5 90.72 | (nearest latent task ~2) | param_hash 56f872e33e12a704 | per-task [63.29, 72.46, 82.39]
2026-07-28 03:39:07,712 [bounded_memory_mixin.py] => [bounded_mem eval] volume 0.20 | cycle 13 | classes_seen 40 | CIL top1 71.76 | top5 89.10 | (nearest latent task ~3) | param_hash 7a3e645908c285cb | per-task [60.44, 68.45, 74.75, 83.64]
2026-07-28 03:42:51,377 [bounded_memory_mixin.py] => [bounded_mem eval] volume 0.25 | cycle 17 | classes_seen 50 | CIL top1 69.21 | top5 88.80 | (nearest latent task ~4) | param_hash 1b2879130016d19a | per-task [59.18, 62.83, 69.1, 74.24, 83.39]
2026-07-28 03:45:41,354 [bounded_memory_mixin.py] => [bounded_mem eval] volume 0.30 | cycle 20 | classes_seen 60 | CIL top1 65.97 | top5 86.40 | (nearest latent task ~5) | param_hash 523fa8788b11ce7a | per-task [56.33, 64.44, 55.48, 69.39, 72.92, 78.1]
2026-07-28 03:49:28,854 [bounded_memory_mixin.py] => [bounded_mem eval] volume 0.35 | cycle 24 | classes_seen 70 | CIL top1 60.34 | top5 83.83 | (nearest latent task ~6) | param_hash 76698c961dd7131a | per-task [44.3, 55.08, 45.18, 61.21, 64.98, 67.65, 86.53]
2026-07-28 03:52:21,673 [bounded_memory_mixin.py] => [bounded_mem eval] volume 0.40 | cycle 27 | classes_seen 80 | CIL top1 59.66 | top5 80.64 | (nearest latent task ~7) | param_hash f8b78376fb487fb4 | per-task [44.62, 50.53, 39.2, 58.79, 61.37, 66.01, 77.44, 85.45]
2026-07-28 03:56:08,991 [bounded_memory_mixin.py] => [bounded_mem eval] volume 0.45 | cycle 31 | classes_seen 90 | CIL top1 60.03 | top5 80.83 | (nearest latent task ~8) | param_hash e2a092e4be5fd4ba | per-task [44.94, 52.14, 42.19, 55.15, 57.4, 59.8, 71.72, 79.1, 80.17]
2026-07-28 03:59:04,053 [bounded_memory_mixin.py] => [bounded_mem eval] volume 0.50 | cycle 34 | classes_seen 109 | CIL top1 50.58 | top5 71.35 | (nearest latent task ~10) | param_hash 6fc7400c07e4a9da | per-task [44.3, 39.3, 39.53, 45.45, 56.68, 57.19, 58.59, 68.66, 76.97, 72.53, 0.78]
2026-07-28 04:02:55,285 [bounded_memory_mixin.py] => [bounded_mem eval] volume 0.55 | cycle 38 | classes_seen 120 | CIL top1 53.21 | top5 75.70 | (nearest latent task ~11) | param_hash ab16231c07ec19e9 | per-task [42.72, 41.98, 41.53, 44.24, 55.23, 57.52, 58.59, 60.45, 62.1, 59.89, 68.07, 53.37]
2026-07-28 04:05:51,115 [bounded_memory_mixin.py] => [bounded_mem eval] volume 0.60 | cycle 41 | classes_seen 120 | CIL top1 52.60 | top5 76.49 | (nearest latent task ~11) | param_hash bcba2ce009491c1f | per-task [35.44, 40.64, 35.22, 47.58, 49.1, 51.63, 60.61, 55.6, 62.39, 52.2, 54.04, 82.75]
2026-07-28 04:08:48,572 [bounded_memory_mixin.py] => [bounded_mem eval] volume 0.65 | cycle 44 | classes_seen 130 | CIL top1 50.22 | top5 73.05 | (nearest latent task ~12) | param_hash 2d1374354f7eaa10 | per-task [30.06, 38.77, 31.23, 44.24, 47.29, 46.41, 55.56, 55.97, 57.14, 51.1, 47.72, 71.43, 81.07]
2026-07-28 04:12:43,068 [bounded_memory_mixin.py] => [bounded_mem eval] volume 0.70 | cycle 48 | classes_seen 150 | CIL top1 49.31 | top5 72.95 | (nearest latent task ~14) | param_hash 512783975a418288 | per-task [37.34, 34.22, 33.89, 43.94, 52.71, 52.29, 56.23, 59.7, 54.52, 49.45, 47.72, 69.27, 66.67, 78.75, 14.45]
2026-07-28 04:15:41,936 [bounded_memory_mixin.py] => [bounded_mem eval] volume 0.75 | cycle 51 | classes_seen 150 | CIL top1 51.58 | top5 75.31 | (nearest latent task ~14) | param_hash e62428ab8098f194 | per-task [29.43, 35.56, 31.56, 46.36, 50.9, 54.9, 51.85, 55.6, 54.81, 52.2, 43.16, 64.42, 57.2, 68.64, 76.77]
2026-07-28 04:19:38,003 [bounded_memory_mixin.py] => [bounded_mem eval] volume 0.80 | cycle 55 | classes_seen 160 | CIL top1 52.61 | top5 74.50 | (nearest latent task ~15) | param_hash ba4eaeb60de89c54 | per-task [31.33, 40.64, 30.9, 53.03, 53.79, 56.86, 50.17, 54.1, 48.4, 45.05, 47.72, 59.57, 56.38, 68.29, 75.92, 64.86]
2026-07-28 04:22:39,323 [bounded_memory_mixin.py] => [bounded_mem eval] volume 0.85 | cycle 58 | classes_seen 170 | CIL top1 48.14 | top5 70.86 | (nearest latent task ~16) | param_hash 25e48ebe41a027e0 | per-task [32.28, 42.25, 33.22, 51.52, 42.24, 52.94, 45.45, 50.0, 49.56, 32.42, 46.67, 54.72, 51.85, 62.72, 64.02, 37.71, 66.25]
2026-07-28 04:26:38,577 [bounded_memory_mixin.py] => [bounded_mem eval] volume 0.90 | cycle 62 | classes_seen 190 | CIL top1 42.84 | top5 66.96 | (nearest latent task ~18) | param_hash f387e5846e19bf38 | per-task [27.85, 31.28, 28.9, 48.79, 40.43, 46.73, 37.04, 33.96, 45.19, 30.22, 37.89, 55.53, 39.09, 54.01, 56.94, 33.71, 62.5, 79.83, 26.92]
2026-07-28 04:29:41,511 [bounded_memory_mixin.py] => [bounded_mem eval] volume 0.95 | cycle 65 | classes_seen 200 | CIL top1 40.18 | top5 64.64 | (nearest latent task ~19) | param_hash fe4c631d9aaaf168 | per-task [22.15, 32.35, 21.59, 38.18, 40.79, 43.79, 32.66, 36.19, 42.86, 27.47, 29.47, 49.6, 39.92, 55.75, 55.52, 34.86, 56.25, 71.43, 70.98, 3.25]
2026-07-28 04:33:05,091 [bounded_memory_mixin.py] => [bounded_mem eval] volume 1.00 | cycle 69 | classes_seen 200 | CIL top1 44.36 | top5 67.86 | (nearest latent task ~19) | param_hash a0c0ae90123fb25c | per-task [26.27, 36.63, 23.92, 36.06, 38.63, 46.73, 34.01, 39.18, 44.31, 25.82, 30.88, 51.75, 42.8, 54.7, 52.97, 35.43, 57.5, 66.39, 70.63, 76.53]
2026-07-28 04:33:08,027 [metrics_logger.py] => [metrics] wrote run_logs/final/seqlora/metrics_seqlora_imagenetr_grid_50mb_seqlora_s1993_s1993.json
2026-07-28 04:33:08,027 [bounded_memory_mixin.py] => [CE metric] seqlora = 1.0 (eps=20, N=70 cycles)
2026-07-28 04:33:08,028 [trainer.py] => [bounded_mem] volume checkpoints: [0.05, 0.1, 0.15, 0.2, 0.25, 0.3, 0.35, 0.4, 0.45, 0.5, 0.55, 0.6, 0.65, 0.7, 0.75, 0.8, 0.85, 0.9, 0.95, 1.0]
2026-07-28 04:33:08,028 [trainer.py] => [bounded_mem] CIL top1 curve: [72.03, 83.77, 72.55, 71.76, 69.21, 65.97, 60.34, 59.66, 60.03, 50.58, 53.21, 52.6, 50.22, 49.31, 51.58, 52.61, 48.14, 42.84, 40.18, 44.36]
2026-07-28 04:33:08,028 [trainer.py] => [bounded_mem] CIL top5 curve: [89.86, 95.94, 90.72, 89.1, 88.8, 86.4, 83.83, 80.64, 80.83, 71.35, 75.7, 76.49, 73.05, 72.95, 75.31, 74.5, 70.86, 66.96, 64.64, 67.86]
[bounded_mem] checkpoints (fraction of stream): [0.05, 0.1, 0.15, 0.2, 0.25, 0.3, 0.35, 0.4, 0.45, 0.5, 0.55, 0.6, 0.65, 0.7, 0.75, 0.8, 0.85, 0.9, 0.95, 1.0]
[bounded_mem] CIL top1: [72.03, 83.77, 72.55, 71.76, 69.21, 65.97, 60.34, 59.66, 60.03, 50.58, 53.21, 52.6, 50.22, 49.31, 51.58, 52.61, 48.14, 42.84, 40.18, 44.36]
[bounded_mem] CIL top5: [89.86, 95.94, 90.72, 89.1, 88.8, 86.4, 83.83, 80.64, 80.83, 71.35, 75.7, 76.49, 73.05, 72.95, 75.31, 74.5, 70.86, 66.96, 64.64, 67.86]
2026-07-28 04:33:08,028 [trainer.py] => [bounded_mem] FINAL CIL top1 44.36 | top5 67.86 (at 100% of stream)
[bounded_mem] FINAL CIL top1 44.36 | top5 67.86
[bounded_mem] wrote run_logs/boundedmem_seqlora_imagenetr_grid_50mb_seqlora_s1993_s1993.json
