2026-07-29 00:14:21,458 [trainer.py] => config: exps/sketchlora_boltons/_patched_100mb_ca_v2_sharedfull_retry_gpu2.json
2026-07-29 00:14:21,459 [trainer.py] => dataset: omnibenchmark1k
2026-07-29 00:14:21,459 [trainer.py] => memory_size: 0
2026-07-29 00:14:21,459 [trainer.py] => memory_per_class: 0
2026-07-29 00:14:21,459 [trainer.py] => fixed_memory: False
2026-07-29 00:14:21,459 [trainer.py] => shuffle: True
2026-07-29 00:14:21,459 [trainer.py] => init_cls: 10
2026-07-29 00:14:21,459 [trainer.py] => increment: 10
2026-07-29 00:14:21,459 [trainer.py] => seed: 1993
2026-07-29 00:14:21,459 [trainer.py] => scenario: cil
2026-07-29 00:14:21,459 [trainer.py] => pretrained: True
2026-07-29 00:14:21,459 [trainer.py] => print_forget: False
2026-07-29 00:14:21,459 [trainer.py] => final_metrics: False
2026-07-29 00:14:21,459 [trainer.py] => backbone_type: vit_base_patch16_224_lora
2026-07-29 00:14:21,459 [trainer.py] => lora_rank: 10
2026-07-29 00:14:21,459 [trainer.py] => lora_alpha: None
2026-07-29 00:14:21,459 [trainer.py] => batch_size: 48
2026-07-29 00:14:21,459 [trainer.py] => weight_decay: 0.0005
2026-07-29 00:14:21,459 [trainer.py] => min_lr: 0.0
2026-07-29 00:14:21,459 [trainer.py] => tuned_epoch: 20
2026-07-29 00:14:21,459 [trainer.py] => boundary_mode: bounded_memory
2026-07-29 00:14:21,459 [trainer.py] => stop_after_tasks: 15
2026-07-29 00:14:21,459 [trainer.py] => device: [device(type='cuda', index=2)]
2026-07-29 00:14:21,459 [trainer.py] => model_name: sketchlora
2026-07-29 00:14:21,459 [trainer.py] => lora_merge: True
2026-07-29 00:14:21,459 [trainer.py] => lora_train_merge: True
2026-07-29 00:14:21,459 [trainer.py] => svd_rank: 10
2026-07-29 00:14:21,459 [trainer.py] => svd_oversampling: 10
2026-07-29 00:14:21,460 [trainer.py] => svd_energy_target: 0.01
2026-07-29 00:14:21,460 [trainer.py] => lora_n_slots: 2
2026-07-29 00:14:21,460 [trainer.py] => sketch_diag: True
2026-07-29 00:14:21,460 [trainer.py] => merge_op: randsvd
2026-07-29 00:14:21,460 [trainer.py] => sketchlora_admission: bounded_eviction
2026-07-29 00:14:21,460 [trainer.py] => sketchlora_rank_cap: 128
2026-07-29 00:14:21,460 [trainer.py] => sketchlora_lora_wd: 0.0
2026-07-29 00:14:21,460 [trainer.py] => sketchlora_eviction_reading: conformant
2026-07-29 00:14:21,460 [trainer.py] => init_lr: 0.001
2026-07-29 00:14:21,460 [trainer.py] => classifier_alignment: True
2026-07-29 00:14:21,460 [trainer.py] => ca_steps: 300
2026-07-29 00:14:21,460 [trainer.py] => ca_batch: 128
2026-07-29 00:14:21,460 [trainer.py] => ca_lr: 0.001
2026-07-29 00:14:21,460 [trainer.py] => bm_budget_mb: 100
2026-07-29 00:14:21,460 [trainer.py] => prefix: sketchlora_boltons_omni15t_100mb_ca_v2_sharedfull
2026-07-29 00:14:21,460 [trainer.py] => ca_cov_mode: shared_full
2026-07-29 00:14:22,028 [data_manager.py] => [54, 7, 894, 512, 126, 337, 988, 11, 284, 493, 133, 783, 192, 979, 622, 215, 240, 548, 238, 419, 274, 108, 928, 856, 494, 836, 473, 650, 85, 262, 508, 590, 390, 174, 637, 288, 658, 219, 912, 142, 852, 160, 704, 289, 123, 323, 600, 542, 999, 634, 391, 761, 490, 842, 127, 850, 665, 990, 597, 722, 748, 14, 77, 437, 394, 859, 279, 539, 75, 466, 886, 312, 303, 62, 966, 413, 959, 782, 509, 400, 471, 632, 275, 730, 105, 523, 224, 186, 478, 507, 470, 906, 699, 989, 324, 812, 260, 911, 446, 44, 765, 759, 67, 36, 5, 30, 184, 797, 159, 741, 954, 465, 533, 585, 150, 101, 897, 363, 818, 620, 824, 154, 956, 176, 588, 986, 172, 223, 461, 94, 141, 621, 659, 360, 136, 578, 163, 427, 70, 226, 925, 596, 336, 412, 731, 755, 381, 810, 69, 898, 310, 120, 752, 93, 39, 326, 537, 905, 448, 347, 51, 615, 601, 229, 947, 348, 220, 949, 972, 73, 913, 522, 193, 753, 921, 257, 957, 691, 155, 820, 584, 948, 92, 582, 89, 379, 392, 64, 904, 169, 216, 694, 103, 410, 374, 515, 484, 624, 409, 156, 455, 846, 344, 371, 468, 844, 276, 740, 562, 503, 831, 516, 663, 630, 763, 456, 179, 996, 936, 248, 333, 941, 63, 738, 802, 372, 828, 74, 540, 299, 750, 335, 177, 822, 643, 593, 800, 459, 580, 933, 306, 378, 76, 227, 426, 403, 322, 321, 808, 393, 27, 200, 764, 651, 244, 479, 3, 415, 23, 964, 671, 195, 569, 917, 611, 644, 707, 355, 855, 8, 534, 657, 571, 811, 681, 543, 313, 129, 978, 592, 573, 128, 243, 520, 887, 892, 696, 26, 551, 168, 71, 398, 778, 529, 526, 792, 868, 266, 443, 24, 57, 15, 871, 678, 745, 845, 208, 188, 674, 175, 406, 421, 833, 106, 994, 815, 581, 676, 49, 619, 217, 631, 934, 932, 568, 353, 863, 827, 425, 420, 99, 823, 113, 974, 438, 874, 343, 118, 340, 472, 552, 937, 0, 10, 675, 316, 879, 561, 387, 726, 255, 407, 56, 927, 655, 809, 839, 640, 297, 34, 497, 210, 606, 971, 589, 138, 263, 587, 993, 973, 382, 572, 735, 535, 139, 524, 314, 463, 895, 376, 939, 157, 858, 457, 935, 183, 114, 903, 767, 666, 22, 525, 902, 233, 250, 825, 79, 843, 221, 214, 205, 166, 431, 860, 292, 976, 739, 899, 475, 242, 961, 531, 110, 769, 55, 701, 532, 586, 729, 253, 486, 787, 774, 165, 627, 32, 291, 962, 922, 222, 705, 454, 356, 445, 746, 776, 404, 950, 241, 452, 245, 487, 706, 2, 137, 6, 98, 647, 50, 91, 202, 556, 38, 68, 649, 258, 345, 361, 464, 514, 958, 504, 826, 668, 880, 28, 920, 918, 339, 315, 320, 768, 201, 733, 575, 781, 864, 617, 171, 795, 132, 145, 368, 147, 327, 713, 688, 848, 690, 975, 354, 853, 148, 648, 300, 436, 780, 693, 682, 246, 449, 492, 162, 97, 59, 357, 198, 519, 90, 236, 375, 359, 230, 476, 784, 117, 940, 396, 849, 102, 122, 282, 181, 130, 467, 88, 271, 793, 151, 847, 914, 42, 834, 521, 121, 29, 806, 607, 510, 837, 301, 669, 78, 256, 474, 840, 52, 505, 547, 641, 987, 801, 629, 491, 605, 112, 429, 401, 742, 528, 87, 442, 910, 638, 785, 264, 711, 369, 428, 805, 744, 380, 725, 480, 318, 997, 153, 384, 252, 985, 538, 654, 388, 100, 432, 832, 565, 908, 367, 591, 294, 272, 231, 213, 196, 743, 817, 433, 328, 970, 969, 4, 613, 182, 685, 724, 915, 311, 931, 865, 86, 119, 203, 268, 718, 317, 926, 269, 161, 209, 807, 645, 513, 261, 518, 305, 758, 872, 58, 65, 146, 395, 481, 747, 41, 283, 204, 564, 185, 777, 33, 500, 609, 286, 567, 80, 228, 683, 757, 942, 134, 673, 616, 960, 450, 350, 544, 830, 736, 170, 679, 838, 819, 485, 430, 190, 566, 511, 482, 232, 527, 411, 560, 281, 342, 614, 662, 47, 771, 861, 692, 686, 277, 373, 16, 946, 265, 35, 9, 884, 909, 610, 358, 18, 737, 977, 677, 803, 595, 135, 458, 12, 46, 418, 599, 187, 107, 992, 770, 298, 104, 351, 893, 698, 929, 502, 273, 20, 96, 791, 636, 708, 267, 867, 772, 604, 618, 346, 330, 554, 816, 664, 716, 189, 31, 721, 712, 397, 43, 943, 804, 296, 109, 576, 869, 955, 17, 506, 963, 786, 720, 628, 779, 982, 633, 891, 734, 980, 386, 365, 794, 325, 841, 878, 370, 695, 293, 951, 66, 594, 717, 116, 488, 796, 983, 646, 499, 53, 1, 603, 45, 424, 875, 254, 237, 199, 414, 307, 362, 557, 866, 341, 19, 965, 143, 555, 687, 235, 790, 125, 173, 364, 882, 727, 728, 563, 495, 21, 558, 709, 719, 877, 352, 83, 998, 991, 469, 967, 760, 498, 814, 612, 715, 290, 72, 131, 259, 441, 924, 773, 48, 625, 501, 440, 82, 684, 862, 574, 309, 408, 680, 623, 439, 180, 652, 968, 889, 334, 61, 766, 399, 598, 798, 653, 930, 149, 249, 890, 308, 881, 40, 835, 577, 422, 703, 813, 857, 995, 602, 583, 167, 670, 212, 751, 496, 608, 84, 639, 579, 178, 489, 37, 197, 789, 530, 111, 876, 570, 700, 444, 287, 366, 883, 385, 536, 460, 851, 81, 144, 60, 251, 13, 953, 270, 944, 319, 885, 710, 952, 517, 278, 656, 919, 377, 550, 207, 660, 984, 447, 553, 338, 234, 383, 749, 916, 626, 462, 788, 434, 714, 799, 821, 477, 549, 661, 206, 667, 541, 642, 689, 194, 152, 981, 938, 854, 483, 332, 280, 546, 389, 405, 545, 239, 896, 672, 923, 402, 423, 907, 888, 140, 870, 559, 756, 25, 211, 158, 723, 635, 302, 702, 453, 218, 164, 829, 247, 775, 191, 732, 115, 331, 901, 416, 873, 754, 900, 435, 762, 124, 304, 329, 349, 295, 95, 451, 285, 225, 945, 697, 417]
This is for the BaseNet initialization.
I'm using ViT with per-task LoRA (q,v).
_IncompatibleKeys(missing_keys=['blocks.0.attn.cur_matrix', 'blocks.0.attn.frozen_delta_q', 'blocks.0.attn.frozen_delta_v', 'blocks.0.attn.lora_A_q.0.weight', 'blocks.0.attn.lora_A_q.1.weight', 'blocks.0.attn.lora_B_q.0.weight', 'blocks.0.attn.lora_B_q.1.weight', 'blocks.0.attn.lora_A_v.0.weight', 'blocks.0.attn.lora_A_v.1.weight', 'blocks.0.attn.lora_B_v.0.weight', 'blocks.0.attn.lora_B_v.1.weight', 'blocks.1.attn.cur_matrix', 'blocks.1.attn.frozen_delta_q', 'blocks.1.attn.frozen_delta_v', 'blocks.1.attn.lora_A_q.0.weight', 'blocks.1.attn.lora_A_q.1.weight', 'blocks.1.attn.lora_B_q.0.weight', 'blocks.1.attn.lora_B_q.1.weight', 'blocks.1.attn.lora_A_v.0.weight', 'blocks.1.attn.lora_A_v.1.weight', 'blocks.1.attn.lora_B_v.0.weight', 'blocks.1.attn.lora_B_v.1.weight', 'blocks.2.attn.cur_matrix', 'blocks.2.attn.frozen_delta_q', 'blocks.2.attn.frozen_delta_v', 'blocks.2.attn.lora_A_q.0.weight', 'blocks.2.attn.lora_A_q.1.weight', 'blocks.2.attn.lora_B_q.0.weight', 'blocks.2.attn.lora_B_q.1.weight', 'blocks.2.attn.lora_A_v.0.weight', 'blocks.2.attn.lora_A_v.1.weight', 'blocks.2.attn.lora_B_v.0.weight', 'blocks.2.attn.lora_B_v.1.weight', 'blocks.3.attn.cur_matrix', 'blocks.3.attn.frozen_delta_q', 'blocks.3.attn.frozen_delta_v', 'blocks.3.attn.lora_A_q.0.weight', 'blocks.3.attn.lora_A_q.1.weight', 'blocks.3.attn.lora_B_q.0.weight', 'blocks.3.attn.lora_B_q.1.weight', 'blocks.3.attn.lora_A_v.0.weight', 'blocks.3.attn.lora_A_v.1.weight', 'blocks.3.attn.lora_B_v.0.weight', 'blocks.3.attn.lora_B_v.1.weight', 'blocks.4.attn.cur_matrix', 'blocks.4.attn.frozen_delta_q', 'blocks.4.attn.frozen_delta_v', 'blocks.4.attn.lora_A_q.0.weight', 'blocks.4.attn.lora_A_q.1.weight', 'blocks.4.attn.lora_B_q.0.weight', 'blocks.4.attn.lora_B_q.1.weight', 'blocks.4.attn.lora_A_v.0.weight', 'blocks.4.attn.lora_A_v.1.weight', 'blocks.4.attn.lora_B_v.0.weight', 'blocks.4.attn.lora_B_v.1.weight', 'blocks.5.attn.cur_matrix', 'blocks.5.attn.frozen_delta_q', 'blocks.5.attn.frozen_delta_v', 'blocks.5.attn.lora_A_q.0.weight', 'blocks.5.attn.lora_A_q.1.weight', 'blocks.5.attn.lora_B_q.0.weight', 'blocks.5.attn.lora_B_q.1.weight', 'blocks.5.attn.lora_A_v.0.weight', 'blocks.5.attn.lora_A_v.1.weight', 'blocks.5.attn.lora_B_v.0.weight', 'blocks.5.attn.lora_B_v.1.weight', 'blocks.6.attn.cur_matrix', 'blocks.6.attn.frozen_delta_q', 'blocks.6.attn.frozen_delta_v', 'blocks.6.attn.lora_A_q.0.weight', 'blocks.6.attn.lora_A_q.1.weight', 'blocks.6.attn.lora_B_q.0.weight', 'blocks.6.attn.lora_B_q.1.weight', 'blocks.6.attn.lora_A_v.0.weight', 'blocks.6.attn.lora_A_v.1.weight', 'blocks.6.attn.lora_B_v.0.weight', 'blocks.6.attn.lora_B_v.1.weight', 'blocks.7.attn.cur_matrix', 'blocks.7.attn.frozen_delta_q', 'blocks.7.attn.frozen_delta_v', 'blocks.7.attn.lora_A_q.0.weight', 'blocks.7.attn.lora_A_q.1.weight', 'blocks.7.attn.lora_B_q.0.weight', 'blocks.7.attn.lora_B_q.1.weight', 'blocks.7.attn.lora_A_v.0.weight', 'blocks.7.attn.lora_A_v.1.weight', 'blocks.7.attn.lora_B_v.0.weight', 'blocks.7.attn.lora_B_v.1.weight', 'blocks.8.attn.cur_matrix', 'blocks.8.attn.frozen_delta_q', 'blocks.8.attn.frozen_delta_v', 'blocks.8.attn.lora_A_q.0.weight', 'blocks.8.attn.lora_A_q.1.weight', 'blocks.8.attn.lora_B_q.0.weight', 'blocks.8.attn.lora_B_q.1.weight', 'blocks.8.attn.lora_A_v.0.weight', 'blocks.8.attn.lora_A_v.1.weight', 'blocks.8.attn.lora_B_v.0.weight', 'blocks.8.attn.lora_B_v.1.weight', 'blocks.9.attn.cur_matrix', 'blocks.9.attn.frozen_delta_q', 'blocks.9.attn.frozen_delta_v', 'blocks.9.attn.lora_A_q.0.weight', 'blocks.9.attn.lora_A_q.1.weight', 'blocks.9.attn.lora_B_q.0.weight', 'blocks.9.attn.lora_B_q.1.weight', 'blocks.9.attn.lora_A_v.0.weight', 'blocks.9.attn.lora_A_v.1.weight', 'blocks.9.attn.lora_B_v.0.weight', 'blocks.9.attn.lora_B_v.1.weight', 'blocks.10.attn.cur_matrix', 'blocks.10.attn.frozen_delta_q', 'blocks.10.attn.frozen_delta_v', 'blocks.10.attn.lora_A_q.0.weight', 'blocks.10.attn.lora_A_q.1.weight', 'blocks.10.attn.lora_B_q.0.weight', 'blocks.10.attn.lora_B_q.1.weight', 'blocks.10.attn.lora_A_v.0.weight', 'blocks.10.attn.lora_A_v.1.weight', 'blocks.10.attn.lora_B_v.0.weight', 'blocks.10.attn.lora_B_v.1.weight', 'blocks.11.attn.cur_matrix', 'blocks.11.attn.frozen_delta_q', 'blocks.11.attn.frozen_delta_v', 'blocks.11.attn.lora_A_q.0.weight', 'blocks.11.attn.lora_A_q.1.weight', 'blocks.11.attn.lora_B_q.0.weight', 'blocks.11.attn.lora_B_q.1.weight', 'blocks.11.attn.lora_A_v.0.weight', 'blocks.11.attn.lora_A_v.1.weight', 'blocks.11.attn.lora_B_v.0.weight', 'blocks.11.attn.lora_B_v.1.weight'], unexpected_keys=[])
After BaseNet initialization.
2026-07-29 00:14:28,144 [bounded_memory_mixin.py] => [bounded_mem] stop_after_tasks=15 (of 100 total)
2026-07-29 00:14:28,169 [bounded_memory_mixin.py] => [bounded_mem] budget_mb=100.0 -> cycle=697 images (mean_task=1726.8 images, so this budget is 0.40x mean task size); 25902 total images -> 38 cycles (T=38 sessions); 10 eval checkpoints
2026-07-29 00:16:15,084 [sketchlora.py] => [SketchDiag] task 0: retained-energy mean=1.000 min=1.000 | ||ΔW||_F mean=0.875 | r_hat mean=10.0 total=240
2026-07-29 00:16:19,867 [sketchlora.py] => [CA] cycle 0: steps=300 final_loss=9.52834016061388e-05 stopped_early=False
Target rank: 18
Target rank: 17
Target rank: 18
Target rank: 18
Target rank: 18
Target rank: 18
Target rank: 18
Target rank: 18
Target rank: 18
Target rank: 17
Target rank: 18
Target rank: 18
Target rank: 18
Target rank: 18
Target rank: 17
Target rank: 19
Target rank: 17
Target rank: 19
Target rank: 17
Target rank: 19
Target rank: 12
Target rank: 19
Target rank: 10
Target rank: 17
2026-07-29 00:18:06,017 [sketchlora.py] => [SketchDiag] task 1: retained-energy mean=0.993 min=0.990 | ||ΔW||_F mean=1.146 | r_hat mean=17.3 total=416
2026-07-29 00:18:10,669 [sketchlora.py] => [CA] cycle 1: steps=300 final_loss=0.00011737390013877302 stopped_early=False
Target rank: 25
Target rank: 23
Target rank: 25
Target rank: 25
Target rank: 26
Target rank: 26
Target rank: 24
Target rank: 25
Target rank: 25
Target rank: 25
Target rank: 25
Target rank: 25
Target rank: 26
Target rank: 26
Target rank: 24
Target rank: 27
Target rank: 23
Target rank: 27
Target rank: 24
Target rank: 27
Target rank: 15
Target rank: 27
Target rank: 10
Target rank: 22
2026-07-29 00:19:58,419 [sketchlora.py] => [SketchDiag] task 2: retained-energy mean=0.992 min=0.990 | ||ΔW||_F mean=1.439 | r_hat mean=24.0 total=577
2026-07-29 00:20:03,033 [sketchlora.py] => [CA] cycle 2: steps=300 final_loss=0.00031503665377385914 stopped_early=False
Target rank: 31
Target rank: 29
Target rank: 31
Target rank: 31
Target rank: 33
Target rank: 33
Target rank: 31
Target rank: 31
Target rank: 31
Target rank: 32
Target rank: 32
Target rank: 32
Target rank: 34
Target rank: 33
Target rank: 30
Target rank: 35
Target rank: 28
Target rank: 35
Target rank: 30
Target rank: 35
Target rank: 20
Target rank: 34
Target rank: 10
Target rank: 26
2026-07-29 00:21:50,705 [sketchlora.py] => [SketchDiag] task 3: retained-energy mean=0.992 min=0.990 | ||ΔW||_F mean=1.638 | r_hat mean=30.3 total=727
2026-07-29 00:21:55,321 [sketchlora.py] => [CA] cycle 3: steps=300 final_loss=0.004929151386022568 stopped_early=False
2026-07-29 00:21:58,445 [bounded_memory_mixin.py] => [bounded_mem eval] volume 0.10 | cycle 3 | classes_seen 20 | CIL top1 93.20 | top5 100.00 | (nearest latent task ~1) | param_hash a694bebf55b99330 | per-task [90.45, 95.96]
Target rank: 36
Target rank: 34
Target rank: 36
Target rank: 36
Target rank: 39
Target rank: 39
Target rank: 37
Target rank: 37
Target rank: 37
Target rank: 38
Target rank: 39
Target rank: 39
Target rank: 42
Target rank: 40
Target rank: 37
Target rank: 42
Target rank: 34
Target rank: 42
Target rank: 36
Target rank: 43
Target rank: 24
Target rank: 41
Target rank: 10
Target rank: 29
2026-07-29 00:23:46,856 [sketchlora.py] => [SketchDiag] task 4: retained-energy mean=0.991 min=0.990 | ||ΔW||_F mean=1.752 | r_hat mean=36.1 total=867
2026-07-29 00:23:51,462 [sketchlora.py] => [CA] cycle 4: steps=300 final_loss=0.001852892222814262 stopped_early=False
Target rank: 40
Target rank: 38
Target rank: 41
Target rank: 41
Target rank: 45
Target rank: 44
Target rank: 42
Target rank: 41
Target rank: 42
Target rank: 43
Target rank: 45
Target rank: 44
Target rank: 49
Target rank: 45
Target rank: 42
Target rank: 48
Target rank: 38
Target rank: 48
Target rank: 41
Target rank: 49
Target rank: 27
Target rank: 46
Target rank: 10
Target rank: 34
2026-07-29 00:25:40,554 [sketchlora.py] => [SketchDiag] task 5: retained-energy mean=0.992 min=0.990 | ||ΔW||_F mean=1.942 | r_hat mean=41.0 total=983
2026-07-29 00:25:45,171 [sketchlora.py] => [CA] cycle 5: steps=300 final_loss=1.4635456864198204e-05 stopped_early=False
Target rank: 44
Target rank: 41
Target rank: 45
Target rank: 45
Target rank: 50
Target rank: 49
Target rank: 47
Target rank: 46
Target rank: 47
Target rank: 49
Target rank: 51
Target rank: 50
Target rank: 55
Target rank: 51
Target rank: 47
Target rank: 54
Target rank: 43
Target rank: 53
Target rank: 44
Target rank: 54
Target rank: 29
Target rank: 50
Target rank: 10
Target rank: 36
2026-07-29 00:27:34,109 [sketchlora.py] => [SketchDiag] task 6: retained-energy mean=0.991 min=0.990 | ||ΔW||_F mean=2.050 | r_hat mean=45.4 total=1090
2026-07-29 00:27:38,719 [sketchlora.py] => [CA] cycle 6: steps=300 final_loss=4.005881055491045e-05 stopped_early=False
Target rank: 47
Target rank: 44
Target rank: 48
Target rank: 49
Target rank: 54
Target rank: 53
Target rank: 52
Target rank: 49
Target rank: 51
Target rank: 53
Target rank: 56
Target rank: 55
Target rank: 61
Target rank: 55
Target rank: 52
Target rank: 59
Target rank: 48
Target rank: 58
Target rank: 48
Target rank: 59
Target rank: 31
Target rank: 55
Target rank: 10
Target rank: 40
2026-07-29 00:29:28,046 [sketchlora.py] => [SketchDiag] task 7: retained-energy mean=0.991 min=0.990 | ||ΔW||_F mean=2.207 | r_hat mean=49.5 total=1187
2026-07-29 00:29:32,638 [sketchlora.py] => [CA] cycle 7: steps=300 final_loss=0.0001539017102913931 stopped_early=False
2026-07-29 00:29:36,860 [bounded_memory_mixin.py] => [bounded_mem eval] volume 0.20 | cycle 7 | classes_seen 40 | CIL top1 83.44 | top5 96.74 | (nearest latent task ~3) | param_hash a05fd4ab280580f4 | per-task [77.39, 71.21, 96.0, 89.0]
Target rank: 50
Target rank: 47
Target rank: 51
Target rank: 53
Target rank: 58
Target rank: 56
Target rank: 57
Target rank: 52
Target rank: 55
Target rank: 57
Target rank: 61
Target rank: 60
Target rank: 66
Target rank: 60
Target rank: 55
Target rank: 64
Target rank: 52
Target rank: 63
Target rank: 52
Target rank: 64
Target rank: 31
Target rank: 59
Target rank: 10
Target rank: 42
2026-07-29 00:31:26,115 [sketchlora.py] => [SketchDiag] task 8: retained-energy mean=0.992 min=0.990 | ||ΔW||_F mean=2.310 | r_hat mean=53.1 total=1275
2026-07-29 00:31:30,723 [sketchlora.py] => [CA] cycle 8: steps=300 final_loss=0.0012992899864912033 stopped_early=False
Target rank: 53
Target rank: 49
Target rank: 54
Target rank: 55
Target rank: 61
Target rank: 60
Target rank: 60
Target rank: 55
Target rank: 59
Target rank: 61
Target rank: 65
Target rank: 64
Target rank: 71
Target rank: 64
Target rank: 59
Target rank: 68
Target rank: 56
Target rank: 68
Target rank: 56
Target rank: 68
Target rank: 34
Target rank: 63
Target rank: 10
Target rank: 45
2026-07-29 00:33:20,291 [sketchlora.py] => [SketchDiag] task 9: retained-energy mean=0.991 min=0.990 | ||ΔW||_F mean=2.433 | r_hat mean=56.6 total=1358
2026-07-29 00:33:24,934 [sketchlora.py] => [CA] cycle 9: steps=300 final_loss=0.001741643063724041 stopped_early=False
Target rank: 55
Target rank: 51
Target rank: 57
Target rank: 58
Target rank: 64
Target rank: 63
Target rank: 64
Target rank: 59
Target rank: 63
Target rank: 65
Target rank: 70
Target rank: 69
Target rank: 75
Target rank: 68
Target rank: 63
Target rank: 72
Target rank: 60
Target rank: 73
Target rank: 59
Target rank: 72
Target rank: 37
Target rank: 67
Target rank: 11
Target rank: 47
2026-07-29 00:35:14,401 [sketchlora.py] => [SketchDiag] task 10: retained-energy mean=0.991 min=0.990 | ||ΔW||_F mean=2.546 | r_hat mean=60.1 total=1442
2026-07-29 00:35:19,042 [sketchlora.py] => [CA] cycle 10: steps=300 final_loss=7.949145219754428e-05 stopped_early=False
Target rank: 57
Target rank: 54
Target rank: 59
Target rank: 61
Target rank: 67
Target rank: 66
Target rank: 67
Target rank: 62
Target rank: 67
Target rank: 69
Target rank: 74
Target rank: 72
Target rank: 79
Target rank: 71
Target rank: 66
Target rank: 76
Target rank: 63
Target rank: 77
Target rank: 63
Target rank: 76
Target rank: 40
Target rank: 70
Target rank: 12
Target rank: 49
2026-07-29 00:37:08,747 [sketchlora.py] => [SketchDiag] task 11: retained-energy mean=0.991 min=0.990 | ||ΔW||_F mean=2.633 | r_hat mean=63.2 total=1517
2026-07-29 00:37:13,356 [sketchlora.py] => [CA] cycle 11: steps=300 final_loss=0.00017895764904096723 stopped_early=False
2026-07-29 00:37:18,212 [bounded_memory_mixin.py] => [bounded_mem eval] volume 0.30 | cycle 11 | classes_seen 50 | CIL top1 79.72 | top5 96.69 | (nearest latent task ~4) | param_hash c3928835d3442755 | per-task [55.78, 70.2, 87.0, 90.0, 95.48]
Target rank: 58
Target rank: 56
Target rank: 61
Target rank: 63
Target rank: 70
Target rank: 68
Target rank: 69
Target rank: 65
Target rank: 70
Target rank: 71
Target rank: 77
Target rank: 75
Target rank: 82
Target rank: 74
Target rank: 69
Target rank: 80
Target rank: 67
Target rank: 80
Target rank: 66
Target rank: 80
Target rank: 43
Target rank: 73
Target rank: 12
Target rank: 52
2026-07-29 00:39:08,263 [sketchlora.py] => [SketchDiag] task 12: retained-energy mean=0.991 min=0.990 | ||ΔW||_F mean=2.755 | r_hat mean=65.9 total=1581
2026-07-29 00:39:12,863 [sketchlora.py] => [CA] cycle 12: steps=300 final_loss=0.0016189696034416556 stopped_early=False
Target rank: 59
Target rank: 58
Target rank: 63
Target rank: 65
Target rank: 72
Target rank: 71
Target rank: 71
Target rank: 68
Target rank: 71
Target rank: 74
Target rank: 81
Target rank: 78
Target rank: 86
Target rank: 78
Target rank: 72
Target rank: 83
Target rank: 70
Target rank: 83
Target rank: 69
Target rank: 84
Target rank: 46
Target rank: 75
Target rank: 13
Target rank: 53
2026-07-29 00:41:02,833 [sketchlora.py] => [SketchDiag] task 13: retained-energy mean=0.991 min=0.990 | ||ΔW||_F mean=2.847 | r_hat mean=68.5 total=1643
2026-07-29 00:41:07,454 [sketchlora.py] => [CA] cycle 13: steps=300 final_loss=0.0022014672867953777 stopped_early=False
Target rank: 60
Target rank: 59
Target rank: 64
Target rank: 66
Target rank: 74
Target rank: 73
Target rank: 73
Target rank: 71
Target rank: 72
Target rank: 76
Target rank: 84
Target rank: 80
Target rank: 89
Target rank: 81
Target rank: 74
Target rank: 86
Target rank: 73
Target rank: 86
Target rank: 71
Target rank: 87
Target rank: 47
Target rank: 77
Target rank: 14
Target rank: 53
2026-07-29 00:42:57,369 [sketchlora.py] => [SketchDiag] task 14: retained-energy mean=0.991 min=0.990 | ||ΔW||_F mean=2.918 | r_hat mean=70.4 total=1690
2026-07-29 00:43:01,983 [sketchlora.py] => [CA] cycle 14: steps=300 final_loss=4.004685294489718e-08 stopped_early=False
2026-07-29 00:43:07,421 [bounded_memory_mixin.py] => [bounded_mem eval] volume 0.40 | cycle 14 | classes_seen 60 | CIL top1 80.25 | top5 96.07 | (nearest latent task ~5) | param_hash c37836953038aa95 | per-task [57.79, 66.67, 82.5, 81.5, 94.47, 98.49]
Target rank: 61
Target rank: 60
Target rank: 64
Target rank: 68
Target rank: 76
Target rank: 74
Target rank: 75
Target rank: 72
Target rank: 73
Target rank: 77
Target rank: 84
Target rank: 81
Target rank: 90
Target rank: 83
Target rank: 75
Target rank: 88
Target rank: 75
Target rank: 88
Target rank: 72
Target rank: 90
Target rank: 48
Target rank: 80
Target rank: 14
Target rank: 56
2026-07-29 00:44:57,862 [sketchlora.py] => [SketchDiag] task 15: retained-energy mean=0.991 min=0.990 | ||ΔW||_F mean=3.039 | r_hat mean=71.8 total=1724
2026-07-29 00:45:02,479 [sketchlora.py] => [CA] cycle 15: steps=300 final_loss=0.0003514160343911499 stopped_early=False
Target rank: 61
Target rank: 61
Target rank: 65
Target rank: 69
Target rank: 78
Target rank: 76
Target rank: 77
Target rank: 74
Target rank: 75
Target rank: 80
Target rank: 86
Target rank: 84
Target rank: 92
Target rank: 86
Target rank: 78
Target rank: 91
Target rank: 77
Target rank: 91
Target rank: 74
Target rank: 93
Target rank: 50
Target rank: 82
Target rank: 15
Target rank: 57
2026-07-29 00:46:52,776 [sketchlora.py] => [SketchDiag] task 16: retained-energy mean=0.991 min=0.990 | ||ΔW||_F mean=3.103 | r_hat mean=73.8 total=1772
2026-07-29 00:46:57,398 [sketchlora.py] => [CA] cycle 16: steps=300 final_loss=3.1282685085898265e-05 stopped_early=False
Target rank: 62
Target rank: 62
Target rank: 66
Target rank: 71
Target rank: 79
Target rank: 78
Target rank: 79
Target rank: 76
Target rank: 75
Target rank: 81
Target rank: 87
Target rank: 86
Target rank: 94
Target rank: 87
Target rank: 79
Target rank: 93
Target rank: 78
Target rank: 93
Target rank: 75
Target rank: 96
Target rank: 50
Target rank: 85
Target rank: 15
Target rank: 60
2026-07-29 00:48:47,876 [sketchlora.py] => [SketchDiag] task 17: retained-energy mean=0.991 min=0.990 | ||ΔW||_F mean=3.210 | r_hat mean=75.3 total=1807
2026-07-29 00:48:52,489 [sketchlora.py] => [CA] cycle 17: steps=300 final_loss=5.652806066791527e-05 stopped_early=False
Target rank: 62
Target rank: 63
Target rank: 67
Target rank: 73
Target rank: 80
Target rank: 79
Target rank: 81
Target rank: 79
Target rank: 76
Target rank: 83
Target rank: 89
Target rank: 87
Target rank: 96
Target rank: 90
Target rank: 81
Target rank: 96
Target rank: 80
Target rank: 95
Target rank: 78
Target rank: 99
Target rank: 52
Target rank: 86
Target rank: 16
Target rank: 60
2026-07-29 00:50:42,802 [sketchlora.py] => [SketchDiag] task 18: retained-energy mean=0.991 min=0.990 | ||ΔW||_F mean=3.282 | r_hat mean=77.0 total=1848
2026-07-29 00:50:47,407 [sketchlora.py] => [CA] cycle 18: steps=300 final_loss=0.00021867141185794026 stopped_early=False
2026-07-29 00:50:53,951 [bounded_memory_mixin.py] => [bounded_mem eval] volume 0.50 | cycle 18 | classes_seen 80 | CIL top1 79.99 | top5 95.22 | (nearest latent task ~7) | param_hash 45c2d2c9e5040f49 | per-task [54.77, 58.08, 76.5, 77.5, 93.47, 91.96, 92.82, 94.97]
Target rank: 62
Target rank: 65
Target rank: 67
Target rank: 74
Target rank: 81
Target rank: 80
Target rank: 82
Target rank: 80
Target rank: 77
Target rank: 83
Target rank: 90
Target rank: 89
Target rank: 97
Target rank: 91
Target rank: 83
Target rank: 98
Target rank: 81
Target rank: 98
Target rank: 81
Target rank: 102
Target rank: 53
Target rank: 88
Target rank: 16
Target rank: 63
2026-07-29 00:52:44,505 [sketchlora.py] => [SketchDiag] task 19: retained-energy mean=0.991 min=0.990 | ||ΔW||_F mean=3.371 | r_hat mean=78.4 total=1881
2026-07-29 00:52:49,127 [sketchlora.py] => [CA] cycle 19: steps=300 final_loss=0.0005936042871326208 stopped_early=False
Target rank: 62
Target rank: 66
Target rank: 68
Target rank: 76
Target rank: 82
Target rank: 82
Target rank: 84
Target rank: 82
Target rank: 79
Target rank: 85
Target rank: 93
Target rank: 91
Target rank: 99
Target rank: 93
Target rank: 85
Target rank: 100
Target rank: 82
Target rank: 101
Target rank: 83
Target rank: 104
Target rank: 54
Target rank: 89
Target rank: 17
Target rank: 63
2026-07-29 00:54:39,504 [sketchlora.py] => [SketchDiag] task 20: retained-energy mean=0.991 min=0.990 | ||ΔW||_F mean=3.427 | r_hat mean=80.0 total=1920
2026-07-29 00:54:44,139 [sketchlora.py] => [CA] cycle 20: steps=300 final_loss=7.747995368845295e-06 stopped_early=False
Target rank: 62
Target rank: 68
Target rank: 68
Target rank: 77
Target rank: 83
Target rank: 83
Target rank: 85
Target rank: 84
Target rank: 80
Target rank: 86
Target rank: 95
Target rank: 92
Target rank: 100
Target rank: 95
Target rank: 86
Target rank: 102
Target rank: 83
Target rank: 103
Target rank: 84
Target rank: 106
Target rank: 56
Target rank: 91
Target rank: 17
Target rank: 64
2026-07-29 00:56:34,595 [sketchlora.py] => [SketchDiag] task 21: retained-energy mean=0.991 min=0.990 | ||ΔW||_F mean=3.488 | r_hat mean=81.2 total=1950
2026-07-29 00:56:39,209 [sketchlora.py] => [CA] cycle 21: steps=300 final_loss=0.0003778036334551871 stopped_early=False
Target rank: 62
Target rank: 69
Target rank: 68
Target rank: 79
Target rank: 84
Target rank: 84
Target rank: 86
Target rank: 85
Target rank: 81
Target rank: 87
Target rank: 96
Target rank: 94
Target rank: 100
Target rank: 96
Target rank: 87
Target rank: 103
Target rank: 85
Target rank: 104
Target rank: 85
Target rank: 107
Target rank: 57
Target rank: 91
Target rank: 18
Target rank: 65
2026-07-29 00:58:29,747 [sketchlora.py] => [SketchDiag] task 22: retained-energy mean=0.991 min=0.990 | ||ΔW||_F mean=3.566 | r_hat mean=82.2 total=1973
2026-07-29 00:58:34,410 [sketchlora.py] => [CA] cycle 22: steps=300 final_loss=0.001604217803105712 stopped_early=False
2026-07-29 00:58:41,897 [bounded_memory_mixin.py] => [bounded_mem eval] volume 0.60 | cycle 22 | classes_seen 100 | CIL top1 77.19 | top5 94.31 | (nearest latent task ~9) | param_hash cf140c6e81a1759b | per-task [50.75, 57.07, 75.5, 56.0, 87.94, 84.42, 85.13, 84.92, 95.0, 95.43]
Target rank: 62
Target rank: 70
Target rank: 69
Target rank: 80
Target rank: 85
Target rank: 86
Target rank: 88
Target rank: 87
Target rank: 83
Target rank: 89
Target rank: 98
Target rank: 95
Target rank: 102
Target rank: 98
Target rank: 89
Target rank: 105
Target rank: 87
Target rank: 106
Target rank: 87
Target rank: 108
Target rank: 58
Target rank: 91
Target rank: 18
Target rank: 65
2026-07-29 01:00:32,745 [sketchlora.py] => [SketchDiag] task 23: retained-energy mean=0.991 min=0.990 | ||ΔW||_F mean=3.621 | r_hat mean=83.6 total=2006
2026-07-29 01:00:37,351 [sketchlora.py] => [CA] cycle 23: steps=300 final_loss=0.028429556638002396 stopped_early=False
Target rank: 62
Target rank: 71
Target rank: 69
Target rank: 81
Target rank: 85
Target rank: 86
Target rank: 88
Target rank: 87
Target rank: 83
Target rank: 89
Target rank: 98
Target rank: 95
Target rank: 102
Target rank: 98
Target rank: 90
Target rank: 106
Target rank: 89
Target rank: 107
Target rank: 88
Target rank: 110
Target rank: 58
Target rank: 92
Target rank: 18
Target rank: 67
2026-07-29 01:02:28,600 [sketchlora.py] => [SketchDiag] task 24: retained-energy mean=0.991 min=0.990 | ||ΔW||_F mean=3.714 | r_hat mean=84.1 total=2019
2026-07-29 01:02:33,240 [sketchlora.py] => [CA] cycle 24: steps=300 final_loss=0.00021642404317390174 stopped_early=False
Target rank: 62
Target rank: 71
Target rank: 69
Target rank: 82
Target rank: 85
Target rank: 87
Target rank: 89
Target rank: 88
Target rank: 84
Target rank: 90
Target rank: 99
Target rank: 96
Target rank: 103
Target rank: 99
Target rank: 92
Target rank: 108
Target rank: 90
Target rank: 108
Target rank: 90
Target rank: 112
Target rank: 60
Target rank: 93
Target rank: 19
Target rank: 68
2026-07-29 01:04:24,109 [sketchlora.py] => [SketchDiag] task 25: retained-energy mean=0.991 min=0.990 | ||ΔW||_F mean=3.773 | r_hat mean=85.2 total=2044
2026-07-29 01:04:28,750 [sketchlora.py] => [CA] cycle 25: steps=300 final_loss=5.642371888825437e-06 stopped_early=False
Target rank: 62
Target rank: 71
Target rank: 69
Target rank: 83
Target rank: 85
Target rank: 88
Target rank: 89
Target rank: 89
Target rank: 84
Target rank: 91
Target rank: 99
Target rank: 96
Target rank: 104
Target rank: 101
Target rank: 94
Target rank: 109
Target rank: 91
Target rank: 110
Target rank: 92
Target rank: 113
Target rank: 62
Target rank: 95
Target rank: 19
Target rank: 70
2026-07-29 01:06:19,807 [sketchlora.py] => [SketchDiag] task 26: retained-energy mean=0.991 min=0.990 | ||ΔW||_F mean=3.844 | r_hat mean=86.1 total=2066
2026-07-29 01:06:24,432 [sketchlora.py] => [CA] cycle 26: steps=300 final_loss=0.0031195390038192272 stopped_early=False
2026-07-29 01:06:33,366 [bounded_memory_mixin.py] => [bounded_mem eval] volume 0.70 | cycle 26 | classes_seen 120 | CIL top1 75.34 | top5 90.31 | (nearest latent task ~11) | param_hash d2ff6688d1cfd5f5 | per-task [48.24, 55.05, 75.5, 53.5, 83.92, 81.41, 79.49, 83.92, 83.0, 88.32, 86.43, 85.43]
Target rank: 62
Target rank: 72
Target rank: 69
Target rank: 84
Target rank: 85
Target rank: 89
Target rank: 90
Target rank: 90
Target rank: 85
Target rank: 92
Target rank: 101
Target rank: 97
Target rank: 105
Target rank: 103
Target rank: 95
Target rank: 110
Target rank: 92
Target rank: 112
Target rank: 94
Target rank: 114
Target rank: 63
Target rank: 95
Target rank: 19
Target rank: 70
2026-07-29 01:08:24,178 [sketchlora.py] => [SketchDiag] task 27: retained-energy mean=0.991 min=0.990 | ||ΔW||_F mean=3.895 | r_hat mean=87.0 total=2088
2026-07-29 01:08:28,798 [sketchlora.py] => [CA] cycle 27: steps=300 final_loss=0.0007339755538851023 stopped_early=False
Target rank: 62
Target rank: 72
Target rank: 69
Target rank: 84
Target rank: 85
Target rank: 89
Target rank: 91
Target rank: 91
Target rank: 86
Target rank: 92
Target rank: 102
Target rank: 98
Target rank: 106
Target rank: 104
Target rank: 96
Target rank: 111
Target rank: 92
Target rank: 112
Target rank: 95
Target rank: 115
Target rank: 64
Target rank: 95
Target rank: 19
Target rank: 70
2026-07-29 01:10:19,796 [sketchlora.py] => [SketchDiag] task 28: retained-energy mean=0.991 min=0.990 | ||ΔW||_F mean=3.937 | r_hat mean=87.5 total=2100
2026-07-29 01:10:24,445 [sketchlora.py] => [CA] cycle 28: steps=300 final_loss=0.00011601563164731488 stopped_early=False
Target rank: 62
Target rank: 72
Target rank: 69
Target rank: 84
Target rank: 85
Target rank: 89
Target rank: 91
Target rank: 91
Target rank: 86
Target rank: 93
Target rank: 102
Target rank: 98
Target rank: 106
Target rank: 104
Target rank: 97
Target rank: 111
Target rank: 92
Target rank: 112
Target rank: 95
Target rank: 116
Target rank: 65
Target rank: 96
Target rank: 19
Target rank: 71
2026-07-29 01:12:15,558 [sketchlora.py] => [SketchDiag] task 29: retained-energy mean=0.991 min=0.990 | ||ΔW||_F mean=4.025 | r_hat mean=87.8 total=2106
2026-07-29 01:12:20,195 [sketchlora.py] => [CA] cycle 29: steps=300 final_loss=0.002929187146946788 stopped_early=False
2026-07-29 01:12:29,431 [bounded_memory_mixin.py] => [bounded_mem eval] volume 0.80 | cycle 29 | classes_seen 130 | CIL top1 74.93 | top5 91.36 | (nearest latent task ~12) | param_hash d042418c0fb9f83f | per-task [44.72, 56.57, 72.5, 52.5, 78.89, 79.4, 77.95, 86.43, 81.5, 86.29, 75.38, 90.95, 91.37]
Target rank: 62
Target rank: 72
Target rank: 69
Target rank: 85
Target rank: 85
Target rank: 90
Target rank: 91
Target rank: 92
Target rank: 87
Target rank: 94
Target rank: 103
Target rank: 99
Target rank: 107
Target rank: 104
Target rank: 98
Target rank: 111
Target rank: 93
Target rank: 112
Target rank: 95
Target rank: 116
Target rank: 66
Target rank: 96
Target rank: 19
Target rank: 71
2026-07-29 01:14:21,360 [sketchlora.py] => [SketchDiag] task 30: retained-energy mean=0.992 min=0.990 | ||ΔW||_F mean=4.070 | r_hat mean=88.2 total=2117
2026-07-29 01:14:25,990 [sketchlora.py] => [CA] cycle 30: steps=300 final_loss=0.0038758155424147844 stopped_early=False
Target rank: 62
Target rank: 72
Target rank: 69
Target rank: 85
Target rank: 85
Target rank: 91
Target rank: 92
Target rank: 94
Target rank: 88
Target rank: 95
Target rank: 104
Target rank: 100
Target rank: 108
Target rank: 105
Target rank: 99
Target rank: 111
Target rank: 93
Target rank: 112
Target rank: 95
Target rank: 116
Target rank: 67
Target rank: 96
Target rank: 19
Target rank: 71
2026-07-29 01:16:17,072 [sketchlora.py] => [SketchDiag] task 31: retained-energy mean=0.991 min=0.990 | ||ΔW||_F mean=4.119 | r_hat mean=88.7 total=2129
2026-07-29 01:16:21,687 [sketchlora.py] => [CA] cycle 31: steps=300 final_loss=3.0202450943761505e-05 stopped_early=False
Target rank: 62
Target rank: 72
Target rank: 69
Target rank: 85
Target rank: 85
Target rank: 91
Target rank: 92
Target rank: 95
Target rank: 88
Target rank: 96
Target rank: 104
Target rank: 100
Target rank: 108
Target rank: 106
Target rank: 100
Target rank: 112
Target rank: 93
Target rank: 113
Target rank: 95
Target rank: 117
Target rank: 67
Target rank: 96
Target rank: 20
Target rank: 73
2026-07-29 01:18:13,181 [sketchlora.py] => [SketchDiag] task 32: retained-energy mean=0.992 min=0.990 | ||ΔW||_F mean=4.197 | r_hat mean=89.1 total=2139
2026-07-29 01:18:17,775 [sketchlora.py] => [CA] cycle 32: steps=300 final_loss=0.0004103592364117503 stopped_early=False
Target rank: 62
Target rank: 72
Target rank: 69
Target rank: 85
Target rank: 85
Target rank: 92
Target rank: 93
Target rank: 96
Target rank: 89
Target rank: 97
Target rank: 105
Target rank: 100
Target rank: 109
Target rank: 107
Target rank: 101
Target rank: 113
Target rank: 93
Target rank: 113
Target rank: 95
Target rank: 117
Target rank: 68
Target rank: 96
Target rank: 20
Target rank: 73
2026-07-29 01:20:09,076 [sketchlora.py] => [SketchDiag] task 33: retained-energy mean=0.991 min=0.990 | ||ΔW||_F mean=4.237 | r_hat mean=89.6 total=2150
2026-07-29 01:20:13,709 [sketchlora.py] => [CA] cycle 33: steps=300 final_loss=0.00020491977920755744 stopped_early=False
2026-07-29 01:20:23,595 [bounded_memory_mixin.py] => [bounded_mem eval] volume 0.90 | cycle 33 | classes_seen 140 | CIL top1 70.89 | top5 88.69 | (nearest latent task ~13) | param_hash 6d9ec71892e8be14 | per-task [35.18, 51.52, 71.5, 48.0, 78.89, 70.35, 70.26, 72.36, 72.0, 85.28, 71.86, 85.43, 89.85, 90.77]
Target rank: 62
Target rank: 73
Target rank: 69
Target rank: 86
Target rank: 85
Target rank: 92
Target rank: 93
Target rank: 96
Target rank: 89
Target rank: 97
Target rank: 105
Target rank: 100
Target rank: 109
Target rank: 107
Target rank: 102
Target rank: 113
Target rank: 93
Target rank: 113
Target rank: 95
Target rank: 118
Target rank: 68
Target rank: 97
Target rank: 20
Target rank: 74
2026-07-29 01:22:15,029 [sketchlora.py] => [SketchDiag] task 34: retained-energy mean=0.991 min=0.990 | ||ΔW||_F mean=4.295 | r_hat mean=89.8 total=2156
2026-07-29 01:22:19,640 [sketchlora.py] => [CA] cycle 34: steps=300 final_loss=0.0016906576929613948 stopped_early=False
Target rank: 62
Target rank: 73
Target rank: 69
Target rank: 86
Target rank: 86
Target rank: 93
Target rank: 94
Target rank: 97
Target rank: 90
Target rank: 98
Target rank: 105
Target rank: 101
Target rank: 110
Target rank: 108
Target rank: 103
Target rank: 114
Target rank: 93
Target rank: 113
Target rank: 95
Target rank: 119
Target rank: 69
Target rank: 97
Target rank: 21
Target rank: 74
2026-07-29 01:24:11,244 [sketchlora.py] => [SketchDiag] task 35: retained-energy mean=0.991 min=0.990 | ||ΔW||_F mean=4.369 | r_hat mean=90.4 total=2170
2026-07-29 01:24:15,871 [sketchlora.py] => [CA] cycle 35: steps=300 final_loss=0.00032550591276958585 stopped_early=False
Target rank: 62
Target rank: 74
Target rank: 69
Target rank: 87
Target rank: 86
Target rank: 94
Target rank: 94
Target rank: 98
Target rank: 90
Target rank: 99
Target rank: 106
Target rank: 101
Target rank: 111
Target rank: 108
Target rank: 104
Target rank: 114
Target rank: 93
Target rank: 113
Target rank: 95
Target rank: 128
Target rank: 69
Target rank: 97
Target rank: 21
Target rank: 74
2026-07-29 01:26:06,955 [sketchlora.py] => [SketchDiag] task 36: retained-energy mean=0.992 min=0.991 | ||ΔW||_F mean=4.419 | r_hat mean=91.1 total=2187
2026-07-29 01:26:11,592 [sketchlora.py] => [CA] cycle 36: steps=300 final_loss=0.0019848572555929422 stopped_early=False
Target rank: 62
Target rank: 74
Target rank: 69
Target rank: 87
Target rank: 86
Target rank: 94
Target rank: 94
Target rank: 98
Target rank: 90
Target rank: 99
Target rank: 106
Target rank: 101
Target rank: 111
Target rank: 108
Target rank: 104
Target rank: 114
Target rank: 93
Target rank: 113
Target rank: 95
Target rank: 128
Target rank: 69
Target rank: 97
Target rank: 21
Target rank: 74
2026-07-29 01:26:50,262 [sketchlora.py] => [SketchDiag] task 37: retained-energy mean=0.997 min=0.996 | ||ΔW||_F mean=4.414 | r_hat mean=91.1 total=2187
2026-07-29 01:26:54,876 [sketchlora.py] => [CA] cycle 37: steps=300 final_loss=5.519841579371132e-05 stopped_early=False
2026-07-29 01:27:05,312 [bounded_memory_mixin.py] => [bounded_mem eval] volume 1.00 | cycle 37 | classes_seen 150 | CIL top1 66.42 | top5 85.34 | (nearest latent task ~14) | param_hash f35750a33bb2776a | per-task [24.12, 49.49, 65.5, 37.5, 77.39, 66.83, 62.56, 65.83, 71.0, 70.56, 63.32, 76.88, 82.74, 89.74, 93.47]
2026-07-29 01:27:09,094 [metrics_logger.py] => [metrics] wrote run_logs/final/sketchlora/metrics_sketchlora_sketchlora_boltons_omni15t_100mb_ca_v2_sharedfull_s1993.json
2026-07-29 01:27:09,094 [bounded_memory_mixin.py] => [CE metric] sketchlora = 0.9995167157297552 (eps=20, N=38 cycles)
2026-07-29 01:27:09,094 [trainer.py] => [bounded_mem] volume checkpoints: [0.1, 0.2, 0.3, 0.4, 0.5, 0.6, 0.7, 0.8, 0.9, 1.0]
2026-07-29 01:27:09,094 [trainer.py] => [bounded_mem] CIL top1 curve: [93.2, 83.44, 79.72, 80.25, 79.99, 77.19, 75.34, 74.93, 70.89, 66.42]
2026-07-29 01:27:09,094 [trainer.py] => [bounded_mem] CIL top5 curve: [100.0, 96.74, 96.69, 96.07, 95.22, 94.31, 90.31, 91.36, 88.69, 85.34]
[bounded_mem] checkpoints (fraction of stream): [0.1, 0.2, 0.3, 0.4, 0.5, 0.6, 0.7, 0.8, 0.9, 1.0]
[bounded_mem] CIL top1: [93.2, 83.44, 79.72, 80.25, 79.99, 77.19, 75.34, 74.93, 70.89, 66.42]
[bounded_mem] CIL top5: [100.0, 96.74, 96.69, 96.07, 95.22, 94.31, 90.31, 91.36, 88.69, 85.34]
2026-07-29 01:27:09,094 [trainer.py] => [bounded_mem] FINAL CIL top1 66.42 | top5 85.34 (at 100% of stream)
[bounded_mem] FINAL CIL top1 66.42 | top5 85.34
[bounded_mem] wrote run_logs/boundedmem_sketchlora_sketchlora_boltons_omni15t_100mb_ca_v2_sharedfull_s1993.json
