==== sketchlora_boltons_queue start Mon 27 Jul 2026 17:36:31 NZST ====
[boltons] gpu0 worker starting (golden test finished) Mon 27 Jul 2026 18:02:22 NZST
[boltons] START 50mb_fd [gpu 0] Mon 27 Jul 2026 18:02:22 NZST
[boltons] gpu2 worker starting (anchor-grid lane finished) Mon 27 Jul 2026 18:53:33 NZST
[boltons] START 50mb_lmplateau [gpu 2] Mon 27 Jul 2026 18:53:33 NZST
[boltons] DONE  50mb_fd [gpu 0] Mon 27 Jul 2026 19:19:14 NZST
[boltons] START 50mb_ca [gpu 0] Mon 27 Jul 2026 19:19:14 NZST
[boltons] DONE  50mb_ca [gpu 0] Mon 27 Jul 2026 19:20:22 NZST
[boltons] START 50mb_fd_lm [gpu 0] Mon 27 Jul 2026 19:20:22 NZST
[boltons] DONE  50mb_lmplateau [gpu 2] Mon 27 Jul 2026 20:06:57 NZST
[boltons] START 50mb_ca [gpu 2] Mon 27 Jul 2026 20:06:57 NZST
[boltons] DONE  50mb_fd_lm [gpu 0] Mon 27 Jul 2026 20:33:38 NZST
[boltons] START 50mb_fd_lm_ca [gpu 0] Mon 27 Jul 2026 20:33:38 NZST
[boltons] DONE  50mb_ca [gpu 2] Mon 27 Jul 2026 21:33:49 NZST
[boltons] START 100mb_off [gpu 2] Mon 27 Jul 2026 21:33:49 NZST
[boltons] DONE  50mb_fd_lm_ca [gpu 0] Mon 27 Jul 2026 21:53:05 NZST
[boltons] START 100mb_fd [gpu 0] Mon 27 Jul 2026 21:53:05 NZST
[boltons] DONE  100mb_off [gpu 2] Mon 27 Jul 2026 22:39:57 NZST
[boltons] START 100mb_lmplateau [gpu 2] Mon 27 Jul 2026 22:39:57 NZST
[boltons] DONE  100mb_fd [gpu 0] Mon 27 Jul 2026 22:57:17 NZST
[boltons] START 100mb_ca [gpu 0] Mon 27 Jul 2026 22:57:17 NZST
[boltons] DONE  100mb_lmplateau [gpu 2] Mon 27 Jul 2026 23:41:58 NZST
[boltons] START 100mb_fd_lm [gpu 2] Mon 27 Jul 2026 23:41:58 NZST
[boltons] DONE  100mb_ca [gpu 0] Tue 28 Jul 2026 00:06:08 NZST
[boltons] START 100mb_fd_lm_ca [gpu 0] Tue 28 Jul 2026 00:06:08 NZST
[boltons] DONE  100mb_fd_lm [gpu 2] Tue 28 Jul 2026 00:44:09 NZST
[boltons] worker gpu2 exiting (queue empty) Tue 28 Jul 2026 00:44:09 NZST
[boltons] DONE  100mb_fd_lm_ca [gpu 0] Tue 28 Jul 2026 01:11:47 NZST
[boltons] worker gpu0 exiting (queue empty) Tue 28 Jul 2026 01:11:47 NZST
==== sketchlora_boltons_queue ALL DONE Tue 28 Jul 2026 01:11:47 NZST ====
