2026-07-20 19:04:21,162 [trainer.py] => config: exps/review/native_defaults_smoke/ease_imagenetr.json
2026-07-20 19:04:21,162 [trainer.py] => prefix: native_defaults_smoke_v2_ease_imagenetr
2026-07-20 19:04:21,162 [trainer.py] => dataset: imagenetr
2026-07-20 19:04:21,162 [trainer.py] => memory_size: 0
2026-07-20 19:04:21,162 [trainer.py] => memory_per_class: 0
2026-07-20 19:04:21,162 [trainer.py] => fixed_memory: False
2026-07-20 19:04:21,162 [trainer.py] => shuffle: True
2026-07-20 19:04:21,162 [trainer.py] => init_cls: 20
2026-07-20 19:04:21,162 [trainer.py] => increment: 20
2026-07-20 19:04:21,162 [trainer.py] => model_name: ease
2026-07-20 19:04:21,162 [trainer.py] => backbone_type: vit_base_patch16_224_ease
2026-07-20 19:04:21,162 [trainer.py] => device: [device(type='cuda', index=0)]
2026-07-20 19:04:21,162 [trainer.py] => seed: 1993
2026-07-20 19:04:21,162 [trainer.py] => init_epochs: 20
2026-07-20 19:04:21,162 [trainer.py] => init_lr: 0.05
2026-07-20 19:04:21,162 [trainer.py] => later_epochs: 20
2026-07-20 19:04:21,162 [trainer.py] => later_lr: 0.05
2026-07-20 19:04:21,163 [trainer.py] => batch_size: 48
2026-07-20 19:04:21,163 [trainer.py] => weight_decay: 0.005
2026-07-20 19:04:21,163 [trainer.py] => min_lr: 0
2026-07-20 19:04:21,163 [trainer.py] => optimizer: sgd
2026-07-20 19:04:21,163 [trainer.py] => scheduler: cosine
2026-07-20 19:04:21,163 [trainer.py] => pretrained: True
2026-07-20 19:04:21,163 [trainer.py] => vpt_type: Deep
2026-07-20 19:04:21,163 [trainer.py] => prompt_token_num: 5
2026-07-20 19:04:21,163 [trainer.py] => ffn_num: 64
2026-07-20 19:04:21,163 [trainer.py] => use_diagonal: False
2026-07-20 19:04:21,163 [trainer.py] => recalc_sim: True
2026-07-20 19:04:21,163 [trainer.py] => alpha: 0.1
2026-07-20 19:04:21,163 [trainer.py] => use_init_ptm: False
2026-07-20 19:04:21,163 [trainer.py] => beta: 0
2026-07-20 19:04:21,163 [trainer.py] => use_old_data: False
2026-07-20 19:04:21,163 [trainer.py] => use_reweight: True
2026-07-20 19:04:21,163 [trainer.py] => moni_adam: False
2026-07-20 19:04:21,163 [trainer.py] => adapter_num: -1
2026-07-20 19:04:21,163 [trainer.py] => stop_after_tasks: 3
2026-07-20 19:04:21,163 [trainer.py] => final_metrics: True
2026-07-20 19:04:21,163 [trainer.py] => print_forget: True
2026-07-20 19:04:21,250 [data_manager.py] => [168, 136, 51, 9, 183, 101, 171, 99, 42, 159, 191, 70, 16, 188, 27, 10, 175, 26, 68, 187, 98, 6, 85, 35, 112, 43, 100, 0, 103, 181, 88, 59, 4, 2, 116, 174, 94, 80, 106, 1, 147, 17, 141, 131, 72, 23, 173, 54, 197, 118, 87, 32, 79, 104, 91, 19, 135, 107, 178, 36, 11, 199, 142, 8, 122, 3, 28, 57, 153, 172, 190, 56, 49, 44, 97, 62, 151, 169, 194, 55, 192, 12, 189, 78, 66, 180, 15, 137, 109, 134, 92, 119, 126, 52, 170, 40, 148, 65, 144, 64, 138, 45, 77, 89, 154, 90, 71, 193, 74, 30, 113, 143, 96, 84, 67, 50, 186, 156, 69, 21, 18, 111, 108, 58, 125, 157, 150, 110, 182, 129, 166, 83, 81, 60, 13, 165, 14, 176, 63, 117, 5, 22, 145, 121, 38, 41, 82, 127, 114, 20, 31, 53, 37, 163, 196, 130, 152, 162, 86, 76, 24, 34, 184, 149, 33, 128, 198, 155, 146, 167, 139, 120, 140, 102, 47, 25, 158, 123, 46, 164, 61, 7, 115, 75, 133, 160, 105, 132, 179, 124, 48, 73, 93, 39, 95, 195, 29, 177, 185, 161]
2026-07-20 19:04:24,480 [trainer.py] => stop_after_tasks=3 (of 10 total)
2026-07-20 19:04:24,489 [trainer.py] => All params: 86988288
2026-07-20 19:04:24,490 [trainer.py] => Trainable params: 1189632
2026-07-20 19:04:24,490 [ease.py] => Learning on 0-20
2026-07-20 19:09:58,872 [ease.py] => Task 0, Epoch 20/20 => Loss 0.431, Train_accy 89.58
2026-07-20 19:10:10,771 [ease.py] => Task correct: 100.0
2026-07-20 19:10:10,772 [ease.py] => Task acc: 93.76811594202898
2026-07-20 19:10:10,797 [trainer.py] => No NME accuracy.
2026-07-20 19:10:10,797 [trainer.py] => CNN: {'total': 93.77, '00-19': 93.77, 'old': 0, 'new': 93.77}
2026-07-20 19:10:10,797 [trainer.py] => CNN top1 curve: [93.77]
2026-07-20 19:10:10,797 [trainer.py] => CNN top5 curve: [98.41]

2026-07-20 19:10:10,797 [trainer.py] => Average Accuracy (CNN): 93.77 

2026-07-20 19:10:10,798 [trainer.py] => All params: 87019010
2026-07-20 19:10:10,799 [trainer.py] => Trainable params: 1189632
2026-07-20 19:10:10,800 [ease.py] => Learning on 20-40
2026-07-20 19:15:17,861 [ease.py] => Task 1, Epoch 20/20 => Loss 0.475, Train_accy 87.40
2026-07-20 19:15:42,850 [ease.py] => Task correct: 93.86828160484481
2026-07-20 19:15:42,851 [ease.py] => Task acc: 93.79258137774413
2026-07-20 19:15:42,875 [trainer.py] => No NME accuracy.
2026-07-20 19:15:42,876 [trainer.py] => CNN: {'total': 89.93, '00-19': 89.71, '20-39': 90.17, 'old': 89.71, 'new': 90.17}
2026-07-20 19:15:42,876 [trainer.py] => CNN top1 curve: [93.77, 89.93]
2026-07-20 19:15:42,876 [trainer.py] => CNN top5 curve: [98.41, 97.5]

2026-07-20 19:15:42,876 [trainer.py] => Average Accuracy (CNN): 91.85 

2026-07-20 19:15:42,876 [trainer.py] => All params: 87065090
2026-07-20 19:15:42,877 [trainer.py] => Trainable params: 1189632
2026-07-20 19:15:42,879 [ease.py] => Learning on 40-60
2026-07-20 19:20:27,323 [ease.py] => Task 2, Epoch 20/20 => Loss 0.516, Train_accy 86.26
2026-07-20 19:21:07,573 [ease.py] => Task correct: 90.70378151260505
2026-07-20 19:21:07,573 [ease.py] => Task acc: 92.90966386554622
2026-07-20 19:21:07,598 [trainer.py] => No NME accuracy.
2026-07-20 19:21:07,598 [trainer.py] => CNN: {'total': 86.66, '00-19': 88.55, '20-39': 86.85, '40-59': 84.22, 'old': 87.74, 'new': 84.22}
2026-07-20 19:21:07,598 [trainer.py] => CNN top1 curve: [93.77, 89.93, 86.66]
2026-07-20 19:21:07,598 [trainer.py] => CNN top5 curve: [98.41, 97.5, 95.8]

2026-07-20 19:21:07,598 [trainer.py] => Average Accuracy (CNN): 90.12 

2026-07-20 19:21:15,304 [metrics_logger.py] => [metrics] wrote run_logs/final/ease/metrics_ease_imagenetr_native_defaults_smoke_v2_ease_imagenetr_s1993.json
2026-07-20 19:21:15,304 [trainer.py] => Forgetting (CNN): 4.270000000000003
2026-07-20 19:21:15,304 [trainer.py] => Forgetting (NME): 4.270000000000003
