2026-07-19 23:07:39,640 [trainer.py] => config: exps/review/budget250mb_check/food101_olora.json
2026-07-19 23:07:39,641 [trainer.py] => dataset: food101
2026-07-19 23:07:39,641 [trainer.py] => memory_size: 0
2026-07-19 23:07:39,641 [trainer.py] => memory_per_class: 0
2026-07-19 23:07:39,641 [trainer.py] => fixed_memory: False
2026-07-19 23:07:39,641 [trainer.py] => shuffle: True
2026-07-19 23:07:39,641 [trainer.py] => init_cls: 6
2026-07-19 23:07:39,641 [trainer.py] => increment: 5
2026-07-19 23:07:39,641 [trainer.py] => seed: 1993
2026-07-19 23:07:39,641 [trainer.py] => scenario: cil
2026-07-19 23:07:39,641 [trainer.py] => pretrained: True
2026-07-19 23:07:39,641 [trainer.py] => print_forget: True
2026-07-19 23:07:39,641 [trainer.py] => backbone_type: vit_base_patch16_224_lora
2026-07-19 23:07:39,641 [trainer.py] => lora_rank: 8
2026-07-19 23:07:39,641 [trainer.py] => lora_alpha: 32
2026-07-19 23:07:39,641 [trainer.py] => tuned_epoch: 10
2026-07-19 23:07:39,641 [trainer.py] => init_lr: 0.0003
2026-07-19 23:07:39,641 [trainer.py] => batch_size: 48
2026-07-19 23:07:39,641 [trainer.py] => weight_decay: 0.0005
2026-07-19 23:07:39,641 [trainer.py] => min_lr: 0.0
2026-07-19 23:07:39,641 [trainer.py] => model_name: olora
2026-07-19 23:07:39,641 [trainer.py] => lora_merge: True
2026-07-19 23:07:39,641 [trainer.py] => lamda_1: 0.5
2026-07-19 23:07:39,642 [trainer.py] => lamda_2: 0.0
2026-07-19 23:07:39,642 [trainer.py] => device: [device(type='cuda', index=0)]
2026-07-19 23:07:39,642 [trainer.py] => prefix: budget250mb_check_food101_olora
2026-07-19 23:07:39,642 [trainer.py] => boundary_mode: sample
2026-07-19 23:07:39,642 [trainer.py] => stream_budget_mb: 250
2026-07-19 23:07:39,642 [trainer.py] => stop_after_tasks: 5
2026-07-19 23:07:39,916 [data_manager.py] => [68, 56, 78, 8, 23, 84, 90, 65, 74, 76, 40, 89, 3, 92, 55, 9, 26, 80, 43, 38, 58, 70, 77, 1, 85, 19, 17, 50, 28, 53, 13, 81, 45, 82, 6, 59, 83, 16, 15, 44, 91, 41, 72, 60, 79, 52, 20, 10, 31, 54, 37, 95, 14, 71, 96, 99, 98, 2, 64, 66, 42, 22, 35, 86, 24, 34, 87, 21, 100, 0, 88, 27, 18, 94, 11, 12, 47, 25, 30, 46, 62, 69, 36, 61, 7, 63, 75, 5, 32, 4, 51, 48, 73, 93, 39, 67, 29, 97, 49, 57, 33]
2026-07-19 23:07:42,622 [stream_mixin.py] => [stream] stop_after_tasks=5 (of 20 total)
2026-07-19 23:07:42,627 [stream_mixin.py] => [stream] unique-image budget 1741 images (250.0MB); 19500 total images, 5 tasks -> 12 chunks
2026-07-19 23:13:54,800 [stream_mixin.py] => [stream eval] completed  1 | chunk   2 | CIL 98.87
2026-07-19 23:18:10,656 [stream_mixin.py] => [stream eval] completed  2 | chunk   4 | CIL 94.22
2026-07-19 23:22:32,170 [stream_mixin.py] => [stream eval] completed  3 | chunk   6 | CIL 92.55
2026-07-19 23:29:01,435 [stream_mixin.py] => [stream eval] completed  4 | chunk   9 | CIL 85.41
2026-07-19 23:31:58,916 [stream_mixin.py] => [stream eval] completed  5 | chunk  11 | CIL 83.32
2026-07-19 23:31:58,917 [trainer.py] => [stream] completed-task checkpoints: [1, 2, 3, 4, 5]
2026-07-19 23:31:58,917 [trainer.py] => [stream] CIL curve: [98.87, 94.22, 92.55, 85.41, 83.32]
2026-07-19 23:31:58,917 [trainer.py] => [stream] FINAL  CIL 83.32  (over 5 tasks) -- TIL not computed (meaningless in the memory-increment setup)
2026-07-20 00:54:11,514 [trainer.py] => config: exps/review/budget250mb_check/food101_olora.json
2026-07-20 00:54:11,514 [trainer.py] => dataset: food101
2026-07-20 00:54:11,514 [trainer.py] => memory_size: 0
2026-07-20 00:54:11,514 [trainer.py] => memory_per_class: 0
2026-07-20 00:54:11,514 [trainer.py] => fixed_memory: False
2026-07-20 00:54:11,515 [trainer.py] => shuffle: True
2026-07-20 00:54:11,515 [trainer.py] => init_cls: 6
2026-07-20 00:54:11,515 [trainer.py] => increment: 5
2026-07-20 00:54:11,515 [trainer.py] => seed: 1993
2026-07-20 00:54:11,515 [trainer.py] => scenario: cil
2026-07-20 00:54:11,515 [trainer.py] => pretrained: True
2026-07-20 00:54:11,515 [trainer.py] => print_forget: True
2026-07-20 00:54:11,515 [trainer.py] => backbone_type: vit_base_patch16_224_lora
2026-07-20 00:54:11,515 [trainer.py] => lora_rank: 8
2026-07-20 00:54:11,515 [trainer.py] => lora_alpha: 32
2026-07-20 00:54:11,515 [trainer.py] => tuned_epoch: 10
2026-07-20 00:54:11,515 [trainer.py] => init_lr: 0.0003
2026-07-20 00:54:11,515 [trainer.py] => batch_size: 48
2026-07-20 00:54:11,515 [trainer.py] => weight_decay: 0.0005
2026-07-20 00:54:11,515 [trainer.py] => min_lr: 0.0
2026-07-20 00:54:11,515 [trainer.py] => model_name: olora
2026-07-20 00:54:11,515 [trainer.py] => lora_merge: True
2026-07-20 00:54:11,515 [trainer.py] => lamda_1: 0.5
2026-07-20 00:54:11,515 [trainer.py] => lamda_2: 0.0
2026-07-20 00:54:11,515 [trainer.py] => device: [device(type='cuda', index=0)]
2026-07-20 00:54:11,515 [trainer.py] => prefix: budget250mb_check_food101_olora
2026-07-20 00:54:11,515 [trainer.py] => boundary_mode: sample
2026-07-20 00:54:11,516 [trainer.py] => stream_budget_mb: 250
2026-07-20 00:54:11,516 [trainer.py] => stop_after_tasks: 5
2026-07-20 00:54:11,516 [trainer.py] => stream_eval_final_only: True
2026-07-20 00:54:11,794 [data_manager.py] => [68, 56, 78, 8, 23, 84, 90, 65, 74, 76, 40, 89, 3, 92, 55, 9, 26, 80, 43, 38, 58, 70, 77, 1, 85, 19, 17, 50, 28, 53, 13, 81, 45, 82, 6, 59, 83, 16, 15, 44, 91, 41, 72, 60, 79, 52, 20, 10, 31, 54, 37, 95, 14, 71, 96, 99, 98, 2, 64, 66, 42, 22, 35, 86, 24, 34, 87, 21, 100, 0, 88, 27, 18, 94, 11, 12, 47, 25, 30, 46, 62, 69, 36, 61, 7, 63, 75, 5, 32, 4, 51, 48, 73, 93, 39, 67, 29, 97, 49, 57, 33]
2026-07-20 00:54:14,566 [stream_mixin.py] => [stream] stop_after_tasks=5 (of 20 total)
2026-07-20 00:54:14,571 [stream_mixin.py] => [stream] unique-image budget 1741 images (250.0MB); 19500 total images, 5 tasks -> 12 chunks
