2026-07-18 18:57:07,369 [trainer.py] => config: exps/review/budget100mb_imr5/hidelora.json
2026-07-18 18:57:07,369 [trainer.py] => dataset: imagenetr
2026-07-18 18:57:07,369 [trainer.py] => memory_size: 0
2026-07-18 18:57:07,369 [trainer.py] => memory_per_class: 0
2026-07-18 18:57:07,369 [trainer.py] => fixed_memory: False
2026-07-18 18:57:07,369 [trainer.py] => shuffle: True
2026-07-18 18:57:07,370 [trainer.py] => init_cls: 10
2026-07-18 18:57:07,370 [trainer.py] => increment: 10
2026-07-18 18:57:07,370 [trainer.py] => seed: 1993
2026-07-18 18:57:07,370 [trainer.py] => scenario: cil
2026-07-18 18:57:07,370 [trainer.py] => pretrained: True
2026-07-18 18:57:07,370 [trainer.py] => print_forget: True
2026-07-18 18:57:07,370 [trainer.py] => final_metrics: True
2026-07-18 18:57:07,370 [trainer.py] => backbone_type: vit_base_patch16_224_lora
2026-07-18 18:57:07,370 [trainer.py] => lora_rank: 8
2026-07-18 18:57:07,370 [trainer.py] => lora_alpha: 32
2026-07-18 18:57:07,370 [trainer.py] => tuned_epoch: 50
2026-07-18 18:57:07,370 [trainer.py] => init_lr: 0.03
2026-07-18 18:57:07,370 [trainer.py] => batch_size: 24
2026-07-18 18:57:07,370 [trainer.py] => weight_decay: 0.0005
2026-07-18 18:57:07,370 [trainer.py] => min_lr: 0.0
2026-07-18 18:57:07,370 [trainer.py] => model_name: hidelora
2026-07-18 18:57:07,370 [trainer.py] => lora_momentum: 0.1
2026-07-18 18:57:07,370 [trainer.py] => reg: 0.001
2026-07-18 18:57:07,370 [trainer.py] => crct_epochs: 30
2026-07-18 18:57:07,370 [trainer.py] => ca_lr: 0.005
2026-07-18 18:57:07,370 [trainer.py] => n_centroids: 10
2026-07-18 18:57:07,370 [trainer.py] => device: [device(type='cuda', index=0)]
2026-07-18 18:57:07,370 [trainer.py] => prefix: budget100mb_imr5_hidelora
2026-07-18 18:57:07,370 [trainer.py] => boundary_mode: budget
2026-07-18 18:57:07,371 [trainer.py] => budget_mb: 100
2026-07-18 18:57:07,371 [trainer.py] => stop_after_tasks: 5
2026-07-18 18:57:07,457 [data_manager.py] => [168, 136, 51, 9, 183, 101, 171, 99, 42, 159, 191, 70, 16, 188, 27, 10, 175, 26, 68, 187, 98, 6, 85, 35, 112, 43, 100, 0, 103, 181, 88, 59, 4, 2, 116, 174, 94, 80, 106, 1, 147, 17, 141, 131, 72, 23, 173, 54, 197, 118, 87, 32, 79, 104, 91, 19, 135, 107, 178, 36, 11, 199, 142, 8, 122, 3, 28, 57, 153, 172, 190, 56, 49, 44, 97, 62, 151, 169, 194, 55, 192, 12, 189, 78, 66, 180, 15, 137, 109, 134, 92, 119, 126, 52, 170, 40, 148, 65, 144, 64, 138, 45, 77, 89, 154, 90, 71, 193, 74, 30, 113, 143, 96, 84, 67, 50, 186, 156, 69, 21, 18, 111, 108, 58, 125, 157, 150, 110, 182, 129, 166, 83, 81, 60, 13, 165, 14, 176, 63, 117, 5, 22, 145, 121, 38, 41, 82, 127, 114, 20, 31, 53, 37, 163, 196, 130, 152, 162, 86, 76, 24, 34, 184, 149, 33, 128, 198, 155, 146, 167, 139, 120, 140, 102, 47, 25, 158, 123, 46, 164, 61, 7, 115, 75, 133, 160, 105, 132, 179, 124, 48, 73, 93, 39, 95, 195, 29, 177, 185, 161]
2026-07-18 18:57:07,633 [budget_stream.py] => [budget-stream] 100MB budget -> 35 chunks, 697 images/chunk (last=378), new-classes/chunk min=2 max=8 mean=5.71
2026-07-18 18:57:07,634 [trainer.py] => [budget] dataset=imagenetr budget=100MB -> 35 memory-chunks (seed 1993)
2026-07-18 18:57:10,413 [trainer.py] => stop_after_tasks=5 (of 35 total)
2026-07-18 18:57:10,648 [trainer.py] => All params: 96120576
2026-07-18 18:57:10,652 [trainer.py] => Trainable params: 10321920
2026-07-18 18:57:10,999 [hidelora.py] => [HiDeLoRA] Learning on 0-6
2026-07-18 18:57:11,010 [hidelora.py] => [HiDeLoRA] Trainable params this task: 299,526 / 96,125,190
