2026-07-18 15:24:21,451 [trainer.py] => config: exps/review/task_incremental_imr5t/hidelora.json
2026-07-18 15:24:21,451 [trainer.py] => dataset: imagenetr
2026-07-18 15:24:21,451 [trainer.py] => memory_size: 0
2026-07-18 15:24:21,451 [trainer.py] => memory_per_class: 0
2026-07-18 15:24:21,451 [trainer.py] => fixed_memory: False
2026-07-18 15:24:21,451 [trainer.py] => shuffle: True
2026-07-18 15:24:21,451 [trainer.py] => init_cls: 10
2026-07-18 15:24:21,451 [trainer.py] => increment: 10
2026-07-18 15:24:21,451 [trainer.py] => seed: 1993
2026-07-18 15:24:21,451 [trainer.py] => scenario: cil
2026-07-18 15:24:21,451 [trainer.py] => stop_after_tasks: 5
2026-07-18 15:24:21,451 [trainer.py] => pretrained: True
2026-07-18 15:24:21,451 [trainer.py] => print_forget: True
2026-07-18 15:24:21,451 [trainer.py] => final_metrics: True
2026-07-18 15:24:21,451 [trainer.py] => backbone_type: vit_base_patch16_224_lora
2026-07-18 15:24:21,451 [trainer.py] => lora_rank: 8
2026-07-18 15:24:21,452 [trainer.py] => lora_alpha: 32
2026-07-18 15:24:21,452 [trainer.py] => tuned_epoch: 10
2026-07-18 15:24:21,452 [trainer.py] => init_lr: 0.0003
2026-07-18 15:24:21,452 [trainer.py] => batch_size: 48
2026-07-18 15:24:21,452 [trainer.py] => weight_decay: 0.0005
2026-07-18 15:24:21,452 [trainer.py] => min_lr: 0.0
2026-07-18 15:24:21,452 [trainer.py] => model_name: hidelora
2026-07-18 15:24:21,452 [trainer.py] => lora_momentum: 0.1
2026-07-18 15:24:21,452 [trainer.py] => reg: 0.001
2026-07-18 15:24:21,452 [trainer.py] => crct_epochs: 30
2026-07-18 15:24:21,452 [trainer.py] => ca_lr: 0.005
2026-07-18 15:24:21,452 [trainer.py] => n_centroids: 10
2026-07-18 15:24:21,452 [trainer.py] => device: [device(type='cuda', index=1)]
2026-07-18 15:24:21,452 [trainer.py] => prefix: review_imr5t_hidelora
2026-07-18 15:24:21,540 [data_manager.py] => [168, 136, 51, 9, 183, 101, 171, 99, 42, 159, 191, 70, 16, 188, 27, 10, 175, 26, 68, 187, 98, 6, 85, 35, 112, 43, 100, 0, 103, 181, 88, 59, 4, 2, 116, 174, 94, 80, 106, 1, 147, 17, 141, 131, 72, 23, 173, 54, 197, 118, 87, 32, 79, 104, 91, 19, 135, 107, 178, 36, 11, 199, 142, 8, 122, 3, 28, 57, 153, 172, 190, 56, 49, 44, 97, 62, 151, 169, 194, 55, 192, 12, 189, 78, 66, 180, 15, 137, 109, 134, 92, 119, 126, 52, 170, 40, 148, 65, 144, 64, 138, 45, 77, 89, 154, 90, 71, 193, 74, 30, 113, 143, 96, 84, 67, 50, 186, 156, 69, 21, 18, 111, 108, 58, 125, 157, 150, 110, 182, 129, 166, 83, 81, 60, 13, 165, 14, 176, 63, 117, 5, 22, 145, 121, 38, 41, 82, 127, 114, 20, 31, 53, 37, 163, 196, 130, 152, 162, 86, 76, 24, 34, 184, 149, 33, 128, 198, 155, 146, 167, 139, 120, 140, 102, 47, 25, 158, 123, 46, 164, 61, 7, 115, 75, 133, 160, 105, 132, 179, 124, 48, 73, 93, 39, 95, 195, 29, 177, 185, 161]
2026-07-18 15:24:24,374 [trainer.py] => stop_after_tasks=5 (of 20 total)
2026-07-18 15:24:24,662 [trainer.py] => All params: 91696896
2026-07-18 15:24:24,666 [trainer.py] => Trainable params: 5898240
2026-07-18 15:24:25,016 [hidelora.py] => [HiDeLoRA] Learning on 0-10
2026-07-18 15:24:25,023 [hidelora.py] => [HiDeLoRA] Trainable params this task: 302,602 / 91,704,586
2026-07-18 15:25:49,486 [hidelora.py] => [HiDeLoRA] Task 0 WTP done. Train_accy 91.94
2026-07-18 15:25:49,980 [utils.py] => Note: detected 128 virtual cores but NumExpr set to maximum of 64, check "NUMEXPR_MAX_THREADS" environment variable.
2026-07-18 15:25:49,980 [utils.py] => Note: NumExpr detected 128 cores but "NUMEXPR_MAX_THREADS" not set, so enforcing safe limit of 16.
2026-07-18 15:25:49,980 [utils.py] => NumExpr defaulting to 16 threads.
2026-07-18 15:26:08,084 [trainer.py] => No NME accuracy.
2026-07-18 15:26:08,084 [trainer.py] => CNN: {'total': 94.62, '00-09': 94.62, 'old': 0, 'new': 94.62}
2026-07-18 15:26:08,085 [trainer.py] => CNN top1 curve: [94.62]
2026-07-18 15:26:08,085 [trainer.py] => CNN top5 curve: [98.42]

2026-07-18 15:26:08,085 [trainer.py] => Average Accuracy (CNN): 94.62 

2026-07-18 15:26:08,089 [trainer.py] => All params: 91704586
2026-07-18 15:26:08,092 [trainer.py] => Trainable params: 302602
2026-07-18 15:26:08,094 [hidelora.py] => [HiDeLoRA] Learning on 10-20
2026-07-18 15:26:08,111 [hidelora.py] => [HiDeLoRA] Trainable params this task: 310,292 / 91,712,276
2026-07-18 15:27:47,220 [hidelora.py] => [HiDeLoRA] Task 1 WTP done. Train_accy 93.32
2026-07-18 15:28:03,767 [hidelora.py] => [HiDeLoRA] TAP done (30 epochs, 20 classes).
2026-07-18 15:28:08,614 [trainer.py] => No NME accuracy.
2026-07-18 15:28:08,615 [trainer.py] => CNN: {'total': 78.55, '00-09': 59.49, '10-19': 94.65, 'old': 59.49, 'new': 94.65}
2026-07-18 15:28:08,615 [trainer.py] => CNN top1 curve: [94.62, 78.55]
2026-07-18 15:28:08,615 [trainer.py] => CNN top5 curve: [98.42, 95.07]

2026-07-18 15:28:08,615 [trainer.py] => Average Accuracy (CNN): 86.58500000000001 

2026-07-18 15:28:08,620 [trainer.py] => All params: 91712276
2026-07-18 15:28:08,624 [trainer.py] => Trainable params: 15380
2026-07-18 15:28:08,626 [hidelora.py] => [HiDeLoRA] Learning on 20-30
2026-07-18 15:28:08,648 [hidelora.py] => [HiDeLoRA] Trainable params this task: 317,982 / 91,719,966
2026-07-18 15:29:30,546 [hidelora.py] => [HiDeLoRA] Task 2 WTP done. Train_accy 91.24
2026-07-18 15:29:46,256 [hidelora.py] => [HiDeLoRA] TAP done (30 epochs, 30 classes).
2026-07-18 15:29:52,876 [trainer.py] => No NME accuracy.
2026-07-18 15:29:52,876 [trainer.py] => CNN: {'total': 71.95, '00-09': 42.41, '10-19': 78.88, '20-29': 94.35, 'old': 62.17, 'new': 94.35}
2026-07-18 15:29:52,876 [trainer.py] => CNN top1 curve: [94.62, 78.55, 71.95]
2026-07-18 15:29:52,876 [trainer.py] => CNN top5 curve: [98.42, 95.07, 92.73]

2026-07-18 15:29:52,876 [trainer.py] => Average Accuracy (CNN): 81.70666666666666 

2026-07-18 15:29:52,878 [trainer.py] => All params: 91719966
2026-07-18 15:29:52,881 [trainer.py] => Trainable params: 23070
2026-07-18 15:29:52,881 [hidelora.py] => [HiDeLoRA] Learning on 30-40
2026-07-18 15:29:52,892 [hidelora.py] => [HiDeLoRA] Trainable params this task: 325,672 / 91,727,656
2026-07-18 15:31:21,950 [hidelora.py] => [HiDeLoRA] Task 3 WTP done. Train_accy 90.76
2026-07-18 15:31:38,029 [hidelora.py] => [HiDeLoRA] TAP done (30 epochs, 40 classes).
2026-07-18 15:31:46,606 [trainer.py] => No NME accuracy.
2026-07-18 15:31:46,606 [trainer.py] => CNN: {'total': 58.21, '00-09': 26.27, '10-19': 44.39, '20-29': 68.11, '30-39': 95.45, 'old': 45.81, 'new': 95.45}
2026-07-18 15:31:46,606 [trainer.py] => CNN top1 curve: [94.62, 78.55, 71.95, 58.21]
2026-07-18 15:31:46,606 [trainer.py] => CNN top5 curve: [98.42, 95.07, 92.73, 84.56]

2026-07-18 15:31:46,606 [trainer.py] => Average Accuracy (CNN): 75.8325 

2026-07-18 15:31:46,608 [trainer.py] => All params: 91727656
2026-07-18 15:31:46,611 [trainer.py] => Trainable params: 30760
2026-07-18 15:31:46,612 [hidelora.py] => [HiDeLoRA] Learning on 40-50
2026-07-18 15:31:46,622 [hidelora.py] => [HiDeLoRA] Trainable params this task: 333,362 / 91,735,346
2026-07-18 15:33:02,557 [hidelora.py] => [HiDeLoRA] Task 4 WTP done. Train_accy 90.67
2026-07-18 15:33:17,561 [hidelora.py] => [HiDeLoRA] TAP done (30 epochs, 50 classes).
2026-07-18 15:33:27,836 [trainer.py] => No NME accuracy.
2026-07-18 15:33:27,836 [trainer.py] => CNN: {'total': 54.44, '00-09': 27.22, '10-19': 31.28, '20-29': 57.14, '30-39': 73.33, '40-49': 91.34, 'old': 46.71, 'new': 91.34}
2026-07-18 15:33:27,836 [trainer.py] => CNN top1 curve: [94.62, 78.55, 71.95, 58.21, 54.44]
2026-07-18 15:33:27,836 [trainer.py] => CNN top5 curve: [98.42, 95.07, 92.73, 84.56, 80.73]

2026-07-18 15:33:27,836 [trainer.py] => Average Accuracy (CNN): 71.554 

2026-07-18 15:33:32,201 [metrics_logger.py] => [metrics] wrote run_logs/final/hidelora/metrics_hidelora_imagenetr_review_imr5t_hidelora_s1993.json
2026-07-18 15:33:32,202 [trainer.py] => Forgetting (CNN): 47.525000000000006
2026-07-18 15:33:32,202 [trainer.py] => Forgetting (NME): 47.525000000000006
