2026-07-18 15:40:32,843 [trainer.py] => config: exps/review/task_incremental_imr5t/hidelora_epoch50.json
2026-07-18 15:40:32,844 [trainer.py] => dataset: imagenetr
2026-07-18 15:40:32,844 [trainer.py] => memory_size: 0
2026-07-18 15:40:32,844 [trainer.py] => memory_per_class: 0
2026-07-18 15:40:32,844 [trainer.py] => fixed_memory: False
2026-07-18 15:40:32,844 [trainer.py] => shuffle: True
2026-07-18 15:40:32,844 [trainer.py] => init_cls: 10
2026-07-18 15:40:32,844 [trainer.py] => increment: 10
2026-07-18 15:40:32,844 [trainer.py] => seed: 1993
2026-07-18 15:40:32,844 [trainer.py] => scenario: cil
2026-07-18 15:40:32,844 [trainer.py] => stop_after_tasks: 3
2026-07-18 15:40:32,844 [trainer.py] => pretrained: True
2026-07-18 15:40:32,844 [trainer.py] => print_forget: True
2026-07-18 15:40:32,844 [trainer.py] => final_metrics: True
2026-07-18 15:40:32,844 [trainer.py] => backbone_type: vit_base_patch16_224_lora
2026-07-18 15:40:32,844 [trainer.py] => lora_rank: 8
2026-07-18 15:40:32,844 [trainer.py] => lora_alpha: 32
2026-07-18 15:40:32,844 [trainer.py] => tuned_epoch: 50
2026-07-18 15:40:32,844 [trainer.py] => init_lr: 0.0003
2026-07-18 15:40:32,844 [trainer.py] => batch_size: 48
2026-07-18 15:40:32,844 [trainer.py] => weight_decay: 0.0005
2026-07-18 15:40:32,844 [trainer.py] => min_lr: 0.0
2026-07-18 15:40:32,844 [trainer.py] => model_name: hidelora
2026-07-18 15:40:32,844 [trainer.py] => lora_momentum: 0.1
2026-07-18 15:40:32,844 [trainer.py] => reg: 0.001
2026-07-18 15:40:32,844 [trainer.py] => crct_epochs: 30
2026-07-18 15:40:32,845 [trainer.py] => ca_lr: 0.005
2026-07-18 15:40:32,845 [trainer.py] => n_centroids: 10
2026-07-18 15:40:32,845 [trainer.py] => device: [device(type='cuda', index=1)]
2026-07-18 15:40:32,845 [trainer.py] => prefix: sensitivity_hidelora_epoch50
2026-07-18 15:40:32,932 [data_manager.py] => [168, 136, 51, 9, 183, 101, 171, 99, 42, 159, 191, 70, 16, 188, 27, 10, 175, 26, 68, 187, 98, 6, 85, 35, 112, 43, 100, 0, 103, 181, 88, 59, 4, 2, 116, 174, 94, 80, 106, 1, 147, 17, 141, 131, 72, 23, 173, 54, 197, 118, 87, 32, 79, 104, 91, 19, 135, 107, 178, 36, 11, 199, 142, 8, 122, 3, 28, 57, 153, 172, 190, 56, 49, 44, 97, 62, 151, 169, 194, 55, 192, 12, 189, 78, 66, 180, 15, 137, 109, 134, 92, 119, 126, 52, 170, 40, 148, 65, 144, 64, 138, 45, 77, 89, 154, 90, 71, 193, 74, 30, 113, 143, 96, 84, 67, 50, 186, 156, 69, 21, 18, 111, 108, 58, 125, 157, 150, 110, 182, 129, 166, 83, 81, 60, 13, 165, 14, 176, 63, 117, 5, 22, 145, 121, 38, 41, 82, 127, 114, 20, 31, 53, 37, 163, 196, 130, 152, 162, 86, 76, 24, 34, 184, 149, 33, 128, 198, 155, 146, 167, 139, 120, 140, 102, 47, 25, 158, 123, 46, 164, 61, 7, 115, 75, 133, 160, 105, 132, 179, 124, 48, 73, 93, 39, 95, 195, 29, 177, 185, 161]
2026-07-18 15:40:35,691 [trainer.py] => stop_after_tasks=3 (of 20 total)
2026-07-18 15:40:35,937 [trainer.py] => All params: 91696896
2026-07-18 15:40:35,940 [trainer.py] => Trainable params: 5898240
2026-07-18 15:40:36,335 [hidelora.py] => [HiDeLoRA] Learning on 0-10
2026-07-18 15:40:36,342 [hidelora.py] => [HiDeLoRA] Trainable params this task: 302,602 / 91,704,586
2026-07-18 15:54:27,496 [hidelora.py] => [HiDeLoRA] Task 0 WTP done. Train_accy 96.59
2026-07-18 15:54:27,988 [utils.py] => Note: detected 128 virtual cores but NumExpr set to maximum of 64, check "NUMEXPR_MAX_THREADS" environment variable.
2026-07-18 15:54:27,988 [utils.py] => Note: NumExpr detected 128 cores but "NUMEXPR_MAX_THREADS" not set, so enforcing safe limit of 16.
2026-07-18 15:54:27,988 [utils.py] => NumExpr defaulting to 16 threads.
2026-07-18 15:54:50,483 [trainer.py] => No NME accuracy.
2026-07-18 15:54:50,483 [trainer.py] => CNN: {'total': 95.89, '00-09': 95.89, 'old': 0, 'new': 95.89}
2026-07-18 15:54:50,484 [trainer.py] => CNN top1 curve: [95.89]
2026-07-18 15:54:50,484 [trainer.py] => CNN top5 curve: [99.37]

2026-07-18 15:54:50,484 [trainer.py] => Average Accuracy (CNN): 95.89 

2026-07-18 15:54:50,486 [trainer.py] => All params: 91704586
2026-07-18 15:54:50,488 [trainer.py] => Trainable params: 302602
2026-07-18 15:54:50,492 [hidelora.py] => [HiDeLoRA] Learning on 10-20
2026-07-18 15:54:50,503 [hidelora.py] => [HiDeLoRA] Trainable params this task: 310,292 / 91,712,276
2026-07-18 16:10:48,752 [hidelora.py] => [HiDeLoRA] Task 1 WTP done. Train_accy 96.96
2026-07-18 16:11:08,827 [hidelora.py] => [HiDeLoRA] TAP done (30 epochs, 20 classes).
2026-07-18 16:11:18,067 [trainer.py] => No NME accuracy.
2026-07-18 16:11:18,068 [trainer.py] => CNN: {'total': 84.64, '00-09': 71.84, '10-19': 95.45, 'old': 71.84, 'new': 95.45}
2026-07-18 16:11:18,068 [trainer.py] => CNN top1 curve: [95.89, 84.64]
2026-07-18 16:11:18,068 [trainer.py] => CNN top5 curve: [99.37, 97.54]

2026-07-18 16:11:18,068 [trainer.py] => Average Accuracy (CNN): 90.265 

2026-07-18 16:11:18,070 [trainer.py] => All params: 91712276
2026-07-18 16:11:18,072 [trainer.py] => Trainable params: 15380
2026-07-18 16:11:18,073 [hidelora.py] => [HiDeLoRA] Learning on 20-30
2026-07-18 16:11:18,084 [hidelora.py] => [HiDeLoRA] Trainable params this task: 317,982 / 91,719,966
2026-07-18 16:24:17,728 [hidelora.py] => [HiDeLoRA] Task 2 WTP done. Train_accy 96.07
2026-07-18 16:24:37,327 [hidelora.py] => [HiDeLoRA] TAP done (30 epochs, 30 classes).
2026-07-18 16:24:49,649 [trainer.py] => No NME accuracy.
2026-07-18 16:24:49,649 [trainer.py] => CNN: {'total': 79.41, '00-09': 55.7, '10-19': 87.97, '20-29': 93.69, 'old': 73.19, 'new': 93.69}
2026-07-18 16:24:49,650 [trainer.py] => CNN top1 curve: [95.89, 84.64, 79.41]
2026-07-18 16:24:49,650 [trainer.py] => CNN top5 curve: [99.37, 97.54, 94.05]

2026-07-18 16:24:49,650 [trainer.py] => Average Accuracy (CNN): 86.64666666666666 

2026-07-18 16:24:55,990 [metrics_logger.py] => [metrics] wrote run_logs/final/hidelora/metrics_hidelora_imagenetr_sensitivity_hidelora_epoch50_s1993.json
2026-07-18 16:24:55,991 [trainer.py] => Forgetting (CNN): 23.835
2026-07-18 16:24:55,991 [trainer.py] => Forgetting (NME): 23.835
