2026-07-19 02:43:48,170 [trainer.py] => config: exps/review/stream_smoke/imagenetr_250mb_hidelora.json
2026-07-19 02:43:48,170 [trainer.py] => dataset: imagenetr
2026-07-19 02:43:48,170 [trainer.py] => memory_size: 0
2026-07-19 02:43:48,170 [trainer.py] => memory_per_class: 0
2026-07-19 02:43:48,170 [trainer.py] => fixed_memory: False
2026-07-19 02:43:48,170 [trainer.py] => shuffle: True
2026-07-19 02:43:48,170 [trainer.py] => init_cls: 10
2026-07-19 02:43:48,170 [trainer.py] => increment: 10
2026-07-19 02:43:48,170 [trainer.py] => seed: 1993
2026-07-19 02:43:48,170 [trainer.py] => scenario: cil
2026-07-19 02:43:48,170 [trainer.py] => pretrained: True
2026-07-19 02:43:48,170 [trainer.py] => print_forget: True
2026-07-19 02:43:48,170 [trainer.py] => final_metrics: True
2026-07-19 02:43:48,170 [trainer.py] => backbone_type: vit_base_patch16_224_lora
2026-07-19 02:43:48,170 [trainer.py] => lora_rank: 8
2026-07-19 02:43:48,170 [trainer.py] => lora_alpha: 32
2026-07-19 02:43:48,170 [trainer.py] => tuned_epoch: 50
2026-07-19 02:43:48,170 [trainer.py] => init_lr: 0.03
2026-07-19 02:43:48,170 [trainer.py] => batch_size: 48
2026-07-19 02:43:48,170 [trainer.py] => weight_decay: 0.0005
2026-07-19 02:43:48,170 [trainer.py] => min_lr: 0.0
2026-07-19 02:43:48,170 [trainer.py] => model_name: hidelora
2026-07-19 02:43:48,171 [trainer.py] => lora_momentum: 0.1
2026-07-19 02:43:48,171 [trainer.py] => reg: 0.001
2026-07-19 02:43:48,171 [trainer.py] => crct_epochs: 30
2026-07-19 02:43:48,171 [trainer.py] => ca_lr: 0.005
2026-07-19 02:43:48,171 [trainer.py] => n_centroids: 10
2026-07-19 02:43:48,171 [trainer.py] => device: [device(type='cuda', index=2)]
2026-07-19 02:43:48,171 [trainer.py] => prefix: stream_smoke_imagenetr_250mb_hidelora
2026-07-19 02:43:48,171 [trainer.py] => boundary_mode: sample
2026-07-19 02:43:48,171 [trainer.py] => stream_budget_mb: 250
2026-07-19 02:43:48,171 [trainer.py] => stop_after_tasks: 5
2026-07-19 02:43:48,256 [data_manager.py] => [168, 136, 51, 9, 183, 101, 171, 99, 42, 159, 191, 70, 16, 188, 27, 10, 175, 26, 68, 187, 98, 6, 85, 35, 112, 43, 100, 0, 103, 181, 88, 59, 4, 2, 116, 174, 94, 80, 106, 1, 147, 17, 141, 131, 72, 23, 173, 54, 197, 118, 87, 32, 79, 104, 91, 19, 135, 107, 178, 36, 11, 199, 142, 8, 122, 3, 28, 57, 153, 172, 190, 56, 49, 44, 97, 62, 151, 169, 194, 55, 192, 12, 189, 78, 66, 180, 15, 137, 109, 134, 92, 119, 126, 52, 170, 40, 148, 65, 144, 64, 138, 45, 77, 89, 154, 90, 71, 193, 74, 30, 113, 143, 96, 84, 67, 50, 186, 156, 69, 21, 18, 111, 108, 58, 125, 157, 150, 110, 182, 129, 166, 83, 81, 60, 13, 165, 14, 176, 63, 117, 5, 22, 145, 121, 38, 41, 82, 127, 114, 20, 31, 53, 37, 163, 196, 130, 152, 162, 86, 76, 24, 34, 184, 149, 33, 128, 198, 155, 146, 167, 139, 120, 140, 102, 47, 25, 158, 123, 46, 164, 61, 7, 115, 75, 133, 160, 105, 132, 179, 124, 48, 73, 93, 39, 95, 195, 29, 177, 185, 161]
2026-07-19 02:43:52,869 [stream_mixin.py] => [stream] stop_after_tasks=5 (of 20 total)
2026-07-19 02:43:52,869 [stream_mixin.py] => [stream] adapter event every 1741 samples (memory constraint 250.0MB); eval after each fold on completed tasks
2026-07-19 02:50:33,317 [utils.py] => Note: detected 128 virtual cores but NumExpr set to maximum of 64, check "NUMEXPR_MAX_THREADS" environment variable.
2026-07-19 02:50:33,317 [utils.py] => Note: NumExpr detected 128 cores but "NUMEXPR_MAX_THREADS" not set, so enforcing safe limit of 16.
2026-07-19 02:50:33,317 [utils.py] => NumExpr defaulting to 16 threads.
2026-07-19 02:50:51,613 [stream_mixin.py] => [stream eval] completed  1 | CIL 9.49 | TIL 9.49 | TIL/task [9.49]
2026-07-19 02:59:07,442 [hidelora.py] => [HiDeLoRA] TAP done (30 epochs, 20 classes).
2026-07-19 02:59:14,859 [stream_mixin.py] => [stream eval] completed  2 | CIL 2.17 | TIL 11.01 | TIL/task [9.49, 12.3]
2026-07-19 03:06:05,110 [hidelora.py] => [HiDeLoRA] TAP done (30 epochs, 30 classes).
2026-07-19 03:06:15,808 [stream_mixin.py] => [stream eval] completed  3 | CIL 2.32 | TIL 12.01 | TIL/task [9.49, 11.76, 14.95]
2026-07-19 03:13:38,494 [hidelora.py] => [HiDeLoRA] TAP done (30 epochs, 40 classes).
2026-07-19 03:13:53,004 [stream_mixin.py] => [stream eval] completed  4 | CIL 2.42 | TIL 12.57 | TIL/task [9.49, 11.76, 16.28, 13.03]
2026-07-19 03:20:15,062 [hidelora.py] => [HiDeLoRA] TAP done (30 epochs, 50 classes).
2026-07-19 03:20:33,034 [stream_mixin.py] => [stream eval] completed  5 | CIL 2.69 | TIL 11.95 | TIL/task [9.49, 11.76, 15.28, 11.21, 12.27]
2026-07-19 03:20:33,100 [trainer.py] => [stream] completed-task checkpoints: [1, 2, 3, 4, 5]
2026-07-19 03:20:33,100 [trainer.py] => [stream] CIL curve: [9.49, 2.17, 2.32, 2.42, 2.69]
2026-07-19 03:20:33,100 [trainer.py] => [stream] TIL curve: [9.49, 11.01, 12.01, 12.57, 11.95]
2026-07-19 03:20:33,100 [trainer.py] => [stream] FINAL  CIL 2.69 | TIL 11.95  (over 5 tasks)
