2026-07-20 01:46:28,225 [trainer.py] => config: exps/review/legacy_epoch_clock_check/imagenetr_seqlora.json
2026-07-20 01:46:28,225 [trainer.py] => dataset: imagenetr
2026-07-20 01:46:28,225 [trainer.py] => memory_size: 0
2026-07-20 01:46:28,225 [trainer.py] => memory_per_class: 0
2026-07-20 01:46:28,225 [trainer.py] => fixed_memory: False
2026-07-20 01:46:28,225 [trainer.py] => shuffle: True
2026-07-20 01:46:28,225 [trainer.py] => init_cls: 4
2026-07-20 01:46:28,225 [trainer.py] => increment: 4
2026-07-20 01:46:28,225 [trainer.py] => seed: 1993
2026-07-20 01:46:28,225 [trainer.py] => scenario: cil
2026-07-20 01:46:28,225 [trainer.py] => pretrained: True
2026-07-20 01:46:28,225 [trainer.py] => print_forget: True
2026-07-20 01:46:28,226 [trainer.py] => backbone_type: vit_base_patch16_224_lora
2026-07-20 01:46:28,226 [trainer.py] => lora_rank: 8
2026-07-20 01:46:28,226 [trainer.py] => lora_alpha: 32
2026-07-20 01:46:28,226 [trainer.py] => tuned_epoch: 10
2026-07-20 01:46:28,226 [trainer.py] => init_lr: 0.0003
2026-07-20 01:46:28,226 [trainer.py] => batch_size: 48
2026-07-20 01:46:28,226 [trainer.py] => weight_decay: 0.0005
2026-07-20 01:46:28,226 [trainer.py] => min_lr: 0.0
2026-07-20 01:46:28,226 [trainer.py] => model_name: seqlora
2026-07-20 01:46:28,226 [trainer.py] => lora_merge: False
2026-07-20 01:46:28,226 [trainer.py] => device: [device(type='cuda', index=0)]
2026-07-20 01:46:28,226 [trainer.py] => prefix: legacy_epoch_clock_200mb_imagenetr_seqlora
2026-07-20 01:46:28,226 [trainer.py] => boundary_mode: sample_legacy
2026-07-20 01:46:28,226 [trainer.py] => stream_budget_mb: 200
2026-07-20 01:46:28,226 [trainer.py] => stop_after_tasks: 5
2026-07-20 01:46:28,311 [data_manager.py] => [168, 136, 51, 9, 183, 101, 171, 99, 42, 159, 191, 70, 16, 188, 27, 10, 175, 26, 68, 187, 98, 6, 85, 35, 112, 43, 100, 0, 103, 181, 88, 59, 4, 2, 116, 174, 94, 80, 106, 1, 147, 17, 141, 131, 72, 23, 173, 54, 197, 118, 87, 32, 79, 104, 91, 19, 135, 107, 178, 36, 11, 199, 142, 8, 122, 3, 28, 57, 153, 172, 190, 56, 49, 44, 97, 62, 151, 169, 194, 55, 192, 12, 189, 78, 66, 180, 15, 137, 109, 134, 92, 119, 126, 52, 170, 40, 148, 65, 144, 64, 138, 45, 77, 89, 154, 90, 71, 193, 74, 30, 113, 143, 96, 84, 67, 50, 186, 156, 69, 21, 18, 111, 108, 58, 125, 157, 150, 110, 182, 129, 166, 83, 81, 60, 13, 165, 14, 176, 63, 117, 5, 22, 145, 121, 38, 41, 82, 127, 114, 20, 31, 53, 37, 163, 196, 130, 152, 162, 86, 76, 24, 34, 184, 149, 33, 128, 198, 155, 146, 167, 139, 120, 140, 102, 47, 25, 158, 123, 46, 164, 61, 7, 115, 75, 133, 160, 105, 132, 179, 124, 48, 73, 93, 39, 95, 195, 29, 177, 185, 161]
2026-07-20 01:46:34,406 [stream_mixin.py] => [legacy] stop_after_tasks=5 (of 50 total)
2026-07-20 01:46:34,406 [stream_mixin.py] => [legacy] adapter event every 1393 epoch-repeated samples (200.0MB-equivalent)
2026-07-20 01:47:15,489 [stream_mixin.py] => [stream eval] completed  1 | chunk   0 | CIL 96.58
2026-07-20 01:47:26,383 [stream_mixin.py] => [stream eval] completed  1 | chunk   0 | CIL 93.16
2026-07-20 01:47:34,062 [stream_mixin.py] => [stream eval] completed  1 | chunk   0 | CIL 93.16
2026-07-20 01:47:46,142 [stream_mixin.py] => [stream eval] completed  2 | chunk   0 | CIL 80.25
2026-07-20 01:47:59,852 [stream_mixin.py] => [stream eval] completed  2 | chunk   0 | CIL 74.49
2026-07-20 01:48:09,664 [stream_mixin.py] => [stream eval] completed  2 | chunk   0 | CIL 74.90
2026-07-20 01:48:19,504 [stream_mixin.py] => [stream eval] completed  2 | chunk   0 | CIL 75.31
2026-07-20 01:48:34,591 [stream_mixin.py] => [stream eval] completed  3 | chunk   0 | CIL 77.06
2026-07-20 01:48:46,693 [stream_mixin.py] => [stream eval] completed  3 | chunk   0 | CIL 61.86
2026-07-20 01:48:58,771 [stream_mixin.py] => [stream eval] completed  3 | chunk   0 | CIL 64.43
2026-07-20 01:49:10,857 [stream_mixin.py] => [stream eval] completed  3 | chunk   0 | CIL 61.86
2026-07-20 01:49:23,052 [stream_mixin.py] => [stream eval] completed  3 | chunk   0 | CIL 65.46
2026-07-20 01:49:36,509 [stream_mixin.py] => [stream eval] completed  4 | chunk   0 | CIL 68.15
2026-07-20 01:49:47,736 [stream_mixin.py] => [stream eval] completed  4 | chunk   0 | CIL 62.28
2026-07-20 01:50:02,419 [stream_mixin.py] => [stream eval] completed  4 | chunk   0 | CIL 68.68
2026-07-20 01:50:13,699 [stream_mixin.py] => [stream eval] completed  4 | chunk   0 | CIL 69.04
2026-07-20 01:50:29,243 [stream_mixin.py] => [stream eval] completed  5 | chunk   0 | CIL 63.04
2026-07-20 01:50:29,243 [trainer.py] => [legacy] completed-task checkpoints: [1, 1, 1, 2, 2, 2, 2, 3, 3, 3, 3, 3, 4, 4, 4, 4, 5]
2026-07-20 01:50:29,243 [trainer.py] => [legacy] CIL curve: [96.58, 93.16, 93.16, 80.25, 74.49, 74.9, 75.31, 77.06, 61.86, 64.43, 61.86, 65.46, 68.15, 62.28, 68.68, 69.04, 63.04]
2026-07-20 01:50:29,243 [trainer.py] => [legacy] FINAL  CIL 63.04  (over 5 tasks) -- TIL not computed (meaningless in the memory-increment setup)
