2026-07-21 13:31:12,734 [trainer.py] => config: exps/review/overnight_hp_search/treelora_cifar224.json
2026-07-21 13:31:12,734 [trainer.py] => dataset: cifar224
2026-07-21 13:31:12,734 [trainer.py] => memory_size: 0
2026-07-21 13:31:12,734 [trainer.py] => memory_per_class: 0
2026-07-21 13:31:12,734 [trainer.py] => fixed_memory: False
2026-07-21 13:31:12,734 [trainer.py] => shuffle: True
2026-07-21 13:31:12,734 [trainer.py] => init_cls: 10
2026-07-21 13:31:12,735 [trainer.py] => increment: 10
2026-07-21 13:31:12,735 [trainer.py] => seed: 1993
2026-07-21 13:31:12,735 [trainer.py] => scenario: cil
2026-07-21 13:31:12,735 [trainer.py] => stop_after_tasks: 3
2026-07-21 13:31:12,735 [trainer.py] => pretrained: True
2026-07-21 13:31:12,735 [trainer.py] => print_forget: True
2026-07-21 13:31:12,735 [trainer.py] => final_metrics: True
2026-07-21 13:31:12,735 [trainer.py] => backbone_type: vit_base_patch16_224_lora
2026-07-21 13:31:12,735 [trainer.py] => lora_rank: 10
2026-07-21 13:31:12,735 [trainer.py] => lora_alpha: None
2026-07-21 13:31:12,735 [trainer.py] => tuned_epoch: 10
2026-07-21 13:31:12,735 [trainer.py] => init_lr: 0.001
2026-07-21 13:31:12,735 [trainer.py] => batch_size: 48
2026-07-21 13:31:12,735 [trainer.py] => weight_decay: 0.0005
2026-07-21 13:31:12,735 [trainer.py] => min_lr: 0.0
2026-07-21 13:31:12,735 [trainer.py] => model_name: treelora
2026-07-21 13:31:12,735 [trainer.py] => reg: 0.5
2026-07-21 13:31:12,735 [trainer.py] => device: [device(type='cuda', index=0)]
2026-07-21 13:31:12,735 [trainer.py] => prefix: overnight_treelora_cifar224
2026-07-21 13:31:14,365 [data_manager.py] => [68, 56, 78, 8, 23, 84, 90, 65, 74, 76, 40, 89, 3, 92, 55, 9, 26, 80, 43, 38, 58, 70, 77, 1, 85, 19, 17, 50, 28, 53, 13, 81, 45, 82, 6, 59, 83, 16, 15, 44, 91, 41, 72, 60, 79, 52, 20, 10, 31, 54, 37, 95, 14, 71, 96, 98, 97, 2, 64, 66, 42, 22, 35, 86, 24, 34, 87, 21, 99, 0, 88, 27, 18, 94, 11, 12, 47, 25, 30, 46, 62, 69, 36, 61, 7, 63, 75, 5, 32, 4, 51, 48, 73, 93, 39, 67, 29, 49, 57, 33]
2026-07-21 13:31:17,241 [trainer.py] => stop_after_tasks=3 (of 10 total)
2026-07-21 13:31:18,328 [trainer.py] => All params: 89485056
2026-07-21 13:31:18,330 [trainer.py] => Trainable params: 3686400
2026-07-21 13:31:18,331 [lora.py] => Learning on 0-10
2026-07-21 13:31:18,336 [lora.py] => Trainable params this task: 376,330 / 89,492,746
2026-07-21 13:36:56,613 [treelora.py] => [TreeLoRA] Task 0 done. Acc 95.02
2026-07-21 13:37:00,565 [trainer.py] => No NME accuracy.
2026-07-21 13:37:00,566 [trainer.py] => CNN: {'total': 98.9, '00-09': 98.9, 'old': 0, 'new': 98.9}
2026-07-21 13:37:00,566 [trainer.py] => CNN top1 curve: [98.9]
2026-07-21 13:37:00,566 [trainer.py] => CNN top5 curve: [100.0]

2026-07-21 13:37:00,566 [trainer.py] => Average Accuracy (CNN): 98.9 

2026-07-21 13:37:00,568 [trainer.py] => All params: 89492746
2026-07-21 13:37:00,570 [trainer.py] => Trainable params: 376330
2026-07-21 13:37:00,572 [lora.py] => Learning on 10-20
2026-07-21 13:37:00,583 [lora.py] => Trainable params this task: 384,020 / 89,500,436
2026-07-21 13:40:11,987 [trainer.py] => config: exps/review/overnight_hp_search/treelora_cifar224.json
2026-07-21 13:40:11,987 [trainer.py] => dataset: cifar224
2026-07-21 13:40:11,987 [trainer.py] => memory_size: 0
2026-07-21 13:40:11,987 [trainer.py] => memory_per_class: 0
2026-07-21 13:40:11,987 [trainer.py] => fixed_memory: False
2026-07-21 13:40:11,987 [trainer.py] => shuffle: True
2026-07-21 13:40:11,987 [trainer.py] => init_cls: 10
2026-07-21 13:40:11,987 [trainer.py] => increment: 10
2026-07-21 13:40:11,987 [trainer.py] => seed: 1993
2026-07-21 13:40:11,987 [trainer.py] => scenario: cil
2026-07-21 13:40:11,987 [trainer.py] => stop_after_tasks: 3
2026-07-21 13:40:11,987 [trainer.py] => pretrained: True
2026-07-21 13:40:11,987 [trainer.py] => print_forget: True
2026-07-21 13:40:11,987 [trainer.py] => final_metrics: True
2026-07-21 13:40:11,987 [trainer.py] => backbone_type: vit_base_patch16_224_lora
2026-07-21 13:40:11,987 [trainer.py] => lora_rank: 10
2026-07-21 13:40:11,987 [trainer.py] => lora_alpha: None
2026-07-21 13:40:11,987 [trainer.py] => tuned_epoch: 10
2026-07-21 13:40:11,988 [trainer.py] => init_lr: 0.001
2026-07-21 13:40:11,988 [trainer.py] => batch_size: 48
2026-07-21 13:40:11,988 [trainer.py] => weight_decay: 0.0005
2026-07-21 13:40:11,988 [trainer.py] => min_lr: 0.0
2026-07-21 13:40:11,988 [trainer.py] => model_name: treelora
2026-07-21 13:40:11,988 [trainer.py] => reg: 0.1
2026-07-21 13:40:11,988 [trainer.py] => device: [device(type='cuda', index=0)]
2026-07-21 13:40:11,988 [trainer.py] => prefix: overnight_treelora_cifar224
2026-07-21 13:40:13,637 [data_manager.py] => [68, 56, 78, 8, 23, 84, 90, 65, 74, 76, 40, 89, 3, 92, 55, 9, 26, 80, 43, 38, 58, 70, 77, 1, 85, 19, 17, 50, 28, 53, 13, 81, 45, 82, 6, 59, 83, 16, 15, 44, 91, 41, 72, 60, 79, 52, 20, 10, 31, 54, 37, 95, 14, 71, 96, 98, 97, 2, 64, 66, 42, 22, 35, 86, 24, 34, 87, 21, 99, 0, 88, 27, 18, 94, 11, 12, 47, 25, 30, 46, 62, 69, 36, 61, 7, 63, 75, 5, 32, 4, 51, 48, 73, 93, 39, 67, 29, 49, 57, 33]
2026-07-21 13:40:16,523 [trainer.py] => stop_after_tasks=3 (of 10 total)
2026-07-21 13:40:17,302 [trainer.py] => All params: 89485056
2026-07-21 13:40:17,303 [trainer.py] => Trainable params: 3686400
2026-07-21 13:40:17,304 [lora.py] => Learning on 0-10
2026-07-21 13:40:17,308 [lora.py] => Trainable params this task: 376,330 / 89,492,746
2026-07-21 13:46:02,918 [treelora.py] => [TreeLoRA] Task 0 done. Acc 95.02
2026-07-21 13:46:06,949 [trainer.py] => No NME accuracy.
2026-07-21 13:46:06,949 [trainer.py] => CNN: {'total': 98.9, '00-09': 98.9, 'old': 0, 'new': 98.9}
2026-07-21 13:46:06,949 [trainer.py] => CNN top1 curve: [98.9]
2026-07-21 13:46:06,949 [trainer.py] => CNN top5 curve: [100.0]

2026-07-21 13:46:06,949 [trainer.py] => Average Accuracy (CNN): 98.9 

2026-07-21 13:46:06,952 [trainer.py] => All params: 89492746
2026-07-21 13:46:06,954 [trainer.py] => Trainable params: 376330
2026-07-21 13:46:06,955 [lora.py] => Learning on 10-20
2026-07-21 13:46:06,966 [lora.py] => Trainable params this task: 384,020 / 89,500,436
2026-07-21 13:52:04,778 [treelora.py] => [TreeLoRA] Task 1 done. Acc 93.46
2026-07-21 13:52:12,321 [trainer.py] => No NME accuracy.
2026-07-21 13:52:12,321 [trainer.py] => CNN: {'total': 96.2, '00-09': 95.0, '10-19': 97.4, 'old': 95.0, 'new': 97.4}
2026-07-21 13:52:12,321 [trainer.py] => CNN top1 curve: [98.9, 96.2]
2026-07-21 13:52:12,322 [trainer.py] => CNN top5 curve: [100.0, 99.7]

2026-07-21 13:52:12,322 [trainer.py] => Average Accuracy (CNN): 97.55000000000001 

2026-07-21 13:52:12,324 [trainer.py] => All params: 89500436
2026-07-21 13:52:12,326 [trainer.py] => Trainable params: 384020
2026-07-21 13:52:12,327 [lora.py] => Learning on 20-30
2026-07-21 13:52:12,338 [lora.py] => Trainable params this task: 391,710 / 89,508,126
2026-07-21 13:58:10,064 [treelora.py] => [TreeLoRA] Task 2 done. Acc 96.12
2026-07-21 13:58:21,094 [trainer.py] => No NME accuracy.
2026-07-21 13:58:21,094 [trainer.py] => CNN: {'total': 92.37, '00-09': 86.6, '10-19': 92.0, '20-29': 98.5, 'old': 89.3, 'new': 98.5}
2026-07-21 13:58:21,094 [trainer.py] => CNN top1 curve: [98.9, 96.2, 92.37]
2026-07-21 13:58:21,094 [trainer.py] => CNN top5 curve: [100.0, 99.7, 99.5]

2026-07-21 13:58:21,095 [trainer.py] => Average Accuracy (CNN): 95.82333333333334 

2026-07-21 13:58:23,946 [metrics_logger.py] => [metrics] wrote run_logs/final/treelora/metrics_treelora_cifar224_overnight_treelora_cifar224_s1993.json
2026-07-21 13:58:23,946 [trainer.py] => Forgetting (CNN): 8.850000000000009
2026-07-21 13:58:23,946 [trainer.py] => Forgetting (NME): 8.850000000000009
