2026-07-19 22:53:02,037 [trainer.py] => config: exps/review/budget250mb_check/cifar224_sketchlora.json
2026-07-19 22:53:02,037 [trainer.py] => dataset: cifar224
2026-07-19 22:53:02,038 [trainer.py] => memory_size: 0
2026-07-19 22:53:02,038 [trainer.py] => memory_per_class: 0
2026-07-19 22:53:02,038 [trainer.py] => fixed_memory: False
2026-07-19 22:53:02,038 [trainer.py] => shuffle: True
2026-07-19 22:53:02,038 [trainer.py] => init_cls: 5
2026-07-19 22:53:02,038 [trainer.py] => increment: 5
2026-07-19 22:53:02,038 [trainer.py] => seed: 1993
2026-07-19 22:53:02,038 [trainer.py] => scenario: cil
2026-07-19 22:53:02,038 [trainer.py] => pretrained: True
2026-07-19 22:53:02,038 [trainer.py] => print_forget: True
2026-07-19 22:53:02,038 [trainer.py] => backbone_type: vit_base_patch16_224_lora
2026-07-19 22:53:02,038 [trainer.py] => lora_rank: 8
2026-07-19 22:53:02,038 [trainer.py] => lora_alpha: 32
2026-07-19 22:53:02,038 [trainer.py] => tuned_epoch: 10
2026-07-19 22:53:02,038 [trainer.py] => init_lr: 0.0003
2026-07-19 22:53:02,038 [trainer.py] => batch_size: 48
2026-07-19 22:53:02,038 [trainer.py] => weight_decay: 0.0005
2026-07-19 22:53:02,038 [trainer.py] => min_lr: 0.0
2026-07-19 22:53:02,038 [trainer.py] => model_name: sketchlora
2026-07-19 22:53:02,038 [trainer.py] => lora_merge: True
2026-07-19 22:53:02,038 [trainer.py] => lora_train_merge: True
2026-07-19 22:53:02,038 [trainer.py] => svd_rank: 8
2026-07-19 22:53:02,038 [trainer.py] => svd_oversampling: 10
2026-07-19 22:53:02,039 [trainer.py] => svd_energy_target: 0.01
2026-07-19 22:53:02,039 [trainer.py] => lora_n_slots: 2
2026-07-19 22:53:02,039 [trainer.py] => device: [device(type='cuda', index=0)]
2026-07-19 22:53:02,039 [trainer.py] => prefix: budget250mb_check_cifar224_sketchlora
2026-07-19 22:53:02,039 [trainer.py] => boundary_mode: sample
2026-07-19 22:53:02,039 [trainer.py] => stream_budget_mb: 250
2026-07-19 22:53:02,039 [trainer.py] => stop_after_tasks: 5
2026-07-19 22:53:03,705 [data_manager.py] => [68, 56, 78, 8, 23, 84, 90, 65, 74, 76, 40, 89, 3, 92, 55, 9, 26, 80, 43, 38, 58, 70, 77, 1, 85, 19, 17, 50, 28, 53, 13, 81, 45, 82, 6, 59, 83, 16, 15, 44, 91, 41, 72, 60, 79, 52, 20, 10, 31, 54, 37, 95, 14, 71, 96, 98, 97, 2, 64, 66, 42, 22, 35, 86, 24, 34, 87, 21, 99, 0, 88, 27, 18, 94, 11, 12, 47, 25, 30, 46, 62, 69, 36, 61, 7, 63, 75, 5, 32, 4, 51, 48, 73, 93, 39, 67, 29, 49, 57, 33]
2026-07-19 22:53:06,243 [stream_mixin.py] => [stream] stop_after_tasks=5 (of 20 total)
2026-07-19 22:53:06,288 [stream_mixin.py] => [stream] unique-image budget 1741 images (250.0MB); 12500 total images, 5 tasks -> 8 chunks
2026-07-19 22:55:01,872 [sketchlora.py] => [SketchDiag] task 0: retained-energy mean=0.998 min=0.991 | ||ΔW||_F mean=0.212 | r_hat mean=7.5 total=180
2026-07-19 22:56:56,676 [sketchlora.py] => [SketchDiag] task 1: retained-energy mean=0.994 min=0.990 | ||ΔW||_F mean=0.309 | r_hat mean=14.1 total=339
2026-07-19 22:56:58,814 [stream_mixin.py] => [stream eval] completed  1 | chunk   1 | CIL 99.80
2026-07-19 22:58:54,057 [sketchlora.py] => [SketchDiag] task 2: retained-energy mean=0.993 min=0.990 | ||ΔW||_F mean=0.373 | r_hat mean=20.2 total=485
2026-07-19 22:58:58,371 [stream_mixin.py] => [stream eval] completed  2 | chunk   1 | CIL 98.20
2026-07-19 23:00:54,106 [sketchlora.py] => [SketchDiag] task 3: retained-energy mean=0.993 min=0.990 | ||ΔW||_F mean=0.420 | r_hat mean=26.1 total=627
2026-07-19 23:02:49,946 [sketchlora.py] => [SketchDiag] task 4: retained-energy mean=0.992 min=0.990 | ||ΔW||_F mean=0.469 | r_hat mean=31.3 total=751
2026-07-19 23:02:56,462 [stream_mixin.py] => [stream eval] completed  3 | chunk   1 | CIL 96.67
2026-07-19 23:04:52,343 [sketchlora.py] => [SketchDiag] task 5: retained-energy mean=0.992 min=0.990 | ||ΔW||_F mean=0.511 | r_hat mean=36.3 total=871
2026-07-19 23:05:01,068 [stream_mixin.py] => [stream eval] completed  4 | chunk   1 | CIL 94.95
2026-07-19 23:06:57,115 [sketchlora.py] => [SketchDiag] task 6: retained-energy mean=0.992 min=0.990 | ||ΔW||_F mean=0.539 | r_hat mean=41.1 total=986
2026-07-19 23:07:25,300 [sketchlora.py] => [SketchDiag] task 7: retained-energy mean=0.991 min=0.990 | ||ΔW||_F mean=0.544 | r_hat mean=42.8 total=1028
2026-07-19 23:07:36,186 [stream_mixin.py] => [stream eval] completed  5 | chunk   1 | CIL 93.88
2026-07-19 23:07:36,192 [trainer.py] => [stream] completed-task checkpoints: [1, 2, 3, 4, 5]
2026-07-19 23:07:36,192 [trainer.py] => [stream] CIL curve: [99.8, 98.2, 96.67, 94.95, 93.88]
2026-07-19 23:07:36,192 [trainer.py] => [stream] FINAL  CIL 93.88  (over 5 tasks) -- TIL not computed (meaningless in the memory-increment setup)
2026-07-20 00:39:47,396 [trainer.py] => config: exps/review/budget250mb_check/cifar224_sketchlora.json
2026-07-20 00:39:47,396 [trainer.py] => dataset: cifar224
2026-07-20 00:39:47,396 [trainer.py] => memory_size: 0
2026-07-20 00:39:47,396 [trainer.py] => memory_per_class: 0
2026-07-20 00:39:47,396 [trainer.py] => fixed_memory: False
2026-07-20 00:39:47,396 [trainer.py] => shuffle: True
2026-07-20 00:39:47,396 [trainer.py] => init_cls: 5
2026-07-20 00:39:47,396 [trainer.py] => increment: 5
2026-07-20 00:39:47,396 [trainer.py] => seed: 1993
2026-07-20 00:39:47,396 [trainer.py] => scenario: cil
2026-07-20 00:39:47,396 [trainer.py] => pretrained: True
2026-07-20 00:39:47,396 [trainer.py] => print_forget: True
2026-07-20 00:39:47,397 [trainer.py] => backbone_type: vit_base_patch16_224_lora
2026-07-20 00:39:47,397 [trainer.py] => lora_rank: 8
2026-07-20 00:39:47,397 [trainer.py] => lora_alpha: 32
2026-07-20 00:39:47,397 [trainer.py] => tuned_epoch: 10
2026-07-20 00:39:47,397 [trainer.py] => init_lr: 0.0003
2026-07-20 00:39:47,397 [trainer.py] => batch_size: 48
2026-07-20 00:39:47,397 [trainer.py] => weight_decay: 0.0005
2026-07-20 00:39:47,397 [trainer.py] => min_lr: 0.0
2026-07-20 00:39:47,397 [trainer.py] => model_name: sketchlora
2026-07-20 00:39:47,397 [trainer.py] => lora_merge: True
2026-07-20 00:39:47,397 [trainer.py] => lora_train_merge: True
2026-07-20 00:39:47,397 [trainer.py] => svd_rank: 8
2026-07-20 00:39:47,397 [trainer.py] => svd_oversampling: 10
2026-07-20 00:39:47,397 [trainer.py] => svd_energy_target: 0.01
2026-07-20 00:39:47,397 [trainer.py] => lora_n_slots: 2
2026-07-20 00:39:47,397 [trainer.py] => device: [device(type='cuda', index=0)]
2026-07-20 00:39:47,397 [trainer.py] => prefix: budget250mb_check_cifar224_sketchlora
2026-07-20 00:39:47,397 [trainer.py] => boundary_mode: sample
2026-07-20 00:39:47,397 [trainer.py] => stream_budget_mb: 250
2026-07-20 00:39:47,397 [trainer.py] => stop_after_tasks: 5
2026-07-20 00:39:47,397 [trainer.py] => stream_eval_final_only: True
2026-07-20 00:39:49,041 [data_manager.py] => [68, 56, 78, 8, 23, 84, 90, 65, 74, 76, 40, 89, 3, 92, 55, 9, 26, 80, 43, 38, 58, 70, 77, 1, 85, 19, 17, 50, 28, 53, 13, 81, 45, 82, 6, 59, 83, 16, 15, 44, 91, 41, 72, 60, 79, 52, 20, 10, 31, 54, 37, 95, 14, 71, 96, 98, 97, 2, 64, 66, 42, 22, 35, 86, 24, 34, 87, 21, 99, 0, 88, 27, 18, 94, 11, 12, 47, 25, 30, 46, 62, 69, 36, 61, 7, 63, 75, 5, 32, 4, 51, 48, 73, 93, 39, 67, 29, 49, 57, 33]
2026-07-20 00:39:51,631 [stream_mixin.py] => [stream] stop_after_tasks=5 (of 20 total)
2026-07-20 00:39:51,678 [stream_mixin.py] => [stream] unique-image budget 1741 images (250.0MB); 12500 total images, 5 tasks -> 8 chunks
2026-07-20 00:41:49,972 [sketchlora.py] => [SketchDiag] task 0: retained-energy mean=0.998 min=0.991 | ||ΔW||_F mean=0.212 | r_hat mean=7.5 total=180
2026-07-20 00:43:47,485 [sketchlora.py] => [SketchDiag] task 1: retained-energy mean=0.994 min=0.990 | ||ΔW||_F mean=0.309 | r_hat mean=14.1 total=339
2026-07-20 00:45:45,184 [sketchlora.py] => [SketchDiag] task 2: retained-energy mean=0.993 min=0.990 | ||ΔW||_F mean=0.372 | r_hat mean=20.2 total=486
2026-07-20 00:47:43,158 [sketchlora.py] => [SketchDiag] task 3: retained-energy mean=0.992 min=0.990 | ||ΔW||_F mean=0.420 | r_hat mean=26.0 total=625
2026-07-20 00:49:41,370 [sketchlora.py] => [SketchDiag] task 4: retained-energy mean=0.992 min=0.990 | ||ΔW||_F mean=0.469 | r_hat mean=31.2 total=748
2026-07-20 00:51:39,523 [sketchlora.py] => [SketchDiag] task 5: retained-energy mean=0.992 min=0.990 | ||ΔW||_F mean=0.512 | r_hat mean=36.1 total=866
2026-07-20 00:53:38,161 [sketchlora.py] => [SketchDiag] task 6: retained-energy mean=0.992 min=0.990 | ||ΔW||_F mean=0.539 | r_hat mean=40.7 total=977
2026-07-20 00:54:06,857 [sketchlora.py] => [SketchDiag] task 7: retained-energy mean=0.992 min=0.990 | ||ΔW||_F mean=0.544 | r_hat mean=42.6 total=1022
2026-07-20 00:54:17,958 [stream_mixin.py] => [stream eval] completed  5 | chunk   1 | CIL 94.92
2026-07-20 00:54:17,969 [trainer.py] => [stream] completed-task checkpoints: [5]
2026-07-20 00:54:17,969 [trainer.py] => [stream] CIL curve: [94.92]
2026-07-20 00:54:17,969 [trainer.py] => [stream] FINAL  CIL 94.92  (over 5 tasks) -- TIL not computed (meaningless in the memory-increment setup)
