2026-07-03 09:10:54,738 [trainer.py] => config: ./exps/svdlora_cifar20t_sample_flat_s1994.json
2026-07-03 09:10:54,738 [trainer.py] => dataset: cifar224
2026-07-03 09:10:54,738 [trainer.py] => memory_size: 0
2026-07-03 09:10:54,738 [trainer.py] => memory_per_class: 0
2026-07-03 09:10:54,738 [trainer.py] => fixed_memory: False
2026-07-03 09:10:54,738 [trainer.py] => shuffle: True
2026-07-03 09:10:54,738 [trainer.py] => init_cls: 5
2026-07-03 09:10:54,738 [trainer.py] => increment: 5
2026-07-03 09:10:54,738 [trainer.py] => backbone_type: vit_base_patch16_224_lora
2026-07-03 09:10:54,738 [trainer.py] => device: [device(type='cuda', index=0)]
2026-07-03 09:10:54,738 [trainer.py] => seed: 1994
2026-07-03 09:10:54,738 [trainer.py] => scenario: both
2026-07-03 09:10:54,738 [trainer.py] => lora_rank: 8
2026-07-03 09:10:54,738 [trainer.py] => lora_alpha: 32
2026-07-03 09:10:54,738 [trainer.py] => tuned_epoch: 10
2026-07-03 09:10:54,738 [trainer.py] => init_lr: 0.0003
2026-07-03 09:10:54,738 [trainer.py] => batch_size: 48
2026-07-03 09:10:54,738 [trainer.py] => weight_decay: 0.0005
2026-07-03 09:10:54,738 [trainer.py] => min_lr: 0.0
2026-07-03 09:10:54,738 [trainer.py] => pretrained: True
2026-07-03 09:10:54,738 [trainer.py] => print_forget: True
2026-07-03 09:10:54,738 [trainer.py] => model_name: sketchlora
2026-07-03 09:10:54,738 [trainer.py] => lora_merge: True
2026-07-03 09:10:54,738 [trainer.py] => lora_train_merge: True
2026-07-03 09:10:54,738 [trainer.py] => svd_rank: 8
2026-07-03 09:10:54,738 [trainer.py] => svd_oversampling: 10
2026-07-03 09:10:54,738 [trainer.py] => svd_energy_target: 0.01
2026-07-03 09:10:54,739 [trainer.py] => lora_n_slots: 2
2026-07-03 09:10:54,739 [trainer.py] => prefix: cifar20t_sample_flat
2026-07-03 09:10:54,739 [trainer.py] => boundary_mode: sample
2026-07-03 09:10:54,739 [trainer.py] => boundary_mult: 1.5
2026-07-03 09:10:54,739 [trainer.py] => lr_anneal: False
2026-07-03 09:10:56,443 [data_manager.py] => [72, 6, 33, 96, 60, 94, 29, 40, 45, 66, 51, 8, 78, 49, 70, 22, 53, 82, 87, 23, 15, 89, 43, 35, 32, 25, 44, 86, 68, 83, 17, 55, 31, 85, 38, 61, 0, 16, 92, 59, 56, 19, 74, 12, 13, 88, 64, 42, 71, 46, 97, 58, 50, 41, 26, 1, 7, 69, 21, 27, 95, 14, 99, 9, 81, 10, 73, 11, 91, 36, 77, 57, 79, 47, 2, 98, 48, 20, 67, 37, 18, 65, 3, 52, 28, 39, 5, 93, 4, 62, 24, 63, 30, 84, 76, 90, 80, 75, 34, 54]
2026-07-03 09:10:58,943 [stream_mixin.py] => [stream] adapter event every 15 global epochs (C=1.5 x 10 epochs); eval after each fold on completed tasks
2026-07-03 09:18:47,857 [sketchlora.py] => [SketchDiag] task 0: retained-energy mean=0.996 min=0.990 | ||ΔW||_F mean=0.498 | r_hat mean=7.2 total=172
2026-07-03 09:18:54,350 [stream_mixin.py] => [stream eval] completed  1 | CIL 95.20 | TIL 95.20 | TIL/task [95.2]
2026-07-03 09:26:26,054 [sketchlora.py] => [SketchDiag] task 1: retained-energy mean=0.994 min=0.991 | ||ΔW||_F mean=0.701 | r_hat mean=14.0 total=335
2026-07-03 09:26:45,452 [stream_mixin.py] => [stream eval] completed  3 | CIL 78.27 | TIL 97.93 | TIL/task [95.4, 98.6, 99.8]
2026-07-03 09:34:36,024 [sketchlora.py] => [SketchDiag] task 2: retained-energy mean=0.993 min=0.990 | ||ΔW||_F mean=0.904 | r_hat mean=19.8 total=476
2026-07-03 09:35:02,129 [stream_mixin.py] => [stream eval] completed  4 | CIL 72.80 | TIL 95.95 | TIL/task [90.6, 94.8, 99.8, 98.6]
2026-07-03 09:43:07,131 [sketchlora.py] => [SketchDiag] task 3: retained-energy mean=0.993 min=0.990 | ||ΔW||_F mean=1.028 | r_hat mean=25.5 total=613
2026-07-03 09:43:42,970 [stream_mixin.py] => [stream eval] completed  6 | CIL 64.27 | TIL 95.17 | TIL/task [85.6, 89.6, 99.4, 98.4, 98.6, 99.4]
2026-07-03 09:51:55,041 [sketchlora.py] => [SketchDiag] task 4: retained-energy mean=0.992 min=0.990 | ||ΔW||_F mean=1.148 | r_hat mean=30.2 total=724
2026-07-03 09:52:40,300 [stream_mixin.py] => [stream eval] completed  7 | CIL 67.89 | TIL 93.49 | TIL/task [75.2, 90.8, 97.8, 97.2, 95.4, 99.2, 98.8]
2026-07-03 10:00:42,418 [sketchlora.py] => [SketchDiag] task 5: retained-energy mean=0.992 min=0.990 | ||ΔW||_F mean=1.286 | r_hat mean=35.0 total=840
2026-07-03 10:01:40,868 [stream_mixin.py] => [stream eval] completed  9 | CIL 62.51 | TIL 95.07 | TIL/task [75.2, 92.2, 99.0, 97.8, 97.4, 99.0, 97.2, 98.8, 99.0]
2026-07-03 10:09:44,121 [sketchlora.py] => [SketchDiag] task 6: retained-energy mean=0.991 min=0.991 | ||ΔW||_F mean=1.423 | r_hat mean=38.9 total=933
2026-07-03 10:10:49,442 [stream_mixin.py] => [stream eval] completed 10 | CIL 59.20 | TIL 93.30 | TIL/task [80.6, 85.4, 98.8, 87.4, 96.4, 98.8, 96.4, 97.0, 97.6, 94.6]
2026-07-03 10:18:51,662 [sketchlora.py] => [SketchDiag] task 7: retained-energy mean=0.992 min=0.990 | ||ΔW||_F mean=1.516 | r_hat mean=42.7 total=1025
2026-07-03 10:20:09,337 [stream_mixin.py] => [stream eval] completed 12 | CIL 56.63 | TIL 94.52 | TIL/task [83.2, 87.4, 99.2, 91.0, 95.2, 98.2, 94.8, 96.0, 98.6, 93.4, 97.6, 99.6]
2026-07-03 10:28:15,783 [sketchlora.py] => [SketchDiag] task 8: retained-energy mean=0.992 min=0.990 | ||ΔW||_F mean=1.630 | r_hat mean=45.7 total=1096
2026-07-03 10:29:38,221 [stream_mixin.py] => [stream eval] completed 13 | CIL 46.55 | TIL 89.15 | TIL/task [66.4, 76.2, 97.0, 76.2, 83.4, 97.4, 87.0, 95.6, 94.8, 94.0, 94.0, 99.0, 98.0]
2026-07-03 10:37:58,667 [sketchlora.py] => [SketchDiag] task 9: retained-energy mean=0.992 min=0.990 | ||ΔW||_F mean=1.710 | r_hat mean=49.1 total=1178
2026-07-03 10:39:27,021 [stream_mixin.py] => [stream eval] completed 15 | CIL 46.33 | TIL 90.28 | TIL/task [70.2, 76.6, 97.6, 77.6, 77.0, 97.6, 88.4, 96.2, 94.2, 91.2, 93.4, 97.6, 98.0, 98.6, 100.0]
2026-07-03 10:47:37,613 [sketchlora.py] => [SketchDiag] task 10: retained-energy mean=0.992 min=0.990 | ||ΔW||_F mean=1.787 | r_hat mean=51.7 total=1241
2026-07-03 10:49:20,612 [stream_mixin.py] => [stream eval] completed 16 | CIL 45.00 | TIL 91.31 | TIL/task [71.8, 77.6, 96.6, 81.6, 75.8, 98.6, 94.2, 95.2, 93.6, 91.8, 94.4, 97.8, 97.4, 97.2, 98.8, 98.6]
2026-07-03 10:57:17,216 [sketchlora.py] => [SketchDiag] task 11: retained-energy mean=0.991 min=0.990 | ||ΔW||_F mean=1.850 | r_hat mean=54.8 total=1316
2026-07-03 10:59:13,831 [stream_mixin.py] => [stream eval] completed 18 | CIL 40.17 | TIL 92.58 | TIL/task [71.8, 78.8, 97.4, 89.6, 75.4, 98.2, 92.2, 93.8, 92.6, 92.6, 94.8, 98.6, 97.2, 97.2, 98.6, 99.0, 99.2, 99.4]
2026-07-03 11:07:09,942 [sketchlora.py] => [SketchDiag] task 12: retained-energy mean=0.991 min=0.990 | ||ΔW||_F mean=1.922 | r_hat mean=57.1 total=1371
2026-07-03 11:09:12,754 [stream_mixin.py] => [stream eval] completed 19 | CIL 39.59 | TIL 89.43 | TIL/task [68.6, 69.6, 97.8, 80.4, 62.0, 96.4, 80.8, 90.6, 89.2, 90.6, 88.6, 99.2, 97.0, 97.4, 97.8, 99.0, 97.6, 97.8, 98.8]
2026-07-03 11:12:06,943 [sketchlora.py] => [SketchDiag] task 13: retained-energy mean=0.991 min=0.990 | ||ΔW||_F mean=1.927 | r_hat mean=57.1 total=1371
2026-07-03 11:14:16,873 [stream_mixin.py] => [stream eval] completed 20 | CIL 39.41 | TIL 89.39 | TIL/task [68.6, 66.0, 98.0, 80.0, 61.6, 96.2, 78.4, 90.4, 89.6, 89.2, 87.4, 99.0, 95.8, 97.4, 97.8, 99.0, 97.6, 98.0, 98.6, 99.2]
2026-07-03 11:14:16,874 [trainer.py] => [stream] completed-task checkpoints: [1, 3, 4, 6, 7, 9, 10, 12, 13, 15, 16, 18, 19, 20]
2026-07-03 11:14:16,874 [trainer.py] => [stream] CIL curve: [95.2, 78.27, 72.8, 64.27, 67.89, 62.51, 59.2, 56.63, 46.55, 46.33, 45.0, 40.17, 39.59, 39.41]
2026-07-03 11:14:16,874 [trainer.py] => [stream] TIL curve: [95.2, 97.93, 95.95, 95.17, 93.49, 95.07, 93.3, 94.52, 89.15, 90.28, 91.31, 92.58, 89.43, 89.39]
2026-07-03 11:14:16,874 [trainer.py] => [stream] FINAL  CIL 39.41 | TIL 89.39  (over 20 tasks)
