2026-07-17 15:42:55,259 [trainer.py] => config: exps/smoke/sketchlora_mergeop_exactsvd_smoke.json
2026-07-17 15:42:55,259 [trainer.py] => dataset: cifar224
2026-07-17 15:42:55,259 [trainer.py] => memory_size: 0
2026-07-17 15:42:55,259 [trainer.py] => memory_per_class: 0
2026-07-17 15:42:55,259 [trainer.py] => fixed_memory: False
2026-07-17 15:42:55,259 [trainer.py] => shuffle: True
2026-07-17 15:42:55,259 [trainer.py] => init_cls: 5
2026-07-17 15:42:55,259 [trainer.py] => increment: 5
2026-07-17 15:42:55,259 [trainer.py] => backbone_type: vit_base_patch16_224_lora
2026-07-17 15:42:55,259 [trainer.py] => device: [device(type='cuda', index=0)]
2026-07-17 15:42:55,259 [trainer.py] => seed: 1993
2026-07-17 15:42:55,259 [trainer.py] => scenario: cil
2026-07-17 15:42:55,259 [trainer.py] => lora_rank: 8
2026-07-17 15:42:55,259 [trainer.py] => svd_rank: 8
2026-07-17 15:42:55,259 [trainer.py] => lora_alpha: 32
2026-07-17 15:42:55,259 [trainer.py] => merge_op: exactsvd
2026-07-17 15:42:55,259 [trainer.py] => tuned_epoch: 2
2026-07-17 15:42:55,259 [trainer.py] => init_lr: 0.0003
2026-07-17 15:42:55,259 [trainer.py] => batch_size: 48
2026-07-17 15:42:55,259 [trainer.py] => weight_decay: 0.0005
2026-07-17 15:42:55,260 [trainer.py] => min_lr: 0.0
2026-07-17 15:42:55,260 [trainer.py] => pretrained: True
2026-07-17 15:42:55,260 [trainer.py] => print_forget: True
2026-07-17 15:42:55,260 [trainer.py] => model_name: sketchlora
2026-07-17 15:42:55,260 [trainer.py] => prefix: sketchlora_mergeop_exactsvd_smoke
2026-07-17 15:42:55,260 [trainer.py] => stop_after_tasks: 4
2026-07-17 15:42:55,260 [trainer.py] => final_metrics: True
2026-07-17 15:42:56,901 [data_manager.py] => [68, 56, 78, 8, 23, 84, 90, 65, 74, 76, 40, 89, 3, 92, 55, 9, 26, 80, 43, 38, 58, 70, 77, 1, 85, 19, 17, 50, 28, 53, 13, 81, 45, 82, 6, 59, 83, 16, 15, 44, 91, 41, 72, 60, 79, 52, 20, 10, 31, 54, 37, 95, 14, 71, 96, 98, 97, 2, 64, 66, 42, 22, 35, 86, 24, 34, 87, 21, 99, 0, 88, 27, 18, 94, 11, 12, 47, 25, 30, 46, 62, 69, 36, 61, 7, 63, 75, 5, 32, 4, 51, 48, 73, 93, 39, 67, 29, 49, 57, 33]
2026-07-17 15:43:04,178 [trainer.py] => stop_after_tasks=4 (of 20 total)
2026-07-17 15:43:05,861 [trainer.py] => All params: 91696896
2026-07-17 15:43:05,867 [trainer.py] => Trainable params: 5898240
2026-07-17 15:43:06,800 [lora.py] => Learning on 0-5
2026-07-17 15:43:06,812 [lora.py] => Trainable params this task: 298,757 / 91,700,741
2026-07-17 15:43:37,379 [lora.py] => Task 0 finished. Train_accy 93.96
2026-07-17 15:43:40,107 [sketchlora.py] => [SketchDiag] task 0: retained-energy mean=1.000 min=1.000 | ||ΔW||_F mean=0.162 | r_hat mean=8.0 total=192
2026-07-17 15:43:42,040 [trainer.py] => No NME accuracy.
2026-07-17 15:43:42,040 [trainer.py] => CNN: {'total': 98.2, '00-04': 98.2, 'old': 0, 'new': 98.2}
2026-07-17 15:43:42,040 [trainer.py] => CNN top1 curve: [98.2]
2026-07-17 15:43:42,040 [trainer.py] => CNN top5 curve: [100.0]

2026-07-17 15:43:42,040 [trainer.py] => Average Accuracy (CNN): 98.2 

2026-07-17 15:43:42,042 [trainer.py] => All params: 91700741
2026-07-17 15:43:42,044 [trainer.py] => Trainable params: 298757
2026-07-17 15:43:42,045 [lora.py] => Learning on 5-10
2026-07-17 15:43:42,053 [lora.py] => Trainable params this task: 302,602 / 91,704,586
2026-07-17 15:44:12,052 [lora.py] => Task 1 finished. Train_accy 90.76
2026-07-17 15:44:14,642 [sketchlora.py] => [SketchDiag] task 1: retained-energy mean=0.892 min=0.809 | ||ΔW||_F mean=0.235 | r_hat mean=8.0 total=192
2026-07-17 15:44:18,019 [trainer.py] => No NME accuracy.
2026-07-17 15:44:18,019 [trainer.py] => CNN: {'total': 93.2, '00-04': 92.8, '05-09': 93.6, 'old': 92.8, 'new': 93.6}
2026-07-17 15:44:18,019 [trainer.py] => CNN top1 curve: [98.2, 93.2]
2026-07-17 15:44:18,019 [trainer.py] => CNN top5 curve: [100.0, 99.7]

2026-07-17 15:44:18,019 [trainer.py] => Average Accuracy (CNN): 95.7 

2026-07-17 15:44:18,021 [trainer.py] => All params: 91704586
2026-07-17 15:44:18,024 [trainer.py] => Trainable params: 302602
2026-07-17 15:44:18,024 [lora.py] => Learning on 10-15
2026-07-17 15:44:18,032 [lora.py] => Trainable params this task: 306,447 / 91,708,431
2026-07-17 15:44:48,122 [lora.py] => Task 2 finished. Train_accy 91.52
2026-07-17 15:44:50,897 [sketchlora.py] => [SketchDiag] task 2: retained-energy mean=0.862 min=0.776 | ||ΔW||_F mean=0.279 | r_hat mean=8.0 total=192
2026-07-17 15:44:55,782 [trainer.py] => No NME accuracy.
2026-07-17 15:44:55,782 [trainer.py] => CNN: {'total': 82.0, '00-04': 76.8, '05-09': 75.2, '10-14': 94.0, 'old': 76.0, 'new': 94.0}
2026-07-17 15:44:55,782 [trainer.py] => CNN top1 curve: [98.2, 93.2, 82.0]
2026-07-17 15:44:55,782 [trainer.py] => CNN top5 curve: [100.0, 99.7, 98.73]

2026-07-17 15:44:55,782 [trainer.py] => Average Accuracy (CNN): 91.13333333333333 

2026-07-17 15:44:55,786 [trainer.py] => All params: 91708431
2026-07-17 15:44:55,790 [trainer.py] => Trainable params: 306447
2026-07-17 15:44:55,791 [lora.py] => Learning on 15-20
2026-07-17 15:44:55,803 [lora.py] => Trainable params this task: 310,292 / 91,712,276
2026-07-17 15:45:26,022 [lora.py] => Task 3 finished. Train_accy 92.08
2026-07-17 15:45:28,776 [sketchlora.py] => [SketchDiag] task 3: retained-energy mean=0.860 min=0.799 | ||ΔW||_F mean=0.306 | r_hat mean=8.0 total=192
2026-07-17 15:45:35,160 [trainer.py] => No NME accuracy.
2026-07-17 15:45:35,160 [trainer.py] => CNN: {'total': 73.25, '00-04': 64.0, '05-09': 51.0, '10-14': 91.2, '15-19': 86.8, 'old': 68.73, 'new': 86.8}
2026-07-17 15:45:35,161 [trainer.py] => CNN top1 curve: [98.2, 93.2, 82.0, 73.25]
2026-07-17 15:45:35,161 [trainer.py] => CNN top5 curve: [100.0, 99.7, 98.73, 96.0]

2026-07-17 15:45:35,161 [trainer.py] => Average Accuracy (CNN): 86.6625 

2026-07-17 15:45:37,183 [metrics_logger.py] => [metrics] wrote run_logs/final/sketchlora/metrics_sketchlora_cifar224_sketchlora_mergeop_exactsvd_smoke_s1993.json
2026-07-17 15:45:37,183 [trainer.py] => Forgetting (CNN): 26.53333333333333
2026-07-17 15:45:37,184 [trainer.py] => Forgetting (NME): 26.53333333333333
