2026-06-17 18:54:20,942 [trainer.py] => config: ./exps/lora.json
2026-06-17 18:54:20,942 [trainer.py] => prefix: reproduce
2026-06-17 18:54:20,942 [trainer.py] => dataset: cifar224
2026-06-17 18:54:20,942 [trainer.py] => memory_size: 0
2026-06-17 18:54:20,942 [trainer.py] => memory_per_class: 0
2026-06-17 18:54:20,942 [trainer.py] => fixed_memory: False
2026-06-17 18:54:20,942 [trainer.py] => shuffle: True
2026-06-17 18:54:20,942 [trainer.py] => init_cls: 10
2026-06-17 18:54:20,942 [trainer.py] => increment: 10
2026-06-17 18:54:20,942 [trainer.py] => model_name: lora
2026-06-17 18:54:20,942 [trainer.py] => backbone_type: vit_base_patch16_224_lora
2026-06-17 18:54:20,942 [trainer.py] => device: [device(type='cuda', index=0)]
2026-06-17 18:54:20,942 [trainer.py] => seed: 1993
2026-06-17 18:54:20,942 [trainer.py] => scenario: both
2026-06-17 18:54:20,942 [trainer.py] => lora_rank: 10
2026-06-17 18:54:20,942 [trainer.py] => lora_alpha: None
2026-06-17 18:54:20,942 [trainer.py] => lora_merge: True
2026-06-17 18:54:20,942 [trainer.py] => lora_train_merge: False
2026-06-17 18:54:20,942 [trainer.py] => tuned_epoch: 10
2026-06-17 18:54:20,943 [trainer.py] => init_lr: 0.0003
2026-06-17 18:54:20,943 [trainer.py] => batch_size: 48
2026-06-17 18:54:20,943 [trainer.py] => weight_decay: 0.0005
2026-06-17 18:54:20,943 [trainer.py] => min_lr: 0.0
2026-06-17 18:54:20,943 [trainer.py] => pretrained: True
2026-06-17 18:54:20,943 [trainer.py] => print_forget: True
2026-06-17 18:55:15,218 [trainer.py] => config: ./exps/lora.json
2026-06-17 18:55:15,218 [trainer.py] => prefix: reproduce
2026-06-17 18:55:15,218 [trainer.py] => dataset: cifar224
2026-06-17 18:55:15,218 [trainer.py] => memory_size: 0
2026-06-17 18:55:15,218 [trainer.py] => memory_per_class: 0
2026-06-17 18:55:15,218 [trainer.py] => fixed_memory: False
2026-06-17 18:55:15,218 [trainer.py] => shuffle: True
2026-06-17 18:55:15,218 [trainer.py] => init_cls: 10
2026-06-17 18:55:15,218 [trainer.py] => increment: 10
2026-06-17 18:55:15,218 [trainer.py] => model_name: lora
2026-06-17 18:55:15,218 [trainer.py] => backbone_type: vit_base_patch16_224_lora
2026-06-17 18:55:15,218 [trainer.py] => device: [device(type='cuda', index=0)]
2026-06-17 18:55:15,218 [trainer.py] => seed: 1993
2026-06-17 18:55:15,218 [trainer.py] => scenario: both
2026-06-17 18:55:15,218 [trainer.py] => lora_rank: 10
2026-06-17 18:55:15,218 [trainer.py] => lora_alpha: None
2026-06-17 18:55:15,218 [trainer.py] => lora_merge: True
2026-06-17 18:55:15,219 [trainer.py] => lora_train_merge: False
2026-06-17 18:55:15,219 [trainer.py] => tuned_epoch: 10
2026-06-17 18:55:15,219 [trainer.py] => init_lr: 0.0003
2026-06-17 18:55:15,219 [trainer.py] => batch_size: 48
2026-06-17 18:55:15,219 [trainer.py] => weight_decay: 0.0005
2026-06-17 18:55:15,219 [trainer.py] => min_lr: 0.0
2026-06-17 18:55:15,219 [trainer.py] => pretrained: True
2026-06-17 18:55:15,219 [trainer.py] => print_forget: True
2026-06-17 18:55:16,878 [data_manager.py] => [68, 56, 78, 8, 23, 84, 90, 65, 74, 76, 40, 89, 3, 92, 55, 9, 26, 80, 43, 38, 58, 70, 77, 1, 85, 19, 17, 50, 28, 53, 13, 81, 45, 82, 6, 59, 83, 16, 15, 44, 91, 41, 72, 60, 79, 52, 20, 10, 31, 54, 37, 95, 14, 71, 96, 98, 97, 2, 64, 66, 42, 22, 35, 86, 24, 34, 87, 21, 99, 0, 88, 27, 18, 94, 11, 12, 47, 25, 30, 46, 62, 69, 36, 61, 7, 63, 75, 5, 32, 4, 51, 48, 73, 93, 39, 67, 29, 49, 57, 33]
2026-06-17 18:55:19,041 [hub.py] => Downloading: "https://storage.googleapis.com/vit_models/augreg/B_16-i21k-300ep-lr_0.001-aug_medium1-wd_0.1-do_0.0-sd_0.0--imagenet2012-steps_20k-lr_0.01-res_224.npz" to /home/gmar762/.cache/torch/hub/checkpoints/B_16-i21k-300ep-lr_0.001-aug_medium1-wd_0.1-do_0.0-sd_0.0--imagenet2012-steps_20k-lr_0.01-res_224.npz

2026-06-17 18:55:50,103 [trainer.py] => All params: 89485056
2026-06-17 18:55:50,105 [trainer.py] => Trainable params: 3686400
2026-06-17 18:55:50,735 [lora.py] => Learning on 0-10
2026-06-17 18:55:50,739 [lora.py] => Trainable params this task: 376,330 / 89,492,746
2026-06-17 19:00:44,360 [lora.py] => Task 0 finished. Train_accy 93.80
2026-06-17 19:00:50,957 [til_base.py] => TIL top1: 98.4
2026-06-17 19:00:50,958 [til_base.py] => CIL top1: 98.4 | TIL top1: 98.4
2026-06-17 19:00:50,958 [trainer.py] => No NME accuracy.
2026-06-17 19:00:50,958 [trainer.py] => CNN: {'total': np.float64(98.4), '00-09': np.float64(98.4), 'old': 0, 'new': np.float64(98.4)}
2026-06-17 19:00:50,958 [trainer.py] => CNN top1 curve: [np.float64(98.4)]
2026-06-17 19:00:50,958 [trainer.py] => CNN top5 curve: [np.float64(99.9)]

2026-06-17 19:00:50,958 [trainer.py] => Average Accuracy (CNN): 98.4 

2026-06-17 19:00:50,960 [trainer.py] => All params: 89492746
2026-06-17 19:00:50,961 [trainer.py] => Trainable params: 376330
2026-06-17 19:00:50,962 [lora.py] => Learning on 10-20
2026-06-17 19:00:50,966 [lora.py] => Trainable params this task: 384,020 / 89,500,436
2026-06-17 19:05:45,706 [lora.py] => Task 1 finished. Train_accy 91.82
2026-06-17 19:05:58,717 [til_base.py] => TIL top1: 98.35
2026-06-17 19:05:58,717 [til_base.py] => CIL top1: 91.75 | TIL top1: 98.35
2026-06-17 19:05:58,717 [trainer.py] => No NME accuracy.
2026-06-17 19:05:58,717 [trainer.py] => CNN: {'total': np.float64(91.75), '00-09': np.float64(91.5), '10-19': np.float64(92.0), 'old': np.float64(91.5), 'new': np.float64(92.0)}
2026-06-17 19:05:58,717 [trainer.py] => CNN top1 curve: [np.float64(98.4), np.float64(91.75)]
2026-06-17 19:05:58,717 [trainer.py] => CNN top5 curve: [np.float64(99.9), np.float64(99.45)]

2026-06-17 19:05:58,717 [trainer.py] => Average Accuracy (CNN): 95.075 

2026-06-17 19:05:58,719 [trainer.py] => All params: 89500436
2026-06-17 19:05:58,720 [trainer.py] => Trainable params: 384020
2026-06-17 19:05:58,721 [lora.py] => Learning on 20-30
2026-06-17 19:05:58,726 [lora.py] => Trainable params this task: 391,710 / 89,508,126
2026-06-17 19:10:53,387 [lora.py] => Task 2 finished. Train_accy 95.22
2026-06-17 19:11:12,903 [til_base.py] => TIL top1: 98.73
2026-06-17 19:11:12,903 [til_base.py] => CIL top1: 78.8 | TIL top1: 98.73
2026-06-17 19:11:12,903 [trainer.py] => No NME accuracy.
2026-06-17 19:11:12,903 [trainer.py] => CNN: {'total': np.float64(78.8), '00-09': np.float64(79.6), '10-19': np.float64(74.3), '20-29': np.float64(82.5), 'old': np.float64(76.95), 'new': np.float64(82.5)}
2026-06-17 19:11:12,903 [trainer.py] => CNN top1 curve: [np.float64(98.4), np.float64(91.75), np.float64(78.8)]
2026-06-17 19:11:12,903 [trainer.py] => CNN top5 curve: [np.float64(99.9), np.float64(99.45), np.float64(96.53)]

2026-06-17 19:11:12,904 [trainer.py] => Average Accuracy (CNN): 89.64999999999999 

2026-06-17 19:11:12,905 [trainer.py] => All params: 89508126
2026-06-17 19:11:12,907 [trainer.py] => Trainable params: 391710
2026-06-17 19:11:12,908 [lora.py] => Learning on 30-40
2026-06-17 19:11:12,912 [lora.py] => Trainable params this task: 399,400 / 89,515,816
2026-06-17 19:16:07,842 [lora.py] => Task 3 finished. Train_accy 93.02
2026-06-17 19:16:34,046 [til_base.py] => TIL top1: 98.58
2026-06-17 19:16:34,046 [til_base.py] => CIL top1: 60.78 | TIL top1: 98.58
2026-06-17 19:16:34,046 [trainer.py] => No NME accuracy.
2026-06-17 19:16:34,046 [trainer.py] => CNN: {'total': np.float64(60.78), '00-09': np.float64(59.1), '10-19': np.float64(65.9), '20-29': np.float64(60.2), '30-39': np.float64(57.9), 'old': np.float64(61.73), 'new': np.float64(57.9)}
2026-06-17 19:16:34,046 [trainer.py] => CNN top1 curve: [np.float64(98.4), np.float64(91.75), np.float64(78.8), np.float64(60.78)]
2026-06-17 19:16:34,046 [trainer.py] => CNN top5 curve: [np.float64(99.9), np.float64(99.45), np.float64(96.53), np.float64(89.62)]

2026-06-17 19:16:34,046 [trainer.py] => Average Accuracy (CNN): 82.4325 

2026-06-17 19:16:34,048 [trainer.py] => All params: 89515816
2026-06-17 19:16:34,049 [trainer.py] => Trainable params: 399400
2026-06-17 19:16:34,050 [lora.py] => Learning on 40-50
2026-06-17 19:16:34,054 [lora.py] => Trainable params this task: 407,090 / 89,523,506
2026-06-17 19:21:29,032 [lora.py] => Task 4 finished. Train_accy 94.62
2026-06-17 19:22:02,144 [til_base.py] => TIL top1: 98.72
2026-06-17 19:22:02,145 [til_base.py] => CIL top1: 47.3 | TIL top1: 98.72
2026-06-17 19:22:02,145 [trainer.py] => No NME accuracy.
2026-06-17 19:22:02,145 [trainer.py] => CNN: {'total': np.float64(47.3), '00-09': np.float64(45.5), '10-19': np.float64(48.9), '20-29': np.float64(37.1), '30-39': np.float64(45.7), '40-49': np.float64(59.3), 'old': np.float64(44.3), 'new': np.float64(59.3)}
2026-06-17 19:22:02,145 [trainer.py] => CNN top1 curve: [np.float64(98.4), np.float64(91.75), np.float64(78.8), np.float64(60.78), np.float64(47.3)]
2026-06-17 19:22:02,145 [trainer.py] => CNN top5 curve: [np.float64(99.9), np.float64(99.45), np.float64(96.53), np.float64(89.62), np.float64(78.78)]

2026-06-17 19:22:02,145 [trainer.py] => Average Accuracy (CNN): 75.406 

2026-06-17 19:22:02,148 [trainer.py] => All params: 89523506
2026-06-17 19:22:02,150 [trainer.py] => Trainable params: 407090
2026-06-17 19:22:02,151 [lora.py] => Learning on 50-60
2026-06-17 19:22:02,158 [lora.py] => Trainable params this task: 414,780 / 89,531,196
2026-06-17 19:26:57,232 [lora.py] => Task 5 finished. Train_accy 92.78
2026-06-17 19:27:37,236 [til_base.py] => TIL top1: 98.72
2026-06-17 19:27:37,237 [til_base.py] => CIL top1: 31.28 | TIL top1: 98.72
2026-06-17 19:27:37,237 [trainer.py] => No NME accuracy.
2026-06-17 19:27:37,237 [trainer.py] => CNN: {'total': np.float64(31.28), '00-09': np.float64(41.0), '10-19': np.float64(42.5), '20-29': np.float64(19.7), '30-39': np.float64(24.7), '40-49': np.float64(43.0), '50-59': np.float64(16.8), 'old': np.float64(34.18), 'new': np.float64(16.8)}
2026-06-17 19:27:37,237 [trainer.py] => CNN top1 curve: [np.float64(98.4), np.float64(91.75), np.float64(78.8), np.float64(60.78), np.float64(47.3), np.float64(31.28)]
2026-06-17 19:27:37,237 [trainer.py] => CNN top5 curve: [np.float64(99.9), np.float64(99.45), np.float64(96.53), np.float64(89.62), np.float64(78.78), np.float64(61.87)]

2026-06-17 19:27:37,237 [trainer.py] => Average Accuracy (CNN): 68.05166666666668 

2026-06-17 19:27:37,240 [trainer.py] => All params: 89531196
2026-06-17 19:27:37,242 [trainer.py] => Trainable params: 414780
2026-06-17 19:27:37,243 [lora.py] => Learning on 60-70
2026-06-17 19:27:37,250 [lora.py] => Trainable params this task: 422,470 / 89,538,886
2026-06-17 19:32:32,261 [lora.py] => Task 6 finished. Train_accy 94.82
2026-06-17 19:33:19,490 [til_base.py] => TIL top1: 98.8
2026-06-17 19:33:19,491 [til_base.py] => CIL top1: 20.06 | TIL top1: 98.8
2026-06-17 19:33:19,491 [trainer.py] => No NME accuracy.
2026-06-17 19:33:19,491 [trainer.py] => CNN: {'total': np.float64(20.06), '00-09': np.float64(29.1), '10-19': np.float64(19.8), '20-29': np.float64(15.6), '30-39': np.float64(19.0), '40-49': np.float64(26.7), '50-59': np.float64(15.9), '60-69': np.float64(14.3), 'old': np.float64(21.02), 'new': np.float64(14.3)}
2026-06-17 19:33:19,491 [trainer.py] => CNN top1 curve: [np.float64(98.4), np.float64(91.75), np.float64(78.8), np.float64(60.78), np.float64(47.3), np.float64(31.28), np.float64(20.06)]
2026-06-17 19:33:19,491 [trainer.py] => CNN top5 curve: [np.float64(99.9), np.float64(99.45), np.float64(96.53), np.float64(89.62), np.float64(78.78), np.float64(61.87), np.float64(42.76)]

2026-06-17 19:33:19,491 [trainer.py] => Average Accuracy (CNN): 61.195714285714295 

2026-06-17 19:33:19,493 [trainer.py] => All params: 89538886
2026-06-17 19:33:19,494 [trainer.py] => Trainable params: 422470
2026-06-17 19:33:19,495 [lora.py] => Learning on 70-80
2026-06-17 19:33:19,499 [lora.py] => Trainable params this task: 430,160 / 89,546,576
2026-06-17 19:38:14,385 [lora.py] => Task 7 finished. Train_accy 93.68
2026-06-17 19:39:08,932 [til_base.py] => TIL top1: 98.64
2026-06-17 19:39:08,932 [til_base.py] => CIL top1: 10.79 | TIL top1: 98.64
2026-06-17 19:39:08,932 [trainer.py] => No NME accuracy.
2026-06-17 19:39:08,932 [trainer.py] => CNN: {'total': np.float64(10.79), '00-09': np.float64(18.1), '10-19': np.float64(10.7), '20-29': np.float64(4.2), '30-39': np.float64(10.3), '40-49': np.float64(10.8), '50-59': np.float64(18.9), '60-69': np.float64(12.5), '70-79': np.float64(0.8), 'old': np.float64(12.21), 'new': np.float64(0.8)}
2026-06-17 19:39:08,932 [trainer.py] => CNN top1 curve: [np.float64(98.4), np.float64(91.75), np.float64(78.8), np.float64(60.78), np.float64(47.3), np.float64(31.28), np.float64(20.06), np.float64(10.79)]
2026-06-17 19:39:08,933 [trainer.py] => CNN top5 curve: [np.float64(99.9), np.float64(99.45), np.float64(96.53), np.float64(89.62), np.float64(78.78), np.float64(61.87), np.float64(42.76), np.float64(28.71)]

2026-06-17 19:39:08,933 [trainer.py] => Average Accuracy (CNN): 54.89500000000001 

2026-06-17 19:39:08,934 [trainer.py] => All params: 89546576
2026-06-17 19:39:08,936 [trainer.py] => Trainable params: 430160
2026-06-17 19:39:08,937 [lora.py] => Learning on 80-90
2026-06-17 19:39:08,941 [lora.py] => Trainable params this task: 437,850 / 89,554,266
2026-06-17 19:44:04,720 [lora.py] => Task 8 finished. Train_accy 94.24
2026-06-17 19:45:06,977 [til_base.py] => TIL top1: 98.61
2026-06-17 19:45:06,977 [til_base.py] => CIL top1: 6.08 | TIL top1: 98.61
2026-06-17 19:45:06,977 [trainer.py] => No NME accuracy.
2026-06-17 19:45:06,977 [trainer.py] => CNN: {'total': np.float64(6.08), '00-09': np.float64(10.8), '10-19': np.float64(3.7), '20-29': np.float64(2.2), '30-39': np.float64(4.5), '40-49': np.float64(1.4), '50-59': np.float64(9.4), '60-69': np.float64(1.1), '70-79': np.float64(0.0), '80-89': np.float64(21.6), 'old': np.float64(4.14), 'new': np.float64(21.6)}
2026-06-17 19:45:06,977 [trainer.py] => CNN top1 curve: [np.float64(98.4), np.float64(91.75), np.float64(78.8), np.float64(60.78), np.float64(47.3), np.float64(31.28), np.float64(20.06), np.float64(10.79), np.float64(6.08)]
2026-06-17 19:45:06,977 [trainer.py] => CNN top5 curve: [np.float64(99.9), np.float64(99.45), np.float64(96.53), np.float64(89.62), np.float64(78.78), np.float64(61.87), np.float64(42.76), np.float64(28.71), np.float64(18.59)]

2026-06-17 19:45:06,977 [trainer.py] => Average Accuracy (CNN): 49.47111111111112 

2026-06-17 19:45:06,979 [trainer.py] => All params: 89554266
2026-06-17 19:45:06,980 [trainer.py] => Trainable params: 437850
2026-06-17 19:45:06,981 [lora.py] => Learning on 90-100
2026-06-17 19:45:06,986 [lora.py] => Trainable params this task: 445,540 / 89,561,956
2026-06-17 19:50:03,835 [lora.py] => Task 9 finished. Train_accy 92.28
2026-06-17 19:51:13,788 [til_base.py] => TIL top1: 98.51
2026-06-17 19:51:13,789 [til_base.py] => CIL top1: 4.4 | TIL top1: 98.51
2026-06-17 19:51:13,789 [trainer.py] => No NME accuracy.
2026-06-17 19:51:13,789 [trainer.py] => CNN: {'total': np.float64(4.4), '00-09': np.float64(7.4), '10-19': np.float64(2.8), '20-29': np.float64(0.6), '30-39': np.float64(4.3), '40-49': np.float64(0.5), '50-59': np.float64(9.5), '60-69': np.float64(0.8), '70-79': np.float64(0.0), '80-89': np.float64(16.0), '90-99': np.float64(2.1), 'old': np.float64(4.66), 'new': np.float64(2.1)}
2026-06-17 19:51:13,789 [trainer.py] => CNN top1 curve: [np.float64(98.4), np.float64(91.75), np.float64(78.8), np.float64(60.78), np.float64(47.3), np.float64(31.28), np.float64(20.06), np.float64(10.79), np.float64(6.08), np.float64(4.4)]
2026-06-17 19:51:13,789 [trainer.py] => CNN top5 curve: [np.float64(99.9), np.float64(99.45), np.float64(96.53), np.float64(89.62), np.float64(78.78), np.float64(61.87), np.float64(42.76), np.float64(28.71), np.float64(18.59), np.float64(14.22)]

2026-06-17 19:51:13,789 [trainer.py] => Average Accuracy (CNN): 44.964000000000006 

2026-06-17 19:51:13,790 [trainer.py] => Forgetting (CNN): 44.86666666666667
2026-06-17 19:51:13,790 [trainer.py] => Forgetting (NME): 44.86666666666667
