2026-07-20 22:29:29,494 [trainer.py] => config: exps/review/scale1_lr4x_check/sketchlora_cifar224_eps005.json
2026-07-20 22:29:29,495 [trainer.py] => prefix: scale1_lr4x_check_sketchlora_cifar224_eps005
2026-07-20 22:29:29,495 [trainer.py] => dataset: cifar224
2026-07-20 22:29:29,495 [trainer.py] => memory_size: 0
2026-07-20 22:29:29,495 [trainer.py] => memory_per_class: 0
2026-07-20 22:29:29,495 [trainer.py] => fixed_memory: False
2026-07-20 22:29:29,495 [trainer.py] => shuffle: True
2026-07-20 22:29:29,495 [trainer.py] => init_cls: 10
2026-07-20 22:29:29,495 [trainer.py] => increment: 10
2026-07-20 22:29:29,495 [trainer.py] => model_name: sketchlora
2026-07-20 22:29:29,495 [trainer.py] => backbone_type: vit_base_patch16_224_lora
2026-07-20 22:29:29,495 [trainer.py] => device: [device(type='cuda', index=0)]
2026-07-20 22:29:29,495 [trainer.py] => seed: 1993
2026-07-20 22:29:29,495 [trainer.py] => scenario: both
2026-07-20 22:29:29,495 [trainer.py] => lora_rank: 10
2026-07-20 22:29:29,495 [trainer.py] => lora_alpha: None
2026-07-20 22:29:29,495 [trainer.py] => lora_merge: True
2026-07-20 22:29:29,495 [trainer.py] => lora_train_merge: True
2026-07-20 22:29:29,495 [trainer.py] => svd_rank: 10
2026-07-20 22:29:29,495 [trainer.py] => svd_oversampling: 10
2026-07-20 22:29:29,495 [trainer.py] => svd_energy_target: 0.05
2026-07-20 22:29:29,495 [trainer.py] => lora_n_slots: 2
2026-07-20 22:29:29,495 [trainer.py] => tuned_epoch: 10
2026-07-20 22:29:29,495 [trainer.py] => init_lr: 0.002
2026-07-20 22:29:29,496 [trainer.py] => batch_size: 48
2026-07-20 22:29:29,496 [trainer.py] => weight_decay: 0.0005
2026-07-20 22:29:29,496 [trainer.py] => min_lr: 0.0
2026-07-20 22:29:29,496 [trainer.py] => pretrained: True
2026-07-20 22:29:29,496 [trainer.py] => print_forget: True
2026-07-20 22:29:29,496 [trainer.py] => stop_after_tasks: 5
2026-07-20 22:29:29,496 [trainer.py] => final_metrics: True
2026-07-20 22:29:31,133 [data_manager.py] => [68, 56, 78, 8, 23, 84, 90, 65, 74, 76, 40, 89, 3, 92, 55, 9, 26, 80, 43, 38, 58, 70, 77, 1, 85, 19, 17, 50, 28, 53, 13, 81, 45, 82, 6, 59, 83, 16, 15, 44, 91, 41, 72, 60, 79, 52, 20, 10, 31, 54, 37, 95, 14, 71, 96, 98, 97, 2, 64, 66, 42, 22, 35, 86, 24, 34, 87, 21, 99, 0, 88, 27, 18, 94, 11, 12, 47, 25, 30, 46, 62, 69, 36, 61, 7, 63, 75, 5, 32, 4, 51, 48, 73, 93, 39, 67, 29, 49, 57, 33]
2026-07-20 22:29:33,703 [trainer.py] => stop_after_tasks=5 (of 10 total)
2026-07-20 22:29:34,196 [trainer.py] => All params: 86535936
2026-07-20 22:29:34,197 [trainer.py] => Trainable params: 737280
2026-07-20 22:29:34,197 [lora.py] => Learning on 0-10
2026-07-20 22:29:34,199 [lora.py] => Trainable params this task: 376,330 / 86,543,626
2026-07-20 23:27:22,441 [trainer.py] => config: exps/review/scale1_lr4x_check/sketchlora_cifar224_eps005.json
2026-07-20 23:27:22,441 [trainer.py] => prefix: scale1_lr4x_check_sketchlora_cifar224_eps005
2026-07-20 23:27:22,441 [trainer.py] => dataset: cifar224
2026-07-20 23:27:22,441 [trainer.py] => memory_size: 0
2026-07-20 23:27:22,441 [trainer.py] => memory_per_class: 0
2026-07-20 23:27:22,441 [trainer.py] => fixed_memory: False
2026-07-20 23:27:22,441 [trainer.py] => shuffle: True
2026-07-20 23:27:22,441 [trainer.py] => init_cls: 10
2026-07-20 23:27:22,441 [trainer.py] => increment: 10
2026-07-20 23:27:22,441 [trainer.py] => model_name: sketchlora
2026-07-20 23:27:22,441 [trainer.py] => backbone_type: vit_base_patch16_224_lora
2026-07-20 23:27:22,441 [trainer.py] => device: [device(type='cuda', index=0)]
2026-07-20 23:27:22,441 [trainer.py] => seed: 1993
2026-07-20 23:27:22,441 [trainer.py] => scenario: both
2026-07-20 23:27:22,442 [trainer.py] => lora_rank: 10
2026-07-20 23:27:22,442 [trainer.py] => lora_alpha: None
2026-07-20 23:27:22,442 [trainer.py] => lora_merge: True
2026-07-20 23:27:22,442 [trainer.py] => lora_train_merge: True
2026-07-20 23:27:22,442 [trainer.py] => svd_rank: 10
2026-07-20 23:27:22,442 [trainer.py] => svd_oversampling: 10
2026-07-20 23:27:22,442 [trainer.py] => svd_energy_target: 0.05
2026-07-20 23:27:22,442 [trainer.py] => lora_n_slots: 2
2026-07-20 23:27:22,442 [trainer.py] => tuned_epoch: 10
2026-07-20 23:27:22,442 [trainer.py] => init_lr: 0.002
2026-07-20 23:27:22,442 [trainer.py] => batch_size: 48
2026-07-20 23:27:22,442 [trainer.py] => weight_decay: 0.0005
2026-07-20 23:27:22,442 [trainer.py] => min_lr: 0.0
2026-07-20 23:27:22,442 [trainer.py] => pretrained: True
2026-07-20 23:27:22,442 [trainer.py] => print_forget: True
2026-07-20 23:27:22,442 [trainer.py] => stop_after_tasks: 5
2026-07-20 23:27:22,442 [trainer.py] => final_metrics: True
2026-07-20 23:27:24,144 [data_manager.py] => [68, 56, 78, 8, 23, 84, 90, 65, 74, 76, 40, 89, 3, 92, 55, 9, 26, 80, 43, 38, 58, 70, 77, 1, 85, 19, 17, 50, 28, 53, 13, 81, 45, 82, 6, 59, 83, 16, 15, 44, 91, 41, 72, 60, 79, 52, 20, 10, 31, 54, 37, 95, 14, 71, 96, 98, 97, 2, 64, 66, 42, 22, 35, 86, 24, 34, 87, 21, 99, 0, 88, 27, 18, 94, 11, 12, 47, 25, 30, 46, 62, 69, 36, 61, 7, 63, 75, 5, 32, 4, 51, 48, 73, 93, 39, 67, 29, 49, 57, 33]
2026-07-20 23:27:26,815 [trainer.py] => stop_after_tasks=5 (of 10 total)
2026-07-20 23:27:27,318 [trainer.py] => All params: 86535936
2026-07-20 23:27:27,319 [trainer.py] => Trainable params: 737280
2026-07-20 23:27:27,320 [lora.py] => Learning on 0-10
2026-07-20 23:27:27,322 [lora.py] => Trainable params this task: 376,330 / 86,543,626
2026-07-20 23:32:46,756 [lora.py] => Task 0 finished. Train_accy 94.94
2026-07-20 23:32:46,789 [sketchlora.py] => [SketchDiag] task 0: retained-energy mean=1.000 min=1.000 | ||ΔW||_F mean=3.818 | r_hat mean=10.0 total=240
2026-07-20 23:32:54,251 [til_base.py] => TIL top1: 99.1
2026-07-20 23:32:54,251 [til_base.py] => CIL top1: 99.1 | TIL top1: 99.1
2026-07-20 23:32:54,253 [trainer.py] => No NME accuracy.
2026-07-20 23:32:54,253 [trainer.py] => CNN: {'total': 99.1, '00-09': 99.1, 'old': 0, 'new': 99.1}
2026-07-20 23:32:54,253 [trainer.py] => CNN top1 curve: [99.1]
2026-07-20 23:32:54,253 [trainer.py] => CNN top5 curve: [99.9]

2026-07-20 23:32:54,253 [trainer.py] => Average Accuracy (CNN): 99.1 

2026-07-20 23:32:54,254 [trainer.py] => All params: 86543626
2026-07-20 23:32:54,255 [trainer.py] => Trainable params: 376330
2026-07-20 23:32:54,256 [lora.py] => Learning on 10-20
2026-07-20 23:32:54,258 [lora.py] => Trainable params this task: 384,020 / 86,551,316
2026-07-20 23:38:14,194 [lora.py] => Task 1 finished. Train_accy 93.72
2026-07-20 23:38:17,041 [sketchlora.py] => [SketchDiag] task 1: retained-energy mean=0.958 min=0.947 | ||ΔW||_F mean=5.820 | r_hat mean=10.5 total=252
2026-07-20 23:38:31,232 [til_base.py] => TIL top1: 98.05
2026-07-20 23:38:31,232 [til_base.py] => CIL top1: 95.4 | TIL top1: 98.05
2026-07-20 23:38:31,235 [trainer.py] => No NME accuracy.
2026-07-20 23:38:31,236 [trainer.py] => CNN: {'total': 95.4, '00-09': 93.3, '10-19': 97.5, 'old': 93.3, 'new': 97.5}
2026-07-20 23:38:31,236 [trainer.py] => CNN top1 curve: [99.1, 95.4]
2026-07-20 23:38:31,236 [trainer.py] => CNN top5 curve: [99.9, 99.65]

2026-07-20 23:38:31,236 [trainer.py] => Average Accuracy (CNN): 97.25 

2026-07-20 23:38:31,237 [trainer.py] => All params: 86569748
2026-07-20 23:38:31,239 [trainer.py] => Trainable params: 384020
2026-07-20 23:38:31,240 [lora.py] => Learning on 20-30
2026-07-20 23:38:31,245 [lora.py] => Trainable params this task: 391,710 / 86,577,438
2026-07-20 23:43:51,227 [lora.py] => Task 2 finished. Train_accy 95.88
2026-07-20 23:43:54,041 [sketchlora.py] => [SketchDiag] task 2: retained-energy mean=0.958 min=0.951 | ||ΔW||_F mean=7.225 | r_hat mean=13.9 total=333
2026-07-20 23:44:15,120 [til_base.py] => TIL top1: 98.37
2026-07-20 23:44:15,121 [til_base.py] => CIL top1: 91.0 | TIL top1: 98.37
2026-07-20 23:44:15,124 [trainer.py] => No NME accuracy.
2026-07-20 23:44:15,124 [trainer.py] => CNN: {'total': 91.0, '00-09': 82.3, '10-19': 92.6, '20-29': 98.1, 'old': 87.45, 'new': 98.1}
2026-07-20 23:44:15,124 [trainer.py] => CNN top1 curve: [99.1, 95.4, 91.0]
2026-07-20 23:44:15,125 [trainer.py] => CNN top5 curve: [99.9, 99.65, 99.37]

2026-07-20 23:44:15,125 [trainer.py] => Average Accuracy (CNN): 95.16666666666667 

2026-07-20 23:44:15,126 [trainer.py] => All params: 86701854
2026-07-20 23:44:15,127 [trainer.py] => Trainable params: 391710
2026-07-20 23:44:15,129 [lora.py] => Learning on 30-40
2026-07-20 23:44:15,134 [lora.py] => Trainable params this task: 399,400 / 86,709,544
2026-07-20 23:49:34,286 [lora.py] => Task 3 finished. Train_accy 94.88
2026-07-20 23:49:37,154 [sketchlora.py] => [SketchDiag] task 3: retained-energy mean=0.958 min=0.950 | ||ΔW||_F mean=8.243 | r_hat mean=16.2 total=389
2026-07-20 23:50:04,999 [til_base.py] => TIL top1: 97.8
2026-07-20 23:50:04,999 [til_base.py] => CIL top1: 86.25 | TIL top1: 97.8
2026-07-20 23:50:05,001 [trainer.py] => No NME accuracy.
2026-07-20 23:50:05,001 [trainer.py] => CNN: {'total': 86.25, '00-09': 71.7, '10-19': 85.1, '20-29': 92.3, '30-39': 95.9, 'old': 83.03, 'new': 95.9}
2026-07-20 23:50:05,001 [trainer.py] => CNN top1 curve: [99.1, 95.4, 91.0, 86.25]
2026-07-20 23:50:05,001 [trainer.py] => CNN top5 curve: [99.9, 99.65, 99.37, 98.78]

2026-07-20 23:50:05,001 [trainer.py] => Average Accuracy (CNN): 92.9375 

2026-07-20 23:50:05,002 [trainer.py] => All params: 86795560
2026-07-20 23:50:05,003 [trainer.py] => Trainable params: 399400
2026-07-20 23:50:05,004 [lora.py] => Learning on 40-50
2026-07-20 23:50:05,006 [lora.py] => Trainable params this task: 407,090 / 86,803,250
2026-07-20 23:55:23,306 [lora.py] => Task 4 finished. Train_accy 95.98
2026-07-20 23:55:26,224 [sketchlora.py] => [SketchDiag] task 4: retained-energy mean=0.959 min=0.951 | ||ΔW||_F mean=9.265 | r_hat mean=18.7 total=448
2026-07-20 23:56:00,766 [til_base.py] => TIL top1: 97.34
2026-07-20 23:56:00,766 [til_base.py] => CIL top1: 81.6 | TIL top1: 97.34
2026-07-20 23:56:00,769 [trainer.py] => No NME accuracy.
2026-07-20 23:56:00,769 [trainer.py] => CNN: {'total': 81.6, '00-09': 59.5, '10-19': 75.9, '20-29': 89.4, '30-39': 90.0, '40-49': 93.2, 'old': 78.7, 'new': 93.2}
2026-07-20 23:56:00,769 [trainer.py] => CNN top1 curve: [99.1, 95.4, 91.0, 86.25, 81.6]
2026-07-20 23:56:00,769 [trainer.py] => CNN top5 curve: [99.9, 99.65, 99.37, 98.78, 98.1]

2026-07-20 23:56:00,769 [trainer.py] => Average Accuracy (CNN): 90.67 

2026-07-20 23:56:03,631 [metrics_logger.py] => [metrics] wrote run_logs/final/sketchlora/metrics_sketchlora_cifar224_scale1_lr4x_check_sketchlora_cifar224_eps005_s1993.json
2026-07-20 23:56:03,632 [trainer.py] => Forgetting (CNN): 18.949999999999996
2026-07-20 23:56:03,632 [trainer.py] => Forgetting (NME): 18.949999999999996
2026-07-20 23:56:03,632 [trainer.py] => Forgetting (TIL): 1.5250000000000057
