2026-07-21 00:59:52,043 [trainer.py] => config: exps/review/scale1_lr1e3_check/sketchlora_cifar224_eps001.json
2026-07-21 00:59:52,044 [trainer.py] => prefix: scale1_lr1e3_check_sketchlora_cifar224_eps001
2026-07-21 00:59:52,044 [trainer.py] => dataset: cifar224
2026-07-21 00:59:52,044 [trainer.py] => memory_size: 0
2026-07-21 00:59:52,044 [trainer.py] => memory_per_class: 0
2026-07-21 00:59:52,044 [trainer.py] => fixed_memory: False
2026-07-21 00:59:52,044 [trainer.py] => shuffle: True
2026-07-21 00:59:52,044 [trainer.py] => init_cls: 10
2026-07-21 00:59:52,044 [trainer.py] => increment: 10
2026-07-21 00:59:52,044 [trainer.py] => model_name: sketchlora
2026-07-21 00:59:52,044 [trainer.py] => backbone_type: vit_base_patch16_224_lora
2026-07-21 00:59:52,044 [trainer.py] => device: [device(type='cuda', index=0)]
2026-07-21 00:59:52,044 [trainer.py] => seed: 1993
2026-07-21 00:59:52,044 [trainer.py] => scenario: both
2026-07-21 00:59:52,044 [trainer.py] => lora_rank: 10
2026-07-21 00:59:52,044 [trainer.py] => lora_alpha: None
2026-07-21 00:59:52,044 [trainer.py] => lora_merge: True
2026-07-21 00:59:52,044 [trainer.py] => lora_train_merge: True
2026-07-21 00:59:52,044 [trainer.py] => svd_rank: 10
2026-07-21 00:59:52,044 [trainer.py] => svd_oversampling: 10
2026-07-21 00:59:52,044 [trainer.py] => svd_energy_target: 0.01
2026-07-21 00:59:52,044 [trainer.py] => lora_n_slots: 2
2026-07-21 00:59:52,044 [trainer.py] => tuned_epoch: 10
2026-07-21 00:59:52,044 [trainer.py] => init_lr: 0.001
2026-07-21 00:59:52,045 [trainer.py] => batch_size: 48
2026-07-21 00:59:52,045 [trainer.py] => weight_decay: 0.0005
2026-07-21 00:59:52,045 [trainer.py] => min_lr: 0.0
2026-07-21 00:59:52,045 [trainer.py] => pretrained: True
2026-07-21 00:59:52,045 [trainer.py] => print_forget: True
2026-07-21 00:59:52,045 [trainer.py] => stop_after_tasks: 5
2026-07-21 00:59:52,045 [trainer.py] => final_metrics: True
2026-07-21 00:59:53,711 [data_manager.py] => [68, 56, 78, 8, 23, 84, 90, 65, 74, 76, 40, 89, 3, 92, 55, 9, 26, 80, 43, 38, 58, 70, 77, 1, 85, 19, 17, 50, 28, 53, 13, 81, 45, 82, 6, 59, 83, 16, 15, 44, 91, 41, 72, 60, 79, 52, 20, 10, 31, 54, 37, 95, 14, 71, 96, 98, 97, 2, 64, 66, 42, 22, 35, 86, 24, 34, 87, 21, 99, 0, 88, 27, 18, 94, 11, 12, 47, 25, 30, 46, 62, 69, 36, 61, 7, 63, 75, 5, 32, 4, 51, 48, 73, 93, 39, 67, 29, 49, 57, 33]
2026-07-21 00:59:56,271 [trainer.py] => stop_after_tasks=5 (of 10 total)
2026-07-21 00:59:56,863 [trainer.py] => All params: 86535936
2026-07-21 00:59:56,863 [trainer.py] => Trainable params: 737280
2026-07-21 00:59:56,864 [lora.py] => Learning on 0-10
2026-07-21 00:59:56,866 [lora.py] => Trainable params this task: 376,330 / 86,543,626
2026-07-21 01:05:07,983 [lora.py] => Task 0 finished. Train_accy 94.68
2026-07-21 01:05:08,015 [sketchlora.py] => [SketchDiag] task 0: retained-energy mean=1.000 min=1.000 | ||ΔW||_F mean=1.730 | r_hat mean=10.0 total=240
2026-07-21 01:05:15,447 [til_base.py] => TIL top1: 99.2
2026-07-21 01:05:15,447 [til_base.py] => CIL top1: 99.2 | TIL top1: 99.2
2026-07-21 01:05:15,449 [trainer.py] => No NME accuracy.
2026-07-21 01:05:15,449 [trainer.py] => CNN: {'total': 99.2, '00-09': 99.2, 'old': 0, 'new': 99.2}
2026-07-21 01:05:15,449 [trainer.py] => CNN top1 curve: [99.2]
2026-07-21 01:05:15,449 [trainer.py] => CNN top5 curve: [99.9]

2026-07-21 01:05:15,449 [trainer.py] => Average Accuracy (CNN): 99.2 

2026-07-21 01:05:15,450 [trainer.py] => All params: 86543626
2026-07-21 01:05:15,450 [trainer.py] => Trainable params: 376330
2026-07-21 01:05:15,451 [lora.py] => Learning on 10-20
2026-07-21 01:05:15,453 [lora.py] => Trainable params this task: 384,020 / 86,551,316
2026-07-21 01:10:26,570 [lora.py] => Task 1 finished. Train_accy 93.42
2026-07-21 01:10:29,518 [sketchlora.py] => [SketchDiag] task 1: retained-energy mean=0.992 min=0.990 | ||ΔW||_F mean=2.517 | r_hat mean=15.0 total=361
2026-07-21 01:10:43,606 [til_base.py] => TIL top1: 98.5
2026-07-21 01:10:43,606 [til_base.py] => CIL top1: 95.5 | TIL top1: 98.5
2026-07-21 01:10:43,608 [trainer.py] => No NME accuracy.
2026-07-21 01:10:43,608 [trainer.py] => CNN: {'total': 95.5, '00-09': 92.8, '10-19': 98.2, 'old': 92.8, 'new': 98.2}
2026-07-21 01:10:43,608 [trainer.py] => CNN top1 curve: [99.2, 95.5]
2026-07-21 01:10:43,608 [trainer.py] => CNN top5 curve: [99.9, 99.7]

2026-07-21 01:10:43,608 [trainer.py] => Average Accuracy (CNN): 97.35 

2026-07-21 01:10:43,609 [trainer.py] => All params: 86737172
2026-07-21 01:10:43,609 [trainer.py] => Trainable params: 384020
2026-07-21 01:10:43,610 [lora.py] => Learning on 20-30
2026-07-21 01:10:43,612 [lora.py] => Trainable params this task: 391,710 / 86,744,862
2026-07-21 01:15:55,240 [lora.py] => Task 2 finished. Train_accy 95.76
2026-07-21 01:15:58,080 [sketchlora.py] => [SketchDiag] task 2: retained-energy mean=0.992 min=0.990 | ||ΔW||_F mean=2.964 | r_hat mean=20.5 total=492
2026-07-21 01:16:18,867 [til_base.py] => TIL top1: 98.57
2026-07-21 01:16:18,867 [til_base.py] => CIL top1: 92.0 | TIL top1: 98.57
2026-07-21 01:16:18,869 [trainer.py] => No NME accuracy.
2026-07-21 01:16:18,869 [trainer.py] => CNN: {'total': 92.0, '00-09': 85.4, '10-19': 92.4, '20-29': 98.2, 'old': 88.9, 'new': 98.2}
2026-07-21 01:16:18,869 [trainer.py] => CNN top1 curve: [99.2, 95.5, 92.0]
2026-07-21 01:16:18,869 [trainer.py] => CNN top5 curve: [99.9, 99.7, 99.4]

2026-07-21 01:16:18,869 [trainer.py] => Average Accuracy (CNN): 95.56666666666666 

2026-07-21 01:16:18,870 [trainer.py] => All params: 86946078
2026-07-21 01:16:18,871 [trainer.py] => Trainable params: 391710
2026-07-21 01:16:18,872 [lora.py] => Learning on 30-40
2026-07-21 01:16:18,874 [lora.py] => Trainable params this task: 399,400 / 86,953,768
2026-07-21 01:21:32,482 [lora.py] => Task 3 finished. Train_accy 94.96
2026-07-21 01:21:35,430 [sketchlora.py] => [SketchDiag] task 3: retained-energy mean=0.992 min=0.990 | ||ΔW||_F mean=3.495 | r_hat mean=25.7 total=617
2026-07-21 01:22:03,077 [til_base.py] => TIL top1: 98.0
2026-07-21 01:22:03,077 [til_base.py] => CIL top1: 89.12 | TIL top1: 98.0
2026-07-21 01:22:03,081 [trainer.py] => No NME accuracy.
2026-07-21 01:22:03,081 [trainer.py] => CNN: {'total': 89.12, '00-09': 75.1, '10-19': 89.5, '20-29': 96.8, '30-39': 95.1, 'old': 87.13, 'new': 95.1}
2026-07-21 01:22:03,081 [trainer.py] => CNN top1 curve: [99.2, 95.5, 92.0, 89.12]
2026-07-21 01:22:03,081 [trainer.py] => CNN top5 curve: [99.9, 99.7, 99.4, 98.92]

2026-07-21 01:22:03,081 [trainer.py] => Average Accuracy (CNN): 93.955 

2026-07-21 01:22:03,083 [trainer.py] => All params: 87145768
2026-07-21 01:22:03,084 [trainer.py] => Trainable params: 399400
2026-07-21 01:22:03,086 [lora.py] => Learning on 40-50
2026-07-21 01:22:03,091 [lora.py] => Trainable params this task: 407,090 / 87,153,458
2026-07-21 01:27:17,978 [lora.py] => Task 4 finished. Train_accy 95.90
2026-07-21 01:27:21,036 [sketchlora.py] => [SketchDiag] task 4: retained-energy mean=0.991 min=0.990 | ||ΔW||_F mean=3.906 | r_hat mean=30.2 total=724
2026-07-21 01:27:55,736 [til_base.py] => TIL top1: 98.38
2026-07-21 01:27:55,736 [til_base.py] => CIL top1: 84.9 | TIL top1: 98.38
2026-07-21 01:27:55,738 [trainer.py] => No NME accuracy.
2026-07-21 01:27:55,738 [trainer.py] => CNN: {'total': 84.9, '00-09': 66.6, '10-19': 78.6, '20-29': 93.7, '30-39': 90.2, '40-49': 95.4, 'old': 82.28, 'new': 95.4}
2026-07-21 01:27:55,738 [trainer.py] => CNN top1 curve: [99.2, 95.5, 92.0, 89.12, 84.9]
2026-07-21 01:27:55,739 [trainer.py] => CNN top5 curve: [99.9, 99.7, 99.4, 98.92, 99.02]

2026-07-21 01:27:55,739 [trainer.py] => Average Accuracy (CNN): 92.144 

2026-07-21 01:27:58,624 [metrics_logger.py] => [metrics] wrote run_logs/final/sketchlora/metrics_sketchlora_cifar224_scale1_lr1e3_check_sketchlora_cifar224_eps001_s1993.json
2026-07-21 01:27:58,625 [trainer.py] => Forgetting (CNN): 15.400000000000002
2026-07-21 01:27:58,625 [trainer.py] => Forgetting (NME): 15.400000000000002
2026-07-21 01:27:58,625 [trainer.py] => Forgetting (TIL): 0.8250000000000028
