2026-07-20 21:20:54,575 [trainer.py] => config: exps/review/seqlora_sketchlora_check/sketchlora_cifar224_eps001.json
2026-07-20 21:20:54,575 [trainer.py] => prefix: sketchlora_eps_check_cifar224_eps001
2026-07-20 21:20:54,575 [trainer.py] => dataset: cifar224
2026-07-20 21:20:54,575 [trainer.py] => memory_size: 0
2026-07-20 21:20:54,575 [trainer.py] => memory_per_class: 0
2026-07-20 21:20:54,575 [trainer.py] => fixed_memory: False
2026-07-20 21:20:54,575 [trainer.py] => shuffle: True
2026-07-20 21:20:54,575 [trainer.py] => init_cls: 10
2026-07-20 21:20:54,575 [trainer.py] => increment: 10
2026-07-20 21:20:54,575 [trainer.py] => model_name: sketchlora
2026-07-20 21:20:54,575 [trainer.py] => backbone_type: vit_base_patch16_224_lora
2026-07-20 21:20:54,575 [trainer.py] => device: [device(type='cuda', index=0)]
2026-07-20 21:20:54,575 [trainer.py] => seed: 1993
2026-07-20 21:20:54,575 [trainer.py] => scenario: both
2026-07-20 21:20:54,575 [trainer.py] => lora_rank: 10
2026-07-20 21:20:54,575 [trainer.py] => lora_alpha: None
2026-07-20 21:20:54,576 [trainer.py] => lora_merge: True
2026-07-20 21:20:54,576 [trainer.py] => lora_train_merge: True
2026-07-20 21:20:54,576 [trainer.py] => svd_rank: 10
2026-07-20 21:20:54,576 [trainer.py] => svd_oversampling: 10
2026-07-20 21:20:54,576 [trainer.py] => svd_energy_target: 0.01
2026-07-20 21:20:54,576 [trainer.py] => lora_n_slots: 2
2026-07-20 21:20:54,576 [trainer.py] => tuned_epoch: 10
2026-07-20 21:20:54,576 [trainer.py] => init_lr: 0.0005
2026-07-20 21:20:54,576 [trainer.py] => batch_size: 48
2026-07-20 21:20:54,576 [trainer.py] => weight_decay: 0.0005
2026-07-20 21:20:54,576 [trainer.py] => min_lr: 0.0
2026-07-20 21:20:54,576 [trainer.py] => pretrained: True
2026-07-20 21:20:54,576 [trainer.py] => print_forget: True
2026-07-20 21:20:54,576 [trainer.py] => stop_after_tasks: 5
2026-07-20 21:20:54,576 [trainer.py] => final_metrics: True
2026-07-20 21:20:56,236 [data_manager.py] => [68, 56, 78, 8, 23, 84, 90, 65, 74, 76, 40, 89, 3, 92, 55, 9, 26, 80, 43, 38, 58, 70, 77, 1, 85, 19, 17, 50, 28, 53, 13, 81, 45, 82, 6, 59, 83, 16, 15, 44, 91, 41, 72, 60, 79, 52, 20, 10, 31, 54, 37, 95, 14, 71, 96, 98, 97, 2, 64, 66, 42, 22, 35, 86, 24, 34, 87, 21, 99, 0, 88, 27, 18, 94, 11, 12, 47, 25, 30, 46, 62, 69, 36, 61, 7, 63, 75, 5, 32, 4, 51, 48, 73, 93, 39, 67, 29, 49, 57, 33]
2026-07-20 21:20:58,780 [trainer.py] => stop_after_tasks=5 (of 10 total)
2026-07-20 21:20:59,282 [trainer.py] => All params: 86535936
2026-07-20 21:20:59,282 [trainer.py] => Trainable params: 737280
2026-07-20 21:20:59,283 [lora.py] => Learning on 0-10
2026-07-20 21:20:59,285 [lora.py] => Trainable params this task: 376,330 / 86,543,626
2026-07-20 21:26:10,537 [lora.py] => Task 0 finished. Train_accy 94.10
2026-07-20 21:26:10,569 [sketchlora.py] => [SketchDiag] task 0: retained-energy mean=1.000 min=1.000 | ||ΔW||_F mean=0.928 | r_hat mean=10.0 total=240
2026-07-20 21:26:17,890 [til_base.py] => TIL top1: 98.7
2026-07-20 21:26:17,890 [til_base.py] => CIL top1: 98.7 | TIL top1: 98.7
2026-07-20 21:26:17,891 [trainer.py] => No NME accuracy.
2026-07-20 21:26:17,891 [trainer.py] => CNN: {'total': 98.7, '00-09': 98.7, 'old': 0, 'new': 98.7}
2026-07-20 21:26:17,892 [trainer.py] => CNN top1 curve: [98.7]
2026-07-20 21:26:17,892 [trainer.py] => CNN top5 curve: [99.9]

2026-07-20 21:26:17,892 [trainer.py] => Average Accuracy (CNN): 98.7 

2026-07-20 21:26:17,892 [trainer.py] => All params: 86543626
2026-07-20 21:26:17,893 [trainer.py] => Trainable params: 376330
2026-07-20 21:26:17,894 [lora.py] => Learning on 10-20
2026-07-20 21:26:17,896 [lora.py] => Trainable params this task: 384,020 / 86,551,316
2026-07-20 21:31:30,536 [lora.py] => Task 1 finished. Train_accy 92.62
2026-07-20 21:31:33,497 [sketchlora.py] => [SketchDiag] task 1: retained-energy mean=0.992 min=0.989 | ||ΔW||_F mean=1.311 | r_hat mean=14.4 total=346
2026-07-20 21:31:47,298 [til_base.py] => TIL top1: 98.5
2026-07-20 21:31:47,298 [til_base.py] => CIL top1: 94.4 | TIL top1: 98.5
2026-07-20 21:31:47,300 [trainer.py] => No NME accuracy.
2026-07-20 21:31:47,300 [trainer.py] => CNN: {'total': 94.4, '00-09': 90.2, '10-19': 98.6, 'old': 90.2, 'new': 98.6}
2026-07-20 21:31:47,300 [trainer.py] => CNN top1 curve: [98.7, 94.4]
2026-07-20 21:31:47,300 [trainer.py] => CNN top5 curve: [99.9, 99.45]

2026-07-20 21:31:47,300 [trainer.py] => Average Accuracy (CNN): 96.55000000000001 

2026-07-20 21:31:47,300 [trainer.py] => All params: 86714132
2026-07-20 21:31:47,301 [trainer.py] => Trainable params: 384020
2026-07-20 21:31:47,302 [lora.py] => Learning on 20-30
2026-07-20 21:31:47,304 [lora.py] => Trainable params this task: 391,710 / 86,721,822
2026-07-20 21:36:59,396 [lora.py] => Task 2 finished. Train_accy 95.60
2026-07-20 21:37:02,228 [sketchlora.py] => [SketchDiag] task 2: retained-energy mean=0.992 min=0.990 | ||ΔW||_F mean=1.557 | r_hat mean=19.3 total=464
2026-07-20 21:37:22,842 [til_base.py] => TIL top1: 98.33
2026-07-20 21:37:22,842 [til_base.py] => CIL top1: 89.13 | TIL top1: 98.33
2026-07-20 21:37:22,844 [trainer.py] => No NME accuracy.
2026-07-20 21:37:22,844 [trainer.py] => CNN: {'total': 89.13, '00-09': 79.0, '10-19': 89.7, '20-29': 98.7, 'old': 84.35, 'new': 98.7}
2026-07-20 21:37:22,844 [trainer.py] => CNN top1 curve: [98.7, 94.4, 89.13]
2026-07-20 21:37:22,844 [trainer.py] => CNN top5 curve: [99.9, 99.45, 99.23]

2026-07-20 21:37:22,844 [trainer.py] => Average Accuracy (CNN): 94.07666666666667 

2026-07-20 21:37:22,845 [trainer.py] => All params: 86903070
2026-07-20 21:37:22,845 [trainer.py] => Trainable params: 391710
2026-07-20 21:37:22,846 [lora.py] => Learning on 30-40
2026-07-20 21:37:22,849 [lora.py] => Trainable params this task: 399,400 / 86,910,760
2026-07-20 21:42:36,255 [lora.py] => Task 3 finished. Train_accy 94.30
2026-07-20 21:42:39,239 [sketchlora.py] => [SketchDiag] task 3: retained-energy mean=0.992 min=0.990 | ||ΔW||_F mean=1.796 | r_hat mean=24.1 total=579
2026-07-20 21:43:06,579 [til_base.py] => TIL top1: 97.8
2026-07-20 21:43:06,579 [til_base.py] => CIL top1: 86.32 | TIL top1: 97.8
2026-07-20 21:43:06,581 [trainer.py] => No NME accuracy.
2026-07-20 21:43:06,581 [trainer.py] => CNN: {'total': 86.32, '00-09': 70.2, '10-19': 86.9, '20-29': 95.8, '30-39': 92.4, 'old': 84.3, 'new': 92.4}
2026-07-20 21:43:06,581 [trainer.py] => CNN top1 curve: [98.7, 94.4, 89.13, 86.32]
2026-07-20 21:43:06,581 [trainer.py] => CNN top5 curve: [99.9, 99.45, 99.23, 98.82]

2026-07-20 21:43:06,581 [trainer.py] => Average Accuracy (CNN): 92.1375 

2026-07-20 21:43:06,582 [trainer.py] => All params: 87087400
2026-07-20 21:43:06,583 [trainer.py] => Trainable params: 399400
2026-07-20 21:43:06,583 [lora.py] => Learning on 40-50
2026-07-20 21:43:06,586 [lora.py] => Trainable params this task: 407,090 / 87,095,090
2026-07-20 21:48:20,757 [lora.py] => Task 4 finished. Train_accy 95.78
2026-07-20 21:48:23,803 [sketchlora.py] => [SketchDiag] task 4: retained-energy mean=0.992 min=0.990 | ||ΔW||_F mean=1.986 | r_hat mean=28.6 total=686
2026-07-20 21:48:58,053 [til_base.py] => TIL top1: 97.64
2026-07-20 21:48:58,053 [til_base.py] => CIL top1: 81.74 | TIL top1: 97.64
2026-07-20 21:48:58,055 [trainer.py] => No NME accuracy.
2026-07-20 21:48:58,055 [trainer.py] => CNN: {'total': 81.74, '00-09': 61.3, '10-19': 76.4, '20-29': 92.5, '30-39': 84.1, '40-49': 94.4, 'old': 78.58, 'new': 94.4}
2026-07-20 21:48:58,055 [trainer.py] => CNN top1 curve: [98.7, 94.4, 89.13, 86.32, 81.74]
2026-07-20 21:48:58,055 [trainer.py] => CNN top5 curve: [99.9, 99.45, 99.23, 98.82, 98.48]

2026-07-20 21:48:58,055 [trainer.py] => Average Accuracy (CNN): 90.058 

2026-07-20 21:49:00,827 [metrics_logger.py] => [metrics] wrote run_logs/final/sketchlora/metrics_sketchlora_cifar224_sketchlora_eps_check_cifar224_eps001_s1993.json
2026-07-20 21:49:00,828 [trainer.py] => Forgetting (CNN): 18.525000000000002
2026-07-20 21:49:00,828 [trainer.py] => Forgetting (NME): 18.525000000000002
2026-07-20 21:49:00,828 [trainer.py] => Forgetting (TIL): 1.5500000000000007
